Time: 2026-05-18 19:06:47
Log Dir: logs/2026-05-18_19-06-47/FedTED_dir
================================================================================

==============================        Args        ==============================
  exp_timestamp: None
  exp_conf: ./configs/het-iid-exp.yaml
  device: cuda:1
  seed: 15698
  algorithm: FedTED_dir
  num_new_clients: 1
  num_train_mnist: 10
  num_train_emnist: 10
  num_train_fashionmnist: 0
  num_train_cifar10: 10
  num_train_cifar100: 0
  num_train_usps: 0
================================================================================
==============================    Exp Configs     ==============================
exp_name: model-heterogeneity
heterogeneous: true
dirichlet_alpha: 100
global_rounds: 30
local_epochs: 1
local_loss_fn: CrossEntropyLoss
local_optim: Adam
local_lr: 0.001
batch_size: 64
sample_frac: 1.0
test_interval: 1
metric_type: accuracy
global_feature_dim: 256
optim: Adam
optim_lr: 0.001
global_gen_epochs: 10
gen_noise_dim: 128
gen_optim: Adam
gen_optim_lr: 0.001
global_feat_gen_epochs: 10
feat_gen_noise_dim: 128
feat_gen_optim: Adam
feat_gen_optim_lr: 0.001
feat_gen_div_beta: 1.0
public_data_ratio: 0.05
start_mapping_epoch: 1
gen_observer_weight: 1.0
index_matching: class_name
aggregate_method: dataset_name
use_new_entropy_method: false
entropy_ratio: 0.85
global_model_epochs: 5
global_model_optim: Adam
global_model_optim_lr: 0.0001
global_samples_per_class: 64

================================================================================

==================================================
Start 30 rounds training by FedTED_dir
Selected client ids: [0, 1, 2, 3, 4, 5, 6, 7, 8, 9, 10, 11, 12, 13, 14, 15, 16, 17, 18, 19, 20, 21, 22, 23, 24, 25, 26, 27, 28, 29]
--- Round 1 ---
Round 1 | Client 0 | Model: (MLP) | Acc: 88.22%
Round 1 | Client 1 | Model: (CNN) | Acc: 81.06%
Round 1 | Client 2 | Model: (ResNet8) | Acc: 91.28%
Round 1 | Client 3 | Model: (ResNet18) | Acc: 92.53%
Round 1 | Client 4 | Model: (MobileNetV2) | Acc: 71.09%
Round 1 | Client 5 | Model: (MobileNetV3) | Acc: 51.51%
Round 1 | Client 6 | Model: (LeNet) | Acc: 84.68%
Round 1 | Client 7 | Model: (AlexNet) | Acc: 92.63%
Round 1 | Client 8 | Model: (ShuffleNet) | Acc: 62.92%
Round 1 | Client 9 | Model: (SqueezeNet) | Acc: 65.57%
Round 1 | Client 11 | Model: (MLP) | Acc: 75.87%
Round 1 | Client 12 | Model: (CNN) | Acc: 73.87%
Round 1 | Client 13 | Model: (ResNet8) | Acc: 82.71%
Round 1 | Client 14 | Model: (ResNet18) | Acc: 83.72%
Round 1 | Client 15 | Model: (MobileNetV2) | Acc: 73.05%
Round 1 | Client 16 | Model: (MobileNetV3) | Acc: 49.17%
Round 1 | Client 17 | Model: (LeNet) | Acc: 75.01%
Round 1 | Client 18 | Model: (AlexNet) | Acc: 81.94%
Round 1 | Client 19 | Model: (ShuffleNet) | Acc: 73.35%
Round 1 | Client 20 | Model: (SqueezeNet) | Acc: 70.00%
Round 1 | Client 22 | Model: (MLP) | Acc: 39.45%
Round 1 | Client 23 | Model: (CNN) | Acc: 36.59%
Round 1 | Client 24 | Model: (ResNet8) | Acc: 39.40%
Round 1 | Client 25 | Model: (ResNet18) | Acc: 35.63%
Round 1 | Client 26 | Model: (MobileNetV2) | Acc: 17.94%
Round 1 | Client 27 | Model: (MobileNetV3) | Acc: 33.15%
Round 1 | Client 28 | Model: (LeNet) | Acc: 27.83%
Round 1 | Client 29 | Model: (AlexNet) | Acc: 26.59%
Round 1 | Client 30 | Model: (ShuffleNet) | Acc: 20.50%
Round 1 | Client 31 | Model: (SqueezeNet) | Acc: 22.02%
[Server] Aggregating by Dataset Name ...
[Server] Performing Name-Based Label Mapping...
[Server] Name-based mapping completed. Found 72 unique global classes.

=========================================================================================================
Global ID  | Class Name           | Mapped Datasets (Local ID)
---------------------------------------------------------------------------------------------------------
0          | 0                    | MNIST(0), EMNIST(0)
1          | 1                    | MNIST(1), EMNIST(1)
2          | 2                    | MNIST(2), EMNIST(2)
3          | 3                    | MNIST(3), EMNIST(3)
4          | 4                    | MNIST(4), EMNIST(4)
5          | 5                    | MNIST(5), EMNIST(5)
6          | 6                    | MNIST(6), EMNIST(6)
7          | 7                    | MNIST(7), EMNIST(7)
8          | 8                    | MNIST(8), EMNIST(8)
9          | 9                    | MNIST(9), EMNIST(9)
10         | A                    | EMNIST(10)
11         | B                    | EMNIST(11)
12         | C                    | EMNIST(12)
13         | D                    | EMNIST(13)
14         | E                    | EMNIST(14)
15         | F                    | EMNIST(15)
16         | G                    | EMNIST(16)
17         | H                    | EMNIST(17)
18         | I                    | EMNIST(18)
19         | J                    | EMNIST(19)
20         | K                    | EMNIST(20)
21         | L                    | EMNIST(21)
22         | M                    | EMNIST(22)
23         | N                    | EMNIST(23)
24         | O                    | EMNIST(24)
25         | P                    | EMNIST(25)
26         | Q                    | EMNIST(26)
27         | R                    | EMNIST(27)
28         | S                    | EMNIST(28)
29         | T                    | EMNIST(29)
30         | U                    | EMNIST(30)
31         | V                    | EMNIST(31)
32         | W                    | EMNIST(32)
33         | X                    | EMNIST(33)
34         | Y                    | EMNIST(34)
35         | Z                    | EMNIST(35)
36         | a                    | EMNIST(36)
37         | airplane             | CIFAR10(0)
38         | automobile           | CIFAR10(1)
39         | b                    | EMNIST(37)
40         | bird                 | CIFAR10(2)
41         | c                    | EMNIST(38)
42         | cat                  | CIFAR10(3)
43         | d                    | EMNIST(39)
44         | deer                 | CIFAR10(4)
45         | dog                  | CIFAR10(5)
46         | e                    | EMNIST(40)
47         | f                    | EMNIST(41)
48         | frog                 | CIFAR10(6)
49         | g                    | EMNIST(42)
50         | h                    | EMNIST(43)
51         | horse                | CIFAR10(7)
52         | i                    | EMNIST(44)
53         | j                    | EMNIST(45)
54         | k                    | EMNIST(46)
55         | l                    | EMNIST(47)
56         | m                    | EMNIST(48)
57         | n                    | EMNIST(49)
58         | o                    | EMNIST(50)
59         | p                    | EMNIST(51)
60         | q                    | EMNIST(52)
61         | r                    | EMNIST(53)
62         | s                    | EMNIST(54)
63         | ship                 | CIFAR10(8)
64         | t                    | EMNIST(55)
65         | truck                | CIFAR10(9)
66         | u                    | EMNIST(56)
67         | v                    | EMNIST(57)
68         | w                    | EMNIST(58)
69         | x                    | EMNIST(59)
70         | y                    | EMNIST(60)
71         | z                    | EMNIST(61)
=========================================================================================================

[Server] Training Feature-Based Global Generator...
Initializing Global Inference Model with 72 classes...
[Server] Global Inference Model Acc (MNIST) (Round 1): 96.47% (Tested on 9095 samples)
[Server] Global Inference Model Acc (EMNIST) (Round 1): 76.88% (Tested on 105779 samples)
[Server] Global Inference Model Acc (CIFAR10) (Round 1): 25.89% (Tested on 9100 samples)
[Server] Global Inference Model Acc (Mix) (Round 1): 74.57% (Tested on 123974 samples)
Selected client ids: [0, 1, 2, 3, 4, 5, 6, 7, 8, 9, 10, 11, 12, 13, 14, 15, 16, 17, 18, 19, 20, 21, 22, 23, 24, 25, 26, 27, 28, 29]
--- Round 2 ---
Round 2 | Client 0 | Model: (MLP) | Acc: 87.13%
Round 2 | Client 1 | Model: (CNN) | Acc: 91.58%
Round 2 | Client 2 | Model: (ResNet8) | Acc: 92.98%
Round 2 | Client 3 | Model: (ResNet18) | Acc: 66.29%
Round 2 | Client 4 | Model: (MobileNetV2) | Acc: 51.18%
Round 2 | Client 5 | Model: (MobileNetV3) | Acc: 60.76%
Round 2 | Client 6 | Model: (LeNet) | Acc: 90.92%
Round 2 | Client 7 | Model: (AlexNet) | Acc: 81.89%
Round 2 | Client 8 | Model: (ShuffleNet) | Acc: 15.59%
Round 2 | Client 9 | Model: (SqueezeNet) | Acc: 54.54%
Round 2 | Client 11 | Model: (MLP) | Acc: 78.99%
Round 2 | Client 12 | Model: (CNN) | Acc: 80.32%
Round 2 | Client 13 | Model: (ResNet8) | Acc: 83.69%
Round 2 | Client 14 | Model: (ResNet18) | Acc: 84.90%
Round 2 | Client 15 | Model: (MobileNetV2) | Acc: 80.03%
Round 2 | Client 16 | Model: (MobileNetV3) | Acc: 64.63%
Round 2 | Client 17 | Model: (LeNet) | Acc: 82.08%
Round 2 | Client 18 | Model: (AlexNet) | Acc: 83.87%
Round 2 | Client 19 | Model: (ShuffleNet) | Acc: 78.26%
Round 2 | Client 20 | Model: (SqueezeNet) | Acc: 69.96%
Round 2 | Client 22 | Model: (MLP) | Acc: 36.33%
Round 2 | Client 23 | Model: (CNN) | Acc: 42.42%
Round 2 | Client 24 | Model: (ResNet8) | Acc: 29.87%
Round 2 | Client 25 | Model: (ResNet18) | Acc: 11.10%
Round 2 | Client 26 | Model: (MobileNetV2) | Acc: 17.31%
Round 2 | Client 27 | Model: (MobileNetV3) | Acc: 34.55%
Round 2 | Client 28 | Model: (LeNet) | Acc: 31.68%
Round 2 | Client 29 | Model: (AlexNet) | Acc: 27.68%
Round 2 | Client 30 | Model: (ShuffleNet) | Acc: 11.40%
Round 2 | Client 31 | Model: (SqueezeNet) | Acc: 19.66%
[Server] Aggregating by Dataset Name ...
[Server] Training Feature-Based Global Generator...
[Server] Global Inference Model Acc (MNIST) (Round 2): 97.30% (Tested on 9095 samples)
[Server] Global Inference Model Acc (EMNIST) (Round 2): 79.08% (Tested on 105779 samples)
[Server] Global Inference Model Acc (CIFAR10) (Round 2): 35.52% (Tested on 9100 samples)
[Server] Global Inference Model Acc (Mix) (Round 2): 77.22% (Tested on 123974 samples)
Selected client ids: [0, 1, 2, 3, 4, 5, 6, 7, 8, 9, 10, 11, 12, 13, 14, 15, 16, 17, 18, 19, 20, 21, 22, 23, 24, 25, 26, 27, 28, 29]
--- Round 3 ---
Round 3 | Client 0 | Model: (MLP) | Acc: 85.61%
Round 3 | Client 1 | Model: (CNN) | Acc: 94.02%
Round 3 | Client 2 | Model: (ResNet8) | Acc: 90.71%
Round 3 | Client 3 | Model: (ResNet18) | Acc: 87.67%
Round 3 | Client 4 | Model: (MobileNetV2) | Acc: 16.06%
Round 3 | Client 5 | Model: (MobileNetV3) | Acc: 67.78%
Round 3 | Client 6 | Model: (LeNet) | Acc: 94.09%
Round 3 | Client 7 | Model: (AlexNet) | Acc: 94.21%
Round 3 | Client 8 | Model: (ShuffleNet) | Acc: 21.27%
Round 3 | Client 9 | Model: (SqueezeNet) | Acc: 52.90%
Round 3 | Client 11 | Model: (MLP) | Acc: 77.71%
Round 3 | Client 12 | Model: (CNN) | Acc: 82.38%
Round 3 | Client 13 | Model: (ResNet8) | Acc: 84.48%
Round 3 | Client 14 | Model: (ResNet18) | Acc: 6.49%
Round 3 | Client 15 | Model: (MobileNetV2) | Acc: 17.31%
Round 3 | Client 16 | Model: (MobileNetV3) | Acc: 68.52%
Round 3 | Client 17 | Model: (LeNet) | Acc: 80.48%
Round 3 | Client 18 | Model: (AlexNet) | Acc: 82.81%
Round 3 | Client 19 | Model: (ShuffleNet) | Acc: 73.81%
Round 3 | Client 20 | Model: (SqueezeNet) | Acc: 62.70%
Round 3 | Client 22 | Model: (MLP) | Acc: 35.73%
Round 3 | Client 23 | Model: (CNN) | Acc: 42.97%
Round 3 | Client 24 | Model: (ResNet8) | Acc: 29.76%
Round 3 | Client 25 | Model: (ResNet18) | Acc: 10.88%
Round 3 | Client 26 | Model: (MobileNetV2) | Acc: 16.37%
Round 3 | Client 27 | Model: (MobileNetV3) | Acc: 35.94%
Round 3 | Client 28 | Model: (LeNet) | Acc: 31.79%
Round 3 | Client 29 | Model: (AlexNet) | Acc: 35.68%
Round 3 | Client 30 | Model: (ShuffleNet) | Acc: 11.18%
Round 3 | Client 31 | Model: (SqueezeNet) | Acc: 18.76%
[Server] Aggregating by Dataset Name ...
[Server] Training Feature-Based Global Generator...
[Server] Global Inference Model Acc (MNIST) (Round 3): 97.79% (Tested on 9095 samples)
[Server] Global Inference Model Acc (EMNIST) (Round 3): 77.92% (Tested on 105779 samples)
[Server] Global Inference Model Acc (CIFAR10) (Round 3): 44.23% (Tested on 9100 samples)
[Server] Global Inference Model Acc (Mix) (Round 3): 76.90% (Tested on 123974 samples)
Selected client ids: [0, 1, 2, 3, 4, 5, 6, 7, 8, 9, 10, 11, 12, 13, 14, 15, 16, 17, 18, 19, 20, 21, 22, 23, 24, 25, 26, 27, 28, 29]
--- Round 4 ---
Round 4 | Client 0 | Model: (MLP) | Acc: 90.51%
Round 4 | Client 1 | Model: (CNN) | Acc: 94.35%
Round 4 | Client 2 | Model: (ResNet8) | Acc: 92.41%
Round 4 | Client 3 | Model: (ResNet18) | Acc: 90.50%
Round 4 | Client 4 | Model: (MobileNetV2) | Acc: 11.67%
Round 4 | Client 5 | Model: (MobileNetV3) | Acc: 72.35%
Round 4 | Client 6 | Model: (LeNet) | Acc: 95.73%
Round 4 | Client 7 | Model: (AlexNet) | Acc: 96.21%
Round 4 | Client 8 | Model: (ShuffleNet) | Acc: 12.14%
Round 4 | Client 9 | Model: (SqueezeNet) | Acc: 46.01%
Round 4 | Client 11 | Model: (MLP) | Acc: 79.51%
Round 4 | Client 12 | Model: (CNN) | Acc: 82.69%
Round 4 | Client 13 | Model: (ResNet8) | Acc: 84.78%
Round 4 | Client 14 | Model: (ResNet18) | Acc: 6.49%
Round 4 | Client 15 | Model: (MobileNetV2) | Acc: 5.82%
Round 4 | Client 16 | Model: (MobileNetV3) | Acc: 71.37%
Round 4 | Client 17 | Model: (LeNet) | Acc: 82.50%
Round 4 | Client 18 | Model: (AlexNet) | Acc: 81.23%
Round 4 | Client 19 | Model: (ShuffleNet) | Acc: 75.48%
Round 4 | Client 20 | Model: (SqueezeNet) | Acc: 5.84%
Round 4 | Client 22 | Model: (MLP) | Acc: 36.57%
Round 4 | Client 23 | Model: (CNN) | Acc: 46.37%
Round 4 | Client 24 | Model: (ResNet8) | Acc: 28.37%
Round 4 | Client 25 | Model: (ResNet18) | Acc: 10.88%
Round 4 | Client 26 | Model: (MobileNetV2) | Acc: 11.23%
Round 4 | Client 27 | Model: (MobileNetV3) | Acc: 37.55%
Round 4 | Client 28 | Model: (LeNet) | Acc: 35.75%
Round 4 | Client 29 | Model: (AlexNet) | Acc: 36.54%
Round 4 | Client 30 | Model: (ShuffleNet) | Acc: 11.18%
Round 4 | Client 31 | Model: (SqueezeNet) | Acc: 19.66%
[Server] Aggregating by Dataset Name ...
[Server] Training Feature-Based Global Generator...
[Server] Global Inference Model Acc (MNIST) (Round 4): 98.21% (Tested on 9095 samples)
[Server] Global Inference Model Acc (EMNIST) (Round 4): 78.74% (Tested on 105779 samples)
[Server] Global Inference Model Acc (CIFAR10) (Round 4): 48.37% (Tested on 9100 samples)
[Server] Global Inference Model Acc (Mix) (Round 4): 77.94% (Tested on 123974 samples)
Selected client ids: [0, 1, 2, 3, 4, 5, 6, 7, 8, 9, 10, 11, 12, 13, 14, 15, 16, 17, 18, 19, 20, 21, 22, 23, 24, 25, 26, 27, 28, 29]
--- Round 5 ---
Round 5 | Client 0 | Model: (MLP) | Acc: 91.28%
Round 5 | Client 1 | Model: (CNN) | Acc: 95.57%
Round 5 | Client 2 | Model: (ResNet8) | Acc: 92.75%
Round 5 | Client 3 | Model: (ResNet18) | Acc: 85.29%
Round 5 | Client 4 | Model: (MobileNetV2) | Acc: 23.45%
Round 5 | Client 5 | Model: (MobileNetV3) | Acc: 77.93%
Round 5 | Client 6 | Model: (LeNet) | Acc: 96.17%
Round 5 | Client 7 | Model: (AlexNet) | Acc: 96.95%
Round 5 | Client 8 | Model: (ShuffleNet) | Acc: 20.82%
Round 5 | Client 9 | Model: (SqueezeNet) | Acc: 46.78%
Round 5 | Client 11 | Model: (MLP) | Acc: 79.29%
Round 5 | Client 12 | Model: (CNN) | Acc: 83.44%
Round 5 | Client 13 | Model: (ResNet8) | Acc: 84.81%
Round 5 | Client 14 | Model: (ResNet18) | Acc: 6.49%
Round 5 | Client 15 | Model: (MobileNetV2) | Acc: 5.82%
Round 5 | Client 16 | Model: (MobileNetV3) | Acc: 71.89%
Round 5 | Client 17 | Model: (LeNet) | Acc: 83.52%
Round 5 | Client 18 | Model: (AlexNet) | Acc: 80.84%
Round 5 | Client 19 | Model: (ShuffleNet) | Acc: 78.39%
Round 5 | Client 20 | Model: (SqueezeNet) | Acc: 5.84%
Round 5 | Client 22 | Model: (MLP) | Acc: 39.33%
Round 5 | Client 23 | Model: (CNN) | Acc: 51.98%
Round 5 | Client 24 | Model: (ResNet8) | Acc: 28.37%
Round 5 | Client 25 | Model: (ResNet18) | Acc: 10.88%
Round 5 | Client 26 | Model: (MobileNetV2) | Acc: 11.23%
Round 5 | Client 27 | Model: (MobileNetV3) | Acc: 39.59%
Round 5 | Client 28 | Model: (LeNet) | Acc: 38.17%
Round 5 | Client 29 | Model: (AlexNet) | Acc: 38.81%
Round 5 | Client 30 | Model: (ShuffleNet) | Acc: 18.53%
Round 5 | Client 31 | Model: (SqueezeNet) | Acc: 16.18%
[Server] Aggregating by Dataset Name ...
[Server] Training Feature-Based Global Generator...
[Server] Global Inference Model Acc (MNIST) (Round 5): 97.22% (Tested on 9095 samples)
[Server] Global Inference Model Acc (EMNIST) (Round 5): 77.01% (Tested on 105779 samples)
[Server] Global Inference Model Acc (CIFAR10) (Round 5): 48.41% (Tested on 9100 samples)
[Server] Global Inference Model Acc (Mix) (Round 5): 76.39% (Tested on 123974 samples)
Selected client ids: [0, 1, 2, 3, 4, 5, 6, 7, 8, 9, 10, 11, 12, 13, 14, 15, 16, 17, 18, 19, 20, 21, 22, 23, 24, 25, 26, 27, 28, 29]
--- Round 6 ---
Round 6 | Client 0 | Model: (MLP) | Acc: 92.58%
Round 6 | Client 1 | Model: (CNN) | Acc: 96.46%
Round 6 | Client 2 | Model: (ResNet8) | Acc: 94.00%
Round 6 | Client 3 | Model: (ResNet18) | Acc: 85.75%
Round 6 | Client 4 | Model: (MobileNetV2) | Acc: 54.28%
Round 6 | Client 5 | Model: (MobileNetV3) | Acc: 81.27%
Round 6 | Client 6 | Model: (LeNet) | Acc: 96.94%
Round 6 | Client 7 | Model: (AlexNet) | Acc: 97.79%
Round 6 | Client 8 | Model: (ShuffleNet) | Acc: 28.17%
Round 6 | Client 9 | Model: (SqueezeNet) | Acc: 44.37%
Round 6 | Client 11 | Model: (MLP) | Acc: 80.25%
Round 6 | Client 12 | Model: (CNN) | Acc: 84.10%
Round 6 | Client 13 | Model: (ResNet8) | Acc: 84.69%
Round 6 | Client 14 | Model: (ResNet18) | Acc: 6.49%
Round 6 | Client 15 | Model: (MobileNetV2) | Acc: 5.82%
Round 6 | Client 16 | Model: (MobileNetV3) | Acc: 74.22%
Round 6 | Client 17 | Model: (LeNet) | Acc: 83.68%
Round 6 | Client 18 | Model: (AlexNet) | Acc: 83.41%
Round 6 | Client 19 | Model: (ShuffleNet) | Acc: 79.87%
Round 6 | Client 20 | Model: (SqueezeNet) | Acc: 5.84%
Round 6 | Client 22 | Model: (MLP) | Acc: 38.97%
Round 6 | Client 23 | Model: (CNN) | Acc: 53.74%
Round 6 | Client 24 | Model: (ResNet8) | Acc: 28.59%
Round 6 | Client 25 | Model: (ResNet18) | Acc: 10.88%
Round 6 | Client 26 | Model: (MobileNetV2) | Acc: 11.86%
Round 6 | Client 27 | Model: (MobileNetV3) | Acc: 38.95%
Round 6 | Client 28 | Model: (LeNet) | Acc: 42.35%
Round 6 | Client 29 | Model: (AlexNet) | Acc: 38.27%
Round 6 | Client 30 | Model: (ShuffleNet) | Acc: 11.51%
Round 6 | Client 31 | Model: (SqueezeNet) | Acc: 17.87%
[Server] Aggregating by Dataset Name ...
[Server] Training Feature-Based Global Generator...
[Server] Global Inference Model Acc (MNIST) (Round 6): 98.21% (Tested on 9095 samples)
[Server] Global Inference Model Acc (EMNIST) (Round 6): 76.70% (Tested on 105779 samples)
[Server] Global Inference Model Acc (CIFAR10) (Round 6): 50.91% (Tested on 9100 samples)
[Server] Global Inference Model Acc (Mix) (Round 6): 76.39% (Tested on 123974 samples)
Selected client ids: [0, 1, 2, 3, 4, 5, 6, 7, 8, 9, 10, 11, 12, 13, 14, 15, 16, 17, 18, 19, 20, 21, 22, 23, 24, 25, 26, 27, 28, 29]
--- Round 7 ---
Round 7 | Client 0 | Model: (MLP) | Acc: 94.33%
Round 7 | Client 1 | Model: (CNN) | Acc: 96.68%
Round 7 | Client 2 | Model: (ResNet8) | Acc: 94.56%
Round 7 | Client 3 | Model: (ResNet18) | Acc: 91.86%
Round 7 | Client 4 | Model: (MobileNetV2) | Acc: 45.07%
Round 7 | Client 5 | Model: (MobileNetV3) | Acc: 83.84%
Round 7 | Client 6 | Model: (LeNet) | Acc: 97.37%
Round 7 | Client 7 | Model: (AlexNet) | Acc: 98.42%
Round 7 | Client 8 | Model: (ShuffleNet) | Acc: 19.49%
Round 7 | Client 9 | Model: (SqueezeNet) | Acc: 16.28%
Round 7 | Client 11 | Model: (MLP) | Acc: 80.48%
Round 7 | Client 12 | Model: (CNN) | Acc: 84.82%
Round 7 | Client 13 | Model: (ResNet8) | Acc: 85.50%
Round 7 | Client 14 | Model: (ResNet18) | Acc: 6.49%
Round 7 | Client 15 | Model: (MobileNetV2) | Acc: 5.82%
Round 7 | Client 16 | Model: (MobileNetV3) | Acc: 75.73%
Round 7 | Client 17 | Model: (LeNet) | Acc: 84.79%
Round 7 | Client 18 | Model: (AlexNet) | Acc: 83.24%
Round 7 | Client 19 | Model: (ShuffleNet) | Acc: 80.01%
Round 7 | Client 20 | Model: (SqueezeNet) | Acc: 5.84%
Round 7 | Client 22 | Model: (MLP) | Acc: 38.49%
Round 7 | Client 23 | Model: (CNN) | Acc: 55.82%
Round 7 | Client 24 | Model: (ResNet8) | Acc: 32.01%
Round 7 | Client 25 | Model: (ResNet18) | Acc: 11.21%
Round 7 | Client 26 | Model: (MobileNetV2) | Acc: 11.86%
Round 7 | Client 27 | Model: (MobileNetV3) | Acc: 39.48%
Round 7 | Client 28 | Model: (LeNet) | Acc: 45.32%
Round 7 | Client 29 | Model: (AlexNet) | Acc: 40.32%
Round 7 | Client 30 | Model: (ShuffleNet) | Acc: 11.51%
Round 7 | Client 31 | Model: (SqueezeNet) | Acc: 17.53%
[Server] Aggregating by Dataset Name ...
[Server] Training Feature-Based Global Generator...
[Server] Global Inference Model Acc (MNIST) (Round 7): 98.72% (Tested on 9095 samples)
[Server] Global Inference Model Acc (EMNIST) (Round 7): 81.66% (Tested on 105779 samples)
[Server] Global Inference Model Acc (CIFAR10) (Round 7): 55.46% (Tested on 9100 samples)
[Server] Global Inference Model Acc (Mix) (Round 7): 80.98% (Tested on 123974 samples)
Selected client ids: [0, 1, 2, 3, 4, 5, 6, 7, 8, 9, 10, 11, 12, 13, 14, 15, 16, 17, 18, 19, 20, 21, 22, 23, 24, 25, 26, 27, 28, 29]
--- Round 8 ---
Round 8 | Client 0 | Model: (MLP) | Acc: 92.91%
Round 8 | Client 1 | Model: (CNN) | Acc: 96.90%
Round 8 | Client 2 | Model: (ResNet8) | Acc: 95.70%
Round 8 | Client 3 | Model: (ResNet18) | Acc: 93.78%
Round 8 | Client 4 | Model: (MobileNetV2) | Acc: 36.72%
Round 8 | Client 5 | Model: (MobileNetV3) | Acc: 85.51%
Round 8 | Client 6 | Model: (LeNet) | Acc: 97.48%
Round 8 | Client 7 | Model: (AlexNet) | Acc: 98.63%
Round 8 | Client 8 | Model: (ShuffleNet) | Acc: 10.36%
Round 8 | Client 9 | Model: (SqueezeNet) | Acc: 35.19%
Round 8 | Client 11 | Model: (MLP) | Acc: 80.24%
Round 8 | Client 12 | Model: (CNN) | Acc: 84.68%
Round 8 | Client 13 | Model: (ResNet8) | Acc: 85.79%
Round 8 | Client 14 | Model: (ResNet18) | Acc: 6.49%
Round 8 | Client 15 | Model: (MobileNetV2) | Acc: 5.82%
Round 8 | Client 16 | Model: (MobileNetV3) | Acc: 76.60%
Round 8 | Client 17 | Model: (LeNet) | Acc: 84.22%
Round 8 | Client 18 | Model: (AlexNet) | Acc: 84.87%
Round 8 | Client 19 | Model: (ShuffleNet) | Acc: 78.91%
Round 8 | Client 20 | Model: (SqueezeNet) | Acc: 5.84%
Round 8 | Client 22 | Model: (MLP) | Acc: 40.89%
Round 8 | Client 23 | Model: (CNN) | Acc: 55.16%
Round 8 | Client 24 | Model: (ResNet8) | Acc: 33.30%
Round 8 | Client 25 | Model: (ResNet18) | Acc: 11.21%
Round 8 | Client 26 | Model: (MobileNetV2) | Acc: 11.86%
Round 8 | Client 27 | Model: (MobileNetV3) | Acc: 42.06%
Round 8 | Client 28 | Model: (LeNet) | Acc: 46.53%
Round 8 | Client 29 | Model: (AlexNet) | Acc: 43.14%
Round 8 | Client 30 | Model: (ShuffleNet) | Acc: 11.51%
Round 8 | Client 31 | Model: (SqueezeNet) | Acc: 17.42%
[Server] Aggregating by Dataset Name ...
[Server] Training Feature-Based Global Generator...
[Server] Global Inference Model Acc (MNIST) (Round 8): 98.24% (Tested on 9095 samples)
[Server] Global Inference Model Acc (EMNIST) (Round 8): 77.60% (Tested on 105779 samples)
[Server] Global Inference Model Acc (CIFAR10) (Round 8): 57.99% (Tested on 9100 samples)
[Server] Global Inference Model Acc (Mix) (Round 8): 77.68% (Tested on 123974 samples)
Selected client ids: [0, 1, 2, 3, 4, 5, 6, 7, 8, 9, 10, 11, 12, 13, 14, 15, 16, 17, 18, 19, 20, 21, 22, 23, 24, 25, 26, 27, 28, 29]
--- Round 9 ---
Round 9 | Client 0 | Model: (MLP) | Acc: 93.57%
Round 9 | Client 1 | Model: (CNN) | Acc: 96.90%
Round 9 | Client 2 | Model: (ResNet8) | Acc: 95.92%
Round 9 | Client 3 | Model: (ResNet18) | Acc: 93.78%
Round 9 | Client 4 | Model: (MobileNetV2) | Acc: 50.64%
Round 9 | Client 5 | Model: (MobileNetV3) | Acc: 87.51%
Round 9 | Client 6 | Model: (LeNet) | Acc: 98.36%
Round 9 | Client 7 | Model: (AlexNet) | Acc: 98.53%
Round 9 | Client 8 | Model: (ShuffleNet) | Acc: 10.36%
Round 9 | Client 9 | Model: (SqueezeNet) | Acc: 19.78%
Round 9 | Client 11 | Model: (MLP) | Acc: 80.42%
Round 9 | Client 12 | Model: (CNN) | Acc: 84.12%
Round 9 | Client 13 | Model: (ResNet8) | Acc: 86.16%
Round 9 | Client 14 | Model: (ResNet18) | Acc: 6.49%
Round 9 | Client 15 | Model: (MobileNetV2) | Acc: 5.82%
Round 9 | Client 16 | Model: (MobileNetV3) | Acc: 77.13%
Round 9 | Client 17 | Model: (LeNet) | Acc: 84.26%
Round 9 | Client 18 | Model: (AlexNet) | Acc: 83.65%
Round 9 | Client 19 | Model: (ShuffleNet) | Acc: 80.59%
Round 9 | Client 20 | Model: (SqueezeNet) | Acc: 5.79%
Round 9 | Client 22 | Model: (MLP) | Acc: 39.33%
Round 9 | Client 23 | Model: (CNN) | Acc: 57.69%
Round 9 | Client 24 | Model: (ResNet8) | Acc: 34.58%
Round 9 | Client 25 | Model: (ResNet18) | Acc: 11.21%
Round 9 | Client 26 | Model: (MobileNetV2) | Acc: 11.86%
Round 9 | Client 27 | Model: (MobileNetV3) | Acc: 43.24%
Round 9 | Client 28 | Model: (LeNet) | Acc: 50.28%
Round 9 | Client 29 | Model: (AlexNet) | Acc: 42.81%
Round 9 | Client 30 | Model: (ShuffleNet) | Acc: 11.51%
Round 9 | Client 31 | Model: (SqueezeNet) | Acc: 11.24%
[Server] Aggregating by Dataset Name ...
[Server] Training Feature-Based Global Generator...
[Server] Global Inference Model Acc (MNIST) (Round 9): 98.83% (Tested on 9095 samples)
[Server] Global Inference Model Acc (EMNIST) (Round 9): 77.88% (Tested on 105779 samples)
[Server] Global Inference Model Acc (CIFAR10) (Round 9): 58.76% (Tested on 9100 samples)
[Server] Global Inference Model Acc (Mix) (Round 9): 78.01% (Tested on 123974 samples)
Selected client ids: [0, 1, 2, 3, 4, 5, 6, 7, 8, 9, 10, 11, 12, 13, 14, 15, 16, 17, 18, 19, 20, 21, 22, 23, 24, 25, 26, 27, 28, 29]
--- Round 10 ---
Round 10 | Client 0 | Model: (MLP) | Acc: 94.00%
Round 10 | Client 1 | Model: (CNN) | Acc: 97.01%
Round 10 | Client 2 | Model: (ResNet8) | Acc: 96.04%
Round 10 | Client 3 | Model: (ResNet18) | Acc: 94.91%
Round 10 | Client 4 | Model: (MobileNetV2) | Acc: 37.58%
Round 10 | Client 5 | Model: (MobileNetV3) | Acc: 87.18%
Round 10 | Client 6 | Model: (LeNet) | Acc: 98.47%
Round 10 | Client 7 | Model: (AlexNet) | Acc: 98.11%
Round 10 | Client 8 | Model: (ShuffleNet) | Acc: 10.36%
Round 10 | Client 9 | Model: (SqueezeNet) | Acc: 35.85%
Round 10 | Client 11 | Model: (MLP) | Acc: 80.71%
Round 10 | Client 12 | Model: (CNN) | Acc: 84.73%
Round 10 | Client 13 | Model: (ResNet8) | Acc: 85.94%
Round 10 | Client 14 | Model: (ResNet18) | Acc: 6.49%
Round 10 | Client 15 | Model: (MobileNetV2) | Acc: 5.82%
Round 10 | Client 16 | Model: (MobileNetV3) | Acc: 77.93%
Round 10 | Client 17 | Model: (LeNet) | Acc: 84.32%
Round 10 | Client 18 | Model: (AlexNet) | Acc: 84.47%
Round 10 | Client 19 | Model: (ShuffleNet) | Acc: 80.63%
Round 10 | Client 20 | Model: (SqueezeNet) | Acc: 5.79%
Round 10 | Client 22 | Model: (MLP) | Acc: 37.65%
Round 10 | Client 23 | Model: (CNN) | Acc: 56.92%
Round 10 | Client 24 | Model: (ResNet8) | Acc: 34.90%
Round 10 | Client 25 | Model: (ResNet18) | Acc: 11.21%
Round 10 | Client 26 | Model: (MobileNetV2) | Acc: 11.86%
Round 10 | Client 27 | Model: (MobileNetV3) | Acc: 43.45%
Round 10 | Client 28 | Model: (LeNet) | Acc: 50.28%
Round 10 | Client 29 | Model: (AlexNet) | Acc: 46.81%
Round 10 | Client 30 | Model: (ShuffleNet) | Acc: 11.51%
Round 10 | Client 31 | Model: (SqueezeNet) | Acc: 10.90%
[Server] Aggregating by Dataset Name ...
[Server] Training Feature-Based Global Generator...
[Server] Global Inference Model Acc (MNIST) (Round 10): 98.56% (Tested on 9095 samples)
[Server] Global Inference Model Acc (EMNIST) (Round 10): 79.98% (Tested on 105779 samples)
[Server] Global Inference Model Acc (CIFAR10) (Round 10): 61.63% (Tested on 9100 samples)
[Server] Global Inference Model Acc (Mix) (Round 10): 80.00% (Tested on 123974 samples)
Selected client ids: [0, 1, 2, 3, 4, 5, 6, 7, 8, 9, 10, 11, 12, 13, 14, 15, 16, 17, 18, 19, 20, 21, 22, 23, 24, 25, 26, 27, 28, 29]
--- Round 11 ---
Round 11 | Client 0 | Model: (MLP) | Acc: 94.22%
Round 11 | Client 1 | Model: (CNN) | Acc: 96.79%
Round 11 | Client 2 | Model: (ResNet8) | Acc: 96.72%
Round 11 | Client 3 | Model: (ResNet18) | Acc: 96.27%
Round 11 | Client 4 | Model: (MobileNetV2) | Acc: 58.67%
Round 11 | Client 5 | Model: (MobileNetV3) | Acc: 89.41%
Round 11 | Client 6 | Model: (LeNet) | Acc: 97.92%
Round 11 | Client 7 | Model: (AlexNet) | Acc: 98.95%
Round 11 | Client 8 | Model: (ShuffleNet) | Acc: 10.36%
Round 11 | Client 9 | Model: (SqueezeNet) | Acc: 46.01%
Round 11 | Client 11 | Model: (MLP) | Acc: 79.29%
Round 11 | Client 12 | Model: (CNN) | Acc: 83.63%
Round 11 | Client 13 | Model: (ResNet8) | Acc: 85.70%
Round 11 | Client 14 | Model: (ResNet18) | Acc: 6.49%
Round 11 | Client 15 | Model: (MobileNetV2) | Acc: 5.82%
Round 11 | Client 16 | Model: (MobileNetV3) | Acc: 78.80%
Round 11 | Client 17 | Model: (LeNet) | Acc: 84.43%
Round 11 | Client 18 | Model: (AlexNet) | Acc: 83.62%
Round 11 | Client 19 | Model: (ShuffleNet) | Acc: 77.84%
Round 11 | Client 20 | Model: (SqueezeNet) | Acc: 5.79%
Round 11 | Client 22 | Model: (MLP) | Acc: 36.45%
Round 11 | Client 23 | Model: (CNN) | Acc: 60.99%
Round 11 | Client 24 | Model: (ResNet8) | Acc: 37.58%
Round 11 | Client 25 | Model: (ResNet18) | Acc: 11.21%
Round 11 | Client 26 | Model: (MobileNetV2) | Acc: 11.86%
Round 11 | Client 27 | Model: (MobileNetV3) | Acc: 44.10%
Round 11 | Client 28 | Model: (LeNet) | Acc: 51.38%
Round 11 | Client 29 | Model: (AlexNet) | Acc: 47.57%
Round 11 | Client 30 | Model: (ShuffleNet) | Acc: 18.09%
Round 11 | Client 31 | Model: (SqueezeNet) | Acc: 10.90%
[Server] Aggregating by Dataset Name ...
[Server] Training Feature-Based Global Generator...
[Server] Global Inference Model Acc (MNIST) (Round 11): 98.98% (Tested on 9095 samples)
[Server] Global Inference Model Acc (EMNIST) (Round 11): 77.41% (Tested on 105779 samples)
[Server] Global Inference Model Acc (CIFAR10) (Round 11): 63.58% (Tested on 9100 samples)
[Server] Global Inference Model Acc (Mix) (Round 11): 77.98% (Tested on 123974 samples)
Selected client ids: [0, 1, 2, 3, 4, 5, 6, 7, 8, 9, 10, 11, 12, 13, 14, 15, 16, 17, 18, 19, 20, 21, 22, 23, 24, 25, 26, 27, 28, 29]
--- Round 12 ---
Round 12 | Client 0 | Model: (MLP) | Acc: 93.68%
Round 12 | Client 1 | Model: (CNN) | Acc: 97.34%
Round 12 | Client 2 | Model: (ResNet8) | Acc: 96.49%
Round 12 | Client 3 | Model: (ResNet18) | Acc: 95.81%
Round 12 | Client 4 | Model: (MobileNetV2) | Acc: 60.17%
Round 12 | Client 5 | Model: (MobileNetV3) | Acc: 90.19%
Round 12 | Client 6 | Model: (LeNet) | Acc: 98.14%
Round 12 | Client 7 | Model: (AlexNet) | Acc: 98.95%
Round 12 | Client 8 | Model: (ShuffleNet) | Acc: 12.14%
Round 12 | Client 9 | Model: (SqueezeNet) | Acc: 56.72%
Round 12 | Client 11 | Model: (MLP) | Acc: 78.44%
Round 12 | Client 12 | Model: (CNN) | Acc: 84.81%
Round 12 | Client 13 | Model: (ResNet8) | Acc: 86.63%
Round 12 | Client 14 | Model: (ResNet18) | Acc: 6.49%
Round 12 | Client 15 | Model: (MobileNetV2) | Acc: 5.82%
Round 12 | Client 16 | Model: (MobileNetV3) | Acc: 78.43%
Round 12 | Client 17 | Model: (LeNet) | Acc: 84.00%
Round 12 | Client 18 | Model: (AlexNet) | Acc: 83.82%
Round 12 | Client 19 | Model: (ShuffleNet) | Acc: 78.91%
Round 12 | Client 20 | Model: (SqueezeNet) | Acc: 5.84%
Round 12 | Client 22 | Model: (MLP) | Acc: 39.81%
Round 12 | Client 23 | Model: (CNN) | Acc: 58.90%
Round 12 | Client 24 | Model: (ResNet8) | Acc: 36.94%
Round 12 | Client 25 | Model: (ResNet18) | Acc: 11.21%
Round 12 | Client 26 | Model: (MobileNetV2) | Acc: 11.86%
Round 12 | Client 27 | Model: (MobileNetV3) | Acc: 43.78%
Round 12 | Client 28 | Model: (LeNet) | Acc: 52.81%
Round 12 | Client 29 | Model: (AlexNet) | Acc: 51.24%
Round 12 | Client 30 | Model: (ShuffleNet) | Acc: 11.07%
Round 12 | Client 31 | Model: (SqueezeNet) | Acc: 10.90%
[Server] Aggregating by Dataset Name ...
[Server] Training Feature-Based Global Generator...
[Server] Global Inference Model Acc (MNIST) (Round 12): 98.54% (Tested on 9095 samples)
[Server] Global Inference Model Acc (EMNIST) (Round 12): 76.99% (Tested on 105779 samples)
[Server] Global Inference Model Acc (CIFAR10) (Round 12): 64.16% (Tested on 9100 samples)
[Server] Global Inference Model Acc (Mix) (Round 12): 77.63% (Tested on 123974 samples)
Selected client ids: [0, 1, 2, 3, 4, 5, 6, 7, 8, 9, 10, 11, 12, 13, 14, 15, 16, 17, 18, 19, 20, 21, 22, 23, 24, 25, 26, 27, 28, 29]
--- Round 13 ---
Round 13 | Client 0 | Model: (MLP) | Acc: 93.89%
Round 13 | Client 1 | Model: (CNN) | Acc: 97.34%
Round 13 | Client 2 | Model: (ResNet8) | Acc: 97.28%
Round 13 | Client 3 | Model: (ResNet18) | Acc: 96.15%
Round 13 | Client 4 | Model: (MobileNetV2) | Acc: 66.60%
Round 13 | Client 5 | Model: (MobileNetV3) | Acc: 89.63%
Round 13 | Client 6 | Model: (LeNet) | Acc: 98.25%
Round 13 | Client 7 | Model: (AlexNet) | Acc: 99.16%
Round 13 | Client 8 | Model: (ShuffleNet) | Acc: 12.14%
Round 13 | Client 9 | Model: (SqueezeNet) | Acc: 56.28%
Round 13 | Client 11 | Model: (MLP) | Acc: 80.14%
Round 13 | Client 12 | Model: (CNN) | Acc: 84.80%
Round 13 | Client 13 | Model: (ResNet8) | Acc: 86.07%
Round 13 | Client 14 | Model: (ResNet18) | Acc: 6.49%
Round 13 | Client 15 | Model: (MobileNetV2) | Acc: 5.82%
Round 13 | Client 16 | Model: (MobileNetV3) | Acc: 78.85%
Round 13 | Client 17 | Model: (LeNet) | Acc: 83.67%
Round 13 | Client 18 | Model: (AlexNet) | Acc: 83.24%
Round 13 | Client 19 | Model: (ShuffleNet) | Acc: 77.44%
Round 13 | Client 20 | Model: (SqueezeNet) | Acc: 5.79%
Round 13 | Client 22 | Model: (MLP) | Acc: 40.65%
Round 13 | Client 23 | Model: (CNN) | Acc: 60.99%
Round 13 | Client 24 | Model: (ResNet8) | Acc: 38.76%
Round 13 | Client 25 | Model: (ResNet18) | Acc: 11.21%
Round 13 | Client 26 | Model: (MobileNetV2) | Acc: 11.86%
Round 13 | Client 27 | Model: (MobileNetV3) | Acc: 44.53%
Round 13 | Client 28 | Model: (LeNet) | Acc: 51.60%
Round 13 | Client 29 | Model: (AlexNet) | Acc: 51.78%
Round 13 | Client 30 | Model: (ShuffleNet) | Acc: 11.07%
Round 13 | Client 31 | Model: (SqueezeNet) | Acc: 10.90%
[Server] Aggregating by Dataset Name ...
[Server] Training Feature-Based Global Generator...
[Server] Global Inference Model Acc (MNIST) (Round 13): 98.63% (Tested on 9095 samples)
[Server] Global Inference Model Acc (EMNIST) (Round 13): 78.45% (Tested on 105779 samples)
[Server] Global Inference Model Acc (CIFAR10) (Round 13): 62.87% (Tested on 9100 samples)
[Server] Global Inference Model Acc (Mix) (Round 13): 78.78% (Tested on 123974 samples)
Selected client ids: [0, 1, 2, 3, 4, 5, 6, 7, 8, 9, 10, 11, 12, 13, 14, 15, 16, 17, 18, 19, 20, 21, 22, 23, 24, 25, 26, 27, 28, 29]
--- Round 14 ---
Round 14 | Client 0 | Model: (MLP) | Acc: 94.44%
Round 14 | Client 1 | Model: (CNN) | Acc: 97.34%
Round 14 | Client 2 | Model: (ResNet8) | Acc: 97.28%
Round 14 | Client 3 | Model: (ResNet18) | Acc: 97.29%
Round 14 | Client 4 | Model: (MobileNetV2) | Acc: 69.81%
Round 14 | Client 5 | Model: (MobileNetV3) | Acc: 90.52%
Round 14 | Client 6 | Model: (LeNet) | Acc: 98.14%
Round 14 | Client 7 | Model: (AlexNet) | Acc: 99.16%
Round 14 | Client 8 | Model: (ShuffleNet) | Acc: 12.14%
Round 14 | Client 9 | Model: (SqueezeNet) | Acc: 63.39%
Round 14 | Client 11 | Model: (MLP) | Acc: 80.49%
Round 14 | Client 12 | Model: (CNN) | Acc: 85.61%
Round 14 | Client 13 | Model: (ResNet8) | Acc: 86.24%
Round 14 | Client 14 | Model: (ResNet18) | Acc: 6.49%
Round 14 | Client 15 | Model: (MobileNetV2) | Acc: 5.82%
Round 14 | Client 16 | Model: (MobileNetV3) | Acc: 80.21%
Round 14 | Client 17 | Model: (LeNet) | Acc: 83.53%
Round 14 | Client 18 | Model: (AlexNet) | Acc: 83.38%
Round 14 | Client 19 | Model: (ShuffleNet) | Acc: 77.56%
Round 14 | Client 20 | Model: (SqueezeNet) | Acc: 5.84%
Round 14 | Client 22 | Model: (MLP) | Acc: 41.85%
Round 14 | Client 23 | Model: (CNN) | Acc: 61.21%
Round 14 | Client 24 | Model: (ResNet8) | Acc: 38.12%
Round 14 | Client 25 | Model: (ResNet18) | Acc: 11.21%
Round 14 | Client 26 | Model: (MobileNetV2) | Acc: 11.86%
Round 14 | Client 27 | Model: (MobileNetV3) | Acc: 45.49%
Round 14 | Client 28 | Model: (LeNet) | Acc: 53.25%
Round 14 | Client 29 | Model: (AlexNet) | Acc: 51.89%
Round 14 | Client 30 | Model: (ShuffleNet) | Acc: 11.07%
Round 14 | Client 31 | Model: (SqueezeNet) | Acc: 10.90%
[Server] Aggregating by Dataset Name ...
[Server] Training Feature-Based Global Generator...
[Server] Global Inference Model Acc (MNIST) (Round 14): 99.12% (Tested on 9095 samples)
[Server] Global Inference Model Acc (EMNIST) (Round 14): 81.12% (Tested on 105779 samples)
[Server] Global Inference Model Acc (CIFAR10) (Round 14): 65.56% (Tested on 9100 samples)
[Server] Global Inference Model Acc (Mix) (Round 14): 81.30% (Tested on 123974 samples)
Selected client ids: [0, 1, 2, 3, 4, 5, 6, 7, 8, 9, 10, 11, 12, 13, 14, 15, 16, 17, 18, 19, 20, 21, 22, 23, 24, 25, 26, 27, 28, 29]
--- Round 15 ---
Round 15 | Client 0 | Model: (MLP) | Acc: 94.87%
Round 15 | Client 1 | Model: (CNN) | Acc: 97.79%
Round 15 | Client 2 | Model: (ResNet8) | Acc: 98.07%
Round 15 | Client 3 | Model: (ResNet18) | Acc: 97.06%
Round 15 | Client 4 | Model: (MobileNetV2) | Acc: 52.14%
Round 15 | Client 5 | Model: (MobileNetV3) | Acc: 90.86%
Round 15 | Client 6 | Model: (LeNet) | Acc: 98.58%
Round 15 | Client 7 | Model: (AlexNet) | Acc: 99.16%
Round 15 | Client 8 | Model: (ShuffleNet) | Acc: 12.14%
Round 15 | Client 9 | Model: (SqueezeNet) | Acc: 68.09%
Round 15 | Client 11 | Model: (MLP) | Acc: 78.58%
Round 15 | Client 12 | Model: (CNN) | Acc: 85.42%
Round 15 | Client 13 | Model: (ResNet8) | Acc: 86.58%
Round 15 | Client 14 | Model: (ResNet18) | Acc: 6.49%
Round 15 | Client 15 | Model: (MobileNetV2) | Acc: 5.82%
Round 15 | Client 16 | Model: (MobileNetV3) | Acc: 80.32%
Round 15 | Client 17 | Model: (LeNet) | Acc: 83.84%
Round 15 | Client 18 | Model: (AlexNet) | Acc: 82.64%
Round 15 | Client 19 | Model: (ShuffleNet) | Acc: 76.63%
Round 15 | Client 20 | Model: (SqueezeNet) | Acc: 5.79%
Round 15 | Client 22 | Model: (MLP) | Acc: 42.33%
Round 15 | Client 23 | Model: (CNN) | Acc: 62.64%
Round 15 | Client 24 | Model: (ResNet8) | Acc: 40.47%
Round 15 | Client 25 | Model: (ResNet18) | Acc: 11.21%
Round 15 | Client 26 | Model: (MobileNetV2) | Acc: 11.86%
Round 15 | Client 27 | Model: (MobileNetV3) | Acc: 44.31%
Round 15 | Client 28 | Model: (LeNet) | Acc: 53.36%
Round 15 | Client 29 | Model: (AlexNet) | Acc: 51.46%
Round 15 | Client 30 | Model: (ShuffleNet) | Acc: 11.51%
Round 15 | Client 31 | Model: (SqueezeNet) | Acc: 10.90%
[Server] Aggregating by Dataset Name ...
[Server] Training Feature-Based Global Generator...
[Server] Global Inference Model Acc (MNIST) (Round 15): 98.69% (Tested on 9095 samples)
[Server] Global Inference Model Acc (EMNIST) (Round 15): 78.40% (Tested on 105779 samples)
[Server] Global Inference Model Acc (CIFAR10) (Round 15): 67.15% (Tested on 9100 samples)
[Server] Global Inference Model Acc (Mix) (Round 15): 79.06% (Tested on 123974 samples)
Selected client ids: [0, 1, 2, 3, 4, 5, 6, 7, 8, 9, 10, 11, 12, 13, 14, 15, 16, 17, 18, 19, 20, 21, 22, 23, 24, 25, 26, 27, 28, 29]
--- Round 16 ---
Round 16 | Client 0 | Model: (MLP) | Acc: 94.11%
Round 16 | Client 1 | Model: (CNN) | Acc: 96.90%
Round 16 | Client 2 | Model: (ResNet8) | Acc: 97.85%
Round 16 | Client 3 | Model: (ResNet18) | Acc: 97.62%
Round 16 | Client 4 | Model: (MobileNetV2) | Acc: 48.29%
Round 16 | Client 5 | Model: (MobileNetV3) | Acc: 91.86%
Round 16 | Client 6 | Model: (LeNet) | Acc: 98.25%
Round 16 | Client 7 | Model: (AlexNet) | Acc: 99.16%
Round 16 | Client 8 | Model: (ShuffleNet) | Acc: 16.26%
Round 16 | Client 9 | Model: (SqueezeNet) | Acc: 67.43%
Round 16 | Client 11 | Model: (MLP) | Acc: 79.99%
Round 16 | Client 12 | Model: (CNN) | Acc: 85.01%
Round 16 | Client 13 | Model: (ResNet8) | Acc: 86.02%
Round 16 | Client 14 | Model: (ResNet18) | Acc: 6.49%
Round 16 | Client 15 | Model: (MobileNetV2) | Acc: 5.82%
Round 16 | Client 16 | Model: (MobileNetV3) | Acc: 80.09%
Round 16 | Client 17 | Model: (LeNet) | Acc: 83.67%
Round 16 | Client 18 | Model: (AlexNet) | Acc: 82.70%
Round 16 | Client 19 | Model: (ShuffleNet) | Acc: 79.40%
Round 16 | Client 20 | Model: (SqueezeNet) | Acc: 5.79%
Round 16 | Client 22 | Model: (MLP) | Acc: 39.69%
Round 16 | Client 23 | Model: (CNN) | Acc: 64.40%
Round 16 | Client 24 | Model: (ResNet8) | Acc: 44.75%
Round 16 | Client 25 | Model: (ResNet18) | Acc: 11.21%
Round 16 | Client 26 | Model: (MobileNetV2) | Acc: 11.86%
Round 16 | Client 27 | Model: (MobileNetV3) | Acc: 45.60%
Round 16 | Client 28 | Model: (LeNet) | Acc: 53.69%
Round 16 | Client 29 | Model: (AlexNet) | Acc: 52.65%
Round 16 | Client 30 | Model: (ShuffleNet) | Acc: 11.51%
Round 16 | Client 31 | Model: (SqueezeNet) | Acc: 10.90%
[Server] Aggregating by Dataset Name ...
[Server] Training Feature-Based Global Generator...
[Server] Global Inference Model Acc (MNIST) (Round 16): 98.68% (Tested on 9095 samples)
[Server] Global Inference Model Acc (EMNIST) (Round 16): 79.95% (Tested on 105779 samples)
[Server] Global Inference Model Acc (CIFAR10) (Round 16): 64.79% (Tested on 9100 samples)
[Server] Global Inference Model Acc (Mix) (Round 16): 80.22% (Tested on 123974 samples)
Selected client ids: [0, 1, 2, 3, 4, 5, 6, 7, 8, 9, 10, 11, 12, 13, 14, 15, 16, 17, 18, 19, 20, 21, 22, 23, 24, 25, 26, 27, 28, 29]
--- Round 17 ---
Round 17 | Client 0 | Model: (MLP) | Acc: 94.22%
Round 17 | Client 1 | Model: (CNN) | Acc: 96.46%
Round 17 | Client 2 | Model: (ResNet8) | Acc: 97.85%
Round 17 | Client 3 | Model: (ResNet18) | Acc: 98.19%
Round 17 | Client 4 | Model: (MobileNetV2) | Acc: 69.70%
Round 17 | Client 5 | Model: (MobileNetV3) | Acc: 91.53%
Round 17 | Client 6 | Model: (LeNet) | Acc: 98.47%
Round 17 | Client 7 | Model: (AlexNet) | Acc: 99.26%
Round 17 | Client 8 | Model: (ShuffleNet) | Acc: 26.73%
Round 17 | Client 9 | Model: (SqueezeNet) | Acc: 73.11%
Round 17 | Client 11 | Model: (MLP) | Acc: 77.78%
Round 17 | Client 12 | Model: (CNN) | Acc: 85.44%
Round 17 | Client 13 | Model: (ResNet8) | Acc: 86.40%
Round 17 | Client 14 | Model: (ResNet18) | Acc: 6.49%
Round 17 | Client 15 | Model: (MobileNetV2) | Acc: 5.82%
Round 17 | Client 16 | Model: (MobileNetV3) | Acc: 80.05%
Round 17 | Client 17 | Model: (LeNet) | Acc: 84.24%
Round 17 | Client 18 | Model: (AlexNet) | Acc: 81.96%
Round 17 | Client 19 | Model: (ShuffleNet) | Acc: 80.23%
Round 17 | Client 20 | Model: (SqueezeNet) | Acc: 5.79%
Round 17 | Client 22 | Model: (MLP) | Acc: 38.61%
Round 17 | Client 23 | Model: (CNN) | Acc: 63.52%
Round 17 | Client 24 | Model: (ResNet8) | Acc: 44.00%
Round 17 | Client 25 | Model: (ResNet18) | Acc: 11.21%
Round 17 | Client 26 | Model: (MobileNetV2) | Acc: 11.86%
Round 17 | Client 27 | Model: (MobileNetV3) | Acc: 45.60%
Round 17 | Client 28 | Model: (LeNet) | Acc: 54.24%
Round 17 | Client 29 | Model: (AlexNet) | Acc: 56.65%
Round 17 | Client 30 | Model: (ShuffleNet) | Acc: 11.51%
Round 17 | Client 31 | Model: (SqueezeNet) | Acc: 10.90%
[Server] Aggregating by Dataset Name ...
[Server] Training Feature-Based Global Generator...
[Server] Global Inference Model Acc (MNIST) (Round 17): 99.02% (Tested on 9095 samples)
[Server] Global Inference Model Acc (EMNIST) (Round 17): 82.62% (Tested on 105779 samples)
[Server] Global Inference Model Acc (CIFAR10) (Round 17): 65.16% (Tested on 9100 samples)
[Server] Global Inference Model Acc (Mix) (Round 17): 82.54% (Tested on 123974 samples)
Selected client ids: [0, 1, 2, 3, 4, 5, 6, 7, 8, 9, 10, 11, 12, 13, 14, 15, 16, 17, 18, 19, 20, 21, 22, 23, 24, 25, 26, 27, 28, 29]
--- Round 18 ---
Round 18 | Client 0 | Model: (MLP) | Acc: 94.33%
Round 18 | Client 1 | Model: (CNN) | Acc: 97.23%
Round 18 | Client 2 | Model: (ResNet8) | Acc: 98.19%
Round 18 | Client 3 | Model: (ResNet18) | Acc: 97.51%
Round 18 | Client 4 | Model: (MobileNetV2) | Acc: 46.15%
Round 18 | Client 5 | Model: (MobileNetV3) | Acc: 92.20%
Round 18 | Client 6 | Model: (LeNet) | Acc: 98.14%
Round 18 | Client 7 | Model: (AlexNet) | Acc: 99.37%
Round 18 | Client 8 | Model: (ShuffleNet) | Acc: 26.06%
Round 18 | Client 9 | Model: (SqueezeNet) | Acc: 71.80%
Round 18 | Client 11 | Model: (MLP) | Acc: 79.23%
Round 18 | Client 12 | Model: (CNN) | Acc: 85.32%
Round 18 | Client 13 | Model: (ResNet8) | Acc: 86.35%
Round 18 | Client 14 | Model: (ResNet18) | Acc: 6.49%
Round 18 | Client 15 | Model: (MobileNetV2) | Acc: 5.82%
Round 18 | Client 16 | Model: (MobileNetV3) | Acc: 80.22%
Round 18 | Client 17 | Model: (LeNet) | Acc: 84.42%
Round 18 | Client 18 | Model: (AlexNet) | Acc: 81.97%
Round 18 | Client 19 | Model: (ShuffleNet) | Acc: 76.26%
Round 18 | Client 20 | Model: (SqueezeNet) | Acc: 5.79%
Round 18 | Client 22 | Model: (MLP) | Acc: 40.89%
Round 18 | Client 23 | Model: (CNN) | Acc: 63.30%
Round 18 | Client 24 | Model: (ResNet8) | Acc: 46.15%
Round 18 | Client 25 | Model: (ResNet18) | Acc: 11.21%
Round 18 | Client 26 | Model: (MobileNetV2) | Acc: 11.86%
Round 18 | Client 27 | Model: (MobileNetV3) | Acc: 44.85%
Round 18 | Client 28 | Model: (LeNet) | Acc: 53.80%
Round 18 | Client 29 | Model: (AlexNet) | Acc: 55.68%
Round 18 | Client 30 | Model: (ShuffleNet) | Acc: 11.51%
Round 18 | Client 31 | Model: (SqueezeNet) | Acc: 10.90%
[Server] Aggregating by Dataset Name ...
[Server] Training Feature-Based Global Generator...
[Server] Global Inference Model Acc (MNIST) (Round 18): 99.10% (Tested on 9095 samples)
[Server] Global Inference Model Acc (EMNIST) (Round 18): 80.86% (Tested on 105779 samples)
[Server] Global Inference Model Acc (CIFAR10) (Round 18): 67.34% (Tested on 9100 samples)
[Server] Global Inference Model Acc (Mix) (Round 18): 81.21% (Tested on 123974 samples)
Selected client ids: [0, 1, 2, 3, 4, 5, 6, 7, 8, 9, 10, 11, 12, 13, 14, 15, 16, 17, 18, 19, 20, 21, 22, 23, 24, 25, 26, 27, 28, 29]
--- Round 19 ---
Round 19 | Client 0 | Model: (MLP) | Acc: 94.00%
Round 19 | Client 1 | Model: (CNN) | Acc: 97.01%
Round 19 | Client 2 | Model: (ResNet8) | Acc: 97.85%
Round 19 | Client 3 | Model: (ResNet18) | Acc: 97.74%
Round 19 | Client 4 | Model: (MobileNetV2) | Acc: 48.93%
Round 19 | Client 5 | Model: (MobileNetV3) | Acc: 92.31%
Round 19 | Client 6 | Model: (LeNet) | Acc: 97.92%
Round 19 | Client 7 | Model: (AlexNet) | Acc: 98.95%
Round 19 | Client 8 | Model: (ShuffleNet) | Acc: 24.61%
Round 19 | Client 9 | Model: (SqueezeNet) | Acc: 75.19%
Round 19 | Client 11 | Model: (MLP) | Acc: 80.49%
Round 19 | Client 12 | Model: (CNN) | Acc: 84.98%
Round 19 | Client 13 | Model: (ResNet8) | Acc: 85.95%
Round 19 | Client 14 | Model: (ResNet18) | Acc: 6.49%
Round 19 | Client 15 | Model: (MobileNetV2) | Acc: 5.82%
Round 19 | Client 16 | Model: (MobileNetV3) | Acc: 80.33%
Round 19 | Client 17 | Model: (LeNet) | Acc: 83.86%
Round 19 | Client 18 | Model: (AlexNet) | Acc: 81.88%
Round 19 | Client 19 | Model: (ShuffleNet) | Acc: 79.06%
Round 19 | Client 20 | Model: (SqueezeNet) | Acc: 5.84%
Round 19 | Client 22 | Model: (MLP) | Acc: 41.37%
Round 19 | Client 23 | Model: (CNN) | Acc: 63.96%
Round 19 | Client 24 | Model: (ResNet8) | Acc: 47.54%
Round 19 | Client 25 | Model: (ResNet18) | Acc: 11.21%
Round 19 | Client 26 | Model: (MobileNetV2) | Acc: 11.86%
Round 19 | Client 27 | Model: (MobileNetV3) | Acc: 46.57%
Round 19 | Client 28 | Model: (LeNet) | Acc: 54.46%
Round 19 | Client 29 | Model: (AlexNet) | Acc: 57.19%
Round 19 | Client 30 | Model: (ShuffleNet) | Acc: 11.51%
Round 19 | Client 31 | Model: (SqueezeNet) | Acc: 10.90%
[Server] Aggregating by Dataset Name ...
[Server] Training Feature-Based Global Generator...
[Server] Global Inference Model Acc (MNIST) (Round 19): 98.93% (Tested on 9095 samples)
[Server] Global Inference Model Acc (EMNIST) (Round 19): 78.43% (Tested on 105779 samples)
[Server] Global Inference Model Acc (CIFAR10) (Round 19): 69.92% (Tested on 9100 samples)
[Server] Global Inference Model Acc (Mix) (Round 19): 79.31% (Tested on 123974 samples)
Selected client ids: [0, 1, 2, 3, 4, 5, 6, 7, 8, 9, 10, 11, 12, 13, 14, 15, 16, 17, 18, 19, 20, 21, 22, 23, 24, 25, 26, 27, 28, 29]
--- Round 20 ---
Round 20 | Client 0 | Model: (MLP) | Acc: 94.00%
Round 20 | Client 1 | Model: (CNN) | Acc: 97.23%
Round 20 | Client 2 | Model: (ResNet8) | Acc: 98.30%
Round 20 | Client 3 | Model: (ResNet18) | Acc: 97.40%
Round 20 | Client 4 | Model: (MobileNetV2) | Acc: 58.57%
Round 20 | Client 5 | Model: (MobileNetV3) | Acc: 91.64%
Round 20 | Client 6 | Model: (LeNet) | Acc: 98.36%
Round 20 | Client 7 | Model: (AlexNet) | Acc: 99.16%
Round 20 | Client 8 | Model: (ShuffleNet) | Acc: 50.11%
Round 20 | Client 9 | Model: (SqueezeNet) | Acc: 75.74%
Round 20 | Client 11 | Model: (MLP) | Acc: 79.95%
Round 20 | Client 12 | Model: (CNN) | Acc: 85.52%
Round 20 | Client 13 | Model: (ResNet8) | Acc: 85.87%
Round 20 | Client 14 | Model: (ResNet18) | Acc: 6.49%
Round 20 | Client 15 | Model: (MobileNetV2) | Acc: 5.82%
Round 20 | Client 16 | Model: (MobileNetV3) | Acc: 80.42%
Round 20 | Client 17 | Model: (LeNet) | Acc: 84.00%
Round 20 | Client 18 | Model: (AlexNet) | Acc: 81.85%
Round 20 | Client 19 | Model: (ShuffleNet) | Acc: 78.78%
Round 20 | Client 20 | Model: (SqueezeNet) | Acc: 5.84%
Round 20 | Client 22 | Model: (MLP) | Acc: 40.53%
Round 20 | Client 23 | Model: (CNN) | Acc: 62.64%
Round 20 | Client 24 | Model: (ResNet8) | Acc: 44.86%
Round 20 | Client 25 | Model: (ResNet18) | Acc: 11.21%
Round 20 | Client 26 | Model: (MobileNetV2) | Acc: 11.86%
Round 20 | Client 27 | Model: (MobileNetV3) | Acc: 45.17%
Round 20 | Client 28 | Model: (LeNet) | Acc: 53.80%
Round 20 | Client 29 | Model: (AlexNet) | Acc: 55.14%
Round 20 | Client 30 | Model: (ShuffleNet) | Acc: 11.51%
Round 20 | Client 31 | Model: (SqueezeNet) | Acc: 10.90%
[Server] Aggregating by Dataset Name ...
[Server] Training Feature-Based Global Generator...
[Server] Global Inference Model Acc (MNIST) (Round 20): 98.69% (Tested on 9095 samples)
[Server] Global Inference Model Acc (EMNIST) (Round 20): 78.62% (Tested on 105779 samples)
[Server] Global Inference Model Acc (CIFAR10) (Round 20): 67.33% (Tested on 9100 samples)
[Server] Global Inference Model Acc (Mix) (Round 20): 79.27% (Tested on 123974 samples)
Selected client ids: [0, 1, 2, 3, 4, 5, 6, 7, 8, 9, 10, 11, 12, 13, 14, 15, 16, 17, 18, 19, 20, 21, 22, 23, 24, 25, 26, 27, 28, 29]
--- Round 21 ---
Round 21 | Client 0 | Model: (MLP) | Acc: 94.22%
Round 21 | Client 1 | Model: (CNN) | Acc: 96.79%
Round 21 | Client 2 | Model: (ResNet8) | Acc: 98.75%
Round 21 | Client 3 | Model: (ResNet18) | Acc: 98.08%
Round 21 | Client 4 | Model: (MobileNetV2) | Acc: 30.51%
Round 21 | Client 5 | Model: (MobileNetV3) | Acc: 92.31%
Round 21 | Client 6 | Model: (LeNet) | Acc: 98.69%
Round 21 | Client 7 | Model: (AlexNet) | Acc: 99.16%
Round 21 | Client 8 | Model: (ShuffleNet) | Acc: 53.34%
Round 21 | Client 9 | Model: (SqueezeNet) | Acc: 79.02%
Round 21 | Client 11 | Model: (MLP) | Acc: 79.96%
Round 21 | Client 12 | Model: (CNN) | Acc: 85.95%
Round 21 | Client 13 | Model: (ResNet8) | Acc: 85.84%
Round 21 | Client 14 | Model: (ResNet18) | Acc: 6.49%
Round 21 | Client 15 | Model: (MobileNetV2) | Acc: 5.82%
Round 21 | Client 16 | Model: (MobileNetV3) | Acc: 80.63%
Round 21 | Client 17 | Model: (LeNet) | Acc: 83.91%
Round 21 | Client 18 | Model: (AlexNet) | Acc: 81.28%
Round 21 | Client 19 | Model: (ShuffleNet) | Acc: 76.03%
Round 21 | Client 20 | Model: (SqueezeNet) | Acc: 5.79%
Round 21 | Client 22 | Model: (MLP) | Acc: 38.73%
Round 21 | Client 23 | Model: (CNN) | Acc: 64.51%
Round 21 | Client 24 | Model: (ResNet8) | Acc: 48.07%
Round 21 | Client 25 | Model: (ResNet18) | Acc: 11.21%
Round 21 | Client 26 | Model: (MobileNetV2) | Acc: 11.86%
Round 21 | Client 27 | Model: (MobileNetV3) | Acc: 45.49%
Round 21 | Client 28 | Model: (LeNet) | Acc: 54.79%
Round 21 | Client 29 | Model: (AlexNet) | Acc: 54.49%
Round 21 | Client 30 | Model: (ShuffleNet) | Acc: 11.51%
Round 21 | Client 31 | Model: (SqueezeNet) | Acc: 10.90%
[Server] Aggregating by Dataset Name ...
[Server] Training Feature-Based Global Generator...
[Server] Global Inference Model Acc (MNIST) (Round 21): 99.34% (Tested on 9095 samples)
[Server] Global Inference Model Acc (EMNIST) (Round 21): 79.99% (Tested on 105779 samples)
[Server] Global Inference Model Acc (CIFAR10) (Round 21): 68.29% (Tested on 9100 samples)
[Server] Global Inference Model Acc (Mix) (Round 21): 80.55% (Tested on 123974 samples)
Selected client ids: [0, 1, 2, 3, 4, 5, 6, 7, 8, 9, 10, 11, 12, 13, 14, 15, 16, 17, 18, 19, 20, 21, 22, 23, 24, 25, 26, 27, 28, 29]
--- Round 22 ---
Round 22 | Client 0 | Model: (MLP) | Acc: 94.44%
Round 22 | Client 1 | Model: (CNN) | Acc: 96.90%
Round 22 | Client 2 | Model: (ResNet8) | Acc: 98.41%
Round 22 | Client 3 | Model: (ResNet18) | Acc: 97.96%
Round 22 | Client 4 | Model: (MobileNetV2) | Acc: 60.39%
Round 22 | Client 5 | Model: (MobileNetV3) | Acc: 92.20%
Round 22 | Client 6 | Model: (LeNet) | Acc: 98.80%
Round 22 | Client 7 | Model: (AlexNet) | Acc: 99.47%
Round 22 | Client 8 | Model: (ShuffleNet) | Acc: 65.59%
Round 22 | Client 9 | Model: (SqueezeNet) | Acc: 78.80%
Round 22 | Client 11 | Model: (MLP) | Acc: 79.75%
Round 22 | Client 12 | Model: (CNN) | Acc: 85.72%
Round 22 | Client 13 | Model: (ResNet8) | Acc: 85.69%
Round 22 | Client 14 | Model: (ResNet18) | Acc: 6.49%
Round 22 | Client 15 | Model: (MobileNetV2) | Acc: 5.82%
Round 22 | Client 16 | Model: (MobileNetV3) | Acc: 80.57%
Round 22 | Client 17 | Model: (LeNet) | Acc: 82.38%
Round 22 | Client 18 | Model: (AlexNet) | Acc: 80.76%
Round 22 | Client 19 | Model: (ShuffleNet) | Acc: 76.46%
Round 22 | Client 20 | Model: (SqueezeNet) | Acc: 5.84%
Round 22 | Client 22 | Model: (MLP) | Acc: 40.65%
Round 22 | Client 23 | Model: (CNN) | Acc: 63.74%
Round 22 | Client 24 | Model: (ResNet8) | Acc: 47.22%
Round 22 | Client 25 | Model: (ResNet18) | Acc: 11.21%
Round 22 | Client 26 | Model: (MobileNetV2) | Acc: 11.86%
Round 22 | Client 27 | Model: (MobileNetV3) | Acc: 46.24%
Round 22 | Client 28 | Model: (LeNet) | Acc: 54.24%
Round 22 | Client 29 | Model: (AlexNet) | Acc: 53.30%
Round 22 | Client 30 | Model: (ShuffleNet) | Acc: 11.51%
Round 22 | Client 31 | Model: (SqueezeNet) | Acc: 10.90%
[Server] Aggregating by Dataset Name ...
[Server] Training Feature-Based Global Generator...
[Server] Global Inference Model Acc (MNIST) (Round 22): 98.98% (Tested on 9095 samples)
[Server] Global Inference Model Acc (EMNIST) (Round 22): 81.28% (Tested on 105779 samples)
[Server] Global Inference Model Acc (CIFAR10) (Round 22): 71.98% (Tested on 9100 samples)
[Server] Global Inference Model Acc (Mix) (Round 22): 81.90% (Tested on 123974 samples)
Selected client ids: [0, 1, 2, 3, 4, 5, 6, 7, 8, 9, 10, 11, 12, 13, 14, 15, 16, 17, 18, 19, 20, 21, 22, 23, 24, 25, 26, 27, 28, 29]
--- Round 23 ---
Round 23 | Client 0 | Model: (MLP) | Acc: 94.11%
Round 23 | Client 1 | Model: (CNN) | Acc: 97.12%
Round 23 | Client 2 | Model: (ResNet8) | Acc: 97.62%
Round 23 | Client 3 | Model: (ResNet18) | Acc: 98.53%
Round 23 | Client 4 | Model: (MobileNetV2) | Acc: 41.43%
Round 23 | Client 5 | Model: (MobileNetV3) | Acc: 91.75%
Round 23 | Client 6 | Model: (LeNet) | Acc: 99.12%
Round 23 | Client 7 | Model: (AlexNet) | Acc: 98.95%
Round 23 | Client 8 | Model: (ShuffleNet) | Acc: 62.14%
Round 23 | Client 9 | Model: (SqueezeNet) | Acc: 79.67%
Round 23 | Client 11 | Model: (MLP) | Acc: 80.54%
Round 23 | Client 12 | Model: (CNN) | Acc: 85.16%
Round 23 | Client 13 | Model: (ResNet8) | Acc: 85.61%
Round 23 | Client 14 | Model: (ResNet18) | Acc: 6.49%
Round 23 | Client 15 | Model: (MobileNetV2) | Acc: 5.82%
Round 23 | Client 16 | Model: (MobileNetV3) | Acc: 79.83%
Round 23 | Client 17 | Model: (LeNet) | Acc: 83.82%
Round 23 | Client 18 | Model: (AlexNet) | Acc: 81.02%
Round 23 | Client 19 | Model: (ShuffleNet) | Acc: 71.73%
Round 23 | Client 20 | Model: (SqueezeNet) | Acc: 5.79%
Round 23 | Client 22 | Model: (MLP) | Acc: 40.05%
Round 23 | Client 23 | Model: (CNN) | Acc: 64.95%
Round 23 | Client 24 | Model: (ResNet8) | Acc: 50.96%
Round 23 | Client 25 | Model: (ResNet18) | Acc: 11.21%
Round 23 | Client 26 | Model: (MobileNetV2) | Acc: 11.86%
Round 23 | Client 27 | Model: (MobileNetV3) | Acc: 46.14%
Round 23 | Client 28 | Model: (LeNet) | Acc: 51.82%
Round 23 | Client 29 | Model: (AlexNet) | Acc: 55.89%
Round 23 | Client 30 | Model: (ShuffleNet) | Acc: 11.84%
Round 23 | Client 31 | Model: (SqueezeNet) | Acc: 10.90%
[Server] Aggregating by Dataset Name ...
[Server] Training Feature-Based Global Generator...
[Server] Global Inference Model Acc (MNIST) (Round 23): 99.02% (Tested on 9095 samples)
[Server] Global Inference Model Acc (EMNIST) (Round 23): 81.15% (Tested on 105779 samples)
[Server] Global Inference Model Acc (CIFAR10) (Round 23): 71.22% (Tested on 9100 samples)
[Server] Global Inference Model Acc (Mix) (Round 23): 81.73% (Tested on 123974 samples)
Selected client ids: [0, 1, 2, 3, 4, 5, 6, 7, 8, 9, 10, 11, 12, 13, 14, 15, 16, 17, 18, 19, 20, 21, 22, 23, 24, 25, 26, 27, 28, 29]
--- Round 24 ---
Round 24 | Client 0 | Model: (MLP) | Acc: 93.78%
Round 24 | Client 1 | Model: (CNN) | Acc: 96.90%
Round 24 | Client 2 | Model: (ResNet8) | Acc: 98.41%
Round 24 | Client 3 | Model: (ResNet18) | Acc: 98.98%
Round 24 | Client 4 | Model: (MobileNetV2) | Acc: 39.19%
Round 24 | Client 5 | Model: (MobileNetV3) | Acc: 92.42%
Round 24 | Client 6 | Model: (LeNet) | Acc: 98.69%
Round 24 | Client 7 | Model: (AlexNet) | Acc: 99.26%
Round 24 | Client 8 | Model: (ShuffleNet) | Acc: 72.83%
Round 24 | Client 9 | Model: (SqueezeNet) | Acc: 83.17%
Round 24 | Client 11 | Model: (MLP) | Acc: 79.20%
Round 24 | Client 12 | Model: (CNN) | Acc: 85.78%
Round 24 | Client 13 | Model: (ResNet8) | Acc: 85.15%
Round 24 | Client 14 | Model: (ResNet18) | Acc: 6.49%
Round 24 | Client 15 | Model: (MobileNetV2) | Acc: 5.82%
Round 24 | Client 16 | Model: (MobileNetV3) | Acc: 79.24%
Round 24 | Client 17 | Model: (LeNet) | Acc: 84.04%
Round 24 | Client 18 | Model: (AlexNet) | Acc: 81.16%
Round 24 | Client 19 | Model: (ShuffleNet) | Acc: 78.50%
Round 24 | Client 20 | Model: (SqueezeNet) | Acc: 5.79%
Round 24 | Client 22 | Model: (MLP) | Acc: 40.65%
Round 24 | Client 23 | Model: (CNN) | Acc: 65.27%
Round 24 | Client 24 | Model: (ResNet8) | Acc: 51.28%
Round 24 | Client 25 | Model: (ResNet18) | Acc: 11.21%
Round 24 | Client 26 | Model: (MobileNetV2) | Acc: 11.86%
Round 24 | Client 27 | Model: (MobileNetV3) | Acc: 45.49%
Round 24 | Client 28 | Model: (LeNet) | Acc: 53.58%
Round 24 | Client 29 | Model: (AlexNet) | Acc: 56.00%
Round 24 | Client 30 | Model: (ShuffleNet) | Acc: 11.51%
Round 24 | Client 31 | Model: (SqueezeNet) | Acc: 10.90%
[Server] Aggregating by Dataset Name ...
[Server] Training Feature-Based Global Generator...
[Server] Global Inference Model Acc (MNIST) (Round 24): 98.87% (Tested on 9095 samples)
[Server] Global Inference Model Acc (EMNIST) (Round 24): 81.18% (Tested on 105779 samples)
[Server] Global Inference Model Acc (CIFAR10) (Round 24): 71.84% (Tested on 9100 samples)
[Server] Global Inference Model Acc (Mix) (Round 24): 81.79% (Tested on 123974 samples)
Selected client ids: [0, 1, 2, 3, 4, 5, 6, 7, 8, 9, 10, 11, 12, 13, 14, 15, 16, 17, 18, 19, 20, 21, 22, 23, 24, 25, 26, 27, 28, 29]
--- Round 25 ---
Round 25 | Client 0 | Model: (MLP) | Acc: 94.33%
Round 25 | Client 1 | Model: (CNN) | Acc: 97.23%
Round 25 | Client 2 | Model: (ResNet8) | Acc: 98.64%
Round 25 | Client 3 | Model: (ResNet18) | Acc: 97.62%
Round 25 | Client 4 | Model: (MobileNetV2) | Acc: 55.35%
Round 25 | Client 5 | Model: (MobileNetV3) | Acc: 92.87%
Round 25 | Client 6 | Model: (LeNet) | Acc: 99.12%
Round 25 | Client 7 | Model: (AlexNet) | Acc: 99.37%
Round 25 | Client 8 | Model: (ShuffleNet) | Acc: 80.29%
Round 25 | Client 9 | Model: (SqueezeNet) | Acc: 73.44%
Round 25 | Client 11 | Model: (MLP) | Acc: 79.21%
Round 25 | Client 12 | Model: (CNN) | Acc: 85.35%
Round 25 | Client 13 | Model: (ResNet8) | Acc: 84.51%
Round 25 | Client 14 | Model: (ResNet18) | Acc: 6.49%
Round 25 | Client 15 | Model: (MobileNetV2) | Acc: 5.82%
Round 25 | Client 16 | Model: (MobileNetV3) | Acc: 80.86%
Round 25 | Client 17 | Model: (LeNet) | Acc: 83.19%
Round 25 | Client 18 | Model: (AlexNet) | Acc: 80.64%
Round 25 | Client 19 | Model: (ShuffleNet) | Acc: 78.84%
Round 25 | Client 20 | Model: (SqueezeNet) | Acc: 5.79%
Round 25 | Client 22 | Model: (MLP) | Acc: 40.65%
Round 25 | Client 23 | Model: (CNN) | Acc: 66.04%
Round 25 | Client 24 | Model: (ResNet8) | Acc: 52.25%
Round 25 | Client 25 | Model: (ResNet18) | Acc: 11.21%
Round 25 | Client 26 | Model: (MobileNetV2) | Acc: 11.86%
Round 25 | Client 27 | Model: (MobileNetV3) | Acc: 47.10%
Round 25 | Client 28 | Model: (LeNet) | Acc: 53.14%
Round 25 | Client 29 | Model: (AlexNet) | Acc: 56.76%
Round 25 | Client 30 | Model: (ShuffleNet) | Acc: 11.51%
Round 25 | Client 31 | Model: (SqueezeNet) | Acc: 10.90%
[Server] Aggregating by Dataset Name ...
[Server] Training Feature-Based Global Generator...
[Server] Global Inference Model Acc (MNIST) (Round 25): 99.18% (Tested on 9095 samples)
[Server] Global Inference Model Acc (EMNIST) (Round 25): 82.36% (Tested on 105779 samples)
[Server] Global Inference Model Acc (CIFAR10) (Round 25): 72.68% (Tested on 9100 samples)
[Server] Global Inference Model Acc (Mix) (Round 25): 82.88% (Tested on 123974 samples)
Selected client ids: [0, 1, 2, 3, 4, 5, 6, 7, 8, 9, 10, 11, 12, 13, 14, 15, 16, 17, 18, 19, 20, 21, 22, 23, 24, 25, 26, 27, 28, 29]
--- Round 26 ---
Round 26 | Client 0 | Model: (MLP) | Acc: 94.44%
Round 26 | Client 1 | Model: (CNN) | Acc: 97.23%
Round 26 | Client 2 | Model: (ResNet8) | Acc: 98.64%
Round 26 | Client 3 | Model: (ResNet18) | Acc: 98.42%
Round 26 | Client 4 | Model: (MobileNetV2) | Acc: 53.85%
Round 26 | Client 5 | Model: (MobileNetV3) | Acc: 92.98%
Round 26 | Client 6 | Model: (LeNet) | Acc: 98.80%
Round 26 | Client 7 | Model: (AlexNet) | Acc: 98.95%
Round 26 | Client 8 | Model: (ShuffleNet) | Acc: 82.85%
Round 26 | Client 9 | Model: (SqueezeNet) | Acc: 84.04%
Round 26 | Client 11 | Model: (MLP) | Acc: 78.29%
Round 26 | Client 12 | Model: (CNN) | Acc: 85.56%
Round 26 | Client 13 | Model: (ResNet8) | Acc: 84.58%
Round 26 | Client 14 | Model: (ResNet18) | Acc: 6.49%
Round 26 | Client 15 | Model: (MobileNetV2) | Acc: 5.82%
Round 26 | Client 16 | Model: (MobileNetV3) | Acc: 80.78%
Round 26 | Client 17 | Model: (LeNet) | Acc: 84.02%
Round 26 | Client 18 | Model: (AlexNet) | Acc: 80.25%
Round 26 | Client 19 | Model: (ShuffleNet) | Acc: 78.00%
Round 26 | Client 20 | Model: (SqueezeNet) | Acc: 5.79%
Round 26 | Client 22 | Model: (MLP) | Acc: 36.33%
Round 26 | Client 23 | Model: (CNN) | Acc: 66.37%
Round 26 | Client 24 | Model: (ResNet8) | Acc: 54.60%
Round 26 | Client 25 | Model: (ResNet18) | Acc: 11.21%
Round 26 | Client 26 | Model: (MobileNetV2) | Acc: 11.86%
Round 26 | Client 27 | Model: (MobileNetV3) | Acc: 47.10%
Round 26 | Client 28 | Model: (LeNet) | Acc: 53.91%
Round 26 | Client 29 | Model: (AlexNet) | Acc: 56.32%
Round 26 | Client 30 | Model: (ShuffleNet) | Acc: 11.51%
Round 26 | Client 31 | Model: (SqueezeNet) | Acc: 10.90%
[Server] Aggregating by Dataset Name ...
[Server] Training Feature-Based Global Generator...
[Server] Global Inference Model Acc (MNIST) (Round 26): 99.07% (Tested on 9095 samples)
[Server] Global Inference Model Acc (EMNIST) (Round 26): 78.80% (Tested on 105779 samples)
[Server] Global Inference Model Acc (CIFAR10) (Round 26): 73.36% (Tested on 9100 samples)
[Server] Global Inference Model Acc (Mix) (Round 26): 79.89% (Tested on 123974 samples)
Selected client ids: [0, 1, 2, 3, 4, 5, 6, 7, 8, 9, 10, 11, 12, 13, 14, 15, 16, 17, 18, 19, 20, 21, 22, 23, 24, 25, 26, 27, 28, 29]
--- Round 27 ---
Round 27 | Client 0 | Model: (MLP) | Acc: 93.78%
Round 27 | Client 1 | Model: (CNN) | Acc: 97.12%
Round 27 | Client 2 | Model: (ResNet8) | Acc: 98.75%
Round 27 | Client 3 | Model: (ResNet18) | Acc: 98.42%
Round 27 | Client 4 | Model: (MobileNetV2) | Acc: 47.97%
Round 27 | Client 5 | Model: (MobileNetV3) | Acc: 93.31%
Round 27 | Client 6 | Model: (LeNet) | Acc: 99.23%
Round 27 | Client 7 | Model: (AlexNet) | Acc: 99.05%
Round 27 | Client 8 | Model: (ShuffleNet) | Acc: 86.19%
Round 27 | Client 9 | Model: (SqueezeNet) | Acc: 87.10%
Round 27 | Client 11 | Model: (MLP) | Acc: 78.95%
Round 27 | Client 12 | Model: (CNN) | Acc: 85.27%
Round 27 | Client 13 | Model: (ResNet8) | Acc: 84.81%
Round 27 | Client 14 | Model: (ResNet18) | Acc: 6.49%
Round 27 | Client 15 | Model: (MobileNetV2) | Acc: 5.82%
Round 27 | Client 16 | Model: (MobileNetV3) | Acc: 80.68%
Round 27 | Client 17 | Model: (LeNet) | Acc: 84.02%
Round 27 | Client 18 | Model: (AlexNet) | Acc: 80.07%
Round 27 | Client 19 | Model: (ShuffleNet) | Acc: 76.88%
Round 27 | Client 20 | Model: (SqueezeNet) | Acc: 5.79%
Round 27 | Client 22 | Model: (MLP) | Acc: 38.97%
Round 27 | Client 23 | Model: (CNN) | Acc: 64.73%
Round 27 | Client 24 | Model: (ResNet8) | Acc: 51.82%
Round 27 | Client 25 | Model: (ResNet18) | Acc: 11.21%
Round 27 | Client 26 | Model: (MobileNetV2) | Acc: 11.86%
Round 27 | Client 27 | Model: (MobileNetV3) | Acc: 45.49%
Round 27 | Client 28 | Model: (LeNet) | Acc: 52.81%
Round 27 | Client 29 | Model: (AlexNet) | Acc: 55.57%
Round 27 | Client 30 | Model: (ShuffleNet) | Acc: 11.51%
Round 27 | Client 31 | Model: (SqueezeNet) | Acc: 10.90%
[Server] Aggregating by Dataset Name ...
[Server] Training Feature-Based Global Generator...
[Server] Global Inference Model Acc (MNIST) (Round 27): 99.36% (Tested on 9095 samples)
[Server] Global Inference Model Acc (EMNIST) (Round 27): 81.61% (Tested on 105779 samples)
[Server] Global Inference Model Acc (CIFAR10) (Round 27): 74.23% (Tested on 9100 samples)
[Server] Global Inference Model Acc (Mix) (Round 27): 82.37% (Tested on 123974 samples)
Selected client ids: [0, 1, 2, 3, 4, 5, 6, 7, 8, 9, 10, 11, 12, 13, 14, 15, 16, 17, 18, 19, 20, 21, 22, 23, 24, 25, 26, 27, 28, 29]
--- Round 28 ---
Round 28 | Client 0 | Model: (MLP) | Acc: 95.09%
Round 28 | Client 1 | Model: (CNN) | Acc: 97.45%
Round 28 | Client 2 | Model: (ResNet8) | Acc: 99.09%
Round 28 | Client 3 | Model: (ResNet18) | Acc: 98.87%
Round 28 | Client 4 | Model: (MobileNetV2) | Acc: 23.13%
Round 28 | Client 5 | Model: (MobileNetV3) | Acc: 93.31%
Round 28 | Client 6 | Model: (LeNet) | Acc: 98.91%
Round 28 | Client 7 | Model: (AlexNet) | Acc: 98.53%
Round 28 | Client 8 | Model: (ShuffleNet) | Acc: 88.42%
Round 28 | Client 9 | Model: (SqueezeNet) | Acc: 87.98%
Round 28 | Client 11 | Model: (MLP) | Acc: 78.17%
Round 28 | Client 12 | Model: (CNN) | Acc: 85.46%
Round 28 | Client 13 | Model: (ResNet8) | Acc: 84.72%
Round 28 | Client 14 | Model: (ResNet18) | Acc: 6.49%
Round 28 | Client 15 | Model: (MobileNetV2) | Acc: 5.82%
Round 28 | Client 16 | Model: (MobileNetV3) | Acc: 79.99%
Round 28 | Client 17 | Model: (LeNet) | Acc: 83.59%
Round 28 | Client 18 | Model: (AlexNet) | Acc: 80.45%
Round 28 | Client 19 | Model: (ShuffleNet) | Acc: 79.31%
Round 28 | Client 20 | Model: (SqueezeNet) | Acc: 5.79%
Round 28 | Client 22 | Model: (MLP) | Acc: 38.73%
Round 28 | Client 23 | Model: (CNN) | Acc: 64.07%
Round 28 | Client 24 | Model: (ResNet8) | Acc: 55.78%
Round 28 | Client 25 | Model: (ResNet18) | Acc: 11.21%
Round 28 | Client 26 | Model: (MobileNetV2) | Acc: 11.86%
Round 28 | Client 27 | Model: (MobileNetV3) | Acc: 47.21%
Round 28 | Client 28 | Model: (LeNet) | Acc: 50.94%
Round 28 | Client 29 | Model: (AlexNet) | Acc: 57.51%
Round 28 | Client 30 | Model: (ShuffleNet) | Acc: 11.51%
Round 28 | Client 31 | Model: (SqueezeNet) | Acc: 10.90%
[Server] Aggregating by Dataset Name ...
[Server] Training Feature-Based Global Generator...
[Server] Global Inference Model Acc (MNIST) (Round 28): 99.36% (Tested on 9095 samples)
[Server] Global Inference Model Acc (EMNIST) (Round 28): 80.00% (Tested on 105779 samples)
[Server] Global Inference Model Acc (CIFAR10) (Round 28): 71.13% (Tested on 9100 samples)
[Server] Global Inference Model Acc (Mix) (Round 28): 80.77% (Tested on 123974 samples)
Selected client ids: [0, 1, 2, 3, 4, 5, 6, 7, 8, 9, 10, 11, 12, 13, 14, 15, 16, 17, 18, 19, 20, 21, 22, 23, 24, 25, 26, 27, 28, 29]
--- Round 29 ---
Round 29 | Client 0 | Model: (MLP) | Acc: 95.20%
Round 29 | Client 1 | Model: (CNN) | Acc: 96.68%
Round 29 | Client 2 | Model: (ResNet8) | Acc: 99.21%
Round 29 | Client 3 | Model: (ResNet18) | Acc: 98.42%
Round 29 | Client 4 | Model: (MobileNetV2) | Acc: 32.87%
Round 29 | Client 5 | Model: (MobileNetV3) | Acc: 93.53%
Round 29 | Client 6 | Model: (LeNet) | Acc: 98.91%
Round 29 | Client 7 | Model: (AlexNet) | Acc: 99.05%
Round 29 | Client 8 | Model: (ShuffleNet) | Acc: 88.20%
Round 29 | Client 9 | Model: (SqueezeNet) | Acc: 87.87%
Round 29 | Client 11 | Model: (MLP) | Acc: 77.90%
Round 29 | Client 12 | Model: (CNN) | Acc: 85.43%
Round 29 | Client 13 | Model: (ResNet8) | Acc: 84.59%
Round 29 | Client 14 | Model: (ResNet18) | Acc: 6.49%
Round 29 | Client 15 | Model: (MobileNetV2) | Acc: 5.82%
Round 29 | Client 16 | Model: (MobileNetV3) | Acc: 80.40%
Round 29 | Client 17 | Model: (LeNet) | Acc: 83.41%
Round 29 | Client 18 | Model: (AlexNet) | Acc: 80.19%
Round 29 | Client 19 | Model: (ShuffleNet) | Acc: 79.99%
Round 29 | Client 20 | Model: (SqueezeNet) | Acc: 5.79%
Round 29 | Client 22 | Model: (MLP) | Acc: 39.09%
Round 29 | Client 23 | Model: (CNN) | Acc: 61.87%
Round 29 | Client 24 | Model: (ResNet8) | Acc: 54.71%
Round 29 | Client 25 | Model: (ResNet18) | Acc: 11.21%
Round 29 | Client 26 | Model: (MobileNetV2) | Acc: 11.86%
Round 29 | Client 27 | Model: (MobileNetV3) | Acc: 46.14%
Round 29 | Client 28 | Model: (LeNet) | Acc: 52.70%
Round 29 | Client 29 | Model: (AlexNet) | Acc: 56.54%
Round 29 | Client 30 | Model: (ShuffleNet) | Acc: 11.51%
Round 29 | Client 31 | Model: (SqueezeNet) | Acc: 10.90%
[Server] Aggregating by Dataset Name ...
[Server] Training Feature-Based Global Generator...
[Server] Global Inference Model Acc (MNIST) (Round 29): 99.40% (Tested on 9095 samples)
[Server] Global Inference Model Acc (EMNIST) (Round 29): 80.00% (Tested on 105779 samples)
[Server] Global Inference Model Acc (CIFAR10) (Round 29): 74.84% (Tested on 9100 samples)
[Server] Global Inference Model Acc (Mix) (Round 29): 81.05% (Tested on 123974 samples)
Selected client ids: [0, 1, 2, 3, 4, 5, 6, 7, 8, 9, 10, 11, 12, 13, 14, 15, 16, 17, 18, 19, 20, 21, 22, 23, 24, 25, 26, 27, 28, 29]
--- Round 30 ---
Round 30 | Client 0 | Model: (MLP) | Acc: 94.66%
Round 30 | Client 1 | Model: (CNN) | Acc: 97.34%
Round 30 | Client 2 | Model: (ResNet8) | Acc: 98.64%
Round 30 | Client 3 | Model: (ResNet18) | Acc: 98.98%
Round 30 | Client 4 | Model: (MobileNetV2) | Acc: 29.98%
Round 30 | Client 5 | Model: (MobileNetV3) | Acc: 93.20%
Round 30 | Client 6 | Model: (LeNet) | Acc: 98.80%
Round 30 | Client 7 | Model: (AlexNet) | Acc: 99.05%
Round 30 | Client 8 | Model: (ShuffleNet) | Acc: 87.08%
Round 30 | Client 9 | Model: (SqueezeNet) | Acc: 90.38%
Round 30 | Client 11 | Model: (MLP) | Acc: 79.21%
Round 30 | Client 12 | Model: (CNN) | Acc: 85.16%
Round 30 | Client 13 | Model: (ResNet8) | Acc: 84.20%
Round 30 | Client 14 | Model: (ResNet18) | Acc: 6.49%
Round 30 | Client 15 | Model: (MobileNetV2) | Acc: 5.82%
Round 30 | Client 16 | Model: (MobileNetV3) | Acc: 80.07%
Round 30 | Client 17 | Model: (LeNet) | Acc: 84.10%
Round 30 | Client 18 | Model: (AlexNet) | Acc: 80.14%
Round 30 | Client 19 | Model: (ShuffleNet) | Acc: 78.18%
Round 30 | Client 20 | Model: (SqueezeNet) | Acc: 5.79%
Round 30 | Client 22 | Model: (MLP) | Acc: 41.13%
Round 30 | Client 23 | Model: (CNN) | Acc: 63.85%
Round 30 | Client 24 | Model: (ResNet8) | Acc: 57.71%
Round 30 | Client 25 | Model: (ResNet18) | Acc: 11.21%
Round 30 | Client 26 | Model: (MobileNetV2) | Acc: 11.86%
Round 30 | Client 27 | Model: (MobileNetV3) | Acc: 46.46%
Round 30 | Client 28 | Model: (LeNet) | Acc: 51.16%
Round 30 | Client 29 | Model: (AlexNet) | Acc: 56.11%
Round 30 | Client 30 | Model: (ShuffleNet) | Acc: 11.51%
Round 30 | Client 31 | Model: (SqueezeNet) | Acc: 10.56%
[Server] Aggregating by Dataset Name ...
[Server] Training Feature-Based Global Generator...
[Server] Global Inference Model Acc (MNIST) (Round 30): 99.24% (Tested on 9095 samples)
[Server] Global Inference Model Acc (EMNIST) (Round 30): 79.51% (Tested on 105779 samples)
[Server] Global Inference Model Acc (CIFAR10) (Round 30): 74.55% (Tested on 9100 samples)
[Server] Global Inference Model Acc (Mix) (Round 30): 80.60% (Tested on 123974 samples)
Saving FedTED_dir Server Checkpoints ...
[Server] All clients saved in logs/2026-05-18_19-06-47/FedTED_dir/clients_last_round_checkpoints/
==============================    Finished. Total Time: 3:48:00    ==============================
