Time: 2026-05-13 13:10:51
Log Dir: /home/unshun/multi-FL/logs/2026-05-11_18-56-10/Ours_GeFL/new_client_2026-05-13_13-10-51/baseline_single_dataset
================================================================================
============================== New Client: baseline ==============================
  Target Model: logs/2026-05-11_18-56-10/Ours_GeFL/server_checkpoints.pth
  Dataset Mode: single
  Output Dir:   /home/unshun/multi-FL/logs/2026-05-11_18-56-10/Ours_GeFL/new_client_2026-05-13_13-10-51/baseline_single_dataset
================================================================================

==================================================
Dataset: MNIST | Client ID: 10
==================================================

  [ResNet18] Training...
    Epoch 0 (init) | Acc: 8.95%
    Epoch 1/10 | CE: 0.4396 | Acc: 87.29%
    Epoch 2/10 | CE: 0.1731 | Acc: 96.69%
    Epoch 3/10 | CE: 0.1022 | Acc: 98.01%
    Epoch 4/10 | CE: 0.0683 | Acc: 96.91%
    Epoch 5/10 | CE: 0.0642 | Acc: 97.02%
    Epoch 6/10 | CE: 0.0774 | Acc: 96.35%
    Epoch 7/10 | CE: 0.0561 | Acc: 94.59%
    Epoch 8/10 | CE: 0.0433 | Acc: 97.24%
    Epoch 9/10 | CE: 0.0539 | Acc: 96.24%
    Epoch 10/10 | CE: 0.0303 | Acc: 97.46%
Accuracy history saved to /home/unshun/multi-FL/logs/2026-05-11_18-56-10/Ours_GeFL/new_client_2026-05-13_13-10-51/baseline_single_dataset/MNIST_newclient_history.csv

==================================================
Dataset: FashionMNIST | Client ID: 21
==================================================

  [ResNet18] Training...
    Epoch 0 (init) | Acc: 9.89%
    Epoch 1/10 | CE: 0.8798 | Acc: 71.67%
    Epoch 2/10 | CE: 0.5533 | Acc: 74.67%
    Epoch 3/10 | CE: 0.4560 | Acc: 80.11%
    Epoch 4/10 | CE: 0.4005 | Acc: 83.78%
    Epoch 5/10 | CE: 0.3902 | Acc: 81.33%
    Epoch 6/10 | CE: 0.3177 | Acc: 83.78%
    Epoch 7/10 | CE: 0.2877 | Acc: 82.67%
    Epoch 8/10 | CE: 0.2416 | Acc: 83.44%
    Epoch 9/10 | CE: 0.2344 | Acc: 87.33%
    Epoch 10/10 | CE: 0.2165 | Acc: 86.33%
Accuracy history saved to /home/unshun/multi-FL/logs/2026-05-11_18-56-10/Ours_GeFL/new_client_2026-05-13_13-10-51/baseline_single_dataset/FashionMNIST_newclient_history.csv

==================================================
Dataset: EMNIST | Client ID: 32
==================================================

  [ResNet18] Training...
    Epoch 0 (init) | Acc: 5.14%
    Epoch 1/10 | CE: 0.7594 | Acc: 79.29%
    Epoch 2/10 | CE: 0.4807 | Acc: 83.39%
    Epoch 3/10 | CE: 0.4357 | Acc: 84.51%
    Epoch 4/10 | CE: 0.4122 | Acc: 84.41%
    Epoch 5/10 | CE: 0.3904 | Acc: 84.87%
    Epoch 6/10 | CE: 0.3742 | Acc: 84.12%
    Epoch 7/10 | CE: 0.3554 | Acc: 85.19%
    Epoch 8/10 | CE: 0.3390 | Acc: 84.60%
    Epoch 9/10 | CE: 0.3249 | Acc: 84.85%
    Epoch 10/10 | CE: 0.3117 | Acc: 85.57%
Accuracy history saved to /home/unshun/multi-FL/logs/2026-05-11_18-56-10/Ours_GeFL/new_client_2026-05-13_13-10-51/baseline_single_dataset/EMNIST_newclient_history.csv

============================== Finished. Total Time: 0:04:47 ==============================
