Time: 2026-04-16 00:07:23
Log Dir: /home/unshun/multi-FL/logs/Local_noniid_het_gb40/new_client_2026-04-16_00-07-23/
================================================================================Loading checkpoints from logs/Local_noniid_het_gb40/Local/
Method selected: DI
Loaded MLP for MNIST from client_model_MNIST_c0_MLP.pth
Loaded LeNet for MNIST from client_model_MNIST_c6_LeNet.pth
Loaded ShuffleNet for MNIST from client_model_MNIST_c8_ShuffleNet.pth
Loaded MobileNetV2 for MNIST from client_model_MNIST_c4_MobileNetV2.pth
Loaded ResNet8 for MNIST from client_model_MNIST_c2_ResNet8.pth
Loaded CNN for MNIST from client_model_MNIST_c1_CNN.pth
Loaded ResNet18 for MNIST from client_model_MNIST_c3_ResNet18.pth
Loaded SqueezeNet for MNIST from client_model_MNIST_c9_SqueezeNet.pth
Loaded AlexNet for MNIST from client_model_MNIST_c7_AlexNet.pth
Loaded MobileNetV3 for MNIST from client_model_MNIST_c5_MobileNetV3.pth
Loaded ShuffleNet for EMNIST from client_model_EMNIST_c19_ShuffleNet.pth
Loaded MobileNetV2 for EMNIST from client_model_EMNIST_c15_MobileNetV2.pth
Loaded AlexNet for EMNIST from client_model_EMNIST_c18_AlexNet.pth
Loaded SqueezeNet for EMNIST from client_model_EMNIST_c20_SqueezeNet.pth
Loaded MobileNetV3 for EMNIST from client_model_EMNIST_c16_MobileNetV3.pth
Loaded ResNet18 for EMNIST from client_model_EMNIST_c14_ResNet18.pth
Loaded ResNet8 for EMNIST from client_model_EMNIST_c13_ResNet8.pth
Loaded CNN for EMNIST from client_model_EMNIST_c12_CNN.pth
Loaded MLP for EMNIST from client_model_EMNIST_c11_MLP.pth
Loaded LeNet for EMNIST from client_model_EMNIST_c17_LeNet.pth
WARNING: No models loaded for dataset: FashionMNIST.
WARNING: No models loaded for dataset: CIFAR100.

========================================
>>> [METHOD: SYNTHETIC] Starting Synthetic Label Mapping...
========================================
>>> Target Methods to Run: ['DI']
>>> [Syn] Loaded client data distributions directly from server checkpoint.

########################################
>>> [Syn] Running Method: DI
########################################

>>> Syn-DI Training New Generators...
[Testing] Training Per-Dataset Generators Offline (New Gen Method)...
--- DeepInversion Generator Configuration ---
    epochs: 120
    g_steps: 1000
    lr: 0.1
    ce: 1.0
    bn: 10.0
    tv: 0.005
    l2: 0.0
    adv: 1.0
    student_lr: 0.2
------------------------------------
    -> [Epoch 0] Student Test Accuracy for MNIST: 11.35%
    -> [Epoch 1] Student Test Accuracy for MNIST: 11.35%
    -> [Epoch 2] Student Test Accuracy for MNIST: 10.10%
    -> [Epoch 3] Student Test Accuracy for MNIST: 10.04%
    -> [Epoch 4] Student Test Accuracy for MNIST: 10.10%
    -> [Epoch 5] Student Test Accuracy for MNIST: 10.10%
    -> [Epoch 6] Student Test Accuracy for MNIST: 10.10%
    -> [Epoch 7] Student Test Accuracy for MNIST: 10.10%
    -> [Epoch 8] Student Test Accuracy for MNIST: 10.10%
    -> [Epoch 9] Student Test Accuracy for MNIST: 10.10%
    -> [Epoch 10] Student Test Accuracy for MNIST: 10.10%
    -> [Epoch 11] Student Test Accuracy for MNIST: 10.10%
    -> [Epoch 12] Student Test Accuracy for MNIST: 10.10%
    -> [Epoch 13] Student Test Accuracy for MNIST: 8.92%
    -> [Epoch 14] Student Test Accuracy for MNIST: 10.36%
    -> [Epoch 15] Student Test Accuracy for MNIST: 8.31%
    -> [Epoch 16] Student Test Accuracy for MNIST: 8.91%
    -> [Epoch 17] Student Test Accuracy for MNIST: 10.48%
    -> [Epoch 18] Student Test Accuracy for MNIST: 11.43%
    -> [Epoch 19] Student Test Accuracy for MNIST: 11.63%
    -> [Epoch 20] Student Test Accuracy for MNIST: 13.34%
    -> [Epoch 21] Student Test Accuracy for MNIST: 14.39%
    -> [Epoch 22] Student Test Accuracy for MNIST: 10.10%
    -> [Epoch 23] Student Test Accuracy for MNIST: 10.10%
    -> [Epoch 24] Student Test Accuracy for MNIST: 10.10%
    -> [Epoch 25] Student Test Accuracy for MNIST: 10.10%
    -> [Epoch 26] Student Test Accuracy for MNIST: 10.10%
    -> [Epoch 27] Student Test Accuracy for MNIST: 10.05%
    -> [Epoch 28] Student Test Accuracy for MNIST: 12.81%
    -> [Epoch 29] Student Test Accuracy for MNIST: 10.44%
    -> [Epoch 30] Student Test Accuracy for MNIST: 8.92%
    -> [Epoch 31] Student Test Accuracy for MNIST: 8.92%
    -> [Epoch 32] Student Test Accuracy for MNIST: 9.52%
    -> [Epoch 33] Student Test Accuracy for MNIST: 10.10%
    -> [Epoch 34] Student Test Accuracy for MNIST: 10.10%
    -> [Epoch 35] Student Test Accuracy for MNIST: 10.62%
    -> [Epoch 36] Student Test Accuracy for MNIST: 13.36%
    -> [Epoch 37] Student Test Accuracy for MNIST: 16.68%
    -> [Epoch 38] Student Test Accuracy for MNIST: 11.41%
    -> [Epoch 39] Student Test Accuracy for MNIST: 10.01%
    -> [Epoch 40] Student Test Accuracy for MNIST: 9.75%
    -> [Epoch 41] Student Test Accuracy for MNIST: 9.61%
    -> [Epoch 42] Student Test Accuracy for MNIST: 9.80%
    -> [Epoch 43] Student Test Accuracy for MNIST: 14.64%
    -> [Epoch 44] Student Test Accuracy for MNIST: 17.26%
    -> [Epoch 45] Student Test Accuracy for MNIST: 13.07%
    -> [Epoch 46] Student Test Accuracy for MNIST: 13.04%
    -> [Epoch 47] Student Test Accuracy for MNIST: 14.35%
    -> [Epoch 48] Student Test Accuracy for MNIST: 9.61%
    -> [Epoch 49] Student Test Accuracy for MNIST: 9.58%
    -> [Epoch 50] Student Test Accuracy for MNIST: 9.58%
    -> [Epoch 51] Student Test Accuracy for MNIST: 9.76%
    -> [Epoch 52] Student Test Accuracy for MNIST: 13.24%
    -> [Epoch 53] Student Test Accuracy for MNIST: 15.39%
    -> [Epoch 54] Student Test Accuracy for MNIST: 14.97%
    -> [Epoch 55] Student Test Accuracy for MNIST: 14.71%
    -> [Epoch 56] Student Test Accuracy for MNIST: 11.75%
    -> [Epoch 57] Student Test Accuracy for MNIST: 9.67%
    -> [Epoch 58] Student Test Accuracy for MNIST: 9.58%
    -> [Epoch 59] Student Test Accuracy for MNIST: 9.58%
    -> [Epoch 60] Student Test Accuracy for MNIST: 9.64%
    -> [Epoch 61] Student Test Accuracy for MNIST: 17.53%
    -> [Epoch 62] Student Test Accuracy for MNIST: 13.91%
    -> [Epoch 63] Student Test Accuracy for MNIST: 13.50%
    -> [Epoch 64] Student Test Accuracy for MNIST: 14.00%
    -> [Epoch 65] Student Test Accuracy for MNIST: 14.84%
    -> [Epoch 66] Student Test Accuracy for MNIST: 12.69%
    -> [Epoch 67] Student Test Accuracy for MNIST: 15.41%
    -> [Epoch 68] Student Test Accuracy for MNIST: 11.39%
    -> [Epoch 69] Student Test Accuracy for MNIST: 10.34%
    -> [Epoch 70] Student Test Accuracy for MNIST: 10.37%
    -> [Epoch 71] Student Test Accuracy for MNIST: 13.39%
    -> [Epoch 72] Student Test Accuracy for MNIST: 16.51%
    -> [Epoch 73] Student Test Accuracy for MNIST: 11.82%
    -> [Epoch 74] Student Test Accuracy for MNIST: 9.98%
    -> [Epoch 75] Student Test Accuracy for MNIST: 9.58%
    -> [Epoch 76] Student Test Accuracy for MNIST: 9.59%
    -> [Epoch 77] Student Test Accuracy for MNIST: 9.59%
    -> [Epoch 78] Student Test Accuracy for MNIST: 9.68%
    -> [Epoch 79] Student Test Accuracy for MNIST: 9.78%
    -> [Epoch 80] Student Test Accuracy for MNIST: 11.29%
    -> [Epoch 81] Student Test Accuracy for MNIST: 16.45%
    -> [Epoch 82] Student Test Accuracy for MNIST: 11.16%
    -> [Epoch 83] Student Test Accuracy for MNIST: 8.94%
    -> [Epoch 84] Student Test Accuracy for MNIST: 8.92%
    -> [Epoch 85] Student Test Accuracy for MNIST: 10.45%
    -> [Epoch 86] Student Test Accuracy for MNIST: 18.45%
    -> [Epoch 87] Student Test Accuracy for MNIST: 16.91%
    -> [Epoch 88] Student Test Accuracy for MNIST: 13.86%
    -> [Epoch 89] Student Test Accuracy for MNIST: 14.23%
    -> [Epoch 90] Student Test Accuracy for MNIST: 17.42%
    -> [Epoch 91] Student Test Accuracy for MNIST: 17.97%
    -> [Epoch 92] Student Test Accuracy for MNIST: 17.12%
    -> [Epoch 93] Student Test Accuracy for MNIST: 17.27%
    -> [Epoch 94] Student Test Accuracy for MNIST: 17.27%
    -> [Epoch 95] Student Test Accuracy for MNIST: 17.36%
    -> [Epoch 96] Student Test Accuracy for MNIST: 17.09%
    -> [Epoch 97] Student Test Accuracy for MNIST: 16.38%
    -> [Epoch 98] Student Test Accuracy for MNIST: 16.94%
    -> [Epoch 99] Student Test Accuracy for MNIST: 17.21%
    -> [Epoch 100] Student Test Accuracy for MNIST: 17.79%
    -> [Epoch 101] Student Test Accuracy for MNIST: 16.99%
    -> [Epoch 102] Student Test Accuracy for MNIST: 17.20%
    -> [Epoch 103] Student Test Accuracy for MNIST: 17.84%
    -> [Epoch 104] Student Test Accuracy for MNIST: 15.45%
    -> [Epoch 105] Student Test Accuracy for MNIST: 14.46%
    -> [Epoch 106] Student Test Accuracy for MNIST: 15.55%
    -> [Epoch 107] Student Test Accuracy for MNIST: 15.96%
    -> [Epoch 108] Student Test Accuracy for MNIST: 18.28%
    -> [Epoch 109] Student Test Accuracy for MNIST: 17.92%
    -> [Epoch 110] Student Test Accuracy for MNIST: 18.41%
    -> [Epoch 111] Student Test Accuracy for MNIST: 18.20%
    -> [Epoch 112] Student Test Accuracy for MNIST: 15.29%
    -> [Epoch 113] Student Test Accuracy for MNIST: 13.16%
    -> [Epoch 114] Student Test Accuracy for MNIST: 15.68%
    -> [Epoch 115] Student Test Accuracy for MNIST: 16.64%
    -> [Epoch 116] Student Test Accuracy for MNIST: 17.39%
    -> [Epoch 117] Student Test Accuracy for MNIST: 14.49%
    -> [Epoch 118] Student Test Accuracy for MNIST: 11.73%
    -> [Epoch 119] Student Test Accuracy for MNIST: 11.25%
    Dataset [MNIST] Generator | Epochs: 120 | Final Loss: 41.2361
    -> Student Accuracy per Epoch saved to /home/unshun/multi-FL/logs/Local_noniid_het_gb40/new_client_2026-04-16_00-07-23/DI_MNIST_student_acc.csv
-> [New] Gen images saved to /home/unshun/multi-FL/logs/Local_noniid_het_gb40/new_client_2026-04-16_00-07-23/DeepInversion_MNIST__gen_img_new.png
    -> [Epoch 0] Student Test Accuracy for EMNIST: 1.76%
    -> [Epoch 1] Student Test Accuracy for EMNIST: 1.82%
    -> [Epoch 2] Student Test Accuracy for EMNIST: 5.32%
    -> [Epoch 3] Student Test Accuracy for EMNIST: 5.01%
    -> [Epoch 4] Student Test Accuracy for EMNIST: 4.89%
    -> [Epoch 5] Student Test Accuracy for EMNIST: 4.89%
    -> [Epoch 6] Student Test Accuracy for EMNIST: 0.36%
    -> [Epoch 7] Student Test Accuracy for EMNIST: 0.36%
    -> [Epoch 8] Student Test Accuracy for EMNIST: 4.84%
    -> [Epoch 9] Student Test Accuracy for EMNIST: 4.84%
    -> [Epoch 10] Student Test Accuracy for EMNIST: 4.84%
    -> [Epoch 11] Student Test Accuracy for EMNIST: 3.57%
    -> [Epoch 12] Student Test Accuracy for EMNIST: 3.57%
    -> [Epoch 13] Student Test Accuracy for EMNIST: 3.57%
    -> [Epoch 14] Student Test Accuracy for EMNIST: 3.57%
    -> [Epoch 15] Student Test Accuracy for EMNIST: 3.57%
    -> [Epoch 16] Student Test Accuracy for EMNIST: 3.57%
    -> [Epoch 17] Student Test Accuracy for EMNIST: 3.57%
    -> [Epoch 18] Student Test Accuracy for EMNIST: 0.38%
    -> [Epoch 19] Student Test Accuracy for EMNIST: 0.36%
    -> [Epoch 20] Student Test Accuracy for EMNIST: 0.36%
    -> [Epoch 21] Student Test Accuracy for EMNIST: 0.36%
    -> [Epoch 22] Student Test Accuracy for EMNIST: 4.89%
    -> [Epoch 23] Student Test Accuracy for EMNIST: 4.84%
    -> [Epoch 24] Student Test Accuracy for EMNIST: 4.84%
    -> [Epoch 25] Student Test Accuracy for EMNIST: 4.84%
    -> [Epoch 26] Student Test Accuracy for EMNIST: 4.84%
    -> [Epoch 27] Student Test Accuracy for EMNIST: 4.84%
    -> [Epoch 28] Student Test Accuracy for EMNIST: 4.84%
    -> [Epoch 29] Student Test Accuracy for EMNIST: 5.05%
    -> [Epoch 30] Student Test Accuracy for EMNIST: 5.05%
    -> [Epoch 31] Student Test Accuracy for EMNIST: 5.05%
    -> [Epoch 32] Student Test Accuracy for EMNIST: 5.05%
    -> [Epoch 33] Student Test Accuracy for EMNIST: 5.05%
    -> [Epoch 34] Student Test Accuracy for EMNIST: 4.89%
    -> [Epoch 35] Student Test Accuracy for EMNIST: 4.85%
    -> [Epoch 36] Student Test Accuracy for EMNIST: 4.84%
    -> [Epoch 37] Student Test Accuracy for EMNIST: 4.84%
    -> [Epoch 38] Student Test Accuracy for EMNIST: 4.84%
    -> [Epoch 39] Student Test Accuracy for EMNIST: 4.84%
    -> [Epoch 40] Student Test Accuracy for EMNIST: 2.99%
    -> [Epoch 41] Student Test Accuracy for EMNIST: 0.51%
    -> [Epoch 42] Student Test Accuracy for EMNIST: 0.51%
    -> [Epoch 43] Student Test Accuracy for EMNIST: 0.89%
    -> [Epoch 44] Student Test Accuracy for EMNIST: 0.49%
    -> [Epoch 45] Student Test Accuracy for EMNIST: 4.96%
    -> [Epoch 46] Student Test Accuracy for EMNIST: 5.05%
    -> [Epoch 47] Student Test Accuracy for EMNIST: 5.05%
    -> [Epoch 48] Student Test Accuracy for EMNIST: 5.05%
    -> [Epoch 49] Student Test Accuracy for EMNIST: 5.05%
    -> [Epoch 50] Student Test Accuracy for EMNIST: 5.05%
    -> [Epoch 51] Student Test Accuracy for EMNIST: 5.05%
    -> [Epoch 52] Student Test Accuracy for EMNIST: 4.97%
    -> [Epoch 53] Student Test Accuracy for EMNIST: 4.97%
    -> [Epoch 54] Student Test Accuracy for EMNIST: 4.97%
    -> [Epoch 55] Student Test Accuracy for EMNIST: 4.97%
    -> [Epoch 56] Student Test Accuracy for EMNIST: 4.97%
    -> [Epoch 57] Student Test Accuracy for EMNIST: 4.97%
    -> [Epoch 58] Student Test Accuracy for EMNIST: 4.97%
    -> [Epoch 59] Student Test Accuracy for EMNIST: 4.97%
    -> [Epoch 60] Student Test Accuracy for EMNIST: 0.51%
    -> [Epoch 61] Student Test Accuracy for EMNIST: 0.51%
    -> [Epoch 62] Student Test Accuracy for EMNIST: 0.51%
    -> [Epoch 63] Student Test Accuracy for EMNIST: 0.51%
    -> [Epoch 64] Student Test Accuracy for EMNIST: 0.51%
    -> [Epoch 65] Student Test Accuracy for EMNIST: 0.51%
    -> [Epoch 66] Student Test Accuracy for EMNIST: 0.51%
    -> [Epoch 67] Student Test Accuracy for EMNIST: 0.51%
    -> [Epoch 68] Student Test Accuracy for EMNIST: 0.51%
    -> [Epoch 69] Student Test Accuracy for EMNIST: 0.51%
    -> [Epoch 70] Student Test Accuracy for EMNIST: 0.52%
    -> [Epoch 71] Student Test Accuracy for EMNIST: 0.51%
    -> [Epoch 72] Student Test Accuracy for EMNIST: 4.97%
    -> [Epoch 73] Student Test Accuracy for EMNIST: 1.02%
    -> [Epoch 74] Student Test Accuracy for EMNIST: 0.79%
    -> [Epoch 75] Student Test Accuracy for EMNIST: 4.96%
    -> [Epoch 76] Student Test Accuracy for EMNIST: 4.97%
    -> [Epoch 77] Student Test Accuracy for EMNIST: 3.24%
    -> [Epoch 78] Student Test Accuracy for EMNIST: 4.93%
    -> [Epoch 79] Student Test Accuracy for EMNIST: 0.51%
    -> [Epoch 80] Student Test Accuracy for EMNIST: 4.97%
    -> [Epoch 81] Student Test Accuracy for EMNIST: 4.97%
    -> [Epoch 82] Student Test Accuracy for EMNIST: 4.97%
    -> [Epoch 83] Student Test Accuracy for EMNIST: 4.97%
    -> [Epoch 84] Student Test Accuracy for EMNIST: 0.51%
    -> [Epoch 85] Student Test Accuracy for EMNIST: 0.51%
    -> [Epoch 86] Student Test Accuracy for EMNIST: 0.51%
    -> [Epoch 87] Student Test Accuracy for EMNIST: 0.51%
    -> [Epoch 88] Student Test Accuracy for EMNIST: 0.51%
    -> [Epoch 89] Student Test Accuracy for EMNIST: 0.54%
    -> [Epoch 90] Student Test Accuracy for EMNIST: 0.51%
    -> [Epoch 91] Student Test Accuracy for EMNIST: 0.51%
    -> [Epoch 92] Student Test Accuracy for EMNIST: 0.51%
    -> [Epoch 93] Student Test Accuracy for EMNIST: 0.51%
    -> [Epoch 94] Student Test Accuracy for EMNIST: 0.51%
    -> [Epoch 95] Student Test Accuracy for EMNIST: 0.49%
    -> [Epoch 96] Student Test Accuracy for EMNIST: 0.51%
    -> [Epoch 97] Student Test Accuracy for EMNIST: 0.51%
    -> [Epoch 98] Student Test Accuracy for EMNIST: 0.51%
    -> [Epoch 99] Student Test Accuracy for EMNIST: 0.51%
    -> [Epoch 100] Student Test Accuracy for EMNIST: 0.51%
    -> [Epoch 101] Student Test Accuracy for EMNIST: 0.51%
    -> [Epoch 102] Student Test Accuracy for EMNIST: 4.96%
    -> [Epoch 103] Student Test Accuracy for EMNIST: 4.97%
    -> [Epoch 104] Student Test Accuracy for EMNIST: 4.97%
    -> [Epoch 105] Student Test Accuracy for EMNIST: 4.97%
    -> [Epoch 106] Student Test Accuracy for EMNIST: 4.97%
    -> [Epoch 107] Student Test Accuracy for EMNIST: 4.97%
    -> [Epoch 108] Student Test Accuracy for EMNIST: 4.97%
    -> [Epoch 109] Student Test Accuracy for EMNIST: 4.97%
    -> [Epoch 110] Student Test Accuracy for EMNIST: 4.97%
    -> [Epoch 111] Student Test Accuracy for EMNIST: 4.97%
    -> [Epoch 112] Student Test Accuracy for EMNIST: 4.97%
    -> [Epoch 113] Student Test Accuracy for EMNIST: 4.97%
    -> [Epoch 114] Student Test Accuracy for EMNIST: 4.92%
    -> [Epoch 115] Student Test Accuracy for EMNIST: 3.56%
    -> [Epoch 116] Student Test Accuracy for EMNIST: 3.26%
    -> [Epoch 117] Student Test Accuracy for EMNIST: 0.51%
    -> [Epoch 118] Student Test Accuracy for EMNIST: 0.51%
    -> [Epoch 119] Student Test Accuracy for EMNIST: 0.51%
    Dataset [EMNIST] Generator | Epochs: 120 | Final Loss: 1261.5291
    -> Student Accuracy per Epoch saved to /home/unshun/multi-FL/logs/Local_noniid_het_gb40/new_client_2026-04-16_00-07-23/DI_EMNIST_student_acc.csv
-> [New] Gen images saved to /home/unshun/multi-FL/logs/Local_noniid_het_gb40/new_client_2026-04-16_00-07-23/DeepInversion_EMNIST__gen_img_new.png
Exp (Syn): New Gen + Old Ent (0.1)
dynamic_entropy_ratio: 0.1
Exp (Syn): New Gen + Old Ent (0.15)
dynamic_entropy_ratio: 0.15
Exp (Syn): New Gen + Old Ent (0.2)
dynamic_entropy_ratio: 0.2
Exp (Syn): New Gen + Old Ent (0.25)
dynamic_entropy_ratio: 0.25
Exp (Syn): New Gen + Old Ent (0.3)
dynamic_entropy_ratio: 0.3
Exp (Syn): New Gen + Old Ent (0.35)
dynamic_entropy_ratio: 0.35
Exp (Syn): New Gen + Old Ent (0.4)
dynamic_entropy_ratio: 0.4
Exp (Syn): New Gen + Old Ent (0.45)
dynamic_entropy_ratio: 0.45
Exp (Syn): New Gen + Old Ent (0.5)
dynamic_entropy_ratio: 0.5
Exp (Syn): New Gen + Old Ent (0.55)
dynamic_entropy_ratio: 0.55
Exp (Syn): New Gen + Old Ent (0.6)
dynamic_entropy_ratio: 0.6
Exp (Syn): New Gen + Old Ent (0.65)
dynamic_entropy_ratio: 0.65
Exp (Syn): New Gen + Old Ent (0.7)
dynamic_entropy_ratio: 0.7
Exp (Syn): New Gen + Old Ent (0.75)
dynamic_entropy_ratio: 0.75
Exp (Syn): New Gen + Old Ent (0.8)
dynamic_entropy_ratio: 0.8
Exp (Syn): New Gen + Old Ent (0.85)
dynamic_entropy_ratio: 0.85
Exp (Syn): New Gen + Old Ent (0.9)
dynamic_entropy_ratio: 0.9
Exp (Syn): New Gen + Old Ent (0.95)
dynamic_entropy_ratio: 0.95
Exp (Syn): New Gen + Old Ent (1.0)
dynamic_entropy_ratio: 1.0
Exp (Syn): New Gen + New Ent (0.1)
dynamic_entropy_ratio: 0.1
Exp (Syn): New Gen + New Ent (0.15)
dynamic_entropy_ratio: 0.15
Exp (Syn): New Gen + New Ent (0.2)
dynamic_entropy_ratio: 0.2
Exp (Syn): New Gen + New Ent (0.25)
dynamic_entropy_ratio: 0.25
Exp (Syn): New Gen + New Ent (0.3)
dynamic_entropy_ratio: 0.3
Exp (Syn): New Gen + New Ent (0.35)
dynamic_entropy_ratio: 0.35
Exp (Syn): New Gen + New Ent (0.4)
dynamic_entropy_ratio: 0.4
Exp (Syn): New Gen + New Ent (0.45)
dynamic_entropy_ratio: 0.45
Exp (Syn): New Gen + New Ent (0.5)
dynamic_entropy_ratio: 0.5
Exp (Syn): New Gen + New Ent (0.55)
dynamic_entropy_ratio: 0.55
Exp (Syn): New Gen + New Ent (0.6)
dynamic_entropy_ratio: 0.6
Exp (Syn): New Gen + New Ent (0.65)
dynamic_entropy_ratio: 0.65
Exp (Syn): New Gen + New Ent (0.7)
dynamic_entropy_ratio: 0.7
Exp (Syn): New Gen + New Ent (0.75)
dynamic_entropy_ratio: 0.75
Exp (Syn): New Gen + New Ent (0.8)
dynamic_entropy_ratio: 0.8
Exp (Syn): New Gen + New Ent (0.85)
dynamic_entropy_ratio: 0.85
Exp (Syn): New Gen + New Ent (0.9)
dynamic_entropy_ratio: 0.9
Exp (Syn): New Gen + New Ent (0.95)
dynamic_entropy_ratio: 0.95
Exp (Syn): New Gen + New Ent (1.0)
dynamic_entropy_ratio: 1.0
