Time: 2026-04-15 22:21:22
Log Dir: /home/unshun/multi-FL/logs/Local_noniid_het_gb40/new_client_2026-04-15_22-21-22/
================================================================================Loading checkpoints from logs/Local_noniid_het_gb40/Local/
Method selected: FAST
Loaded MLP for MNIST from client_model_MNIST_c0_MLP.pth
Loaded LeNet for MNIST from client_model_MNIST_c6_LeNet.pth
Loaded ShuffleNet for MNIST from client_model_MNIST_c8_ShuffleNet.pth
Loaded MobileNetV2 for MNIST from client_model_MNIST_c4_MobileNetV2.pth
Loaded ResNet8 for MNIST from client_model_MNIST_c2_ResNet8.pth
Loaded CNN for MNIST from client_model_MNIST_c1_CNN.pth
Loaded ResNet18 for MNIST from client_model_MNIST_c3_ResNet18.pth
Loaded SqueezeNet for MNIST from client_model_MNIST_c9_SqueezeNet.pth
Loaded AlexNet for MNIST from client_model_MNIST_c7_AlexNet.pth
Loaded MobileNetV3 for MNIST from client_model_MNIST_c5_MobileNetV3.pth
Loaded ShuffleNet for EMNIST from client_model_EMNIST_c19_ShuffleNet.pth
Loaded MobileNetV2 for EMNIST from client_model_EMNIST_c15_MobileNetV2.pth
Loaded AlexNet for EMNIST from client_model_EMNIST_c18_AlexNet.pth
Loaded SqueezeNet for EMNIST from client_model_EMNIST_c20_SqueezeNet.pth
Loaded MobileNetV3 for EMNIST from client_model_EMNIST_c16_MobileNetV3.pth
Loaded ResNet18 for EMNIST from client_model_EMNIST_c14_ResNet18.pth
Loaded ResNet8 for EMNIST from client_model_EMNIST_c13_ResNet8.pth
Loaded CNN for EMNIST from client_model_EMNIST_c12_CNN.pth
Loaded MLP for EMNIST from client_model_EMNIST_c11_MLP.pth
Loaded LeNet for EMNIST from client_model_EMNIST_c17_LeNet.pth
WARNING: No models loaded for dataset: FashionMNIST.
WARNING: No models loaded for dataset: CIFAR100.

========================================
>>> [METHOD: SYNTHETIC] Starting Synthetic Label Mapping...
========================================
>>> Target Methods to Run: ['FAST']
>>> [Syn] Loaded client data distributions directly from server checkpoint.

########################################
>>> [Syn] Running Method: FAST
########################################

>>> Syn-FAST Training Old Generators...
[Testing] Training Per-Dataset Generators Offline (Old Gen Method) using FAST...
--- FAST Generator Configuration ---
    epochs: 120
    warmup: 20
    g_steps: 2
    lr_g: 0.005
    lr_z: 0.015
    ce: 0.5
    bn: 10.0
    adv: 1.33
    student_lr: 0.2
------------------------------------
    -> [Epoch 0] Student Test Accuracy for MNIST: 8.42%
    -> [Epoch 1] Student Test Accuracy for MNIST: 9.74%
    -> [Epoch 2] Student Test Accuracy for MNIST: 9.79%
    -> [Epoch 3] Student Test Accuracy for MNIST: 10.32%
    -> [Epoch 4] Student Test Accuracy for MNIST: 8.94%
    -> [Epoch 5] Student Test Accuracy for MNIST: 8.92%
    -> [Epoch 6] Student Test Accuracy for MNIST: 8.92%
    -> [Epoch 7] Student Test Accuracy for MNIST: 8.92%
    -> [Epoch 8] Student Test Accuracy for MNIST: 8.92%
    -> [Epoch 9] Student Test Accuracy for MNIST: 3.86%
    -> [Epoch 10] Student Test Accuracy for MNIST: 9.60%
    -> [Epoch 11] Student Test Accuracy for MNIST: 13.80%
    -> [Epoch 12] Student Test Accuracy for MNIST: 10.32%
    -> [Epoch 13] Student Test Accuracy for MNIST: 10.32%
    -> [Epoch 14] Student Test Accuracy for MNIST: 10.33%
    -> [Epoch 15] Student Test Accuracy for MNIST: 8.95%
    -> [Epoch 16] Student Test Accuracy for MNIST: 8.92%
    -> [Epoch 17] Student Test Accuracy for MNIST: 8.92%
    -> [Epoch 18] Student Test Accuracy for MNIST: 8.92%
    -> [Epoch 19] Student Test Accuracy for MNIST: 8.92%
    -> [Epoch 20] Student Test Accuracy for MNIST: 8.92%
    -> [Epoch 21] Student Test Accuracy for MNIST: 8.92%
    -> [Epoch 22] Student Test Accuracy for MNIST: 8.92%
    -> [Epoch 23] Student Test Accuracy for MNIST: 8.92%
    -> [Epoch 24] Student Test Accuracy for MNIST: 8.92%
    -> [Epoch 25] Student Test Accuracy for MNIST: 8.92%
    -> [Epoch 26] Student Test Accuracy for MNIST: 8.92%
    -> [Epoch 27] Student Test Accuracy for MNIST: 8.92%
    -> [Epoch 28] Student Test Accuracy for MNIST: 8.92%
    -> [Epoch 29] Student Test Accuracy for MNIST: 8.92%
    -> [Epoch 30] Student Test Accuracy for MNIST: 8.92%
    -> [Epoch 31] Student Test Accuracy for MNIST: 8.92%
    -> [Epoch 32] Student Test Accuracy for MNIST: 8.92%
    -> [Epoch 33] Student Test Accuracy for MNIST: 8.92%
    -> [Epoch 34] Student Test Accuracy for MNIST: 8.92%
    -> [Epoch 35] Student Test Accuracy for MNIST: 8.92%
    -> [Epoch 36] Student Test Accuracy for MNIST: 8.92%
    -> [Epoch 37] Student Test Accuracy for MNIST: 8.92%
    -> [Epoch 38] Student Test Accuracy for MNIST: 8.92%
    -> [Epoch 39] Student Test Accuracy for MNIST: 8.92%
    -> [Epoch 40] Student Test Accuracy for MNIST: 8.96%
    -> [Epoch 41] Student Test Accuracy for MNIST: 10.60%
    -> [Epoch 42] Student Test Accuracy for MNIST: 11.49%
    -> [Epoch 43] Student Test Accuracy for MNIST: 12.14%
    -> [Epoch 44] Student Test Accuracy for MNIST: 9.66%
    -> [Epoch 45] Student Test Accuracy for MNIST: 10.86%
    -> [Epoch 46] Student Test Accuracy for MNIST: 8.98%
    -> [Epoch 47] Student Test Accuracy for MNIST: 8.95%
    -> [Epoch 48] Student Test Accuracy for MNIST: 9.21%
    -> [Epoch 49] Student Test Accuracy for MNIST: 9.38%
    -> [Epoch 50] Student Test Accuracy for MNIST: 11.42%
    -> [Epoch 51] Student Test Accuracy for MNIST: 11.65%
    -> [Epoch 52] Student Test Accuracy for MNIST: 11.52%
    -> [Epoch 53] Student Test Accuracy for MNIST: 18.15%
    -> [Epoch 54] Student Test Accuracy for MNIST: 18.92%
    -> [Epoch 55] Student Test Accuracy for MNIST: 18.86%
    -> [Epoch 56] Student Test Accuracy for MNIST: 18.73%
    -> [Epoch 57] Student Test Accuracy for MNIST: 19.04%
    -> [Epoch 58] Student Test Accuracy for MNIST: 14.95%
    -> [Epoch 59] Student Test Accuracy for MNIST: 11.40%
    -> [Epoch 60] Student Test Accuracy for MNIST: 8.97%
    -> [Epoch 61] Student Test Accuracy for MNIST: 8.92%
    -> [Epoch 62] Student Test Accuracy for MNIST: 8.92%
    -> [Epoch 63] Student Test Accuracy for MNIST: 8.92%
    -> [Epoch 64] Student Test Accuracy for MNIST: 12.28%
    -> [Epoch 65] Student Test Accuracy for MNIST: 11.79%
    -> [Epoch 66] Student Test Accuracy for MNIST: 9.23%
    -> [Epoch 67] Student Test Accuracy for MNIST: 8.92%
    -> [Epoch 68] Student Test Accuracy for MNIST: 8.92%
    -> [Epoch 69] Student Test Accuracy for MNIST: 8.92%
    -> [Epoch 70] Student Test Accuracy for MNIST: 8.92%
    -> [Epoch 71] Student Test Accuracy for MNIST: 8.92%
    -> [Epoch 72] Student Test Accuracy for MNIST: 8.92%
    -> [Epoch 73] Student Test Accuracy for MNIST: 8.92%
    -> [Epoch 74] Student Test Accuracy for MNIST: 8.92%
    -> [Epoch 75] Student Test Accuracy for MNIST: 9.38%
    -> [Epoch 76] Student Test Accuracy for MNIST: 11.44%
    -> [Epoch 77] Student Test Accuracy for MNIST: 12.08%
    -> [Epoch 78] Student Test Accuracy for MNIST: 15.19%
    -> [Epoch 79] Student Test Accuracy for MNIST: 16.91%
    -> [Epoch 80] Student Test Accuracy for MNIST: 15.96%
    -> [Epoch 81] Student Test Accuracy for MNIST: 14.64%
    -> [Epoch 82] Student Test Accuracy for MNIST: 10.65%
    -> [Epoch 83] Student Test Accuracy for MNIST: 8.92%
    -> [Epoch 84] Student Test Accuracy for MNIST: 8.92%
    -> [Epoch 85] Student Test Accuracy for MNIST: 8.92%
    -> [Epoch 86] Student Test Accuracy for MNIST: 8.92%
    -> [Epoch 87] Student Test Accuracy for MNIST: 8.92%
    -> [Epoch 88] Student Test Accuracy for MNIST: 9.14%
    -> [Epoch 89] Student Test Accuracy for MNIST: 11.86%
    -> [Epoch 90] Student Test Accuracy for MNIST: 13.50%
    -> [Epoch 91] Student Test Accuracy for MNIST: 16.78%
    -> [Epoch 92] Student Test Accuracy for MNIST: 18.33%
    -> [Epoch 93] Student Test Accuracy for MNIST: 18.54%
    -> [Epoch 94] Student Test Accuracy for MNIST: 17.23%
    -> [Epoch 95] Student Test Accuracy for MNIST: 15.89%
    -> [Epoch 96] Student Test Accuracy for MNIST: 10.70%
    -> [Epoch 97] Student Test Accuracy for MNIST: 9.38%
    -> [Epoch 98] Student Test Accuracy for MNIST: 8.92%
    -> [Epoch 99] Student Test Accuracy for MNIST: 8.92%
    -> [Epoch 100] Student Test Accuracy for MNIST: 8.92%
    -> [Epoch 101] Student Test Accuracy for MNIST: 8.92%
    -> [Epoch 102] Student Test Accuracy for MNIST: 8.92%
    -> [Epoch 103] Student Test Accuracy for MNIST: 8.92%
    -> [Epoch 104] Student Test Accuracy for MNIST: 8.92%
    -> [Epoch 105] Student Test Accuracy for MNIST: 8.92%
    -> [Epoch 106] Student Test Accuracy for MNIST: 9.22%
    -> [Epoch 107] Student Test Accuracy for MNIST: 14.45%
    -> [Epoch 108] Student Test Accuracy for MNIST: 18.48%
    -> [Epoch 109] Student Test Accuracy for MNIST: 20.51%
    -> [Epoch 110] Student Test Accuracy for MNIST: 19.46%
    -> [Epoch 111] Student Test Accuracy for MNIST: 19.11%
    -> [Epoch 112] Student Test Accuracy for MNIST: 18.82%
    -> [Epoch 113] Student Test Accuracy for MNIST: 18.68%
    -> [Epoch 114] Student Test Accuracy for MNIST: 17.04%
    -> [Epoch 115] Student Test Accuracy for MNIST: 14.47%
    -> [Epoch 116] Student Test Accuracy for MNIST: 10.31%
    -> [Epoch 117] Student Test Accuracy for MNIST: 8.92%
    -> [Epoch 118] Student Test Accuracy for MNIST: 8.92%
    -> [Epoch 119] Student Test Accuracy for MNIST: 8.92%
    Dataset [MNIST] Generator | Epochs: 120 | Final Loss: 307.8288
    -> Student Accuracy per Epoch saved to /home/unshun/multi-FL/logs/Local_noniid_het_gb40/new_client_2026-04-15_22-21-22/FAST_MNIST_student_acc.csv
-> [New] Gen images saved to /home/unshun/multi-FL/logs/Local_noniid_het_gb40/new_client_2026-04-15_22-21-22/FAST_MNIST__gen_img_old.png
    -> [Epoch 0] Student Test Accuracy for EMNIST: 0.94%
    -> [Epoch 1] Student Test Accuracy for EMNIST: 2.18%
    -> [Epoch 2] Student Test Accuracy for EMNIST: 2.18%
    -> [Epoch 3] Student Test Accuracy for EMNIST: 2.18%
    -> [Epoch 4] Student Test Accuracy for EMNIST: 2.18%
    -> [Epoch 5] Student Test Accuracy for EMNIST: 0.36%
    -> [Epoch 6] Student Test Accuracy for EMNIST: 0.36%
    -> [Epoch 7] Student Test Accuracy for EMNIST: 0.36%
    -> [Epoch 8] Student Test Accuracy for EMNIST: 4.84%
    -> [Epoch 9] Student Test Accuracy for EMNIST: 4.85%
    -> [Epoch 10] Student Test Accuracy for EMNIST: 1.76%
    -> [Epoch 11] Student Test Accuracy for EMNIST: 1.76%
    -> [Epoch 12] Student Test Accuracy for EMNIST: 0.73%
    -> [Epoch 13] Student Test Accuracy for EMNIST: 0.73%
    -> [Epoch 14] Student Test Accuracy for EMNIST: 0.73%
    -> [Epoch 15] Student Test Accuracy for EMNIST: 0.51%
    -> [Epoch 16] Student Test Accuracy for EMNIST: 0.51%
    -> [Epoch 17] Student Test Accuracy for EMNIST: 0.36%
    -> [Epoch 18] Student Test Accuracy for EMNIST: 0.36%
    -> [Epoch 19] Student Test Accuracy for EMNIST: 0.36%
    -> [Epoch 20] Student Test Accuracy for EMNIST: 0.36%
    -> [Epoch 21] Student Test Accuracy for EMNIST: 0.36%
    -> [Epoch 22] Student Test Accuracy for EMNIST: 4.49%
    -> [Epoch 23] Student Test Accuracy for EMNIST: 5.05%
    -> [Epoch 24] Student Test Accuracy for EMNIST: 2.18%
    -> [Epoch 25] Student Test Accuracy for EMNIST: 2.18%
    -> [Epoch 26] Student Test Accuracy for EMNIST: 2.18%
    -> [Epoch 27] Student Test Accuracy for EMNIST: 2.18%
    -> [Epoch 28] Student Test Accuracy for EMNIST: 0.71%
    -> [Epoch 29] Student Test Accuracy for EMNIST: 0.73%
    -> [Epoch 30] Student Test Accuracy for EMNIST: 0.73%
    -> [Epoch 31] Student Test Accuracy for EMNIST: 0.73%
    -> [Epoch 32] Student Test Accuracy for EMNIST: 0.73%
    -> [Epoch 33] Student Test Accuracy for EMNIST: 4.84%
    -> [Epoch 34] Student Test Accuracy for EMNIST: 4.84%
    -> [Epoch 35] Student Test Accuracy for EMNIST: 4.84%
    -> [Epoch 36] Student Test Accuracy for EMNIST: 4.84%
    -> [Epoch 37] Student Test Accuracy for EMNIST: 4.84%
    -> [Epoch 38] Student Test Accuracy for EMNIST: 4.84%
    -> [Epoch 39] Student Test Accuracy for EMNIST: 4.84%
    -> [Epoch 40] Student Test Accuracy for EMNIST: 4.84%
    -> [Epoch 41] Student Test Accuracy for EMNIST: 4.84%
    -> [Epoch 42] Student Test Accuracy for EMNIST: 4.84%
    -> [Epoch 43] Student Test Accuracy for EMNIST: 4.84%
    -> [Epoch 44] Student Test Accuracy for EMNIST: 4.84%
    -> [Epoch 45] Student Test Accuracy for EMNIST: 4.84%
    -> [Epoch 46] Student Test Accuracy for EMNIST: 4.84%
    -> [Epoch 47] Student Test Accuracy for EMNIST: 4.84%
    -> [Epoch 48] Student Test Accuracy for EMNIST: 4.84%
    -> [Epoch 49] Student Test Accuracy for EMNIST: 3.90%
    -> [Epoch 50] Student Test Accuracy for EMNIST: 0.73%
    -> [Epoch 51] Student Test Accuracy for EMNIST: 0.73%
    -> [Epoch 52] Student Test Accuracy for EMNIST: 0.73%
    -> [Epoch 53] Student Test Accuracy for EMNIST: 0.73%
    -> [Epoch 54] Student Test Accuracy for EMNIST: 0.73%
    -> [Epoch 55] Student Test Accuracy for EMNIST: 0.73%
    -> [Epoch 56] Student Test Accuracy for EMNIST: 0.73%
    -> [Epoch 57] Student Test Accuracy for EMNIST: 0.73%
    -> [Epoch 58] Student Test Accuracy for EMNIST: 0.73%
    -> [Epoch 59] Student Test Accuracy for EMNIST: 0.49%
    -> [Epoch 60] Student Test Accuracy for EMNIST: 4.84%
    -> [Epoch 61] Student Test Accuracy for EMNIST: 4.84%
    -> [Epoch 62] Student Test Accuracy for EMNIST: 4.84%
    -> [Epoch 63] Student Test Accuracy for EMNIST: 4.84%
    -> [Epoch 64] Student Test Accuracy for EMNIST: 4.84%
    -> [Epoch 65] Student Test Accuracy for EMNIST: 4.84%
    -> [Epoch 66] Student Test Accuracy for EMNIST: 4.84%
    -> [Epoch 67] Student Test Accuracy for EMNIST: 4.84%
    -> [Epoch 68] Student Test Accuracy for EMNIST: 4.84%
    -> [Epoch 69] Student Test Accuracy for EMNIST: 4.84%
    -> [Epoch 70] Student Test Accuracy for EMNIST: 4.84%
    -> [Epoch 71] Student Test Accuracy for EMNIST: 4.84%
    -> [Epoch 72] Student Test Accuracy for EMNIST: 4.84%
    -> [Epoch 73] Student Test Accuracy for EMNIST: 4.20%
    -> [Epoch 74] Student Test Accuracy for EMNIST: 0.75%
    -> [Epoch 75] Student Test Accuracy for EMNIST: 4.81%
    -> [Epoch 76] Student Test Accuracy for EMNIST: 4.84%
    -> [Epoch 77] Student Test Accuracy for EMNIST: 4.84%
    -> [Epoch 78] Student Test Accuracy for EMNIST: 4.84%
    -> [Epoch 79] Student Test Accuracy for EMNIST: 4.84%
    -> [Epoch 80] Student Test Accuracy for EMNIST: 4.84%
    -> [Epoch 81] Student Test Accuracy for EMNIST: 4.84%
    -> [Epoch 82] Student Test Accuracy for EMNIST: 4.84%
    -> [Epoch 83] Student Test Accuracy for EMNIST: 4.84%
    -> [Epoch 84] Student Test Accuracy for EMNIST: 4.84%
    -> [Epoch 85] Student Test Accuracy for EMNIST: 4.84%
    -> [Epoch 86] Student Test Accuracy for EMNIST: 4.84%
    -> [Epoch 87] Student Test Accuracy for EMNIST: 4.84%
    -> [Epoch 88] Student Test Accuracy for EMNIST: 4.84%
    -> [Epoch 89] Student Test Accuracy for EMNIST: 4.84%
    -> [Epoch 90] Student Test Accuracy for EMNIST: 4.84%
    -> [Epoch 91] Student Test Accuracy for EMNIST: 4.84%
    -> [Epoch 92] Student Test Accuracy for EMNIST: 4.84%
    -> [Epoch 93] Student Test Accuracy for EMNIST: 4.84%
    -> [Epoch 94] Student Test Accuracy for EMNIST: 4.84%
    -> [Epoch 95] Student Test Accuracy for EMNIST: 4.84%
    -> [Epoch 96] Student Test Accuracy for EMNIST: 4.84%
    -> [Epoch 97] Student Test Accuracy for EMNIST: 4.84%
    -> [Epoch 98] Student Test Accuracy for EMNIST: 4.84%
    -> [Epoch 99] Student Test Accuracy for EMNIST: 4.84%
    -> [Epoch 100] Student Test Accuracy for EMNIST: 4.84%
    -> [Epoch 101] Student Test Accuracy for EMNIST: 4.84%
    -> [Epoch 102] Student Test Accuracy for EMNIST: 4.83%
    -> [Epoch 103] Student Test Accuracy for EMNIST: 4.81%
    -> [Epoch 104] Student Test Accuracy for EMNIST: 4.84%
    -> [Epoch 105] Student Test Accuracy for EMNIST: 4.84%
    -> [Epoch 106] Student Test Accuracy for EMNIST: 4.84%
    -> [Epoch 107] Student Test Accuracy for EMNIST: 4.84%
    -> [Epoch 108] Student Test Accuracy for EMNIST: 4.84%
    -> [Epoch 109] Student Test Accuracy for EMNIST: 4.84%
    -> [Epoch 110] Student Test Accuracy for EMNIST: 4.84%
    -> [Epoch 111] Student Test Accuracy for EMNIST: 0.57%
    -> [Epoch 112] Student Test Accuracy for EMNIST: 0.32%
    -> [Epoch 113] Student Test Accuracy for EMNIST: 0.32%
    -> [Epoch 114] Student Test Accuracy for EMNIST: 0.32%
    -> [Epoch 115] Student Test Accuracy for EMNIST: 0.38%
    -> [Epoch 116] Student Test Accuracy for EMNIST: 1.10%
    -> [Epoch 117] Student Test Accuracy for EMNIST: 0.32%
    -> [Epoch 118] Student Test Accuracy for EMNIST: 0.32%
    -> [Epoch 119] Student Test Accuracy for EMNIST: 0.32%
    Dataset [EMNIST] Generator | Epochs: 120 | Final Loss: 6559.9349
    -> Student Accuracy per Epoch saved to /home/unshun/multi-FL/logs/Local_noniid_het_gb40/new_client_2026-04-15_22-21-22/FAST_EMNIST_student_acc.csv
-> [New] Gen images saved to /home/unshun/multi-FL/logs/Local_noniid_het_gb40/new_client_2026-04-15_22-21-22/FAST_EMNIST__gen_img_old.png
Exp: Old Gen + Old Ent (0.1)
dynamic_entropy_ratio: 0.1
Exp: Old Gen + Old Ent (0.15)
dynamic_entropy_ratio: 0.15
Exp: Old Gen + Old Ent (0.2)
dynamic_entropy_ratio: 0.2
Exp: Old Gen + Old Ent (0.25)
dynamic_entropy_ratio: 0.25
Exp: Old Gen + Old Ent (0.3)
dynamic_entropy_ratio: 0.3
Exp: Old Gen + Old Ent (0.35)
dynamic_entropy_ratio: 0.35
Exp: Old Gen + Old Ent (0.4)
dynamic_entropy_ratio: 0.4
Exp: Old Gen + Old Ent (0.45)
dynamic_entropy_ratio: 0.45
Exp: Old Gen + Old Ent (0.5)
dynamic_entropy_ratio: 0.5
Exp: Old Gen + Old Ent (0.55)
dynamic_entropy_ratio: 0.55
Exp: Old Gen + Old Ent (0.6)
dynamic_entropy_ratio: 0.6
Exp: Old Gen + Old Ent (0.65)
dynamic_entropy_ratio: 0.65
Exp: Old Gen + Old Ent (0.7)
dynamic_entropy_ratio: 0.7
Exp: Old Gen + Old Ent (0.75)
dynamic_entropy_ratio: 0.75
Exp: Old Gen + Old Ent (0.8)
dynamic_entropy_ratio: 0.8
Exp: Old Gen + Old Ent (0.85)
dynamic_entropy_ratio: 0.85
Exp: Old Gen + Old Ent (0.9)
dynamic_entropy_ratio: 0.9
Exp: Old Gen + Old Ent (0.95)
dynamic_entropy_ratio: 0.95
Exp: Old Gen + Old Ent (1.0)
dynamic_entropy_ratio: 1.0
Exp: Old Gen + New Ent (0.1)
dynamic_entropy_ratio: 0.1
Exp: Old Gen + New Ent (0.15)
dynamic_entropy_ratio: 0.15
Exp: Old Gen + New Ent (0.2)
dynamic_entropy_ratio: 0.2
Exp: Old Gen + New Ent (0.25)
dynamic_entropy_ratio: 0.25
Exp: Old Gen + New Ent (0.3)
dynamic_entropy_ratio: 0.3
Exp: Old Gen + New Ent (0.35)
dynamic_entropy_ratio: 0.35
Exp: Old Gen + New Ent (0.4)
dynamic_entropy_ratio: 0.4
Exp: Old Gen + New Ent (0.45)
dynamic_entropy_ratio: 0.45
Exp: Old Gen + New Ent (0.5)
dynamic_entropy_ratio: 0.5
Exp: Old Gen + New Ent (0.55)
dynamic_entropy_ratio: 0.55
Exp: Old Gen + New Ent (0.6)
dynamic_entropy_ratio: 0.6
Exp: Old Gen + New Ent (0.65)
dynamic_entropy_ratio: 0.65
Exp: Old Gen + New Ent (0.7)
dynamic_entropy_ratio: 0.7
Exp: Old Gen + New Ent (0.75)
dynamic_entropy_ratio: 0.75
Exp: Old Gen + New Ent (0.8)
dynamic_entropy_ratio: 0.8
Exp: Old Gen + New Ent (0.85)
dynamic_entropy_ratio: 0.85
Exp: Old Gen + New Ent (0.9)
dynamic_entropy_ratio: 0.9
Exp: Old Gen + New Ent (0.95)
dynamic_entropy_ratio: 0.95
Exp: Old Gen + New Ent (1.0)
dynamic_entropy_ratio: 1.0
