Time: 2026-05-13 14:13:45
Log Dir: /home/unshun/multi-FL/logs/2026-05-12_17-40-17/new_client_2026-05-13_14-13-45/
================================================================================Loading checkpoints from logs/2026-05-12_17-40-17/Local/
Method selected: FAST
Loaded MLP for MNIST from client_model_MNIST_c0_MLP.pth
Loaded LeNet for MNIST from client_model_MNIST_c6_LeNet.pth
Loaded ShuffleNet for MNIST from client_model_MNIST_c8_ShuffleNet.pth
Loaded MobileNetV2 for MNIST from client_model_MNIST_c4_MobileNetV2.pth
Loaded ResNet8 for MNIST from client_model_MNIST_c2_ResNet8.pth
Loaded CNN for MNIST from client_model_MNIST_c1_CNN.pth
Loaded ResNet18 for MNIST from client_model_MNIST_c3_ResNet18.pth
Loaded SqueezeNet for MNIST from client_model_MNIST_c9_SqueezeNet.pth
Loaded AlexNet for MNIST from client_model_MNIST_c7_AlexNet.pth
Loaded MobileNetV3 for MNIST from client_model_MNIST_c5_MobileNetV3.pth
Loaded ShuffleNet for EMNIST from client_model_EMNIST_c19_ShuffleNet.pth
Loaded MobileNetV2 for EMNIST from client_model_EMNIST_c15_MobileNetV2.pth
Loaded AlexNet for EMNIST from client_model_EMNIST_c18_AlexNet.pth
Loaded SqueezeNet for EMNIST from client_model_EMNIST_c20_SqueezeNet.pth
Loaded MobileNetV3 for EMNIST from client_model_EMNIST_c16_MobileNetV3.pth
Loaded ResNet18 for EMNIST from client_model_EMNIST_c14_ResNet18.pth
Loaded ResNet8 for EMNIST from client_model_EMNIST_c13_ResNet8.pth
Loaded CNN for EMNIST from client_model_EMNIST_c12_CNN.pth
Loaded MLP for EMNIST from client_model_EMNIST_c11_MLP.pth
Loaded LeNet for EMNIST from client_model_EMNIST_c17_LeNet.pth
Loaded SqueezeNet for CIFAR10 from client_model_CIFAR10_c31_SqueezeNet.pth
Loaded MLP for CIFAR10 from client_model_CIFAR10_c22_MLP.pth
Loaded ResNet8 for CIFAR10 from client_model_CIFAR10_c24_ResNet8.pth
Loaded CNN for CIFAR10 from client_model_CIFAR10_c23_CNN.pth
Loaded ResNet18 for CIFAR10 from client_model_CIFAR10_c25_ResNet18.pth
Loaded MobileNetV2 for CIFAR10 from client_model_CIFAR10_c26_MobileNetV2.pth
Loaded LeNet for CIFAR10 from client_model_CIFAR10_c28_LeNet.pth
Loaded ShuffleNet for CIFAR10 from client_model_CIFAR10_c30_ShuffleNet.pth
Loaded MobileNetV3 for CIFAR10 from client_model_CIFAR10_c27_MobileNetV3.pth
Loaded AlexNet for CIFAR10 from client_model_CIFAR10_c29_AlexNet.pth
WARNING: No models loaded for dataset: FashionMNIST.
WARNING: No models loaded for dataset: CIFAR100.
WARNING: No models loaded for dataset: USPS.
>>> [!] Checkpoint not found at logs/2026-05-12_17-40-17/Local/server_checkpoints.pth

========================================
>>> [METHOD: SYNTHETIC] Starting Synthetic Label Mapping...
========================================
>>> Target Methods to Run: ['FAST']
>>> [!] Checkpoint not found at logs/2026-05-12_17-40-17/Local/server_checkpoints.pth

########################################
>>> [Syn] Running Method: FAST
########################################

>>> Syn-FAST Training Old Generators...
[Testing] Training Per-Dataset Generators Offline (Old Gen Method) using FAST...
--- FAST Generator Configuration ---
    epochs: 120
    warmup: 20
    g_steps: 10
    lr_g: 0.005
    lr_z: 0.015
    ce: 1.0
    bn: 0.1
    adv: 0.0
    student_lr: 0.2
    is_maml: False
------------------------------------
    -> [Epoch 0] Student Test Accuracy for MNIST: 9.74%
    -> [Epoch 1] Student Test Accuracy for MNIST: 9.74%
    -> [Epoch 2] Student Test Accuracy for MNIST: 9.74%
    -> [Epoch 3] Student Test Accuracy for MNIST: 9.74%
    -> [Epoch 4] Student Test Accuracy for MNIST: 10.71%
    -> [Epoch 5] Student Test Accuracy for MNIST: 10.09%
    -> [Epoch 6] Student Test Accuracy for MNIST: 10.86%
    -> [Epoch 7] Student Test Accuracy for MNIST: 10.32%
    -> [Epoch 8] Student Test Accuracy for MNIST: 10.32%
    -> [Epoch 9] Student Test Accuracy for MNIST: 10.32%
    -> [Epoch 10] Student Test Accuracy for MNIST: 10.37%
    -> [Epoch 11] Student Test Accuracy for MNIST: 10.78%
    -> [Epoch 12] Student Test Accuracy for MNIST: 10.29%
    -> [Epoch 13] Student Test Accuracy for MNIST: 10.83%
    -> [Epoch 14] Student Test Accuracy for MNIST: 10.50%
    -> [Epoch 15] Student Test Accuracy for MNIST: 10.18%
    -> [Epoch 16] Student Test Accuracy for MNIST: 10.11%
    -> [Epoch 17] Student Test Accuracy for MNIST: 10.10%
    -> [Epoch 18] Student Test Accuracy for MNIST: 10.14%
    -> [Epoch 19] Student Test Accuracy for MNIST: 8.13%
    -> [Epoch 20] Student Test Accuracy for MNIST: 9.09%
    -> [Epoch 21] Student Test Accuracy for MNIST: 9.32%
    -> [Epoch 22] Student Test Accuracy for MNIST: 9.05%
    -> [Epoch 23] Student Test Accuracy for MNIST: 9.69%
    -> [Epoch 24] Student Test Accuracy for MNIST: 9.35%
    -> [Epoch 25] Student Test Accuracy for MNIST: 10.39%
    -> [Epoch 26] Student Test Accuracy for MNIST: 12.00%
    -> [Epoch 27] Student Test Accuracy for MNIST: 13.69%
    -> [Epoch 28] Student Test Accuracy for MNIST: 11.13%
    -> [Epoch 29] Student Test Accuracy for MNIST: 14.74%
    -> [Epoch 30] Student Test Accuracy for MNIST: 14.24%
    -> [Epoch 31] Student Test Accuracy for MNIST: 12.71%
    -> [Epoch 32] Student Test Accuracy for MNIST: 12.08%
    -> [Epoch 33] Student Test Accuracy for MNIST: 8.58%
    -> [Epoch 34] Student Test Accuracy for MNIST: 10.18%
    -> [Epoch 35] Student Test Accuracy for MNIST: 15.69%
    -> [Epoch 36] Student Test Accuracy for MNIST: 15.54%
    -> [Epoch 37] Student Test Accuracy for MNIST: 14.19%
    -> [Epoch 38] Student Test Accuracy for MNIST: 14.13%
    -> [Epoch 39] Student Test Accuracy for MNIST: 21.74%
    -> [Epoch 40] Student Test Accuracy for MNIST: 25.52%
    -> [Epoch 41] Student Test Accuracy for MNIST: 24.76%
    -> [Epoch 42] Student Test Accuracy for MNIST: 15.56%
    -> [Epoch 43] Student Test Accuracy for MNIST: 22.27%
    -> [Epoch 44] Student Test Accuracy for MNIST: 21.47%
    -> [Epoch 45] Student Test Accuracy for MNIST: 25.39%
    -> [Epoch 46] Student Test Accuracy for MNIST: 27.45%
    -> [Epoch 47] Student Test Accuracy for MNIST: 18.28%
    -> [Epoch 48] Student Test Accuracy for MNIST: 11.29%
    -> [Epoch 49] Student Test Accuracy for MNIST: 14.74%
    -> [Epoch 50] Student Test Accuracy for MNIST: 17.93%
    -> [Epoch 51] Student Test Accuracy for MNIST: 18.85%
    -> [Epoch 52] Student Test Accuracy for MNIST: 10.91%
    -> [Epoch 53] Student Test Accuracy for MNIST: 20.99%
    -> [Epoch 54] Student Test Accuracy for MNIST: 32.62%
    -> [Epoch 55] Student Test Accuracy for MNIST: 32.32%
    -> [Epoch 56] Student Test Accuracy for MNIST: 32.63%
    -> [Epoch 57] Student Test Accuracy for MNIST: 11.91%
    -> [Epoch 58] Student Test Accuracy for MNIST: 10.92%
    -> [Epoch 59] Student Test Accuracy for MNIST: 16.03%
    -> [Epoch 60] Student Test Accuracy for MNIST: 20.38%
    -> [Epoch 61] Student Test Accuracy for MNIST: 26.19%
    -> [Epoch 62] Student Test Accuracy for MNIST: 22.57%
    -> [Epoch 63] Student Test Accuracy for MNIST: 22.54%
    -> [Epoch 64] Student Test Accuracy for MNIST: 16.38%
    -> [Epoch 65] Student Test Accuracy for MNIST: 20.39%
    -> [Epoch 66] Student Test Accuracy for MNIST: 20.09%
    -> [Epoch 67] Student Test Accuracy for MNIST: 24.55%
    -> [Epoch 68] Student Test Accuracy for MNIST: 36.35%
    -> [Epoch 69] Student Test Accuracy for MNIST: 37.39%
    -> [Epoch 70] Student Test Accuracy for MNIST: 34.92%
    -> [Epoch 71] Student Test Accuracy for MNIST: 32.44%
    -> [Epoch 72] Student Test Accuracy for MNIST: 28.75%
    -> [Epoch 73] Student Test Accuracy for MNIST: 19.97%
    -> [Epoch 74] Student Test Accuracy for MNIST: 16.93%
    -> [Epoch 75] Student Test Accuracy for MNIST: 20.49%
    -> [Epoch 76] Student Test Accuracy for MNIST: 20.26%
    -> [Epoch 77] Student Test Accuracy for MNIST: 39.49%
    -> [Epoch 78] Student Test Accuracy for MNIST: 37.38%
    -> [Epoch 79] Student Test Accuracy for MNIST: 34.74%
    -> [Epoch 80] Student Test Accuracy for MNIST: 39.35%
    -> [Epoch 81] Student Test Accuracy for MNIST: 42.81%
    -> [Epoch 82] Student Test Accuracy for MNIST: 35.93%
    -> [Epoch 83] Student Test Accuracy for MNIST: 35.42%
    -> [Epoch 84] Student Test Accuracy for MNIST: 29.36%
    -> [Epoch 85] Student Test Accuracy for MNIST: 24.52%
    -> [Epoch 86] Student Test Accuracy for MNIST: 23.24%
    -> [Epoch 87] Student Test Accuracy for MNIST: 25.93%
    -> [Epoch 88] Student Test Accuracy for MNIST: 25.28%
    -> [Epoch 89] Student Test Accuracy for MNIST: 32.88%
    -> [Epoch 90] Student Test Accuracy for MNIST: 40.27%
    -> [Epoch 91] Student Test Accuracy for MNIST: 44.72%
    -> [Epoch 92] Student Test Accuracy for MNIST: 33.39%
    -> [Epoch 93] Student Test Accuracy for MNIST: 31.40%
    -> [Epoch 94] Student Test Accuracy for MNIST: 22.63%
    -> [Epoch 95] Student Test Accuracy for MNIST: 23.33%
    -> [Epoch 96] Student Test Accuracy for MNIST: 25.05%
    -> [Epoch 97] Student Test Accuracy for MNIST: 29.00%
    -> [Epoch 98] Student Test Accuracy for MNIST: 35.25%
    -> [Epoch 99] Student Test Accuracy for MNIST: 38.85%
    -> [Epoch 100] Student Test Accuracy for MNIST: 37.13%
    -> [Epoch 101] Student Test Accuracy for MNIST: 40.93%
    -> [Epoch 102] Student Test Accuracy for MNIST: 42.96%
    -> [Epoch 103] Student Test Accuracy for MNIST: 34.43%
    -> [Epoch 104] Student Test Accuracy for MNIST: 26.15%
    -> [Epoch 105] Student Test Accuracy for MNIST: 24.74%
    -> [Epoch 106] Student Test Accuracy for MNIST: 25.13%
    -> [Epoch 107] Student Test Accuracy for MNIST: 27.99%
    -> [Epoch 108] Student Test Accuracy for MNIST: 34.54%
    -> [Epoch 109] Student Test Accuracy for MNIST: 26.60%
    -> [Epoch 110] Student Test Accuracy for MNIST: 29.96%
    -> [Epoch 111] Student Test Accuracy for MNIST: 35.97%
    -> [Epoch 112] Student Test Accuracy for MNIST: 35.83%
    -> [Epoch 113] Student Test Accuracy for MNIST: 32.91%
    -> [Epoch 114] Student Test Accuracy for MNIST: 39.94%
    -> [Epoch 115] Student Test Accuracy for MNIST: 40.62%
    -> [Epoch 116] Student Test Accuracy for MNIST: 47.19%
    -> [Epoch 117] Student Test Accuracy for MNIST: 45.59%
    -> [Epoch 118] Student Test Accuracy for MNIST: 45.55%
    -> [Epoch 119] Student Test Accuracy for MNIST: 38.63%
    Dataset [MNIST] Generator | Epochs: 120 | Final Loss: 4.0289
    -> Student Accuracy per Epoch saved to /home/unshun/multi-FL/logs/2026-05-12_17-40-17/new_client_2026-05-13_14-13-45/FAST_MNIST_student_acc.csv
-> [New] Gen images saved to /home/unshun/multi-FL/logs/2026-05-12_17-40-17/new_client_2026-05-13_14-13-45/FAST_MNIST__gen_img_old.png
    -> [Epoch 0] Student Test Accuracy for EMNIST: 0.73%
    -> [Epoch 1] Student Test Accuracy for EMNIST: 0.73%
    -> [Epoch 2] Student Test Accuracy for EMNIST: 0.73%
    -> [Epoch 3] Student Test Accuracy for EMNIST: 0.73%
    -> [Epoch 4] Student Test Accuracy for EMNIST: 0.73%
    -> [Epoch 5] Student Test Accuracy for EMNIST: 0.73%
    -> [Epoch 6] Student Test Accuracy for EMNIST: 0.97%
    -> [Epoch 7] Student Test Accuracy for EMNIST: 3.52%
    -> [Epoch 8] Student Test Accuracy for EMNIST: 3.52%
    -> [Epoch 9] Student Test Accuracy for EMNIST: 0.66%
    -> [Epoch 10] Student Test Accuracy for EMNIST: 0.36%
    -> [Epoch 11] Student Test Accuracy for EMNIST: 0.36%
    -> [Epoch 12] Student Test Accuracy for EMNIST: 0.41%
