Time: 2026-04-18 21:38:30
Log Dir: /home/unshun/multi-FL/logs/2026-04-17_17-19-36/Ours/new_client_2026-04-18_21-38-30/our_finetune_global_single_dataset
================================================================================
============================== New Client: our_finetune_global ==============================
  Target Model: logs/2026-04-17_17-19-36/Ours/config_checkpoints.pth
  Dataset Mode: single
  Output Dir:   /home/unshun/multi-FL/logs/2026-04-17_17-19-36/Ours/new_client_2026-04-18_21-38-30/our_finetune_global_single_dataset
================================================================================
[Init] Server Global Model parameters from: logs/2026-04-17_17-19-36/Ours/server_global_model.pth

==================================================
Dataset: MNIST | Client ID: 10
==================================================

  [ResNet18] Training...
    Epoch 0 | Acc: 26.08%
    Epoch 1/30 | CE Loss: 0.8874 | Acc: 92.04%
    Epoch 2/30 | CE Loss: 0.1922 | Acc: 95.69%
    Epoch 3/30 | CE Loss: 0.1072 | Acc: 96.02%
    Epoch 4/30 | CE Loss: 0.0672 | Acc: 96.57%
    Epoch 5/30 | CE Loss: 0.0553 | Acc: 95.80%
    Epoch 6/30 | CE Loss: 0.0673 | Acc: 96.69%
    Epoch 7/30 | CE Loss: 0.0286 | Acc: 97.90%
    Epoch 8/30 | CE Loss: 0.0267 | Acc: 97.13%
    Epoch 9/30 | CE Loss: 0.0804 | Acc: 97.13%
    Epoch 10/30 | CE Loss: 0.0222 | Acc: 97.57%
    Epoch 11/30 | CE Loss: 0.0183 | Acc: 97.90%
    Epoch 12/30 | CE Loss: 0.0067 | Acc: 97.90%
    Epoch 13/30 | CE Loss: 0.0097 | Acc: 98.23%
    Epoch 14/30 | CE Loss: 0.0164 | Acc: 94.25%
    Epoch 15/30 | CE Loss: 0.1398 | Acc: 96.02%
    Epoch 16/30 | CE Loss: 0.0313 | Acc: 97.13%
    Epoch 17/30 | CE Loss: 0.0113 | Acc: 98.23%
    Epoch 18/30 | CE Loss: 0.0036 | Acc: 98.67%
    Epoch 19/30 | CE Loss: 0.0018 | Acc: 98.67%
    Epoch 20/30 | CE Loss: 0.0017 | Acc: 98.23%
    Epoch 21/30 | CE Loss: 0.0008 | Acc: 98.45%
    Epoch 22/30 | CE Loss: 0.0015 | Acc: 98.67%
    Epoch 23/30 | CE Loss: 0.0007 | Acc: 98.34%
    Epoch 24/30 | CE Loss: 0.0010 | Acc: 98.67%
    Epoch 25/30 | CE Loss: 0.0076 | Acc: 97.02%
    Epoch 26/30 | CE Loss: 0.0094 | Acc: 98.01%
    Epoch 27/30 | CE Loss: 0.0160 | Acc: 97.24%
    Epoch 28/30 | CE Loss: 0.0458 | Acc: 97.35%
    Epoch 29/30 | CE Loss: 0.0296 | Acc: 98.12%
    Epoch 30/30 | CE Loss: 0.0083 | Acc: 98.12%
Accuracy history saved to /home/unshun/multi-FL/logs/2026-04-17_17-19-36/Ours/new_client_2026-04-18_21-38-30/our_finetune_global_single_dataset/MNIST_newclient_history.csv

==================================================
Dataset: FashionMNIST | Client ID: 21
==================================================

  [ResNet18] Training...
    Epoch 0 | Acc: 10.00%
    Epoch 1/30 | CE Loss: 1.3402 | Acc: 72.89%
    Epoch 2/30 | CE Loss: 0.5822 | Acc: 68.33%
    Epoch 3/30 | CE Loss: 0.4929 | Acc: 80.22%
    Epoch 4/30 | CE Loss: 0.4269 | Acc: 82.78%
    Epoch 5/30 | CE Loss: 0.3687 | Acc: 84.89%
    Epoch 6/30 | CE Loss: 0.3677 | Acc: 82.89%
    Epoch 7/30 | CE Loss: 0.3111 | Acc: 79.78%
    Epoch 8/30 | CE Loss: 0.2924 | Acc: 85.33%
    Epoch 9/30 | CE Loss: 0.2481 | Acc: 85.33%
    Epoch 10/30 | CE Loss: 0.2180 | Acc: 84.89%
    Epoch 11/30 | CE Loss: 0.1888 | Acc: 84.78%
    Epoch 12/30 | CE Loss: 0.1748 | Acc: 85.22%
    Epoch 13/30 | CE Loss: 0.1702 | Acc: 83.89%
    Epoch 14/30 | CE Loss: 0.1266 | Acc: 80.89%
    Epoch 15/30 | CE Loss: 0.1118 | Acc: 85.56%
    Epoch 16/30 | CE Loss: 0.0838 | Acc: 86.56%
    Epoch 17/30 | CE Loss: 0.0608 | Acc: 84.56%
    Epoch 18/30 | CE Loss: 0.0721 | Acc: 85.11%
    Epoch 19/30 | CE Loss: 0.0599 | Acc: 86.33%
    Epoch 20/30 | CE Loss: 0.0362 | Acc: 86.11%
    Epoch 21/30 | CE Loss: 0.0324 | Acc: 83.78%
    Epoch 22/30 | CE Loss: 0.0396 | Acc: 86.22%
    Epoch 23/30 | CE Loss: 0.0293 | Acc: 85.67%
    Epoch 24/30 | CE Loss: 0.0828 | Acc: 86.33%
    Epoch 25/30 | CE Loss: 0.0372 | Acc: 85.89%
    Epoch 26/30 | CE Loss: 0.0320 | Acc: 87.44%
    Epoch 27/30 | CE Loss: 0.0654 | Acc: 86.44%
    Epoch 28/30 | CE Loss: 0.0166 | Acc: 86.33%
    Epoch 29/30 | CE Loss: 0.0928 | Acc: 87.33%
    Epoch 30/30 | CE Loss: 0.0227 | Acc: 86.78%
Accuracy history saved to /home/unshun/multi-FL/logs/2026-04-17_17-19-36/Ours/new_client_2026-04-18_21-38-30/our_finetune_global_single_dataset/FashionMNIST_newclient_history.csv

==================================================
Dataset: EMNIST | Client ID: 32
==================================================

  [ResNet18] Training...
    Epoch 0 | Acc: 8.36%
    Epoch 1/30 | CE Loss: 0.9672 | Acc: 80.72%
    Epoch 2/30 | CE Loss: 0.5159 | Acc: 83.84%
    Epoch 3/30 | CE Loss: 0.4479 | Acc: 83.70%
    Epoch 4/30 | CE Loss: 0.4137 | Acc: 84.11%
    Epoch 5/30 | CE Loss: 0.3922 | Acc: 84.26%
    Epoch 6/30 | CE Loss: 0.3684 | Acc: 84.75%
    Epoch 7/30 | CE Loss: 0.3536 | Acc: 84.64%
    Epoch 8/30 | CE Loss: 0.3338 | Acc: 85.05%
    Epoch 9/30 | CE Loss: 0.3173 | Acc: 83.57%
    Epoch 10/30 | CE Loss: 0.3021 | Acc: 85.08%
    Epoch 11/30 | CE Loss: 0.2886 | Acc: 84.40%
    Epoch 12/30 | CE Loss: 0.2761 | Acc: 84.66%
    Epoch 13/30 | CE Loss: 0.2576 | Acc: 84.50%
    Epoch 14/30 | CE Loss: 0.2446 | Acc: 84.94%
    Epoch 15/30 | CE Loss: 0.2257 | Acc: 84.79%
    Epoch 16/30 | CE Loss: 0.2109 | Acc: 83.86%
    Epoch 17/30 | CE Loss: 0.1959 | Acc: 83.79%
    Epoch 18/30 | CE Loss: 0.1781 | Acc: 84.11%
    Epoch 19/30 | CE Loss: 0.1611 | Acc: 84.26%
    Epoch 20/30 | CE Loss: 0.1452 | Acc: 83.32%
    Epoch 21/30 | CE Loss: 0.1351 | Acc: 83.55%
    Epoch 22/30 | CE Loss: 0.1165 | Acc: 83.69%
    Epoch 23/30 | CE Loss: 0.1069 | Acc: 83.57%
    Epoch 24/30 | CE Loss: 0.0951 | Acc: 83.26%
    Epoch 25/30 | CE Loss: 0.0838 | Acc: 82.58%
    Epoch 26/30 | CE Loss: 0.0781 | Acc: 82.63%
    Epoch 27/30 | CE Loss: 0.0683 | Acc: 82.53%
    Epoch 28/30 | CE Loss: 0.0629 | Acc: 82.71%
    Epoch 29/30 | CE Loss: 0.0561 | Acc: 83.11%
    Epoch 30/30 | CE Loss: 0.0510 | Acc: 83.55%
Accuracy history saved to /home/unshun/multi-FL/logs/2026-04-17_17-19-36/Ours/new_client_2026-04-18_21-38-30/our_finetune_global_single_dataset/EMNIST_newclient_history.csv

============================== Finished. Total Time: 0:15:10 ==============================
