Time: 2026-05-13 13:34:49
Log Dir: /home/unshun/multi-FL/logs/2026-05-12_10-39-36/Ours_GeFL/new_client_2026-05-13_13-34-49/baseline_single_dataset
================================================================================
============================== New Client: baseline ==============================
  Target Model: logs/2026-05-12_10-39-36/Ours_GeFL/server_checkpoints.pth
  Dataset Mode: single
  Output Dir:   /home/unshun/multi-FL/logs/2026-05-12_10-39-36/Ours_GeFL/new_client_2026-05-13_13-34-49/baseline_single_dataset
================================================================================

==================================================
Dataset: MNIST | Client ID: 10
==================================================

  [ResNet18] Training...
    Epoch 0 (init) | Acc: 8.95%
    Epoch 1/10 | CE: 0.4396 | Acc: 87.29%
    Epoch 2/10 | CE: 0.1731 | Acc: 96.69%
    Epoch 3/10 | CE: 0.1022 | Acc: 98.01%
    Epoch 4/10 | CE: 0.0683 | Acc: 96.91%
    Epoch 5/10 | CE: 0.0642 | Acc: 97.02%
    Epoch 6/10 | CE: 0.0774 | Acc: 96.35%
    Epoch 7/10 | CE: 0.0561 | Acc: 94.59%
    Epoch 8/10 | CE: 0.0433 | Acc: 97.24%
    Epoch 9/10 | CE: 0.0539 | Acc: 96.24%
    Epoch 10/10 | CE: 0.0303 | Acc: 97.46%
Accuracy history saved to /home/unshun/multi-FL/logs/2026-05-12_10-39-36/Ours_GeFL/new_client_2026-05-13_13-34-49/baseline_single_dataset/MNIST_newclient_history.csv

==================================================
Dataset: EMNIST | Client ID: 21
==================================================

  [ResNet18] Training...
    Epoch 0 (init) | Acc: 0.38%
    Epoch 1/10 | CE: 0.7733 | Acc: 81.90%
    Epoch 2/10 | CE: 0.4869 | Acc: 83.98%
    Epoch 3/10 | CE: 0.4375 | Acc: 83.53%
    Epoch 4/10 | CE: 0.4095 | Acc: 84.37%
    Epoch 5/10 | CE: 0.3896 | Acc: 84.72%
    Epoch 6/10 | CE: 0.3727 | Acc: 84.70%
    Epoch 7/10 | CE: 0.3541 | Acc: 84.98%
    Epoch 8/10 | CE: 0.3406 | Acc: 85.26%
    Epoch 9/10 | CE: 0.3274 | Acc: 84.84%
    Epoch 10/10 | CE: 0.3101 | Acc: 84.93%
Accuracy history saved to /home/unshun/multi-FL/logs/2026-05-12_10-39-36/Ours_GeFL/new_client_2026-05-13_13-34-49/baseline_single_dataset/EMNIST_newclient_history.csv

==================================================
Dataset: CIFAR10 | Client ID: 32
==================================================

  [ResNet18] Training...
    Epoch 0 (init) | Acc: 10.00%
    Epoch 1/10 | CE: 1.9196 | Acc: 31.44%
    Epoch 2/10 | CE: 1.6728 | Acc: 33.78%
    Epoch 3/10 | CE: 1.5523 | Acc: 38.22%
    Epoch 4/10 | CE: 1.4367 | Acc: 40.67%
    Epoch 5/10 | CE: 1.3405 | Acc: 46.22%
    Epoch 6/10 | CE: 1.2545 | Acc: 47.78%
    Epoch 7/10 | CE: 1.1120 | Acc: 47.89%
    Epoch 8/10 | CE: 1.0511 | Acc: 47.33%
    Epoch 9/10 | CE: 0.9559 | Acc: 52.67%
    Epoch 10/10 | CE: 0.8259 | Acc: 54.89%
Accuracy history saved to /home/unshun/multi-FL/logs/2026-05-12_10-39-36/Ours_GeFL/new_client_2026-05-13_13-34-49/baseline_single_dataset/CIFAR10_newclient_history.csv

============================== Finished. Total Time: 0:04:43 ==============================
