Time: 2026-07-01 10:04:08
Log Dir: logs/2026-07-01_10-04-08/GeFL_DDPM_baseline_total
================================================================================

==============================        Args        ==============================
  exp_timestamp: None
  exp_conf: ./configs/het-iid-exp.yaml
  device: cuda:1
  seed: 15698
  algorithm: GeFL_DDPM_baseline_total
  num_new_clients: 1
  num_train_mnist: 10
  num_train_emnist: 10
  num_train_fashionmnist: 0
  num_train_cifar10: 10
  num_train_cifar100: 0
  num_train_usps: 0
  label_mapping: independent
================================================================================
==============================    Exp Configs     ==============================
exp_name: model-heterogeneity
heterogeneous: true
dirichlet_alpha: 100
global_rounds: 50
local_epochs: 1
local_loss_fn: CrossEntropyLoss
local_optim: Adam
local_lr: 0.001
batch_size: 64
sample_frac: 1.0
test_interval: 1
metric_type: accuracy
global_feature_dim: 256
optim: Adam
optim_lr: 0.001
global_gen_epochs: 10
gen_noise_dim: 128
gen_optim: Adam
gen_optim_lr: 0.001
n_feat: 64
ddpm_guide_w: 1.5
global_feat_gen_epochs: 10
feat_gen_noise_dim: 128
feat_gen_optim: Adam
feat_gen_optim_lr: 0.001
feat_gen_div_beta: 1.0
public_data_ratio: 0.05
start_mapping_epoch: 25
gen_observer_weight: 0.0
index_matching: ddpm
aggregate_method: dataset_name
use_new_entropy_method: false
entropy_ratio: 0.75
cs_threshold: 0.9
global_model_epochs: 5
global_model_optim: Adam
global_model_optim_lr: 0.001
global_samples_per_class: 16

================================================================================

==================================================
Start 50 rounds training by GeFL_DDPM_baseline_total
Selected client ids: [0, 1, 2, 3, 4, 5, 6, 7, 8, 9, 10, 11, 12, 13, 14, 15, 16, 17, 18, 19, 20, 21, 22, 23, 24, 25, 26, 27, 28, 29]
--- Round 1 ---
Client 0 (MNIST) | Target Loss: 0.9607 | DDPM Loss: 0.5510
Client 1 (MNIST) | Target Loss: 1.4543 | DDPM Loss: 0.5528
Client 2 (MNIST) | Target Loss: 0.8537 | DDPM Loss: 0.5504
Client 3 (MNIST) | Target Loss: 0.4757 | DDPM Loss: 0.5600
Client 4 (MNIST) | Target Loss: 1.5253 | DDPM Loss: 0.5490
Client 5 (MNIST) | Target Loss: 1.7245 | DDPM Loss: 0.5628
Client 6 (MNIST) | Target Loss: 1.4635 | DDPM Loss: 0.5559
Client 7 (MNIST) | Target Loss: 1.5653 | DDPM Loss: 0.5541
Client 8 (MNIST) | Target Loss: 1.7940 | DDPM Loss: 0.5628
Client 9 (MNIST) | Target Loss: 1.8008 | DDPM Loss: 0.5612
Client 11 (EMNIST) | Target Loss: 1.2031 | DDPM Loss: 0.2363
Client 12 (EMNIST) | Target Loss: 1.3360 | DDPM Loss: 0.2364
Client 13 (EMNIST) | Target Loss: 0.9478 | DDPM Loss: 0.2326
Client 14 (EMNIST) | Target Loss: 0.7482 | DDPM Loss: 0.2360
Client 15 (EMNIST) | Target Loss: 1.4635 | DDPM Loss: 0.2407
Client 16 (EMNIST) | Target Loss: 2.0493 | DDPM Loss: 0.2344
Client 17 (EMNIST) | Target Loss: 1.2596 | DDPM Loss: 0.2356
Client 18 (EMNIST) | Target Loss: 1.2479 | DDPM Loss: 0.2388
Client 19 (EMNIST) | Target Loss: 1.6473 | DDPM Loss: 0.2356
Client 20 (EMNIST) | Target Loss: 1.6103 | DDPM Loss: 0.2345
Client 22 (CIFAR10) | Target Loss: 1.9993 | DDPM Loss: 0.5993
Client 23 (CIFAR10) | Target Loss: 1.9065 | DDPM Loss: 0.5866
Client 24 (CIFAR10) | Target Loss: 1.8626 | DDPM Loss: 0.5843
Client 25 (CIFAR10) | Target Loss: 1.9031 | DDPM Loss: 0.5912
Client 26 (CIFAR10) | Target Loss: 2.2019 | DDPM Loss: 0.5903
Client 27 (CIFAR10) | Target Loss: 1.9523 | DDPM Loss: 0.5832
Client 28 (CIFAR10) | Target Loss: 2.1048 | DDPM Loss: 0.5955
Client 29 (CIFAR10) | Target Loss: 2.1472 | DDPM Loss: 0.5819
Client 30 (CIFAR10) | Target Loss: 2.2438 | DDPM Loss: 0.5896
Client 31 (CIFAR10) | Target Loss: 2.2444 | DDPM Loss: 0.5903
Selected client ids: [0, 1, 2, 3, 4, 5, 6, 7, 8, 9, 10, 11, 12, 13, 14, 15, 16, 17, 18, 19, 20, 21, 22, 23, 24, 25, 26, 27, 28, 29]
--- Round 2 ---
Client 0 (MNIST) | Target Loss: 0.4406 | DDPM Loss: 0.5485
Client 1 (MNIST) | Target Loss: 0.4400 | DDPM Loss: 0.5365
Client 2 (MNIST) | Target Loss: 0.1856 | DDPM Loss: 0.5478
Client 3 (MNIST) | Target Loss: 0.1859 | DDPM Loss: 0.5589
Client 4 (MNIST) | Target Loss: 0.5622 | DDPM Loss: 0.5257
Client 5 (MNIST) | Target Loss: 1.1911 | DDPM Loss: 0.5508
Client 6 (MNIST) | Target Loss: 0.4260 | DDPM Loss: 0.5140
Client 7 (MNIST) | Target Loss: 0.3699 | DDPM Loss: 0.5384
Client 8 (MNIST) | Target Loss: 1.2812 | DDPM Loss: 0.5653
Client 9 (MNIST) | Target Loss: 1.0726 | DDPM Loss: 0.5336
Client 11 (EMNIST) | Target Loss: 0.7401 | DDPM Loss: 0.1222
Client 12 (EMNIST) | Target Loss: 0.6795 | DDPM Loss: 0.1199
Client 13 (EMNIST) | Target Loss: 0.5027 | DDPM Loss: 0.1168
Client 14 (EMNIST) | Target Loss: 0.4669 | DDPM Loss: 0.1160
Client 15 (EMNIST) | Target Loss: 0.7523 | DDPM Loss: 0.1228
Client 16 (EMNIST) | Target Loss: 1.2194 | DDPM Loss: 0.1231
Client 17 (EMNIST) | Target Loss: 0.6141 | DDPM Loss: 0.1212
Client 18 (EMNIST) | Target Loss: 0.4938 | DDPM Loss: 0.1181
Client 19 (EMNIST) | Target Loss: 0.8044 | DDPM Loss: 0.1227
Client 20 (EMNIST) | Target Loss: 0.8127 | DDPM Loss: 0.1181
Client 22 (CIFAR10) | Target Loss: 1.7781 | DDPM Loss: 0.6294
Client 23 (CIFAR10) | Target Loss: 1.5912 | DDPM Loss: 0.6024
Client 24 (CIFAR10) | Target Loss: 1.5921 | DDPM Loss: 0.6027
Client 25 (CIFAR10) | Target Loss: 1.6723 | DDPM Loss: 0.6110
Client 26 (CIFAR10) | Target Loss: 1.9938 | DDPM Loss: 0.5946
Client 27 (CIFAR10) | Target Loss: 1.7500 | DDPM Loss: 0.6027
Client 28 (CIFAR10) | Target Loss: 1.8802 | DDPM Loss: 0.6067
Client 29 (CIFAR10) | Target Loss: 1.8999 | DDPM Loss: 0.6058
Client 30 (CIFAR10) | Target Loss: 2.0908 | DDPM Loss: 0.6089
Client 31 (CIFAR10) | Target Loss: 2.0295 | DDPM Loss: 0.6370
Selected client ids: [0, 1, 2, 3, 4, 5, 6, 7, 8, 9, 10, 11, 12, 13, 14, 15, 16, 17, 18, 19, 20, 21, 22, 23, 24, 25, 26, 27, 28, 29]
--- Round 3 ---
Client 0 (MNIST) | Target Loss: 0.3166 | DDPM Loss: 0.2105
Client 1 (MNIST) | Target Loss: 0.2220 | DDPM Loss: 0.2102
Client 2 (MNIST) | Target Loss: 0.1115 | DDPM Loss: 0.2120
Client 3 (MNIST) | Target Loss: 0.1263 | DDPM Loss: 0.2127
Client 4 (MNIST) | Target Loss: 0.3627 | DDPM Loss: 0.2089
Client 5 (MNIST) | Target Loss: 0.9717 | DDPM Loss: 0.2133
Client 6 (MNIST) | Target Loss: 0.2533 | DDPM Loss: 0.2109
Client 7 (MNIST) | Target Loss: 0.1816 | DDPM Loss: 0.2084
Client 8 (MNIST) | Target Loss: 1.0188 | DDPM Loss: 0.2132
Client 9 (MNIST) | Target Loss: 0.4743 | DDPM Loss: 0.2105
Client 11 (EMNIST) | Target Loss: 0.6466 | DDPM Loss: 0.0735
Client 12 (EMNIST) | Target Loss: 0.5796 | DDPM Loss: 0.0755
Client 13 (EMNIST) | Target Loss: 0.4472 | DDPM Loss: 0.0766
Client 14 (EMNIST) | Target Loss: 0.4221 | DDPM Loss: 0.0746
Client 15 (EMNIST) | Target Loss: 0.6355 | DDPM Loss: 0.0749
Client 16 (EMNIST) | Target Loss: 0.9914 | DDPM Loss: 0.0766
Client 17 (EMNIST) | Target Loss: 0.5241 | DDPM Loss: 0.0745
Client 18 (EMNIST) | Target Loss: 0.4376 | DDPM Loss: 0.0755
Client 19 (EMNIST) | Target Loss: 0.6634 | DDPM Loss: 0.0761
Client 20 (EMNIST) | Target Loss: 0.6786 | DDPM Loss: 0.0743
Client 22 (CIFAR10) | Target Loss: 1.6475 | DDPM Loss: 0.2890
Client 23 (CIFAR10) | Target Loss: 1.4501 | DDPM Loss: 0.2800
Client 24 (CIFAR10) | Target Loss: 1.4756 | DDPM Loss: 0.2702
Client 25 (CIFAR10) | Target Loss: 1.5535 | DDPM Loss: 0.2740
Client 26 (CIFAR10) | Target Loss: 1.8439 | DDPM Loss: 0.2752
Client 27 (CIFAR10) | Target Loss: 1.6800 | DDPM Loss: 0.2769
Client 28 (CIFAR10) | Target Loss: 1.7384 | DDPM Loss: 0.2783
Client 29 (CIFAR10) | Target Loss: 1.7558 | DDPM Loss: 0.2799
Client 30 (CIFAR10) | Target Loss: 1.9856 | DDPM Loss: 0.2813
Client 31 (CIFAR10) | Target Loss: 1.9893 | DDPM Loss: 0.2855
Selected client ids: [0, 1, 2, 3, 4, 5, 6, 7, 8, 9, 10, 11, 12, 13, 14, 15, 16, 17, 18, 19, 20, 21, 22, 23, 24, 25, 26, 27, 28, 29]
--- Round 4 ---
Client 0 (MNIST) | Target Loss: 0.2582 | DDPM Loss: 0.1510
Client 1 (MNIST) | Target Loss: 0.1543 | DDPM Loss: 0.1512
Client 2 (MNIST) | Target Loss: 0.0827 | DDPM Loss: 0.1514
Client 3 (MNIST) | Target Loss: 0.0669 | DDPM Loss: 0.1522
Client 4 (MNIST) | Target Loss: 0.2379 | DDPM Loss: 0.1512
Client 5 (MNIST) | Target Loss: 0.8277 | DDPM Loss: 0.1525
Client 6 (MNIST) | Target Loss: 0.1867 | DDPM Loss: 0.1516
Client 7 (MNIST) | Target Loss: 0.1365 | DDPM Loss: 0.1505
Client 8 (MNIST) | Target Loss: 1.0291 | DDPM Loss: 0.1529
Client 9 (MNIST) | Target Loss: 0.3138 | DDPM Loss: 0.1513
Client 11 (EMNIST) | Target Loss: 0.5909 | DDPM Loss: 0.0592
Client 12 (EMNIST) | Target Loss: 0.5333 | DDPM Loss: 0.0592
Client 13 (EMNIST) | Target Loss: 0.4166 | DDPM Loss: 0.0591
Client 14 (EMNIST) | Target Loss: 0.3973 | DDPM Loss: 0.0591
Client 15 (EMNIST) | Target Loss: 0.5925 | DDPM Loss: 0.0592
Client 16 (EMNIST) | Target Loss: 0.8772 | DDPM Loss: 0.0591
Client 17 (EMNIST) | Target Loss: 0.4787 | DDPM Loss: 0.0592
Client 18 (EMNIST) | Target Loss: 0.4025 | DDPM Loss: 0.0593
Client 19 (EMNIST) | Target Loss: 0.5999 | DDPM Loss: 0.0593
Client 20 (EMNIST) | Target Loss: 0.6224 | DDPM Loss: 0.0592
Client 22 (CIFAR10) | Target Loss: 1.5198 | DDPM Loss: 0.1729
Client 23 (CIFAR10) | Target Loss: 1.3502 | DDPM Loss: 0.1718
Client 24 (CIFAR10) | Target Loss: 1.3547 | DDPM Loss: 0.1704
Client 25 (CIFAR10) | Target Loss: 1.4576 | DDPM Loss: 0.1716
Client 26 (CIFAR10) | Target Loss: 1.7115 | DDPM Loss: 0.1716
Client 27 (CIFAR10) | Target Loss: 1.6276 | DDPM Loss: 0.1714
Client 28 (CIFAR10) | Target Loss: 1.6688 | DDPM Loss: 0.1718
Client 29 (CIFAR10) | Target Loss: 1.6110 | DDPM Loss: 0.1719
Client 30 (CIFAR10) | Target Loss: 1.8937 | DDPM Loss: 0.1725
Client 31 (CIFAR10) | Target Loss: 1.9250 | DDPM Loss: 0.1735
Selected client ids: [0, 1, 2, 3, 4, 5, 6, 7, 8, 9, 10, 11, 12, 13, 14, 15, 16, 17, 18, 19, 20, 21, 22, 23, 24, 25, 26, 27, 28, 29]
--- Round 5 ---
Client 0 (MNIST) | Target Loss: 0.2112 | DDPM Loss: 0.1310
Client 1 (MNIST) | Target Loss: 0.1176 | DDPM Loss: 0.1312
Client 2 (MNIST) | Target Loss: 0.0748 | DDPM Loss: 0.1312
Client 3 (MNIST) | Target Loss: 0.0606 | DDPM Loss: 0.1319
Client 4 (MNIST) | Target Loss: 0.1968 | DDPM Loss: 0.1305
Client 5 (MNIST) | Target Loss: 0.7303 | DDPM Loss: 0.1318
Client 6 (MNIST) | Target Loss: 0.1338 | DDPM Loss: 0.1313
Client 7 (MNIST) | Target Loss: 0.0886 | DDPM Loss: 0.1310
Client 8 (MNIST) | Target Loss: 0.8559 | DDPM Loss: 0.1324
Client 9 (MNIST) | Target Loss: 0.2499 | DDPM Loss: 0.1307
Client 11 (EMNIST) | Target Loss: 0.5503 | DDPM Loss: 0.0550
Client 12 (EMNIST) | Target Loss: 0.4992 | DDPM Loss: 0.0549
Client 13 (EMNIST) | Target Loss: 0.3982 | DDPM Loss: 0.0549
Client 14 (EMNIST) | Target Loss: 0.3746 | DDPM Loss: 0.0548
Client 15 (EMNIST) | Target Loss: 0.5562 | DDPM Loss: 0.0548
Client 16 (EMNIST) | Target Loss: 0.8001 | DDPM Loss: 0.0550
Client 17 (EMNIST) | Target Loss: 0.4544 | DDPM Loss: 0.0549
Client 18 (EMNIST) | Target Loss: 0.3800 | DDPM Loss: 0.0549
Client 19 (EMNIST) | Target Loss: 0.5613 | DDPM Loss: 0.0548
Client 20 (EMNIST) | Target Loss: 0.5878 | DDPM Loss: 0.0550
Client 22 (CIFAR10) | Target Loss: 1.3542 | DDPM Loss: 0.1470
Client 23 (CIFAR10) | Target Loss: 1.2654 | DDPM Loss: 0.1470
Client 24 (CIFAR10) | Target Loss: 1.2648 | DDPM Loss: 0.1466
Client 25 (CIFAR10) | Target Loss: 1.3731 | DDPM Loss: 0.1465
Client 26 (CIFAR10) | Target Loss: 1.6098 | DDPM Loss: 0.1454
Client 27 (CIFAR10) | Target Loss: 1.5901 | DDPM Loss: 0.1458
Client 28 (CIFAR10) | Target Loss: 1.5958 | DDPM Loss: 0.1467
Client 29 (CIFAR10) | Target Loss: 1.4989 | DDPM Loss: 0.1461
Client 30 (CIFAR10) | Target Loss: 1.8354 | DDPM Loss: 0.1468
Client 31 (CIFAR10) | Target Loss: 1.8951 | DDPM Loss: 0.1477
Selected client ids: [0, 1, 2, 3, 4, 5, 6, 7, 8, 9, 10, 11, 12, 13, 14, 15, 16, 17, 18, 19, 20, 21, 22, 23, 24, 25, 26, 27, 28, 29]
--- Round 6 ---
Client 0 (MNIST) | Target Loss: 0.1867 | DDPM Loss: 0.1169
Client 1 (MNIST) | Target Loss: 0.1067 | DDPM Loss: 0.1167
Client 2 (MNIST) | Target Loss: 0.0555 | DDPM Loss: 0.1171
Client 3 (MNIST) | Target Loss: 0.1700 | DDPM Loss: 0.1173
Client 4 (MNIST) | Target Loss: 0.1653 | DDPM Loss: 0.1165
Client 5 (MNIST) | Target Loss: 0.6488 | DDPM Loss: 0.1191
Client 6 (MNIST) | Target Loss: 0.1137 | DDPM Loss: 0.1167
Client 7 (MNIST) | Target Loss: 0.0788 | DDPM Loss: 0.1164
Client 8 (MNIST) | Target Loss: 0.7717 | DDPM Loss: 0.1182
Client 9 (MNIST) | Target Loss: 0.1575 | DDPM Loss: 0.1168
Client 11 (EMNIST) | Target Loss: 0.5254 | DDPM Loss: 0.0532
Client 12 (EMNIST) | Target Loss: 0.4748 | DDPM Loss: 0.0531
Client 13 (EMNIST) | Target Loss: 0.3782 | DDPM Loss: 0.0532
Client 14 (EMNIST) | Target Loss: 0.3597 | DDPM Loss: 0.0532
Client 15 (EMNIST) | Target Loss: 0.5276 | DDPM Loss: 0.0533
Client 16 (EMNIST) | Target Loss: 0.7474 | DDPM Loss: 0.0532
Client 17 (EMNIST) | Target Loss: 0.4343 | DDPM Loss: 0.0533
Client 18 (EMNIST) | Target Loss: 0.3597 | DDPM Loss: 0.0533
Client 19 (EMNIST) | Target Loss: 0.5320 | DDPM Loss: 0.0533
Client 20 (EMNIST) | Target Loss: 0.5548 | DDPM Loss: 0.0533
Client 22 (CIFAR10) | Target Loss: 1.2748 | DDPM Loss: 0.1302
Client 23 (CIFAR10) | Target Loss: 1.2192 | DDPM Loss: 0.1316
Client 24 (CIFAR10) | Target Loss: 1.1962 | DDPM Loss: 0.1301
Client 25 (CIFAR10) | Target Loss: 1.2673 | DDPM Loss: 0.1305
Client 26 (CIFAR10) | Target Loss: 1.5076 | DDPM Loss: 0.1312
Client 27 (CIFAR10) | Target Loss: 1.5596 | DDPM Loss: 0.1303
Client 28 (CIFAR10) | Target Loss: 1.5758 | DDPM Loss: 0.1302
Client 29 (CIFAR10) | Target Loss: 1.4398 | DDPM Loss: 0.1303
Client 30 (CIFAR10) | Target Loss: 1.7380 | DDPM Loss: 0.1306
Client 31 (CIFAR10) | Target Loss: 1.8198 | DDPM Loss: 0.1304
Selected client ids: [0, 1, 2, 3, 4, 5, 6, 7, 8, 9, 10, 11, 12, 13, 14, 15, 16, 17, 18, 19, 20, 21, 22, 23, 24, 25, 26, 27, 28, 29]
--- Round 7 ---
Client 0 (MNIST) | Target Loss: 0.1812 | DDPM Loss: 0.1049
Client 1 (MNIST) | Target Loss: 0.0870 | DDPM Loss: 0.1045
Client 2 (MNIST) | Target Loss: 0.0363 | DDPM Loss: 0.1051
Client 3 (MNIST) | Target Loss: 0.0896 | DDPM Loss: 0.1051
Client 4 (MNIST) | Target Loss: 0.1487 | DDPM Loss: 0.1046
Client 5 (MNIST) | Target Loss: 0.5796 | DDPM Loss: 0.1055
Client 6 (MNIST) | Target Loss: 0.0964 | DDPM Loss: 0.1049
Client 7 (MNIST) | Target Loss: 0.0610 | DDPM Loss: 0.1043
Client 8 (MNIST) | Target Loss: 0.8691 | DDPM Loss: 0.1055
Client 9 (MNIST) | Target Loss: 0.1801 | DDPM Loss: 0.1049
Client 11 (EMNIST) | Target Loss: 0.4985 | DDPM Loss: 0.0521
Client 12 (EMNIST) | Target Loss: 0.4567 | DDPM Loss: 0.0521
Client 13 (EMNIST) | Target Loss: 0.3633 | DDPM Loss: 0.0521
Client 14 (EMNIST) | Target Loss: 0.3427 | DDPM Loss: 0.0521
Client 15 (EMNIST) | Target Loss: 0.5085 | DDPM Loss: 0.0521
Client 16 (EMNIST) | Target Loss: 0.7092 | DDPM Loss: 0.0521
Client 17 (EMNIST) | Target Loss: 0.4151 | DDPM Loss: 0.0521
Client 18 (EMNIST) | Target Loss: 0.3408 | DDPM Loss: 0.0522
Client 19 (EMNIST) | Target Loss: 0.5126 | DDPM Loss: 0.0521
Client 20 (EMNIST) | Target Loss: 0.5435 | DDPM Loss: 0.0522
Client 22 (CIFAR10) | Target Loss: 1.1240 | DDPM Loss: 0.1193
Client 23 (CIFAR10) | Target Loss: 1.1869 | DDPM Loss: 0.1196
Client 24 (CIFAR10) | Target Loss: 1.1110 | DDPM Loss: 0.1188
Client 25 (CIFAR10) | Target Loss: 1.2067 | DDPM Loss: 0.1194
Client 26 (CIFAR10) | Target Loss: 1.4157 | DDPM Loss: 0.1193
Client 27 (CIFAR10) | Target Loss: 1.5194 | DDPM Loss: 0.1191
Client 28 (CIFAR10) | Target Loss: 1.5112 | DDPM Loss: 0.1185
Client 29 (CIFAR10) | Target Loss: 1.3313 | DDPM Loss: 0.1192
Client 30 (CIFAR10) | Target Loss: 1.6899 | DDPM Loss: 0.1200
Client 31 (CIFAR10) | Target Loss: 1.7504 | DDPM Loss: 0.1192
Selected client ids: [0, 1, 2, 3, 4, 5, 6, 7, 8, 9, 10, 11, 12, 13, 14, 15, 16, 17, 18, 19, 20, 21, 22, 23, 24, 25, 26, 27, 28, 29]
--- Round 8 ---
Client 0 (MNIST) | Target Loss: 0.1381 | DDPM Loss: 0.0956
Client 1 (MNIST) | Target Loss: 0.0624 | DDPM Loss: 0.0955
Client 2 (MNIST) | Target Loss: 0.0428 | DDPM Loss: 0.0955
Client 3 (MNIST) | Target Loss: 0.0542 | DDPM Loss: 0.0959
Client 4 (MNIST) | Target Loss: 0.1239 | DDPM Loss: 0.0954
Client 5 (MNIST) | Target Loss: 0.5030 | DDPM Loss: 0.0960
Client 6 (MNIST) | Target Loss: 0.0816 | DDPM Loss: 0.0956
Client 7 (MNIST) | Target Loss: 0.0581 | DDPM Loss: 0.0952
Client 8 (MNIST) | Target Loss: 1.0140 | DDPM Loss: 0.0966
Client 9 (MNIST) | Target Loss: 0.1752 | DDPM Loss: 0.0956
Client 11 (EMNIST) | Target Loss: 0.4807 | DDPM Loss: 0.0515
Client 12 (EMNIST) | Target Loss: 0.4415 | DDPM Loss: 0.0514
Client 13 (EMNIST) | Target Loss: 0.3474 | DDPM Loss: 0.0515
Client 14 (EMNIST) | Target Loss: 0.3275 | DDPM Loss: 0.0514
Client 15 (EMNIST) | Target Loss: 0.4864 | DDPM Loss: 0.0514
Client 16 (EMNIST) | Target Loss: 0.6852 | DDPM Loss: 0.0514
Client 17 (EMNIST) | Target Loss: 0.4052 | DDPM Loss: 0.0514
Client 18 (EMNIST) | Target Loss: 0.3226 | DDPM Loss: 0.0514
Client 19 (EMNIST) | Target Loss: 0.4926 | DDPM Loss: 0.0514
Client 20 (EMNIST) | Target Loss: 0.5195 | DDPM Loss: 0.0515
Client 22 (CIFAR10) | Target Loss: 0.9744 | DDPM Loss: 0.1108
Client 23 (CIFAR10) | Target Loss: 1.1076 | DDPM Loss: 0.1106
Client 24 (CIFAR10) | Target Loss: 1.0674 | DDPM Loss: 0.1105
Client 25 (CIFAR10) | Target Loss: 1.0983 | DDPM Loss: 0.1106
Client 26 (CIFAR10) | Target Loss: 1.3815 | DDPM Loss: 0.1102
Client 27 (CIFAR10) | Target Loss: 1.4807 | DDPM Loss: 0.1105
Client 28 (CIFAR10) | Target Loss: 1.4964 | DDPM Loss: 0.1107
Client 29 (CIFAR10) | Target Loss: 1.2400 | DDPM Loss: 0.1108
Client 30 (CIFAR10) | Target Loss: 1.6197 | DDPM Loss: 0.1111
Client 31 (CIFAR10) | Target Loss: 1.7334 | DDPM Loss: 0.1116
Selected client ids: [0, 1, 2, 3, 4, 5, 6, 7, 8, 9, 10, 11, 12, 13, 14, 15, 16, 17, 18, 19, 20, 21, 22, 23, 24, 25, 26, 27, 28, 29]
--- Round 9 ---
Client 0 (MNIST) | Target Loss: 0.1439 | DDPM Loss: 0.0884
Client 1 (MNIST) | Target Loss: 0.0576 | DDPM Loss: 0.0880
Client 2 (MNIST) | Target Loss: 0.0224 | DDPM Loss: 0.0884
Client 3 (MNIST) | Target Loss: 0.0185 | DDPM Loss: 0.0885
Client 4 (MNIST) | Target Loss: 0.1147 | DDPM Loss: 0.0880
Client 5 (MNIST) | Target Loss: 0.4639 | DDPM Loss: 0.0885
Client 6 (MNIST) | Target Loss: 0.0679 | DDPM Loss: 0.0883
Client 7 (MNIST) | Target Loss: 0.0476 | DDPM Loss: 0.0880
Client 8 (MNIST) | Target Loss: 1.0017 | DDPM Loss: 0.0896
Client 9 (MNIST) | Target Loss: 0.1119 | DDPM Loss: 0.0882
Client 11 (EMNIST) | Target Loss: 0.4624 | DDPM Loss: 0.0509
Client 12 (EMNIST) | Target Loss: 0.4263 | DDPM Loss: 0.0508
Client 13 (EMNIST) | Target Loss: 0.3331 | DDPM Loss: 0.0509
Client 14 (EMNIST) | Target Loss: 0.3154 | DDPM Loss: 0.0508
Client 15 (EMNIST) | Target Loss: 0.4754 | DDPM Loss: 0.0509
Client 16 (EMNIST) | Target Loss: 0.6596 | DDPM Loss: 0.0508
Client 17 (EMNIST) | Target Loss: 0.3912 | DDPM Loss: 0.0509
Client 18 (EMNIST) | Target Loss: 0.3069 | DDPM Loss: 0.0509
Client 19 (EMNIST) | Target Loss: 0.4769 | DDPM Loss: 0.0509
Client 20 (EMNIST) | Target Loss: 0.5091 | DDPM Loss: 0.0509
Client 22 (CIFAR10) | Target Loss: 0.8884 | DDPM Loss: 0.1044
Client 23 (CIFAR10) | Target Loss: 1.0779 | DDPM Loss: 0.1047
Client 24 (CIFAR10) | Target Loss: 0.9780 | DDPM Loss: 0.1045
Client 25 (CIFAR10) | Target Loss: 0.9571 | DDPM Loss: 0.1048
Client 26 (CIFAR10) | Target Loss: 1.3172 | DDPM Loss: 0.1045
Client 27 (CIFAR10) | Target Loss: 1.4528 | DDPM Loss: 0.1039
Client 28 (CIFAR10) | Target Loss: 1.4576 | DDPM Loss: 0.1045
Client 29 (CIFAR10) | Target Loss: 1.1502 | DDPM Loss: 0.1047
Client 30 (CIFAR10) | Target Loss: 1.5485 | DDPM Loss: 0.1051
Client 31 (CIFAR10) | Target Loss: 1.7138 | DDPM Loss: 0.1033
Selected client ids: [0, 1, 2, 3, 4, 5, 6, 7, 8, 9, 10, 11, 12, 13, 14, 15, 16, 17, 18, 19, 20, 21, 22, 23, 24, 25, 26, 27, 28, 29]
--- Round 10 ---
Client 0 (MNIST) | Target Loss: 0.1244 | DDPM Loss: 0.0822
Client 1 (MNIST) | Target Loss: 0.0575 | DDPM Loss: 0.0823
Client 2 (MNIST) | Target Loss: 0.0102 | DDPM Loss: 0.0823
Client 3 (MNIST) | Target Loss: 0.0329 | DDPM Loss: 0.0826
Client 4 (MNIST) | Target Loss: 0.1171 | DDPM Loss: 0.0822
Client 5 (MNIST) | Target Loss: 0.4441 | DDPM Loss: 0.0824
Client 6 (MNIST) | Target Loss: 0.0610 | DDPM Loss: 0.0822
Client 7 (MNIST) | Target Loss: 0.0299 | DDPM Loss: 0.0823
Client 8 (MNIST) | Target Loss: 0.8215 | DDPM Loss: 0.0832
Client 9 (MNIST) | Target Loss: 0.1190 | DDPM Loss: 0.0824
Client 11 (EMNIST) | Target Loss: 0.4509 | DDPM Loss: 0.0506
Client 12 (EMNIST) | Target Loss: 0.4174 | DDPM Loss: 0.0504
Client 13 (EMNIST) | Target Loss: 0.3221 | DDPM Loss: 0.0505
Client 14 (EMNIST) | Target Loss: 0.3004 | DDPM Loss: 0.0505
Client 15 (EMNIST) | Target Loss: 0.4642 | DDPM Loss: 0.0505
Client 16 (EMNIST) | Target Loss: 0.6408 | DDPM Loss: 0.0505
Client 17 (EMNIST) | Target Loss: 0.3834 | DDPM Loss: 0.0505
Client 18 (EMNIST) | Target Loss: 0.2930 | DDPM Loss: 0.0505
Client 19 (EMNIST) | Target Loss: 0.4654 | DDPM Loss: 0.0505
Client 20 (EMNIST) | Target Loss: 0.4993 | DDPM Loss: 0.0505
Client 22 (CIFAR10) | Target Loss: 0.7674 | DDPM Loss: 0.0986
Client 23 (CIFAR10) | Target Loss: 1.0355 | DDPM Loss: 0.0998
Client 24 (CIFAR10) | Target Loss: 0.9004 | DDPM Loss: 0.0992
Client 25 (CIFAR10) | Target Loss: 0.8540 | DDPM Loss: 0.0992
Client 26 (CIFAR10) | Target Loss: 1.2543 | DDPM Loss: 0.0992
Client 27 (CIFAR10) | Target Loss: 1.4353 | DDPM Loss: 0.0985
Client 28 (CIFAR10) | Target Loss: 1.4039 | DDPM Loss: 0.0982
Client 29 (CIFAR10) | Target Loss: 1.0645 | DDPM Loss: 0.0995
Client 30 (CIFAR10) | Target Loss: 1.5254 | DDPM Loss: 0.0992
Client 31 (CIFAR10) | Target Loss: 1.6436 | DDPM Loss: 0.0986
Selected client ids: [0, 1, 2, 3, 4, 5, 6, 7, 8, 9, 10, 11, 12, 13, 14, 15, 16, 17, 18, 19, 20, 21, 22, 23, 24, 25, 26, 27, 28, 29]
--- Round 11 ---
Client 0 (MNIST) | Target Loss: 0.1226 | DDPM Loss: 0.0776
Client 1 (MNIST) | Target Loss: 0.0401 | DDPM Loss: 0.0776
Client 2 (MNIST) | Target Loss: 0.0060 | DDPM Loss: 0.0771
Client 3 (MNIST) | Target Loss: 0.0239 | DDPM Loss: 0.0780
Client 4 (MNIST) | Target Loss: 0.1054 | DDPM Loss: 0.0775
Client 5 (MNIST) | Target Loss: 0.3903 | DDPM Loss: 0.0782
Client 6 (MNIST) | Target Loss: 0.0529 | DDPM Loss: 0.0775
Client 7 (MNIST) | Target Loss: 0.0276 | DDPM Loss: 0.0774
Client 8 (MNIST) | Target Loss: 1.4784 | DDPM Loss: 0.0789
Client 9 (MNIST) | Target Loss: 0.0742 | DDPM Loss: 0.0779
Client 11 (EMNIST) | Target Loss: 0.4421 | DDPM Loss: 0.0502
Client 12 (EMNIST) | Target Loss: 0.4077 | DDPM Loss: 0.0501
Client 13 (EMNIST) | Target Loss: 0.3088 | DDPM Loss: 0.0502
Client 14 (EMNIST) | Target Loss: 0.2863 | DDPM Loss: 0.0501
Client 15 (EMNIST) | Target Loss: 0.4464 | DDPM Loss: 0.0501
Client 16 (EMNIST) | Target Loss: 0.6249 | DDPM Loss: 0.0501
Client 17 (EMNIST) | Target Loss: 0.3704 | DDPM Loss: 0.0501
Client 18 (EMNIST) | Target Loss: 0.2781 | DDPM Loss: 0.0501
Client 19 (EMNIST) | Target Loss: 0.4508 | DDPM Loss: 0.0502
Client 20 (EMNIST) | Target Loss: 0.4884 | DDPM Loss: 0.0502
Client 22 (CIFAR10) | Target Loss: 0.7088 | DDPM Loss: 0.0952
Client 23 (CIFAR10) | Target Loss: 1.0108 | DDPM Loss: 0.0961
Client 24 (CIFAR10) | Target Loss: 0.8180 | DDPM Loss: 0.0955
Client 25 (CIFAR10) | Target Loss: 0.7532 | DDPM Loss: 0.0957
Client 26 (CIFAR10) | Target Loss: 1.1973 | DDPM Loss: 0.0956
Client 27 (CIFAR10) | Target Loss: 1.4118 | DDPM Loss: 0.0953
Client 28 (CIFAR10) | Target Loss: 1.3651 | DDPM Loss: 0.0959
Client 29 (CIFAR10) | Target Loss: 0.9657 | DDPM Loss: 0.0951
Client 30 (CIFAR10) | Target Loss: 1.4632 | DDPM Loss: 0.0953
Client 31 (CIFAR10) | Target Loss: 1.6182 | DDPM Loss: 0.0953
Selected client ids: [0, 1, 2, 3, 4, 5, 6, 7, 8, 9, 10, 11, 12, 13, 14, 15, 16, 17, 18, 19, 20, 21, 22, 23, 24, 25, 26, 27, 28, 29]
--- Round 12 ---
Client 0 (MNIST) | Target Loss: 0.1051 | DDPM Loss: 0.0742
Client 1 (MNIST) | Target Loss: 0.0449 | DDPM Loss: 0.0742
Client 2 (MNIST) | Target Loss: 0.0098 | DDPM Loss: 0.0742
Client 3 (MNIST) | Target Loss: 0.0175 | DDPM Loss: 0.0746
Client 4 (MNIST) | Target Loss: 0.1003 | DDPM Loss: 0.0744
Client 5 (MNIST) | Target Loss: 0.3656 | DDPM Loss: 0.0746
Client 6 (MNIST) | Target Loss: 0.0489 | DDPM Loss: 0.0741
Client 7 (MNIST) | Target Loss: 0.0190 | DDPM Loss: 0.0742
Client 8 (MNIST) | Target Loss: 1.1780 | DDPM Loss: 0.0761
Client 9 (MNIST) | Target Loss: 0.0866 | DDPM Loss: 0.0742
Client 11 (EMNIST) | Target Loss: 0.4255 | DDPM Loss: 0.0499
Client 12 (EMNIST) | Target Loss: 0.3956 | DDPM Loss: 0.0498
Client 13 (EMNIST) | Target Loss: 0.2965 | DDPM Loss: 0.0499
Client 14 (EMNIST) | Target Loss: 0.2737 | DDPM Loss: 0.0498
Client 15 (EMNIST) | Target Loss: 0.4319 | DDPM Loss: 0.0497
Client 16 (EMNIST) | Target Loss: 0.6128 | DDPM Loss: 0.0497
Client 17 (EMNIST) | Target Loss: 0.3648 | DDPM Loss: 0.0498
Client 18 (EMNIST) | Target Loss: 0.2610 | DDPM Loss: 0.0499
Client 19 (EMNIST) | Target Loss: 0.4404 | DDPM Loss: 0.0498
Client 20 (EMNIST) | Target Loss: 0.4716 | DDPM Loss: 0.0499
Client 22 (CIFAR10) | Target Loss: 0.6014 | DDPM Loss: 0.0920
Client 23 (CIFAR10) | Target Loss: 0.9734 | DDPM Loss: 0.0926
Client 24 (CIFAR10) | Target Loss: 0.7462 | DDPM Loss: 0.0922
Client 25 (CIFAR10) | Target Loss: 0.6038 | DDPM Loss: 0.0929
Client 26 (CIFAR10) | Target Loss: 1.1753 | DDPM Loss: 0.0925
Client 27 (CIFAR10) | Target Loss: 1.3850 | DDPM Loss: 0.0926
Client 28 (CIFAR10) | Target Loss: 1.3394 | DDPM Loss: 0.0924
Client 29 (CIFAR10) | Target Loss: 0.8573 | DDPM Loss: 0.0925
Client 30 (CIFAR10) | Target Loss: 1.4153 | DDPM Loss: 0.0933
Client 31 (CIFAR10) | Target Loss: 1.5505 | DDPM Loss: 0.0929
Selected client ids: [0, 1, 2, 3, 4, 5, 6, 7, 8, 9, 10, 11, 12, 13, 14, 15, 16, 17, 18, 19, 20, 21, 22, 23, 24, 25, 26, 27, 28, 29]
--- Round 13 ---
Client 0 (MNIST) | Target Loss: 0.1119 | DDPM Loss: 0.0718
Client 1 (MNIST) | Target Loss: 0.0300 | DDPM Loss: 0.0715
Client 2 (MNIST) | Target Loss: 0.0221 | DDPM Loss: 0.0718
Client 3 (MNIST) | Target Loss: 0.0120 | DDPM Loss: 0.0720
Client 4 (MNIST) | Target Loss: 0.0967 | DDPM Loss: 0.0717
Client 5 (MNIST) | Target Loss: 0.3424 | DDPM Loss: 0.0719
Client 6 (MNIST) | Target Loss: 0.0330 | DDPM Loss: 0.0719
Client 7 (MNIST) | Target Loss: 0.0378 | DDPM Loss: 0.0713
Client 8 (MNIST) | Target Loss: 1.4880 | DDPM Loss: 0.0718
Client 9 (MNIST) | Target Loss: 0.0681 | DDPM Loss: 0.0718
Client 11 (EMNIST) | Target Loss: 0.4181 | DDPM Loss: 0.0496
Client 12 (EMNIST) | Target Loss: 0.3899 | DDPM Loss: 0.0496
Client 13 (EMNIST) | Target Loss: 0.2806 | DDPM Loss: 0.0497
Client 14 (EMNIST) | Target Loss: 0.2600 | DDPM Loss: 0.0496
Client 15 (EMNIST) | Target Loss: 0.4272 | DDPM Loss: 0.0495
Client 16 (EMNIST) | Target Loss: 0.6001 | DDPM Loss: 0.0496
Client 17 (EMNIST) | Target Loss: 0.3561 | DDPM Loss: 0.0497
Client 18 (EMNIST) | Target Loss: 0.2477 | DDPM Loss: 0.0496
Client 19 (EMNIST) | Target Loss: 0.4322 | DDPM Loss: 0.0496
Client 20 (EMNIST) | Target Loss: 0.4782 | DDPM Loss: 0.0497
Client 22 (CIFAR10) | Target Loss: 0.5125 | DDPM Loss: 0.0905
Client 23 (CIFAR10) | Target Loss: 0.9371 | DDPM Loss: 0.0910
Client 24 (CIFAR10) | Target Loss: 0.6983 | DDPM Loss: 0.0903
Client 25 (CIFAR10) | Target Loss: 0.5375 | DDPM Loss: 0.0905
Client 26 (CIFAR10) | Target Loss: 1.0964 | DDPM Loss: 0.0902
Client 27 (CIFAR10) | Target Loss: 1.3632 | DDPM Loss: 0.0900
Client 28 (CIFAR10) | Target Loss: 1.2958 | DDPM Loss: 0.0906
Client 29 (CIFAR10) | Target Loss: 0.7688 | DDPM Loss: 0.0904
Client 30 (CIFAR10) | Target Loss: 1.3589 | DDPM Loss: 0.0901
Client 31 (CIFAR10) | Target Loss: 1.5253 | DDPM Loss: 0.0900
Selected client ids: [0, 1, 2, 3, 4, 5, 6, 7, 8, 9, 10, 11, 12, 13, 14, 15, 16, 17, 18, 19, 20, 21, 22, 23, 24, 25, 26, 27, 28, 29]
--- Round 14 ---
Client 0 (MNIST) | Target Loss: 0.1031 | DDPM Loss: 0.0696
Client 1 (MNIST) | Target Loss: 0.0212 | DDPM Loss: 0.0694
Client 2 (MNIST) | Target Loss: 0.0352 | DDPM Loss: 0.0696
Client 3 (MNIST) | Target Loss: 0.0205 | DDPM Loss: 0.0697
Client 4 (MNIST) | Target Loss: 0.0960 | DDPM Loss: 0.0698
Client 5 (MNIST) | Target Loss: 0.3091 | DDPM Loss: 0.0698
Client 6 (MNIST) | Target Loss: 0.0269 | DDPM Loss: 0.0696
Client 7 (MNIST) | Target Loss: 0.0350 | DDPM Loss: 0.0695
Client 8 (MNIST) | Target Loss: 1.1815 | DDPM Loss: 0.0709
Client 9 (MNIST) | Target Loss: 0.0477 | DDPM Loss: 0.0697
Client 11 (EMNIST) | Target Loss: 0.4121 | DDPM Loss: 0.0494
Client 12 (EMNIST) | Target Loss: 0.3819 | DDPM Loss: 0.0493
Client 13 (EMNIST) | Target Loss: 0.2674 | DDPM Loss: 0.0494
Client 14 (EMNIST) | Target Loss: 0.2465 | DDPM Loss: 0.0493
Client 15 (EMNIST) | Target Loss: 0.4244 | DDPM Loss: 0.0494
Client 16 (EMNIST) | Target Loss: 0.5833 | DDPM Loss: 0.0494
Client 17 (EMNIST) | Target Loss: 0.3459 | DDPM Loss: 0.0494
Client 18 (EMNIST) | Target Loss: 0.2386 | DDPM Loss: 0.0494
Client 19 (EMNIST) | Target Loss: 0.4215 | DDPM Loss: 0.0494
Client 20 (EMNIST) | Target Loss: 0.4679 | DDPM Loss: 0.0494
Client 22 (CIFAR10) | Target Loss: 0.4750 | DDPM Loss: 0.0883
Client 23 (CIFAR10) | Target Loss: 0.8858 | DDPM Loss: 0.0886
Client 24 (CIFAR10) | Target Loss: 0.5909 | DDPM Loss: 0.0877
Client 25 (CIFAR10) | Target Loss: 0.3767 | DDPM Loss: 0.0881
Client 26 (CIFAR10) | Target Loss: 1.0140 | DDPM Loss: 0.0886
Client 27 (CIFAR10) | Target Loss: 1.3424 | DDPM Loss: 0.0880
Client 28 (CIFAR10) | Target Loss: 1.2647 | DDPM Loss: 0.0876
Client 29 (CIFAR10) | Target Loss: 0.6577 | DDPM Loss: 0.0881
Client 30 (CIFAR10) | Target Loss: 1.2814 | DDPM Loss: 0.0887
Client 31 (CIFAR10) | Target Loss: 1.5011 | DDPM Loss: 0.0877
Selected client ids: [0, 1, 2, 3, 4, 5, 6, 7, 8, 9, 10, 11, 12, 13, 14, 15, 16, 17, 18, 19, 20, 21, 22, 23, 24, 25, 26, 27, 28, 29]
--- Round 15 ---
Client 0 (MNIST) | Target Loss: 0.0861 | DDPM Loss: 0.0682
Client 1 (MNIST) | Target Loss: 0.0321 | DDPM Loss: 0.0680
Client 2 (MNIST) | Target Loss: 0.0172 | DDPM Loss: 0.0679
Client 3 (MNIST) | Target Loss: 0.0137 | DDPM Loss: 0.0683
Client 4 (MNIST) | Target Loss: 0.0828 | DDPM Loss: 0.0680
Client 5 (MNIST) | Target Loss: 0.2853 | DDPM Loss: 0.0684
Client 6 (MNIST) | Target Loss: 0.0228 | DDPM Loss: 0.0678
Client 7 (MNIST) | Target Loss: 0.0267 | DDPM Loss: 0.0683
Client 8 (MNIST) | Target Loss: 1.0762 | DDPM Loss: 0.0683
Client 9 (MNIST) | Target Loss: 0.0439 | DDPM Loss: 0.0686
Client 11 (EMNIST) | Target Loss: 0.4062 | DDPM Loss: 0.0491
Client 12 (EMNIST) | Target Loss: 0.3750 | DDPM Loss: 0.0491
Client 13 (EMNIST) | Target Loss: 0.2545 | DDPM Loss: 0.0492
Client 14 (EMNIST) | Target Loss: 0.2302 | DDPM Loss: 0.0492
Client 15 (EMNIST) | Target Loss: 0.4162 | DDPM Loss: 0.0491
Client 16 (EMNIST) | Target Loss: 0.5772 | DDPM Loss: 0.0491
Client 17 (EMNIST) | Target Loss: 0.3410 | DDPM Loss: 0.0491
Client 18 (EMNIST) | Target Loss: 0.2225 | DDPM Loss: 0.0492
Client 19 (EMNIST) | Target Loss: 0.4124 | DDPM Loss: 0.0492
Client 20 (EMNIST) | Target Loss: 0.4517 | DDPM Loss: 0.0492
Client 22 (CIFAR10) | Target Loss: 0.4559 | DDPM Loss: 0.0873
Client 23 (CIFAR10) | Target Loss: 0.8649 | DDPM Loss: 0.0868
Client 24 (CIFAR10) | Target Loss: 0.5191 | DDPM Loss: 0.0874
Client 25 (CIFAR10) | Target Loss: 0.2822 | DDPM Loss: 0.0868
Client 26 (CIFAR10) | Target Loss: 0.9699 | DDPM Loss: 0.0866
Client 27 (CIFAR10) | Target Loss: 1.3012 | DDPM Loss: 0.0867
Client 28 (CIFAR10) | Target Loss: 1.2408 | DDPM Loss: 0.0871
Client 29 (CIFAR10) | Target Loss: 0.5594 | DDPM Loss: 0.0858
Client 30 (CIFAR10) | Target Loss: 1.2436 | DDPM Loss: 0.0868
Client 31 (CIFAR10) | Target Loss: 1.4683 | DDPM Loss: 0.0870
Selected client ids: [0, 1, 2, 3, 4, 5, 6, 7, 8, 9, 10, 11, 12, 13, 14, 15, 16, 17, 18, 19, 20, 21, 22, 23, 24, 25, 26, 27, 28, 29]
--- Round 16 ---
Client 0 (MNIST) | Target Loss: 0.0995 | DDPM Loss: 0.0669
Client 1 (MNIST) | Target Loss: 0.0221 | DDPM Loss: 0.0666
Client 2 (MNIST) | Target Loss: 0.0124 | DDPM Loss: 0.0667
Client 3 (MNIST) | Target Loss: 0.0228 | DDPM Loss: 0.0670
Client 4 (MNIST) | Target Loss: 0.0844 | DDPM Loss: 0.0670
Client 5 (MNIST) | Target Loss: 0.2716 | DDPM Loss: 0.0668
Client 6 (MNIST) | Target Loss: 0.0219 | DDPM Loss: 0.0665
Client 7 (MNIST) | Target Loss: 0.0154 | DDPM Loss: 0.0666
Client 8 (MNIST) | Target Loss: 0.9604 | DDPM Loss: 0.0673
Client 9 (MNIST) | Target Loss: 0.0806 | DDPM Loss: 0.0668
Client 11 (EMNIST) | Target Loss: 0.3953 | DDPM Loss: 0.0490
Client 12 (EMNIST) | Target Loss: 0.3687 | DDPM Loss: 0.0489
