Time: 2026-05-22 13:11:27
Log Dir: /home/unshun/multi-FL/logs/2026-05-21_09-56-46/new_client_2026-05-22_13-11-27/
================================================================================Loading checkpoints from logs/2026-05-21_09-56-46/GeFL_DDPM_baseline/
Method selected: GeFL_DDPM_single
Loaded MLP for MNIST from client_model_MNIST_c0_MLP.pth
Loaded LeNet for MNIST from client_model_MNIST_c6_LeNet.pth
Loaded ShuffleNet for MNIST from client_model_MNIST_c8_ShuffleNet.pth
Loaded MobileNetV2 for MNIST from client_model_MNIST_c4_MobileNetV2.pth
Loaded ResNet8 for MNIST from client_model_MNIST_c2_ResNet8.pth
Loaded CNN for MNIST from client_model_MNIST_c1_CNN.pth
Loaded ResNet18 for MNIST from client_model_MNIST_c3_ResNet18.pth
Loaded SqueezeNet for MNIST from client_model_MNIST_c9_SqueezeNet.pth
Loaded AlexNet for MNIST from client_model_MNIST_c7_AlexNet.pth
Loaded MobileNetV3 for MNIST from client_model_MNIST_c5_MobileNetV3.pth
Loaded ShuffleNet for EMNIST from client_model_EMNIST_c19_ShuffleNet.pth
Loaded MobileNetV2 for EMNIST from client_model_EMNIST_c15_MobileNetV2.pth
Loaded AlexNet for EMNIST from client_model_EMNIST_c18_AlexNet.pth
Loaded SqueezeNet for EMNIST from client_model_EMNIST_c20_SqueezeNet.pth
Loaded MobileNetV3 for EMNIST from client_model_EMNIST_c16_MobileNetV3.pth
Loaded ResNet18 for EMNIST from client_model_EMNIST_c14_ResNet18.pth
Loaded ResNet8 for EMNIST from client_model_EMNIST_c13_ResNet8.pth
Loaded CNN for EMNIST from client_model_EMNIST_c12_CNN.pth
Loaded MLP for EMNIST from client_model_EMNIST_c11_MLP.pth
Loaded LeNet for EMNIST from client_model_EMNIST_c17_LeNet.pth
Loaded SqueezeNet for CIFAR10 from client_model_CIFAR10_c31_SqueezeNet.pth
Loaded MLP for CIFAR10 from client_model_CIFAR10_c22_MLP.pth
Loaded ResNet8 for CIFAR10 from client_model_CIFAR10_c24_ResNet8.pth
Loaded CNN for CIFAR10 from client_model_CIFAR10_c23_CNN.pth
Loaded ResNet18 for CIFAR10 from client_model_CIFAR10_c25_ResNet18.pth
Loaded MobileNetV2 for CIFAR10 from client_model_CIFAR10_c26_MobileNetV2.pth
Loaded LeNet for CIFAR10 from client_model_CIFAR10_c28_LeNet.pth
Loaded ShuffleNet for CIFAR10 from client_model_CIFAR10_c30_ShuffleNet.pth
Loaded MobileNetV3 for CIFAR10 from client_model_CIFAR10_c27_MobileNetV3.pth
Loaded AlexNet for CIFAR10 from client_model_CIFAR10_c29_AlexNet.pth
WARNING: No models loaded for dataset: FashionMNIST.
WARNING: No models loaded for dataset: CIFAR100.
WARNING: No models loaded for dataset: USPS.
>>> Loaded client data distributions directly from server checkpoint.

========================================
>>> [METHOD: SYNTHETIC] Starting Synthetic Label Mapping...
========================================
>>> Target Methods to Run: ['GeFL_DDPM_single']
>>> [Syn] Loaded client data distributions directly from server checkpoint.

########################################
>>> [Syn] Running Method: GeFL_DDPM_single
########################################

>>> Syn-GeFL_DDPM_single Training New Generators...
-> [SUCCESS] Loaded GeFL DDPM generator for MNIST from logs/2026-05-21_09-56-46/GeFL_DDPM_baseline/global_gans/MNIST_DDPM.pth
-> [SUCCESS] Loaded GeFL DDPM generator for EMNIST from logs/2026-05-21_09-56-46/GeFL_DDPM_baseline/global_gans/EMNIST_DDPM.pth
-> [SUCCESS] Loaded GeFL DDPM generator for CIFAR10 from logs/2026-05-21_09-56-46/GeFL_DDPM_baseline/global_gans/CIFAR10_DDPM.pth
Exp (Single): GeFL DDPM (0.1)
Single-direction Mapping | dynamic_entropy_ratio: 0.1
  [Candidate] MNIST:'2' -> EMNIST:'2' (Ent: 0.05)
  [Candidate] MNIST:'3' -> EMNIST:'3' (Ent: 0.00)
  [Candidate] MNIST:'4' -> EMNIST:'4' (Ent: 0.23)
  [Candidate] MNIST:'5' -> EMNIST:'5' (Ent: 0.41)
  [Candidate] MNIST:'6' -> EMNIST:'6' (Ent: 0.08)
  [Candidate] MNIST:'8' -> EMNIST:'8' (Ent: 0.12)
  [Candidate] EMNIST:'1' -> MNIST:'1' (Ent: 0.10)
  [Candidate] EMNIST:'4' -> MNIST:'4' (Ent: 0.21)
  [Candidate] EMNIST:'18' -> MNIST:'1' (Ent: 0.11)
  [Candidate] EMNIST:'47' -> MNIST:'1' (Ent: 0.17)
