Time: 2026-04-15 22:45:32
Log Dir: /home/unshun/multi-FL/logs/Local_noniid_het_gb40/new_client_2026-04-15_22-45-32/
================================================================================Loading checkpoints from logs/Local_noniid_het_gb40/Local/
Method selected: NAYER
Loaded MLP for MNIST from client_model_MNIST_c0_MLP.pth
Loaded LeNet for MNIST from client_model_MNIST_c6_LeNet.pth
Loaded ShuffleNet for MNIST from client_model_MNIST_c8_ShuffleNet.pth
Loaded MobileNetV2 for MNIST from client_model_MNIST_c4_MobileNetV2.pth
Loaded ResNet8 for MNIST from client_model_MNIST_c2_ResNet8.pth
Loaded CNN for MNIST from client_model_MNIST_c1_CNN.pth
Loaded ResNet18 for MNIST from client_model_MNIST_c3_ResNet18.pth
Loaded SqueezeNet for MNIST from client_model_MNIST_c9_SqueezeNet.pth
Loaded AlexNet for MNIST from client_model_MNIST_c7_AlexNet.pth
Loaded MobileNetV3 for MNIST from client_model_MNIST_c5_MobileNetV3.pth
Loaded ShuffleNet for EMNIST from client_model_EMNIST_c19_ShuffleNet.pth
Loaded MobileNetV2 for EMNIST from client_model_EMNIST_c15_MobileNetV2.pth
Loaded AlexNet for EMNIST from client_model_EMNIST_c18_AlexNet.pth
Loaded SqueezeNet for EMNIST from client_model_EMNIST_c20_SqueezeNet.pth
Loaded MobileNetV3 for EMNIST from client_model_EMNIST_c16_MobileNetV3.pth
Loaded ResNet18 for EMNIST from client_model_EMNIST_c14_ResNet18.pth
Loaded ResNet8 for EMNIST from client_model_EMNIST_c13_ResNet8.pth
Loaded CNN for EMNIST from client_model_EMNIST_c12_CNN.pth
Loaded MLP for EMNIST from client_model_EMNIST_c11_MLP.pth
Loaded LeNet for EMNIST from client_model_EMNIST_c17_LeNet.pth
WARNING: No models loaded for dataset: FashionMNIST.
WARNING: No models loaded for dataset: CIFAR100.

========================================
>>> [METHOD: SYNTHETIC] Starting Synthetic Label Mapping...
========================================
>>> Target Methods to Run: ['NAYER']
>>> [Syn] Loaded client data distributions directly from server checkpoint.

########################################
>>> [Syn] Running Method: NAYER
########################################

>>> Syn-NAYER Training Old Generators...
[Testing] Training Per-Dataset Generators Offline (Old Gen Method) using NAYER...
--- NAYER Generator Configuration ---
    epochs: 120
    g_loops: 2
    g_steps: 30
    g_life: 10
    kd_steps: 400
    warmup: 20
    gwp_loops: 10
    lr_g: 0.004
    ce: 0.5
    bn: 10.0
    adv: 1.33
    student_lr: 0.2
------------------------------------
    -> Loading CLIP ViT-B/32 label embeddings for 10 classes...
    -> [Epoch 0] Student Test Accuracy for MNIST: 11.49%
    -> [Epoch 1] Student Test Accuracy for MNIST: 10.36%
    -> [Epoch 2] Student Test Accuracy for MNIST: 11.42%
    -> [Epoch 3] Student Test Accuracy for MNIST: 10.90%
    -> [Epoch 4] Student Test Accuracy for MNIST: 11.35%
    -> [Epoch 5] Student Test Accuracy for MNIST: 11.35%
    -> [Epoch 6] Student Test Accuracy for MNIST: 11.35%
    -> [Epoch 7] Student Test Accuracy for MNIST: 13.92%
    -> [Epoch 8] Student Test Accuracy for MNIST: 11.00%
    -> [Epoch 9] Student Test Accuracy for MNIST: 11.35%
    -> [Epoch 10] Student Test Accuracy for MNIST: 11.35%
    -> [Epoch 11] Student Test Accuracy for MNIST: 11.35%
    -> [Epoch 12] Student Test Accuracy for MNIST: 11.35%
    -> [Epoch 13] Student Test Accuracy for MNIST: 9.83%
    -> [Epoch 14] Student Test Accuracy for MNIST: 11.58%
    -> [Epoch 15] Student Test Accuracy for MNIST: 11.95%
    -> [Epoch 16] Student Test Accuracy for MNIST: 11.43%
    -> [Epoch 17] Student Test Accuracy for MNIST: 11.69%
    -> [Epoch 18] Student Test Accuracy for MNIST: 10.09%
    -> [Epoch 19] Student Test Accuracy for MNIST: 9.84%
    -> [Epoch 20] Student Test Accuracy for MNIST: 10.09%
    -> [Epoch 21] Student Test Accuracy for MNIST: 12.65%
    -> [Epoch 22] Student Test Accuracy for MNIST: 9.89%
    -> [Epoch 23] Student Test Accuracy for MNIST: 11.35%
    -> [Epoch 24] Student Test Accuracy for MNIST: 10.09%
    -> [Epoch 25] Student Test Accuracy for MNIST: 10.09%
    -> [Epoch 26] Student Test Accuracy for MNIST: 9.78%
    -> [Epoch 27] Student Test Accuracy for MNIST: 19.67%
    -> [Epoch 28] Student Test Accuracy for MNIST: 11.26%
    -> [Epoch 29] Student Test Accuracy for MNIST: 11.82%
    -> [Epoch 30] Student Test Accuracy for MNIST: 10.37%
    -> [Epoch 31] Student Test Accuracy for MNIST: 10.17%
    -> [Epoch 32] Student Test Accuracy for MNIST: 19.94%
    -> [Epoch 33] Student Test Accuracy for MNIST: 16.80%
    -> [Epoch 34] Student Test Accuracy for MNIST: 17.73%
    -> [Epoch 35] Student Test Accuracy for MNIST: 11.70%
    -> [Epoch 36] Student Test Accuracy for MNIST: 11.18%
    -> [Epoch 37] Student Test Accuracy for MNIST: 11.35%
    -> [Epoch 38] Student Test Accuracy for MNIST: 10.36%
    -> [Epoch 39] Student Test Accuracy for MNIST: 9.74%
    -> [Epoch 40] Student Test Accuracy for MNIST: 10.09%
    -> [Epoch 41] Student Test Accuracy for MNIST: 16.07%
    -> [Epoch 42] Student Test Accuracy for MNIST: 10.15%
    -> [Epoch 43] Student Test Accuracy for MNIST: 10.57%
    -> [Epoch 44] Student Test Accuracy for MNIST: 15.14%
    -> [Epoch 45] Student Test Accuracy for MNIST: 15.53%
    -> [Epoch 46] Student Test Accuracy for MNIST: 11.64%
    -> [Epoch 47] Student Test Accuracy for MNIST: 11.03%
    -> [Epoch 48] Student Test Accuracy for MNIST: 13.49%
    -> [Epoch 49] Student Test Accuracy for MNIST: 16.88%
    -> [Epoch 50] Student Test Accuracy for MNIST: 14.46%
    -> [Epoch 51] Student Test Accuracy for MNIST: 11.38%
    -> [Epoch 52] Student Test Accuracy for MNIST: 9.77%
    -> [Epoch 53] Student Test Accuracy for MNIST: 12.96%
    -> [Epoch 54] Student Test Accuracy for MNIST: 11.92%
    -> [Epoch 55] Student Test Accuracy for MNIST: 12.97%
    -> [Epoch 56] Student Test Accuracy for MNIST: 11.89%
    -> [Epoch 57] Student Test Accuracy for MNIST: 10.45%
    -> [Epoch 58] Student Test Accuracy for MNIST: 11.47%
    -> [Epoch 59] Student Test Accuracy for MNIST: 13.44%
    -> [Epoch 60] Student Test Accuracy for MNIST: 15.12%
    -> [Epoch 61] Student Test Accuracy for MNIST: 17.48%
    -> [Epoch 62] Student Test Accuracy for MNIST: 11.37%
    -> [Epoch 63] Student Test Accuracy for MNIST: 14.17%
    -> [Epoch 64] Student Test Accuracy for MNIST: 10.55%
    -> [Epoch 65] Student Test Accuracy for MNIST: 10.08%
    -> [Epoch 66] Student Test Accuracy for MNIST: 14.33%
    -> [Epoch 67] Student Test Accuracy for MNIST: 10.38%
    -> [Epoch 68] Student Test Accuracy for MNIST: 15.98%
    -> [Epoch 69] Student Test Accuracy for MNIST: 15.85%
    -> [Epoch 70] Student Test Accuracy for MNIST: 20.30%
    -> [Epoch 71] Student Test Accuracy for MNIST: 12.02%
    -> [Epoch 72] Student Test Accuracy for MNIST: 17.34%
    -> [Epoch 73] Student Test Accuracy for MNIST: 9.74%
    -> [Epoch 74] Student Test Accuracy for MNIST: 11.35%
    -> [Epoch 75] Student Test Accuracy for MNIST: 9.74%
    -> [Epoch 76] Student Test Accuracy for MNIST: 13.91%
    -> [Epoch 77] Student Test Accuracy for MNIST: 11.64%
    -> [Epoch 78] Student Test Accuracy for MNIST: 9.84%
    -> [Epoch 79] Student Test Accuracy for MNIST: 13.91%
    -> [Epoch 80] Student Test Accuracy for MNIST: 7.85%
    -> [Epoch 81] Student Test Accuracy for MNIST: 8.71%
    -> [Epoch 82] Student Test Accuracy for MNIST: 16.37%
    -> [Epoch 83] Student Test Accuracy for MNIST: 10.67%
    -> [Epoch 84] Student Test Accuracy for MNIST: 13.58%
    -> [Epoch 85] Student Test Accuracy for MNIST: 9.71%
    -> [Epoch 86] Student Test Accuracy for MNIST: 12.27%
    -> [Epoch 87] Student Test Accuracy for MNIST: 17.72%
    -> [Epoch 88] Student Test Accuracy for MNIST: 11.82%
    -> [Epoch 89] Student Test Accuracy for MNIST: 10.10%
    -> [Epoch 90] Student Test Accuracy for MNIST: 11.80%
    -> [Epoch 91] Student Test Accuracy for MNIST: 12.29%
    -> [Epoch 92] Student Test Accuracy for MNIST: 12.45%
    -> [Epoch 93] Student Test Accuracy for MNIST: 18.45%
    -> [Epoch 94] Student Test Accuracy for MNIST: 14.62%
    -> [Epoch 95] Student Test Accuracy for MNIST: 11.69%
    -> [Epoch 96] Student Test Accuracy for MNIST: 17.91%
    -> [Epoch 97] Student Test Accuracy for MNIST: 10.31%
    -> [Epoch 98] Student Test Accuracy for MNIST: 19.83%
    -> [Epoch 99] Student Test Accuracy for MNIST: 15.94%
    -> [Epoch 100] Student Test Accuracy for MNIST: 10.04%
    -> [Epoch 101] Student Test Accuracy for MNIST: 10.65%
    -> [Epoch 102] Student Test Accuracy for MNIST: 16.73%
    -> [Epoch 103] Student Test Accuracy for MNIST: 22.38%
    -> [Epoch 104] Student Test Accuracy for MNIST: 11.67%
    -> [Epoch 105] Student Test Accuracy for MNIST: 11.67%
    -> [Epoch 106] Student Test Accuracy for MNIST: 5.94%
    -> [Epoch 107] Student Test Accuracy for MNIST: 20.18%
    -> [Epoch 108] Student Test Accuracy for MNIST: 11.38%
    -> [Epoch 109] Student Test Accuracy for MNIST: 11.35%
    -> [Epoch 110] Student Test Accuracy for MNIST: 15.59%
    -> [Epoch 111] Student Test Accuracy for MNIST: 14.64%
    -> [Epoch 112] Student Test Accuracy for MNIST: 15.30%
    -> [Epoch 113] Student Test Accuracy for MNIST: 10.30%
    -> [Epoch 114] Student Test Accuracy for MNIST: 10.09%
    -> [Epoch 115] Student Test Accuracy for MNIST: 20.20%
    -> [Epoch 116] Student Test Accuracy for MNIST: 16.04%
    -> [Epoch 117] Student Test Accuracy for MNIST: 18.69%
    -> [Epoch 118] Student Test Accuracy for MNIST: 16.72%
    -> [Epoch 119] Student Test Accuracy for MNIST: 17.31%
    Dataset [MNIST] Generator | Epochs: 120 | Final Loss: 371.6120
    -> Student Accuracy per Epoch saved to /home/unshun/multi-FL/logs/Local_noniid_het_gb40/new_client_2026-04-15_22-45-32/NAYER_MNIST_student_acc.csv
-> [New] Gen images saved to /home/unshun/multi-FL/logs/Local_noniid_het_gb40/new_client_2026-04-15_22-45-32/NAYER_MNIST__gen_img_old.png
    -> Loading CLIP ViT-B/32 label embeddings for 62 classes...
    -> [Epoch 0] Student Test Accuracy for EMNIST: 1.43%
    -> [Epoch 1] Student Test Accuracy for EMNIST: 0.51%
    -> [Epoch 2] Student Test Accuracy for EMNIST: 3.56%
    -> [Epoch 3] Student Test Accuracy for EMNIST: 6.07%
    -> [Epoch 4] Student Test Accuracy for EMNIST: 5.05%
    -> [Epoch 5] Student Test Accuracy for EMNIST: 2.80%
    -> [Epoch 6] Student Test Accuracy for EMNIST: 1.41%
    -> [Epoch 7] Student Test Accuracy for EMNIST: 5.12%
    -> [Epoch 8] Student Test Accuracy for EMNIST: 5.07%
    -> [Epoch 9] Student Test Accuracy for EMNIST: 4.78%
    -> [Epoch 10] Student Test Accuracy for EMNIST: 0.41%
    -> [Epoch 11] Student Test Accuracy for EMNIST: 5.06%
    -> [Epoch 12] Student Test Accuracy for EMNIST: 5.02%
    -> [Epoch 13] Student Test Accuracy for EMNIST: 4.87%
    -> [Epoch 14] Student Test Accuracy for EMNIST: 5.15%
    -> [Epoch 15] Student Test Accuracy for EMNIST: 4.00%
    -> [Epoch 16] Student Test Accuracy for EMNIST: 4.90%
    -> [Epoch 17] Student Test Accuracy for EMNIST: 5.25%
    -> [Epoch 18] Student Test Accuracy for EMNIST: 3.39%
    -> [Epoch 19] Student Test Accuracy for EMNIST: 4.91%
    -> [Epoch 20] Student Test Accuracy for EMNIST: 3.64%
    -> [Epoch 21] Student Test Accuracy for EMNIST: 2.27%
    -> [Epoch 22] Student Test Accuracy for EMNIST: 3.49%
    -> [Epoch 23] Student Test Accuracy for EMNIST: 1.35%
    -> [Epoch 24] Student Test Accuracy for EMNIST: 3.18%
    -> [Epoch 25] Student Test Accuracy for EMNIST: 4.73%
    -> [Epoch 26] Student Test Accuracy for EMNIST: 5.39%
    -> [Epoch 27] Student Test Accuracy for EMNIST: 3.53%
    -> [Epoch 28] Student Test Accuracy for EMNIST: 2.30%
    -> [Epoch 29] Student Test Accuracy for EMNIST: 1.05%
    -> [Epoch 30] Student Test Accuracy for EMNIST: 0.74%
    -> [Epoch 31] Student Test Accuracy for EMNIST: 0.35%
    -> [Epoch 32] Student Test Accuracy for EMNIST: 3.69%
    -> [Epoch 33] Student Test Accuracy for EMNIST: 5.05%
    -> [Epoch 34] Student Test Accuracy for EMNIST: 5.02%
    -> [Epoch 35] Student Test Accuracy for EMNIST: 2.66%
    -> [Epoch 36] Student Test Accuracy for EMNIST: 4.97%
    -> [Epoch 37] Student Test Accuracy for EMNIST: 4.97%
    -> [Epoch 38] Student Test Accuracy for EMNIST: 4.97%
    -> [Epoch 39] Student Test Accuracy for EMNIST: 3.57%
    -> [Epoch 40] Student Test Accuracy for EMNIST: 0.40%
    -> [Epoch 41] Student Test Accuracy for EMNIST: 0.73%
    -> [Epoch 42] Student Test Accuracy for EMNIST: 3.36%
    -> [Epoch 43] Student Test Accuracy for EMNIST: 5.15%
    -> [Epoch 44] Student Test Accuracy for EMNIST: 3.66%
    -> [Epoch 45] Student Test Accuracy for EMNIST: 0.98%
    -> [Epoch 46] Student Test Accuracy for EMNIST: 1.20%
    -> [Epoch 47] Student Test Accuracy for EMNIST: 0.55%
    -> [Epoch 48] Student Test Accuracy for EMNIST: 0.74%
    -> [Epoch 49] Student Test Accuracy for EMNIST: 2.19%
    -> [Epoch 50] Student Test Accuracy for EMNIST: 0.73%
    -> [Epoch 51] Student Test Accuracy for EMNIST: 0.65%
    -> [Epoch 52] Student Test Accuracy for EMNIST: 0.45%
    -> [Epoch 53] Student Test Accuracy for EMNIST: 1.40%
    -> [Epoch 54] Student Test Accuracy for EMNIST: 0.75%
    -> [Epoch 55] Student Test Accuracy for EMNIST: 0.50%
    -> [Epoch 56] Student Test Accuracy for EMNIST: 4.10%
    -> [Epoch 57] Student Test Accuracy for EMNIST: 1.43%
    -> [Epoch 58] Student Test Accuracy for EMNIST: 1.00%
    -> [Epoch 59] Student Test Accuracy for EMNIST: 3.42%
    -> [Epoch 60] Student Test Accuracy for EMNIST: 1.23%
    -> [Epoch 61] Student Test Accuracy for EMNIST: 0.83%
    -> [Epoch 62] Student Test Accuracy for EMNIST: 2.07%
    -> [Epoch 63] Student Test Accuracy for EMNIST: 3.00%
    -> [Epoch 64] Student Test Accuracy for EMNIST: 0.84%
    -> [Epoch 65] Student Test Accuracy for EMNIST: 0.78%
    -> [Epoch 66] Student Test Accuracy for EMNIST: 0.58%
    -> [Epoch 67] Student Test Accuracy for EMNIST: 0.69%
    -> [Epoch 68] Student Test Accuracy for EMNIST: 0.39%
    -> [Epoch 69] Student Test Accuracy for EMNIST: 1.83%
    -> [Epoch 70] Student Test Accuracy for EMNIST: 2.52%
    -> [Epoch 71] Student Test Accuracy for EMNIST: 1.31%
    -> [Epoch 72] Student Test Accuracy for EMNIST: 0.50%
    -> [Epoch 73] Student Test Accuracy for EMNIST: 1.18%
    -> [Epoch 74] Student Test Accuracy for EMNIST: 0.47%
    -> [Epoch 75] Student Test Accuracy for EMNIST: 0.70%
    -> [Epoch 76] Student Test Accuracy for EMNIST: 0.49%
    -> [Epoch 77] Student Test Accuracy for EMNIST: 0.72%
    -> [Epoch 78] Student Test Accuracy for EMNIST: 1.24%
    -> [Epoch 79] Student Test Accuracy for EMNIST: 1.37%
    -> [Epoch 80] Student Test Accuracy for EMNIST: 1.17%
    -> [Epoch 81] Student Test Accuracy for EMNIST: 1.64%
    -> [Epoch 82] Student Test Accuracy for EMNIST: 0.84%
    -> [Epoch 83] Student Test Accuracy for EMNIST: 0.93%
    -> [Epoch 84] Student Test Accuracy for EMNIST: 0.97%
    -> [Epoch 85] Student Test Accuracy for EMNIST: 2.21%
    -> [Epoch 86] Student Test Accuracy for EMNIST: 2.21%
    -> [Epoch 87] Student Test Accuracy for EMNIST: 0.86%
    -> [Epoch 88] Student Test Accuracy for EMNIST: 0.33%
    -> [Epoch 89] Student Test Accuracy for EMNIST: 0.50%
    -> [Epoch 90] Student Test Accuracy for EMNIST: 1.27%
    -> [Epoch 91] Student Test Accuracy for EMNIST: 1.36%
    -> [Epoch 92] Student Test Accuracy for EMNIST: 1.16%
    -> [Epoch 93] Student Test Accuracy for EMNIST: 0.38%
    -> [Epoch 94] Student Test Accuracy for EMNIST: 1.09%
    -> [Epoch 95] Student Test Accuracy for EMNIST: 0.35%
    -> [Epoch 96] Student Test Accuracy for EMNIST: 0.55%
    -> [Epoch 97] Student Test Accuracy for EMNIST: 0.58%
    -> [Epoch 98] Student Test Accuracy for EMNIST: 1.18%
    -> [Epoch 99] Student Test Accuracy for EMNIST: 2.21%
    -> [Epoch 100] Student Test Accuracy for EMNIST: 1.05%
    -> [Epoch 101] Student Test Accuracy for EMNIST: 1.99%
    -> [Epoch 102] Student Test Accuracy for EMNIST: 0.57%
    -> [Epoch 103] Student Test Accuracy for EMNIST: 0.33%
    -> [Epoch 104] Student Test Accuracy for EMNIST: 1.05%
    -> [Epoch 105] Student Test Accuracy for EMNIST: 0.77%
    -> [Epoch 106] Student Test Accuracy for EMNIST: 0.43%
    -> [Epoch 107] Student Test Accuracy for EMNIST: 0.69%
    -> [Epoch 108] Student Test Accuracy for EMNIST: 0.83%
    -> [Epoch 109] Student Test Accuracy for EMNIST: 2.41%
    -> [Epoch 110] Student Test Accuracy for EMNIST: 0.75%
    -> [Epoch 111] Student Test Accuracy for EMNIST: 0.33%
    -> [Epoch 112] Student Test Accuracy for EMNIST: 0.70%
    -> [Epoch 113] Student Test Accuracy for EMNIST: 0.64%
    -> [Epoch 114] Student Test Accuracy for EMNIST: 0.35%
    -> [Epoch 115] Student Test Accuracy for EMNIST: 1.16%
    -> [Epoch 116] Student Test Accuracy for EMNIST: 0.33%
    -> [Epoch 117] Student Test Accuracy for EMNIST: 0.33%
    -> [Epoch 118] Student Test Accuracy for EMNIST: 0.40%
    -> [Epoch 119] Student Test Accuracy for EMNIST: 2.33%
    Dataset [EMNIST] Generator | Epochs: 120 | Final Loss: 4573.0273
    -> Student Accuracy per Epoch saved to /home/unshun/multi-FL/logs/Local_noniid_het_gb40/new_client_2026-04-15_22-45-32/NAYER_EMNIST_student_acc.csv
-> [New] Gen images saved to /home/unshun/multi-FL/logs/Local_noniid_het_gb40/new_client_2026-04-15_22-45-32/NAYER_EMNIST__gen_img_old.png
Exp: Old Gen + Old Ent (0.1)
dynamic_entropy_ratio: 0.1
Exp: Old Gen + Old Ent (0.15)
dynamic_entropy_ratio: 0.15
Exp: Old Gen + Old Ent (0.2)
dynamic_entropy_ratio: 0.2
Exp: Old Gen + Old Ent (0.25)
dynamic_entropy_ratio: 0.25
Exp: Old Gen + Old Ent (0.3)
dynamic_entropy_ratio: 0.3
Exp: Old Gen + Old Ent (0.35)
dynamic_entropy_ratio: 0.35
Exp: Old Gen + Old Ent (0.4)
dynamic_entropy_ratio: 0.4
Exp: Old Gen + Old Ent (0.45)
dynamic_entropy_ratio: 0.45
Exp: Old Gen + Old Ent (0.5)
dynamic_entropy_ratio: 0.5
Exp: Old Gen + Old Ent (0.55)
dynamic_entropy_ratio: 0.55
Exp: Old Gen + Old Ent (0.6)
dynamic_entropy_ratio: 0.6
Exp: Old Gen + Old Ent (0.65)
dynamic_entropy_ratio: 0.65
Exp: Old Gen + Old Ent (0.7)
dynamic_entropy_ratio: 0.7
Exp: Old Gen + Old Ent (0.75)
dynamic_entropy_ratio: 0.75
Exp: Old Gen + Old Ent (0.8)
dynamic_entropy_ratio: 0.8
Exp: Old Gen + Old Ent (0.85)
dynamic_entropy_ratio: 0.85
Exp: Old Gen + Old Ent (0.9)
dynamic_entropy_ratio: 0.9
Exp: Old Gen + Old Ent (0.95)
dynamic_entropy_ratio: 0.95
Exp: Old Gen + Old Ent (1.0)
dynamic_entropy_ratio: 1.0
Exp: Old Gen + New Ent (0.1)
dynamic_entropy_ratio: 0.1
Exp: Old Gen + New Ent (0.15)
dynamic_entropy_ratio: 0.15
Exp: Old Gen + New Ent (0.2)
dynamic_entropy_ratio: 0.2
Exp: Old Gen + New Ent (0.25)
dynamic_entropy_ratio: 0.25
Exp: Old Gen + New Ent (0.3)
dynamic_entropy_ratio: 0.3
Exp: Old Gen + New Ent (0.35)
dynamic_entropy_ratio: 0.35
Exp: Old Gen + New Ent (0.4)
dynamic_entropy_ratio: 0.4
Exp: Old Gen + New Ent (0.45)
dynamic_entropy_ratio: 0.45
Exp: Old Gen + New Ent (0.5)
dynamic_entropy_ratio: 0.5
Exp: Old Gen + New Ent (0.55)
dynamic_entropy_ratio: 0.55
Exp: Old Gen + New Ent (0.6)
dynamic_entropy_ratio: 0.6
Exp: Old Gen + New Ent (0.65)
dynamic_entropy_ratio: 0.65
Exp: Old Gen + New Ent (0.7)
dynamic_entropy_ratio: 0.7
Exp: Old Gen + New Ent (0.75)
dynamic_entropy_ratio: 0.75
Exp: Old Gen + New Ent (0.8)
dynamic_entropy_ratio: 0.8
Exp: Old Gen + New Ent (0.85)
dynamic_entropy_ratio: 0.85
Exp: Old Gen + New Ent (0.9)
dynamic_entropy_ratio: 0.9
Exp: Old Gen + New Ent (0.95)
dynamic_entropy_ratio: 0.95
Exp: Old Gen + New Ent (1.0)
dynamic_entropy_ratio: 1.0
