Time: 2026-04-16 16:29:36
Log Dir: /home/unshun/multi-FL/logs/Local_noniid_hom_gb40/new_client_2026-04-16_16-29-36/
================================================================================Loading checkpoints from logs/Local_noniid_hom_gb40/Local/
Method selected: FAST
Loaded CNN for MNIST from client_model_MNIST_c5_CNN.pth
Loaded CNN for MNIST from client_model_MNIST_c0_CNN.pth
Loaded CNN for MNIST from client_model_MNIST_c8_CNN.pth
Loaded CNN for MNIST from client_model_MNIST_c6_CNN.pth
Loaded CNN for MNIST from client_model_MNIST_c4_CNN.pth
Loaded CNN for MNIST from client_model_MNIST_c9_CNN.pth
Loaded CNN for MNIST from client_model_MNIST_c3_CNN.pth
Loaded CNN for MNIST from client_model_MNIST_c1_CNN.pth
Loaded CNN for MNIST from client_model_MNIST_c2_CNN.pth
Loaded CNN for MNIST from client_model_MNIST_c7_CNN.pth
Loaded CNN for EMNIST from client_model_EMNIST_c20_CNN.pth
Loaded CNN for EMNIST from client_model_EMNIST_c13_CNN.pth
Loaded CNN for EMNIST from client_model_EMNIST_c16_CNN.pth
Loaded CNN for EMNIST from client_model_EMNIST_c18_CNN.pth
Loaded CNN for EMNIST from client_model_EMNIST_c11_CNN.pth
Loaded CNN for EMNIST from client_model_EMNIST_c12_CNN.pth
Loaded CNN for EMNIST from client_model_EMNIST_c17_CNN.pth
Loaded CNN for EMNIST from client_model_EMNIST_c14_CNN.pth
Loaded CNN for EMNIST from client_model_EMNIST_c19_CNN.pth
Loaded CNN for EMNIST from client_model_EMNIST_c15_CNN.pth
WARNING: No models loaded for dataset: FashionMNIST.
WARNING: No models loaded for dataset: CIFAR100.

========================================
>>> [METHOD: SYNTHETIC] Starting Synthetic Label Mapping...
========================================
>>> Target Methods to Run: ['FAST']
>>> [Syn] Loaded client data distributions directly from server checkpoint.

########################################
>>> [Syn] Running Method: FAST
########################################

>>> Syn-FAST Training New Generators...
[Testing] Training Per-Dataset Generators Offline (New Gen Method) using FAST...
--- FAST Generator Configuration ---
    epochs: 120
    warmup: 20
    g_steps: 2
    lr_g: 0.005
    lr_z: 0.015
    ce: 0.5
    bn: 10.0
    adv: 1.33
    student_lr: 0.2
------------------------------------
    -> [Epoch 0] Student Test Accuracy for MNIST: 9.58%
    -> [Epoch 1] Student Test Accuracy for MNIST: 9.58%
    -> [Epoch 2] Student Test Accuracy for MNIST: 9.74%
    -> [Epoch 3] Student Test Accuracy for MNIST: 9.74%
    -> [Epoch 4] Student Test Accuracy for MNIST: 9.80%
    -> [Epoch 5] Student Test Accuracy for MNIST: 9.80%
    -> [Epoch 6] Student Test Accuracy for MNIST: 9.80%
    -> [Epoch 7] Student Test Accuracy for MNIST: 9.58%
    -> [Epoch 8] Student Test Accuracy for MNIST: 9.58%
    -> [Epoch 9] Student Test Accuracy for MNIST: 9.58%
    -> [Epoch 10] Student Test Accuracy for MNIST: 9.55%
    -> [Epoch 11] Student Test Accuracy for MNIST: 12.17%
    -> [Epoch 12] Student Test Accuracy for MNIST: 15.48%
    -> [Epoch 13] Student Test Accuracy for MNIST: 11.45%
    -> [Epoch 14] Student Test Accuracy for MNIST: 16.61%
    -> [Epoch 15] Student Test Accuracy for MNIST: 9.58%
    -> [Epoch 16] Student Test Accuracy for MNIST: 9.58%
    -> [Epoch 17] Student Test Accuracy for MNIST: 9.58%
    -> [Epoch 18] Student Test Accuracy for MNIST: 9.58%
    -> [Epoch 19] Student Test Accuracy for MNIST: 9.58%
    -> [Epoch 20] Student Test Accuracy for MNIST: 9.58%
    -> [Epoch 21] Student Test Accuracy for MNIST: 18.83%
    -> [Epoch 22] Student Test Accuracy for MNIST: 12.39%
    -> [Epoch 23] Student Test Accuracy for MNIST: 11.35%
    -> [Epoch 24] Student Test Accuracy for MNIST: 11.61%
    -> [Epoch 25] Student Test Accuracy for MNIST: 11.35%
    -> [Epoch 26] Student Test Accuracy for MNIST: 11.35%
    -> [Epoch 27] Student Test Accuracy for MNIST: 11.35%
    -> [Epoch 28] Student Test Accuracy for MNIST: 12.13%
    -> [Epoch 29] Student Test Accuracy for MNIST: 14.49%
    -> [Epoch 30] Student Test Accuracy for MNIST: 12.48%
    -> [Epoch 31] Student Test Accuracy for MNIST: 8.92%
    -> [Epoch 32] Student Test Accuracy for MNIST: 8.92%
    -> [Epoch 33] Student Test Accuracy for MNIST: 9.39%
    -> [Epoch 34] Student Test Accuracy for MNIST: 12.22%
    -> [Epoch 35] Student Test Accuracy for MNIST: 11.35%
    -> [Epoch 36] Student Test Accuracy for MNIST: 11.35%
    -> [Epoch 37] Student Test Accuracy for MNIST: 11.35%
    -> [Epoch 38] Student Test Accuracy for MNIST: 11.35%
    -> [Epoch 39] Student Test Accuracy for MNIST: 11.35%
    -> [Epoch 40] Student Test Accuracy for MNIST: 11.35%
    -> [Epoch 41] Student Test Accuracy for MNIST: 11.40%
    -> [Epoch 42] Student Test Accuracy for MNIST: 8.92%
    -> [Epoch 43] Student Test Accuracy for MNIST: 8.92%
    -> [Epoch 44] Student Test Accuracy for MNIST: 8.92%
    -> [Epoch 45] Student Test Accuracy for MNIST: 8.92%
    -> [Epoch 46] Student Test Accuracy for MNIST: 8.92%
    -> [Epoch 47] Student Test Accuracy for MNIST: 8.92%
    -> [Epoch 48] Student Test Accuracy for MNIST: 8.97%
    -> [Epoch 49] Student Test Accuracy for MNIST: 10.58%
    -> [Epoch 50] Student Test Accuracy for MNIST: 9.99%
    -> [Epoch 51] Student Test Accuracy for MNIST: 9.60%
    -> [Epoch 52] Student Test Accuracy for MNIST: 9.58%
    -> [Epoch 53] Student Test Accuracy for MNIST: 9.58%
    -> [Epoch 54] Student Test Accuracy for MNIST: 9.58%
    -> [Epoch 55] Student Test Accuracy for MNIST: 11.44%
    -> [Epoch 56] Student Test Accuracy for MNIST: 13.67%
    -> [Epoch 57] Student Test Accuracy for MNIST: 11.35%
    -> [Epoch 58] Student Test Accuracy for MNIST: 11.35%
    -> [Epoch 59] Student Test Accuracy for MNIST: 11.41%
    -> [Epoch 60] Student Test Accuracy for MNIST: 11.39%
    -> [Epoch 61] Student Test Accuracy for MNIST: 11.38%
    -> [Epoch 62] Student Test Accuracy for MNIST: 11.36%
    -> [Epoch 63] Student Test Accuracy for MNIST: 11.35%
    -> [Epoch 64] Student Test Accuracy for MNIST: 11.35%
    -> [Epoch 65] Student Test Accuracy for MNIST: 13.44%
    -> [Epoch 66] Student Test Accuracy for MNIST: 11.35%
    -> [Epoch 67] Student Test Accuracy for MNIST: 16.84%
    -> [Epoch 68] Student Test Accuracy for MNIST: 17.95%
    -> [Epoch 69] Student Test Accuracy for MNIST: 10.32%
    -> [Epoch 70] Student Test Accuracy for MNIST: 15.30%
    -> [Epoch 71] Student Test Accuracy for MNIST: 25.51%
    -> [Epoch 72] Student Test Accuracy for MNIST: 19.91%
    -> [Epoch 73] Student Test Accuracy for MNIST: 19.77%
    -> [Epoch 74] Student Test Accuracy for MNIST: 23.29%
    -> [Epoch 75] Student Test Accuracy for MNIST: 24.33%
    -> [Epoch 76] Student Test Accuracy for MNIST: 15.14%
    -> [Epoch 77] Student Test Accuracy for MNIST: 13.20%
    -> [Epoch 78] Student Test Accuracy for MNIST: 11.36%
    -> [Epoch 79] Student Test Accuracy for MNIST: 11.49%
    -> [Epoch 80] Student Test Accuracy for MNIST: 24.19%
    -> [Epoch 81] Student Test Accuracy for MNIST: 10.97%
    -> [Epoch 82] Student Test Accuracy for MNIST: 25.45%
    -> [Epoch 83] Student Test Accuracy for MNIST: 27.02%
    -> [Epoch 84] Student Test Accuracy for MNIST: 26.12%
    -> [Epoch 85] Student Test Accuracy for MNIST: 19.76%
    -> [Epoch 86] Student Test Accuracy for MNIST: 9.95%
    -> [Epoch 87] Student Test Accuracy for MNIST: 10.01%
    -> [Epoch 88] Student Test Accuracy for MNIST: 23.91%
    -> [Epoch 89] Student Test Accuracy for MNIST: 23.15%
    -> [Epoch 90] Student Test Accuracy for MNIST: 14.13%
    -> [Epoch 91] Student Test Accuracy for MNIST: 16.15%
    -> [Epoch 92] Student Test Accuracy for MNIST: 18.06%
    -> [Epoch 93] Student Test Accuracy for MNIST: 19.44%
    -> [Epoch 94] Student Test Accuracy for MNIST: 23.37%
    -> [Epoch 95] Student Test Accuracy for MNIST: 22.74%
    -> [Epoch 96] Student Test Accuracy for MNIST: 23.17%
    -> [Epoch 97] Student Test Accuracy for MNIST: 17.06%
    -> [Epoch 98] Student Test Accuracy for MNIST: 18.42%
    -> [Epoch 99] Student Test Accuracy for MNIST: 19.24%
    -> [Epoch 100] Student Test Accuracy for MNIST: 22.22%
    -> [Epoch 101] Student Test Accuracy for MNIST: 21.29%
    -> [Epoch 102] Student Test Accuracy for MNIST: 19.34%
    -> [Epoch 103] Student Test Accuracy for MNIST: 23.86%
    -> [Epoch 104] Student Test Accuracy for MNIST: 25.20%
    -> [Epoch 105] Student Test Accuracy for MNIST: 21.11%
    -> [Epoch 106] Student Test Accuracy for MNIST: 21.26%
    -> [Epoch 107] Student Test Accuracy for MNIST: 26.41%
    -> [Epoch 108] Student Test Accuracy for MNIST: 25.64%
    -> [Epoch 109] Student Test Accuracy for MNIST: 26.63%
    -> [Epoch 110] Student Test Accuracy for MNIST: 24.21%
    -> [Epoch 111] Student Test Accuracy for MNIST: 23.69%
    -> [Epoch 112] Student Test Accuracy for MNIST: 24.41%
    -> [Epoch 113] Student Test Accuracy for MNIST: 22.96%
    -> [Epoch 114] Student Test Accuracy for MNIST: 18.52%
    -> [Epoch 115] Student Test Accuracy for MNIST: 18.13%
    -> [Epoch 116] Student Test Accuracy for MNIST: 18.42%
    -> [Epoch 117] Student Test Accuracy for MNIST: 18.68%
    -> [Epoch 118] Student Test Accuracy for MNIST: 17.44%
    -> [Epoch 119] Student Test Accuracy for MNIST: 19.25%
    Dataset [MNIST] Generator | Epochs: 120 | Final Loss: 42.8350
    -> Student Accuracy per Epoch saved to /home/unshun/multi-FL/logs/Local_noniid_hom_gb40/new_client_2026-04-16_16-29-36/FAST_MNIST_student_acc.csv
-> [New] Gen images saved to /home/unshun/multi-FL/logs/Local_noniid_hom_gb40/new_client_2026-04-16_16-29-36/FAST_MNIST__gen_img_new.png
    -> [Epoch 0] Student Test Accuracy for EMNIST: 0.56%
    -> [Epoch 1] Student Test Accuracy for EMNIST: 0.56%
    -> [Epoch 2] Student Test Accuracy for EMNIST: 0.77%
    -> [Epoch 3] Student Test Accuracy for EMNIST: 1.45%
    -> [Epoch 4] Student Test Accuracy for EMNIST: 4.26%
    -> [Epoch 5] Student Test Accuracy for EMNIST: 3.52%
    -> [Epoch 6] Student Test Accuracy for EMNIST: 3.52%
    -> [Epoch 7] Student Test Accuracy for EMNIST: 0.73%
    -> [Epoch 8] Student Test Accuracy for EMNIST: 0.73%
    -> [Epoch 9] Student Test Accuracy for EMNIST: 3.52%
    -> [Epoch 10] Student Test Accuracy for EMNIST: 3.52%
    -> [Epoch 11] Student Test Accuracy for EMNIST: 3.52%
    -> [Epoch 12] Student Test Accuracy for EMNIST: 1.45%
    -> [Epoch 13] Student Test Accuracy for EMNIST: 1.45%
    -> [Epoch 14] Student Test Accuracy for EMNIST: 1.45%
    -> [Epoch 15] Student Test Accuracy for EMNIST: 1.45%
    -> [Epoch 16] Student Test Accuracy for EMNIST: 1.45%
    -> [Epoch 17] Student Test Accuracy for EMNIST: 4.96%
    -> [Epoch 18] Student Test Accuracy for EMNIST: 4.92%
    -> [Epoch 19] Student Test Accuracy for EMNIST: 3.94%
    -> [Epoch 20] Student Test Accuracy for EMNIST: 0.40%
    -> [Epoch 21] Student Test Accuracy for EMNIST: 0.40%
    -> [Epoch 22] Student Test Accuracy for EMNIST: 0.43%
    -> [Epoch 23] Student Test Accuracy for EMNIST: 0.40%
    -> [Epoch 24] Student Test Accuracy for EMNIST: 0.63%
    -> [Epoch 25] Student Test Accuracy for EMNIST: 4.84%
    -> [Epoch 26] Student Test Accuracy for EMNIST: 3.28%
    -> [Epoch 27] Student Test Accuracy for EMNIST: 4.14%
    -> [Epoch 28] Student Test Accuracy for EMNIST: 4.58%
    -> [Epoch 29] Student Test Accuracy for EMNIST: 3.58%
    -> [Epoch 30] Student Test Accuracy for EMNIST: 3.44%
    -> [Epoch 31] Student Test Accuracy for EMNIST: 4.82%
    -> [Epoch 32] Student Test Accuracy for EMNIST: 4.84%
    -> [Epoch 33] Student Test Accuracy for EMNIST: 4.84%
    -> [Epoch 34] Student Test Accuracy for EMNIST: 4.84%
    -> [Epoch 35] Student Test Accuracy for EMNIST: 4.78%
    -> [Epoch 36] Student Test Accuracy for EMNIST: 4.82%
    -> [Epoch 37] Student Test Accuracy for EMNIST: 4.86%
    -> [Epoch 38] Student Test Accuracy for EMNIST: 4.83%
    -> [Epoch 39] Student Test Accuracy for EMNIST: 4.90%
    -> [Epoch 40] Student Test Accuracy for EMNIST: 4.88%
    -> [Epoch 41] Student Test Accuracy for EMNIST: 4.87%
    -> [Epoch 42] Student Test Accuracy for EMNIST: 4.84%
    -> [Epoch 43] Student Test Accuracy for EMNIST: 4.84%
    -> [Epoch 44] Student Test Accuracy for EMNIST: 4.84%
    -> [Epoch 45] Student Test Accuracy for EMNIST: 4.84%
    -> [Epoch 46] Student Test Accuracy for EMNIST: 4.53%
    -> [Epoch 47] Student Test Accuracy for EMNIST: 1.39%
    -> [Epoch 48] Student Test Accuracy for EMNIST: 1.45%
    -> [Epoch 49] Student Test Accuracy for EMNIST: 1.43%
    -> [Epoch 50] Student Test Accuracy for EMNIST: 1.45%
    -> [Epoch 51] Student Test Accuracy for EMNIST: 1.10%
    -> [Epoch 52] Student Test Accuracy for EMNIST: 1.01%
    -> [Epoch 53] Student Test Accuracy for EMNIST: 1.29%
    -> [Epoch 54] Student Test Accuracy for EMNIST: 0.62%
    -> [Epoch 55] Student Test Accuracy for EMNIST: 0.85%
    -> [Epoch 56] Student Test Accuracy for EMNIST: 0.73%
    -> [Epoch 57] Student Test Accuracy for EMNIST: 0.71%
    -> [Epoch 58] Student Test Accuracy for EMNIST: 0.59%
    -> [Epoch 59] Student Test Accuracy for EMNIST: 0.83%
    -> [Epoch 60] Student Test Accuracy for EMNIST: 0.44%
    -> [Epoch 61] Student Test Accuracy for EMNIST: 0.63%
    -> [Epoch 62] Student Test Accuracy for EMNIST: 0.72%
    -> [Epoch 63] Student Test Accuracy for EMNIST: 1.14%
    -> [Epoch 64] Student Test Accuracy for EMNIST: 2.10%
    -> [Epoch 65] Student Test Accuracy for EMNIST: 1.92%
    -> [Epoch 66] Student Test Accuracy for EMNIST: 3.39%
    -> [Epoch 67] Student Test Accuracy for EMNIST: 3.66%
    -> [Epoch 68] Student Test Accuracy for EMNIST: 3.61%
    -> [Epoch 69] Student Test Accuracy for EMNIST: 2.32%
    -> [Epoch 70] Student Test Accuracy for EMNIST: 2.06%
    -> [Epoch 71] Student Test Accuracy for EMNIST: 2.26%
    -> [Epoch 72] Student Test Accuracy for EMNIST: 2.79%
    -> [Epoch 73] Student Test Accuracy for EMNIST: 2.78%
    -> [Epoch 74] Student Test Accuracy for EMNIST: 2.95%
    -> [Epoch 75] Student Test Accuracy for EMNIST: 1.84%
    -> [Epoch 76] Student Test Accuracy for EMNIST: 1.91%
    -> [Epoch 77] Student Test Accuracy for EMNIST: 0.62%
    -> [Epoch 78] Student Test Accuracy for EMNIST: 0.51%
    -> [Epoch 79] Student Test Accuracy for EMNIST: 0.49%
    -> [Epoch 80] Student Test Accuracy for EMNIST: 0.67%
    -> [Epoch 81] Student Test Accuracy for EMNIST: 0.67%
    -> [Epoch 82] Student Test Accuracy for EMNIST: 0.65%
    -> [Epoch 83] Student Test Accuracy for EMNIST: 1.87%
    -> [Epoch 84] Student Test Accuracy for EMNIST: 1.85%
    -> [Epoch 85] Student Test Accuracy for EMNIST: 0.82%
    -> [Epoch 86] Student Test Accuracy for EMNIST: 0.92%
    -> [Epoch 87] Student Test Accuracy for EMNIST: 0.95%
    -> [Epoch 88] Student Test Accuracy for EMNIST: 0.74%
    -> [Epoch 89] Student Test Accuracy for EMNIST: 1.66%
    -> [Epoch 90] Student Test Accuracy for EMNIST: 1.72%
    -> [Epoch 91] Student Test Accuracy for EMNIST: 3.36%
    -> [Epoch 92] Student Test Accuracy for EMNIST: 2.22%
    -> [Epoch 93] Student Test Accuracy for EMNIST: 2.67%
    -> [Epoch 94] Student Test Accuracy for EMNIST: 1.91%
    -> [Epoch 95] Student Test Accuracy for EMNIST: 0.78%
    -> [Epoch 96] Student Test Accuracy for EMNIST: 0.49%
    -> [Epoch 97] Student Test Accuracy for EMNIST: 0.47%
    -> [Epoch 98] Student Test Accuracy for EMNIST: 0.42%
    -> [Epoch 99] Student Test Accuracy for EMNIST: 0.53%
    -> [Epoch 100] Student Test Accuracy for EMNIST: 0.41%
    -> [Epoch 101] Student Test Accuracy for EMNIST: 0.40%
    -> [Epoch 102] Student Test Accuracy for EMNIST: 0.40%
    -> [Epoch 103] Student Test Accuracy for EMNIST: 0.43%
    -> [Epoch 104] Student Test Accuracy for EMNIST: 0.49%
    -> [Epoch 105] Student Test Accuracy for EMNIST: 0.52%
    -> [Epoch 106] Student Test Accuracy for EMNIST: 0.59%
    -> [Epoch 107] Student Test Accuracy for EMNIST: 0.98%
    -> [Epoch 108] Student Test Accuracy for EMNIST: 1.24%
    -> [Epoch 109] Student Test Accuracy for EMNIST: 0.70%
    -> [Epoch 110] Student Test Accuracy for EMNIST: 0.48%
    -> [Epoch 111] Student Test Accuracy for EMNIST: 0.72%
    -> [Epoch 112] Student Test Accuracy for EMNIST: 0.93%
    -> [Epoch 113] Student Test Accuracy for EMNIST: 1.19%
    -> [Epoch 114] Student Test Accuracy for EMNIST: 0.81%
    -> [Epoch 115] Student Test Accuracy for EMNIST: 1.23%
    -> [Epoch 116] Student Test Accuracy for EMNIST: 1.55%
    -> [Epoch 117] Student Test Accuracy for EMNIST: 1.51%
    -> [Epoch 118] Student Test Accuracy for EMNIST: 0.82%
    -> [Epoch 119] Student Test Accuracy for EMNIST: 1.59%
    Dataset [EMNIST] Generator | Epochs: 120 | Final Loss: 159.7064
    -> Student Accuracy per Epoch saved to /home/unshun/multi-FL/logs/Local_noniid_hom_gb40/new_client_2026-04-16_16-29-36/FAST_EMNIST_student_acc.csv
-> [New] Gen images saved to /home/unshun/multi-FL/logs/Local_noniid_hom_gb40/new_client_2026-04-16_16-29-36/FAST_EMNIST__gen_img_new.png
Exp (Syn): New Gen + Old Ent (0.1)
dynamic_entropy_ratio: 0.1
Exp (Syn): New Gen + Old Ent (0.15)
dynamic_entropy_ratio: 0.15
Exp (Syn): New Gen + Old Ent (0.2)
dynamic_entropy_ratio: 0.2
Exp (Syn): New Gen + Old Ent (0.25)
dynamic_entropy_ratio: 0.25
Exp (Syn): New Gen + Old Ent (0.3)
dynamic_entropy_ratio: 0.3
Exp (Syn): New Gen + Old Ent (0.35)
dynamic_entropy_ratio: 0.35
Exp (Syn): New Gen + Old Ent (0.4)
dynamic_entropy_ratio: 0.4
Exp (Syn): New Gen + Old Ent (0.45)
dynamic_entropy_ratio: 0.45
Exp (Syn): New Gen + Old Ent (0.5)
dynamic_entropy_ratio: 0.5
Exp (Syn): New Gen + Old Ent (0.55)
dynamic_entropy_ratio: 0.55
Exp (Syn): New Gen + Old Ent (0.6)
dynamic_entropy_ratio: 0.6
Exp (Syn): New Gen + Old Ent (0.65)
dynamic_entropy_ratio: 0.65
Exp (Syn): New Gen + Old Ent (0.7)
dynamic_entropy_ratio: 0.7
Exp (Syn): New Gen + Old Ent (0.75)
dynamic_entropy_ratio: 0.75
Exp (Syn): New Gen + Old Ent (0.8)
dynamic_entropy_ratio: 0.8
Exp (Syn): New Gen + Old Ent (0.85)
dynamic_entropy_ratio: 0.85
Exp (Syn): New Gen + Old Ent (0.9)
dynamic_entropy_ratio: 0.9
Exp (Syn): New Gen + Old Ent (0.95)
dynamic_entropy_ratio: 0.95
Exp (Syn): New Gen + Old Ent (1.0)
dynamic_entropy_ratio: 1.0
Exp (Syn): New Gen + New Ent (0.1)
dynamic_entropy_ratio: 0.1
Exp (Syn): New Gen + New Ent (0.15)
dynamic_entropy_ratio: 0.15
Exp (Syn): New Gen + New Ent (0.2)
dynamic_entropy_ratio: 0.2
Exp (Syn): New Gen + New Ent (0.25)
dynamic_entropy_ratio: 0.25
Exp (Syn): New Gen + New Ent (0.3)
dynamic_entropy_ratio: 0.3
Exp (Syn): New Gen + New Ent (0.35)
dynamic_entropy_ratio: 0.35
Exp (Syn): New Gen + New Ent (0.4)
dynamic_entropy_ratio: 0.4
Exp (Syn): New Gen + New Ent (0.45)
dynamic_entropy_ratio: 0.45
Exp (Syn): New Gen + New Ent (0.5)
dynamic_entropy_ratio: 0.5
Exp (Syn): New Gen + New Ent (0.55)
dynamic_entropy_ratio: 0.55
Exp (Syn): New Gen + New Ent (0.6)
dynamic_entropy_ratio: 0.6
Exp (Syn): New Gen + New Ent (0.65)
dynamic_entropy_ratio: 0.65
Exp (Syn): New Gen + New Ent (0.7)
dynamic_entropy_ratio: 0.7
Exp (Syn): New Gen + New Ent (0.75)
dynamic_entropy_ratio: 0.75
Exp (Syn): New Gen + New Ent (0.8)
dynamic_entropy_ratio: 0.8
Exp (Syn): New Gen + New Ent (0.85)
dynamic_entropy_ratio: 0.85
Exp (Syn): New Gen + New Ent (0.9)
dynamic_entropy_ratio: 0.9
Exp (Syn): New Gen + New Ent (0.95)
dynamic_entropy_ratio: 0.95
Exp (Syn): New Gen + New Ent (1.0)
dynamic_entropy_ratio: 1.0
