Time: 2026-06-20 13:06:42
Log Dir: logs/2026-06-20_13-06-42/GeFL_DDPM_baseline_total
================================================================================

==============================        Args        ==============================
  exp_timestamp: None
  exp_conf: ./configs/het-iid-exp.yaml
  device: cuda:1
  seed: 15698
  algorithm: GeFL_DDPM_baseline_total
  num_new_clients: 1
  num_train_mnist: 10
  num_train_emnist: 10
  num_train_fashionmnist: 0
  num_train_cifar10: 10
  num_train_cifar100: 0
  num_train_usps: 0
  label_mapping: feature-bi
================================================================================
==============================    Exp Configs     ==============================
exp_name: model-heterogeneity
heterogeneous: true
dirichlet_alpha: 100
global_rounds: 30
local_epochs: 1
local_loss_fn: CrossEntropyLoss
local_optim: Adam
local_lr: 0.001
batch_size: 64
sample_frac: 1.0
test_interval: 1
metric_type: accuracy
global_feature_dim: 256
optim: Adam
optim_lr: 0.001
global_gen_epochs: 10
gen_noise_dim: 128
gen_optim: Adam
gen_optim_lr: 0.001
global_feat_gen_epochs: 10
feat_gen_noise_dim: 128
feat_gen_optim: Adam
feat_gen_optim_lr: 0.001
feat_gen_div_beta: 1.0
public_data_ratio: 0.05
start_mapping_epoch: 20
gen_observer_weight: 0.0
index_matching: ddpm
aggregate_method: dataset_name
use_new_entropy_method: true
entropy_ratio: 0.7
cs_threshold: 0.9
global_model_epochs: 5
global_model_optim: Adam
global_model_optim_lr: 0.001
global_samples_per_class: 64

================================================================================

==================================================
Start 30 rounds training by GeFL_DDPM_baseline_total
Selected client ids: [0, 1, 2, 3, 4, 5, 6, 7, 8, 9, 10, 11, 12, 13, 14, 15, 16, 17, 18, 19, 20, 21, 22, 23, 24, 25, 26, 27, 28, 29]
--- Round 1 ---
Client 0 (MNIST) | Target Loss: 0.9938 | DDPM Loss: 0.0674
Client 1 (MNIST) | Target Loss: 1.4609 | DDPM Loss: 0.0678
Client 2 (MNIST) | Target Loss: 0.7755 | DDPM Loss: 0.0671
Client 3 (MNIST) | Target Loss: 0.4550 | DDPM Loss: 0.0707
Client 4 (MNIST) | Target Loss: 1.6517 | DDPM Loss: 0.0706
Client 5 (MNIST) | Target Loss: 1.7090 | DDPM Loss: 0.0719
Client 6 (MNIST) | Target Loss: 1.4667 | DDPM Loss: 0.0667
Client 7 (MNIST) | Target Loss: 1.1600 | DDPM Loss: 0.0669
Client 8 (MNIST) | Target Loss: 1.7818 | DDPM Loss: 0.0675
Client 9 (MNIST) | Target Loss: 1.6615 | DDPM Loss: 0.0682
Client 11 (EMNIST) | Target Loss: 1.2228 | DDPM Loss: 0.0194
Client 12 (EMNIST) | Target Loss: 1.3509 | DDPM Loss: 0.0193
Client 13 (EMNIST) | Target Loss: 0.9270 | DDPM Loss: 0.0195
Client 14 (EMNIST) | Target Loss: 0.7635 | DDPM Loss: 0.0192
Client 15 (EMNIST) | Target Loss: 1.4501 | DDPM Loss: 0.0196
Client 16 (EMNIST) | Target Loss: 2.0927 | DDPM Loss: 0.0202
Client 17 (EMNIST) | Target Loss: 1.2847 | DDPM Loss: 0.0195
Client 18 (EMNIST) | Target Loss: 1.3889 | DDPM Loss: 0.0195
Client 19 (EMNIST) | Target Loss: 1.6540 | DDPM Loss: 0.0193
Client 20 (EMNIST) | Target Loss: 1.6086 | DDPM Loss: 0.0197
Client 22 (CIFAR10) | Target Loss: 2.0131 | DDPM Loss: 0.0979
Client 23 (CIFAR10) | Target Loss: 1.9139 | DDPM Loss: 0.0970
Client 24 (CIFAR10) | Target Loss: 1.8281 | DDPM Loss: 0.0982
Client 25 (CIFAR10) | Target Loss: 1.9029 | DDPM Loss: 0.1004
Client 26 (CIFAR10) | Target Loss: 2.2519 | DDPM Loss: 0.0962
Client 27 (CIFAR10) | Target Loss: 1.9357 | DDPM Loss: 0.0921
Client 28 (CIFAR10) | Target Loss: 2.1227 | DDPM Loss: 0.0895
Client 29 (CIFAR10) | Target Loss: 2.1294 | DDPM Loss: 0.0956
Client 30 (CIFAR10) | Target Loss: 2.2527 | DDPM Loss: 0.0960
Client 31 (CIFAR10) | Target Loss: 2.1786 | DDPM Loss: 0.0939
Selected client ids: [0, 1, 2, 3, 4, 5, 6, 7, 8, 9, 10, 11, 12, 13, 14, 15, 16, 17, 18, 19, 20, 21, 22, 23, 24, 25, 26, 27, 28, 29]
--- Round 2 ---
Client 0 (MNIST) | Target Loss: 0.4086 | DDPM Loss: 0.0416
Client 1 (MNIST) | Target Loss: 0.4695 | DDPM Loss: 0.0422
Client 2 (MNIST) | Target Loss: 0.1703 | DDPM Loss: 0.0443
Client 3 (MNIST) | Target Loss: 0.1861 | DDPM Loss: 0.0456
Client 4 (MNIST) | Target Loss: 0.6600 | DDPM Loss: 0.0424
Client 5 (MNIST) | Target Loss: 1.1739 | DDPM Loss: 0.0452
Client 6 (MNIST) | Target Loss: 0.4432 | DDPM Loss: 0.0455
Client 7 (MNIST) | Target Loss: 0.2713 | DDPM Loss: 0.0429
Client 8 (MNIST) | Target Loss: 0.9064 | DDPM Loss: 0.0481
Client 9 (MNIST) | Target Loss: 0.6750 | DDPM Loss: 0.0423
Client 11 (EMNIST) | Target Loss: 0.7456 | DDPM Loss: 0.0167
Client 12 (EMNIST) | Target Loss: 0.6696 | DDPM Loss: 0.0170
Client 13 (EMNIST) | Target Loss: 0.5074 | DDPM Loss: 0.0166
Client 14 (EMNIST) | Target Loss: 0.4671 | DDPM Loss: 0.0165
Client 15 (EMNIST) | Target Loss: 0.7247 | DDPM Loss: 0.0172
Client 16 (EMNIST) | Target Loss: 1.2855 | DDPM Loss: 0.0169
Client 17 (EMNIST) | Target Loss: 0.6258 | DDPM Loss: 0.0172
Client 18 (EMNIST) | Target Loss: 0.4925 | DDPM Loss: 0.0167
Client 19 (EMNIST) | Target Loss: 0.8176 | DDPM Loss: 0.0164
Client 20 (EMNIST) | Target Loss: 0.8460 | DDPM Loss: 0.0171
Client 22 (CIFAR10) | Target Loss: 1.7521 | DDPM Loss: 0.0735
Client 23 (CIFAR10) | Target Loss: 1.6169 | DDPM Loss: 0.0740
Client 24 (CIFAR10) | Target Loss: 1.5854 | DDPM Loss: 0.0719
Client 25 (CIFAR10) | Target Loss: 1.6827 | DDPM Loss: 0.0751
Client 26 (CIFAR10) | Target Loss: 2.0482 | DDPM Loss: 0.0705
Client 27 (CIFAR10) | Target Loss: 1.7363 | DDPM Loss: 0.0694
Client 28 (CIFAR10) | Target Loss: 1.8909 | DDPM Loss: 0.0701
Client 29 (CIFAR10) | Target Loss: 1.9107 | DDPM Loss: 0.0702
Client 30 (CIFAR10) | Target Loss: 2.1317 | DDPM Loss: 0.0708
Client 31 (CIFAR10) | Target Loss: 2.0614 | DDPM Loss: 0.0736
Selected client ids: [0, 1, 2, 3, 4, 5, 6, 7, 8, 9, 10, 11, 12, 13, 14, 15, 16, 17, 18, 19, 20, 21, 22, 23, 24, 25, 26, 27, 28, 29]
--- Round 3 ---
Client 0 (MNIST) | Target Loss: 0.3440 | DDPM Loss: 0.0194
Client 1 (MNIST) | Target Loss: 0.2259 | DDPM Loss: 0.0198
Client 2 (MNIST) | Target Loss: 0.1198 | DDPM Loss: 0.0199
Client 3 (MNIST) | Target Loss: 0.1180 | DDPM Loss: 0.0236
Client 4 (MNIST) | Target Loss: 0.3597 | DDPM Loss: 0.0193
Client 5 (MNIST) | Target Loss: 0.9002 | DDPM Loss: 0.0199
Client 6 (MNIST) | Target Loss: 0.2359 | DDPM Loss: 0.0192
Client 7 (MNIST) | Target Loss: 0.1480 | DDPM Loss: 0.0191
Client 8 (MNIST) | Target Loss: 0.8932 | DDPM Loss: 0.0199
Client 9 (MNIST) | Target Loss: 0.4544 | DDPM Loss: 0.0192
Client 11 (EMNIST) | Target Loss: 0.6432 | DDPM Loss: 0.0123
Client 12 (EMNIST) | Target Loss: 0.5761 | DDPM Loss: 0.0123
Client 13 (EMNIST) | Target Loss: 0.4462 | DDPM Loss: 0.0123
Client 14 (EMNIST) | Target Loss: 0.4215 | DDPM Loss: 0.0123
Client 15 (EMNIST) | Target Loss: 0.6308 | DDPM Loss: 0.0124
Client 16 (EMNIST) | Target Loss: 1.0210 | DDPM Loss: 0.0124
Client 17 (EMNIST) | Target Loss: 0.5369 | DDPM Loss: 0.0122
Client 18 (EMNIST) | Target Loss: 0.4328 | DDPM Loss: 0.0126
Client 19 (EMNIST) | Target Loss: 0.6794 | DDPM Loss: 0.0122
Client 20 (EMNIST) | Target Loss: 0.6913 | DDPM Loss: 0.0122
Client 22 (CIFAR10) | Target Loss: 1.6299 | DDPM Loss: 0.0454
Client 23 (CIFAR10) | Target Loss: 1.4707 | DDPM Loss: 0.0463
Client 24 (CIFAR10) | Target Loss: 1.4571 | DDPM Loss: 0.0460
Client 25 (CIFAR10) | Target Loss: 1.5679 | DDPM Loss: 0.0464
Client 26 (CIFAR10) | Target Loss: 1.8531 | DDPM Loss: 0.0458
Client 27 (CIFAR10) | Target Loss: 1.6523 | DDPM Loss: 0.0466
Client 28 (CIFAR10) | Target Loss: 1.7345 | DDPM Loss: 0.0467
Client 29 (CIFAR10) | Target Loss: 1.7593 | DDPM Loss: 0.0465
Client 30 (CIFAR10) | Target Loss: 2.0117 | DDPM Loss: 0.0469
Client 31 (CIFAR10) | Target Loss: 1.9561 | DDPM Loss: 0.0460
Selected client ids: [0, 1, 2, 3, 4, 5, 6, 7, 8, 9, 10, 11, 12, 13, 14, 15, 16, 17, 18, 19, 20, 21, 22, 23, 24, 25, 26, 27, 28, 29]
--- Round 4 ---
Client 0 (MNIST) | Target Loss: 0.2599 | DDPM Loss: 0.0161
Client 1 (MNIST) | Target Loss: 0.1516 | DDPM Loss: 0.0160
Client 2 (MNIST) | Target Loss: 0.0758 | DDPM Loss: 0.0168
Client 3 (MNIST) | Target Loss: 0.1229 | DDPM Loss: 0.0171
Client 4 (MNIST) | Target Loss: 0.2796 | DDPM Loss: 0.0161
Client 5 (MNIST) | Target Loss: 0.7352 | DDPM Loss: 0.0165
Client 6 (MNIST) | Target Loss: 0.1869 | DDPM Loss: 0.0162
Client 7 (MNIST) | Target Loss: 0.1237 | DDPM Loss: 0.0156
Client 8 (MNIST) | Target Loss: 0.8099 | DDPM Loss: 0.0203
Client 9 (MNIST) | Target Loss: 0.2777 | DDPM Loss: 0.0165
Client 11 (EMNIST) | Target Loss: 0.5865 | DDPM Loss: 0.0099
Client 12 (EMNIST) | Target Loss: 0.5318 | DDPM Loss: 0.0099
Client 13 (EMNIST) | Target Loss: 0.4187 | DDPM Loss: 0.0099
Client 14 (EMNIST) | Target Loss: 0.3955 | DDPM Loss: 0.0098
Client 15 (EMNIST) | Target Loss: 0.5816 | DDPM Loss: 0.0099
Client 16 (EMNIST) | Target Loss: 0.8959 | DDPM Loss: 0.0099
Client 17 (EMNIST) | Target Loss: 0.4902 | DDPM Loss: 0.0099
Client 18 (EMNIST) | Target Loss: 0.3996 | DDPM Loss: 0.0099
Client 19 (EMNIST) | Target Loss: 0.6087 | DDPM Loss: 0.0099
Client 20 (EMNIST) | Target Loss: 0.6226 | DDPM Loss: 0.0100
Client 22 (CIFAR10) | Target Loss: 1.5068 | DDPM Loss: 0.0420
Client 23 (CIFAR10) | Target Loss: 1.3708 | DDPM Loss: 0.0429
Client 24 (CIFAR10) | Target Loss: 1.3345 | DDPM Loss: 0.0417
Client 25 (CIFAR10) | Target Loss: 1.4357 | DDPM Loss: 0.0415
Client 26 (CIFAR10) | Target Loss: 1.7277 | DDPM Loss: 0.0419
Client 27 (CIFAR10) | Target Loss: 1.5943 | DDPM Loss: 0.0425
Client 28 (CIFAR10) | Target Loss: 1.6275 | DDPM Loss: 0.0431
Client 29 (CIFAR10) | Target Loss: 1.6525 | DDPM Loss: 0.0423
Client 30 (CIFAR10) | Target Loss: 1.9440 | DDPM Loss: 0.0432
Client 31 (CIFAR10) | Target Loss: 1.9492 | DDPM Loss: 0.0425
Selected client ids: [0, 1, 2, 3, 4, 5, 6, 7, 8, 9, 10, 11, 12, 13, 14, 15, 16, 17, 18, 19, 20, 21, 22, 23, 24, 25, 26, 27, 28, 29]
--- Round 5 ---
Client 0 (MNIST) | Target Loss: 0.2441 | DDPM Loss: 0.0145
Client 1 (MNIST) | Target Loss: 0.1178 | DDPM Loss: 0.0141
Client 2 (MNIST) | Target Loss: 0.0691 | DDPM Loss: 0.0143
Client 3 (MNIST) | Target Loss: 0.0793 | DDPM Loss: 0.0149
Client 4 (MNIST) | Target Loss: 0.2456 | DDPM Loss: 0.0144
Client 5 (MNIST) | Target Loss: 0.6233 | DDPM Loss: 0.0157
Client 6 (MNIST) | Target Loss: 0.1414 | DDPM Loss: 0.0142
Client 7 (MNIST) | Target Loss: 0.0788 | DDPM Loss: 0.0144
Client 8 (MNIST) | Target Loss: 0.5472 | DDPM Loss: 0.0190
Client 9 (MNIST) | Target Loss: 0.2129 | DDPM Loss: 0.0141
Client 11 (EMNIST) | Target Loss: 0.5512 | DDPM Loss: 0.0090
Client 12 (EMNIST) | Target Loss: 0.5003 | DDPM Loss: 0.0089
Client 13 (EMNIST) | Target Loss: 0.3977 | DDPM Loss: 0.0090
Client 14 (EMNIST) | Target Loss: 0.3755 | DDPM Loss: 0.0089
Client 15 (EMNIST) | Target Loss: 0.5450 | DDPM Loss: 0.0090
Client 16 (EMNIST) | Target Loss: 0.8169 | DDPM Loss: 0.0088
Client 17 (EMNIST) | Target Loss: 0.4644 | DDPM Loss: 0.0089
Client 18 (EMNIST) | Target Loss: 0.3770 | DDPM Loss: 0.0090
Client 19 (EMNIST) | Target Loss: 0.5754 | DDPM Loss: 0.0090
Client 20 (EMNIST) | Target Loss: 0.5810 | DDPM Loss: 0.0090
Client 22 (CIFAR10) | Target Loss: 1.3777 | DDPM Loss: 0.0401
Client 23 (CIFAR10) | Target Loss: 1.3077 | DDPM Loss: 0.0404
Client 24 (CIFAR10) | Target Loss: 1.2744 | DDPM Loss: 0.0405
Client 25 (CIFAR10) | Target Loss: 1.3374 | DDPM Loss: 0.0404
Client 26 (CIFAR10) | Target Loss: 1.6338 | DDPM Loss: 0.0404
Client 27 (CIFAR10) | Target Loss: 1.5478 | DDPM Loss: 0.0402
Client 28 (CIFAR10) | Target Loss: 1.5770 | DDPM Loss: 0.0396
Client 29 (CIFAR10) | Target Loss: 1.5201 | DDPM Loss: 0.0401
Client 30 (CIFAR10) | Target Loss: 1.8459 | DDPM Loss: 0.0408
Client 31 (CIFAR10) | Target Loss: 1.8828 | DDPM Loss: 0.0402
Selected client ids: [0, 1, 2, 3, 4, 5, 6, 7, 8, 9, 10, 11, 12, 13, 14, 15, 16, 17, 18, 19, 20, 21, 22, 23, 24, 25, 26, 27, 28, 29]
--- Round 6 ---
Client 0 (MNIST) | Target Loss: 0.1772 | DDPM Loss: 0.0135
Client 1 (MNIST) | Target Loss: 0.1058 | DDPM Loss: 0.0132
Client 2 (MNIST) | Target Loss: 0.0646 | DDPM Loss: 0.0130
Client 3 (MNIST) | Target Loss: 0.1144 | DDPM Loss: 0.0129
Client 4 (MNIST) | Target Loss: 0.1683 | DDPM Loss: 0.0132
Client 5 (MNIST) | Target Loss: 0.5634 | DDPM Loss: 0.0131
Client 6 (MNIST) | Target Loss: 0.1175 | DDPM Loss: 0.0129
Client 7 (MNIST) | Target Loss: 0.0889 | DDPM Loss: 0.0128
Client 8 (MNIST) | Target Loss: 0.5163 | DDPM Loss: 0.0141
Client 9 (MNIST) | Target Loss: 0.2073 | DDPM Loss: 0.0132
Client 11 (EMNIST) | Target Loss: 0.5220 | DDPM Loss: 0.0085
Client 12 (EMNIST) | Target Loss: 0.4768 | DDPM Loss: 0.0085
Client 13 (EMNIST) | Target Loss: 0.3771 | DDPM Loss: 0.0085
Client 14 (EMNIST) | Target Loss: 0.3579 | DDPM Loss: 0.0085
Client 15 (EMNIST) | Target Loss: 0.5204 | DDPM Loss: 0.0084
Client 16 (EMNIST) | Target Loss: 0.7665 | DDPM Loss: 0.0085
Client 17 (EMNIST) | Target Loss: 0.4443 | DDPM Loss: 0.0085
Client 18 (EMNIST) | Target Loss: 0.3534 | DDPM Loss: 0.0085
Client 19 (EMNIST) | Target Loss: 0.5446 | DDPM Loss: 0.0085
Client 20 (EMNIST) | Target Loss: 0.5605 | DDPM Loss: 0.0085
Client 22 (CIFAR10) | Target Loss: 1.2226 | DDPM Loss: 0.0388
Client 23 (CIFAR10) | Target Loss: 1.2310 | DDPM Loss: 0.0388
Client 24 (CIFAR10) | Target Loss: 1.1499 | DDPM Loss: 0.0388
Client 25 (CIFAR10) | Target Loss: 1.2641 | DDPM Loss: 0.0386
Client 26 (CIFAR10) | Target Loss: 1.5480 | DDPM Loss: 0.0391
Client 27 (CIFAR10) | Target Loss: 1.5157 | DDPM Loss: 0.0391
Client 28 (CIFAR10) | Target Loss: 1.5108 | DDPM Loss: 0.0384
Client 29 (CIFAR10) | Target Loss: 1.4518 | DDPM Loss: 0.0384
Client 30 (CIFAR10) | Target Loss: 1.7625 | DDPM Loss: 0.0424
Client 31 (CIFAR10) | Target Loss: 1.8436 | DDPM Loss: 0.0392
Selected client ids: [0, 1, 2, 3, 4, 5, 6, 7, 8, 9, 10, 11, 12, 13, 14, 15, 16, 17, 18, 19, 20, 21, 22, 23, 24, 25, 26, 27, 28, 29]
--- Round 7 ---
Client 0 (MNIST) | Target Loss: 0.1681 | DDPM Loss: 0.0122
Client 1 (MNIST) | Target Loss: 0.0897 | DDPM Loss: 0.0119
Client 2 (MNIST) | Target Loss: 0.0582 | DDPM Loss: 0.0120
Client 3 (MNIST) | Target Loss: 0.0534 | DDPM Loss: 0.0120
Client 4 (MNIST) | Target Loss: 0.1822 | DDPM Loss: 0.0120
Client 5 (MNIST) | Target Loss: 0.4974 | DDPM Loss: 0.0121
Client 6 (MNIST) | Target Loss: 0.1021 | DDPM Loss: 0.0120
Client 7 (MNIST) | Target Loss: 0.0694 | DDPM Loss: 0.0118
Client 8 (MNIST) | Target Loss: 0.3804 | DDPM Loss: 0.0117
Client 9 (MNIST) | Target Loss: 0.1800 | DDPM Loss: 0.0121
Client 11 (EMNIST) | Target Loss: 0.4976 | DDPM Loss: 0.0082
Client 12 (EMNIST) | Target Loss: 0.4596 | DDPM Loss: 0.0082
Client 13 (EMNIST) | Target Loss: 0.3628 | DDPM Loss: 0.0083
Client 14 (EMNIST) | Target Loss: 0.3385 | DDPM Loss: 0.0082
Client 15 (EMNIST) | Target Loss: 0.4991 | DDPM Loss: 0.0082
Client 16 (EMNIST) | Target Loss: 0.7361 | DDPM Loss: 0.0082
Client 17 (EMNIST) | Target Loss: 0.4257 | DDPM Loss: 0.0082
Client 18 (EMNIST) | Target Loss: 0.3367 | DDPM Loss: 0.0082
Client 19 (EMNIST) | Target Loss: 0.5182 | DDPM Loss: 0.0083
Client 20 (EMNIST) | Target Loss: 0.5320 | DDPM Loss: 0.0083
Client 22 (CIFAR10) | Target Loss: 1.1403 | DDPM Loss: 0.0383
Client 23 (CIFAR10) | Target Loss: 1.1997 | DDPM Loss: 0.0383
Client 24 (CIFAR10) | Target Loss: 1.0890 | DDPM Loss: 0.0393
Client 25 (CIFAR10) | Target Loss: 1.1771 | DDPM Loss: 0.0384
Client 26 (CIFAR10) | Target Loss: 1.5156 | DDPM Loss: 0.0380
Client 27 (CIFAR10) | Target Loss: 1.4882 | DDPM Loss: 0.0388
Client 28 (CIFAR10) | Target Loss: 1.4747 | DDPM Loss: 0.0377
Client 29 (CIFAR10) | Target Loss: 1.3551 | DDPM Loss: 0.0395
Client 30 (CIFAR10) | Target Loss: 1.6874 | DDPM Loss: 0.0382
Client 31 (CIFAR10) | Target Loss: 1.7810 | DDPM Loss: 0.0379
Selected client ids: [0, 1, 2, 3, 4, 5, 6, 7, 8, 9, 10, 11, 12, 13, 14, 15, 16, 17, 18, 19, 20, 21, 22, 23, 24, 25, 26, 27, 28, 29]
--- Round 8 ---
Client 0 (MNIST) | Target Loss: 0.1577 | DDPM Loss: 0.0114
Client 1 (MNIST) | Target Loss: 0.0616 | DDPM Loss: 0.0112
Client 2 (MNIST) | Target Loss: 0.0259 | DDPM Loss: 0.0112
Client 3 (MNIST) | Target Loss: 0.0481 | DDPM Loss: 0.0115
Client 4 (MNIST) | Target Loss: 0.1310 | DDPM Loss: 0.0114
Client 5 (MNIST) | Target Loss: 0.4647 | DDPM Loss: 0.0134
Client 6 (MNIST) | Target Loss: 0.0984 | DDPM Loss: 0.0110
Client 7 (MNIST) | Target Loss: 0.0427 | DDPM Loss: 0.0113
Client 8 (MNIST) | Target Loss: 0.9622 | DDPM Loss: 0.0137
Client 9 (MNIST) | Target Loss: 0.1282 | DDPM Loss: 0.0116
Client 11 (EMNIST) | Target Loss: 0.4770 | DDPM Loss: 0.0080
Client 12 (EMNIST) | Target Loss: 0.4438 | DDPM Loss: 0.0080
Client 13 (EMNIST) | Target Loss: 0.3465 | DDPM Loss: 0.0080
Client 14 (EMNIST) | Target Loss: 0.3274 | DDPM Loss: 0.0080
Client 15 (EMNIST) | Target Loss: 0.4820 | DDPM Loss: 0.0080
Client 16 (EMNIST) | Target Loss: 0.7111 | DDPM Loss: 0.0080
Client 17 (EMNIST) | Target Loss: 0.4104 | DDPM Loss: 0.0080
Client 18 (EMNIST) | Target Loss: 0.3165 | DDPM Loss: 0.0080
Client 19 (EMNIST) | Target Loss: 0.5001 | DDPM Loss: 0.0080
Client 20 (EMNIST) | Target Loss: 0.5233 | DDPM Loss: 0.0080
Client 22 (CIFAR10) | Target Loss: 0.9944 | DDPM Loss: 0.0381
Client 23 (CIFAR10) | Target Loss: 1.1371 | DDPM Loss: 0.0382
Client 24 (CIFAR10) | Target Loss: 1.0109 | DDPM Loss: 0.0377
Client 25 (CIFAR10) | Target Loss: 1.0609 | DDPM Loss: 0.0369
Client 26 (CIFAR10) | Target Loss: 1.4016 | DDPM Loss: 0.0371
Client 27 (CIFAR10) | Target Loss: 1.4530 | DDPM Loss: 0.0372
Client 28 (CIFAR10) | Target Loss: 1.4139 | DDPM Loss: 0.0377
Client 29 (CIFAR10) | Target Loss: 1.2545 | DDPM Loss: 0.0366
Client 30 (CIFAR10) | Target Loss: 1.6294 | DDPM Loss: 0.0385
Client 31 (CIFAR10) | Target Loss: 1.7385 | DDPM Loss: 0.0369
Selected client ids: [0, 1, 2, 3, 4, 5, 6, 7, 8, 9, 10, 11, 12, 13, 14, 15, 16, 17, 18, 19, 20, 21, 22, 23, 24, 25, 26, 27, 28, 29]
--- Round 9 ---
Client 0 (MNIST) | Target Loss: 0.1638 | DDPM Loss: 0.0110
Client 1 (MNIST) | Target Loss: 0.0595 | DDPM Loss: 0.0108
Client 2 (MNIST) | Target Loss: 0.0187 | DDPM Loss: 0.0113
Client 3 (MNIST) | Target Loss: 0.0271 | DDPM Loss: 0.0116
Client 4 (MNIST) | Target Loss: 0.1655 | DDPM Loss: 0.0111
Client 5 (MNIST) | Target Loss: 0.4318 | DDPM Loss: 0.0108
Client 6 (MNIST) | Target Loss: 0.0708 | DDPM Loss: 0.0110
Client 7 (MNIST) | Target Loss: 0.0292 | DDPM Loss: 0.0109
Client 8 (MNIST) | Target Loss: 0.6658 | DDPM Loss: 0.0109
Client 9 (MNIST) | Target Loss: 0.1249 | DDPM Loss: 0.0108
Client 11 (EMNIST) | Target Loss: 0.4624 | DDPM Loss: 0.0079
Client 12 (EMNIST) | Target Loss: 0.4297 | DDPM Loss: 0.0079
Client 13 (EMNIST) | Target Loss: 0.3338 | DDPM Loss: 0.0078
Client 14 (EMNIST) | Target Loss: 0.3121 | DDPM Loss: 0.0079
Client 15 (EMNIST) | Target Loss: 0.4731 | DDPM Loss: 0.0078
Client 16 (EMNIST) | Target Loss: 0.6825 | DDPM Loss: 0.0078
Client 17 (EMNIST) | Target Loss: 0.4000 | DDPM Loss: 0.0079
Client 18 (EMNIST) | Target Loss: 0.3037 | DDPM Loss: 0.0078
Client 19 (EMNIST) | Target Loss: 0.4838 | DDPM Loss: 0.0078
Client 20 (EMNIST) | Target Loss: 0.5056 | DDPM Loss: 0.0079
Client 22 (CIFAR10) | Target Loss: 0.9056 | DDPM Loss: 0.0362
Client 23 (CIFAR10) | Target Loss: 1.0893 | DDPM Loss: 0.0365
Client 24 (CIFAR10) | Target Loss: 0.9161 | DDPM Loss: 0.0369
Client 25 (CIFAR10) | Target Loss: 0.9989 | DDPM Loss: 0.0362
Client 26 (CIFAR10) | Target Loss: 1.3513 | DDPM Loss: 0.0358
Client 27 (CIFAR10) | Target Loss: 1.4273 | DDPM Loss: 0.0371
Client 28 (CIFAR10) | Target Loss: 1.3774 | DDPM Loss: 0.0362
Client 29 (CIFAR10) | Target Loss: 1.1973 | DDPM Loss: 0.0363
Client 30 (CIFAR10) | Target Loss: 1.5501 | DDPM Loss: 0.0363
Client 31 (CIFAR10) | Target Loss: 1.6745 | DDPM Loss: 0.0367
Selected client ids: [0, 1, 2, 3, 4, 5, 6, 7, 8, 9, 10, 11, 12, 13, 14, 15, 16, 17, 18, 19, 20, 21, 22, 23, 24, 25, 26, 27, 28, 29]
--- Round 10 ---
Client 0 (MNIST) | Target Loss: 0.1465 | DDPM Loss: 0.0105
Client 1 (MNIST) | Target Loss: 0.0489 | DDPM Loss: 0.0104
Client 2 (MNIST) | Target Loss: 0.0125 | DDPM Loss: 0.0105
Client 3 (MNIST) | Target Loss: 0.0323 | DDPM Loss: 0.0111
Client 4 (MNIST) | Target Loss: 0.1411 | DDPM Loss: 0.0105
Client 5 (MNIST) | Target Loss: 0.4421 | DDPM Loss: 0.0107
Client 6 (MNIST) | Target Loss: 0.0696 | DDPM Loss: 0.0107
Client 7 (MNIST) | Target Loss: 0.0232 | DDPM Loss: 0.0106
Client 8 (MNIST) | Target Loss: 1.1287 | DDPM Loss: 0.0105
Client 9 (MNIST) | Target Loss: 0.1155 | DDPM Loss: 0.0104
Client 11 (EMNIST) | Target Loss: 0.4500 | DDPM Loss: 0.0078
Client 12 (EMNIST) | Target Loss: 0.4184 | DDPM Loss: 0.0077
Client 13 (EMNIST) | Target Loss: 0.3198 | DDPM Loss: 0.0077
Client 14 (EMNIST) | Target Loss: 0.2949 | DDPM Loss: 0.0077
Client 15 (EMNIST) | Target Loss: 0.4571 | DDPM Loss: 0.0077
Client 16 (EMNIST) | Target Loss: 0.6611 | DDPM Loss: 0.0077
Client 17 (EMNIST) | Target Loss: 0.3890 | DDPM Loss: 0.0077
Client 18 (EMNIST) | Target Loss: 0.2851 | DDPM Loss: 0.0077
Client 19 (EMNIST) | Target Loss: 0.4697 | DDPM Loss: 0.0077
Client 20 (EMNIST) | Target Loss: 0.4961 | DDPM Loss: 0.0078
Client 22 (CIFAR10) | Target Loss: 0.7783 | DDPM Loss: 0.0362
Client 23 (CIFAR10) | Target Loss: 1.0447 | DDPM Loss: 0.0369
Client 24 (CIFAR10) | Target Loss: 0.8754 | DDPM Loss: 0.0363
Client 25 (CIFAR10) | Target Loss: 0.8650 | DDPM Loss: 0.0367
Client 26 (CIFAR10) | Target Loss: 1.2953 | DDPM Loss: 0.0360
Client 27 (CIFAR10) | Target Loss: 1.4106 | DDPM Loss: 0.0367
Client 28 (CIFAR10) | Target Loss: 1.3256 | DDPM Loss: 0.0365
Client 29 (CIFAR10) | Target Loss: 1.1243 | DDPM Loss: 0.0363
Client 30 (CIFAR10) | Target Loss: 1.4766 | DDPM Loss: 0.0371
Client 31 (CIFAR10) | Target Loss: 1.6256 | DDPM Loss: 0.0364
Selected client ids: [0, 1, 2, 3, 4, 5, 6, 7, 8, 9, 10, 11, 12, 13, 14, 15, 16, 17, 18, 19, 20, 21, 22, 23, 24, 25, 26, 27, 28, 29]
--- Round 11 ---
Client 0 (MNIST) | Target Loss: 0.1120 | DDPM Loss: 0.0105
Client 1 (MNIST) | Target Loss: 0.0552 | DDPM Loss: 0.0101
Client 2 (MNIST) | Target Loss: 0.0231 | DDPM Loss: 0.0100
Client 3 (MNIST) | Target Loss: 0.0115 | DDPM Loss: 0.0107
Client 4 (MNIST) | Target Loss: 0.1107 | DDPM Loss: 0.0102
Client 5 (MNIST) | Target Loss: 0.3625 | DDPM Loss: 0.0106
Client 6 (MNIST) | Target Loss: 0.0594 | DDPM Loss: 0.0105
Client 7 (MNIST) | Target Loss: 0.0320 | DDPM Loss: 0.0103
Client 8 (MNIST) | Target Loss: 1.0986 | DDPM Loss: 0.0104
Client 9 (MNIST) | Target Loss: 0.1382 | DDPM Loss: 0.0107
Client 11 (EMNIST) | Target Loss: 0.4391 | DDPM Loss: 0.0076
Client 12 (EMNIST) | Target Loss: 0.4079 | DDPM Loss: 0.0075
Client 13 (EMNIST) | Target Loss: 0.3070 | DDPM Loss: 0.0076
Client 14 (EMNIST) | Target Loss: 0.2821 | DDPM Loss: 0.0076
Client 15 (EMNIST) | Target Loss: 0.4490 | DDPM Loss: 0.0076
Client 16 (EMNIST) | Target Loss: 0.6481 | DDPM Loss: 0.0075
Client 17 (EMNIST) | Target Loss: 0.3799 | DDPM Loss: 0.0076
Client 18 (EMNIST) | Target Loss: 0.2714 | DDPM Loss: 0.0076
Client 19 (EMNIST) | Target Loss: 0.4558 | DDPM Loss: 0.0076
Client 20 (EMNIST) | Target Loss: 0.4891 | DDPM Loss: 0.0076
Client 22 (CIFAR10) | Target Loss: 0.7057 | DDPM Loss: 0.0361
Client 23 (CIFAR10) | Target Loss: 1.0338 | DDPM Loss: 0.0366
Client 24 (CIFAR10) | Target Loss: 0.7861 | DDPM Loss: 0.0355
Client 25 (CIFAR10) | Target Loss: 0.7528 | DDPM Loss: 0.0360
Client 26 (CIFAR10) | Target Loss: 1.2582 | DDPM Loss: 0.0357
Client 27 (CIFAR10) | Target Loss: 1.3754 | DDPM Loss: 0.0353
Client 28 (CIFAR10) | Target Loss: 1.3057 | DDPM Loss: 0.0358
Client 29 (CIFAR10) | Target Loss: 0.9814 | DDPM Loss: 0.0361
Client 30 (CIFAR10) | Target Loss: 1.4644 | DDPM Loss: 0.0355
Client 31 (CIFAR10) | Target Loss: 1.5984 | DDPM Loss: 0.0358
Selected client ids: [0, 1, 2, 3, 4, 5, 6, 7, 8, 9, 10, 11, 12, 13, 14, 15, 16, 17, 18, 19, 20, 21, 22, 23, 24, 25, 26, 27, 28, 29]
--- Round 12 ---
Client 0 (MNIST) | Target Loss: 0.0976 | DDPM Loss: 0.0101
Client 1 (MNIST) | Target Loss: 0.0377 | DDPM Loss: 0.0098
Client 2 (MNIST) | Target Loss: 0.0077 | DDPM Loss: 0.0100
Client 3 (MNIST) | Target Loss: 0.0195 | DDPM Loss: 0.0101
Client 4 (MNIST) | Target Loss: 0.0982 | DDPM Loss: 0.0104
Client 5 (MNIST) | Target Loss: 0.3357 | DDPM Loss: 0.0143
Client 6 (MNIST) | Target Loss: 0.0483 | DDPM Loss: 0.0101
Client 7 (MNIST) | Target Loss: 0.0257 | DDPM Loss: 0.0098
Client 8 (MNIST) | Target Loss: 0.8304 | DDPM Loss: 0.0101
Client 9 (MNIST) | Target Loss: 0.0727 | DDPM Loss: 0.0101
Client 11 (EMNIST) | Target Loss: 0.4319 | DDPM Loss: 0.0075
Client 12 (EMNIST) | Target Loss: 0.3982 | DDPM Loss: 0.0075
Client 13 (EMNIST) | Target Loss: 0.2936 | DDPM Loss: 0.0075
Client 14 (EMNIST) | Target Loss: 0.2704 | DDPM Loss: 0.0075
Client 15 (EMNIST) | Target Loss: 0.4305 | DDPM Loss: 0.0075
Client 16 (EMNIST) | Target Loss: 0.6412 | DDPM Loss: 0.0074
Client 17 (EMNIST) | Target Loss: 0.3701 | DDPM Loss: 0.0075
Client 18 (EMNIST) | Target Loss: 0.2562 | DDPM Loss: 0.0075
Client 19 (EMNIST) | Target Loss: 0.4474 | DDPM Loss: 0.0075
Client 20 (EMNIST) | Target Loss: 0.4736 | DDPM Loss: 0.0076
Client 22 (CIFAR10) | Target Loss: 0.6153 | DDPM Loss: 0.0356
Client 23 (CIFAR10) | Target Loss: 0.9848 | DDPM Loss: 0.0354
Client 24 (CIFAR10) | Target Loss: 0.7194 | DDPM Loss: 0.0360
Client 25 (CIFAR10) | Target Loss: 0.6352 | DDPM Loss: 0.0350
Client 26 (CIFAR10) | Target Loss: 1.2044 | DDPM Loss: 0.0352
Client 27 (CIFAR10) | Target Loss: 1.3758 | DDPM Loss: 0.0356
Client 28 (CIFAR10) | Target Loss: 1.2587 | DDPM Loss: 0.0353
Client 29 (CIFAR10) | Target Loss: 0.9106 | DDPM Loss: 0.0352
Client 30 (CIFAR10) | Target Loss: 1.3974 | DDPM Loss: 0.0357
Client 31 (CIFAR10) | Target Loss: 1.5727 | DDPM Loss: 0.0354
Selected client ids: [0, 1, 2, 3, 4, 5, 6, 7, 8, 9, 10, 11, 12, 13, 14, 15, 16, 17, 18, 19, 20, 21, 22, 23, 24, 25, 26, 27, 28, 29]
--- Round 13 ---
Client 0 (MNIST) | Target Loss: 0.0965 | DDPM Loss: 0.0099
Client 1 (MNIST) | Target Loss: 0.0317 | DDPM Loss: 0.0100
Client 2 (MNIST) | Target Loss: 0.0140 | DDPM Loss: 0.0100
Client 3 (MNIST) | Target Loss: 0.1151 | DDPM Loss: 0.0101
Client 4 (MNIST) | Target Loss: 0.0713 | DDPM Loss: 0.0098
Client 5 (MNIST) | Target Loss: 0.3237 | DDPM Loss: 0.0097
Client 6 (MNIST) | Target Loss: 0.0479 | DDPM Loss: 0.0094
Client 7 (MNIST) | Target Loss: 0.0345 | DDPM Loss: 0.0098
Client 8 (MNIST) | Target Loss: 0.7219 | DDPM Loss: 0.0096
Client 9 (MNIST) | Target Loss: 0.1014 | DDPM Loss: 0.0100
Client 11 (EMNIST) | Target Loss: 0.4179 | DDPM Loss: 0.0074
Client 12 (EMNIST) | Target Loss: 0.3882 | DDPM Loss: 0.0074
Client 13 (EMNIST) | Target Loss: 0.2815 | DDPM Loss: 0.0074
Client 14 (EMNIST) | Target Loss: 0.2553 | DDPM Loss: 0.0074
Client 15 (EMNIST) | Target Loss: 0.4232 | DDPM Loss: 0.0074
Client 16 (EMNIST) | Target Loss: 0.6168 | DDPM Loss: 0.0074
Client 17 (EMNIST) | Target Loss: 0.3599 | DDPM Loss: 0.0074
Client 18 (EMNIST) | Target Loss: 0.2460 | DDPM Loss: 0.0074
Client 19 (EMNIST) | Target Loss: 0.4362 | DDPM Loss: 0.0075
Client 20 (EMNIST) | Target Loss: 0.4752 | DDPM Loss: 0.0075
Client 22 (CIFAR10) | Target Loss: 0.5343 | DDPM Loss: 0.0346
Client 23 (CIFAR10) | Target Loss: 0.9452 | DDPM Loss: 0.0352
Client 24 (CIFAR10) | Target Loss: 0.6355 | DDPM Loss: 0.0365
Client 25 (CIFAR10) | Target Loss: 0.5263 | DDPM Loss: 0.0354
Client 26 (CIFAR10) | Target Loss: 1.1338 | DDPM Loss: 0.0359
Client 27 (CIFAR10) | Target Loss: 1.3441 | DDPM Loss: 0.0354
Client 28 (CIFAR10) | Target Loss: 1.2287 | DDPM Loss: 0.0359
Client 29 (CIFAR10) | Target Loss: 0.8141 | DDPM Loss: 0.0359
Client 30 (CIFAR10) | Target Loss: 1.3006 | DDPM Loss: 0.0355
Client 31 (CIFAR10) | Target Loss: 1.5008 | DDPM Loss: 0.0365
Selected client ids: [0, 1, 2, 3, 4, 5, 6, 7, 8, 9, 10, 11, 12, 13, 14, 15, 16, 17, 18, 19, 20, 21, 22, 23, 24, 25, 26, 27, 28, 29]
--- Round 14 ---
Client 0 (MNIST) | Target Loss: 0.0837 | DDPM Loss: 0.0096
Client 1 (MNIST) | Target Loss: 0.0236 | DDPM Loss: 0.0092
Client 2 (MNIST) | Target Loss: 0.0404 | DDPM Loss: 0.0098
Client 3 (MNIST) | Target Loss: 0.0299 | DDPM Loss: 0.0096
Client 4 (MNIST) | Target Loss: 0.0877 | DDPM Loss: 0.0096
Client 5 (MNIST) | Target Loss: 0.3188 | DDPM Loss: 0.0099
Client 6 (MNIST) | Target Loss: 0.0458 | DDPM Loss: 0.0094
Client 7 (MNIST) | Target Loss: 0.0242 | DDPM Loss: 0.0099
Client 8 (MNIST) | Target Loss: 1.0927 | DDPM Loss: 0.0095
Client 9 (MNIST) | Target Loss: 0.1176 | DDPM Loss: 0.0096
Client 11 (EMNIST) | Target Loss: 0.4074 | DDPM Loss: 0.0074
Client 12 (EMNIST) | Target Loss: 0.3845 | DDPM Loss: 0.0073
Client 13 (EMNIST) | Target Loss: 0.2665 | DDPM Loss: 0.0074
Client 14 (EMNIST) | Target Loss: 0.2369 | DDPM Loss: 0.0073
Client 15 (EMNIST) | Target Loss: 0.4210 | DDPM Loss: 0.0073
Client 16 (EMNIST) | Target Loss: 0.6048 | DDPM Loss: 0.0073
Client 17 (EMNIST) | Target Loss: 0.3525 | DDPM Loss: 0.0074
Client 18 (EMNIST) | Target Loss: 0.2281 | DDPM Loss: 0.0073
Client 19 (EMNIST) | Target Loss: 0.4249 | DDPM Loss: 0.0074
Client 20 (EMNIST) | Target Loss: 0.4638 | DDPM Loss: 0.0074
Client 22 (CIFAR10) | Target Loss: 0.4577 | DDPM Loss: 0.0351
Client 23 (CIFAR10) | Target Loss: 0.9329 | DDPM Loss: 0.0349
Client 24 (CIFAR10) | Target Loss: 0.5262 | DDPM Loss: 0.0353
Client 25 (CIFAR10) | Target Loss: 0.3923 | DDPM Loss: 0.0343
Client 26 (CIFAR10) | Target Loss: 1.1334 | DDPM Loss: 0.0350
Client 27 (CIFAR10) | Target Loss: 1.3207 | DDPM Loss: 0.0349
Client 28 (CIFAR10) | Target Loss: 1.1868 | DDPM Loss: 0.0340
Client 29 (CIFAR10) | Target Loss: 0.7214 | DDPM Loss: 0.0348
Client 30 (CIFAR10) | Target Loss: 1.2535 | DDPM Loss: 0.0358
Client 31 (CIFAR10) | Target Loss: 1.4668 | DDPM Loss: 0.0354
Selected client ids: [0, 1, 2, 3, 4, 5, 6, 7, 8, 9, 10, 11, 12, 13, 14, 15, 16, 17, 18, 19, 20, 21, 22, 23, 24, 25, 26, 27, 28, 29]
--- Round 15 ---
Client 0 (MNIST) | Target Loss: 0.0902 | DDPM Loss: 0.0097
Client 1 (MNIST) | Target Loss: 0.0258 | DDPM Loss: 0.0098
Client 2 (MNIST) | Target Loss: 0.0526 | DDPM Loss: 0.0092
Client 3 (MNIST) | Target Loss: 0.0415 | DDPM Loss: 0.0093
Client 4 (MNIST) | Target Loss: 0.0673 | DDPM Loss: 0.0096
Client 5 (MNIST) | Target Loss: 0.2811 | DDPM Loss: 0.0095
Client 6 (MNIST) | Target Loss: 0.0382 | DDPM Loss: 0.0093
Client 7 (MNIST) | Target Loss: 0.0063 | DDPM Loss: 0.0093
Client 8 (MNIST) | Target Loss: 0.8954 | DDPM Loss: 0.0096
Client 9 (MNIST) | Target Loss: 0.0693 | DDPM Loss: 0.0096
Client 11 (EMNIST) | Target Loss: 0.4051 | DDPM Loss: 0.0073
Client 12 (EMNIST) | Target Loss: 0.3766 | DDPM Loss: 0.0073
Client 13 (EMNIST) | Target Loss: 0.2540 | DDPM Loss: 0.0073
Client 14 (EMNIST) | Target Loss: 0.2240 | DDPM Loss: 0.0073
Client 15 (EMNIST) | Target Loss: 0.4063 | DDPM Loss: 0.0073
Client 16 (EMNIST) | Target Loss: 0.5929 | DDPM Loss: 0.0072
Client 17 (EMNIST) | Target Loss: 0.3457 | DDPM Loss: 0.0073
Client 18 (EMNIST) | Target Loss: 0.2150 | DDPM Loss: 0.0073
Client 19 (EMNIST) | Target Loss: 0.4163 | DDPM Loss: 0.0073
Client 20 (EMNIST) | Target Loss: 0.4555 | DDPM Loss: 0.0073
Client 22 (CIFAR10) | Target Loss: 0.4477 | DDPM Loss: 0.0341
Client 23 (CIFAR10) | Target Loss: 0.8931 | DDPM Loss: 0.0352
Client 24 (CIFAR10) | Target Loss: 0.4449 | DDPM Loss: 0.0340
Client 25 (CIFAR10) | Target Loss: 0.3045 | DDPM Loss: 0.0338
Client 26 (CIFAR10) | Target Loss: 1.0569 | DDPM Loss: 0.0349
Client 27 (CIFAR10) | Target Loss: 1.2884 | DDPM Loss: 0.0345
Client 28 (CIFAR10) | Target Loss: 1.1549 | DDPM Loss: 0.0352
Client 29 (CIFAR10) | Target Loss: 0.6216 | DDPM Loss: 0.0347
Client 30 (CIFAR10) | Target Loss: 1.2371 | DDPM Loss: 0.0346
Client 31 (CIFAR10) | Target Loss: 1.4640 | DDPM Loss: 0.0345
Selected client ids: [0, 1, 2, 3, 4, 5, 6, 7, 8, 9, 10, 11, 12, 13, 14, 15, 16, 17, 18, 19, 20, 21, 22, 23, 24, 25, 26, 27, 28, 29]
--- Round 16 ---
Client 0 (MNIST) | Target Loss: 0.0872 | DDPM Loss: 0.0095
Client 1 (MNIST) | Target Loss: 0.0264 | DDPM Loss: 0.0091
Client 2 (MNIST) | Target Loss: 0.0262 | DDPM Loss: 0.0092
Client 3 (MNIST) | Target Loss: 0.0177 | DDPM Loss: 0.0091
Client 4 (MNIST) | Target Loss: 0.0850 | DDPM Loss: 0.0093
Client 5 (MNIST) | Target Loss: 0.2950 | DDPM Loss: 0.0094
Client 6 (MNIST) | Target Loss: 0.0423 | DDPM Loss: 0.0095
Client 7 (MNIST) | Target Loss: 0.0112 | DDPM Loss: 0.0095
Client 8 (MNIST) | Target Loss: 0.7377 | DDPM Loss: 0.0190
Client 9 (MNIST) | Target Loss: 0.0993 | DDPM Loss: 0.0093
Client 11 (EMNIST) | Target Loss: 0.4009 | DDPM Loss: 0.0072
Client 12 (EMNIST) | Target Loss: 0.3679 | DDPM Loss: 0.0072
Client 13 (EMNIST) | Target Loss: 0.2419 | DDPM Loss: 0.0072
Client 14 (EMNIST) | Target Loss: 0.2060 | DDPM Loss: 0.0072
Client 15 (EMNIST) | Target Loss: 0.3951 | DDPM Loss: 0.0072
Client 16 (EMNIST) | Target Loss: 0.5842 | DDPM Loss: 0.0072
Client 17 (EMNIST) | Target Loss: 0.3357 | DDPM Loss: 0.0073
Client 18 (EMNIST) | Target Loss: 0.2036 | DDPM Loss: 0.0072
Client 19 (EMNIST) | Target Loss: 0.4114 | DDPM Loss: 0.0072
Client 20 (EMNIST) | Target Loss: 0.4515 | DDPM Loss: 0.0072
Client 22 (CIFAR10) | Target Loss: 0.3649 | DDPM Loss: 0.0345
Client 23 (CIFAR10) | Target Loss: 0.8583 | DDPM Loss: 0.0355
Client 24 (CIFAR10) | Target Loss: 0.3845 | DDPM Loss: 0.0346
Client 25 (CIFAR10) | Target Loss: 0.1977 | DDPM Loss: 0.0345
Client 26 (CIFAR10) | Target Loss: 1.0306 | DDPM Loss: 0.0341
Client 27 (CIFAR10) | Target Loss: 1.2741 | DDPM Loss: 0.0349
Client 28 (CIFAR10) | Target Loss: 1.1167 | DDPM Loss: 0.0341
Client 29 (CIFAR10) | Target Loss: 0.5318 | DDPM Loss: 0.0341
Client 30 (CIFAR10) | Target Loss: 1.1653 | DDPM Loss: 0.0342
Client 31 (CIFAR10) | Target Loss: 1.3687 | DDPM Loss: 0.0347
Selected client ids: [0, 1, 2, 3, 4, 5, 6, 7, 8, 9, 10, 11, 12, 13, 14, 15, 16, 17, 18, 19, 20, 21, 22, 23, 24, 25, 26, 27, 28, 29]
--- Round 17 ---
Client 0 (MNIST) | Target Loss: 0.0692 | DDPM Loss: 0.0091
Client 1 (MNIST) | Target Loss: 0.0253 | DDPM Loss: 0.0092
Client 2 (MNIST) | Target Loss: 0.0070 | DDPM Loss: 0.0092
Client 3 (MNIST) | Target Loss: 0.0121 | DDPM Loss: 0.0117
Client 4 (MNIST) | Target Loss: 0.0716 | DDPM Loss: 0.0092
Client 5 (MNIST) | Target Loss: 0.2724 | DDPM Loss: 0.0093
Client 6 (MNIST) | Target Loss: 0.0270 | DDPM Loss: 0.0088
Client 7 (MNIST) | Target Loss: 0.0135 | DDPM Loss: 0.0092
Client 8 (MNIST) | Target Loss: 0.6549 | DDPM Loss: 0.0090
Client 9 (MNIST) | Target Loss: 0.0397 | DDPM Loss: 0.0091
Client 11 (EMNIST) | Target Loss: 0.3931 | DDPM Loss: 0.0072
Client 12 (EMNIST) | Target Loss: 0.3623 | DDPM Loss: 0.0071
Client 13 (EMNIST) | Target Loss: 0.2251 | DDPM Loss: 0.0072
Client 14 (EMNIST) | Target Loss: 0.1885 | DDPM Loss: 0.0072
Client 15 (EMNIST) | Target Loss: 0.3951 | DDPM Loss: 0.0072
Client 16 (EMNIST) | Target Loss: 0.5696 | DDPM Loss: 0.0072
Client 17 (EMNIST) | Target Loss: 0.3313 | DDPM Loss: 0.0072
Client 18 (EMNIST) | Target Loss: 0.1931 | DDPM Loss: 0.0072
Client 19 (EMNIST) | Target Loss: 0.4027 | DDPM Loss: 0.0072
Client 20 (EMNIST) | Target Loss: 0.4438 | DDPM Loss: 0.0072
Client 22 (CIFAR10) | Target Loss: 0.3219 | DDPM Loss: 0.0343
Client 23 (CIFAR10) | Target Loss: 0.8298 | DDPM Loss: 0.0333
Client 24 (CIFAR10) | Target Loss: 0.2723 | DDPM Loss: 0.0341
Client 25 (CIFAR10) | Target Loss: 0.1619 | DDPM Loss: 0.0338
Client 26 (CIFAR10) | Target Loss: 0.9173 | DDPM Loss: 0.0342
Client 27 (CIFAR10) | Target Loss: 1.2673 | DDPM Loss: 0.0348
Client 28 (CIFAR10) | Target Loss: 1.0848 | DDPM Loss: 0.0350
Client 29 (CIFAR10) | Target Loss: 0.4326 | DDPM Loss: 0.0353
Client 30 (CIFAR10) | Target Loss: 1.0860 | DDPM Loss: 0.0345
Client 31 (CIFAR10) | Target Loss: 1.3450 | DDPM Loss: 0.0357
Selected client ids: [0, 1, 2, 3, 4, 5, 6, 7, 8, 9, 10, 11, 12, 13, 14, 15, 16, 17, 18, 19, 20, 21, 22, 23, 24, 25, 26, 27, 28, 29]
--- Round 18 ---
Client 0 (MNIST) | Target Loss: 0.0716 | DDPM Loss: 0.0092
Client 1 (MNIST) | Target Loss: 0.0211 | DDPM Loss: 0.0087
Client 2 (MNIST) | Target Loss: 0.0056 | DDPM Loss: 0.0089
Client 3 (MNIST) | Target Loss: 0.0144 | DDPM Loss: 0.0087
Client 4 (MNIST) | Target Loss: 0.0569 | DDPM Loss: 0.0089
Client 5 (MNIST) | Target Loss: 0.2955 | DDPM Loss: 0.0088
Client 6 (MNIST) | Target Loss: 0.0230 | DDPM Loss: 0.0088
Client 7 (MNIST) | Target Loss: 0.0028 | DDPM Loss: 0.0088
Client 8 (MNIST) | Target Loss: 0.6219 | DDPM Loss: 0.0155
Client 9 (MNIST) | Target Loss: 0.0585 | DDPM Loss: 0.0092
Client 11 (EMNIST) | Target Loss: 0.3889 | DDPM Loss: 0.0071
Client 12 (EMNIST) | Target Loss: 0.3572 | DDPM Loss: 0.0071
Client 13 (EMNIST) | Target Loss: 0.2095 | DDPM Loss: 0.0071
Client 14 (EMNIST) | Target Loss: 0.1678 | DDPM Loss: 0.0071
Client 15 (EMNIST) | Target Loss: 0.3880 | DDPM Loss: 0.0071
Client 16 (EMNIST) | Target Loss: 0.5655 | DDPM Loss: 0.0071
Client 17 (EMNIST) | Target Loss: 0.3262 | DDPM Loss: 0.0071
Client 18 (EMNIST) | Target Loss: 0.1807 | DDPM Loss: 0.0071
Client 19 (EMNIST) | Target Loss: 0.4007 | DDPM Loss: 0.0071
Client 20 (EMNIST) | Target Loss: 0.4431 | DDPM Loss: 0.0072
Client 22 (CIFAR10) | Target Loss: 0.3213 | DDPM Loss: 0.0341
Client 23 (CIFAR10) | Target Loss: 0.7969 | DDPM Loss: 0.0357
Client 24 (CIFAR10) | Target Loss: 0.1646 | DDPM Loss: 0.0342
Client 25 (CIFAR10) | Target Loss: 0.1294 | DDPM Loss: 0.0341
Client 26 (CIFAR10) | Target Loss: 0.9076 | DDPM Loss: 0.0331
Client 27 (CIFAR10) | Target Loss: 1.2427 | DDPM Loss: 0.0340
Client 28 (CIFAR10) | Target Loss: 1.0404 | DDPM Loss: 0.0341
Client 29 (CIFAR10) | Target Loss: 0.3285 | DDPM Loss: 0.0346
Client 30 (CIFAR10) | Target Loss: 1.0427 | DDPM Loss: 0.0347
Client 31 (CIFAR10) | Target Loss: 1.2970 | DDPM Loss: 0.0352
Selected client ids: [0, 1, 2, 3, 4, 5, 6, 7, 8, 9, 10, 11, 12, 13, 14, 15, 16, 17, 18, 19, 20, 21, 22, 23, 24, 25, 26, 27, 28, 29]
--- Round 19 ---
Client 0 (MNIST) | Target Loss: 0.0706 | DDPM Loss: 0.0089
Client 1 (MNIST) | Target Loss: 0.0191 | DDPM Loss: 0.0089
Client 2 (MNIST) | Target Loss: 0.0074 | DDPM Loss: 0.0090
Client 3 (MNIST) | Target Loss: 0.0089 | DDPM Loss: 0.0086
Client 4 (MNIST) | Target Loss: 0.1019 | DDPM Loss: 0.0091
Client 5 (MNIST) | Target Loss: 0.2793 | DDPM Loss: 0.0094
Client 6 (MNIST) | Target Loss: 0.0246 | DDPM Loss: 0.0089
Client 7 (MNIST) | Target Loss: 0.0136 | DDPM Loss: 0.0091
Client 8 (MNIST) | Target Loss: 0.6968 | DDPM Loss: 0.0098
Client 9 (MNIST) | Target Loss: 0.0600 | DDPM Loss: 0.0088
Client 11 (EMNIST) | Target Loss: 0.3776 | DDPM Loss: 0.0071
Client 12 (EMNIST) | Target Loss: 0.3515 | DDPM Loss: 0.0071
Client 13 (EMNIST) | Target Loss: 0.1952 | DDPM Loss: 0.0071
Client 14 (EMNIST) | Target Loss: 0.1472 | DDPM Loss: 0.0071
Client 15 (EMNIST) | Target Loss: 0.3824 | DDPM Loss: 0.0071
Client 16 (EMNIST) | Target Loss: 0.5522 | DDPM Loss: 0.0070
Client 17 (EMNIST) | Target Loss: 0.3199 | DDPM Loss: 0.0071
Client 18 (EMNIST) | Target Loss: 0.1693 | DDPM Loss: 0.0070
Client 19 (EMNIST) | Target Loss: 0.3905 | DDPM Loss: 0.0071
Client 20 (EMNIST) | Target Loss: 0.4416 | DDPM Loss: 0.0071
Client 22 (CIFAR10) | Target Loss: 0.2503 | DDPM Loss: 0.0341
Client 23 (CIFAR10) | Target Loss: 0.7861 | DDPM Loss: 0.0343
Client 24 (CIFAR10) | Target Loss: 0.2110 | DDPM Loss: 0.0342
Client 25 (CIFAR10) | Target Loss: 0.1290 | DDPM Loss: 0.0341
Client 26 (CIFAR10) | Target Loss: 0.9057 | DDPM Loss: 0.0340
Client 27 (CIFAR10) | Target Loss: 1.2396 | DDPM Loss: 0.0340
Client 28 (CIFAR10) | Target Loss: 1.0019 | DDPM Loss: 0.0338
Client 29 (CIFAR10) | Target Loss: 0.2554 | DDPM Loss: 0.0347
Client 30 (CIFAR10) | Target Loss: 1.0726 | DDPM Loss: 0.0345
Client 31 (CIFAR10) | Target Loss: 1.2627 | DDPM Loss: 0.0341
Selected client ids: [0, 1, 2, 3, 4, 5, 6, 7, 8, 9, 10, 11, 12, 13, 14, 15, 16, 17, 18, 19, 20, 21, 22, 23, 24, 25, 26, 27, 28, 29]
--- Round 20 ---
Client 0 (MNIST) | Target Loss: 0.0491 | DDPM Loss: 0.0090
Client 1 (MNIST) | Target Loss: 0.0129 | DDPM Loss: 0.0088
Client 2 (MNIST) | Target Loss: 0.0071 | DDPM Loss: 0.0088
Client 3 (MNIST) | Target Loss: 0.0125 | DDPM Loss: 0.0086
Client 4 (MNIST) | Target Loss: 0.0899 | DDPM Loss: 0.0090
Client 5 (MNIST) | Target Loss: 0.2735 | DDPM Loss: 0.0108
Client 6 (MNIST) | Target Loss: 0.0376 | DDPM Loss: 0.0087
Client 7 (MNIST) | Target Loss: 0.0304 | DDPM Loss: 0.0088
Client 8 (MNIST) | Target Loss: 0.9147 | DDPM Loss: 0.0083
Client 9 (MNIST) | Target Loss: 0.0606 | DDPM Loss: 0.0087
Client 11 (EMNIST) | Target Loss: 0.3829 | DDPM Loss: 0.0070
Client 12 (EMNIST) | Target Loss: 0.3454 | DDPM Loss: 0.0070
Client 13 (EMNIST) | Target Loss: 0.1799 | DDPM Loss: 0.0071
Client 14 (EMNIST) | Target Loss: 0.1351 | DDPM Loss: 0.0070
Client 15 (EMNIST) | Target Loss: 0.3725 | DDPM Loss: 0.0070
Client 16 (EMNIST) | Target Loss: 0.5469 | DDPM Loss: 0.0070
Client 17 (EMNIST) | Target Loss: 0.3124 | DDPM Loss: 0.0070
Client 18 (EMNIST) | Target Loss: 0.1630 | DDPM Loss: 0.0070
Client 19 (EMNIST) | Target Loss: 0.3832 | DDPM Loss: 0.0070
Client 20 (EMNIST) | Target Loss: 0.4371 | DDPM Loss: 0.0071
Client 22 (CIFAR10) | Target Loss: 0.2158 | DDPM Loss: 0.0331
Client 23 (CIFAR10) | Target Loss: 0.7413 | DDPM Loss: 0.0342
Client 24 (CIFAR10) | Target Loss: 0.1177 | DDPM Loss: 0.0343
Client 25 (CIFAR10) | Target Loss: 0.1314 | DDPM Loss: 0.0342
Client 26 (CIFAR10) | Target Loss: 0.8614 | DDPM Loss: 0.0337
Client 27 (CIFAR10) | Target Loss: 1.2092 | DDPM Loss: 0.0336
Client 28 (CIFAR10) | Target Loss: 0.9858 | DDPM Loss: 0.0342
Client 29 (CIFAR10) | Target Loss: 0.1878 | DDPM Loss: 0.0346
Client 30 (CIFAR10) | Target Loss: 0.9577 | DDPM Loss: 0.0353
Client 31 (CIFAR10) | Target Loss: 1.2760 | DDPM Loss: 0.0337
Feature Bi-direction Mapping | dynamic_entropy_ratio: 0.7

==================================================
Label Mapping Summary:
Global ID = 0  | from: MNIST: '0'
Global ID = 1  | from: MNIST: '1'
Global ID = 2  | from: MNIST: '2'
Global ID = 3  | from: MNIST: '3'
Global ID = 4  | from: MNIST: '4'
Global ID = 5  | from: MNIST: '5'
Global ID = 6  | from: MNIST: '6'
Global ID = 7  | from: MNIST: '7'
Global ID = 8  | from: MNIST: '8'
Global ID = 9  | from: MNIST: '9'
Global ID = 10 | from: EMNIST: '0'
Global ID = 11 | from: EMNIST: '1'
Global ID = 12 | from: EMNIST: '2'
Global ID = 13 | from: EMNIST: '3'
Global ID = 14 | from: EMNIST: '4'
Global ID = 15 | from: EMNIST: '5'
Global ID = 16 | from: EMNIST: '6'
Global ID = 17 | from: EMNIST: '7'
Global ID = 18 | from: EMNIST: '8'
Global ID = 19 | from: EMNIST: '9'
Global ID = 20 | from: EMNIST: 'A'
Global ID = 21 | from: EMNIST: 'B'
Global ID = 22 | from: EMNIST: 'C'
Global ID = 23 | from: EMNIST: 'D'
Global ID = 24 | from: EMNIST: 'E'
Global ID = 25 | from: EMNIST: 'F'
Global ID = 26 | from: EMNIST: 'G'
Global ID = 27 | from: EMNIST: 'H'
Global ID = 28 | from: EMNIST: 'I'
Global ID = 29 | from: EMNIST: 'J'
Global ID = 30 | from: EMNIST: 'K'
Global ID = 31 | from: EMNIST: 'L'
Global ID = 32 | from: EMNIST: 'M'
Global ID = 33 | from: EMNIST: 'N'
Global ID = 34 | from: EMNIST: 'O'
Global ID = 35 | from: EMNIST: 'P'
Global ID = 36 | from: EMNIST: 'Q'
Global ID = 37 | from: EMNIST: 'R'
Global ID = 38 | from: EMNIST: 'S'
Global ID = 39 | from: EMNIST: 'T'
Global ID = 40 | from: EMNIST: 'U'
Global ID = 41 | from: EMNIST: 'V'
Global ID = 42 | from: EMNIST: 'W'
Global ID = 43 | from: EMNIST: 'X'
Global ID = 44 | from: EMNIST: 'Y'
Global ID = 45 | from: EMNIST: 'Z'
Global ID = 46 | from: EMNIST: 'a'
Global ID = 47 | from: EMNIST: 'b'
Global ID = 48 | from: EMNIST: 'c'
Global ID = 49 | from: EMNIST: 'd'
Global ID = 50 | from: EMNIST: 'e'
Global ID = 51 | from: EMNIST: 'f'
Global ID = 52 | from: EMNIST: 'g'
Global ID = 53 | from: EMNIST: 'h'
Global ID = 54 | from: EMNIST: 'i'
Global ID = 55 | from: EMNIST: 'j'
Global ID = 56 | from: EMNIST: 'k'
Global ID = 57 | from: EMNIST: 'l'
Global ID = 58 | from: EMNIST: 'm'
Global ID = 59 | from: EMNIST: 'n'
Global ID = 60 | from: EMNIST: 'o'
Global ID = 61 | from: EMNIST: 'p'
Global ID = 62 | from: EMNIST: 'q'
Global ID = 63 | from: EMNIST: 'r'
Global ID = 64 | from: EMNIST: 's'
Global ID = 65 | from: EMNIST: 't'
Global ID = 66 | from: EMNIST: 'u'
Global ID = 67 | from: EMNIST: 'v'
Global ID = 68 | from: EMNIST: 'w'
Global ID = 69 | from: EMNIST: 'x'
Global ID = 70 | from: EMNIST: 'y'
Global ID = 71 | from: EMNIST: 'z'
Global ID = 72 | from: CIFAR10: 'airplane'
Global ID = 73 | from: CIFAR10: 'automobile'
Global ID = 74 | from: CIFAR10: 'bird'
Global ID = 75 | from: CIFAR10: 'cat'
Global ID = 76 | from: CIFAR10: 'deer'
Global ID = 77 | from: CIFAR10: 'dog'
Global ID = 78 | from: CIFAR10: 'frog'
Global ID = 79 | from: CIFAR10: 'horse'
Global ID = 80 | from: CIFAR10: 'ship'
Global ID = 81 | from: CIFAR10: 'truck'
==================================================

Initializing Global Inference Model with 82 classes...
Epoch 0 Loss: 2.2987
Epoch 1 Loss: 0.7881
Epoch 2 Loss: 0.6033
Epoch 3 Loss: 0.5086
Epoch 4 Loss: 0.4551
[Server] Global Inference Model Acc (MNIST) (Round 20): 67.03% (Tested on 9095 samples)
[Server] Global Inference Model Acc (EMNIST) (Round 20): 37.25% (Tested on 105779 samples)
[Server] Global Inference Model Acc (CIFAR10) (Round 20): 28.01% (Tested on 9100 samples)
[Server] Global Inference Model Acc (Mix) (Round 20): 38.75% (Tested on 123974 samples)
Selected client ids: [0, 1, 2, 3, 4, 5, 6, 7, 8, 9, 10, 11, 12, 13, 14, 15, 16, 17, 18, 19, 20, 21, 22, 23, 24, 25, 26, 27, 28, 29]
--- Round 21 ---
Client 0 (MNIST) | Target Loss: 0.0000 | DDPM Loss: 0.0087
Client 1 (MNIST) | Target Loss: 0.0000 | DDPM Loss: 0.0087
Client 2 (MNIST) | Target Loss: 0.0000 | DDPM Loss: 0.0087
Client 3 (MNIST) | Target Loss: 0.0000 | DDPM Loss: 0.0089
Client 4 (MNIST) | Target Loss: 0.0000 | DDPM Loss: 0.0087
Client 5 (MNIST) | Target Loss: 0.0000 | DDPM Loss: 0.0085
Client 6 (MNIST) | Target Loss: 0.0000 | DDPM Loss: 0.0086
Client 7 (MNIST) | Target Loss: 0.0000 | DDPM Loss: 0.0088
Client 8 (MNIST) | Target Loss: 0.0000 | DDPM Loss: 0.0085
Client 9 (MNIST) | Target Loss: 0.0000 | DDPM Loss: 0.0087
Client 11 (EMNIST) | Target Loss: 0.0000 | DDPM Loss: 0.0070
Client 12 (EMNIST) | Target Loss: 0.0000 | DDPM Loss: 0.0070
Client 13 (EMNIST) | Target Loss: 0.0000 | DDPM Loss: 0.0070
Client 14 (EMNIST) | Target Loss: 0.0000 | DDPM Loss: 0.0070
Client 15 (EMNIST) | Target Loss: 0.0000 | DDPM Loss: 0.0070
Client 16 (EMNIST) | Target Loss: 0.0000 | DDPM Loss: 0.0070
Client 17 (EMNIST) | Target Loss: 0.0000 | DDPM Loss: 0.0070
Client 18 (EMNIST) | Target Loss: 0.0000 | DDPM Loss: 0.0070
Client 19 (EMNIST) | Target Loss: 0.0000 | DDPM Loss: 0.0070
Client 20 (EMNIST) | Target Loss: 0.0000 | DDPM Loss: 0.0071
Client 22 (CIFAR10) | Target Loss: 0.0000 | DDPM Loss: 0.0338
Client 23 (CIFAR10) | Target Loss: 0.0000 | DDPM Loss: 0.0343
Client 24 (CIFAR10) | Target Loss: 0.0000 | DDPM Loss: 0.0332
Client 25 (CIFAR10) | Target Loss: 0.0000 | DDPM Loss: 0.0351
Client 26 (CIFAR10) | Target Loss: 0.0000 | DDPM Loss: 0.0333
Client 27 (CIFAR10) | Target Loss: 0.0000 | DDPM Loss: 0.0337
Client 28 (CIFAR10) | Target Loss: 0.0000 | DDPM Loss: 0.0341
Client 29 (CIFAR10) | Target Loss: 0.0000 | DDPM Loss: 0.0341
Client 30 (CIFAR10) | Target Loss: 0.0000 | DDPM Loss: 0.0336
Client 31 (CIFAR10) | Target Loss: 0.0000 | DDPM Loss: 0.0345
Epoch 0 Loss: 0.5068
Epoch 1 Loss: 0.4263
Epoch 2 Loss: 0.3874
Epoch 3 Loss: 0.3515
Epoch 4 Loss: 0.3062
[Server] Global Inference Model Acc (MNIST) (Round 21): 88.29% (Tested on 9095 samples)
[Server] Global Inference Model Acc (EMNIST) (Round 21): 63.29% (Tested on 105779 samples)
[Server] Global Inference Model Acc (CIFAR10) (Round 21): 40.09% (Tested on 9100 samples)
[Server] Global Inference Model Acc (Mix) (Round 21): 63.42% (Tested on 123974 samples)
Selected client ids: [0, 1, 2, 3, 4, 5, 6, 7, 8, 9, 10, 11, 12, 13, 14, 15, 16, 17, 18, 19, 20, 21, 22, 23, 24, 25, 26, 27, 28, 29]
--- Round 22 ---
Client 0 (MNIST) | Target Loss: 0.0000 | DDPM Loss: 0.0087
Client 1 (MNIST) | Target Loss: 0.0000 | DDPM Loss: 0.0086
Client 2 (MNIST) | Target Loss: 0.0000 | DDPM Loss: 0.0086
Client 3 (MNIST) | Target Loss: 0.0000 | DDPM Loss: 0.0085
Client 4 (MNIST) | Target Loss: 0.0000 | DDPM Loss: 0.0086
Client 5 (MNIST) | Target Loss: 0.0000 | DDPM Loss: 0.0085
Client 6 (MNIST) | Target Loss: 0.0000 | DDPM Loss: 0.0086
Client 7 (MNIST) | Target Loss: 0.0000 | DDPM Loss: 0.0086
Client 8 (MNIST) | Target Loss: 0.0000 | DDPM Loss: 0.0094
Client 9 (MNIST) | Target Loss: 0.0000 | DDPM Loss: 0.0086
Client 11 (EMNIST) | Target Loss: 0.0000 | DDPM Loss: 0.0070
Client 12 (EMNIST) | Target Loss: 0.0000 | DDPM Loss: 0.0069
Client 13 (EMNIST) | Target Loss: 0.0000 | DDPM Loss: 0.0070
Client 14 (EMNIST) | Target Loss: 0.0000 | DDPM Loss: 0.0069
Client 15 (EMNIST) | Target Loss: 0.0000 | DDPM Loss: 0.0069
Client 16 (EMNIST) | Target Loss: 0.0000 | DDPM Loss: 0.0069
Client 17 (EMNIST) | Target Loss: 0.0000 | DDPM Loss: 0.0070
Client 18 (EMNIST) | Target Loss: 0.0000 | DDPM Loss: 0.0070
Client 19 (EMNIST) | Target Loss: 0.0000 | DDPM Loss: 0.0070
Client 20 (EMNIST) | Target Loss: 0.0000 | DDPM Loss: 0.0070
Client 22 (CIFAR10) | Target Loss: 0.0000 | DDPM Loss: 0.0335
Client 23 (CIFAR10) | Target Loss: 0.0000 | DDPM Loss: 0.0349
Client 24 (CIFAR10) | Target Loss: 0.0000 | DDPM Loss: 0.0335
Client 25 (CIFAR10) | Target Loss: 0.0000 | DDPM Loss: 0.0330
Client 26 (CIFAR10) | Target Loss: 0.0000 | DDPM Loss: 0.0327
Client 27 (CIFAR10) | Target Loss: 0.0000 | DDPM Loss: 0.0338
Client 28 (CIFAR10) | Target Loss: 0.0000 | DDPM Loss: 0.0339
Client 29 (CIFAR10) | Target Loss: 0.0000 | DDPM Loss: 0.0342
Client 30 (CIFAR10) | Target Loss: 0.0000 | DDPM Loss: 0.0343
Client 31 (CIFAR10) | Target Loss: 0.0000 | DDPM Loss: 0.0338
Epoch 0 Loss: 0.4436
Epoch 1 Loss: 0.3719
Epoch 2 Loss: 0.3241
Epoch 3 Loss: 0.3046
Epoch 4 Loss: 0.2614
[Server] Global Inference Model Acc (MNIST) (Round 22): 86.74% (Tested on 9095 samples)
[Server] Global Inference Model Acc (EMNIST) (Round 22): 65.43% (Tested on 105779 samples)
[Server] Global Inference Model Acc (CIFAR10) (Round 22): 39.07% (Tested on 9100 samples)
[Server] Global Inference Model Acc (Mix) (Round 22): 65.06% (Tested on 123974 samples)
Selected client ids: [0, 1, 2, 3, 4, 5, 6, 7, 8, 9, 10, 11, 12, 13, 14, 15, 16, 17, 18, 19, 20, 21, 22, 23, 24, 25, 26, 27, 28, 29]
--- Round 23 ---
Client 0 (MNIST) | Target Loss: 0.0000 | DDPM Loss: 0.0086
Client 1 (MNIST) | Target Loss: 0.0000 | DDPM Loss: 0.0084
Client 2 (MNIST) | Target Loss: 0.0000 | DDPM Loss: 0.0086
Client 3 (MNIST) | Target Loss: 0.0000 | DDPM Loss: 0.0085
Client 4 (MNIST) | Target Loss: 0.0000 | DDPM Loss: 0.0084
Client 5 (MNIST) | Target Loss: 0.0000 | DDPM Loss: 0.0085
Client 6 (MNIST) | Target Loss: 0.0000 | DDPM Loss: 0.0090
Client 7 (MNIST) | Target Loss: 0.0000 | DDPM Loss: 0.0084
Client 8 (MNIST) | Target Loss: 0.0000 | DDPM Loss: 0.0082
Client 9 (MNIST) | Target Loss: 0.0000 | DDPM Loss: 0.0086
Client 11 (EMNIST) | Target Loss: 0.0000 | DDPM Loss: 0.0069
Client 12 (EMNIST) | Target Loss: 0.0000 | DDPM Loss: 0.0069
Client 13 (EMNIST) | Target Loss: 0.0000 | DDPM Loss: 0.0069
Client 14 (EMNIST) | Target Loss: 0.0000 | DDPM Loss: 0.0069
Client 15 (EMNIST) | Target Loss: 0.0000 | DDPM Loss: 0.0069
Client 16 (EMNIST) | Target Loss: 0.0000 | DDPM Loss: 0.0069
Client 17 (EMNIST) | Target Loss: 0.0000 | DDPM Loss: 0.0069
Client 18 (EMNIST) | Target Loss: 0.0000 | DDPM Loss: 0.0069
Client 19 (EMNIST) | Target Loss: 0.0000 | DDPM Loss: 0.0069
Client 20 (EMNIST) | Target Loss: 0.0000 | DDPM Loss: 0.0070
Client 22 (CIFAR10) | Target Loss: 0.0000 | DDPM Loss: 0.0328
Client 23 (CIFAR10) | Target Loss: 0.0000 | DDPM Loss: 0.0343
Client 24 (CIFAR10) | Target Loss: 0.0000 | DDPM Loss: 0.0333
Client 25 (CIFAR10) | Target Loss: 0.0000 | DDPM Loss: 0.0332
Client 26 (CIFAR10) | Target Loss: 0.0000 | DDPM Loss: 0.0331
Client 27 (CIFAR10) | Target Loss: 0.0000 | DDPM Loss: 0.0334
Client 28 (CIFAR10) | Target Loss: 0.0000 | DDPM Loss: 0.0331
Client 29 (CIFAR10) | Target Loss: 0.0000 | DDPM Loss: 0.0343
Client 30 (CIFAR10) | Target Loss: 0.0000 | DDPM Loss: 0.0339
Client 31 (CIFAR10) | Target Loss: 0.0000 | DDPM Loss: 0.0335
Epoch 0 Loss: 0.4053
Epoch 1 Loss: 0.3236
Epoch 2 Loss: 0.2799
Epoch 3 Loss: 0.2486
Epoch 4 Loss: 0.2469
[Server] Global Inference Model Acc (MNIST) (Round 23): 88.80% (Tested on 9095 samples)
[Server] Global Inference Model Acc (EMNIST) (Round 23): 63.96% (Tested on 105779 samples)
[Server] Global Inference Model Acc (CIFAR10) (Round 23): 42.59% (Tested on 9100 samples)
[Server] Global Inference Model Acc (Mix) (Round 23): 64.21% (Tested on 123974 samples)
Selected client ids: [0, 1, 2, 3, 4, 5, 6, 7, 8, 9, 10, 11, 12, 13, 14, 15, 16, 17, 18, 19, 20, 21, 22, 23, 24, 25, 26, 27, 28, 29]
--- Round 24 ---
Client 0 (MNIST) | Target Loss: 0.0000 | DDPM Loss: 0.0083
Client 1 (MNIST) | Target Loss: 0.0000 | DDPM Loss: 0.0086
Client 2 (MNIST) | Target Loss: 0.0000 | DDPM Loss: 0.0086
Client 3 (MNIST) | Target Loss: 0.0000 | DDPM Loss: 0.0087
Client 4 (MNIST) | Target Loss: 0.0000 | DDPM Loss: 0.0086
Client 5 (MNIST) | Target Loss: 0.0000 | DDPM Loss: 0.0082
Client 6 (MNIST) | Target Loss: 0.0000 | DDPM Loss: 0.0084
Client 7 (MNIST) | Target Loss: 0.0000 | DDPM Loss: 0.0084
Client 8 (MNIST) | Target Loss: 0.0000 | DDPM Loss: 0.0088
Client 9 (MNIST) | Target Loss: 0.0000 | DDPM Loss: 0.0084
Client 11 (EMNIST) | Target Loss: 0.0000 | DDPM Loss: 0.0069
Client 12 (EMNIST) | Target Loss: 0.0000 | DDPM Loss: 0.0068
Client 13 (EMNIST) | Target Loss: 0.0000 | DDPM Loss: 0.0069
Client 14 (EMNIST) | Target Loss: 0.0000 | DDPM Loss: 0.0069
Client 15 (EMNIST) | Target Loss: 0.0000 | DDPM Loss: 0.0069
Client 16 (EMNIST) | Target Loss: 0.0000 | DDPM Loss: 0.0069
Client 17 (EMNIST) | Target Loss: 0.0000 | DDPM Loss: 0.0069
Client 18 (EMNIST) | Target Loss: 0.0000 | DDPM Loss: 0.0069
Client 19 (EMNIST) | Target Loss: 0.0000 | DDPM Loss: 0.0069
Client 20 (EMNIST) | Target Loss: 0.0000 | DDPM Loss: 0.0069
Client 22 (CIFAR10) | Target Loss: 0.0000 | DDPM Loss: 0.0332
Client 23 (CIFAR10) | Target Loss: 0.0000 | DDPM Loss: 0.0350
Client 24 (CIFAR10) | Target Loss: 0.0000 | DDPM Loss: 0.0341
Client 25 (CIFAR10) | Target Loss: 0.0000 | DDPM Loss: 0.0341
Client 26 (CIFAR10) | Target Loss: 0.0000 | DDPM Loss: 0.0331
Client 27 (CIFAR10) | Target Loss: 0.0000 | DDPM Loss: 0.0337
Client 28 (CIFAR10) | Target Loss: 0.0000 | DDPM Loss: 0.0340
Client 29 (CIFAR10) | Target Loss: 0.0000 | DDPM Loss: 0.0342
Client 30 (CIFAR10) | Target Loss: 0.0000 | DDPM Loss: 0.0335
Client 31 (CIFAR10) | Target Loss: 0.0000 | DDPM Loss: 0.0342
Epoch 0 Loss: 0.3891
Epoch 1 Loss: 0.3126
Epoch 2 Loss: 0.2528
Epoch 3 Loss: 0.2257
Epoch 4 Loss: 0.2353
[Server] Global Inference Model Acc (MNIST) (Round 24): 87.00% (Tested on 9095 samples)
[Server] Global Inference Model Acc (EMNIST) (Round 24): 64.72% (Tested on 105779 samples)
[Server] Global Inference Model Acc (CIFAR10) (Round 24): 41.63% (Tested on 9100 samples)
[Server] Global Inference Model Acc (Mix) (Round 24): 64.66% (Tested on 123974 samples)
Selected client ids: [0, 1, 2, 3, 4, 5, 6, 7, 8, 9, 10, 11, 12, 13, 14, 15, 16, 17, 18, 19, 20, 21, 22, 23, 24, 25, 26, 27, 28, 29]
--- Round 25 ---
Client 0 (MNIST) | Target Loss: 0.0000 | DDPM Loss: 0.0084
Client 1 (MNIST) | Target Loss: 0.0000 | DDPM Loss: 0.0083
Client 2 (MNIST) | Target Loss: 0.0000 | DDPM Loss: 0.0083
Client 3 (MNIST) | Target Loss: 0.0000 | DDPM Loss: 0.0083
Client 4 (MNIST) | Target Loss: 0.0000 | DDPM Loss: 0.0085
Client 5 (MNIST) | Target Loss: 0.0000 | DDPM Loss: 0.0084
Client 6 (MNIST) | Target Loss: 0.0000 | DDPM Loss: 0.0083
Client 7 (MNIST) | Target Loss: 0.0000 | DDPM Loss: 0.0083
Client 8 (MNIST) | Target Loss: 0.0000 | DDPM Loss: 0.0084
Client 9 (MNIST) | Target Loss: 0.0000 | DDPM Loss: 0.0084
Client 11 (EMNIST) | Target Loss: 0.0000 | DDPM Loss: 0.0069
Client 12 (EMNIST) | Target Loss: 0.0000 | DDPM Loss: 0.0068
Client 13 (EMNIST) | Target Loss: 0.0000 | DDPM Loss: 0.0068
Client 14 (EMNIST) | Target Loss: 0.0000 | DDPM Loss: 0.0069
Client 15 (EMNIST) | Target Loss: 0.0000 | DDPM Loss: 0.0068
Client 16 (EMNIST) | Target Loss: 0.0000 | DDPM Loss: 0.0068
Client 17 (EMNIST) | Target Loss: 0.0000 | DDPM Loss: 0.0068
Client 18 (EMNIST) | Target Loss: 0.0000 | DDPM Loss: 0.0069
Client 19 (EMNIST) | Target Loss: 0.0000 | DDPM Loss: 0.0068
Client 20 (EMNIST) | Target Loss: 0.0000 | DDPM Loss: 0.0069
Client 22 (CIFAR10) | Target Loss: 0.0000 | DDPM Loss: 0.0323
Client 23 (CIFAR10) | Target Loss: 0.0000 | DDPM Loss: 0.0346
Client 24 (CIFAR10) | Target Loss: 0.0000 | DDPM Loss: 0.0336
Client 25 (CIFAR10) | Target Loss: 0.0000 | DDPM Loss: 0.0333
Client 26 (CIFAR10) | Target Loss: 0.0000 | DDPM Loss: 0.0330
Client 27 (CIFAR10) | Target Loss: 0.0000 | DDPM Loss: 0.0337
Client 28 (CIFAR10) | Target Loss: 0.0000 | DDPM Loss: 0.0331
Client 29 (CIFAR10) | Target Loss: 0.0000 | DDPM Loss: 0.0345
Client 30 (CIFAR10) | Target Loss: 0.0000 | DDPM Loss: 0.0329
Client 31 (CIFAR10) | Target Loss: 0.0000 | DDPM Loss: 0.0329
Epoch 0 Loss: 0.3611
Epoch 1 Loss: 0.2805
Epoch 2 Loss: 0.2420
Epoch 3 Loss: 0.2118
Epoch 4 Loss: 0.1951
[Server] Global Inference Model Acc (MNIST) (Round 25): 89.04% (Tested on 9095 samples)
[Server] Global Inference Model Acc (EMNIST) (Round 25): 66.29% (Tested on 105779 samples)
[Server] Global Inference Model Acc (CIFAR10) (Round 25): 44.80% (Tested on 9100 samples)
[Server] Global Inference Model Acc (Mix) (Round 25): 66.38% (Tested on 123974 samples)
Selected client ids: [0, 1, 2, 3, 4, 5, 6, 7, 8, 9, 10, 11, 12, 13, 14, 15, 16, 17, 18, 19, 20, 21, 22, 23, 24, 25, 26, 27, 28, 29]
--- Round 26 ---
Client 0 (MNIST) | Target Loss: 0.0000 | DDPM Loss: 0.0084
Client 1 (MNIST) | Target Loss: 0.0000 | DDPM Loss: 0.0080
Client 2 (MNIST) | Target Loss: 0.0000 | DDPM Loss: 0.0085
Client 3 (MNIST) | Target Loss: 0.0000 | DDPM Loss: 0.0088
Client 4 (MNIST) | Target Loss: 0.0000 | DDPM Loss: 0.0084
Client 5 (MNIST) | Target Loss: 0.0000 | DDPM Loss: 0.0081
Client 6 (MNIST) | Target Loss: 0.0000 | DDPM Loss: 0.0083
Client 7 (MNIST) | Target Loss: 0.0000 | DDPM Loss: 0.0081
Client 8 (MNIST) | Target Loss: 0.0000 | DDPM Loss: 0.0086
Client 9 (MNIST) | Target Loss: 0.0000 | DDPM Loss: 0.0082
Client 11 (EMNIST) | Target Loss: 0.0000 | DDPM Loss: 0.0068
Client 12 (EMNIST) | Target Loss: 0.0000 | DDPM Loss: 0.0068
Client 13 (EMNIST) | Target Loss: 0.0000 | DDPM Loss: 0.0068
Client 14 (EMNIST) | Target Loss: 0.0000 | DDPM Loss: 0.0068
Client 15 (EMNIST) | Target Loss: 0.0000 | DDPM Loss: 0.0068
Client 16 (EMNIST) | Target Loss: 0.0000 | DDPM Loss: 0.0068
Client 17 (EMNIST) | Target Loss: 0.0000 | DDPM Loss: 0.0068
Client 18 (EMNIST) | Target Loss: 0.0000 | DDPM Loss: 0.0068
Client 19 (EMNIST) | Target Loss: 0.0000 | DDPM Loss: 0.0068
Client 20 (EMNIST) | Target Loss: 0.0000 | DDPM Loss: 0.0069
Client 22 (CIFAR10) | Target Loss: 0.0000 | DDPM Loss: 0.0335
Client 23 (CIFAR10) | Target Loss: 0.0000 | DDPM Loss: 0.0335
Client 24 (CIFAR10) | Target Loss: 0.0000 | DDPM Loss: 0.0330
Client 25 (CIFAR10) | Target Loss: 0.0000 | DDPM Loss: 0.0331
Client 26 (CIFAR10) | Target Loss: 0.0000 | DDPM Loss: 0.0331
Client 27 (CIFAR10) | Target Loss: 0.0000 | DDPM Loss: 0.0335
Client 28 (CIFAR10) | Target Loss: 0.0000 | DDPM Loss: 0.0331
Client 29 (CIFAR10) | Target Loss: 0.0000 | DDPM Loss: 0.0341
Client 30 (CIFAR10) | Target Loss: 0.0000 | DDPM Loss: 0.0340
Client 31 (CIFAR10) | Target Loss: 0.0000 | DDPM Loss: 0.0330
Epoch 0 Loss: 0.3810
Epoch 1 Loss: 0.2823
Epoch 2 Loss: 0.2518
Epoch 3 Loss: 0.2111
Epoch 4 Loss: 0.1889
[Server] Global Inference Model Acc (MNIST) (Round 26): 88.26% (Tested on 9095 samples)
[Server] Global Inference Model Acc (EMNIST) (Round 26): 70.17% (Tested on 105779 samples)
[Server] Global Inference Model Acc (CIFAR10) (Round 26): 45.30% (Tested on 9100 samples)
[Server] Global Inference Model Acc (Mix) (Round 26): 69.67% (Tested on 123974 samples)
Selected client ids: [0, 1, 2, 3, 4, 5, 6, 7, 8, 9, 10, 11, 12, 13, 14, 15, 16, 17, 18, 19, 20, 21, 22, 23, 24, 25, 26, 27, 28, 29]
--- Round 27 ---
Client 0 (MNIST) | Target Loss: 0.0000 | DDPM Loss: 0.0085
Client 1 (MNIST) | Target Loss: 0.0000 | DDPM Loss: 0.0081
Client 2 (MNIST) | Target Loss: 0.0000 | DDPM Loss: 0.0082
Client 3 (MNIST) | Target Loss: 0.0000 | DDPM Loss: 0.0082
Client 4 (MNIST) | Target Loss: 0.0000 | DDPM Loss: 0.0081
Client 5 (MNIST) | Target Loss: 0.0000 | DDPM Loss: 0.0085
Client 6 (MNIST) | Target Loss: 0.0000 | DDPM Loss: 0.0084
Client 7 (MNIST) | Target Loss: 0.0000 | DDPM Loss: 0.0084
Client 8 (MNIST) | Target Loss: 0.0000 | DDPM Loss: 0.0083
Client 9 (MNIST) | Target Loss: 0.0000 | DDPM Loss: 0.0083
Client 11 (EMNIST) | Target Loss: 0.0000 | DDPM Loss: 0.0068
Client 12 (EMNIST) | Target Loss: 0.0000 | DDPM Loss: 0.0067
Client 13 (EMNIST) | Target Loss: 0.0000 | DDPM Loss: 0.0068
Client 14 (EMNIST) | Target Loss: 0.0000 | DDPM Loss: 0.0068
Client 15 (EMNIST) | Target Loss: 0.0000 | DDPM Loss: 0.0068
Client 16 (EMNIST) | Target Loss: 0.0000 | DDPM Loss: 0.0067
Client 17 (EMNIST) | Target Loss: 0.0000 | DDPM Loss: 0.0068
Client 18 (EMNIST) | Target Loss: 0.0000 | DDPM Loss: 0.0067
Client 19 (EMNIST) | Target Loss: 0.0000 | DDPM Loss: 0.0068
Client 20 (EMNIST) | Target Loss: 0.0000 | DDPM Loss: 0.0068
Client 22 (CIFAR10) | Target Loss: 0.0000 | DDPM Loss: 0.0326
Client 23 (CIFAR10) | Target Loss: 0.0000 | DDPM Loss: 0.0339
Client 24 (CIFAR10) | Target Loss: 0.0000 | DDPM Loss: 0.0328
Client 25 (CIFAR10) | Target Loss: 0.0000 | DDPM Loss: 0.0333
Client 26 (CIFAR10) | Target Loss: 0.0000 | DDPM Loss: 0.0332
Client 27 (CIFAR10) | Target Loss: 0.0000 | DDPM Loss: 0.0329
Client 28 (CIFAR10) | Target Loss: 0.0000 | DDPM Loss: 0.0328
Client 29 (CIFAR10) | Target Loss: 0.0000 | DDPM Loss: 0.0337
Client 30 (CIFAR10) | Target Loss: 0.0000 | DDPM Loss: 0.0337
Client 31 (CIFAR10) | Target Loss: 0.0000 | DDPM Loss: 0.0346
Epoch 0 Loss: 0.3817
Epoch 1 Loss: 0.2707
Epoch 2 Loss: 0.2189
Epoch 3 Loss: 0.2063
Epoch 4 Loss: 0.1763
[Server] Global Inference Model Acc (MNIST) (Round 27): 83.44% (Tested on 9095 samples)
[Server] Global Inference Model Acc (EMNIST) (Round 27): 66.56% (Tested on 105779 samples)
[Server] Global Inference Model Acc (CIFAR10) (Round 27): 45.84% (Tested on 9100 samples)
[Server] Global Inference Model Acc (Mix) (Round 27): 66.28% (Tested on 123974 samples)
Selected client ids: [0, 1, 2, 3, 4, 5, 6, 7, 8, 9, 10, 11, 12, 13, 14, 15, 16, 17, 18, 19, 20, 21, 22, 23, 24, 25, 26, 27, 28, 29]
--- Round 28 ---
Client 0 (MNIST) | Target Loss: 0.0000 | DDPM Loss: 0.0085
Client 1 (MNIST) | Target Loss: 0.0000 | DDPM Loss: 0.0082
Client 2 (MNIST) | Target Loss: 0.0000 | DDPM Loss: 0.0083
Client 3 (MNIST) | Target Loss: 0.0000 | DDPM Loss: 0.0082
Client 4 (MNIST) | Target Loss: 0.0000 | DDPM Loss: 0.0083
Client 5 (MNIST) | Target Loss: 0.0000 | DDPM Loss: 0.0081
Client 6 (MNIST) | Target Loss: 0.0000 | DDPM Loss: 0.0081
Client 7 (MNIST) | Target Loss: 0.0000 | DDPM Loss: 0.0082
Client 8 (MNIST) | Target Loss: 0.0000 | DDPM Loss: 0.0085
Client 9 (MNIST) | Target Loss: 0.0000 | DDPM Loss: 0.0082
Client 11 (EMNIST) | Target Loss: 0.0000 | DDPM Loss: 0.0068
Client 12 (EMNIST) | Target Loss: 0.0000 | DDPM Loss: 0.0067
Client 13 (EMNIST) | Target Loss: 0.0000 | DDPM Loss: 0.0068
Client 14 (EMNIST) | Target Loss: 0.0000 | DDPM Loss: 0.0067
Client 15 (EMNIST) | Target Loss: 0.0000 | DDPM Loss: 0.0067
Client 16 (EMNIST) | Target Loss: 0.0000 | DDPM Loss: 0.0068
Client 17 (EMNIST) | Target Loss: 0.0000 | DDPM Loss: 0.0067
Client 18 (EMNIST) | Target Loss: 0.0000 | DDPM Loss: 0.0067
Client 19 (EMNIST) | Target Loss: 0.0000 | DDPM Loss: 0.0067
Client 20 (EMNIST) | Target Loss: 0.0000 | DDPM Loss: 0.0068
Client 22 (CIFAR10) | Target Loss: 0.0000 | DDPM Loss: 0.0331
Client 23 (CIFAR10) | Target Loss: 0.0000 | DDPM Loss: 0.0341
Client 24 (CIFAR10) | Target Loss: 0.0000 | DDPM Loss: 0.0335
Client 25 (CIFAR10) | Target Loss: 0.0000 | DDPM Loss: 0.0334
Client 26 (CIFAR10) | Target Loss: 0.0000 | DDPM Loss: 0.0332
Client 27 (CIFAR10) | Target Loss: 0.0000 | DDPM Loss: 0.0332
Client 28 (CIFAR10) | Target Loss: 0.0000 | DDPM Loss: 0.0328
Client 29 (CIFAR10) | Target Loss: 0.0000 | DDPM Loss: 0.0329
Client 30 (CIFAR10) | Target Loss: 0.0000 | DDPM Loss: 0.0333
Client 31 (CIFAR10) | Target Loss: 0.0000 | DDPM Loss: 0.0342
Epoch 0 Loss: 0.3497
Epoch 1 Loss: 0.2468
Epoch 2 Loss: 0.2277
Epoch 3 Loss: 0.1886
Epoch 4 Loss: 0.1729
[Server] Global Inference Model Acc (MNIST) (Round 28): 90.74% (Tested on 9095 samples)
[Server] Global Inference Model Acc (EMNIST) (Round 28): 66.02% (Tested on 105779 samples)
[Server] Global Inference Model Acc (CIFAR10) (Round 28): 46.77% (Tested on 9100 samples)
[Server] Global Inference Model Acc (Mix) (Round 28): 66.42% (Tested on 123974 samples)
Selected client ids: [0, 1, 2, 3, 4, 5, 6, 7, 8, 9, 10, 11, 12, 13, 14, 15, 16, 17, 18, 19, 20, 21, 22, 23, 24, 25, 26, 27, 28, 29]
--- Round 29 ---
Client 0 (MNIST) | Target Loss: 0.0000 | DDPM Loss: 0.0081
Client 1 (MNIST) | Target Loss: 0.0000 | DDPM Loss: 0.0080
Client 2 (MNIST) | Target Loss: 0.0000 | DDPM Loss: 0.0082
Client 3 (MNIST) | Target Loss: 0.0000 | DDPM Loss: 0.0086
Client 4 (MNIST) | Target Loss: 0.0000 | DDPM Loss: 0.0083
Client 5 (MNIST) | Target Loss: 0.0000 | DDPM Loss: 0.0105
Client 6 (MNIST) | Target Loss: 0.0000 | DDPM Loss: 0.0081
Client 7 (MNIST) | Target Loss: 0.0000 | DDPM Loss: 0.0080
Client 8 (MNIST) | Target Loss: 0.0000 | DDPM Loss: 0.0081
Client 9 (MNIST) | Target Loss: 0.0000 | DDPM Loss: 0.0083
Client 11 (EMNIST) | Target Loss: 0.0000 | DDPM Loss: 0.0067
Client 12 (EMNIST) | Target Loss: 0.0000 | DDPM Loss: 0.0067
Client 13 (EMNIST) | Target Loss: 0.0000 | DDPM Loss: 0.0067
Client 14 (EMNIST) | Target Loss: 0.0000 | DDPM Loss: 0.0067
Client 15 (EMNIST) | Target Loss: 0.0000 | DDPM Loss: 0.0067
Client 16 (EMNIST) | Target Loss: 0.0000 | DDPM Loss: 0.0067
Client 17 (EMNIST) | Target Loss: 0.0000 | DDPM Loss: 0.0067
Client 18 (EMNIST) | Target Loss: 0.0000 | DDPM Loss: 0.0067
Client 19 (EMNIST) | Target Loss: 0.0000 | DDPM Loss: 0.0067
Client 20 (EMNIST) | Target Loss: 0.0000 | DDPM Loss: 0.0067
Client 22 (CIFAR10) | Target Loss: 0.0000 | DDPM Loss: 0.0326
Client 23 (CIFAR10) | Target Loss: 0.0000 | DDPM Loss: 0.0332
Client 24 (CIFAR10) | Target Loss: 0.0000 | DDPM Loss: 0.0329
Client 25 (CIFAR10) | Target Loss: 0.0000 | DDPM Loss: 0.0329
Client 26 (CIFAR10) | Target Loss: 0.0000 | DDPM Loss: 0.0326
Client 27 (CIFAR10) | Target Loss: 0.0000 | DDPM Loss: 0.0330
Client 28 (CIFAR10) | Target Loss: 0.0000 | DDPM Loss: 0.0331
Client 29 (CIFAR10) | Target Loss: 0.0000 | DDPM Loss: 0.0333
Client 30 (CIFAR10) | Target Loss: 0.0000 | DDPM Loss: 0.0338
Client 31 (CIFAR10) | Target Loss: 0.0000 | DDPM Loss: 0.0335
Epoch 0 Loss: 0.3084
Epoch 1 Loss: 0.2238
Epoch 2 Loss: 0.1926
Epoch 3 Loss: 0.1787
Epoch 4 Loss: 0.1592
[Server] Global Inference Model Acc (MNIST) (Round 29): 92.91% (Tested on 9095 samples)
[Server] Global Inference Model Acc (EMNIST) (Round 29): 68.87% (Tested on 105779 samples)
[Server] Global Inference Model Acc (CIFAR10) (Round 29): 46.82% (Tested on 9100 samples)
[Server] Global Inference Model Acc (Mix) (Round 29): 69.01% (Tested on 123974 samples)
Selected client ids: [0, 1, 2, 3, 4, 5, 6, 7, 8, 9, 10, 11, 12, 13, 14, 15, 16, 17, 18, 19, 20, 21, 22, 23, 24, 25, 26, 27, 28, 29]
--- Round 30 ---
Client 0 (MNIST) | Target Loss: 0.0000 | DDPM Loss: 0.0082
Client 1 (MNIST) | Target Loss: 0.0000 | DDPM Loss: 0.0081
Client 2 (MNIST) | Target Loss: 0.0000 | DDPM Loss: 0.0083
Client 3 (MNIST) | Target Loss: 0.0000 | DDPM Loss: 0.0099
Client 4 (MNIST) | Target Loss: 0.0000 | DDPM Loss: 0.0081
Client 5 (MNIST) | Target Loss: 0.0000 | DDPM Loss: 0.0083
Client 6 (MNIST) | Target Loss: 0.0000 | DDPM Loss: 0.0080
Client 7 (MNIST) | Target Loss: 0.0000 | DDPM Loss: 0.0081
Client 8 (MNIST) | Target Loss: 0.0000 | DDPM Loss: 0.0080
Client 9 (MNIST) | Target Loss: 0.0000 | DDPM Loss: 0.0083
Client 11 (EMNIST) | Target Loss: 0.0000 | DDPM Loss: 0.0067
Client 12 (EMNIST) | Target Loss: 0.0000 | DDPM Loss: 0.0067
Client 13 (EMNIST) | Target Loss: 0.0000 | DDPM Loss: 0.0067
Client 14 (EMNIST) | Target Loss: 0.0000 | DDPM Loss: 0.0066
Client 15 (EMNIST) | Target Loss: 0.0000 | DDPM Loss: 0.0067
Client 16 (EMNIST) | Target Loss: 0.0000 | DDPM Loss: 0.0066
Client 17 (EMNIST) | Target Loss: 0.0000 | DDPM Loss: 0.0067
Client 18 (EMNIST) | Target Loss: 0.0000 | DDPM Loss: 0.0067
Client 19 (EMNIST) | Target Loss: 0.0000 | DDPM Loss: 0.0067
Client 20 (EMNIST) | Target Loss: 0.0000 | DDPM Loss: 0.0067
Client 22 (CIFAR10) | Target Loss: 0.0000 | DDPM Loss: 0.0336
Client 23 (CIFAR10) | Target Loss: 0.0000 | DDPM Loss: 0.0339
Client 24 (CIFAR10) | Target Loss: 0.0000 | DDPM Loss: 0.0331
Client 25 (CIFAR10) | Target Loss: 0.0000 | DDPM Loss: 0.0326
Client 26 (CIFAR10) | Target Loss: 0.0000 | DDPM Loss: 0.0337
Client 27 (CIFAR10) | Target Loss: 0.0000 | DDPM Loss: 0.0328
Client 28 (CIFAR10) | Target Loss: 0.0000 | DDPM Loss: 0.0329
Client 29 (CIFAR10) | Target Loss: 0.0000 | DDPM Loss: 0.0336
Client 30 (CIFAR10) | Target Loss: 0.0000 | DDPM Loss: 0.0336
Client 31 (CIFAR10) | Target Loss: 0.0000 | DDPM Loss: 0.0332
Epoch 0 Loss: 0.3360
Epoch 1 Loss: 0.2316
Epoch 2 Loss: 0.1914
Epoch 3 Loss: 0.1823
Epoch 4 Loss: 0.1791
[Server] Global Inference Model Acc (MNIST) (Round 30): 90.03% (Tested on 9095 samples)
[Server] Global Inference Model Acc (EMNIST) (Round 30): 68.49% (Tested on 105779 samples)
[Server] Global Inference Model Acc (CIFAR10) (Round 30): 48.85% (Tested on 9100 samples)
[Server] Global Inference Model Acc (Mix) (Round 30): 68.63% (Tested on 123974 samples)
==============================    Finished. Total Time: 21:40:49    ==============================
