Time: 2026-04-30 14:29:11
Log Dir: /home/unshun/multi-FL/logs/2026-04-29_10-17-12/new_client_2026-04-30_14-29-11/
================================================================================Loading checkpoints from logs/2026-04-29_10-17-12/GeFL_local/
Method selected: real_seperate
Loaded CNN for MNIST from client_model_MNIST_c0_CNN.pth
Loaded CNN for MNIST from client_model_MNIST_c1_CNN.pth
Loaded CNN for EMNIST from client_model_EMNIST_c3_CNN.pth
Loaded CNN for EMNIST from client_model_EMNIST_c4_CNN.pth
WARNING: No models loaded for dataset: CIFAR10.
WARNING: No models loaded for dataset: FashionMNIST.
WARNING: No models loaded for dataset: CIFAR100.
>>> Loaded client data distributions directly from server checkpoint.

========================================
>>> [METHOD: REAL] Starting Real Image Seperate Label Mapping...
========================================

>>> Exp 1 (Real): Real Img + Old Entropy <<<
dynamic_entropy_ratio: 0.9
client_c0_MNIST:'0' -> client_c1_MNIST | Predict: '0' (Ent: 0.00)
  ✅ [Match] client_c0_MNIST:'0' <==> client_c1_MNIST:'0' (Ent: 0.00)
client_c0_MNIST:'1' -> client_c1_MNIST | Predict: '1' (Ent: 0.00)
  ✅ [Match] client_c0_MNIST:'1' <==> client_c1_MNIST:'1' (Ent: 0.00)
client_c0_MNIST:'2' -> client_c1_MNIST | Predict: '2' (Ent: 0.00)
  ✅ [Match] client_c0_MNIST:'2' <==> client_c1_MNIST:'2' (Ent: 0.00)
client_c0_MNIST:'3' -> client_c1_MNIST | Predict: '3' (Ent: 0.08)
  ✅ [Match] client_c0_MNIST:'3' <==> client_c1_MNIST:'3' (Ent: 1.18)
client_c0_MNIST:'4' -> client_c1_MNIST | Predict: '4' (Ent: 0.00)
  ✅ [Match] client_c0_MNIST:'4' <==> client_c1_MNIST:'4' (Ent: 0.00)
client_c0_MNIST:'5' -> client_c1_MNIST | Predict: '5' (Ent: 0.01)
  ✅ [Match] client_c0_MNIST:'5' <==> client_c1_MNIST:'5' (Ent: 0.01)
client_c0_MNIST:'6' -> client_c1_MNIST | Predict: '6' (Ent: 0.00)
  ✅ [Match] client_c0_MNIST:'6' <==> client_c1_MNIST:'6' (Ent: 0.00)
client_c0_MNIST:'7' -> client_c1_MNIST | Predict: '7' (Ent: 0.00)
  ✅ [Match] client_c0_MNIST:'7' <==> client_c1_MNIST:'7' (Ent: 0.00)
client_c0_MNIST:'8' -> client_c1_MNIST | Predict: '8' (Ent: 0.00)
  ✅ [Match] client_c0_MNIST:'8' <==> client_c1_MNIST:'8' (Ent: 0.00)
client_c0_MNIST:'9' -> client_c1_MNIST | Predict: '9' (Ent: 0.00)
  ✅ [Match] client_c0_MNIST:'9' <==> client_c1_MNIST:'9' (Ent: 0.78)
client_c0_MNIST:'0' -> client_c3_EMNIST | Predict: '0' (Ent: 0.82)
  ✅ [Match] client_c0_MNIST:'0' <==> client_c3_EMNIST:'0' (Ent: 0.00)
client_c0_MNIST:'1' -> client_c3_EMNIST | Predict: 'l' (Ent: 0.85)
  ✅ [Match] client_c0_MNIST:'1' <==> client_c3_EMNIST:'l' (Ent: 0.03)
client_c0_MNIST:'2' -> client_c3_EMNIST | Predict: '2' (Ent: 0.70)
  ✅ [Match] client_c0_MNIST:'2' <==> client_c3_EMNIST:'2' (Ent: 0.00)
client_c0_MNIST:'3' -> client_c3_EMNIST | Predict: '3' (Ent: 0.67)
  ✅ [Match] client_c0_MNIST:'3' <==> client_c3_EMNIST:'3' (Ent: 0.14)
client_c0_MNIST:'4' -> client_c3_EMNIST | Predict: '4' (Ent: 0.01)
  ✅ [Match] client_c0_MNIST:'4' <==> client_c3_EMNIST:'4' (Ent: 0.00)
client_c0_MNIST:'5' -> client_c3_EMNIST | Predict: '5' (Ent: 0.12)
  ✅ [Match] client_c0_MNIST:'5' <==> client_c3_EMNIST:'5' (Ent: 0.00)
client_c0_MNIST:'6' -> client_c3_EMNIST | Predict: '6' (Ent: 0.14)
  ✅ [Match] client_c0_MNIST:'6' <==> client_c3_EMNIST:'6' (Ent: 0.00)
client_c0_MNIST:'7' -> client_c3_EMNIST | Predict: '7' (Ent: 0.03)
  ⚠️ [Mismatch] Cycle Back predicted '0' (Expected '7') (Ent: 0.81)
client_c0_MNIST:'8' -> client_c3_EMNIST | Predict: '8' (Ent: 0.00)
  ✅ [Match] client_c0_MNIST:'8' <==> client_c3_EMNIST:'8' (Ent: 0.03)
client_c0_MNIST:'9' -> client_c3_EMNIST | Predict: '9' (Ent: 1.19)
  ✅ [Match] client_c0_MNIST:'9' <==> client_c3_EMNIST:'9' (Ent: 0.40)
client_c0_MNIST:'0' -> client_c4_EMNIST | Predict: '0' (Ent: 0.49)
  ✅ [Match] client_c0_MNIST:'0' <==> client_c4_EMNIST:'0' (Ent: 0.00)
client_c0_MNIST:'1' -> client_c4_EMNIST | Predict: 'l' (Ent: 1.03)
  ✅ [Match] client_c0_MNIST:'1' <==> client_c4_EMNIST:'l' (Ent: 0.03)
client_c0_MNIST:'2' -> client_c4_EMNIST | Predict: '2' (Ent: 0.08)
  ✅ [Match] client_c0_MNIST:'2' <==> client_c4_EMNIST:'2' (Ent: 0.00)
client_c0_MNIST:'3' -> client_c4_EMNIST | Predict: '3' (Ent: 0.73)
  ✅ [Match] client_c0_MNIST:'3' <==> client_c4_EMNIST:'3' (Ent: 0.14)
client_c0_MNIST:'4' -> client_c4_EMNIST | Predict: '4' (Ent: 0.01)
  ✅ [Match] client_c0_MNIST:'4' <==> client_c4_EMNIST:'4' (Ent: 0.00)
client_c0_MNIST:'5' -> client_c4_EMNIST | Predict: '5' (Ent: 0.07)
  ✅ [Match] client_c0_MNIST:'5' <==> client_c4_EMNIST:'5' (Ent: 0.00)
client_c0_MNIST:'6' -> client_c4_EMNIST | Predict: '6' (Ent: 0.21)
  ✅ [Match] client_c0_MNIST:'6' <==> client_c4_EMNIST:'6' (Ent: 0.00)
client_c0_MNIST:'7' -> client_c4_EMNIST | Predict: '7' (Ent: 0.07)
  ⚠️ [Mismatch] Cycle Back predicted '0' (Expected '7') (Ent: 0.81)
client_c0_MNIST:'8' -> client_c4_EMNIST | Predict: '8' (Ent: 0.70)
  ✅ [Match] client_c0_MNIST:'8' <==> client_c4_EMNIST:'8' (Ent: 0.03)
client_c0_MNIST:'9' -> client_c4_EMNIST | Predict: '9' (Ent: 1.01)
  ✅ [Match] client_c0_MNIST:'9' <==> client_c4_EMNIST:'9' (Ent: 0.40)
client_c1_MNIST:'0' -> client_c3_EMNIST | Predict: '0' (Ent: 0.82)
  ✅ [Match] client_c1_MNIST:'0' <==> client_c3_EMNIST:'0' (Ent: 0.00)
client_c1_MNIST:'1' -> client_c3_EMNIST | Predict: 'l' (Ent: 0.85)
  ✅ [Match] client_c1_MNIST:'1' <==> client_c3_EMNIST:'l' (Ent: 0.05)
client_c1_MNIST:'2' -> client_c3_EMNIST | Predict: '2' (Ent: 0.70)
  ✅ [Match] client_c1_MNIST:'2' <==> client_c3_EMNIST:'2' (Ent: 0.00)
client_c1_MNIST:'3' -> client_c3_EMNIST | Predict: '3' (Ent: 0.67)
  ✅ [Match] client_c1_MNIST:'3' <==> client_c3_EMNIST:'3' (Ent: 0.00)
client_c1_MNIST:'4' -> client_c3_EMNIST | Predict: '4' (Ent: 0.01)
  ✅ [Match] client_c1_MNIST:'4' <==> client_c3_EMNIST:'4' (Ent: 0.00)
client_c1_MNIST:'5' -> client_c3_EMNIST | Predict: '5' (Ent: 0.12)
  ✅ [Match] client_c1_MNIST:'5' <==> client_c3_EMNIST:'5' (Ent: 0.00)
client_c1_MNIST:'6' -> client_c3_EMNIST | Predict: '6' (Ent: 0.14)
  ✅ [Match] client_c1_MNIST:'6' <==> client_c3_EMNIST:'6' (Ent: 0.11)
client_c1_MNIST:'7' -> client_c3_EMNIST | Predict: '7' (Ent: 0.03)
  ✅ [Match] client_c1_MNIST:'7' <==> client_c3_EMNIST:'7' (Ent: 0.00)
client_c1_MNIST:'8' -> client_c3_EMNIST | Predict: '8' (Ent: 0.00)
  ✅ [Match] client_c1_MNIST:'8' <==> client_c3_EMNIST:'8' (Ent: 0.00)
client_c1_MNIST:'9' -> client_c3_EMNIST | Predict: '9' (Ent: 1.19)
  ✅ [Match] client_c1_MNIST:'9' <==> client_c3_EMNIST:'9' (Ent: 0.00)
client_c1_MNIST:'0' -> client_c4_EMNIST | Predict: '0' (Ent: 0.49)
  ✅ [Match] client_c1_MNIST:'0' <==> client_c4_EMNIST:'0' (Ent: 0.00)
client_c1_MNIST:'1' -> client_c4_EMNIST | Predict: 'l' (Ent: 1.03)
  ✅ [Match] client_c1_MNIST:'1' <==> client_c4_EMNIST:'l' (Ent: 0.05)
client_c1_MNIST:'2' -> client_c4_EMNIST | Predict: '2' (Ent: 0.08)
  ✅ [Match] client_c1_MNIST:'2' <==> client_c4_EMNIST:'2' (Ent: 0.00)
client_c1_MNIST:'3' -> client_c4_EMNIST | Predict: '3' (Ent: 0.73)
  ✅ [Match] client_c1_MNIST:'3' <==> client_c4_EMNIST:'3' (Ent: 0.00)
client_c1_MNIST:'4' -> client_c4_EMNIST | Predict: '4' (Ent: 0.01)
  ✅ [Match] client_c1_MNIST:'4' <==> client_c4_EMNIST:'4' (Ent: 0.00)
client_c1_MNIST:'5' -> client_c4_EMNIST | Predict: '5' (Ent: 0.07)
  ✅ [Match] client_c1_MNIST:'5' <==> client_c4_EMNIST:'5' (Ent: 0.00)
client_c1_MNIST:'6' -> client_c4_EMNIST | Predict: '6' (Ent: 0.21)
  ✅ [Match] client_c1_MNIST:'6' <==> client_c4_EMNIST:'6' (Ent: 0.11)
client_c1_MNIST:'7' -> client_c4_EMNIST | Predict: '7' (Ent: 0.07)
  ✅ [Match] client_c1_MNIST:'7' <==> client_c4_EMNIST:'7' (Ent: 0.00)
client_c1_MNIST:'8' -> client_c4_EMNIST | Predict: '8' (Ent: 0.70)
  ✅ [Match] client_c1_MNIST:'8' <==> client_c4_EMNIST:'8' (Ent: 0.00)
client_c1_MNIST:'9' -> client_c4_EMNIST | Predict: '9' (Ent: 1.01)
  ✅ [Match] client_c1_MNIST:'9' <==> client_c4_EMNIST:'9' (Ent: 0.00)
client_c3_EMNIST:'1' -> client_c0_MNIST | Predict: '1' (Ent: 0.01)
  ⚠️ [Mismatch] Cycle Back predicted 'l' (Expected '1') (Ent: 0.85)
client_c3_EMNIST:'A' -> client_c0_MNIST | Predict: '4' (Ent: 0.07)
  ⚠️ [Mismatch] Cycle Back predicted '4' (Expected 'A') (Ent: 0.01)
client_c3_EMNIST:'B' -> client_c0_MNIST | Predict: '8' (Ent: 0.70)
  ⚠️ [Mismatch] Cycle Back predicted '8' (Expected 'B') (Ent: 0.00)
client_c3_EMNIST:'C' -> client_c0_MNIST | Predict: '0' (Ent: 0.70)
  ⚠️ [Mismatch] Cycle Back predicted '0' (Expected 'C') (Ent: 0.82)
client_c3_EMNIST:'D' -> client_c0_MNIST | Predict: '0' (Ent: 0.00)
  ⚠️ [Mismatch] Cycle Back predicted '0' (Expected 'D') (Ent: 0.82)
client_c3_EMNIST:'E' -> client_c0_MNIST | Predict: '6' (Ent: 0.55)
  ⚠️ [Mismatch] Cycle Back predicted '6' (Expected 'E') (Ent: 0.14)
client_c3_EMNIST:'F' -> client_c0_MNIST | Predict: '4' (Ent: 1.22)
  ⚠️ [Mismatch] Cycle Back predicted '4' (Expected 'F') (Ent: 0.01)
client_c3_EMNIST:'G' -> client_c0_MNIST | Predict: '6' (Ent: 0.59)
  ⚠️ [Mismatch] Cycle Back predicted '6' (Expected 'G') (Ent: 0.14)
client_c3_EMNIST:'H' -> client_c0_MNIST | Predict: '4' (Ent: 0.01)
  ⚠️ [Mismatch] Cycle Back predicted '4' (Expected 'H') (Ent: 0.01)
client_c3_EMNIST:'I' -> client_c0_MNIST | Predict: '1' (Ent: 0.00)
  ⚠️ [Mismatch] Cycle Back predicted 'l' (Expected 'I') (Ent: 0.85)
client_c3_EMNIST:'J' -> client_c0_MNIST | Predict: '5' (Ent: 0.69)
  ⚠️ [Mismatch] Cycle Back predicted '5' (Expected 'J') (Ent: 0.12)
client_c3_EMNIST:'K' -> client_c0_MNIST | Predict: '6' (Ent: 0.82)
  ⚠️ [Mismatch] Cycle Back predicted '6' (Expected 'K') (Ent: 0.14)
client_c3_EMNIST:'L' -> client_c0_MNIST | Predict: '6' (Ent: 1.14)
  ⚠️ [Mismatch] Cycle Back predicted '6' (Expected 'L') (Ent: 0.14)
client_c3_EMNIST:'M' -> client_c0_MNIST | Predict: '0' (Ent: 0.58)
  ⚠️ [Mismatch] Cycle Back predicted '0' (Expected 'M') (Ent: 0.82)
client_c3_EMNIST:'N' -> client_c0_MNIST | Predict: '0' (Ent: 0.45)
  ⚠️ [Mismatch] Cycle Back predicted '0' (Expected 'N') (Ent: 0.82)
client_c3_EMNIST:'O' -> client_c0_MNIST | Predict: '0' (Ent: 0.00)
  ⚠️ [Mismatch] Cycle Back predicted '0' (Expected 'O') (Ent: 0.82)
client_c3_EMNIST:'P' -> client_c0_MNIST | Predict: '0' (Ent: 0.96)
  ⚠️ [Mismatch] Cycle Back predicted '0' (Expected 'P') (Ent: 0.82)
client_c3_EMNIST:'Q' -> client_c0_MNIST | Predict: '2' (Ent: 0.94)
  ⚠️ [Mismatch] Cycle Back predicted '2' (Expected 'Q') (Ent: 0.70)
client_c3_EMNIST:'R' -> client_c0_MNIST | Predict: '8' (Ent: 0.87)
  ⚠️ [Mismatch] Cycle Back predicted '8' (Expected 'R') (Ent: 0.00)
client_c3_EMNIST:'S' -> client_c0_MNIST | Predict: '6' (Ent: 0.68)
  ⚠️ [Mismatch] Cycle Back predicted '6' (Expected 'S') (Ent: 0.14)
client_c3_EMNIST:'T' -> client_c0_MNIST | Predict: '0' (Ent: 1.04)
  ⚠️ [Mismatch] Cycle Back predicted '0' (Expected 'T') (Ent: 0.82)
client_c3_EMNIST:'U' -> client_c0_MNIST | Predict: '0' (Ent: 0.01)
  ⚠️ [Mismatch] Cycle Back predicted '0' (Expected 'U') (Ent: 0.82)
client_c3_EMNIST:'V' -> client_c0_MNIST | Predict: '4' (Ent: 1.01)
  ⚠️ [Mismatch] Cycle Back predicted '4' (Expected 'V') (Ent: 0.01)
client_c3_EMNIST:'W' -> client_c0_MNIST | Predict: '0' (Ent: 0.09)
  ⚠️ [Mismatch] Cycle Back predicted '0' (Expected 'W') (Ent: 0.82)
client_c3_EMNIST:'X' -> client_c0_MNIST | Predict: '4' (Ent: 0.83)
  ⚠️ [Mismatch] Cycle Back predicted '4' (Expected 'X') (Ent: 0.01)
client_c3_EMNIST:'Y' -> client_c0_MNIST | Predict: '4' (Ent: 0.93)
  ⚠️ [Mismatch] Cycle Back predicted '4' (Expected 'Y') (Ent: 0.01)
client_c3_EMNIST:'Z' -> client_c0_MNIST | Predict: '2' (Ent: 0.02)
  ⚠️ [Mismatch] Cycle Back predicted '2' (Expected 'Z') (Ent: 0.70)
client_c3_EMNIST:'a' -> client_c0_MNIST | Predict: '0' (Ent: 0.11)
  ⚠️ [Mismatch] Cycle Back predicted '0' (Expected 'a') (Ent: 0.82)
client_c3_EMNIST:'b' -> client_c0_MNIST | Predict: '6' (Ent: 0.16)
  ⚠️ [Mismatch] Cycle Back predicted '6' (Expected 'b') (Ent: 0.14)
client_c3_EMNIST:'c' -> client_c0_MNIST | Predict: '0' (Ent: 0.67)
  ⚠️ [Mismatch] Cycle Back predicted '0' (Expected 'c') (Ent: 0.82)
client_c3_EMNIST:'d' -> client_c0_MNIST | Predict: '4' (Ent: 0.85)
  ⚠️ [Mismatch] Cycle Back predicted '4' (Expected 'd') (Ent: 0.01)
client_c3_EMNIST:'e' -> client_c0_MNIST | Predict: '6' (Ent: 0.68)
  ⚠️ [Mismatch] Cycle Back predicted '6' (Expected 'e') (Ent: 0.14)
client_c3_EMNIST:'f' -> client_c0_MNIST | Predict: '4' (Ent: 1.19)
  ⚠️ [Mismatch] Cycle Back predicted '4' (Expected 'f') (Ent: 0.01)
client_c3_EMNIST:'g' -> client_c0_MNIST | Predict: '0' (Ent: 0.23)
  ⚠️ [Mismatch] Cycle Back predicted '0' (Expected 'g') (Ent: 0.82)
client_c3_EMNIST:'h' -> client_c0_MNIST | Predict: '6' (Ent: 0.43)
  ⚠️ [Mismatch] Cycle Back predicted '6' (Expected 'h') (Ent: 0.14)
client_c3_EMNIST:'i' -> client_c0_MNIST | Predict: '1' (Ent: 0.03)
  ⚠️ [Mismatch] Cycle Back predicted 'l' (Expected 'i') (Ent: 0.85)
client_c3_EMNIST:'j' -> client_c0_MNIST | Predict: '0' (Ent: 0.01)
  ⚠️ [Mismatch] Cycle Back predicted '0' (Expected 'j') (Ent: 0.82)
client_c3_EMNIST:'k' -> client_c0_MNIST | Predict: '6' (Ent: 0.00)
  ⚠️ [Mismatch] Cycle Back predicted '6' (Expected 'k') (Ent: 0.14)
client_c3_EMNIST:'m' -> client_c0_MNIST | Predict: '0' (Ent: 1.16)
  ⚠️ [Mismatch] Cycle Back predicted '0' (Expected 'm') (Ent: 0.82)
client_c3_EMNIST:'n' -> client_c0_MNIST | Predict: '0' (Ent: 0.33)
  ⚠️ [Mismatch] Cycle Back predicted '0' (Expected 'n') (Ent: 0.82)
client_c3_EMNIST:'o' -> client_c0_MNIST | Predict: '0' (Ent: 0.00)
  ⚠️ [Mismatch] Cycle Back predicted '0' (Expected 'o') (Ent: 0.82)
client_c3_EMNIST:'p' -> client_c0_MNIST | Predict: '0' (Ent: 0.19)
  ⚠️ [Mismatch] Cycle Back predicted '0' (Expected 'p') (Ent: 0.82)
client_c3_EMNIST:'q' -> client_c0_MNIST | Predict: '6' (Ent: 1.15)
  ⚠️ [Mismatch] Cycle Back predicted '6' (Expected 'q') (Ent: 0.14)
client_c3_EMNIST:'r' -> client_c0_MNIST | Predict: '0' (Ent: 0.83)
  ⚠️ [Mismatch] Cycle Back predicted '0' (Expected 'r') (Ent: 0.82)
client_c3_EMNIST:'s' -> client_c0_MNIST | Predict: '5' (Ent: 0.79)
  ⚠️ [Mismatch] Cycle Back predicted '5' (Expected 's') (Ent: 0.12)
client_c3_EMNIST:'t' -> client_c0_MNIST | Predict: '8' (Ent: 1.00)
  ⚠️ [Mismatch] Cycle Back predicted '8' (Expected 't') (Ent: 0.00)
client_c3_EMNIST:'u' -> client_c0_MNIST | Predict: '0' (Ent: 0.83)
  ⚠️ [Mismatch] Cycle Back predicted '0' (Expected 'u') (Ent: 0.82)
client_c3_EMNIST:'v' -> client_c0_MNIST | Predict: '0' (Ent: 0.79)
  ⚠️ [Mismatch] Cycle Back predicted '0' (Expected 'v') (Ent: 0.82)
client_c3_EMNIST:'w' -> client_c0_MNIST | Predict: '4' (Ent: 0.74)
  ⚠️ [Mismatch] Cycle Back predicted '4' (Expected 'w') (Ent: 0.01)
client_c3_EMNIST:'x' -> client_c0_MNIST | Predict: '0' (Ent: 0.46)
  ⚠️ [Mismatch] Cycle Back predicted '0' (Expected 'x') (Ent: 0.82)
client_c3_EMNIST:'y' -> client_c0_MNIST | Predict: '0' (Ent: 1.03)
  ⚠️ [Mismatch] Cycle Back predicted '0' (Expected 'y') (Ent: 0.82)
client_c3_EMNIST:'z' -> client_c0_MNIST | Predict: '2' (Ent: 0.82)
  ⚠️ [Mismatch] Cycle Back predicted '2' (Expected 'z') (Ent: 0.70)
client_c3_EMNIST:'1' -> client_c1_MNIST | Predict: '1' (Ent: 0.00)
  ⚠️ [Mismatch] Cycle Back predicted 'l' (Expected '1') (Ent: 0.85)
client_c3_EMNIST:'A' -> client_c1_MNIST | Predict: '4' (Ent: 0.01)
  ⚠️ [Mismatch] Cycle Back predicted '4' (Expected 'A') (Ent: 0.01)
client_c3_EMNIST:'B' -> client_c1_MNIST | Predict: '8' (Ent: 0.70)
  ⚠️ [Mismatch] Cycle Back predicted '8' (Expected 'B') (Ent: 0.00)
client_c3_EMNIST:'C' -> client_c1_MNIST | Predict: '0' (Ent: 0.94)
  ⚠️ [Mismatch] Cycle Back predicted '0' (Expected 'C') (Ent: 0.82)
client_c3_EMNIST:'D' -> client_c1_MNIST | Predict: '0' (Ent: 0.00)
  ⚠️ [Mismatch] Cycle Back predicted '0' (Expected 'D') (Ent: 0.82)
client_c3_EMNIST:'E' -> client_c1_MNIST | Predict: '6' (Ent: 1.32)
  ⚠️ [Mismatch] Cycle Back predicted '6' (Expected 'E') (Ent: 0.14)
client_c3_EMNIST:'F' -> client_c1_MNIST | Predict: '5' (Ent: 0.82)
  ⚠️ [Mismatch] Cycle Back predicted '5' (Expected 'F') (Ent: 0.12)
client_c3_EMNIST:'G' -> client_c1_MNIST | Predict: '5' (Ent: 1.45)
  ⚠️ [Mismatch] Cycle Back predicted '5' (Expected 'G') (Ent: 0.12)
client_c3_EMNIST:'H' -> client_c1_MNIST | Predict: '4' (Ent: 0.00)
  ⚠️ [Mismatch] Cycle Back predicted '4' (Expected 'H') (Ent: 0.01)
client_c3_EMNIST:'I' -> client_c1_MNIST | Predict: '1' (Ent: 0.02)
  ⚠️ [Mismatch] Cycle Back predicted 'l' (Expected 'I') (Ent: 0.85)
client_c3_EMNIST:'J' -> client_c1_MNIST | Predict: '5' (Ent: 0.71)
  ⚠️ [Mismatch] Cycle Back predicted '5' (Expected 'J') (Ent: 0.12)
client_c3_EMNIST:'K' -> client_c1_MNIST | Predict: '4' (Ent: 0.70)
  ⚠️ [Mismatch] Cycle Back predicted '4' (Expected 'K') (Ent: 0.01)
client_c3_EMNIST:'L' -> client_c1_MNIST | Predict: '2' (Ent: 1.12)
  ⚠️ [Mismatch] Cycle Back predicted '2' (Expected 'L') (Ent: 0.70)
client_c3_EMNIST:'M' -> client_c1_MNIST | Predict: '0' (Ent: 0.71)
  ⚠️ [Mismatch] Cycle Back predicted '0' (Expected 'M') (Ent: 0.82)
client_c3_EMNIST:'N' -> client_c1_MNIST | Predict: '0' (Ent: 0.81)
  ⚠️ [Mismatch] Cycle Back predicted '0' (Expected 'N') (Ent: 0.82)
client_c3_EMNIST:'O' -> client_c1_MNIST | Predict: '0' (Ent: 0.00)
  ⚠️ [Mismatch] Cycle Back predicted '0' (Expected 'O') (Ent: 0.82)
client_c3_EMNIST:'P' -> client_c1_MNIST | Predict: '8' (Ent: 0.41)
  ⚠️ [Mismatch] Cycle Back predicted '8' (Expected 'P') (Ent: 0.00)
client_c3_EMNIST:'Q' -> client_c1_MNIST | Predict: '0' (Ent: 0.71)
  ⚠️ [Mismatch] Cycle Back predicted '0' (Expected 'Q') (Ent: 0.82)
client_c3_EMNIST:'R' -> client_c1_MNIST | Predict: '8' (Ent: 0.74)
  ⚠️ [Mismatch] Cycle Back predicted '8' (Expected 'R') (Ent: 0.00)
client_c3_EMNIST:'S' -> client_c1_MNIST | Predict: '5' (Ent: 0.02)
  ⚠️ [Mismatch] Cycle Back predicted '5' (Expected 'S') (Ent: 0.12)
client_c3_EMNIST:'T' -> client_c1_MNIST | Predict: '7' (Ent: 0.08)
  ⚠️ [Mismatch] Cycle Back predicted '7' (Expected 'T') (Ent: 0.03)
client_c3_EMNIST:'U' -> client_c1_MNIST | Predict: '0' (Ent: 0.01)
  ⚠️ [Mismatch] Cycle Back predicted '0' (Expected 'U') (Ent: 0.82)
client_c3_EMNIST:'V' -> client_c1_MNIST | Predict: '0' (Ent: 1.15)
  ⚠️ [Mismatch] Cycle Back predicted '0' (Expected 'V') (Ent: 0.82)
client_c3_EMNIST:'W' -> client_c1_MNIST | Predict: '0' (Ent: 0.57)
  ⚠️ [Mismatch] Cycle Back predicted '0' (Expected 'W') (Ent: 0.82)
client_c3_EMNIST:'X' -> client_c1_MNIST | Predict: '4' (Ent: 0.65)
  ⚠️ [Mismatch] Cycle Back predicted '4' (Expected 'X') (Ent: 0.01)
client_c3_EMNIST:'Y' -> client_c1_MNIST | Predict: '4' (Ent: 0.77)
  ⚠️ [Mismatch] Cycle Back predicted '4' (Expected 'Y') (Ent: 0.01)
client_c3_EMNIST:'Z' -> client_c1_MNIST | Predict: '2' (Ent: 0.00)
  ⚠️ [Mismatch] Cycle Back predicted '2' (Expected 'Z') (Ent: 0.70)
client_c3_EMNIST:'a' -> client_c1_MNIST | Predict: '0' (Ent: 0.46)
  ⚠️ [Mismatch] Cycle Back predicted '0' (Expected 'a') (Ent: 0.82)
client_c3_EMNIST:'b' -> client_c1_MNIST | Predict: '6' (Ent: 0.95)
  ⚠️ [Mismatch] Cycle Back predicted '6' (Expected 'b') (Ent: 0.14)
client_c3_EMNIST:'c' -> client_c1_MNIST | Predict: '0' (Ent: 0.76)
  ⚠️ [Mismatch] Cycle Back predicted '0' (Expected 'c') (Ent: 0.82)
client_c3_EMNIST:'d' -> client_c1_MNIST | Predict: '4' (Ent: 1.00)
  ⚠️ [Mismatch] Cycle Back predicted '4' (Expected 'd') (Ent: 0.01)
client_c3_EMNIST:'e' -> client_c1_MNIST | Predict: '0' (Ent: 0.27)
  ⚠️ [Mismatch] Cycle Back predicted '0' (Expected 'e') (Ent: 0.82)
client_c3_EMNIST:'f' -> client_c1_MNIST | Predict: '5' (Ent: 0.94)
  ⚠️ [Mismatch] Cycle Back predicted '5' (Expected 'f') (Ent: 0.12)
client_c3_EMNIST:'g' -> client_c1_MNIST | Predict: '9' (Ent: 1.33)
  ⚠️ [Mismatch] Cycle Back predicted '9' (Expected 'g') (Ent: 1.19)
client_c3_EMNIST:'h' -> client_c1_MNIST | Predict: '1' (Ent: 0.63)
  ⚠️ [Mismatch] Cycle Back predicted 'l' (Expected 'h') (Ent: 0.85)
client_c3_EMNIST:'i' -> client_c1_MNIST | Predict: '1' (Ent: 0.03)
  ⚠️ [Mismatch] Cycle Back predicted 'l' (Expected 'i') (Ent: 0.85)
client_c3_EMNIST:'j' -> client_c1_MNIST | Predict: '0' (Ent: 1.00)
  ⚠️ [Mismatch] Cycle Back predicted '0' (Expected 'j') (Ent: 0.82)
client_c3_EMNIST:'k' -> client_c1_MNIST | Predict: '6' (Ent: 0.00)
  ⚠️ [Mismatch] Cycle Back predicted '6' (Expected 'k') (Ent: 0.14)
client_c3_EMNIST:'m' -> client_c1_MNIST | Predict: '7' (Ent: 0.81)
  ⚠️ [Mismatch] Cycle Back predicted '7' (Expected 'm') (Ent: 0.03)
client_c3_EMNIST:'n' -> client_c1_MNIST | Predict: '0' (Ent: 0.67)
  ⚠️ [Mismatch] Cycle Back predicted '0' (Expected 'n') (Ent: 0.82)
client_c3_EMNIST:'o' -> client_c1_MNIST | Predict: '0' (Ent: 0.00)
  ⚠️ [Mismatch] Cycle Back predicted '0' (Expected 'o') (Ent: 0.82)
client_c3_EMNIST:'p' -> client_c1_MNIST | Predict: '0' (Ent: 1.48)
  ⚠️ [Mismatch] Cycle Back predicted '0' (Expected 'p') (Ent: 0.82)
client_c3_EMNIST:'q' -> client_c1_MNIST | Predict: '9' (Ent: 1.08)
  ⚠️ [Mismatch] Cycle Back predicted '9' (Expected 'q') (Ent: 1.19)
client_c3_EMNIST:'r' -> client_c1_MNIST | Predict: '1' (Ent: 1.39)
  ⚠️ [Mismatch] Cycle Back predicted 'l' (Expected 'r') (Ent: 0.85)
client_c3_EMNIST:'s' -> client_c1_MNIST | Predict: '5' (Ent: 0.13)
  ⚠️ [Mismatch] Cycle Back predicted '5' (Expected 's') (Ent: 0.12)
client_c3_EMNIST:'t' -> client_c1_MNIST | Predict: '7' (Ent: 0.70)
  ⚠️ [Mismatch] Cycle Back predicted '7' (Expected 't') (Ent: 0.03)
client_c3_EMNIST:'u' -> client_c1_MNIST | Predict: '0' (Ent: 0.60)
  ⚠️ [Mismatch] Cycle Back predicted '0' (Expected 'u') (Ent: 0.82)
client_c3_EMNIST:'v' -> client_c1_MNIST | Predict: '1' (Ent: 0.72)
  ⚠️ [Mismatch] Cycle Back predicted 'l' (Expected 'v') (Ent: 0.85)
client_c3_EMNIST:'w' -> client_c1_MNIST | Predict: '4' (Ent: 0.20)
  ⚠️ [Mismatch] Cycle Back predicted '4' (Expected 'w') (Ent: 0.01)
client_c3_EMNIST:'x' -> client_c1_MNIST | Predict: '2' (Ent: 1.08)
  ⚠️ [Mismatch] Cycle Back predicted '2' (Expected 'x') (Ent: 0.70)
client_c3_EMNIST:'y' -> client_c1_MNIST | Predict: '1' (Ent: 1.10)
  ⚠️ [Mismatch] Cycle Back predicted 'l' (Expected 'y') (Ent: 0.85)
client_c3_EMNIST:'z' -> client_c1_MNIST | Predict: '2' (Ent: 0.03)
  ⚠️ [Mismatch] Cycle Back predicted '2' (Expected 'z') (Ent: 0.70)
client_c3_EMNIST:'0' -> client_c4_EMNIST | Predict: '0' (Ent: 0.71)
  ✅ [Match] client_c3_EMNIST:'0' <==> client_c4_EMNIST:'0' (Ent: 0.84)
client_c3_EMNIST:'1' -> client_c4_EMNIST | Predict: '1' (Ent: 0.89)
  ✅ [Match] client_c3_EMNIST:'1' <==> client_c4_EMNIST:'1' (Ent: 0.84)
client_c3_EMNIST:'2' -> client_c4_EMNIST | Predict: '2' (Ent: 0.00)
  ✅ [Match] client_c3_EMNIST:'2' <==> client_c4_EMNIST:'2' (Ent: 0.00)
client_c3_EMNIST:'3' -> client_c4_EMNIST | Predict: '3' (Ent: 0.00)
  ✅ [Match] client_c3_EMNIST:'3' <==> client_c4_EMNIST:'3' (Ent: 0.00)
client_c3_EMNIST:'4' -> client_c4_EMNIST | Predict: '4' (Ent: 0.00)
  ✅ [Match] client_c3_EMNIST:'4' <==> client_c4_EMNIST:'4' (Ent: 0.03)
client_c3_EMNIST:'5' -> client_c4_EMNIST | Predict: '5' (Ent: 0.00)
  ✅ [Match] client_c3_EMNIST:'5' <==> client_c4_EMNIST:'5' (Ent: 0.02)
client_c3_EMNIST:'6' -> client_c4_EMNIST | Predict: '6' (Ent: 0.03)
  ✅ [Match] client_c3_EMNIST:'6' <==> client_c4_EMNIST:'6' (Ent: 0.05)
client_c3_EMNIST:'7' -> client_c4_EMNIST | Predict: '7' (Ent: 0.00)
  ✅ [Match] client_c3_EMNIST:'7' <==> client_c4_EMNIST:'7' (Ent: 0.00)
client_c3_EMNIST:'8' -> client_c4_EMNIST | Predict: '8' (Ent: 0.00)
  ✅ [Match] client_c3_EMNIST:'8' <==> client_c4_EMNIST:'8' (Ent: 0.00)
client_c3_EMNIST:'9' -> client_c4_EMNIST | Predict: '9' (Ent: 0.19)
  ✅ [Match] client_c3_EMNIST:'9' <==> client_c4_EMNIST:'9' (Ent: 0.36)
client_c3_EMNIST:'A' -> client_c4_EMNIST | Predict: 'A' (Ent: 0.00)
  ✅ [Match] client_c3_EMNIST:'A' <==> client_c4_EMNIST:'A' (Ent: 0.09)
client_c3_EMNIST:'B' -> client_c4_EMNIST | Predict: 'B' (Ent: 0.00)
  ✅ [Match] client_c3_EMNIST:'B' <==> client_c4_EMNIST:'B' (Ent: 0.01)
client_c3_EMNIST:'C' -> client_c4_EMNIST | Predict: 'C' (Ent: 0.13)
  ✅ [Match] client_c3_EMNIST:'C' <==> client_c4_EMNIST:'C' (Ent: 0.63)
client_c3_EMNIST:'D' -> client_c4_EMNIST | Predict: 'D' (Ent: 0.01)
  ✅ [Match] client_c3_EMNIST:'D' <==> client_c4_EMNIST:'D' (Ent: 0.02)
client_c3_EMNIST:'E' -> client_c4_EMNIST | Predict: 'E' (Ent: 1.74)
  ⚠️ [Mismatch] Cycle Back predicted 'A' (Expected 'E') (Ent: 1.71)
client_c3_EMNIST:'F' -> client_c4_EMNIST | Predict: 'F' (Ent: 0.68)
  ✅ [Match] client_c3_EMNIST:'F' <==> client_c4_EMNIST:'F' (Ent: 0.44)
client_c3_EMNIST:'G' -> client_c4_EMNIST | Predict: 'G' (Ent: 0.06)
  ✅ [Match] client_c3_EMNIST:'G' <==> client_c4_EMNIST:'G' (Ent: 0.14)
client_c3_EMNIST:'H' -> client_c4_EMNIST | Predict: 'H' (Ent: 0.01)
  ✅ [Match] client_c3_EMNIST:'H' <==> client_c4_EMNIST:'H' (Ent: 0.02)
client_c3_EMNIST:'I' -> client_c4_EMNIST | Predict: '1' (Ent: 0.92)
  ⚠️ [Mismatch] Cycle Back predicted '1' (Expected 'I') (Ent: 0.84)
client_c3_EMNIST:'J' -> client_c4_EMNIST | Predict: 'J' (Ent: 0.61)
  ✅ [Match] client_c3_EMNIST:'J' <==> client_c4_EMNIST:'J' (Ent: 0.59)
client_c3_EMNIST:'K' -> client_c4_EMNIST | Predict: 'K' (Ent: 0.72)
  ✅ [Match] client_c3_EMNIST:'K' <==> client_c4_EMNIST:'K' (Ent: 0.48)
client_c3_EMNIST:'L' -> client_c4_EMNIST | Predict: 'L' (Ent: 0.26)
  ✅ [Match] client_c3_EMNIST:'L' <==> client_c4_EMNIST:'L' (Ent: 0.92)
client_c3_EMNIST:'M' -> client_c4_EMNIST | Predict: 'M' (Ent: 0.35)
  ✅ [Match] client_c3_EMNIST:'M' <==> client_c4_EMNIST:'M' (Ent: 0.85)
client_c3_EMNIST:'N' -> client_c4_EMNIST | Predict: 'N' (Ent: 0.45)
  ✅ [Match] client_c3_EMNIST:'N' <==> client_c4_EMNIST:'N' (Ent: 0.03)
client_c3_EMNIST:'O' -> client_c4_EMNIST | Predict: '0' (Ent: 0.84)
  ⚠️ [Mismatch] Cycle Back predicted '0' (Expected 'O') (Ent: 0.84)
client_c3_EMNIST:'P' -> client_c4_EMNIST | Predict: 'P' (Ent: 0.14)
  ✅ [Match] client_c3_EMNIST:'P' <==> client_c4_EMNIST:'P' (Ent: 0.58)
client_c3_EMNIST:'Q' -> client_c4_EMNIST | Predict: 'Q' (Ent: 0.16)
  ✅ [Match] client_c3_EMNIST:'Q' <==> client_c4_EMNIST:'Q' (Ent: 0.03)
client_c3_EMNIST:'R' -> client_c4_EMNIST | Predict: 'R' (Ent: 0.01)
  ✅ [Match] client_c3_EMNIST:'R' <==> client_c4_EMNIST:'R' (Ent: 0.09)
client_c3_EMNIST:'S' -> client_c4_EMNIST | Predict: 'S' (Ent: 0.39)
  ✅ [Match] client_c3_EMNIST:'S' <==> client_c4_EMNIST:'S' (Ent: 0.56)
client_c3_EMNIST:'T' -> client_c4_EMNIST | Predict: 'T' (Ent: 0.06)
  ✅ [Match] client_c3_EMNIST:'T' <==> client_c4_EMNIST:'T' (Ent: 0.69)
client_c3_EMNIST:'U' -> client_c4_EMNIST | Predict: 'U' (Ent: 0.14)
  ✅ [Match] client_c3_EMNIST:'U' <==> client_c4_EMNIST:'U' (Ent: 0.15)
client_c3_EMNIST:'V' -> client_c4_EMNIST | Predict: 'V' (Ent: 0.54)
  ✅ [Match] client_c3_EMNIST:'V' <==> client_c4_EMNIST:'V' (Ent: 0.66)
client_c3_EMNIST:'W' -> client_c4_EMNIST | Predict: 'w' (Ent: 0.47)
  ⚠️ [Mismatch] Cycle Back predicted 'w' (Expected 'W') (Ent: 0.67)
client_c3_EMNIST:'X' -> client_c4_EMNIST | Predict: 'X' (Ent: 0.42)
  ✅ [Match] client_c3_EMNIST:'X' <==> client_c4_EMNIST:'X' (Ent: 0.16)
client_c3_EMNIST:'Y' -> client_c4_EMNIST | Predict: 'Y' (Ent: 1.11)
  ✅ [Match] client_c3_EMNIST:'Y' <==> client_c4_EMNIST:'Y' (Ent: 0.76)
client_c3_EMNIST:'Z' -> client_c4_EMNIST | Predict: 'Z' (Ent: 0.20)
  ✅ [Match] client_c3_EMNIST:'Z' <==> client_c4_EMNIST:'Z' (Ent: 0.32)
client_c3_EMNIST:'a' -> client_c4_EMNIST | Predict: 'a' (Ent: 0.00)
  ✅ [Match] client_c3_EMNIST:'a' <==> client_c4_EMNIST:'a' (Ent: 0.00)
client_c3_EMNIST:'b' -> client_c4_EMNIST | Predict: 'b' (Ent: 0.09)
  ✅ [Match] client_c3_EMNIST:'b' <==> client_c4_EMNIST:'b' (Ent: 0.00)
client_c3_EMNIST:'c' -> client_c4_EMNIST | Predict: 'C' (Ent: 0.63)
  ⚠️ [Mismatch] Cycle Back predicted 'C' (Expected 'c') (Ent: 0.63)
client_c3_EMNIST:'d' -> client_c4_EMNIST | Predict: 'd' (Ent: 0.01)
  ✅ [Match] client_c3_EMNIST:'d' <==> client_c4_EMNIST:'d' (Ent: 0.00)
client_c3_EMNIST:'e' -> client_c4_EMNIST | Predict: 'e' (Ent: 0.01)
  ✅ [Match] client_c3_EMNIST:'e' <==> client_c4_EMNIST:'e' (Ent: 0.00)
client_c3_EMNIST:'f' -> client_c4_EMNIST | Predict: 'F' (Ent: 0.73)
  ⚠️ [Mismatch] Cycle Back predicted 'F' (Expected 'f') (Ent: 0.44)
client_c3_EMNIST:'g' -> client_c4_EMNIST | Predict: 'g' (Ent: 0.89)
  ⚠️ [Mismatch] Cycle Back predicted '9' (Expected 'g') (Ent: 1.22)
client_c3_EMNIST:'h' -> client_c4_EMNIST | Predict: 'h' (Ent: 0.00)
  ✅ [Match] client_c3_EMNIST:'h' <==> client_c4_EMNIST:'h' (Ent: 0.00)
client_c3_EMNIST:'i' -> client_c4_EMNIST | Predict: 'i' (Ent: 1.04)
  ✅ [Match] client_c3_EMNIST:'i' <==> client_c4_EMNIST:'i' (Ent: 0.97)
client_c3_EMNIST:'j' -> client_c4_EMNIST | Predict: 'v' (Ent: 2.35)
  ⚠️ [Mismatch] Cycle Back predicted 'v' (Expected 'j') (Ent: 0.79)
client_c3_EMNIST:'k' -> client_c4_EMNIST | Predict: 'k' (Ent: 0.70)
  ✅ [Match] client_c3_EMNIST:'k' <==> client_c4_EMNIST:'k' (Ent: 0.63)
client_c3_EMNIST:'l' -> client_c4_EMNIST | Predict: 'l' (Ent: 1.19)
  ✅ [Match] client_c3_EMNIST:'l' <==> client_c4_EMNIST:'l' (Ent: 0.95)
client_c3_EMNIST:'m' -> client_c4_EMNIST | Predict: 'M' (Ent: 0.65)
  ⚠️ [Mismatch] Cycle Back predicted 'M' (Expected 'm') (Ent: 0.85)
client_c3_EMNIST:'n' -> client_c4_EMNIST | Predict: 'n' (Ent: 0.40)
  ✅ [Match] client_c3_EMNIST:'n' <==> client_c4_EMNIST:'n' (Ent: 0.03)
client_c3_EMNIST:'o' -> client_c4_EMNIST | Predict: '0' (Ent: 0.67)
  ⚠️ [Mismatch] Cycle Back predicted '0' (Expected 'o') (Ent: 0.84)
client_c3_EMNIST:'p' -> client_c4_EMNIST | Predict: 'P' (Ent: 0.32)
  ⚠️ [Mismatch] Cycle Back predicted 'P' (Expected 'p') (Ent: 0.58)
client_c3_EMNIST:'q' -> client_c4_EMNIST | Predict: 'q' (Ent: 1.17)
  ⚠️ [Mismatch] Cycle Back predicted 'Q' (Expected 'q') (Ent: 0.97)
client_c3_EMNIST:'r' -> client_c4_EMNIST | Predict: 'r' (Ent: 0.00)
  ✅ [Match] client_c3_EMNIST:'r' <==> client_c4_EMNIST:'r' (Ent: 0.00)
client_c3_EMNIST:'s' -> client_c4_EMNIST | Predict: 'S' (Ent: 0.57)
  ⚠️ [Mismatch] Cycle Back predicted 'S' (Expected 's') (Ent: 0.56)
client_c3_EMNIST:'t' -> client_c4_EMNIST | Predict: 'T' (Ent: 0.70)
  ⚠️ [Mismatch] Cycle Back predicted 'T' (Expected 't') (Ent: 0.69)
client_c3_EMNIST:'u' -> client_c4_EMNIST | Predict: 'U' (Ent: 0.68)
  ⚠️ [Mismatch] Cycle Back predicted 'U' (Expected 'u') (Ent: 0.15)
client_c3_EMNIST:'v' -> client_c4_EMNIST | Predict: 'V' (Ent: 0.67)
  ⚠️ [Mismatch] Cycle Back predicted 'V' (Expected 'v') (Ent: 0.66)
client_c3_EMNIST:'w' -> client_c4_EMNIST | Predict: 'w' (Ent: 0.56)
  ✅ [Match] client_c3_EMNIST:'w' <==> client_c4_EMNIST:'w' (Ent: 0.67)
client_c3_EMNIST:'x' -> client_c4_EMNIST | Predict: 'X' (Ent: 1.29)
  ⚠️ [Mismatch] Cycle Back predicted 'X' (Expected 'x') (Ent: 0.16)
client_c3_EMNIST:'y' -> client_c4_EMNIST | Predict: 'Y' (Ent: 0.57)
  ⚠️ [Mismatch] Cycle Back predicted 'Y' (Expected 'y') (Ent: 0.76)
client_c3_EMNIST:'z' -> client_c4_EMNIST | Predict: 'z' (Ent: 0.90)
  ✅ [Match] client_c3_EMNIST:'z' <==> client_c4_EMNIST:'z' (Ent: 0.61)
client_c4_EMNIST:'1' -> client_c0_MNIST | Predict: '1' (Ent: 0.01)
  ⚠️ [Mismatch] Cycle Back predicted 'l' (Expected '1') (Ent: 1.03)
client_c4_EMNIST:'A' -> client_c0_MNIST | Predict: '4' (Ent: 0.07)
  ⚠️ [Mismatch] Cycle Back predicted '4' (Expected 'A') (Ent: 0.01)
client_c4_EMNIST:'B' -> client_c0_MNIST | Predict: '8' (Ent: 0.70)
  ⚠️ [Mismatch] Cycle Back predicted '8' (Expected 'B') (Ent: 0.70)
client_c4_EMNIST:'C' -> client_c0_MNIST | Predict: '0' (Ent: 0.70)
  ⚠️ [Mismatch] Cycle Back predicted '0' (Expected 'C') (Ent: 0.49)
client_c4_EMNIST:'D' -> client_c0_MNIST | Predict: '0' (Ent: 0.00)
  ⚠️ [Mismatch] Cycle Back predicted '0' (Expected 'D') (Ent: 0.49)
client_c4_EMNIST:'E' -> client_c0_MNIST | Predict: '6' (Ent: 0.55)
  ⚠️ [Mismatch] Cycle Back predicted '6' (Expected 'E') (Ent: 0.21)
client_c4_EMNIST:'F' -> client_c0_MNIST | Predict: '4' (Ent: 1.22)
  ⚠️ [Mismatch] Cycle Back predicted '4' (Expected 'F') (Ent: 0.01)
client_c4_EMNIST:'G' -> client_c0_MNIST | Predict: '6' (Ent: 0.59)
  ⚠️ [Mismatch] Cycle Back predicted '6' (Expected 'G') (Ent: 0.21)
client_c4_EMNIST:'H' -> client_c0_MNIST | Predict: '4' (Ent: 0.01)
  ⚠️ [Mismatch] Cycle Back predicted '4' (Expected 'H') (Ent: 0.01)
client_c4_EMNIST:'I' -> client_c0_MNIST | Predict: '1' (Ent: 0.00)
  ⚠️ [Mismatch] Cycle Back predicted 'l' (Expected 'I') (Ent: 1.03)
client_c4_EMNIST:'J' -> client_c0_MNIST | Predict: '5' (Ent: 0.69)
  ⚠️ [Mismatch] Cycle Back predicted '5' (Expected 'J') (Ent: 0.07)
client_c4_EMNIST:'K' -> client_c0_MNIST | Predict: '6' (Ent: 0.82)
  ⚠️ [Mismatch] Cycle Back predicted '6' (Expected 'K') (Ent: 0.21)
client_c4_EMNIST:'L' -> client_c0_MNIST | Predict: '6' (Ent: 1.14)
  ⚠️ [Mismatch] Cycle Back predicted '6' (Expected 'L') (Ent: 0.21)
client_c4_EMNIST:'M' -> client_c0_MNIST | Predict: '0' (Ent: 0.58)
  ⚠️ [Mismatch] Cycle Back predicted '0' (Expected 'M') (Ent: 0.49)
client_c4_EMNIST:'N' -> client_c0_MNIST | Predict: '0' (Ent: 0.45)
  ⚠️ [Mismatch] Cycle Back predicted '0' (Expected 'N') (Ent: 0.49)
client_c4_EMNIST:'O' -> client_c0_MNIST | Predict: '0' (Ent: 0.00)
  ⚠️ [Mismatch] Cycle Back predicted '0' (Expected 'O') (Ent: 0.49)
client_c4_EMNIST:'P' -> client_c0_MNIST | Predict: '0' (Ent: 0.96)
  ⚠️ [Mismatch] Cycle Back predicted '0' (Expected 'P') (Ent: 0.49)
client_c4_EMNIST:'Q' -> client_c0_MNIST | Predict: '2' (Ent: 0.94)
  ⚠️ [Mismatch] Cycle Back predicted '2' (Expected 'Q') (Ent: 0.08)
client_c4_EMNIST:'R' -> client_c0_MNIST | Predict: '8' (Ent: 0.87)
  ⚠️ [Mismatch] Cycle Back predicted '8' (Expected 'R') (Ent: 0.70)
client_c4_EMNIST:'S' -> client_c0_MNIST | Predict: '6' (Ent: 0.68)
  ⚠️ [Mismatch] Cycle Back predicted '6' (Expected 'S') (Ent: 0.21)
client_c4_EMNIST:'T' -> client_c0_MNIST | Predict: '0' (Ent: 1.04)
  ⚠️ [Mismatch] Cycle Back predicted '0' (Expected 'T') (Ent: 0.49)
client_c4_EMNIST:'U' -> client_c0_MNIST | Predict: '0' (Ent: 0.01)
  ⚠️ [Mismatch] Cycle Back predicted '0' (Expected 'U') (Ent: 0.49)
client_c4_EMNIST:'V' -> client_c0_MNIST | Predict: '4' (Ent: 1.01)
  ⚠️ [Mismatch] Cycle Back predicted '4' (Expected 'V') (Ent: 0.01)
client_c4_EMNIST:'W' -> client_c0_MNIST | Predict: '0' (Ent: 0.09)
  ⚠️ [Mismatch] Cycle Back predicted '0' (Expected 'W') (Ent: 0.49)
client_c4_EMNIST:'X' -> client_c0_MNIST | Predict: '4' (Ent: 0.83)
  ⚠️ [Mismatch] Cycle Back predicted '4' (Expected 'X') (Ent: 0.01)
client_c4_EMNIST:'Y' -> client_c0_MNIST | Predict: '4' (Ent: 0.93)
  ⚠️ [Mismatch] Cycle Back predicted '4' (Expected 'Y') (Ent: 0.01)
client_c4_EMNIST:'Z' -> client_c0_MNIST | Predict: '2' (Ent: 0.02)
  ⚠️ [Mismatch] Cycle Back predicted '2' (Expected 'Z') (Ent: 0.08)
client_c4_EMNIST:'a' -> client_c0_MNIST | Predict: '0' (Ent: 0.11)
  ⚠️ [Mismatch] Cycle Back predicted '0' (Expected 'a') (Ent: 0.49)
client_c4_EMNIST:'b' -> client_c0_MNIST | Predict: '6' (Ent: 0.16)
  ⚠️ [Mismatch] Cycle Back predicted '6' (Expected 'b') (Ent: 0.21)
client_c4_EMNIST:'c' -> client_c0_MNIST | Predict: '0' (Ent: 0.67)
  ⚠️ [Mismatch] Cycle Back predicted '0' (Expected 'c') (Ent: 0.49)
client_c4_EMNIST:'d' -> client_c0_MNIST | Predict: '4' (Ent: 0.85)
  ⚠️ [Mismatch] Cycle Back predicted '4' (Expected 'd') (Ent: 0.01)
client_c4_EMNIST:'e' -> client_c0_MNIST | Predict: '6' (Ent: 0.68)
  ⚠️ [Mismatch] Cycle Back predicted '6' (Expected 'e') (Ent: 0.21)
client_c4_EMNIST:'f' -> client_c0_MNIST | Predict: '4' (Ent: 1.19)
  ⚠️ [Mismatch] Cycle Back predicted '4' (Expected 'f') (Ent: 0.01)
client_c4_EMNIST:'g' -> client_c0_MNIST | Predict: '0' (Ent: 0.23)
  ⚠️ [Mismatch] Cycle Back predicted '0' (Expected 'g') (Ent: 0.49)
client_c4_EMNIST:'h' -> client_c0_MNIST | Predict: '6' (Ent: 0.43)
  ⚠️ [Mismatch] Cycle Back predicted '6' (Expected 'h') (Ent: 0.21)
client_c4_EMNIST:'i' -> client_c0_MNIST | Predict: '1' (Ent: 0.03)
  ⚠️ [Mismatch] Cycle Back predicted 'l' (Expected 'i') (Ent: 1.03)
client_c4_EMNIST:'j' -> client_c0_MNIST | Predict: '0' (Ent: 0.01)
  ⚠️ [Mismatch] Cycle Back predicted '0' (Expected 'j') (Ent: 0.49)
client_c4_EMNIST:'k' -> client_c0_MNIST | Predict: '6' (Ent: 0.00)
  ⚠️ [Mismatch] Cycle Back predicted '6' (Expected 'k') (Ent: 0.21)
client_c4_EMNIST:'m' -> client_c0_MNIST | Predict: '0' (Ent: 1.16)
  ⚠️ [Mismatch] Cycle Back predicted '0' (Expected 'm') (Ent: 0.49)
client_c4_EMNIST:'n' -> client_c0_MNIST | Predict: '0' (Ent: 0.33)
  ⚠️ [Mismatch] Cycle Back predicted '0' (Expected 'n') (Ent: 0.49)
client_c4_EMNIST:'o' -> client_c0_MNIST | Predict: '0' (Ent: 0.00)
  ⚠️ [Mismatch] Cycle Back predicted '0' (Expected 'o') (Ent: 0.49)
client_c4_EMNIST:'p' -> client_c0_MNIST | Predict: '0' (Ent: 0.19)
  ⚠️ [Mismatch] Cycle Back predicted '0' (Expected 'p') (Ent: 0.49)
client_c4_EMNIST:'q' -> client_c0_MNIST | Predict: '6' (Ent: 1.15)
  ⚠️ [Mismatch] Cycle Back predicted '6' (Expected 'q') (Ent: 0.21)
client_c4_EMNIST:'r' -> client_c0_MNIST | Predict: '0' (Ent: 0.83)
  ⚠️ [Mismatch] Cycle Back predicted '0' (Expected 'r') (Ent: 0.49)
client_c4_EMNIST:'s' -> client_c0_MNIST | Predict: '5' (Ent: 0.79)
  ⚠️ [Mismatch] Cycle Back predicted '5' (Expected 's') (Ent: 0.07)
client_c4_EMNIST:'t' -> client_c0_MNIST | Predict: '8' (Ent: 1.00)
  ⚠️ [Mismatch] Cycle Back predicted '8' (Expected 't') (Ent: 0.70)
client_c4_EMNIST:'u' -> client_c0_MNIST | Predict: '0' (Ent: 0.83)
  ⚠️ [Mismatch] Cycle Back predicted '0' (Expected 'u') (Ent: 0.49)
client_c4_EMNIST:'v' -> client_c0_MNIST | Predict: '0' (Ent: 0.79)
  ⚠️ [Mismatch] Cycle Back predicted '0' (Expected 'v') (Ent: 0.49)
client_c4_EMNIST:'w' -> client_c0_MNIST | Predict: '4' (Ent: 0.74)
  ⚠️ [Mismatch] Cycle Back predicted '4' (Expected 'w') (Ent: 0.01)
client_c4_EMNIST:'x' -> client_c0_MNIST | Predict: '0' (Ent: 0.46)
  ⚠️ [Mismatch] Cycle Back predicted '0' (Expected 'x') (Ent: 0.49)
client_c4_EMNIST:'y' -> client_c0_MNIST | Predict: '0' (Ent: 1.03)
  ⚠️ [Mismatch] Cycle Back predicted '0' (Expected 'y') (Ent: 0.49)
client_c4_EMNIST:'z' -> client_c0_MNIST | Predict: '2' (Ent: 0.82)
  ⚠️ [Mismatch] Cycle Back predicted '2' (Expected 'z') (Ent: 0.08)
client_c4_EMNIST:'1' -> client_c1_MNIST | Predict: '1' (Ent: 0.00)
  ⚠️ [Mismatch] Cycle Back predicted 'l' (Expected '1') (Ent: 1.03)
client_c4_EMNIST:'A' -> client_c1_MNIST | Predict: '4' (Ent: 0.01)
  ⚠️ [Mismatch] Cycle Back predicted '4' (Expected 'A') (Ent: 0.01)
client_c4_EMNIST:'B' -> client_c1_MNIST | Predict: '8' (Ent: 0.70)
  ⚠️ [Mismatch] Cycle Back predicted '8' (Expected 'B') (Ent: 0.70)
client_c4_EMNIST:'C' -> client_c1_MNIST | Predict: '0' (Ent: 0.94)
  ⚠️ [Mismatch] Cycle Back predicted '0' (Expected 'C') (Ent: 0.49)
client_c4_EMNIST:'D' -> client_c1_MNIST | Predict: '0' (Ent: 0.00)
  ⚠️ [Mismatch] Cycle Back predicted '0' (Expected 'D') (Ent: 0.49)
client_c4_EMNIST:'E' -> client_c1_MNIST | Predict: '6' (Ent: 1.32)
  ⚠️ [Mismatch] Cycle Back predicted '6' (Expected 'E') (Ent: 0.21)
client_c4_EMNIST:'F' -> client_c1_MNIST | Predict: '5' (Ent: 0.82)
  ⚠️ [Mismatch] Cycle Back predicted '5' (Expected 'F') (Ent: 0.07)
client_c4_EMNIST:'G' -> client_c1_MNIST | Predict: '5' (Ent: 1.45)
  ⚠️ [Mismatch] Cycle Back predicted '5' (Expected 'G') (Ent: 0.07)
client_c4_EMNIST:'H' -> client_c1_MNIST | Predict: '4' (Ent: 0.00)
  ⚠️ [Mismatch] Cycle Back predicted '4' (Expected 'H') (Ent: 0.01)
client_c4_EMNIST:'I' -> client_c1_MNIST | Predict: '1' (Ent: 0.02)
  ⚠️ [Mismatch] Cycle Back predicted 'l' (Expected 'I') (Ent: 1.03)
client_c4_EMNIST:'J' -> client_c1_MNIST | Predict: '5' (Ent: 0.71)
  ⚠️ [Mismatch] Cycle Back predicted '5' (Expected 'J') (Ent: 0.07)
client_c4_EMNIST:'K' -> client_c1_MNIST | Predict: '4' (Ent: 0.70)
  ⚠️ [Mismatch] Cycle Back predicted '4' (Expected 'K') (Ent: 0.01)
client_c4_EMNIST:'L' -> client_c1_MNIST | Predict: '2' (Ent: 1.12)
  ⚠️ [Mismatch] Cycle Back predicted '2' (Expected 'L') (Ent: 0.08)
client_c4_EMNIST:'M' -> client_c1_MNIST | Predict: '0' (Ent: 0.71)
  ⚠️ [Mismatch] Cycle Back predicted '0' (Expected 'M') (Ent: 0.49)
client_c4_EMNIST:'N' -> client_c1_MNIST | Predict: '0' (Ent: 0.81)
  ⚠️ [Mismatch] Cycle Back predicted '0' (Expected 'N') (Ent: 0.49)
client_c4_EMNIST:'O' -> client_c1_MNIST | Predict: '0' (Ent: 0.00)
  ⚠️ [Mismatch] Cycle Back predicted '0' (Expected 'O') (Ent: 0.49)
client_c4_EMNIST:'P' -> client_c1_MNIST | Predict: '8' (Ent: 0.41)
  ⚠️ [Mismatch] Cycle Back predicted '8' (Expected 'P') (Ent: 0.70)
client_c4_EMNIST:'Q' -> client_c1_MNIST | Predict: '0' (Ent: 0.71)
  ⚠️ [Mismatch] Cycle Back predicted '0' (Expected 'Q') (Ent: 0.49)
client_c4_EMNIST:'R' -> client_c1_MNIST | Predict: '8' (Ent: 0.74)
  ⚠️ [Mismatch] Cycle Back predicted '8' (Expected 'R') (Ent: 0.70)
client_c4_EMNIST:'S' -> client_c1_MNIST | Predict: '5' (Ent: 0.02)
  ⚠️ [Mismatch] Cycle Back predicted '5' (Expected 'S') (Ent: 0.07)
client_c4_EMNIST:'T' -> client_c1_MNIST | Predict: '7' (Ent: 0.08)
  ⚠️ [Mismatch] Cycle Back predicted '7' (Expected 'T') (Ent: 0.07)
client_c4_EMNIST:'U' -> client_c1_MNIST | Predict: '0' (Ent: 0.01)
  ⚠️ [Mismatch] Cycle Back predicted '0' (Expected 'U') (Ent: 0.49)
client_c4_EMNIST:'V' -> client_c1_MNIST | Predict: '0' (Ent: 1.15)
  ⚠️ [Mismatch] Cycle Back predicted '0' (Expected 'V') (Ent: 0.49)
client_c4_EMNIST:'W' -> client_c1_MNIST | Predict: '0' (Ent: 0.57)
  ⚠️ [Mismatch] Cycle Back predicted '0' (Expected 'W') (Ent: 0.49)
client_c4_EMNIST:'X' -> client_c1_MNIST | Predict: '4' (Ent: 0.65)
  ⚠️ [Mismatch] Cycle Back predicted '4' (Expected 'X') (Ent: 0.01)
client_c4_EMNIST:'Y' -> client_c1_MNIST | Predict: '4' (Ent: 0.77)
  ⚠️ [Mismatch] Cycle Back predicted '4' (Expected 'Y') (Ent: 0.01)
client_c4_EMNIST:'Z' -> client_c1_MNIST | Predict: '2' (Ent: 0.00)
  ⚠️ [Mismatch] Cycle Back predicted '2' (Expected 'Z') (Ent: 0.08)
client_c4_EMNIST:'a' -> client_c1_MNIST | Predict: '0' (Ent: 0.46)
  ⚠️ [Mismatch] Cycle Back predicted '0' (Expected 'a') (Ent: 0.49)
client_c4_EMNIST:'b' -> client_c1_MNIST | Predict: '6' (Ent: 0.95)
  ⚠️ [Mismatch] Cycle Back predicted '6' (Expected 'b') (Ent: 0.21)
client_c4_EMNIST:'c' -> client_c1_MNIST | Predict: '0' (Ent: 0.76)
  ⚠️ [Mismatch] Cycle Back predicted '0' (Expected 'c') (Ent: 0.49)
client_c4_EMNIST:'d' -> client_c1_MNIST | Predict: '4' (Ent: 1.00)
  ⚠️ [Mismatch] Cycle Back predicted '4' (Expected 'd') (Ent: 0.01)
client_c4_EMNIST:'e' -> client_c1_MNIST | Predict: '0' (Ent: 0.27)
  ⚠️ [Mismatch] Cycle Back predicted '0' (Expected 'e') (Ent: 0.49)
client_c4_EMNIST:'f' -> client_c1_MNIST | Predict: '5' (Ent: 0.94)
  ⚠️ [Mismatch] Cycle Back predicted '5' (Expected 'f') (Ent: 0.07)
client_c4_EMNIST:'g' -> client_c1_MNIST | Predict: '9' (Ent: 1.33)
  ⚠️ [Mismatch] Cycle Back predicted '9' (Expected 'g') (Ent: 1.01)
client_c4_EMNIST:'h' -> client_c1_MNIST | Predict: '1' (Ent: 0.63)
  ⚠️ [Mismatch] Cycle Back predicted 'l' (Expected 'h') (Ent: 1.03)
client_c4_EMNIST:'i' -> client_c1_MNIST | Predict: '1' (Ent: 0.03)
  ⚠️ [Mismatch] Cycle Back predicted 'l' (Expected 'i') (Ent: 1.03)
client_c4_EMNIST:'j' -> client_c1_MNIST | Predict: '0' (Ent: 1.00)
  ⚠️ [Mismatch] Cycle Back predicted '0' (Expected 'j') (Ent: 0.49)
client_c4_EMNIST:'k' -> client_c1_MNIST | Predict: '6' (Ent: 0.00)
  ⚠️ [Mismatch] Cycle Back predicted '6' (Expected 'k') (Ent: 0.21)
client_c4_EMNIST:'m' -> client_c1_MNIST | Predict: '7' (Ent: 0.81)
  ⚠️ [Mismatch] Cycle Back predicted '7' (Expected 'm') (Ent: 0.07)
client_c4_EMNIST:'n' -> client_c1_MNIST | Predict: '0' (Ent: 0.67)
  ⚠️ [Mismatch] Cycle Back predicted '0' (Expected 'n') (Ent: 0.49)
client_c4_EMNIST:'o' -> client_c1_MNIST | Predict: '0' (Ent: 0.00)
  ⚠️ [Mismatch] Cycle Back predicted '0' (Expected 'o') (Ent: 0.49)
client_c4_EMNIST:'p' -> client_c1_MNIST | Predict: '0' (Ent: 1.48)
  ⚠️ [Mismatch] Cycle Back predicted '0' (Expected 'p') (Ent: 0.49)
client_c4_EMNIST:'q' -> client_c1_MNIST | Predict: '9' (Ent: 1.08)
  ⚠️ [Mismatch] Cycle Back predicted '9' (Expected 'q') (Ent: 1.01)
client_c4_EMNIST:'r' -> client_c1_MNIST | Predict: '1' (Ent: 1.39)
  ⚠️ [Mismatch] Cycle Back predicted 'l' (Expected 'r') (Ent: 1.03)
client_c4_EMNIST:'s' -> client_c1_MNIST | Predict: '5' (Ent: 0.13)
  ⚠️ [Mismatch] Cycle Back predicted '5' (Expected 's') (Ent: 0.07)
client_c4_EMNIST:'t' -> client_c1_MNIST | Predict: '7' (Ent: 0.70)
  ⚠️ [Mismatch] Cycle Back predicted '7' (Expected 't') (Ent: 0.07)
client_c4_EMNIST:'u' -> client_c1_MNIST | Predict: '0' (Ent: 0.60)
  ⚠️ [Mismatch] Cycle Back predicted '0' (Expected 'u') (Ent: 0.49)
client_c4_EMNIST:'v' -> client_c1_MNIST | Predict: '1' (Ent: 0.72)
  ⚠️ [Mismatch] Cycle Back predicted 'l' (Expected 'v') (Ent: 1.03)
client_c4_EMNIST:'w' -> client_c1_MNIST | Predict: '4' (Ent: 0.20)
  ⚠️ [Mismatch] Cycle Back predicted '4' (Expected 'w') (Ent: 0.01)
client_c4_EMNIST:'x' -> client_c1_MNIST | Predict: '2' (Ent: 1.08)
  ⚠️ [Mismatch] Cycle Back predicted '2' (Expected 'x') (Ent: 0.08)
client_c4_EMNIST:'y' -> client_c1_MNIST | Predict: '1' (Ent: 1.10)
  ⚠️ [Mismatch] Cycle Back predicted 'l' (Expected 'y') (Ent: 1.03)
client_c4_EMNIST:'z' -> client_c1_MNIST | Predict: '2' (Ent: 0.03)
  ⚠️ [Mismatch] Cycle Back predicted '2' (Expected 'z') (Ent: 0.08)
client_c4_EMNIST:'I' -> client_c3_EMNIST | Predict: '1' (Ent: 0.81)
  ⚠️ [Mismatch] Cycle Back predicted '1' (Expected 'I') (Ent: 0.89)
client_c4_EMNIST:'O' -> client_c3_EMNIST | Predict: 'O' (Ent: 0.83)
  ⚠️ [Mismatch] Cycle Back predicted '0' (Expected 'O') (Ent: 0.84)
client_c4_EMNIST:'W' -> client_c3_EMNIST | Predict: 'W' (Ent: 0.64)
  ⚠️ [Mismatch] Cycle Back predicted 'w' (Expected 'W') (Ent: 0.47)
client_c4_EMNIST:'c' -> client_c3_EMNIST | Predict: 'C' (Ent: 0.77)
  ⚠️ [Mismatch] Cycle Back predicted 'C' (Expected 'c') (Ent: 0.13)
client_c4_EMNIST:'f' -> client_c3_EMNIST | Predict: 'F' (Ent: 0.97)
  ⚠️ [Mismatch] Cycle Back predicted 'F' (Expected 'f') (Ent: 0.68)
client_c4_EMNIST:'j' -> client_c3_EMNIST | Predict: 'v' (Ent: 1.81)
  ⚠️ [Mismatch] Cycle Back predicted 'V' (Expected 'j') (Ent: 0.67)
client_c4_EMNIST:'m' -> client_c3_EMNIST | Predict: 'M' (Ent: 0.60)
  ⚠️ [Mismatch] Cycle Back predicted 'M' (Expected 'm') (Ent: 0.35)
client_c4_EMNIST:'o' -> client_c3_EMNIST | Predict: '0' (Ent: 0.79)
  ⚠️ [Mismatch] Cycle Back predicted '0' (Expected 'o') (Ent: 0.71)
client_c4_EMNIST:'p' -> client_c3_EMNIST | Predict: 'P' (Ent: 0.61)
  ⚠️ [Mismatch] Cycle Back predicted 'P' (Expected 'p') (Ent: 0.14)
client_c4_EMNIST:'s' -> client_c3_EMNIST | Predict: 'S' (Ent: 0.34)
  ⚠️ [Mismatch] Cycle Back predicted 'S' (Expected 's') (Ent: 0.39)
client_c4_EMNIST:'t' -> client_c3_EMNIST | Predict: 't' (Ent: 0.80)
  ⚠️ [Mismatch] Cycle Back predicted 'T' (Expected 't') (Ent: 0.70)
client_c4_EMNIST:'u' -> client_c3_EMNIST | Predict: 'U' (Ent: 0.68)
  ⚠️ [Mismatch] Cycle Back predicted 'U' (Expected 'u') (Ent: 0.14)
client_c4_EMNIST:'x' -> client_c3_EMNIST | Predict: 'X' (Ent: 1.48)
  ⚠️ [Mismatch] Cycle Back predicted 'X' (Expected 'x') (Ent: 0.42)
client_c4_EMNIST:'y' -> client_c3_EMNIST | Predict: 'Y' (Ent: 0.69)
  ⚠️ [Mismatch] Cycle Back predicted 'Y' (Expected 'y') (Ent: 1.11)

==================================================
Label Mapping Summary:
Global ID = 0  | from: client_c0_MNIST: '0', client_c1_MNIST: '0', client_c3_EMNIST: '0', client_c4_EMNIST: '0'
Global ID = 1  | from: client_c0_MNIST: '1', client_c1_MNIST: '1', client_c3_EMNIST: 'l', client_c4_EMNIST: 'l'
Global ID = 2  | from: client_c0_MNIST: '2', client_c1_MNIST: '2', client_c3_EMNIST: '2', client_c4_EMNIST: '2'
Global ID = 3  | from: client_c0_MNIST: '3', client_c1_MNIST: '3', client_c3_EMNIST: '3', client_c4_EMNIST: '3'
Global ID = 4  | from: client_c0_MNIST: '4', client_c1_MNIST: '4', client_c3_EMNIST: '4', client_c4_EMNIST: '4'
Global ID = 5  | from: client_c0_MNIST: '5', client_c1_MNIST: '5', client_c3_EMNIST: '5', client_c4_EMNIST: '5'
Global ID = 6  | from: client_c0_MNIST: '6', client_c1_MNIST: '6', client_c3_EMNIST: '6', client_c4_EMNIST: '6'
Global ID = 7  | from: client_c0_MNIST: '7', client_c1_MNIST: '7', client_c3_EMNIST: '7', client_c4_EMNIST: '7'
Global ID = 8  | from: client_c0_MNIST: '8', client_c1_MNIST: '8', client_c3_EMNIST: '8', client_c4_EMNIST: '8'
Global ID = 9  | from: client_c0_MNIST: '9', client_c1_MNIST: '9', client_c3_EMNIST: '9', client_c4_EMNIST: '9'
Global ID = 10 | from: client_c3_EMNIST: '1', client_c4_EMNIST: '1'
Global ID = 11 | from: client_c3_EMNIST: 'A', client_c4_EMNIST: 'A'
Global ID = 12 | from: client_c3_EMNIST: 'B', client_c4_EMNIST: 'B'
Global ID = 13 | from: client_c3_EMNIST: 'C', client_c4_EMNIST: 'C'
Global ID = 14 | from: client_c3_EMNIST: 'D', client_c4_EMNIST: 'D'
Global ID = 15 | from: client_c3_EMNIST: 'F', client_c4_EMNIST: 'F'
Global ID = 16 | from: client_c3_EMNIST: 'G', client_c4_EMNIST: 'G'
Global ID = 17 | from: client_c3_EMNIST: 'H', client_c4_EMNIST: 'H'
Global ID = 18 | from: client_c3_EMNIST: 'J', client_c4_EMNIST: 'J'
Global ID = 19 | from: client_c3_EMNIST: 'K', client_c4_EMNIST: 'K'
Global ID = 20 | from: client_c3_EMNIST: 'L', client_c4_EMNIST: 'L'
Global ID = 21 | from: client_c3_EMNIST: 'M', client_c4_EMNIST: 'M'
Global ID = 22 | from: client_c3_EMNIST: 'N', client_c4_EMNIST: 'N'
Global ID = 23 | from: client_c3_EMNIST: 'P', client_c4_EMNIST: 'P'
Global ID = 24 | from: client_c3_EMNIST: 'Q', client_c4_EMNIST: 'Q'
Global ID = 25 | from: client_c3_EMNIST: 'R', client_c4_EMNIST: 'R'
Global ID = 26 | from: client_c3_EMNIST: 'S', client_c4_EMNIST: 'S'
Global ID = 27 | from: client_c3_EMNIST: 'T', client_c4_EMNIST: 'T'
Global ID = 28 | from: client_c3_EMNIST: 'U', client_c4_EMNIST: 'U'
Global ID = 29 | from: client_c3_EMNIST: 'V', client_c4_EMNIST: 'V'
Global ID = 30 | from: client_c3_EMNIST: 'X', client_c4_EMNIST: 'X'
Global ID = 31 | from: client_c3_EMNIST: 'Y', client_c4_EMNIST: 'Y'
Global ID = 32 | from: client_c3_EMNIST: 'Z', client_c4_EMNIST: 'Z'
Global ID = 33 | from: client_c3_EMNIST: 'a', client_c4_EMNIST: 'a'
Global ID = 34 | from: client_c3_EMNIST: 'b', client_c4_EMNIST: 'b'
Global ID = 35 | from: client_c3_EMNIST: 'd', client_c4_EMNIST: 'd'
Global ID = 36 | from: client_c3_EMNIST: 'e', client_c4_EMNIST: 'e'
Global ID = 37 | from: client_c3_EMNIST: 'h', client_c4_EMNIST: 'h'
Global ID = 38 | from: client_c3_EMNIST: 'i', client_c4_EMNIST: 'i'
Global ID = 39 | from: client_c3_EMNIST: 'k', client_c4_EMNIST: 'k'
Global ID = 40 | from: client_c3_EMNIST: 'n', client_c4_EMNIST: 'n'
Global ID = 41 | from: client_c3_EMNIST: 'r', client_c4_EMNIST: 'r'
Global ID = 42 | from: client_c3_EMNIST: 'w', client_c4_EMNIST: 'w'
Global ID = 43 | from: client_c3_EMNIST: 'z', client_c4_EMNIST: 'z'
Global ID = 44 | from: client_c3_EMNIST: 'E'
Global ID = 45 | from: client_c3_EMNIST: 'I'
Global ID = 46 | from: client_c3_EMNIST: 'O'
Global ID = 47 | from: client_c3_EMNIST: 'W'
Global ID = 48 | from: client_c3_EMNIST: 'c'
Global ID = 49 | from: client_c3_EMNIST: 'f'
Global ID = 50 | from: client_c3_EMNIST: 'g'
Global ID = 51 | from: client_c3_EMNIST: 'j'
Global ID = 52 | from: client_c3_EMNIST: 'm'
Global ID = 53 | from: client_c3_EMNIST: 'o'
Global ID = 54 | from: client_c3_EMNIST: 'p'
Global ID = 55 | from: client_c3_EMNIST: 'q'
Global ID = 56 | from: client_c3_EMNIST: 's'
Global ID = 57 | from: client_c3_EMNIST: 't'
Global ID = 58 | from: client_c3_EMNIST: 'u'
Global ID = 59 | from: client_c3_EMNIST: 'v'
Global ID = 60 | from: client_c3_EMNIST: 'x'
Global ID = 61 | from: client_c3_EMNIST: 'y'
Global ID = 62 | from: client_c4_EMNIST: 'E'
Global ID = 63 | from: client_c4_EMNIST: 'I'
Global ID = 64 | from: client_c4_EMNIST: 'O'
Global ID = 65 | from: client_c4_EMNIST: 'W'
Global ID = 66 | from: client_c4_EMNIST: 'c'
Global ID = 67 | from: client_c4_EMNIST: 'f'
Global ID = 68 | from: client_c4_EMNIST: 'g'
Global ID = 69 | from: client_c4_EMNIST: 'j'
Global ID = 70 | from: client_c4_EMNIST: 'm'
Global ID = 71 | from: client_c4_EMNIST: 'o'
Global ID = 72 | from: client_c4_EMNIST: 'p'
Global ID = 73 | from: client_c4_EMNIST: 'q'
Global ID = 74 | from: client_c4_EMNIST: 's'
Global ID = 75 | from: client_c4_EMNIST: 't'
Global ID = 76 | from: client_c4_EMNIST: 'u'
Global ID = 77 | from: client_c4_EMNIST: 'v'
Global ID = 78 | from: client_c4_EMNIST: 'x'
Global ID = 79 | from: client_c4_EMNIST: 'y'
==================================================

