Time: 2026-05-12 18:47:52
Log Dir: /home/unshun/multi-FL/logs/2026-05-12_17-40-17/new_client_2026-05-12_18-47-52/
================================================================================Loading checkpoints from logs/2026-05-12_17-40-17/Local/
Method selected: DI
Loaded MLP for MNIST from client_model_MNIST_c0_MLP.pth
Loaded LeNet for MNIST from client_model_MNIST_c6_LeNet.pth
Loaded ShuffleNet for MNIST from client_model_MNIST_c8_ShuffleNet.pth
Loaded MobileNetV2 for MNIST from client_model_MNIST_c4_MobileNetV2.pth
Loaded ResNet8 for MNIST from client_model_MNIST_c2_ResNet8.pth
Loaded CNN for MNIST from client_model_MNIST_c1_CNN.pth
Loaded ResNet18 for MNIST from client_model_MNIST_c3_ResNet18.pth
Loaded SqueezeNet for MNIST from client_model_MNIST_c9_SqueezeNet.pth
Loaded AlexNet for MNIST from client_model_MNIST_c7_AlexNet.pth
Loaded MobileNetV3 for MNIST from client_model_MNIST_c5_MobileNetV3.pth
Loaded ShuffleNet for EMNIST from client_model_EMNIST_c19_ShuffleNet.pth
Loaded MobileNetV2 for EMNIST from client_model_EMNIST_c15_MobileNetV2.pth
Loaded AlexNet for EMNIST from client_model_EMNIST_c18_AlexNet.pth
Loaded SqueezeNet for EMNIST from client_model_EMNIST_c20_SqueezeNet.pth
Loaded MobileNetV3 for EMNIST from client_model_EMNIST_c16_MobileNetV3.pth
Loaded ResNet18 for EMNIST from client_model_EMNIST_c14_ResNet18.pth
Loaded ResNet8 for EMNIST from client_model_EMNIST_c13_ResNet8.pth
Loaded CNN for EMNIST from client_model_EMNIST_c12_CNN.pth
Loaded MLP for EMNIST from client_model_EMNIST_c11_MLP.pth
Loaded LeNet for EMNIST from client_model_EMNIST_c17_LeNet.pth
Loaded SqueezeNet for CIFAR10 from client_model_CIFAR10_c31_SqueezeNet.pth
Loaded MLP for CIFAR10 from client_model_CIFAR10_c22_MLP.pth
Loaded ResNet8 for CIFAR10 from client_model_CIFAR10_c24_ResNet8.pth
Loaded CNN for CIFAR10 from client_model_CIFAR10_c23_CNN.pth
Loaded ResNet18 for CIFAR10 from client_model_CIFAR10_c25_ResNet18.pth
Loaded MobileNetV2 for CIFAR10 from client_model_CIFAR10_c26_MobileNetV2.pth
Loaded LeNet for CIFAR10 from client_model_CIFAR10_c28_LeNet.pth
Loaded ShuffleNet for CIFAR10 from client_model_CIFAR10_c30_ShuffleNet.pth
Loaded MobileNetV3 for CIFAR10 from client_model_CIFAR10_c27_MobileNetV3.pth
Loaded AlexNet for CIFAR10 from client_model_CIFAR10_c29_AlexNet.pth
WARNING: No models loaded for dataset: FashionMNIST.
WARNING: No models loaded for dataset: CIFAR100.
WARNING: No models loaded for dataset: USPS.
>>> [!] Checkpoint not found at logs/2026-05-12_17-40-17/Local/server_checkpoints.pth

========================================
>>> [METHOD: SYNTHETIC] Starting Synthetic Label Mapping...
========================================
>>> Target Methods to Run: ['DI']
>>> [!] Checkpoint not found at logs/2026-05-12_17-40-17/Local/server_checkpoints.pth

########################################
>>> [Syn] Running Method: DI
########################################

>>> Syn-DI Training Old Generators...
[Testing] Training Per-Dataset Generators Offline (Old Gen Method)...
--- DeepInversion Generator Configuration ---
    epochs: 20
    g_steps: 15000
    lr: 0.02
    ce: 1.0
    bn: 0.05
    tv: 0.005
    l2: 0.0
    adv: 0.0
    student_lr: 0.2
------------------------------------
    -> [Epoch 0] Student Test Accuracy for MNIST: 10.09%
    -> [Epoch 1] Student Test Accuracy for MNIST: 10.09%
    -> [Epoch 2] Student Test Accuracy for MNIST: 10.10%
    -> [Epoch 3] Student Test Accuracy for MNIST: 10.10%
    -> [Epoch 4] Student Test Accuracy for MNIST: 10.19%
    -> [Epoch 5] Student Test Accuracy for MNIST: 16.27%
    -> [Epoch 6] Student Test Accuracy for MNIST: 26.23%
    -> [Epoch 7] Student Test Accuracy for MNIST: 27.43%
    -> [Epoch 8] Student Test Accuracy for MNIST: 22.34%
    -> [Epoch 9] Student Test Accuracy for MNIST: 23.21%
    -> [Epoch 10] Student Test Accuracy for MNIST: 23.96%
    -> [Epoch 11] Student Test Accuracy for MNIST: 23.39%
    -> [Epoch 12] Student Test Accuracy for MNIST: 23.52%
    -> [Epoch 13] Student Test Accuracy for MNIST: 26.48%
    -> [Epoch 14] Student Test Accuracy for MNIST: 27.13%
    -> [Epoch 15] Student Test Accuracy for MNIST: 26.66%
    -> [Epoch 16] Student Test Accuracy for MNIST: 17.21%
    -> [Epoch 17] Student Test Accuracy for MNIST: 21.97%
    -> [Epoch 18] Student Test Accuracy for MNIST: 17.56%
    -> [Epoch 19] Student Test Accuracy for MNIST: 22.15%
    Dataset [MNIST] Generator | Epochs: 20 | Final Loss: 0.0685
    -> Student Accuracy per Epoch saved to /home/unshun/multi-FL/logs/2026-05-12_17-40-17/new_client_2026-05-12_18-47-52/DI_MNIST_student_acc.csv
-> [New] Gen images saved to /home/unshun/multi-FL/logs/2026-05-12_17-40-17/new_client_2026-05-12_18-47-52/DeepInversion_MNIST__gen_img_old.png
    -> [Epoch 0] Student Test Accuracy for EMNIST: 4.97%
    -> [Epoch 1] Student Test Accuracy for EMNIST: 4.97%
    -> [Epoch 2] Student Test Accuracy for EMNIST: 2.15%
    -> [Epoch 3] Student Test Accuracy for EMNIST: 1.85%
    -> [Epoch 4] Student Test Accuracy for EMNIST: 4.72%
    -> [Epoch 5] Student Test Accuracy for EMNIST: 4.90%
    -> [Epoch 6] Student Test Accuracy for EMNIST: 4.90%
    -> [Epoch 7] Student Test Accuracy for EMNIST: 4.90%
    -> [Epoch 8] Student Test Accuracy for EMNIST: 4.90%
    -> [Epoch 9] Student Test Accuracy for EMNIST: 4.90%
    -> [Epoch 10] Student Test Accuracy for EMNIST: 4.90%
    -> [Epoch 11] Student Test Accuracy for EMNIST: 4.90%
    -> [Epoch 12] Student Test Accuracy for EMNIST: 4.90%
    -> [Epoch 13] Student Test Accuracy for EMNIST: 4.90%
    -> [Epoch 14] Student Test Accuracy for EMNIST: 4.90%
    -> [Epoch 15] Student Test Accuracy for EMNIST: 4.90%
    -> [Epoch 16] Student Test Accuracy for EMNIST: 4.90%
    -> [Epoch 17] Student Test Accuracy for EMNIST: 4.79%
    -> [Epoch 18] Student Test Accuracy for EMNIST: 0.45%
    -> [Epoch 19] Student Test Accuracy for EMNIST: 0.45%
    Dataset [EMNIST] Generator | Epochs: 20 | Final Loss: 0.8639
    -> Student Accuracy per Epoch saved to /home/unshun/multi-FL/logs/2026-05-12_17-40-17/new_client_2026-05-12_18-47-52/DI_EMNIST_student_acc.csv
-> [New] Gen images saved to /home/unshun/multi-FL/logs/2026-05-12_17-40-17/new_client_2026-05-12_18-47-52/DeepInversion_EMNIST__gen_img_old.png
    -> [Epoch 0] Student Test Accuracy for CIFAR10: 7.88%
    -> [Epoch 1] Student Test Accuracy for CIFAR10: 10.06%
    -> [Epoch 2] Student Test Accuracy for CIFAR10: 13.78%
    -> [Epoch 3] Student Test Accuracy for CIFAR10: 17.69%
    -> [Epoch 4] Student Test Accuracy for CIFAR10: 18.67%
    -> [Epoch 5] Student Test Accuracy for CIFAR10: 20.65%
    -> [Epoch 6] Student Test Accuracy for CIFAR10: 19.18%
    -> [Epoch 7] Student Test Accuracy for CIFAR10: 17.70%
    -> [Epoch 8] Student Test Accuracy for CIFAR10: 17.08%
    -> [Epoch 9] Student Test Accuracy for CIFAR10: 18.53%
    -> [Epoch 10] Student Test Accuracy for CIFAR10: 19.54%
    -> [Epoch 11] Student Test Accuracy for CIFAR10: 21.03%
    -> [Epoch 12] Student Test Accuracy for CIFAR10: 22.58%
    -> [Epoch 13] Student Test Accuracy for CIFAR10: 22.84%
    -> [Epoch 14] Student Test Accuracy for CIFAR10: 19.75%
    -> [Epoch 15] Student Test Accuracy for CIFAR10: 18.61%
    -> [Epoch 16] Student Test Accuracy for CIFAR10: 22.75%
    -> [Epoch 17] Student Test Accuracy for CIFAR10: 23.57%
    -> [Epoch 18] Student Test Accuracy for CIFAR10: 23.97%
    -> [Epoch 19] Student Test Accuracy for CIFAR10: 24.73%
    Dataset [CIFAR10] Generator | Epochs: 20 | Final Loss: 0.1763
    -> Student Accuracy per Epoch saved to /home/unshun/multi-FL/logs/2026-05-12_17-40-17/new_client_2026-05-12_18-47-52/DI_CIFAR10_student_acc.csv
-> [New] Gen images saved to /home/unshun/multi-FL/logs/2026-05-12_17-40-17/new_client_2026-05-12_18-47-52/DeepInversion_CIFAR10__gen_img_old.png
Exp: Old Gen + Old Ent (0.1)
dynamic_entropy_ratio: 0.1
Exp: Old Gen + Old Ent (0.15)
dynamic_entropy_ratio: 0.15
Exp: Old Gen + Old Ent (0.2)
dynamic_entropy_ratio: 0.2
Exp: Old Gen + Old Ent (0.25)
dynamic_entropy_ratio: 0.25
Exp: Old Gen + Old Ent (0.3)
dynamic_entropy_ratio: 0.3
Exp: Old Gen + Old Ent (0.35)
dynamic_entropy_ratio: 0.35
Exp: Old Gen + Old Ent (0.4)
dynamic_entropy_ratio: 0.4
Exp: Old Gen + Old Ent (0.45)
dynamic_entropy_ratio: 0.45
Exp: Old Gen + Old Ent (0.5)
dynamic_entropy_ratio: 0.5
Exp: Old Gen + Old Ent (0.55)
dynamic_entropy_ratio: 0.55
Exp: Old Gen + Old Ent (0.6)
dynamic_entropy_ratio: 0.6
Exp: Old Gen + Old Ent (0.65)
dynamic_entropy_ratio: 0.65
Exp: Old Gen + Old Ent (0.7)
dynamic_entropy_ratio: 0.7
Exp: Old Gen + Old Ent (0.75)
dynamic_entropy_ratio: 0.75
Exp: Old Gen + Old Ent (0.8)
dynamic_entropy_ratio: 0.8
Exp: Old Gen + Old Ent (0.85)
dynamic_entropy_ratio: 0.85
Exp: Old Gen + Old Ent (0.9)
dynamic_entropy_ratio: 0.9
Exp: Old Gen + Old Ent (0.95)
dynamic_entropy_ratio: 0.95
Exp: Old Gen + Old Ent (1.0)
dynamic_entropy_ratio: 1.0
Exp: Old Gen + New Ent (0.1)
dynamic_entropy_ratio: 0.1
Exp: Old Gen + New Ent (0.15)
dynamic_entropy_ratio: 0.15
Exp: Old Gen + New Ent (0.2)
dynamic_entropy_ratio: 0.2
Exp: Old Gen + New Ent (0.25)
dynamic_entropy_ratio: 0.25
Exp: Old Gen + New Ent (0.3)
dynamic_entropy_ratio: 0.3
Exp: Old Gen + New Ent (0.35)
dynamic_entropy_ratio: 0.35
Exp: Old Gen + New Ent (0.4)
dynamic_entropy_ratio: 0.4
Exp: Old Gen + New Ent (0.45)
dynamic_entropy_ratio: 0.45
Exp: Old Gen + New Ent (0.5)
dynamic_entropy_ratio: 0.5
Exp: Old Gen + New Ent (0.55)
dynamic_entropy_ratio: 0.55
Exp: Old Gen + New Ent (0.6)
dynamic_entropy_ratio: 0.6
Exp: Old Gen + New Ent (0.65)
dynamic_entropy_ratio: 0.65
Exp: Old Gen + New Ent (0.7)
dynamic_entropy_ratio: 0.7
Exp: Old Gen + New Ent (0.75)
dynamic_entropy_ratio: 0.75
Exp: Old Gen + New Ent (0.8)
dynamic_entropy_ratio: 0.8
Exp: Old Gen + New Ent (0.85)
dynamic_entropy_ratio: 0.85
Exp: Old Gen + New Ent (0.9)
dynamic_entropy_ratio: 0.9
Exp: Old Gen + New Ent (0.95)
dynamic_entropy_ratio: 0.95
Exp: Old Gen + New Ent (1.0)
dynamic_entropy_ratio: 1.0
