Time: 2026-04-17 16:02:11
Log Dir: /home/unshun/multi-FL/logs/Ours_iid_het_gb100/Ours/new_client_2026-04-17_16-02-11/baseline_single_dataset
================================================================================
============================== New Client: baseline ==============================
  Target Model: logs/Ours_iid_het_gb100/Ours/config_checkpoints.pth
  Dataset Mode: single
  Output Dir:   /home/unshun/multi-FL/logs/Ours_iid_het_gb100/Ours/new_client_2026-04-17_16-02-11/baseline_single_dataset
================================================================================

==================================================
Dataset: MNIST | Client ID: 10
==================================================

  [ResNet18] Training...
    Epoch 0 (init) | Acc: 10.28%
    Epoch 1/30 | CE: 0.5208 | Acc: 86.96%
    Epoch 2/30 | CE: 0.1523 | Acc: 91.93%
    Epoch 3/30 | CE: 0.1077 | Acc: 96.35%
    Epoch 4/30 | CE: 0.0875 | Acc: 91.93%
    Epoch 5/30 | CE: 0.0579 | Acc: 97.79%
    Epoch 6/30 | CE: 0.0505 | Acc: 96.80%
    Epoch 7/30 | CE: 0.0308 | Acc: 96.24%
    Epoch 8/30 | CE: 0.0307 | Acc: 98.01%
    Epoch 9/30 | CE: 0.0377 | Acc: 98.12%
    Epoch 10/30 | CE: 0.0201 | Acc: 96.69%
    Epoch 11/30 | CE: 0.0271 | Acc: 96.57%
    Epoch 12/30 | CE: 0.0340 | Acc: 95.80%
    Epoch 13/30 | CE: 0.0380 | Acc: 98.34%
    Epoch 14/30 | CE: 0.0394 | Acc: 98.23%
    Epoch 15/30 | CE: 0.0117 | Acc: 97.46%
    Epoch 16/30 | CE: 0.0119 | Acc: 98.01%
    Epoch 17/30 | CE: 0.0094 | Acc: 98.01%
    Epoch 18/30 | CE: 0.0193 | Acc: 97.35%
    Epoch 19/30 | CE: 0.0128 | Acc: 98.12%
    Epoch 20/30 | CE: 0.0446 | Acc: 98.01%
    Epoch 21/30 | CE: 0.0294 | Acc: 97.68%
    Epoch 22/30 | CE: 0.0106 | Acc: 97.79%
    Epoch 23/30 | CE: 0.0155 | Acc: 97.68%
    Epoch 24/30 | CE: 0.0181 | Acc: 98.12%
    Epoch 25/30 | CE: 0.0040 | Acc: 97.90%
    Epoch 26/30 | CE: 0.0012 | Acc: 98.78%
    Epoch 27/30 | CE: 0.0003 | Acc: 98.56%
    Epoch 28/30 | CE: 0.0003 | Acc: 98.67%
    Epoch 29/30 | CE: 0.0006 | Acc: 98.67%
    Epoch 30/30 | CE: 0.0034 | Acc: 98.56%
Accuracy history saved to /home/unshun/multi-FL/logs/Ours_iid_het_gb100/Ours/new_client_2026-04-17_16-02-11/baseline_single_dataset/MNIST_newclient_history.csv

==================================================
Dataset: EMNIST | Client ID: 21
==================================================

  [ResNet18] Training...
    Epoch 0 (init) | Acc: 1.20%
    Epoch 1/30 | CE: 0.7673 | Acc: 81.53%
    Epoch 2/30 | CE: 0.4800 | Acc: 82.93%
    Epoch 3/30 | CE: 0.4337 | Acc: 83.92%
    Epoch 4/30 | CE: 0.4074 | Acc: 84.50%
    Epoch 5/30 | CE: 0.3869 | Acc: 85.41%
    Epoch 6/30 | CE: 0.3664 | Acc: 85.32%
    Epoch 7/30 | CE: 0.3541 | Acc: 84.65%
    Epoch 8/30 | CE: 0.3382 | Acc: 84.30%
    Epoch 9/30 | CE: 0.3254 | Acc: 85.10%
    Epoch 10/30 | CE: 0.3109 | Acc: 84.75%
    Epoch 11/30 | CE: 0.2974 | Acc: 85.49%
    Epoch 12/30 | CE: 0.2825 | Acc: 85.24%
    Epoch 13/30 | CE: 0.2675 | Acc: 85.16%
    Epoch 14/30 | CE: 0.2536 | Acc: 84.52%
    Epoch 15/30 | CE: 0.2402 | Acc: 83.55%
    Epoch 16/30 | CE: 0.2216 | Acc: 84.84%
    Epoch 17/30 | CE: 0.2048 | Acc: 83.94%
    Epoch 18/30 | CE: 0.1867 | Acc: 83.85%
    Epoch 19/30 | CE: 0.1696 | Acc: 84.10%
    Epoch 20/30 | CE: 0.1482 | Acc: 83.91%
    Epoch 21/30 | CE: 0.1342 | Acc: 84.08%
    Epoch 22/30 | CE: 0.1201 | Acc: 84.03%
    Epoch 23/30 | CE: 0.1022 | Acc: 84.10%
    Epoch 24/30 | CE: 0.0931 | Acc: 82.85%
    Epoch 25/30 | CE: 0.0811 | Acc: 83.56%
    Epoch 26/30 | CE: 0.0762 | Acc: 83.70%
    Epoch 27/30 | CE: 0.0655 | Acc: 83.89%
    Epoch 28/30 | CE: 0.0602 | Acc: 83.35%
    Epoch 29/30 | CE: 0.0539 | Acc: 83.65%
    Epoch 30/30 | CE: 0.0465 | Acc: 83.09%
Accuracy history saved to /home/unshun/multi-FL/logs/Ours_iid_het_gb100/Ours/new_client_2026-04-17_16-02-11/baseline_single_dataset/EMNIST_newclient_history.csv

==================================================
Dataset: CIFAR10 | Client ID: 32
==================================================

  [ResNet18] Training...
    Epoch 0 (init) | Acc: 10.00%
    Epoch 1/30 | CE: 1.9444 | Acc: 28.67%
    Epoch 2/30 | CE: 1.6807 | Acc: 35.00%
    Epoch 3/30 | CE: 1.5645 | Acc: 42.33%
    Epoch 4/30 | CE: 1.4543 | Acc: 42.33%
    Epoch 5/30 | CE: 1.3486 | Acc: 44.33%
    Epoch 6/30 | CE: 1.2648 | Acc: 49.00%
    Epoch 7/30 | CE: 1.1747 | Acc: 48.67%
    Epoch 8/30 | CE: 1.0753 | Acc: 50.11%
    Epoch 9/30 | CE: 0.9417 | Acc: 53.00%
    Epoch 10/30 | CE: 0.8559 | Acc: 54.00%
    Epoch 11/30 | CE: 0.7554 | Acc: 50.89%
    Epoch 12/30 | CE: 0.6251 | Acc: 52.22%
    Epoch 13/30 | CE: 0.4829 | Acc: 59.33%
    Epoch 14/30 | CE: 0.3913 | Acc: 52.89%
    Epoch 15/30 | CE: 0.3235 | Acc: 54.33%
    Epoch 16/30 | CE: 0.2165 | Acc: 54.89%
    Epoch 17/30 | CE: 0.1854 | Acc: 52.11%
    Epoch 18/30 | CE: 0.1612 | Acc: 56.56%
    Epoch 19/30 | CE: 0.1151 | Acc: 57.11%
    Epoch 20/30 | CE: 0.0749 | Acc: 57.89%
    Epoch 21/30 | CE: 0.0872 | Acc: 56.78%
    Epoch 22/30 | CE: 0.0982 | Acc: 59.11%
    Epoch 23/30 | CE: 0.0618 | Acc: 58.33%
    Epoch 24/30 | CE: 0.0446 | Acc: 59.11%
    Epoch 25/30 | CE: 0.0434 | Acc: 58.22%
    Epoch 26/30 | CE: 0.0572 | Acc: 57.78%
    Epoch 27/30 | CE: 0.0686 | Acc: 57.67%
    Epoch 28/30 | CE: 0.0837 | Acc: 56.56%
    Epoch 29/30 | CE: 0.1069 | Acc: 54.67%
    Epoch 30/30 | CE: 0.0486 | Acc: 60.33%
Accuracy history saved to /home/unshun/multi-FL/logs/Ours_iid_het_gb100/Ours/new_client_2026-04-17_16-02-11/baseline_single_dataset/CIFAR10_newclient_history.csv

============================== Finished. Total Time: 0:11:51 ==============================
