Time: 2026-06-18 16:01:09
Log Dir: logs/2026-06-18_16-01-09/GeFL_DDPM_baseline_total_sep
================================================================================

==============================        Args        ==============================
  exp_timestamp: None
  exp_conf: ./configs/het-iid-exp.yaml
  device: cuda:1
  seed: 15698
  algorithm: GeFL_DDPM_baseline_total_sep
  num_new_clients: 1
  num_train_mnist: 10
  num_train_emnist: 10
  num_train_fashionmnist: 0
  num_train_cifar10: 0
  num_train_cifar100: 0
  num_train_usps: 0
  label_mapping: independent
================================================================================
==============================    Exp Configs     ==============================
exp_name: model-heterogeneity
heterogeneous: true
dirichlet_alpha: 100
global_rounds: 30
local_epochs: 1
local_loss_fn: CrossEntropyLoss
local_optim: Adam
local_lr: 0.001
batch_size: 64
sample_frac: 1.0
test_interval: 1
metric_type: accuracy
global_feature_dim: 256
optim: Adam
optim_lr: 0.001
global_gen_epochs: 10
gen_noise_dim: 128
gen_optim: Adam
gen_optim_lr: 0.001
global_feat_gen_epochs: 10
feat_gen_noise_dim: 128
feat_gen_optim: Adam
feat_gen_optim_lr: 0.001
feat_gen_div_beta: 1.0
public_data_ratio: 0.05
start_mapping_epoch: 20
gen_observer_weight: 0.0
index_matching: ddpm
aggregate_method: dataset_name
use_new_entropy_method: true
entropy_ratio: 0.7
cs_threshold: 0.9
global_model_epochs: 5
global_model_optim: Adam
global_model_optim_lr: 0.001
global_samples_per_class: 64

================================================================================

==================================================
Start 30 rounds training by GeFL_DDPM_baseline_total_sep
Selected client ids: [0, 1, 2, 3, 4, 5, 6, 7, 8, 9, 10, 11, 12, 13, 14, 15, 16, 17, 18, 19]
--- Round 1 ---
Client 0 (MNIST) | Target Loss: 1.0155 | DDPM Loss: 0.1122
Client 1 (MNIST) | Target Loss: 1.4477 | DDPM Loss: 0.1043
Client 2 (MNIST) | Target Loss: 0.8633 | DDPM Loss: 0.1018
Client 3 (MNIST) | Target Loss: 0.4429 | DDPM Loss: 0.1068
Client 4 (MNIST) | Target Loss: 1.6371 | DDPM Loss: 0.1010
Client 5 (MNIST) | Target Loss: 1.7502 | DDPM Loss: 0.1055
Client 6 (MNIST) | Target Loss: 1.4891 | DDPM Loss: 0.1008
Client 7 (MNIST) | Target Loss: 1.3619 | DDPM Loss: 0.0997
Client 8 (MNIST) | Target Loss: 1.7075 | DDPM Loss: 0.1094
Client 9 (MNIST) | Target Loss: 1.9422 | DDPM Loss: 0.1039
Client 11 (EMNIST) | Target Loss: 1.2016 | DDPM Loss: 0.0270
Client 12 (EMNIST) | Target Loss: 1.3124 | DDPM Loss: 0.0272
Client 13 (EMNIST) | Target Loss: 0.9189 | DDPM Loss: 0.0264
Client 14 (EMNIST) | Target Loss: 0.7588 | DDPM Loss: 0.0260
Client 15 (EMNIST) | Target Loss: 1.4689 | DDPM Loss: 0.0295
Client 16 (EMNIST) | Target Loss: 2.0775 | DDPM Loss: 0.0257
Client 17 (EMNIST) | Target Loss: 1.2585 | DDPM Loss: 0.0264
Client 18 (EMNIST) | Target Loss: 1.1952 | DDPM Loss: 0.0271
Client 19 (EMNIST) | Target Loss: 1.6406 | DDPM Loss: 0.0264
Client 20 (EMNIST) | Target Loss: 1.8232 | DDPM Loss: 0.0266
Selected client ids: [0, 1, 2, 3, 4, 5, 6, 7, 8, 9, 10, 11, 12, 13, 14, 15, 16, 17, 18, 19]
--- Round 2 ---
Client 0 (MNIST) | Target Loss: 0.4496 | DDPM Loss: 0.0592
Client 1 (MNIST) | Target Loss: 0.4311 | DDPM Loss: 0.0587
Client 2 (MNIST) | Target Loss: 0.1827 | DDPM Loss: 0.0591
Client 3 (MNIST) | Target Loss: 0.1337 | DDPM Loss: 0.0609
Client 4 (MNIST) | Target Loss: 0.6157 | DDPM Loss: 0.0581
Client 5 (MNIST) | Target Loss: 1.2103 | DDPM Loss: 0.0582
Client 6 (MNIST) | Target Loss: 0.4894 | DDPM Loss: 0.0578
Client 7 (MNIST) | Target Loss: 0.3115 | DDPM Loss: 0.0569
Client 8 (MNIST) | Target Loss: 0.9241 | DDPM Loss: 0.0639
Client 9 (MNIST) | Target Loss: 1.0822 | DDPM Loss: 0.0587
Client 11 (EMNIST) | Target Loss: 0.7355 | DDPM Loss: 0.0180
Client 12 (EMNIST) | Target Loss: 0.6721 | DDPM Loss: 0.0176
Client 13 (EMNIST) | Target Loss: 0.5012 | DDPM Loss: 0.0180
Client 14 (EMNIST) | Target Loss: 0.4680 | DDPM Loss: 0.0170
Client 15 (EMNIST) | Target Loss: 0.7542 | DDPM Loss: 0.0180
Client 16 (EMNIST) | Target Loss: 1.2621 | DDPM Loss: 0.0176
Client 17 (EMNIST) | Target Loss: 0.6159 | DDPM Loss: 0.0176
Client 18 (EMNIST) | Target Loss: 0.4916 | DDPM Loss: 0.0177
Client 19 (EMNIST) | Target Loss: 0.8284 | DDPM Loss: 0.0172
Client 20 (EMNIST) | Target Loss: 0.8532 | DDPM Loss: 0.0177
Selected client ids: [0, 1, 2, 3, 4, 5, 6, 7, 8, 9, 10, 11, 12, 13, 14, 15, 16, 17, 18, 19]
--- Round 3 ---
Client 0 (MNIST) | Target Loss: 0.3223 | DDPM Loss: 0.0233
Client 1 (MNIST) | Target Loss: 0.2271 | DDPM Loss: 0.0230
Client 2 (MNIST) | Target Loss: 0.1255 | DDPM Loss: 0.0234
Client 3 (MNIST) | Target Loss: 0.1161 | DDPM Loss: 0.0235
Client 4 (MNIST) | Target Loss: 0.3632 | DDPM Loss: 0.0228
Client 5 (MNIST) | Target Loss: 0.9963 | DDPM Loss: 0.0232
Client 6 (MNIST) | Target Loss: 0.2718 | DDPM Loss: 0.0231
Client 7 (MNIST) | Target Loss: 0.1791 | DDPM Loss: 0.0226
Client 8 (MNIST) | Target Loss: 0.5564 | DDPM Loss: 0.0237
Client 9 (MNIST) | Target Loss: 0.6832 | DDPM Loss: 0.0231
Client 11 (EMNIST) | Target Loss: 0.6418 | DDPM Loss: 0.0122
Client 12 (EMNIST) | Target Loss: 0.5737 | DDPM Loss: 0.0122
Client 13 (EMNIST) | Target Loss: 0.4480 | DDPM Loss: 0.0122
Client 14 (EMNIST) | Target Loss: 0.4233 | DDPM Loss: 0.0123
Client 15 (EMNIST) | Target Loss: 0.6441 | DDPM Loss: 0.0122
Client 16 (EMNIST) | Target Loss: 1.0098 | DDPM Loss: 0.0122
Client 17 (EMNIST) | Target Loss: 0.5257 | DDPM Loss: 0.0123
Client 18 (EMNIST) | Target Loss: 0.4358 | DDPM Loss: 0.0124
Client 19 (EMNIST) | Target Loss: 0.6839 | DDPM Loss: 0.0122
Client 20 (EMNIST) | Target Loss: 0.6949 | DDPM Loss: 0.0122
Selected client ids: [0, 1, 2, 3, 4, 5, 6, 7, 8, 9, 10, 11, 12, 13, 14, 15, 16, 17, 18, 19]
--- Round 4 ---
Client 0 (MNIST) | Target Loss: 0.2672 | DDPM Loss: 0.0191
Client 1 (MNIST) | Target Loss: 0.1530 | DDPM Loss: 0.0186
Client 2 (MNIST) | Target Loss: 0.0958 | DDPM Loss: 0.0188
Client 3 (MNIST) | Target Loss: 0.1054 | DDPM Loss: 0.0190
Client 4 (MNIST) | Target Loss: 0.2470 | DDPM Loss: 0.0185
Client 5 (MNIST) | Target Loss: 0.8483 | DDPM Loss: 0.0195
Client 6 (MNIST) | Target Loss: 0.1872 | DDPM Loss: 0.0185
Client 7 (MNIST) | Target Loss: 0.1120 | DDPM Loss: 0.0184
Client 8 (MNIST) | Target Loss: 0.5879 | DDPM Loss: 0.0225
Client 9 (MNIST) | Target Loss: 0.5023 | DDPM Loss: 0.0181
Client 11 (EMNIST) | Target Loss: 0.5867 | DDPM Loss: 0.0101
Client 12 (EMNIST) | Target Loss: 0.5286 | DDPM Loss: 0.0100
Client 13 (EMNIST) | Target Loss: 0.4187 | DDPM Loss: 0.0100
Client 14 (EMNIST) | Target Loss: 0.3955 | DDPM Loss: 0.0100
Client 15 (EMNIST) | Target Loss: 0.6002 | DDPM Loss: 0.0100
Client 16 (EMNIST) | Target Loss: 0.8744 | DDPM Loss: 0.0099
Client 17 (EMNIST) | Target Loss: 0.4816 | DDPM Loss: 0.0100
Client 18 (EMNIST) | Target Loss: 0.4021 | DDPM Loss: 0.0100
Client 19 (EMNIST) | Target Loss: 0.6161 | DDPM Loss: 0.0100
Client 20 (EMNIST) | Target Loss: 0.6294 | DDPM Loss: 0.0100
Selected client ids: [0, 1, 2, 3, 4, 5, 6, 7, 8, 9, 10, 11, 12, 13, 14, 15, 16, 17, 18, 19]
--- Round 5 ---
Client 0 (MNIST) | Target Loss: 0.2176 | DDPM Loss: 0.0163
Client 1 (MNIST) | Target Loss: 0.1203 | DDPM Loss: 0.0159
Client 2 (MNIST) | Target Loss: 0.0697 | DDPM Loss: 0.0167
Client 3 (MNIST) | Target Loss: 0.0792 | DDPM Loss: 0.0163
Client 4 (MNIST) | Target Loss: 0.1962 | DDPM Loss: 0.0168
Client 5 (MNIST) | Target Loss: 0.7234 | DDPM Loss: 0.0162
Client 6 (MNIST) | Target Loss: 0.1553 | DDPM Loss: 0.0165
Client 7 (MNIST) | Target Loss: 0.0978 | DDPM Loss: 0.0165
Client 8 (MNIST) | Target Loss: 0.3742 | DDPM Loss: 0.0169
Client 9 (MNIST) | Target Loss: 0.3464 | DDPM Loss: 0.0169
Client 11 (EMNIST) | Target Loss: 0.5440 | DDPM Loss: 0.0092
Client 12 (EMNIST) | Target Loss: 0.4966 | DDPM Loss: 0.0091
Client 13 (EMNIST) | Target Loss: 0.3964 | DDPM Loss: 0.0092
Client 14 (EMNIST) | Target Loss: 0.3789 | DDPM Loss: 0.0091
Client 15 (EMNIST) | Target Loss: 0.5606 | DDPM Loss: 0.0091
Client 16 (EMNIST) | Target Loss: 0.8068 | DDPM Loss: 0.0091
Client 17 (EMNIST) | Target Loss: 0.4516 | DDPM Loss: 0.0091
Client 18 (EMNIST) | Target Loss: 0.3796 | DDPM Loss: 0.0092
Client 19 (EMNIST) | Target Loss: 0.5756 | DDPM Loss: 0.0092
Client 20 (EMNIST) | Target Loss: 0.5964 | DDPM Loss: 0.0092
Selected client ids: [0, 1, 2, 3, 4, 5, 6, 7, 8, 9, 10, 11, 12, 13, 14, 15, 16, 17, 18, 19]
--- Round 6 ---
Client 0 (MNIST) | Target Loss: 0.1963 | DDPM Loss: 0.0150
Client 1 (MNIST) | Target Loss: 0.0969 | DDPM Loss: 0.0151
Client 2 (MNIST) | Target Loss: 0.0510 | DDPM Loss: 0.0151
Client 3 (MNIST) | Target Loss: 0.0980 | DDPM Loss: 0.0154
Client 4 (MNIST) | Target Loss: 0.1825 | DDPM Loss: 0.0147
Client 5 (MNIST) | Target Loss: 0.6448 | DDPM Loss: 0.0156
Client 6 (MNIST) | Target Loss: 0.1221 | DDPM Loss: 0.0149
Client 7 (MNIST) | Target Loss: 0.0872 | DDPM Loss: 0.0152
Client 8 (MNIST) | Target Loss: 0.3013 | DDPM Loss: 0.0179
Client 9 (MNIST) | Target Loss: 0.2724 | DDPM Loss: 0.0147
Client 11 (EMNIST) | Target Loss: 0.5191 | DDPM Loss: 0.0088
Client 12 (EMNIST) | Target Loss: 0.4735 | DDPM Loss: 0.0087
Client 13 (EMNIST) | Target Loss: 0.3781 | DDPM Loss: 0.0088
Client 14 (EMNIST) | Target Loss: 0.3594 | DDPM Loss: 0.0088
Client 15 (EMNIST) | Target Loss: 0.5365 | DDPM Loss: 0.0088
Client 16 (EMNIST) | Target Loss: 0.7533 | DDPM Loss: 0.0087
Client 17 (EMNIST) | Target Loss: 0.4338 | DDPM Loss: 0.0087
Client 18 (EMNIST) | Target Loss: 0.3547 | DDPM Loss: 0.0088
Client 19 (EMNIST) | Target Loss: 0.5448 | DDPM Loss: 0.0087
Client 20 (EMNIST) | Target Loss: 0.5559 | DDPM Loss: 0.0088
Selected client ids: [0, 1, 2, 3, 4, 5, 6, 7, 8, 9, 10, 11, 12, 13, 14, 15, 16, 17, 18, 19]
--- Round 7 ---
Client 0 (MNIST) | Target Loss: 0.1672 | DDPM Loss: 0.0139
Client 1 (MNIST) | Target Loss: 0.0869 | DDPM Loss: 0.0139
Client 2 (MNIST) | Target Loss: 0.0399 | DDPM Loss: 0.0138
Client 3 (MNIST) | Target Loss: 0.0402 | DDPM Loss: 0.0140
Client 4 (MNIST) | Target Loss: 0.1811 | DDPM Loss: 0.0138
Client 5 (MNIST) | Target Loss: 0.5941 | DDPM Loss: 0.0136
Client 6 (MNIST) | Target Loss: 0.0998 | DDPM Loss: 0.0140
Client 7 (MNIST) | Target Loss: 0.0704 | DDPM Loss: 0.0135
Client 8 (MNIST) | Target Loss: 0.9649 | DDPM Loss: 0.0136
Client 9 (MNIST) | Target Loss: 0.2248 | DDPM Loss: 0.0141
Client 11 (EMNIST) | Target Loss: 0.4978 | DDPM Loss: 0.0086
Client 12 (EMNIST) | Target Loss: 0.4547 | DDPM Loss: 0.0085
Client 13 (EMNIST) | Target Loss: 0.3595 | DDPM Loss: 0.0085
Client 14 (EMNIST) | Target Loss: 0.3406 | DDPM Loss: 0.0084
Client 15 (EMNIST) | Target Loss: 0.5142 | DDPM Loss: 0.0085
Client 16 (EMNIST) | Target Loss: 0.7204 | DDPM Loss: 0.0084
Client 17 (EMNIST) | Target Loss: 0.4167 | DDPM Loss: 0.0085
Client 18 (EMNIST) | Target Loss: 0.3361 | DDPM Loss: 0.0085
Client 19 (EMNIST) | Target Loss: 0.5260 | DDPM Loss: 0.0085
Client 20 (EMNIST) | Target Loss: 0.5422 | DDPM Loss: 0.0086
Selected client ids: [0, 1, 2, 3, 4, 5, 6, 7, 8, 9, 10, 11, 12, 13, 14, 15, 16, 17, 18, 19]
--- Round 8 ---
Client 0 (MNIST) | Target Loss: 0.1625 | DDPM Loss: 0.0128
Client 1 (MNIST) | Target Loss: 0.0748 | DDPM Loss: 0.0126
Client 2 (MNIST) | Target Loss: 0.0483 | DDPM Loss: 0.0130
Client 3 (MNIST) | Target Loss: 0.0488 | DDPM Loss: 0.0137
Client 4 (MNIST) | Target Loss: 0.1702 | DDPM Loss: 0.0130
Client 5 (MNIST) | Target Loss: 0.5291 | DDPM Loss: 0.0135
Client 6 (MNIST) | Target Loss: 0.0840 | DDPM Loss: 0.0130
Client 7 (MNIST) | Target Loss: 0.0493 | DDPM Loss: 0.0129
Client 8 (MNIST) | Target Loss: 0.7114 | DDPM Loss: 0.0132
Client 9 (MNIST) | Target Loss: 0.2026 | DDPM Loss: 0.0133
Client 11 (EMNIST) | Target Loss: 0.4768 | DDPM Loss: 0.0083
Client 12 (EMNIST) | Target Loss: 0.4401 | DDPM Loss: 0.0083
Client 13 (EMNIST) | Target Loss: 0.3475 | DDPM Loss: 0.0083
Client 14 (EMNIST) | Target Loss: 0.3248 | DDPM Loss: 0.0083
Client 15 (EMNIST) | Target Loss: 0.4912 | DDPM Loss: 0.0083
Client 16 (EMNIST) | Target Loss: 0.6933 | DDPM Loss: 0.0083
Client 17 (EMNIST) | Target Loss: 0.4037 | DDPM Loss: 0.0082
Client 18 (EMNIST) | Target Loss: 0.3184 | DDPM Loss: 0.0083
Client 19 (EMNIST) | Target Loss: 0.5052 | DDPM Loss: 0.0083
Client 20 (EMNIST) | Target Loss: 0.5257 | DDPM Loss: 0.0083
Selected client ids: [0, 1, 2, 3, 4, 5, 6, 7, 8, 9, 10, 11, 12, 13, 14, 15, 16, 17, 18, 19]
--- Round 9 ---
Client 0 (MNIST) | Target Loss: 0.1522 | DDPM Loss: 0.0123
Client 1 (MNIST) | Target Loss: 0.0609 | DDPM Loss: 0.0121
Client 2 (MNIST) | Target Loss: 0.0502 | DDPM Loss: 0.0122
Client 3 (MNIST) | Target Loss: 0.0725 | DDPM Loss: 0.0123
Client 4 (MNIST) | Target Loss: 0.1159 | DDPM Loss: 0.0127
Client 5 (MNIST) | Target Loss: 0.4943 | DDPM Loss: 0.0121
Client 6 (MNIST) | Target Loss: 0.0711 | DDPM Loss: 0.0123
Client 7 (MNIST) | Target Loss: 0.0312 | DDPM Loss: 0.0128
Client 8 (MNIST) | Target Loss: 0.6226 | DDPM Loss: 0.0145
Client 9 (MNIST) | Target Loss: 0.1966 | DDPM Loss: 0.0122
Client 11 (EMNIST) | Target Loss: 0.4613 | DDPM Loss: 0.0082
Client 12 (EMNIST) | Target Loss: 0.4296 | DDPM Loss: 0.0081
Client 13 (EMNIST) | Target Loss: 0.3345 | DDPM Loss: 0.0082
Client 14 (EMNIST) | Target Loss: 0.3138 | DDPM Loss: 0.0081
Client 15 (EMNIST) | Target Loss: 0.4751 | DDPM Loss: 0.0081
Client 16 (EMNIST) | Target Loss: 0.6691 | DDPM Loss: 0.0082
Client 17 (EMNIST) | Target Loss: 0.3907 | DDPM Loss: 0.0082
Client 18 (EMNIST) | Target Loss: 0.3019 | DDPM Loss: 0.0082
Client 19 (EMNIST) | Target Loss: 0.4863 | DDPM Loss: 0.0082
Client 20 (EMNIST) | Target Loss: 0.5145 | DDPM Loss: 0.0082
Selected client ids: [0, 1, 2, 3, 4, 5, 6, 7, 8, 9, 10, 11, 12, 13, 14, 15, 16, 17, 18, 19]
--- Round 10 ---
Client 0 (MNIST) | Target Loss: 0.1286 | DDPM Loss: 0.0119
Client 1 (MNIST) | Target Loss: 0.0359 | DDPM Loss: 0.0118
Client 2 (MNIST) | Target Loss: 0.0339 | DDPM Loss: 0.0118
Client 3 (MNIST) | Target Loss: 0.0278 | DDPM Loss: 0.0122
Client 4 (MNIST) | Target Loss: 0.1402 | DDPM Loss: 0.0118
Client 5 (MNIST) | Target Loss: 0.4627 | DDPM Loss: 0.0140
Client 6 (MNIST) | Target Loss: 0.0666 | DDPM Loss: 0.0118
Client 7 (MNIST) | Target Loss: 0.0486 | DDPM Loss: 0.0119
Client 8 (MNIST) | Target Loss: 0.5727 | DDPM Loss: 0.0155
Client 9 (MNIST) | Target Loss: 0.1210 | DDPM Loss: 0.0118
Client 11 (EMNIST) | Target Loss: 0.4467 | DDPM Loss: 0.0081
Client 12 (EMNIST) | Target Loss: 0.4166 | DDPM Loss: 0.0081
Client 13 (EMNIST) | Target Loss: 0.3196 | DDPM Loss: 0.0080
Client 14 (EMNIST) | Target Loss: 0.3008 | DDPM Loss: 0.0081
Client 15 (EMNIST) | Target Loss: 0.4646 | DDPM Loss: 0.0080
Client 16 (EMNIST) | Target Loss: 0.6472 | DDPM Loss: 0.0081
Client 17 (EMNIST) | Target Loss: 0.3788 | DDPM Loss: 0.0081
Client 18 (EMNIST) | Target Loss: 0.2857 | DDPM Loss: 0.0080
Client 19 (EMNIST) | Target Loss: 0.4711 | DDPM Loss: 0.0081
Client 20 (EMNIST) | Target Loss: 0.4960 | DDPM Loss: 0.0081
Selected client ids: [0, 1, 2, 3, 4, 5, 6, 7, 8, 9, 10, 11, 12, 13, 14, 15, 16, 17, 18, 19]
--- Round 11 ---
Client 0 (MNIST) | Target Loss: 0.1425 | DDPM Loss: 0.0114
Client 1 (MNIST) | Target Loss: 0.0388 | DDPM Loss: 0.0112
Client 2 (MNIST) | Target Loss: 0.0138 | DDPM Loss: 0.0115
Client 3 (MNIST) | Target Loss: 0.0210 | DDPM Loss: 0.0112
Client 4 (MNIST) | Target Loss: 0.1202 | DDPM Loss: 0.0114
Client 5 (MNIST) | Target Loss: 0.4209 | DDPM Loss: 0.0115
Client 6 (MNIST) | Target Loss: 0.0553 | DDPM Loss: 0.0115
Client 7 (MNIST) | Target Loss: 0.0230 | DDPM Loss: 0.0113
Client 8 (MNIST) | Target Loss: 0.4602 | DDPM Loss: 0.0114
Client 9 (MNIST) | Target Loss: 0.1624 | DDPM Loss: 0.0114
Client 11 (EMNIST) | Target Loss: 0.4390 | DDPM Loss: 0.0080
Client 12 (EMNIST) | Target Loss: 0.4074 | DDPM Loss: 0.0079
Client 13 (EMNIST) | Target Loss: 0.3064 | DDPM Loss: 0.0080
Client 14 (EMNIST) | Target Loss: 0.2866 | DDPM Loss: 0.0079
Client 15 (EMNIST) | Target Loss: 0.4482 | DDPM Loss: 0.0079
Client 16 (EMNIST) | Target Loss: 0.6334 | DDPM Loss: 0.0080
Client 17 (EMNIST) | Target Loss: 0.3703 | DDPM Loss: 0.0080
Client 18 (EMNIST) | Target Loss: 0.2681 | DDPM Loss: 0.0079
Client 19 (EMNIST) | Target Loss: 0.4602 | DDPM Loss: 0.0080
Client 20 (EMNIST) | Target Loss: 0.4920 | DDPM Loss: 0.0080
Selected client ids: [0, 1, 2, 3, 4, 5, 6, 7, 8, 9, 10, 11, 12, 13, 14, 15, 16, 17, 18, 19]
--- Round 12 ---
Client 0 (MNIST) | Target Loss: 0.1161 | DDPM Loss: 0.0113
Client 1 (MNIST) | Target Loss: 0.0475 | DDPM Loss: 0.0111
Client 2 (MNIST) | Target Loss: 0.0216 | DDPM Loss: 0.0112
Client 3 (MNIST) | Target Loss: 0.0208 | DDPM Loss: 0.0114
Client 4 (MNIST) | Target Loss: 0.1025 | DDPM Loss: 0.0113
Client 5 (MNIST) | Target Loss: 0.3918 | DDPM Loss: 0.0110
Client 6 (MNIST) | Target Loss: 0.0572 | DDPM Loss: 0.0109
Client 7 (MNIST) | Target Loss: 0.0404 | DDPM Loss: 0.0110
Client 8 (MNIST) | Target Loss: 0.3982 | DDPM Loss: 0.0133
Client 9 (MNIST) | Target Loss: 0.0966 | DDPM Loss: 0.0112
Client 11 (EMNIST) | Target Loss: 0.4281 | DDPM Loss: 0.0079
Client 12 (EMNIST) | Target Loss: 0.3967 | DDPM Loss: 0.0078
Client 13 (EMNIST) | Target Loss: 0.2947 | DDPM Loss: 0.0079
Client 14 (EMNIST) | Target Loss: 0.2725 | DDPM Loss: 0.0078
Client 15 (EMNIST) | Target Loss: 0.4393 | DDPM Loss: 0.0078
Client 16 (EMNIST) | Target Loss: 0.6187 | DDPM Loss: 0.0078
Client 17 (EMNIST) | Target Loss: 0.3607 | DDPM Loss: 0.0079
Client 18 (EMNIST) | Target Loss: 0.2559 | DDPM Loss: 0.0078
Client 19 (EMNIST) | Target Loss: 0.4507 | DDPM Loss: 0.0079
Client 20 (EMNIST) | Target Loss: 0.4799 | DDPM Loss: 0.0079
Selected client ids: [0, 1, 2, 3, 4, 5, 6, 7, 8, 9, 10, 11, 12, 13, 14, 15, 16, 17, 18, 19]
--- Round 13 ---
Client 0 (MNIST) | Target Loss: 0.0947 | DDPM Loss: 0.0108
Client 1 (MNIST) | Target Loss: 0.0261 | DDPM Loss: 0.0104
Client 2 (MNIST) | Target Loss: 0.0154 | DDPM Loss: 0.0106
Client 3 (MNIST) | Target Loss: 0.0138 | DDPM Loss: 0.0109
Client 4 (MNIST) | Target Loss: 0.1010 | DDPM Loss: 0.0109
Client 5 (MNIST) | Target Loss: 0.3301 | DDPM Loss: 0.0106
Client 6 (MNIST) | Target Loss: 0.0415 | DDPM Loss: 0.0108
Client 7 (MNIST) | Target Loss: 0.0271 | DDPM Loss: 0.0110
Client 8 (MNIST) | Target Loss: 0.3593 | DDPM Loss: 0.0104
Client 9 (MNIST) | Target Loss: 0.1034 | DDPM Loss: 0.0107
Client 11 (EMNIST) | Target Loss: 0.4199 | DDPM Loss: 0.0078
Client 12 (EMNIST) | Target Loss: 0.3888 | DDPM Loss: 0.0078
Client 13 (EMNIST) | Target Loss: 0.2806 | DDPM Loss: 0.0078
Client 14 (EMNIST) | Target Loss: 0.2578 | DDPM Loss: 0.0078
Client 15 (EMNIST) | Target Loss: 0.4290 | DDPM Loss: 0.0078
Client 16 (EMNIST) | Target Loss: 0.5978 | DDPM Loss: 0.0077
Client 17 (EMNIST) | Target Loss: 0.3515 | DDPM Loss: 0.0078
Client 18 (EMNIST) | Target Loss: 0.2427 | DDPM Loss: 0.0078
Client 19 (EMNIST) | Target Loss: 0.4375 | DDPM Loss: 0.0078
Client 20 (EMNIST) | Target Loss: 0.4671 | DDPM Loss: 0.0078
Selected client ids: [0, 1, 2, 3, 4, 5, 6, 7, 8, 9, 10, 11, 12, 13, 14, 15, 16, 17, 18, 19]
--- Round 14 ---
Client 0 (MNIST) | Target Loss: 0.0848 | DDPM Loss: 0.0106
Client 1 (MNIST) | Target Loss: 0.0324 | DDPM Loss: 0.0108
Client 2 (MNIST) | Target Loss: 0.0138 | DDPM Loss: 0.0104
Client 3 (MNIST) | Target Loss: 0.0381 | DDPM Loss: 0.0103
Client 4 (MNIST) | Target Loss: 0.1028 | DDPM Loss: 0.0104
Client 5 (MNIST) | Target Loss: 0.3170 | DDPM Loss: 0.0130
Client 6 (MNIST) | Target Loss: 0.0374 | DDPM Loss: 0.0105
Client 7 (MNIST) | Target Loss: 0.0216 | DDPM Loss: 0.0104
Client 8 (MNIST) | Target Loss: 0.5174 | DDPM Loss: 0.0103
Client 9 (MNIST) | Target Loss: 0.0789 | DDPM Loss: 0.0103
Client 11 (EMNIST) | Target Loss: 0.4111 | DDPM Loss: 0.0078
Client 12 (EMNIST) | Target Loss: 0.3828 | DDPM Loss: 0.0078
Client 13 (EMNIST) | Target Loss: 0.2680 | DDPM Loss: 0.0078
Client 14 (EMNIST) | Target Loss: 0.2464 | DDPM Loss: 0.0077
Client 15 (EMNIST) | Target Loss: 0.4183 | DDPM Loss: 0.0078
Client 16 (EMNIST) | Target Loss: 0.5885 | DDPM Loss: 0.0077
Client 17 (EMNIST) | Target Loss: 0.3454 | DDPM Loss: 0.0077
Client 18 (EMNIST) | Target Loss: 0.2314 | DDPM Loss: 0.0077
Client 19 (EMNIST) | Target Loss: 0.4247 | DDPM Loss: 0.0077
Client 20 (EMNIST) | Target Loss: 0.4724 | DDPM Loss: 0.0078
Selected client ids: [0, 1, 2, 3, 4, 5, 6, 7, 8, 9, 10, 11, 12, 13, 14, 15, 16, 17, 18, 19]
--- Round 15 ---
Client 0 (MNIST) | Target Loss: 0.0802 | DDPM Loss: 0.0102
Client 1 (MNIST) | Target Loss: 0.0220 | DDPM Loss: 0.0099
Client 2 (MNIST) | Target Loss: 0.0077 | DDPM Loss: 0.0102
Client 3 (MNIST) | Target Loss: 0.0655 | DDPM Loss: 0.0106
Client 4 (MNIST) | Target Loss: 0.0981 | DDPM Loss: 0.0106
Client 5 (MNIST) | Target Loss: 0.3200 | DDPM Loss: 0.0100
Client 6 (MNIST) | Target Loss: 0.0318 | DDPM Loss: 0.0102
Client 7 (MNIST) | Target Loss: 0.0276 | DDPM Loss: 0.0103
Client 8 (MNIST) | Target Loss: 0.9499 | DDPM Loss: 0.0101
Client 9 (MNIST) | Target Loss: 0.0642 | DDPM Loss: 0.0102
Client 11 (EMNIST) | Target Loss: 0.4053 | DDPM Loss: 0.0077
Client 12 (EMNIST) | Target Loss: 0.3749 | DDPM Loss: 0.0077
Client 13 (EMNIST) | Target Loss: 0.2525 | DDPM Loss: 0.0077
Client 14 (EMNIST) | Target Loss: 0.2282 | DDPM Loss: 0.0077
Client 15 (EMNIST) | Target Loss: 0.4120 | DDPM Loss: 0.0077
Client 16 (EMNIST) | Target Loss: 0.5812 | DDPM Loss: 0.0077
Client 17 (EMNIST) | Target Loss: 0.3387 | DDPM Loss: 0.0077
Client 18 (EMNIST) | Target Loss: 0.2142 | DDPM Loss: 0.0077
Client 19 (EMNIST) | Target Loss: 0.4247 | DDPM Loss: 0.0077
Client 20 (EMNIST) | Target Loss: 0.4585 | DDPM Loss: 0.0077
Selected client ids: [0, 1, 2, 3, 4, 5, 6, 7, 8, 9, 10, 11, 12, 13, 14, 15, 16, 17, 18, 19]
--- Round 16 ---
Client 0 (MNIST) | Target Loss: 0.0929 | DDPM Loss: 0.0100
Client 1 (MNIST) | Target Loss: 0.0185 | DDPM Loss: 0.0100
Client 2 (MNIST) | Target Loss: 0.0046 | DDPM Loss: 0.0102
Client 3 (MNIST) | Target Loss: 0.0620 | DDPM Loss: 0.0103
Client 4 (MNIST) | Target Loss: 0.0686 | DDPM Loss: 0.0103
Client 5 (MNIST) | Target Loss: 0.3512 | DDPM Loss: 0.0101
Client 6 (MNIST) | Target Loss: 0.0325 | DDPM Loss: 0.0104
Client 7 (MNIST) | Target Loss: 0.0162 | DDPM Loss: 0.0100
Client 8 (MNIST) | Target Loss: 0.6858 | DDPM Loss: 0.0108
Client 9 (MNIST) | Target Loss: 0.0795 | DDPM Loss: 0.0102
Client 11 (EMNIST) | Target Loss: 0.3967 | DDPM Loss: 0.0076
Client 12 (EMNIST) | Target Loss: 0.3708 | DDPM Loss: 0.0076
Client 13 (EMNIST) | Target Loss: 0.2371 | DDPM Loss: 0.0077
Client 14 (EMNIST) | Target Loss: 0.2106 | DDPM Loss: 0.0076
Client 15 (EMNIST) | Target Loss: 0.4016 | DDPM Loss: 0.0076
Client 16 (EMNIST) | Target Loss: 0.5692 | DDPM Loss: 0.0076
Client 17 (EMNIST) | Target Loss: 0.3318 | DDPM Loss: 0.0076
Client 18 (EMNIST) | Target Loss: 0.2050 | DDPM Loss: 0.0076
Client 19 (EMNIST) | Target Loss: 0.4107 | DDPM Loss: 0.0077
Client 20 (EMNIST) | Target Loss: 0.4529 | DDPM Loss: 0.0077
Selected client ids: [0, 1, 2, 3, 4, 5, 6, 7, 8, 9, 10, 11, 12, 13, 14, 15, 16, 17, 18, 19]
--- Round 17 ---
Client 0 (MNIST) | Target Loss: 0.0673 | DDPM Loss: 0.0101
Client 1 (MNIST) | Target Loss: 0.0128 | DDPM Loss: 0.0099
Client 2 (MNIST) | Target Loss: 0.0118 | DDPM Loss: 0.0101
Client 3 (MNIST) | Target Loss: 0.0155 | DDPM Loss: 0.0106
Client 4 (MNIST) | Target Loss: 0.0732 | DDPM Loss: 0.0097
Client 5 (MNIST) | Target Loss: 0.3201 | DDPM Loss: 0.0099
Client 6 (MNIST) | Target Loss: 0.0275 | DDPM Loss: 0.0098
Client 7 (MNIST) | Target Loss: 0.0418 | DDPM Loss: 0.0100
Client 8 (MNIST) | Target Loss: 0.5843 | DDPM Loss: 0.0117
Client 9 (MNIST) | Target Loss: 0.1142 | DDPM Loss: 0.0102
Client 11 (EMNIST) | Target Loss: 0.3903 | DDPM Loss: 0.0076
Client 12 (EMNIST) | Target Loss: 0.3614 | DDPM Loss: 0.0076
Client 13 (EMNIST) | Target Loss: 0.2251 | DDPM Loss: 0.0076
Client 14 (EMNIST) | Target Loss: 0.1961 | DDPM Loss: 0.0076
Client 15 (EMNIST) | Target Loss: 0.3979 | DDPM Loss: 0.0075
Client 16 (EMNIST) | Target Loss: 0.5563 | DDPM Loss: 0.0075
Client 17 (EMNIST) | Target Loss: 0.3250 | DDPM Loss: 0.0076
Client 18 (EMNIST) | Target Loss: 0.1907 | DDPM Loss: 0.0076
Client 19 (EMNIST) | Target Loss: 0.4058 | DDPM Loss: 0.0076
Client 20 (EMNIST) | Target Loss: 0.4505 | DDPM Loss: 0.0076
Selected client ids: [0, 1, 2, 3, 4, 5, 6, 7, 8, 9, 10, 11, 12, 13, 14, 15, 16, 17, 18, 19]
--- Round 18 ---
Client 0 (MNIST) | Target Loss: 0.0894 | DDPM Loss: 0.0097
Client 1 (MNIST) | Target Loss: 0.0146 | DDPM Loss: 0.0097
Client 2 (MNIST) | Target Loss: 0.0368 | DDPM Loss: 0.0098
Client 3 (MNIST) | Target Loss: 0.0117 | DDPM Loss: 0.0098
Client 4 (MNIST) | Target Loss: 0.0707 | DDPM Loss: 0.0097
Client 5 (MNIST) | Target Loss: 0.2710 | DDPM Loss: 0.0094
Client 6 (MNIST) | Target Loss: 0.0300 | DDPM Loss: 0.0097
Client 7 (MNIST) | Target Loss: 0.0063 | DDPM Loss: 0.0098
Client 8 (MNIST) | Target Loss: 0.4943 | DDPM Loss: 0.0102
Client 9 (MNIST) | Target Loss: 0.0831 | DDPM Loss: 0.0099
Client 11 (EMNIST) | Target Loss: 0.3932 | DDPM Loss: 0.0076
Client 12 (EMNIST) | Target Loss: 0.3577 | DDPM Loss: 0.0075
Client 13 (EMNIST) | Target Loss: 0.2107 | DDPM Loss: 0.0075
Client 14 (EMNIST) | Target Loss: 0.1760 | DDPM Loss: 0.0075
Client 15 (EMNIST) | Target Loss: 0.3929 | DDPM Loss: 0.0075
Client 16 (EMNIST) | Target Loss: 0.5450 | DDPM Loss: 0.0075
Client 17 (EMNIST) | Target Loss: 0.3197 | DDPM Loss: 0.0076
Client 18 (EMNIST) | Target Loss: 0.1804 | DDPM Loss: 0.0075
Client 19 (EMNIST) | Target Loss: 0.4000 | DDPM Loss: 0.0076
Client 20 (EMNIST) | Target Loss: 0.4420 | DDPM Loss: 0.0076
Selected client ids: [0, 1, 2, 3, 4, 5, 6, 7, 8, 9, 10, 11, 12, 13, 14, 15, 16, 17, 18, 19]
--- Round 19 ---
Client 0 (MNIST) | Target Loss: 0.0629 | DDPM Loss: 0.0097
Client 1 (MNIST) | Target Loss: 0.0269 | DDPM Loss: 0.0095
Client 2 (MNIST) | Target Loss: 0.0372 | DDPM Loss: 0.0096
Client 3 (MNIST) | Target Loss: 0.0058 | DDPM Loss: 0.0098
Client 4 (MNIST) | Target Loss: 0.0554 | DDPM Loss: 0.0095
Client 5 (MNIST) | Target Loss: 0.2962 | DDPM Loss: 0.0097
Client 6 (MNIST) | Target Loss: 0.0278 | DDPM Loss: 0.0098
Client 7 (MNIST) | Target Loss: 0.0012 | DDPM Loss: 0.0095
Client 8 (MNIST) | Target Loss: 1.1931 | DDPM Loss: 0.0099
Client 9 (MNIST) | Target Loss: 0.0589 | DDPM Loss: 0.0096
Client 11 (EMNIST) | Target Loss: 0.3796 | DDPM Loss: 0.0075
Client 12 (EMNIST) | Target Loss: 0.3504 | DDPM Loss: 0.0074
Client 13 (EMNIST) | Target Loss: 0.1922 | DDPM Loss: 0.0075
Client 14 (EMNIST) | Target Loss: 0.1600 | DDPM Loss: 0.0075
Client 15 (EMNIST) | Target Loss: 0.3855 | DDPM Loss: 0.0075
Client 16 (EMNIST) | Target Loss: 0.5364 | DDPM Loss: 0.0075
Client 17 (EMNIST) | Target Loss: 0.3153 | DDPM Loss: 0.0075
Client 18 (EMNIST) | Target Loss: 0.1753 | DDPM Loss: 0.0075
Client 19 (EMNIST) | Target Loss: 0.3922 | DDPM Loss: 0.0075
Client 20 (EMNIST) | Target Loss: 0.4405 | DDPM Loss: 0.0075
Selected client ids: [0, 1, 2, 3, 4, 5, 6, 7, 8, 9, 10, 11, 12, 13, 14, 15, 16, 17, 18, 19]
--- Round 20 ---
Client 0 (MNIST) | Target Loss: 0.0731 | DDPM Loss: 0.0097
Client 1 (MNIST) | Target Loss: 0.0176 | DDPM Loss: 0.0093
Client 2 (MNIST) | Target Loss: 0.0201 | DDPM Loss: 0.0097
Client 3 (MNIST) | Target Loss: 0.0048 | DDPM Loss: 0.0099
Client 4 (MNIST) | Target Loss: 0.0607 | DDPM Loss: 0.0095
Client 5 (MNIST) | Target Loss: 0.2684 | DDPM Loss: 0.0100
Client 6 (MNIST) | Target Loss: 0.0337 | DDPM Loss: 0.0092
Client 7 (MNIST) | Target Loss: 0.0002 | DDPM Loss: 0.0094
Client 8 (MNIST) | Target Loss: 0.8605 | DDPM Loss: 0.0095
Client 9 (MNIST) | Target Loss: 0.0744 | DDPM Loss: 0.0093
Client 11 (EMNIST) | Target Loss: 0.3839 | DDPM Loss: 0.0075
Client 12 (EMNIST) | Target Loss: 0.3451 | DDPM Loss: 0.0074
Client 13 (EMNIST) | Target Loss: 0.1805 | DDPM Loss: 0.0075
Client 14 (EMNIST) | Target Loss: 0.1386 | DDPM Loss: 0.0074
Client 15 (EMNIST) | Target Loss: 0.3753 | DDPM Loss: 0.0074
Client 16 (EMNIST) | Target Loss: 0.5287 | DDPM Loss: 0.0074
Client 17 (EMNIST) | Target Loss: 0.3105 | DDPM Loss: 0.0075
Client 18 (EMNIST) | Target Loss: 0.1634 | DDPM Loss: 0.0074
Client 19 (EMNIST) | Target Loss: 0.3846 | DDPM Loss: 0.0074
Client 20 (EMNIST) | Target Loss: 0.4375 | DDPM Loss: 0.0074
[Server] Performing Independent Label Mapping (All Different)...

==================================================
Label Mapping Summary:
Global ID = 0  | from: MNIST: '0'
Global ID = 1  | from: MNIST: '1'
Global ID = 2  | from: MNIST: '2'
Global ID = 3  | from: MNIST: '3'
Global ID = 4  | from: MNIST: '4'
Global ID = 5  | from: MNIST: '5'
Global ID = 6  | from: MNIST: '6'
Global ID = 7  | from: MNIST: '7'
Global ID = 8  | from: MNIST: '8'
Global ID = 9  | from: MNIST: '9'
Global ID = 10 | from: EMNIST: '0'
Global ID = 11 | from: EMNIST: '1'
Global ID = 12 | from: EMNIST: '2'
Global ID = 13 | from: EMNIST: '3'
Global ID = 14 | from: EMNIST: '4'
Global ID = 15 | from: EMNIST: '5'
Global ID = 16 | from: EMNIST: '6'
Global ID = 17 | from: EMNIST: '7'
Global ID = 18 | from: EMNIST: '8'
Global ID = 19 | from: EMNIST: '9'
Global ID = 20 | from: EMNIST: 'A'
Global ID = 21 | from: EMNIST: 'B'
Global ID = 22 | from: EMNIST: 'C'
Global ID = 23 | from: EMNIST: 'D'
Global ID = 24 | from: EMNIST: 'E'
Global ID = 25 | from: EMNIST: 'F'
Global ID = 26 | from: EMNIST: 'G'
Global ID = 27 | from: EMNIST: 'H'
Global ID = 28 | from: EMNIST: 'I'
Global ID = 29 | from: EMNIST: 'J'
Global ID = 30 | from: EMNIST: 'K'
Global ID = 31 | from: EMNIST: 'L'
Global ID = 32 | from: EMNIST: 'M'
Global ID = 33 | from: EMNIST: 'N'
Global ID = 34 | from: EMNIST: 'O'
Global ID = 35 | from: EMNIST: 'P'
Global ID = 36 | from: EMNIST: 'Q'
Global ID = 37 | from: EMNIST: 'R'
Global ID = 38 | from: EMNIST: 'S'
Global ID = 39 | from: EMNIST: 'T'
Global ID = 40 | from: EMNIST: 'U'
Global ID = 41 | from: EMNIST: 'V'
Global ID = 42 | from: EMNIST: 'W'
Global ID = 43 | from: EMNIST: 'X'
Global ID = 44 | from: EMNIST: 'Y'
Global ID = 45 | from: EMNIST: 'Z'
Global ID = 46 | from: EMNIST: 'a'
Global ID = 47 | from: EMNIST: 'b'
Global ID = 48 | from: EMNIST: 'c'
Global ID = 49 | from: EMNIST: 'd'
Global ID = 50 | from: EMNIST: 'e'
Global ID = 51 | from: EMNIST: 'f'
Global ID = 52 | from: EMNIST: 'g'
Global ID = 53 | from: EMNIST: 'h'
Global ID = 54 | from: EMNIST: 'i'
Global ID = 55 | from: EMNIST: 'j'
Global ID = 56 | from: EMNIST: 'k'
Global ID = 57 | from: EMNIST: 'l'
Global ID = 58 | from: EMNIST: 'm'
Global ID = 59 | from: EMNIST: 'n'
Global ID = 60 | from: EMNIST: 'o'
Global ID = 61 | from: EMNIST: 'p'
Global ID = 62 | from: EMNIST: 'q'
Global ID = 63 | from: EMNIST: 'r'
Global ID = 64 | from: EMNIST: 's'
Global ID = 65 | from: EMNIST: 't'
Global ID = 66 | from: EMNIST: 'u'
Global ID = 67 | from: EMNIST: 'v'
Global ID = 68 | from: EMNIST: 'w'
Global ID = 69 | from: EMNIST: 'x'
Global ID = 70 | from: EMNIST: 'y'
Global ID = 71 | from: EMNIST: 'z'
==================================================

Initializing Global Inference Model with 72 classes...
Epoch 0 Loss: 2.1643
Epoch 1 Loss: 0.6904
Epoch 2 Loss: 0.4930
Epoch 3 Loss: 0.4258
Epoch 4 Loss: 0.3753
[Server] Global Inference Model Acc (MNIST) (Round 20): 80.92% (Tested on 9095 samples)
[Server] Global Inference Model Acc (EMNIST) (Round 20): 58.14% (Tested on 105779 samples)
[Server] Global Inference Model Acc (Mix) (Round 20): 59.95% (Tested on 114874 samples)
Selected client ids: [0, 1, 2, 3, 4, 5, 6, 7, 8, 9, 10, 11, 12, 13, 14, 15, 16, 17, 18, 19]
--- Round 21 ---
