Time: 2026-04-21 12:24:27
Log Dir: logs/2026-04-21_12-24-27/GeFL_local
================================================================================

==============================        Args        ==============================
  exp_timestamp: None
  exp_conf: ./configs/het-noniid-exp.yaml
  device: cuda:1
  seed: 15698
  algorithm: GeFL_local
  num_new_clients: 1
  num_train_mnist: 5
  num_train_emnist: 5
  num_train_fashionmnist: 0
  num_train_cifar10: 0
  num_train_cifar100: 0
  num_train_usps: 0
================================================================================
==============================    Exp Configs     ==============================
exp_name: model-heterogeneity
heterogeneous: true
dirichlet_alpha: 0.1
global_rounds: 40
local_epochs: 1
local_loss_fn: CrossEntropyLoss
local_optim: Adam
local_lr: 0.001
batch_size: 64
sample_frac: 1.0
test_interval: 1
metric_type: accuracy
global_feature_dim: 256
optim: Adam
optim_lr: 0.001
global_gen_epochs: 10
gen_noise_dim: 128
gen_optim: Adam
gen_optim_lr: 0.001
global_feat_gen_epochs: 10
feat_gen_noise_dim: 128
feat_gen_optim: Adam
feat_gen_optim_lr: 0.001
feat_gen_div_beta: 1.0
public_data_ratio: 0.05
start_mapping_epoch: 1
gen_observer_weight: 1.0
index_matching: class_name
aggregate_method: dataset_name
global_model_epochs: 15
global_model_optim: Adam
global_model_optim_lr: 0.001

================================================================================

==================================================
Start 40 rounds training by GeFL_local
Selected client ids: [0, 1, 2, 3, 4, 5, 6, 7, 8, 9]
--- Round 1 ---
Client 0 (MNIST) | Target Loss: 0.1324 | G Loss: 1.6833 | D Loss: 0.4647
Client 1 (MNIST) | Target Loss: 0.3149 | G Loss: 2.1153 | D Loss: 0.3795
Client 2 (MNIST) | Target Loss: 0.2664 | G Loss: 2.1248 | D Loss: 0.3856
Client 3 (MNIST) | Target Loss: 0.1076 | G Loss: 1.7747 | D Loss: 0.4359
Client 4 (MNIST) | Target Loss: 0.6698 | G Loss: 2.4386 | D Loss: 0.3547
Client 6 (EMNIST) | Target Loss: 0.5226 | G Loss: 2.4632 | D Loss: 0.2708
Client 7 (EMNIST) | Target Loss: 0.4046 | G Loss: 3.0409 | D Loss: 0.2243
Client 8 (EMNIST) | Target Loss: 0.3139 | G Loss: 3.1643 | D Loss: 0.2182
Client 9 (EMNIST) | Target Loss: 0.3033 | G Loss: 3.2880 | D Loss: 0.2075
Client 10 (EMNIST) | Target Loss: 1.1820 | G Loss: 1.9075 | D Loss: 0.3769
Round 1 | Client 0 | Model: (MLP) | Acc: 98.62%
Round 1 | Client 1 | Model: (CNN) | Acc: 93.52%
Round 1 | Client 2 | Model: (ResNet8) | Acc: 95.84%
Round 1 | Client 3 | Model: (ResNet18) | Acc: 98.22%
Round 1 | Client 4 | Model: (MobileNetV2) | Acc: 87.47%
Round 1 | Client 6 | Model: (MLP) | Acc: 91.32%
Round 1 | Client 7 | Model: (CNN) | Acc: 93.06%
Round 1 | Client 8 | Model: (ResNet8) | Acc: 93.90%
Round 1 | Client 9 | Model: (ResNet18) | Acc: 92.68%
Round 1 | Client 10 | Model: (MobileNetV2) | Acc: 81.25%
Selected client ids: [0, 1, 2, 3, 4, 5, 6, 7, 8, 9]
--- Round 2 ---
Client 0 (MNIST) | Target Loss: 0.0519 | G Loss: 1.3115 | D Loss: 0.5344
Client 1 (MNIST) | Target Loss: 0.0549 | G Loss: 1.4269 | D Loss: 0.4822
Client 2 (MNIST) | Target Loss: 0.0543 | G Loss: 1.5093 | D Loss: 0.4515
Client 3 (MNIST) | Target Loss: 0.0410 | G Loss: 1.7969 | D Loss: 0.3994
Client 4 (MNIST) | Target Loss: 0.2728 | G Loss: 1.4818 | D Loss: 0.4519
Client 6 (EMNIST) | Target Loss: 0.2673 | G Loss: 4.5012 | D Loss: 0.1053
Client 7 (EMNIST) | Target Loss: 0.1753 | G Loss: 4.9948 | D Loss: 0.0896
Client 8 (EMNIST) | Target Loss: 0.1633 | G Loss: 5.1854 | D Loss: 0.0800
Client 9 (EMNIST) | Target Loss: 0.2128 | G Loss: 5.5515 | D Loss: 0.0650
Client 10 (EMNIST) | Target Loss: 0.5805 | G Loss: 1.7498 | D Loss: 0.3757
Round 2 | Client 0 | Model: (MLP) | Acc: 98.88%
Round 2 | Client 1 | Model: (CNN) | Acc: 95.41%
Round 2 | Client 2 | Model: (ResNet8) | Acc: 96.56%
Round 2 | Client 3 | Model: (ResNet18) | Acc: 99.42%
Round 2 | Client 4 | Model: (MobileNetV2) | Acc: 92.46%
Round 2 | Client 6 | Model: (MLP) | Acc: 93.66%
Round 2 | Client 7 | Model: (CNN) | Acc: 95.16%
Round 2 | Client 8 | Model: (ResNet8) | Acc: 95.36%
Round 2 | Client 9 | Model: (ResNet18) | Acc: 93.23%
Round 2 | Client 10 | Model: (MobileNetV2) | Acc: 85.18%
Selected client ids: [0, 1, 2, 3, 4, 5, 6, 7, 8, 9]
--- Round 3 ---
Client 0 (MNIST) | Target Loss: 0.0441 | G Loss: 2.1387 | D Loss: 0.3342
Client 1 (MNIST) | Target Loss: 0.0406 | G Loss: 1.9899 | D Loss: 0.3527
Client 2 (MNIST) | Target Loss: 0.0363 | G Loss: 2.1066 | D Loss: 0.3218
Client 3 (MNIST) | Target Loss: 0.0226 | G Loss: 3.2104 | D Loss: 0.1652
Client 4 (MNIST) | Target Loss: 0.1710 | G Loss: 1.3693 | D Loss: 0.4983
Client 6 (EMNIST) | Target Loss: 0.2219 | G Loss: 5.4030 | D Loss: 0.0756
Client 7 (EMNIST) | Target Loss: 0.1453 | G Loss: 5.5357 | D Loss: 0.0596
Client 8 (EMNIST) | Target Loss: 0.1432 | G Loss: 5.9831 | D Loss: 0.0466
Client 9 (EMNIST) | Target Loss: 0.1933 | G Loss: 6.0096 | D Loss: 0.0428
Client 10 (EMNIST) | Target Loss: 0.4896 | G Loss: 2.6742 | D Loss: 0.2339
Round 3 | Client 0 | Model: (MLP) | Acc: 99.01%
Round 3 | Client 1 | Model: (CNN) | Acc: 87.42%
Round 3 | Client 2 | Model: (ResNet8) | Acc: 98.07%
Round 3 | Client 3 | Model: (ResNet18) | Acc: 99.61%
Round 3 | Client 4 | Model: (MobileNetV2) | Acc: 95.21%
Round 3 | Client 6 | Model: (MLP) | Acc: 92.80%
Round 3 | Client 7 | Model: (CNN) | Acc: 95.79%
Round 3 | Client 8 | Model: (ResNet8) | Acc: 95.50%
Round 3 | Client 9 | Model: (ResNet18) | Acc: 93.80%
Round 3 | Client 10 | Model: (MobileNetV2) | Acc: 86.26%
Selected client ids: [0, 1, 2, 3, 4, 5, 6, 7, 8, 9]
--- Round 4 ---
Client 0 (MNIST) | Target Loss: 0.0453 | G Loss: 2.6145 | D Loss: 0.2503
Client 1 (MNIST) | Target Loss: 0.0312 | G Loss: 2.8466 | D Loss: 0.2263
Client 2 (MNIST) | Target Loss: 0.0270 | G Loss: 3.0776 | D Loss: 0.1774
Client 3 (MNIST) | Target Loss: 0.0170 | G Loss: 3.2438 | D Loss: 0.1812
Client 4 (MNIST) | Target Loss: 0.1252 | G Loss: 1.5896 | D Loss: 0.4337
Client 6 (EMNIST) | Target Loss: 0.1957 | G Loss: 5.8774 | D Loss: 0.0474
Client 7 (EMNIST) | Target Loss: 0.1302 | G Loss: 5.9692 | D Loss: 0.0511
Client 8 (EMNIST) | Target Loss: 0.1314 | G Loss: 6.4791 | D Loss: 0.0349
Client 9 (EMNIST) | Target Loss: 0.1808 | G Loss: 6.7211 | D Loss: 0.0277
Client 10 (EMNIST) | Target Loss: 0.4573 | G Loss: 3.3337 | D Loss: 0.1713
Round 4 | Client 0 | Model: (MLP) | Acc: 98.82%
Round 4 | Client 1 | Model: (CNN) | Acc: 92.39%
Round 4 | Client 2 | Model: (ResNet8) | Acc: 98.43%
Round 4 | Client 3 | Model: (ResNet18) | Acc: 99.34%
Round 4 | Client 4 | Model: (MobileNetV2) | Acc: 95.93%
Round 4 | Client 6 | Model: (MLP) | Acc: 94.30%
Round 4 | Client 7 | Model: (CNN) | Acc: 96.08%
Round 4 | Client 8 | Model: (ResNet8) | Acc: 95.67%
Round 4 | Client 9 | Model: (ResNet18) | Acc: 93.95%
Round 4 | Client 10 | Model: (MobileNetV2) | Acc: 86.97%
Selected client ids: [0, 1, 2, 3, 4, 5, 6, 7, 8, 9]
--- Round 5 ---
Client 0 (MNIST) | Target Loss: 0.0418 | G Loss: 2.9291 | D Loss: 0.2274
Client 1 (MNIST) | Target Loss: 0.0290 | G Loss: 3.5103 | D Loss: 0.1088
Client 2 (MNIST) | Target Loss: 0.0228 | G Loss: 3.1541 | D Loss: 0.2115
Client 3 (MNIST) | Target Loss: 0.0181 | G Loss: 3.8994 | D Loss: 0.1483
Client 4 (MNIST) | Target Loss: 0.1030 | G Loss: 2.2358 | D Loss: 0.2907
Client 6 (EMNIST) | Target Loss: 0.1790 | G Loss: 6.4973 | D Loss: 0.0352
Client 7 (EMNIST) | Target Loss: 0.1206 | G Loss: 6.2405 | D Loss: 0.0463
Client 8 (EMNIST) | Target Loss: 0.1228 | G Loss: 6.3764 | D Loss: 0.0363
Client 9 (EMNIST) | Target Loss: 0.1717 | G Loss: 6.7134 | D Loss: 0.0258
Client 10 (EMNIST) | Target Loss: 0.4066 | G Loss: 3.9753 | D Loss: 0.1271
Round 5 | Client 0 | Model: (MLP) | Acc: 98.49%
Round 5 | Client 1 | Model: (CNN) | Acc: 98.99%
Round 5 | Client 2 | Model: (ResNet8) | Acc: 99.34%
Round 5 | Client 3 | Model: (ResNet18) | Acc: 99.30%
Round 5 | Client 4 | Model: (MobileNetV2) | Acc: 95.93%
Round 5 | Client 6 | Model: (MLP) | Acc: 94.71%
Round 5 | Client 7 | Model: (CNN) | Acc: 96.39%
Round 5 | Client 8 | Model: (ResNet8) | Acc: 95.90%
Round 5 | Client 9 | Model: (ResNet18) | Acc: 93.96%
Round 5 | Client 10 | Model: (MobileNetV2) | Acc: 87.67%
Selected client ids: [0, 1, 2, 3, 4, 5, 6, 7, 8, 9]
--- Round 6 ---
Client 0 (MNIST) | Target Loss: 0.0465 | G Loss: 3.7304 | D Loss: 0.1016
Client 1 (MNIST) | Target Loss: 0.0285 | G Loss: 3.9557 | D Loss: 0.1088
Client 2 (MNIST) | Target Loss: 0.0245 | G Loss: 3.9241 | D Loss: 0.0950
Client 3 (MNIST) | Target Loss: 0.0167 | G Loss: 4.7083 | D Loss: 0.0719
Client 4 (MNIST) | Target Loss: 0.0799 | G Loss: 2.7688 | D Loss: 0.2181
Client 6 (EMNIST) | Target Loss: 0.1655 | G Loss: 6.3201 | D Loss: 0.0391
Client 7 (EMNIST) | Target Loss: 0.1123 | G Loss: 6.3065 | D Loss: 0.0438
Client 8 (EMNIST) | Target Loss: 0.1160 | G Loss: 6.8057 | D Loss: 0.0284
Client 9 (EMNIST) | Target Loss: 0.1636 | G Loss: 6.4487 | D Loss: 0.0221
Client 10 (EMNIST) | Target Loss: 0.3922 | G Loss: 4.2089 | D Loss: 0.1196
Round 6 | Client 0 | Model: (MLP) | Acc: 99.01%
Round 6 | Client 1 | Model: (CNN) | Acc: 98.11%
Round 6 | Client 2 | Model: (ResNet8) | Acc: 99.34%
Round 6 | Client 3 | Model: (ResNet18) | Acc: 99.03%
Round 6 | Client 4 | Model: (MobileNetV2) | Acc: 95.93%
Round 6 | Client 6 | Model: (MLP) | Acc: 94.70%
Round 6 | Client 7 | Model: (CNN) | Acc: 96.76%
Round 6 | Client 8 | Model: (ResNet8) | Acc: 96.16%
Round 6 | Client 9 | Model: (ResNet18) | Acc: 93.98%
Round 6 | Client 10 | Model: (MobileNetV2) | Acc: 87.53%
Selected client ids: [0, 1, 2, 3, 4, 5, 6, 7, 8, 9]
--- Round 7 ---
Client 0 (MNIST) | Target Loss: 0.0437 | G Loss: 3.2592 | D Loss: 0.2167
Client 1 (MNIST) | Target Loss: 0.0202 | G Loss: 3.5347 | D Loss: 0.1722
Client 2 (MNIST) | Target Loss: 0.0191 | G Loss: 3.2397 | D Loss: 0.2380
Client 3 (MNIST) | Target Loss: 0.0094 | G Loss: 4.8063 | D Loss: 0.0779
Client 4 (MNIST) | Target Loss: 0.0790 | G Loss: 3.0694 | D Loss: 0.2041
Client 6 (EMNIST) | Target Loss: 0.1553 | G Loss: 6.6222 | D Loss: 0.0239
Client 7 (EMNIST) | Target Loss: 0.1066 | G Loss: 6.5113 | D Loss: 0.0378
Client 8 (EMNIST) | Target Loss: 0.1096 | G Loss: 6.8454 | D Loss: 0.0286
Client 9 (EMNIST) | Target Loss: 0.1562 | G Loss: 6.8686 | D Loss: 0.0172
Client 10 (EMNIST) | Target Loss: 0.3793 | G Loss: 5.1862 | D Loss: 0.0548
Round 7 | Client 0 | Model: (MLP) | Acc: 99.08%
Round 7 | Client 1 | Model: (CNN) | Acc: 68.62%
Round 7 | Client 2 | Model: (ResNet8) | Acc: 98.01%
Round 7 | Client 3 | Model: (ResNet18) | Acc: 99.54%
Round 7 | Client 4 | Model: (MobileNetV2) | Acc: 95.72%
Round 7 | Client 6 | Model: (MLP) | Acc: 94.81%
Round 7 | Client 7 | Model: (CNN) | Acc: 96.90%
Round 7 | Client 8 | Model: (ResNet8) | Acc: 95.91%
Round 7 | Client 9 | Model: (ResNet18) | Acc: 93.77%
Round 7 | Client 10 | Model: (MobileNetV2) | Acc: 87.91%
Selected client ids: [0, 1, 2, 3, 4, 5, 6, 7, 8, 9]
--- Round 8 ---
Client 0 (MNIST) | Target Loss: 0.0369 | G Loss: 3.6964 | D Loss: 0.1688
Client 1 (MNIST) | Target Loss: 0.0153 | G Loss: 5.0781 | D Loss: 0.0437
Client 2 (MNIST) | Target Loss: 0.0130 | G Loss: 4.1137 | D Loss: 0.1031
Client 3 (MNIST) | Target Loss: 0.0158 | G Loss: 4.6623 | D Loss: 0.0995
Client 4 (MNIST) | Target Loss: 0.0669 | G Loss: 3.1141 | D Loss: 0.1803
Client 6 (EMNIST) | Target Loss: 0.1462 | G Loss: 6.5677 | D Loss: 0.0350
Client 7 (EMNIST) | Target Loss: 0.1020 | G Loss: 6.7740 | D Loss: 0.0317
Client 8 (EMNIST) | Target Loss: 0.1033 | G Loss: 6.8221 | D Loss: 0.0268
Client 9 (EMNIST) | Target Loss: 0.1500 | G Loss: 7.2044 | D Loss: 0.0150
Client 10 (EMNIST) | Target Loss: 0.3591 | G Loss: 4.2153 | D Loss: 0.1348
Round 8 | Client 0 | Model: (MLP) | Acc: 99.15%
Round 8 | Client 1 | Model: (CNN) | Acc: 98.62%
Round 8 | Client 2 | Model: (ResNet8) | Acc: 98.25%
Round 8 | Client 3 | Model: (ResNet18) | Acc: 99.03%
Round 8 | Client 4 | Model: (MobileNetV2) | Acc: 97.66%
Round 8 | Client 6 | Model: (MLP) | Acc: 95.03%
Round 8 | Client 7 | Model: (CNN) | Acc: 96.45%
Round 8 | Client 8 | Model: (ResNet8) | Acc: 95.76%
Round 8 | Client 9 | Model: (ResNet18) | Acc: 93.86%
Round 8 | Client 10 | Model: (MobileNetV2) | Acc: 87.72%
Selected client ids: [0, 1, 2, 3, 4, 5, 6, 7, 8, 9]
--- Round 9 ---
Client 0 (MNIST) | Target Loss: 0.0322 | G Loss: 4.1445 | D Loss: 0.1072
Client 1 (MNIST) | Target Loss: 0.0173 | G Loss: 3.7193 | D Loss: 0.1514
Client 2 (MNIST) | Target Loss: 0.0220 | G Loss: 4.9063 | D Loss: 0.0923
Client 3 (MNIST) | Target Loss: 0.0114 | G Loss: 4.1034 | D Loss: 0.0963
Client 4 (MNIST) | Target Loss: 0.0743 | G Loss: 3.7018 | D Loss: 0.1689
Client 6 (EMNIST) | Target Loss: 0.1363 | G Loss: 6.7361 | D Loss: 0.0270
Client 7 (EMNIST) | Target Loss: 0.0971 | G Loss: 6.9274 | D Loss: 0.0250
Client 8 (EMNIST) | Target Loss: 0.0972 | G Loss: 7.1240 | D Loss: 0.0272
Client 9 (EMNIST) | Target Loss: 0.1436 | G Loss: 7.7292 | D Loss: 0.0106
Client 10 (EMNIST) | Target Loss: 0.3732 | G Loss: 4.8719 | D Loss: 0.1003
Round 9 | Client 0 | Model: (MLP) | Acc: 99.01%
Round 9 | Client 1 | Model: (CNN) | Acc: 97.23%
Round 9 | Client 2 | Model: (ResNet8) | Acc: 97.59%
Round 9 | Client 3 | Model: (ResNet18) | Acc: 99.46%
Round 9 | Client 4 | Model: (MobileNetV2) | Acc: 97.15%
Round 9 | Client 6 | Model: (MLP) | Acc: 94.90%
Round 9 | Client 7 | Model: (CNN) | Acc: 96.97%
Round 9 | Client 8 | Model: (ResNet8) | Acc: 96.03%
Round 9 | Client 9 | Model: (ResNet18) | Acc: 93.79%
Round 9 | Client 10 | Model: (MobileNetV2) | Acc: 87.89%
Selected client ids: [0, 1, 2, 3, 4, 5, 6, 7, 8, 9]
--- Round 10 ---
Client 0 (MNIST) | Target Loss: 0.0426 | G Loss: 4.4178 | D Loss: 0.0808
Client 1 (MNIST) | Target Loss: 0.0159 | G Loss: 5.2886 | D Loss: 0.0706
Client 2 (MNIST) | Target Loss: 0.0119 | G Loss: 4.1210 | D Loss: 0.1386
Client 3 (MNIST) | Target Loss: 0.0110 | G Loss: 5.7092 | D Loss: 0.0077
Client 4 (MNIST) | Target Loss: 0.0518 | G Loss: 3.5334 | D Loss: 0.1284
Client 6 (EMNIST) | Target Loss: 0.1378 | G Loss: 6.7363 | D Loss: 0.0299
Client 7 (EMNIST) | Target Loss: 0.0937 | G Loss: 6.9332 | D Loss: 0.0300
Client 8 (EMNIST) | Target Loss: 0.0921 | G Loss: 7.1171 | D Loss: 0.0237
Client 9 (EMNIST) | Target Loss: 0.1378 | G Loss: 7.6241 | D Loss: 0.0117
Client 10 (EMNIST) | Target Loss: 0.3533 | G Loss: 5.1164 | D Loss: 0.0619
Round 10 | Client 0 | Model: (MLP) | Acc: 99.15%
Round 10 | Client 1 | Model: (CNN) | Acc: 98.87%
Round 10 | Client 2 | Model: (ResNet8) | Acc: 99.16%
Round 10 | Client 3 | Model: (ResNet18) | Acc: 99.57%
Round 10 | Client 4 | Model: (MobileNetV2) | Acc: 97.25%
Round 10 | Client 6 | Model: (MLP) | Acc: 95.01%
Round 10 | Client 7 | Model: (CNN) | Acc: 96.96%
Round 10 | Client 8 | Model: (ResNet8) | Acc: 96.27%
Round 10 | Client 9 | Model: (ResNet18) | Acc: 93.79%
Round 10 | Client 10 | Model: (MobileNetV2) | Acc: 87.91%
Selected client ids: [0, 1, 2, 3, 4, 5, 6, 7, 8, 9]
--- Round 11 ---
Client 0 (MNIST) | Target Loss: 0.0267 | G Loss: 3.6799 | D Loss: 0.1956
Client 1 (MNIST) | Target Loss: 0.0149 | G Loss: 3.7289 | D Loss: 0.1402
Client 2 (MNIST) | Target Loss: 0.0063 | G Loss: 4.7228 | D Loss: 0.0640
Client 3 (MNIST) | Target Loss: 0.0201 | G Loss: 4.0323 | D Loss: 0.1899
Client 4 (MNIST) | Target Loss: 0.0498 | G Loss: 4.8856 | D Loss: 0.0154
Client 6 (EMNIST) | Target Loss: 0.1299 | G Loss: 7.2145 | D Loss: 0.0265
Client 7 (EMNIST) | Target Loss: 0.0906 | G Loss: 7.1136 | D Loss: 0.0239
Client 8 (EMNIST) | Target Loss: 0.0880 | G Loss: 7.0277 | D Loss: 0.0247
Client 9 (EMNIST) | Target Loss: 0.1319 | G Loss: 7.6270 | D Loss: 0.0121
Client 10 (EMNIST) | Target Loss: 0.3399 | G Loss: 4.9359 | D Loss: 0.1043
Round 11 | Client 0 | Model: (MLP) | Acc: 98.88%
Round 11 | Client 1 | Model: (CNN) | Acc: 89.12%
Round 11 | Client 2 | Model: (ResNet8) | Acc: 99.28%
Round 11 | Client 3 | Model: (ResNet18) | Acc: 98.72%
Round 11 | Client 4 | Model: (MobileNetV2) | Acc: 97.66%
Round 11 | Client 6 | Model: (MLP) | Acc: 95.28%
Round 11 | Client 7 | Model: (CNN) | Acc: 97.04%
Round 11 | Client 8 | Model: (ResNet8) | Acc: 96.09%
Round 11 | Client 9 | Model: (ResNet18) | Acc: 94.10%
Round 11 | Client 10 | Model: (MobileNetV2) | Acc: 88.58%
Selected client ids: [0, 1, 2, 3, 4, 5, 6, 7, 8, 9]
--- Round 12 ---
Client 0 (MNIST) | Target Loss: 0.0285 | G Loss: 4.6465 | D Loss: 0.0934
Client 1 (MNIST) | Target Loss: 0.0214 | G Loss: 5.9551 | D Loss: 0.0327
Client 2 (MNIST) | Target Loss: 0.0052 | G Loss: 4.3705 | D Loss: 0.1335
Client 3 (MNIST) | Target Loss: 0.0292 | G Loss: 5.4312 | D Loss: 0.0913
Client 4 (MNIST) | Target Loss: 0.0402 | G Loss: 3.5131 | D Loss: 0.2328
Client 6 (EMNIST) | Target Loss: 0.1244 | G Loss: 6.9555 | D Loss: 0.0206
Client 7 (EMNIST) | Target Loss: 0.0879 | G Loss: 7.5618 | D Loss: 0.0201
Client 8 (EMNIST) | Target Loss: 0.0816 | G Loss: 6.9722 | D Loss: 0.0252
Client 9 (EMNIST) | Target Loss: 0.1263 | G Loss: 8.0173 | D Loss: 0.0104
Client 10 (EMNIST) | Target Loss: 0.3336 | G Loss: 5.4969 | D Loss: 0.0401
Round 12 | Client 0 | Model: (MLP) | Acc: 99.41%
Round 12 | Client 1 | Model: (CNN) | Acc: 98.05%
Round 12 | Client 2 | Model: (ResNet8) | Acc: 85.33%
Round 12 | Client 3 | Model: (ResNet18) | Acc: 99.27%
Round 12 | Client 4 | Model: (MobileNetV2) | Acc: 96.84%
Round 12 | Client 6 | Model: (MLP) | Acc: 95.15%
Round 12 | Client 7 | Model: (CNN) | Acc: 96.91%
Round 12 | Client 8 | Model: (ResNet8) | Acc: 95.96%
Round 12 | Client 9 | Model: (ResNet18) | Acc: 93.97%
Round 12 | Client 10 | Model: (MobileNetV2) | Acc: 88.14%
Selected client ids: [0, 1, 2, 3, 4, 5, 6, 7, 8, 9]
--- Round 13 ---
Client 0 (MNIST) | Target Loss: 0.0244 | G Loss: 3.4992 | D Loss: 0.1695
Client 1 (MNIST) | Target Loss: 0.0100 | G Loss: 3.3953 | D Loss: 0.1671
Client 2 (MNIST) | Target Loss: 0.0146 | G Loss: 6.1330 | D Loss: 0.0052
Client 3 (MNIST) | Target Loss: 0.0188 | G Loss: 5.3711 | D Loss: 0.0594
Client 4 (MNIST) | Target Loss: 0.0368 | G Loss: 4.0379 | D Loss: 0.1026
Client 6 (EMNIST) | Target Loss: 0.1250 | G Loss: 7.3604 | D Loss: 0.0204
Client 7 (EMNIST) | Target Loss: 0.0843 | G Loss: 7.7756 | D Loss: 0.0148
Client 8 (EMNIST) | Target Loss: 0.0778 | G Loss: 7.2032 | D Loss: 0.0205
Client 9 (EMNIST) | Target Loss: 0.1199 | G Loss: 8.1724 | D Loss: 0.0099
Client 10 (EMNIST) | Target Loss: 0.3281 | G Loss: 5.5031 | D Loss: 0.0712
Round 13 | Client 0 | Model: (MLP) | Acc: 99.01%
Round 13 | Client 1 | Model: (CNN) | Acc: 99.31%
Round 13 | Client 2 | Model: (ResNet8) | Acc: 99.28%
Round 13 | Client 3 | Model: (ResNet18) | Acc: 99.38%
Round 13 | Client 4 | Model: (MobileNetV2) | Acc: 97.05%
Round 13 | Client 6 | Model: (MLP) | Acc: 95.43%
Round 13 | Client 7 | Model: (CNN) | Acc: 97.19%
Round 13 | Client 8 | Model: (ResNet8) | Acc: 95.99%
Round 13 | Client 9 | Model: (ResNet18) | Acc: 93.89%
Round 13 | Client 10 | Model: (MobileNetV2) | Acc: 88.47%
Selected client ids: [0, 1, 2, 3, 4, 5, 6, 7, 8, 9]
--- Round 14 ---
Client 0 (MNIST) | Target Loss: 0.0244 | G Loss: 4.1943 | D Loss: 0.1218
Client 1 (MNIST) | Target Loss: 0.0071 | G Loss: 4.5754 | D Loss: 0.0834
Client 2 (MNIST) | Target Loss: 0.0071 | G Loss: 3.9711 | D Loss: 0.1526
Client 3 (MNIST) | Target Loss: 0.0074 | G Loss: 5.2254 | D Loss: 0.0713
Client 4 (MNIST) | Target Loss: 0.0434 | G Loss: 5.1900 | D Loss: 0.0115
Client 6 (EMNIST) | Target Loss: 0.1144 | G Loss: 7.0005 | D Loss: 0.0231
Client 7 (EMNIST) | Target Loss: 0.0823 | G Loss: 7.5858 | D Loss: 0.0116
Client 8 (EMNIST) | Target Loss: 0.0742 | G Loss: 7.5388 | D Loss: 0.0178
Client 9 (EMNIST) | Target Loss: 0.1137 | G Loss: 8.4066 | D Loss: 0.0100
Client 10 (EMNIST) | Target Loss: 0.3280 | G Loss: 5.0367 | D Loss: 0.0836
Round 14 | Client 0 | Model: (MLP) | Acc: 99.01%
Round 14 | Client 1 | Model: (CNN) | Acc: 98.30%
Round 14 | Client 2 | Model: (ResNet8) | Acc: 99.34%
Round 14 | Client 3 | Model: (ResNet18) | Acc: 99.07%
Round 14 | Client 4 | Model: (MobileNetV2) | Acc: 96.84%
Round 14 | Client 6 | Model: (MLP) | Acc: 94.88%
Round 14 | Client 7 | Model: (CNN) | Acc: 97.00%
Round 14 | Client 8 | Model: (ResNet8) | Acc: 95.84%
Round 14 | Client 9 | Model: (ResNet18) | Acc: 93.87%
Round 14 | Client 10 | Model: (MobileNetV2) | Acc: 87.36%
Selected client ids: [0, 1, 2, 3, 4, 5, 6, 7, 8, 9]
--- Round 15 ---
Client 0 (MNIST) | Target Loss: 0.0226 | G Loss: 5.3665 | D Loss: 0.0324
Client 1 (MNIST) | Target Loss: 0.0090 | G Loss: 5.7344 | D Loss: 0.0105
Client 2 (MNIST) | Target Loss: 0.0043 | G Loss: 5.0632 | D Loss: 0.0688
Client 3 (MNIST) | Target Loss: 0.0079 | G Loss: 7.3042 | D Loss: 0.0019
Client 4 (MNIST) | Target Loss: 0.0373 | G Loss: 5.7688 | D Loss: 0.0063
Client 6 (EMNIST) | Target Loss: 0.1166 | G Loss: 7.0532 | D Loss: 0.0264
Client 7 (EMNIST) | Target Loss: 0.0803 | G Loss: 7.8243 | D Loss: 0.0121
Client 8 (EMNIST) | Target Loss: 0.0692 | G Loss: 7.5389 | D Loss: 0.0174
Client 9 (EMNIST) | Target Loss: 0.1070 | G Loss: 8.5099 | D Loss: 0.0081
Client 10 (EMNIST) | Target Loss: 0.3199 | G Loss: 5.9460 | D Loss: 0.0666
Round 15 | Client 0 | Model: (MLP) | Acc: 99.41%
Round 15 | Client 1 | Model: (CNN) | Acc: 70.38%
Round 15 | Client 2 | Model: (ResNet8) | Acc: 99.40%
Round 15 | Client 3 | Model: (ResNet18) | Acc: 99.61%
Round 15 | Client 4 | Model: (MobileNetV2) | Acc: 96.44%
Round 15 | Client 6 | Model: (MLP) | Acc: 95.09%
Round 15 | Client 7 | Model: (CNN) | Acc: 96.97%
Round 15 | Client 8 | Model: (ResNet8) | Acc: 95.91%
Round 15 | Client 9 | Model: (ResNet18) | Acc: 93.81%
Round 15 | Client 10 | Model: (MobileNetV2) | Acc: 87.75%
Selected client ids: [0, 1, 2, 3, 4, 5, 6, 7, 8, 9]
--- Round 16 ---
Client 0 (MNIST) | Target Loss: 0.0225 | G Loss: 5.4975 | D Loss: 0.0598
Client 1 (MNIST) | Target Loss: 0.0079 | G Loss: 5.6883 | D Loss: 0.1187
Client 2 (MNIST) | Target Loss: 0.0084 | G Loss: 5.7099 | D Loss: 0.0574
Client 3 (MNIST) | Target Loss: 0.0046 | G Loss: 5.1025 | D Loss: 0.1039
Client 4 (MNIST) | Target Loss: 0.0305 | G Loss: 4.4245 | D Loss: 0.1941
Client 6 (EMNIST) | Target Loss: 0.1113 | G Loss: 7.1521 | D Loss: 0.0226
Client 7 (EMNIST) | Target Loss: 0.0780 | G Loss: 8.1191 | D Loss: 0.0120
Client 8 (EMNIST) | Target Loss: 0.0653 | G Loss: 7.7757 | D Loss: 0.0188
Client 9 (EMNIST) | Target Loss: 0.0991 | G Loss: 8.7008 | D Loss: 0.0103
Client 10 (EMNIST) | Target Loss: 0.3078 | G Loss: 5.3295 | D Loss: 0.0583
Round 16 | Client 0 | Model: (MLP) | Acc: 99.01%
Round 16 | Client 1 | Model: (CNN) | Acc: 93.14%
Round 16 | Client 2 | Model: (ResNet8) | Acc: 97.65%
Round 16 | Client 3 | Model: (ResNet18) | Acc: 98.99%
Round 16 | Client 4 | Model: (MobileNetV2) | Acc: 97.45%
Round 16 | Client 6 | Model: (MLP) | Acc: 95.35%
Round 16 | Client 7 | Model: (CNN) | Acc: 97.18%
Round 16 | Client 8 | Model: (ResNet8) | Acc: 95.90%
Round 16 | Client 9 | Model: (ResNet18) | Acc: 93.62%
Round 16 | Client 10 | Model: (MobileNetV2) | Acc: 88.33%
Selected client ids: [0, 1, 2, 3, 4, 5, 6, 7, 8, 9]
--- Round 17 ---
Client 0 (MNIST) | Target Loss: 0.0201 | G Loss: 4.5189 | D Loss: 0.0890
Client 1 (MNIST) | Target Loss: 0.0138 | G Loss: 3.9828 | D Loss: 0.1385
Client 2 (MNIST) | Target Loss: 0.0069 | G Loss: 4.8727 | D Loss: 0.0740
Client 3 (MNIST) | Target Loss: 0.0062 | G Loss: 5.3623 | D Loss: 0.0411
Client 4 (MNIST) | Target Loss: 0.0303 | G Loss: 3.4239 | D Loss: 0.1695
Client 6 (EMNIST) | Target Loss: 0.1120 | G Loss: 7.1710 | D Loss: 0.0200
Client 7 (EMNIST) | Target Loss: 0.0763 | G Loss: 7.8356 | D Loss: 0.0123
Client 8 (EMNIST) | Target Loss: 0.0616 | G Loss: 7.5635 | D Loss: 0.0182
Client 9 (EMNIST) | Target Loss: 0.0933 | G Loss: 9.0534 | D Loss: 0.0084
Client 10 (EMNIST) | Target Loss: 0.3151 | G Loss: 6.6374 | D Loss: 0.0227
Round 17 | Client 0 | Model: (MLP) | Acc: 98.75%
Round 17 | Client 1 | Model: (CNN) | Acc: 98.68%
Round 17 | Client 2 | Model: (ResNet8) | Acc: 98.97%
Round 17 | Client 3 | Model: (ResNet18) | Acc: 99.61%
Round 17 | Client 4 | Model: (MobileNetV2) | Acc: 97.15%
Round 17 | Client 6 | Model: (MLP) | Acc: 95.09%
Round 17 | Client 7 | Model: (CNN) | Acc: 97.15%
Round 17 | Client 8 | Model: (ResNet8) | Acc: 95.98%
Round 17 | Client 9 | Model: (ResNet18) | Acc: 93.58%
Round 17 | Client 10 | Model: (MobileNetV2) | Acc: 88.74%
Selected client ids: [0, 1, 2, 3, 4, 5, 6, 7, 8, 9]
--- Round 18 ---
Client 0 (MNIST) | Target Loss: 0.0133 | G Loss: 4.1873 | D Loss: 0.1352
Client 1 (MNIST) | Target Loss: 0.0073 | G Loss: 5.7320 | D Loss: 0.0391
Client 2 (MNIST) | Target Loss: 0.0045 | G Loss: 6.1878 | D Loss: 0.0704
Client 3 (MNIST) | Target Loss: 0.0018 | G Loss: 7.2832 | D Loss: 0.0022
Client 4 (MNIST) | Target Loss: 0.0316 | G Loss: 5.1617 | D Loss: 0.0391
Client 6 (EMNIST) | Target Loss: 0.1077 | G Loss: 7.0106 | D Loss: 0.0179
Client 7 (EMNIST) | Target Loss: 0.0738 | G Loss: 7.9962 | D Loss: 0.0096
Client 8 (EMNIST) | Target Loss: 0.0571 | G Loss: 8.0988 | D Loss: 0.0143
Client 9 (EMNIST) | Target Loss: 0.0837 | G Loss: 9.5263 | D Loss: 0.0103
Client 10 (EMNIST) | Target Loss: 0.3003 | G Loss: 5.7925 | D Loss: 0.0979
Round 18 | Client 0 | Model: (MLP) | Acc: 99.15%
Round 18 | Client 1 | Model: (CNN) | Acc: 96.67%
Round 18 | Client 2 | Model: (ResNet8) | Acc: 99.22%
Round 18 | Client 3 | Model: (ResNet18) | Acc: 99.57%
Round 18 | Client 4 | Model: (MobileNetV2) | Acc: 97.05%
Round 18 | Client 6 | Model: (MLP) | Acc: 95.10%
Round 18 | Client 7 | Model: (CNN) | Acc: 97.15%
Round 18 | Client 8 | Model: (ResNet8) | Acc: 95.66%
Round 18 | Client 9 | Model: (ResNet18) | Acc: 93.72%
Round 18 | Client 10 | Model: (MobileNetV2) | Acc: 89.30%
Selected client ids: [0, 1, 2, 3, 4, 5, 6, 7, 8, 9]
--- Round 19 ---
Client 0 (MNIST) | Target Loss: 0.0198 | G Loss: 5.0578 | D Loss: 0.0818
Client 1 (MNIST) | Target Loss: 0.0102 | G Loss: 6.9885 | D Loss: 0.0024
Client 2 (MNIST) | Target Loss: 0.0016 | G Loss: 5.0231 | D Loss: 0.0708
Client 3 (MNIST) | Target Loss: 0.0008 | G Loss: 8.2961 | D Loss: 0.0008
Client 4 (MNIST) | Target Loss: 0.0373 | G Loss: 6.1660 | D Loss: 0.0046
Client 6 (EMNIST) | Target Loss: 0.1082 | G Loss: 7.3040 | D Loss: 0.0149
Client 7 (EMNIST) | Target Loss: 0.0719 | G Loss: 7.9838 | D Loss: 0.0132
Client 8 (EMNIST) | Target Loss: 0.0521 | G Loss: 8.3158 | D Loss: 0.0130
Client 9 (EMNIST) | Target Loss: 0.0761 | G Loss: 8.9499 | D Loss: 0.0093
Client 10 (EMNIST) | Target Loss: 0.2877 | G Loss: 5.9814 | D Loss: 0.0386
Round 19 | Client 0 | Model: (MLP) | Acc: 99.28%
Round 19 | Client 1 | Model: (CNN) | Acc: 98.68%
Round 19 | Client 2 | Model: (ResNet8) | Acc: 99.40%
Round 19 | Client 3 | Model: (ResNet18) | Acc: 99.57%
Round 19 | Client 4 | Model: (MobileNetV2) | Acc: 97.15%
Round 19 | Client 6 | Model: (MLP) | Acc: 95.18%
Round 19 | Client 7 | Model: (CNN) | Acc: 97.04%
Round 19 | Client 8 | Model: (ResNet8) | Acc: 95.82%
Round 19 | Client 9 | Model: (ResNet18) | Acc: 93.49%
Round 19 | Client 10 | Model: (MobileNetV2) | Acc: 88.27%
Selected client ids: [0, 1, 2, 3, 4, 5, 6, 7, 8, 9]
--- Round 20 ---
Client 0 (MNIST) | Target Loss: 0.0157 | G Loss: 5.6912 | D Loss: 0.0110
Client 1 (MNIST) | Target Loss: 0.0055 | G Loss: 5.6201 | D Loss: 0.0970
Client 2 (MNIST) | Target Loss: 0.0110 | G Loss: 3.8278 | D Loss: 0.1592
Client 3 (MNIST) | Target Loss: 0.0129 | G Loss: 5.2160 | D Loss: 0.0973
Client 4 (MNIST) | Target Loss: 0.0246 | G Loss: 5.4399 | D Loss: 0.1076
Client 6 (EMNIST) | Target Loss: 0.1033 | G Loss: 7.4480 | D Loss: 0.0153
Client 7 (EMNIST) | Target Loss: 0.0696 | G Loss: 7.8817 | D Loss: 0.0127
Client 8 (EMNIST) | Target Loss: 0.0477 | G Loss: 8.3689 | D Loss: 0.0101
Client 9 (EMNIST) | Target Loss: 0.0676 | G Loss: 9.2313 | D Loss: 0.0080
Client 10 (EMNIST) | Target Loss: 0.3009 | G Loss: 6.3410 | D Loss: 0.0276
Round 20 | Client 0 | Model: (MLP) | Acc: 99.01%
Round 20 | Client 1 | Model: (CNN) | Acc: 97.74%
Round 20 | Client 2 | Model: (ResNet8) | Acc: 97.71%
Round 20 | Client 3 | Model: (ResNet18) | Acc: 99.38%
Round 20 | Client 4 | Model: (MobileNetV2) | Acc: 96.64%
Round 20 | Client 6 | Model: (MLP) | Acc: 94.36%
Round 20 | Client 7 | Model: (CNN) | Acc: 97.00%
Round 20 | Client 8 | Model: (ResNet8) | Acc: 95.82%
Round 20 | Client 9 | Model: (ResNet18) | Acc: 93.38%
Round 20 | Client 10 | Model: (MobileNetV2) | Acc: 88.86%
Selected client ids: [0, 1, 2, 3, 4, 5, 6, 7, 8, 9]
--- Round 21 ---
Client 0 (MNIST) | Target Loss: 0.0288 | G Loss: 5.2659 | D Loss: 0.1032
Client 1 (MNIST) | Target Loss: 0.0104 | G Loss: 4.5422 | D Loss: 0.1092
Client 2 (MNIST) | Target Loss: 0.0151 | G Loss: 6.0743 | D Loss: 0.0061
Client 3 (MNIST) | Target Loss: 0.0068 | G Loss: 6.9364 | D Loss: 0.0053
Client 4 (MNIST) | Target Loss: 0.0265 | G Loss: 2.7983 | D Loss: 0.2077
Client 6 (EMNIST) | Target Loss: 0.1067 | G Loss: 7.7460 | D Loss: 0.0095
Client 7 (EMNIST) | Target Loss: 0.0687 | G Loss: 8.3151 | D Loss: 0.0114
Client 8 (EMNIST) | Target Loss: 0.0432 | G Loss: 8.5039 | D Loss: 0.0108
Client 9 (EMNIST) | Target Loss: 0.0589 | G Loss: 9.7367 | D Loss: 0.0080
Client 10 (EMNIST) | Target Loss: 0.2885 | G Loss: 6.2841 | D Loss: 0.0648
Round 21 | Client 0 | Model: (MLP) | Acc: 99.28%
Round 21 | Client 1 | Model: (CNN) | Acc: 98.36%
Round 21 | Client 2 | Model: (ResNet8) | Acc: 99.16%
Round 21 | Client 3 | Model: (ResNet18) | Acc: 99.61%
Round 21 | Client 4 | Model: (MobileNetV2) | Acc: 97.05%
Round 21 | Client 6 | Model: (MLP) | Acc: 95.15%
Round 21 | Client 7 | Model: (CNN) | Acc: 96.96%
Round 21 | Client 8 | Model: (ResNet8) | Acc: 95.25%
Round 21 | Client 9 | Model: (ResNet18) | Acc: 93.37%
Round 21 | Client 10 | Model: (MobileNetV2) | Acc: 89.21%
Selected client ids: [0, 1, 2, 3, 4, 5, 6, 7, 8, 9]
--- Round 22 ---
Client 0 (MNIST) | Target Loss: 0.0161 | G Loss: 4.3550 | D Loss: 0.1127
Client 1 (MNIST) | Target Loss: 0.0057 | G Loss: 5.5271 | D Loss: 0.0174
Client 2 (MNIST) | Target Loss: 0.0052 | G Loss: 4.8597 | D Loss: 0.1042
Client 3 (MNIST) | Target Loss: 0.0026 | G Loss: 5.3101 | D Loss: 0.0670
Client 4 (MNIST) | Target Loss: 0.0292 | G Loss: 4.0975 | D Loss: 0.0561
Client 6 (EMNIST) | Target Loss: 0.0992 | G Loss: 7.5854 | D Loss: 0.0125
Client 7 (EMNIST) | Target Loss: 0.0660 | G Loss: 8.2600 | D Loss: 0.0115
Client 8 (EMNIST) | Target Loss: 0.0398 | G Loss: 8.9131 | D Loss: 0.0075
Client 9 (EMNIST) | Target Loss: 0.0524 | G Loss: 8.5597 | D Loss: 0.0101
Client 10 (EMNIST) | Target Loss: 0.2822 | G Loss: 6.1727 | D Loss: 0.0337
Round 22 | Client 0 | Model: (MLP) | Acc: 99.41%
Round 22 | Client 1 | Model: (CNN) | Acc: 98.99%
Round 22 | Client 2 | Model: (ResNet8) | Acc: 98.97%
Round 22 | Client 3 | Model: (ResNet18) | Acc: 99.46%
Round 22 | Client 4 | Model: (MobileNetV2) | Acc: 97.05%
Round 22 | Client 6 | Model: (MLP) | Acc: 94.88%
Round 22 | Client 7 | Model: (CNN) | Acc: 97.11%
Round 22 | Client 8 | Model: (ResNet8) | Acc: 95.72%
Round 22 | Client 9 | Model: (ResNet18) | Acc: 93.25%
Round 22 | Client 10 | Model: (MobileNetV2) | Acc: 89.21%
Selected client ids: [0, 1, 2, 3, 4, 5, 6, 7, 8, 9]
--- Round 23 ---
Client 0 (MNIST) | Target Loss: 0.0114 | G Loss: 4.7543 | D Loss: 0.0810
Client 1 (MNIST) | Target Loss: 0.0071 | G Loss: 7.0886 | D Loss: 0.0023
Client 2 (MNIST) | Target Loss: 0.0040 | G Loss: 6.0338 | D Loss: 0.0316
Client 3 (MNIST) | Target Loss: 0.0017 | G Loss: 5.7877 | D Loss: 0.0489
Client 4 (MNIST) | Target Loss: 0.0155 | G Loss: 3.7197 | D Loss: 0.1545
Client 6 (EMNIST) | Target Loss: 0.1024 | G Loss: 7.7710 | D Loss: 0.0108
Client 7 (EMNIST) | Target Loss: 0.0653 | G Loss: 8.6468 | D Loss: 0.0113
Client 8 (EMNIST) | Target Loss: 0.0343 | G Loss: 8.4893 | D Loss: 0.0074
Client 9 (EMNIST) | Target Loss: 0.0449 | G Loss: 8.9091 | D Loss: 0.0081
Client 10 (EMNIST) | Target Loss: 0.2906 | G Loss: 6.6738 | D Loss: 0.0579
Round 23 | Client 0 | Model: (MLP) | Acc: 98.95%
Round 23 | Client 1 | Model: (CNN) | Acc: 97.48%
Round 23 | Client 2 | Model: (ResNet8) | Acc: 99.16%
Round 23 | Client 3 | Model: (ResNet18) | Acc: 98.96%
Round 23 | Client 4 | Model: (MobileNetV2) | Acc: 97.56%
Round 23 | Client 6 | Model: (MLP) | Acc: 95.15%
Round 23 | Client 7 | Model: (CNN) | Acc: 97.13%
Round 23 | Client 8 | Model: (ResNet8) | Acc: 95.67%
Round 23 | Client 9 | Model: (ResNet18) | Acc: 92.97%
Round 23 | Client 10 | Model: (MobileNetV2) | Acc: 88.72%
Selected client ids: [0, 1, 2, 3, 4, 5, 6, 7, 8, 9]
--- Round 24 ---
Client 0 (MNIST) | Target Loss: 0.0116 | G Loss: 4.7343 | D Loss: 0.0734
Client 1 (MNIST) | Target Loss: 0.0049 | G Loss: 4.3957 | D Loss: 0.1153
Client 2 (MNIST) | Target Loss: 0.0012 | G Loss: 4.9560 | D Loss: 0.0674
Client 3 (MNIST) | Target Loss: 0.0096 | G Loss: 5.7700 | D Loss: 0.0519
Client 4 (MNIST) | Target Loss: 0.0144 | G Loss: 5.5894 | D Loss: 0.0079
Client 6 (EMNIST) | Target Loss: 0.0970 | G Loss: 8.0101 | D Loss: 0.0099
Client 7 (EMNIST) | Target Loss: 0.0631 | G Loss: 8.6476 | D Loss: 0.0132
Client 8 (EMNIST) | Target Loss: 0.0315 | G Loss: 8.4035 | D Loss: 0.0079
Client 9 (EMNIST) | Target Loss: 0.0388 | G Loss: 9.9133 | D Loss: 0.0060
Client 10 (EMNIST) | Target Loss: 0.2747 | G Loss: 6.1583 | D Loss: 0.0397
Round 24 | Client 0 | Model: (MLP) | Acc: 99.47%
Round 24 | Client 1 | Model: (CNN) | Acc: 97.86%
Round 24 | Client 2 | Model: (ResNet8) | Acc: 99.52%
Round 24 | Client 3 | Model: (ResNet18) | Acc: 99.57%
Round 24 | Client 4 | Model: (MobileNetV2) | Acc: 97.25%
Round 24 | Client 6 | Model: (MLP) | Acc: 95.49%
Round 24 | Client 7 | Model: (CNN) | Acc: 96.65%
Round 24 | Client 8 | Model: (ResNet8) | Acc: 95.33%
Round 24 | Client 9 | Model: (ResNet18) | Acc: 92.71%
Round 24 | Client 10 | Model: (MobileNetV2) | Acc: 87.72%
Selected client ids: [0, 1, 2, 3, 4, 5, 6, 7, 8, 9]
--- Round 25 ---
Client 0 (MNIST) | Target Loss: 0.0155 | G Loss: 6.5273 | D Loss: 0.0036
Client 1 (MNIST) | Target Loss: 0.0043 | G Loss: 5.2857 | D Loss: 0.0387
Client 2 (MNIST) | Target Loss: 0.0122 | G Loss: 4.8936 | D Loss: 0.0977
Client 3 (MNIST) | Target Loss: 0.0057 | G Loss: 7.3867 | D Loss: 0.0021
Client 4 (MNIST) | Target Loss: 0.0272 | G Loss: 6.4988 | D Loss: 0.0034
Client 6 (EMNIST) | Target Loss: 0.0943 | G Loss: 7.9401 | D Loss: 0.0093
Client 7 (EMNIST) | Target Loss: 0.0609 | G Loss: 9.2708 | D Loss: 0.0104
Client 8 (EMNIST) | Target Loss: 0.0276 | G Loss: 8.6694 | D Loss: 0.0079
Client 9 (EMNIST) | Target Loss: 0.0333 | G Loss: 9.3916 | D Loss: 0.0072
Client 10 (EMNIST) | Target Loss: 0.2713 | G Loss: 6.4529 | D Loss: 0.0511
Round 25 | Client 0 | Model: (MLP) | Acc: 99.08%
Round 25 | Client 1 | Model: (CNN) | Acc: 99.06%
Round 25 | Client 2 | Model: (ResNet8) | Acc: 97.10%
Round 25 | Client 3 | Model: (ResNet18) | Acc: 99.11%
Round 25 | Client 4 | Model: (MobileNetV2) | Acc: 97.56%
Round 25 | Client 6 | Model: (MLP) | Acc: 95.33%
Round 25 | Client 7 | Model: (CNN) | Acc: 96.87%
Round 25 | Client 8 | Model: (ResNet8) | Acc: 95.58%
Round 25 | Client 9 | Model: (ResNet18) | Acc: 92.73%
Round 25 | Client 10 | Model: (MobileNetV2) | Acc: 88.41%
Selected client ids: [0, 1, 2, 3, 4, 5, 6, 7, 8, 9]
--- Round 26 ---
Client 0 (MNIST) | Target Loss: 0.0103 | G Loss: 6.1859 | D Loss: 0.0559
Client 1 (MNIST) | Target Loss: 0.0038 | G Loss: 6.9279 | D Loss: 0.0028
Client 2 (MNIST) | Target Loss: 0.0065 | G Loss: 5.0966 | D Loss: 0.0347
Client 3 (MNIST) | Target Loss: 0.0069 | G Loss: 5.4415 | D Loss: 0.0821
Client 4 (MNIST) | Target Loss: 0.0280 | G Loss: 6.9538 | D Loss: 0.0024
Client 6 (EMNIST) | Target Loss: 0.1028 | G Loss: 7.9636 | D Loss: 0.0087
Client 7 (EMNIST) | Target Loss: 0.0602 | G Loss: 9.0526 | D Loss: 0.0130
Client 8 (EMNIST) | Target Loss: 0.0255 | G Loss: 8.7199 | D Loss: 0.0085
Client 9 (EMNIST) | Target Loss: 0.0292 | G Loss: 9.4636 | D Loss: 0.0081
Client 10 (EMNIST) | Target Loss: 0.2679 | G Loss: 6.5906 | D Loss: 0.0250
Round 26 | Client 0 | Model: (MLP) | Acc: 99.41%
Round 26 | Client 1 | Model: (CNN) | Acc: 99.18%
Round 26 | Client 2 | Model: (ResNet8) | Acc: 99.58%
Round 26 | Client 3 | Model: (ResNet18) | Acc: 99.42%
Round 26 | Client 4 | Model: (MobileNetV2) | Acc: 97.76%
Round 26 | Client 6 | Model: (MLP) | Acc: 95.26%
Round 26 | Client 7 | Model: (CNN) | Acc: 96.90%
Round 26 | Client 8 | Model: (ResNet8) | Acc: 95.77%
Round 26 | Client 9 | Model: (ResNet18) | Acc: 92.94%
Round 26 | Client 10 | Model: (MobileNetV2) | Acc: 88.97%
Selected client ids: [0, 1, 2, 3, 4, 5, 6, 7, 8, 9]
--- Round 27 ---
Client 0 (MNIST) | Target Loss: 0.0088 | G Loss: 4.3328 | D Loss: 0.1182
Client 1 (MNIST) | Target Loss: 0.0122 | G Loss: 7.8019 | D Loss: 0.0013
Client 2 (MNIST) | Target Loss: 0.0006 | G Loss: 6.3579 | D Loss: 0.0044
Client 3 (MNIST) | Target Loss: 0.0034 | G Loss: 6.3786 | D Loss: 0.0155
Client 4 (MNIST) | Target Loss: 0.0297 | G Loss: 4.8799 | D Loss: 0.1931
Client 6 (EMNIST) | Target Loss: 0.0950 | G Loss: 8.1284 | D Loss: 0.0084
Client 7 (EMNIST) | Target Loss: 0.0586 | G Loss: 7.7413 | D Loss: 0.0085
Client 8 (EMNIST) | Target Loss: 0.0226 | G Loss: 8.7339 | D Loss: 0.0095
Client 9 (EMNIST) | Target Loss: 0.0249 | G Loss: 9.1860 | D Loss: 0.0071
Client 10 (EMNIST) | Target Loss: 0.2745 | G Loss: 5.7602 | D Loss: 0.0534
Round 27 | Client 0 | Model: (MLP) | Acc: 99.47%
Round 27 | Client 1 | Model: (CNN) | Acc: 98.62%
Round 27 | Client 2 | Model: (ResNet8) | Acc: 99.34%
Round 27 | Client 3 | Model: (ResNet18) | Acc: 99.42%
Round 27 | Client 4 | Model: (MobileNetV2) | Acc: 97.76%
Round 27 | Client 6 | Model: (MLP) | Acc: 95.34%
Round 27 | Client 7 | Model: (CNN) | Acc: 97.13%
Round 27 | Client 8 | Model: (ResNet8) | Acc: 95.40%
Round 27 | Client 9 | Model: (ResNet18) | Acc: 92.70%
Round 27 | Client 10 | Model: (MobileNetV2) | Acc: 88.61%
Selected client ids: [0, 1, 2, 3, 4, 5, 6, 7, 8, 9]
--- Round 28 ---
Client 0 (MNIST) | Target Loss: 0.0087 | G Loss: 5.6957 | D Loss: 0.0101
Client 1 (MNIST) | Target Loss: 0.0087 | G Loss: 5.2315 | D Loss: 0.1433
Client 2 (MNIST) | Target Loss: 0.0020 | G Loss: 7.1316 | D Loss: 0.0022
Client 3 (MNIST) | Target Loss: 0.0047 | G Loss: 7.8046 | D Loss: 0.0015
Client 4 (MNIST) | Target Loss: 0.0170 | G Loss: 3.0682 | D Loss: 0.1905
Client 6 (EMNIST) | Target Loss: 0.1008 | G Loss: 8.0100 | D Loss: 0.0090
Client 7 (EMNIST) | Target Loss: 0.0568 | G Loss: 8.4376 | D Loss: 0.0087
Client 8 (EMNIST) | Target Loss: 0.0204 | G Loss: 9.7426 | D Loss: 0.0081
Client 9 (EMNIST) | Target Loss: 0.0220 | G Loss: 9.3126 | D Loss: 0.0062
Client 10 (EMNIST) | Target Loss: 0.2554 | G Loss: 7.8187 | D Loss: 0.0014
Round 28 | Client 0 | Model: (MLP) | Acc: 99.34%
Round 28 | Client 1 | Model: (CNN) | Acc: 99.43%
Round 28 | Client 2 | Model: (ResNet8) | Acc: 98.91%
Round 28 | Client 3 | Model: (ResNet18) | Acc: 99.54%
Round 28 | Client 4 | Model: (MobileNetV2) | Acc: 97.45%
Round 28 | Client 6 | Model: (MLP) | Acc: 94.77%
Round 28 | Client 7 | Model: (CNN) | Acc: 97.09%
Round 28 | Client 8 | Model: (ResNet8) | Acc: 95.60%
Round 28 | Client 9 | Model: (ResNet18) | Acc: 92.70%
Round 28 | Client 10 | Model: (MobileNetV2) | Acc: 89.10%
Selected client ids: [0, 1, 2, 3, 4, 5, 6, 7, 8, 9]
--- Round 29 ---
Client 0 (MNIST) | Target Loss: 0.0123 | G Loss: 6.5054 | D Loss: 0.0426
Client 1 (MNIST) | Target Loss: 0.0021 | G Loss: 4.3212 | D Loss: 0.1195
Client 2 (MNIST) | Target Loss: 0.0044 | G Loss: 4.5984 | D Loss: 0.1670
Client 3 (MNIST) | Target Loss: 0.0017 | G Loss: 5.5572 | D Loss: 0.0530
Client 4 (MNIST) | Target Loss: 0.0185 | G Loss: 3.9926 | D Loss: 0.0946
Client 6 (EMNIST) | Target Loss: 0.0935 | G Loss: 8.1188 | D Loss: 0.0102
Client 7 (EMNIST) | Target Loss: 0.0552 | G Loss: 8.5554 | D Loss: 0.0074
Client 8 (EMNIST) | Target Loss: 0.0185 | G Loss: 9.7552 | D Loss: 0.0086
Client 9 (EMNIST) | Target Loss: 0.0203 | G Loss: 8.9755 | D Loss: 0.0068
Client 10 (EMNIST) | Target Loss: 0.2631 | G Loss: 6.0759 | D Loss: 0.0794
Round 29 | Client 0 | Model: (MLP) | Acc: 99.34%
Round 29 | Client 1 | Model: (CNN) | Acc: 99.37%
Round 29 | Client 2 | Model: (ResNet8) | Acc: 99.34%
Round 29 | Client 3 | Model: (ResNet18) | Acc: 99.61%
Round 29 | Client 4 | Model: (MobileNetV2) | Acc: 97.56%
Round 29 | Client 6 | Model: (MLP) | Acc: 95.29%
Round 29 | Client 7 | Model: (CNN) | Acc: 97.02%
Round 29 | Client 8 | Model: (ResNet8) | Acc: 95.65%
Round 29 | Client 9 | Model: (ResNet18) | Acc: 92.99%
Round 29 | Client 10 | Model: (MobileNetV2) | Acc: 88.80%
Selected client ids: [0, 1, 2, 3, 4, 5, 6, 7, 8, 9]
--- Round 30 ---
Client 0 (MNIST) | Target Loss: 0.0091 | G Loss: 3.6183 | D Loss: 0.1247
Client 1 (MNIST) | Target Loss: 0.0027 | G Loss: 4.8746 | D Loss: 0.0403
Client 2 (MNIST) | Target Loss: 0.0054 | G Loss: 5.4533 | D Loss: 0.0437
Client 3 (MNIST) | Target Loss: 0.0067 | G Loss: 6.0536 | D Loss: 0.0455
Client 4 (MNIST) | Target Loss: 0.0235 | G Loss: 5.6400 | D Loss: 0.0079
Client 6 (EMNIST) | Target Loss: 0.1042 | G Loss: 8.4871 | D Loss: 0.0079
Client 7 (EMNIST) | Target Loss: 0.0548 | G Loss: 9.3419 | D Loss: 0.0066
Client 8 (EMNIST) | Target Loss: 0.0178 | G Loss: 10.1996 | D Loss: 0.0109
Client 9 (EMNIST) | Target Loss: 0.0171 | G Loss: 9.8430 | D Loss: 0.0067
Client 10 (EMNIST) | Target Loss: 0.2522 | G Loss: 6.4514 | D Loss: 0.0419
Round 30 | Client 0 | Model: (MLP) | Acc: 99.15%
Round 30 | Client 1 | Model: (CNN) | Acc: 98.24%
Round 30 | Client 2 | Model: (ResNet8) | Acc: 98.91%
Round 30 | Client 3 | Model: (ResNet18) | Acc: 99.50%
Round 30 | Client 4 | Model: (MobileNetV2) | Acc: 98.37%
Round 30 | Client 6 | Model: (MLP) | Acc: 95.29%
Round 30 | Client 7 | Model: (CNN) | Acc: 96.79%
Round 30 | Client 8 | Model: (ResNet8) | Acc: 95.18%
Round 30 | Client 9 | Model: (ResNet18) | Acc: 92.93%
Round 30 | Client 10 | Model: (MobileNetV2) | Acc: 88.66%
Selected client ids: [0, 1, 2, 3, 4, 5, 6, 7, 8, 9]
--- Round 31 ---
Client 0 (MNIST) | Target Loss: 0.0130 | G Loss: 4.5382 | D Loss: 0.0484
Client 1 (MNIST) | Target Loss: 0.0019 | G Loss: 6.3136 | D Loss: 0.0047
Client 2 (MNIST) | Target Loss: 0.0054 | G Loss: 4.8755 | D Loss: 0.0902
Client 3 (MNIST) | Target Loss: 0.0075 | G Loss: 5.8973 | D Loss: 0.0363
Client 4 (MNIST) | Target Loss: 0.0295 | G Loss: 6.4033 | D Loss: 0.0039
Client 6 (EMNIST) | Target Loss: 0.0898 | G Loss: 8.5962 | D Loss: 0.0074
Client 7 (EMNIST) | Target Loss: 0.0532 | G Loss: 9.9249 | D Loss: 0.0103
Client 8 (EMNIST) | Target Loss: 0.0163 | G Loss: 10.2554 | D Loss: 0.0094
Client 9 (EMNIST) | Target Loss: 0.0157 | G Loss: 8.2913 | D Loss: 0.0064
Client 10 (EMNIST) | Target Loss: 0.2549 | G Loss: 5.7497 | D Loss: 0.0568
Round 31 | Client 0 | Model: (MLP) | Acc: 99.28%
Round 31 | Client 1 | Model: (CNN) | Acc: 99.37%
Round 31 | Client 2 | Model: (ResNet8) | Acc: 99.58%
Round 31 | Client 3 | Model: (ResNet18) | Acc: 99.34%
Round 31 | Client 4 | Model: (MobileNetV2) | Acc: 97.66%
Round 31 | Client 6 | Model: (MLP) | Acc: 95.45%
Round 31 | Client 7 | Model: (CNN) | Acc: 97.17%
Round 31 | Client 8 | Model: (ResNet8) | Acc: 95.08%
Round 31 | Client 9 | Model: (ResNet18) | Acc: 92.89%
Round 31 | Client 10 | Model: (MobileNetV2) | Acc: 88.19%
Selected client ids: [0, 1, 2, 3, 4, 5, 6, 7, 8, 9]
--- Round 32 ---
Client 0 (MNIST) | Target Loss: 0.0081 | G Loss: 5.8088 | D Loss: 0.0069
Client 1 (MNIST) | Target Loss: 0.0031 | G Loss: 7.4671 | D Loss: 0.0016
Client 2 (MNIST) | Target Loss: 0.0028 | G Loss: 6.6823 | D Loss: 0.0039
Client 3 (MNIST) | Target Loss: 0.0023 | G Loss: 7.3805 | D Loss: 0.0021
Client 4 (MNIST) | Target Loss: 0.0398 | G Loss: 6.8265 | D Loss: 0.0028
Client 6 (EMNIST) | Target Loss: 0.0990 | G Loss: 8.4917 | D Loss: 0.0078
Client 7 (EMNIST) | Target Loss: 0.0519 | G Loss: 10.1797 | D Loss: 0.0099
Client 8 (EMNIST) | Target Loss: 0.0152 | G Loss: 10.1064 | D Loss: 0.0083
Client 9 (EMNIST) | Target Loss: 0.0156 | G Loss: 9.2994 | D Loss: 0.0047
Client 10 (EMNIST) | Target Loss: 0.2486 | G Loss: 6.3811 | D Loss: 0.0467
Round 32 | Client 0 | Model: (MLP) | Acc: 99.08%
Round 32 | Client 1 | Model: (CNN) | Acc: 98.87%
Round 32 | Client 2 | Model: (ResNet8) | Acc: 99.09%
Round 32 | Client 3 | Model: (ResNet18) | Acc: 99.42%
Round 32 | Client 4 | Model: (MobileNetV2) | Acc: 97.15%
Round 32 | Client 6 | Model: (MLP) | Acc: 94.96%
Round 32 | Client 7 | Model: (CNN) | Acc: 97.13%
Round 32 | Client 8 | Model: (ResNet8) | Acc: 95.72%
Round 32 | Client 9 | Model: (ResNet18) | Acc: 93.07%
Round 32 | Client 10 | Model: (MobileNetV2) | Acc: 87.80%
Selected client ids: [0, 1, 2, 3, 4, 5, 6, 7, 8, 9]
--- Round 33 ---
Client 0 (MNIST) | Target Loss: 0.0123 | G Loss: 4.8377 | D Loss: 0.1087
Client 1 (MNIST) | Target Loss: 0.0073 | G Loss: 8.0374 | D Loss: 0.0010
Client 2 (MNIST) | Target Loss: 0.0069 | G Loss: 5.1250 | D Loss: 0.0744
Client 3 (MNIST) | Target Loss: 0.0063 | G Loss: 6.4770 | D Loss: 0.0696
Client 4 (MNIST) | Target Loss: 0.0285 | G Loss: 5.4232 | D Loss: 0.1898
Client 6 (EMNIST) | Target Loss: 0.0907 | G Loss: 9.5811 | D Loss: 0.0059
Client 7 (EMNIST) | Target Loss: 0.0504 | G Loss: 8.7610 | D Loss: 0.0103
Client 8 (EMNIST) | Target Loss: 0.0138 | G Loss: 10.5321 | D Loss: 0.0085
Client 9 (EMNIST) | Target Loss: 0.0130 | G Loss: 10.1764 | D Loss: 0.0057
Client 10 (EMNIST) | Target Loss: 0.2453 | G Loss: 6.3373 | D Loss: 0.0317
Round 33 | Client 0 | Model: (MLP) | Acc: 99.47%
Round 33 | Client 1 | Model: (CNN) | Acc: 98.93%
Round 33 | Client 2 | Model: (ResNet8) | Acc: 99.22%
Round 33 | Client 3 | Model: (ResNet18) | Acc: 99.34%
Round 33 | Client 4 | Model: (MobileNetV2) | Acc: 97.45%
Round 33 | Client 6 | Model: (MLP) | Acc: 95.30%
Round 33 | Client 7 | Model: (CNN) | Acc: 97.02%
Round 33 | Client 8 | Model: (ResNet8) | Acc: 95.18%
Round 33 | Client 9 | Model: (ResNet18) | Acc: 92.83%
Round 33 | Client 10 | Model: (MobileNetV2) | Acc: 89.24%
Selected client ids: [0, 1, 2, 3, 4, 5, 6, 7, 8, 9]
--- Round 34 ---
Client 0 (MNIST) | Target Loss: 0.0048 | G Loss: 4.5864 | D Loss: 0.1124
Client 1 (MNIST) | Target Loss: 0.0063 | G Loss: 7.8809 | D Loss: 0.0539
Client 2 (MNIST) | Target Loss: 0.0095 | G Loss: 6.8081 | D Loss: 0.0038
Client 3 (MNIST) | Target Loss: 0.0056 | G Loss: 6.8117 | D Loss: 0.0144
Client 4 (MNIST) | Target Loss: 0.0337 | G Loss: 3.1039 | D Loss: 0.1989
Client 6 (EMNIST) | Target Loss: 0.0953 | G Loss: 8.7559 | D Loss: 0.0068
Client 7 (EMNIST) | Target Loss: 0.0493 | G Loss: 8.1440 | D Loss: 0.0066
Client 8 (EMNIST) | Target Loss: 0.0135 | G Loss: 9.8695 | D Loss: 0.0104
Client 9 (EMNIST) | Target Loss: 0.0140 | G Loss: 10.5557 | D Loss: 0.0046
Client 10 (EMNIST) | Target Loss: 0.2333 | G Loss: 8.0503 | D Loss: 0.0012
Round 34 | Client 0 | Model: (MLP) | Acc: 99.61%
Round 34 | Client 1 | Model: (CNN) | Acc: 99.25%
Round 34 | Client 2 | Model: (ResNet8) | Acc: 99.46%
Round 34 | Client 3 | Model: (ResNet18) | Acc: 99.54%
Round 34 | Client 4 | Model: (MobileNetV2) | Acc: 97.25%
Round 34 | Client 6 | Model: (MLP) | Acc: 95.04%
Round 34 | Client 7 | Model: (CNN) | Acc: 96.92%
Round 34 | Client 8 | Model: (ResNet8) | Acc: 95.55%
Round 34 | Client 9 | Model: (ResNet18) | Acc: 92.96%
Round 34 | Client 10 | Model: (MobileNetV2) | Acc: 89.57%
Selected client ids: [0, 1, 2, 3, 4, 5, 6, 7, 8, 9]
--- Round 35 ---
Client 0 (MNIST) | Target Loss: 0.0044 | G Loss: 6.1321 | D Loss: 0.0056
Client 1 (MNIST) | Target Loss: 0.0028 | G Loss: 4.7649 | D Loss: 0.0709
Client 2 (MNIST) | Target Loss: 0.0030 | G Loss: 7.1406 | D Loss: 0.0306
Client 3 (MNIST) | Target Loss: 0.0133 | G Loss: 5.7776 | D Loss: 0.0705
Client 4 (MNIST) | Target Loss: 0.0291 | G Loss: 4.6194 | D Loss: 0.0718
Client 6 (EMNIST) | Target Loss: 0.0961 | G Loss: 9.4036 | D Loss: 0.0056
Client 7 (EMNIST) | Target Loss: 0.0481 | G Loss: 8.7993 | D Loss: 0.0053
Client 8 (EMNIST) | Target Loss: 0.0123 | G Loss: 7.7002 | D Loss: 0.0065
Client 9 (EMNIST) | Target Loss: 0.0132 | G Loss: 9.5764 | D Loss: 0.0059
Client 10 (EMNIST) | Target Loss: 0.2389 | G Loss: 5.7651 | D Loss: 0.0651
Round 35 | Client 0 | Model: (MLP) | Acc: 99.47%
Round 35 | Client 1 | Model: (CNN) | Acc: 96.79%
Round 35 | Client 2 | Model: (ResNet8) | Acc: 98.73%
Round 35 | Client 3 | Model: (ResNet18) | Acc: 99.23%
Round 35 | Client 4 | Model: (MobileNetV2) | Acc: 97.35%
Round 35 | Client 6 | Model: (MLP) | Acc: 95.35%
Round 35 | Client 7 | Model: (CNN) | Acc: 97.04%
Round 35 | Client 8 | Model: (ResNet8) | Acc: 95.48%
Round 35 | Client 9 | Model: (ResNet18) | Acc: 92.72%
Round 35 | Client 10 | Model: (MobileNetV2) | Acc: 88.97%
Selected client ids: [0, 1, 2, 3, 4, 5, 6, 7, 8, 9]
--- Round 36 ---
Client 0 (MNIST) | Target Loss: 0.0016 | G Loss: 6.9428 | D Loss: 0.0027
Client 1 (MNIST) | Target Loss: 0.0061 | G Loss: 5.1780 | D Loss: 0.1022
Client 2 (MNIST) | Target Loss: 0.0012 | G Loss: 4.4132 | D Loss: 0.1252
Client 3 (MNIST) | Target Loss: 0.0039 | G Loss: 6.1880 | D Loss: 0.0276
Client 4 (MNIST) | Target Loss: 0.0165 | G Loss: 5.1628 | D Loss: 0.1078
Client 6 (EMNIST) | Target Loss: 0.0972 | G Loss: 8.6583 | D Loss: 0.0075
Client 7 (EMNIST) | Target Loss: 0.0462 | G Loss: 8.4913 | D Loss: 0.0067
Client 8 (EMNIST) | Target Loss: 0.0122 | G Loss: 8.7257 | D Loss: 0.0045
Client 9 (EMNIST) | Target Loss: 0.0118 | G Loss: 10.4453 | D Loss: 0.0043
Client 10 (EMNIST) | Target Loss: 0.2365 | G Loss: 6.1552 | D Loss: 0.0555
Round 36 | Client 0 | Model: (MLP) | Acc: 99.34%
Round 36 | Client 1 | Model: (CNN) | Acc: 96.73%
Round 36 | Client 2 | Model: (ResNet8) | Acc: 99.40%
Round 36 | Client 3 | Model: (ResNet18) | Acc: 99.30%
Round 36 | Client 4 | Model: (MobileNetV2) | Acc: 97.96%
Round 36 | Client 6 | Model: (MLP) | Acc: 94.96%
Round 36 | Client 7 | Model: (CNN) | Acc: 96.74%
Round 36 | Client 8 | Model: (ResNet8) | Acc: 95.19%
Round 36 | Client 9 | Model: (ResNet18) | Acc: 92.99%
Round 36 | Client 10 | Model: (MobileNetV2) | Acc: 88.80%
Selected client ids: [0, 1, 2, 3, 4, 5, 6, 7, 8, 9]
--- Round 37 ---
Client 0 (MNIST) | Target Loss: 0.0134 | G Loss: 4.3347 | D Loss: 0.1266
Client 1 (MNIST) | Target Loss: 0.0056 | G Loss: 5.7236 | D Loss: 0.0230
Client 2 (MNIST) | Target Loss: 0.0003 | G Loss: 5.2300 | D Loss: 0.0358
Client 3 (MNIST) | Target Loss: 0.0011 | G Loss: 7.9263 | D Loss: 0.0014
Client 4 (MNIST) | Target Loss: 0.0154 | G Loss: 6.3616 | D Loss: 0.0050
Client 6 (EMNIST) | Target Loss: 0.0944 | G Loss: 8.7454 | D Loss: 0.0064
Client 7 (EMNIST) | Target Loss: 0.0461 | G Loss: 8.7289 | D Loss: 0.0071
Client 8 (EMNIST) | Target Loss: 0.0108 | G Loss: 8.8727 | D Loss: 0.0056
Client 9 (EMNIST) | Target Loss: 0.0124 | G Loss: 10.7721 | D Loss: 0.0022
Client 10 (EMNIST) | Target Loss: 0.2270 | G Loss: 6.9912 | D Loss: 0.0179
Round 37 | Client 0 | Model: (MLP) | Acc: 99.41%
Round 37 | Client 1 | Model: (CNN) | Acc: 98.18%
Round 37 | Client 2 | Model: (ResNet8) | Acc: 99.64%
Round 37 | Client 3 | Model: (ResNet18) | Acc: 99.61%
Round 37 | Client 4 | Model: (MobileNetV2) | Acc: 98.47%
Round 37 | Client 6 | Model: (MLP) | Acc: 95.61%
Round 37 | Client 7 | Model: (CNN) | Acc: 96.64%
Round 37 | Client 8 | Model: (ResNet8) | Acc: 95.34%
Round 37 | Client 9 | Model: (ResNet18) | Acc: 92.81%
Round 37 | Client 10 | Model: (MobileNetV2) | Acc: 88.74%
Selected client ids: [0, 1, 2, 3, 4, 5, 6, 7, 8, 9]
--- Round 38 ---
Client 0 (MNIST) | Target Loss: 0.0051 | G Loss: 4.8290 | D Loss: 0.0617
Client 1 (MNIST) | Target Loss: 0.0042 | G Loss: 7.0918 | D Loss: 0.0023
Client 2 (MNIST) | Target Loss: 0.0009 | G Loss: 6.6831 | D Loss: 0.0038
Client 3 (MNIST) | Target Loss: 0.0001 | G Loss: 6.0327 | D Loss: 0.0489
Client 4 (MNIST) | Target Loss: 0.0161 | G Loss: 6.9646 | D Loss: 0.0026
Client 6 (EMNIST) | Target Loss: 0.0921 | G Loss: 8.8036 | D Loss: 0.0083
Client 7 (EMNIST) | Target Loss: 0.0440 | G Loss: 9.0536 | D Loss: 0.0053
Client 8 (EMNIST) | Target Loss: 0.0107 | G Loss: 10.2090 | D Loss: 0.0085
Client 9 (EMNIST) | Target Loss: 0.0108 | G Loss: 8.9001 | D Loss: 0.0063
Client 10 (EMNIST) | Target Loss: 0.2268 | G Loss: 7.0830 | D Loss: 0.0230
Round 38 | Client 0 | Model: (MLP) | Acc: 99.54%
Round 38 | Client 1 | Model: (CNN) | Acc: 99.25%
Round 38 | Client 2 | Model: (ResNet8) | Acc: 99.52%
Round 38 | Client 3 | Model: (ResNet18) | Acc: 99.50%
Round 38 | Client 4 | Model: (MobileNetV2) | Acc: 97.66%
Round 38 | Client 6 | Model: (MLP) | Acc: 95.35%
Round 38 | Client 7 | Model: (CNN) | Acc: 96.77%
Round 38 | Client 8 | Model: (ResNet8) | Acc: 95.12%
Round 38 | Client 9 | Model: (ResNet18) | Acc: 92.68%
Round 38 | Client 10 | Model: (MobileNetV2) | Acc: 88.52%
Selected client ids: [0, 1, 2, 3, 4, 5, 6, 7, 8, 9]
--- Round 39 ---
Client 0 (MNIST) | Target Loss: 0.0040 | G Loss: 5.2843 | D Loss: 0.0818
Client 1 (MNIST) | Target Loss: 0.0028 | G Loss: 7.6558 | D Loss: 0.0013
Client 2 (MNIST) | Target Loss: 0.0015 | G Loss: 7.4459 | D Loss: 0.0016
Client 3 (MNIST) | Target Loss: 0.0000 | G Loss: 6.1648 | D Loss: 0.0314
Client 4 (MNIST) | Target Loss: 0.0185 | G Loss: 5.3241 | D Loss: 0.1374
Client 6 (EMNIST) | Target Loss: 0.0915 | G Loss: 8.5020 | D Loss: 0.0068
Client 7 (EMNIST) | Target Loss: 0.0437 | G Loss: 10.1223 | D Loss: 0.0057
Client 8 (EMNIST) | Target Loss: 0.0098 | G Loss: 10.9655 | D Loss: 0.0058
Client 9 (EMNIST) | Target Loss: 0.0105 | G Loss: 8.1691 | D Loss: 0.0060
Client 10 (EMNIST) | Target Loss: 0.2321 | G Loss: 6.5330 | D Loss: 0.0419
Round 39 | Client 0 | Model: (MLP) | Acc: 99.28%
Round 39 | Client 1 | Model: (CNN) | Acc: 99.43%
Round 39 | Client 2 | Model: (ResNet8) | Acc: 99.58%
Round 39 | Client 3 | Model: (ResNet18) | Acc: 99.65%
Round 39 | Client 4 | Model: (MobileNetV2) | Acc: 98.17%
Round 39 | Client 6 | Model: (MLP) | Acc: 95.11%
Round 39 | Client 7 | Model: (CNN) | Acc: 96.96%
Round 39 | Client 8 | Model: (ResNet8) | Acc: 95.36%
Round 39 | Client 9 | Model: (ResNet18) | Acc: 92.26%
Round 39 | Client 10 | Model: (MobileNetV2) | Acc: 88.91%
Selected client ids: [0, 1, 2, 3, 4, 5, 6, 7, 8, 9]
--- Round 40 ---
Client 0 (MNIST) | Target Loss: 0.0025 | G Loss: 6.4888 | D Loss: 0.0047
Client 1 (MNIST) | Target Loss: 0.0035 | G Loss: 8.3245 | D Loss: 0.0008
Client 2 (MNIST) | Target Loss: 0.0005 | G Loss: 8.0375 | D Loss: 0.0010
Client 3 (MNIST) | Target Loss: 0.0000 | G Loss: 6.9910 | D Loss: 0.0291
Client 4 (MNIST) | Target Loss: 0.0214 | G Loss: 3.6452 | D Loss: 0.1284
Client 6 (EMNIST) | Target Loss: 0.0900 | G Loss: 9.0083 | D Loss: 0.0082
Client 7 (EMNIST) | Target Loss: 0.0430 | G Loss: 10.9402 | D Loss: 0.0082
Client 8 (EMNIST) | Target Loss: 0.0098 | G Loss: 11.0190 | D Loss: 0.0079
Client 9 (EMNIST) | Target Loss: 0.0107 | G Loss: 9.1548 | D Loss: 0.0043
Client 10 (EMNIST) | Target Loss: 0.2164 | G Loss: 6.1352 | D Loss: 0.0349
Round 40 | Client 0 | Model: (MLP) | Acc: 99.34%
Round 40 | Client 1 | Model: (CNN) | Acc: 98.68%
Round 40 | Client 2 | Model: (ResNet8) | Acc: 99.46%
Round 40 | Client 3 | Model: (ResNet18) | Acc: 99.57%
Round 40 | Client 4 | Model: (MobileNetV2) | Acc: 97.35%
Round 40 | Client 6 | Model: (MLP) | Acc: 95.07%
Round 40 | Client 7 | Model: (CNN) | Acc: 97.19%
Round 40 | Client 8 | Model: (ResNet8) | Acc: 95.33%
Round 40 | Client 9 | Model: (ResNet18) | Acc: 92.47%
Round 40 | Client 10 | Model: (MobileNetV2) | Acc: 89.05%
Saving checkpoints ...
[Server] Checkpoint saved to logs/2026-04-21_12-24-27/GeFL_local/server_checkpoints.pth
[Server] All 10 clients saved in logs/2026-04-21_12-24-27/GeFL_local/clients_last_round_checkpoints/
==============================    Finished. Total Time: 7:27:36    ==============================
