Time: 2026-04-16 04:15:56
Log Dir: /home/unshun/multi-FL/logs/Local_noniid_het_gb40/new_client_2026-04-16_04-15-56/
================================================================================Loading checkpoints from logs/Local_noniid_het_gb40/Local/
Method selected: FAST
Loaded MLP for MNIST from client_model_MNIST_c0_MLP.pth
Loaded LeNet for MNIST from client_model_MNIST_c6_LeNet.pth
Loaded ShuffleNet for MNIST from client_model_MNIST_c8_ShuffleNet.pth
Loaded MobileNetV2 for MNIST from client_model_MNIST_c4_MobileNetV2.pth
Loaded ResNet8 for MNIST from client_model_MNIST_c2_ResNet8.pth
Loaded CNN for MNIST from client_model_MNIST_c1_CNN.pth
Loaded ResNet18 for MNIST from client_model_MNIST_c3_ResNet18.pth
Loaded SqueezeNet for MNIST from client_model_MNIST_c9_SqueezeNet.pth
Loaded AlexNet for MNIST from client_model_MNIST_c7_AlexNet.pth
Loaded MobileNetV3 for MNIST from client_model_MNIST_c5_MobileNetV3.pth
Loaded ShuffleNet for EMNIST from client_model_EMNIST_c19_ShuffleNet.pth
Loaded MobileNetV2 for EMNIST from client_model_EMNIST_c15_MobileNetV2.pth
Loaded AlexNet for EMNIST from client_model_EMNIST_c18_AlexNet.pth
Loaded SqueezeNet for EMNIST from client_model_EMNIST_c20_SqueezeNet.pth
Loaded MobileNetV3 for EMNIST from client_model_EMNIST_c16_MobileNetV3.pth
Loaded ResNet18 for EMNIST from client_model_EMNIST_c14_ResNet18.pth
Loaded ResNet8 for EMNIST from client_model_EMNIST_c13_ResNet8.pth
Loaded CNN for EMNIST from client_model_EMNIST_c12_CNN.pth
Loaded MLP for EMNIST from client_model_EMNIST_c11_MLP.pth
Loaded LeNet for EMNIST from client_model_EMNIST_c17_LeNet.pth
WARNING: No models loaded for dataset: FashionMNIST.
WARNING: No models loaded for dataset: CIFAR100.

========================================
>>> [METHOD: SYNTHETIC] Starting Synthetic Label Mapping...
========================================
>>> Target Methods to Run: ['FAST']
>>> [Syn] Loaded client data distributions directly from server checkpoint.

########################################
>>> [Syn] Running Method: FAST
########################################

>>> Syn-FAST Training New Generators...
[Testing] Training Per-Dataset Generators Offline (New Gen Method) using FAST...
--- FAST Generator Configuration ---
    epochs: 120
    warmup: 20
    g_steps: 2
    lr_g: 0.005
    lr_z: 0.015
    ce: 0.5
    bn: 10.0
    adv: 1.33
    student_lr: 0.2
------------------------------------
    -> [Epoch 0] Student Test Accuracy for MNIST: 11.35%
    -> [Epoch 1] Student Test Accuracy for MNIST: 9.74%
    -> [Epoch 2] Student Test Accuracy for MNIST: 9.74%
    -> [Epoch 3] Student Test Accuracy for MNIST: 9.74%
    -> [Epoch 4] Student Test Accuracy for MNIST: 8.92%
    -> [Epoch 5] Student Test Accuracy for MNIST: 8.92%
    -> [Epoch 6] Student Test Accuracy for MNIST: 8.92%
    -> [Epoch 7] Student Test Accuracy for MNIST: 8.92%
    -> [Epoch 8] Student Test Accuracy for MNIST: 8.92%
    -> [Epoch 9] Student Test Accuracy for MNIST: 8.92%
    -> [Epoch 10] Student Test Accuracy for MNIST: 10.03%
    -> [Epoch 11] Student Test Accuracy for MNIST: 9.82%
    -> [Epoch 12] Student Test Accuracy for MNIST: 9.82%
    -> [Epoch 13] Student Test Accuracy for MNIST: 10.21%
    -> [Epoch 14] Student Test Accuracy for MNIST: 8.92%
    -> [Epoch 15] Student Test Accuracy for MNIST: 8.92%
    -> [Epoch 16] Student Test Accuracy for MNIST: 8.92%
    -> [Epoch 17] Student Test Accuracy for MNIST: 8.92%
    -> [Epoch 18] Student Test Accuracy for MNIST: 8.92%
    -> [Epoch 19] Student Test Accuracy for MNIST: 8.92%
    -> [Epoch 20] Student Test Accuracy for MNIST: 8.92%
    -> [Epoch 21] Student Test Accuracy for MNIST: 8.92%
    -> [Epoch 22] Student Test Accuracy for MNIST: 8.92%
    -> [Epoch 23] Student Test Accuracy for MNIST: 8.92%
    -> [Epoch 24] Student Test Accuracy for MNIST: 8.92%
    -> [Epoch 25] Student Test Accuracy for MNIST: 8.92%
    -> [Epoch 26] Student Test Accuracy for MNIST: 8.92%
    -> [Epoch 27] Student Test Accuracy for MNIST: 8.92%
    -> [Epoch 28] Student Test Accuracy for MNIST: 8.92%
    -> [Epoch 29] Student Test Accuracy for MNIST: 8.92%
    -> [Epoch 30] Student Test Accuracy for MNIST: 8.92%
    -> [Epoch 31] Student Test Accuracy for MNIST: 8.92%
    -> [Epoch 32] Student Test Accuracy for MNIST: 8.92%
    -> [Epoch 33] Student Test Accuracy for MNIST: 8.92%
    -> [Epoch 34] Student Test Accuracy for MNIST: 8.92%
    -> [Epoch 35] Student Test Accuracy for MNIST: 8.92%
    -> [Epoch 36] Student Test Accuracy for MNIST: 8.93%
    -> [Epoch 37] Student Test Accuracy for MNIST: 8.93%
    -> [Epoch 38] Student Test Accuracy for MNIST: 9.55%
    -> [Epoch 39] Student Test Accuracy for MNIST: 13.44%
    -> [Epoch 40] Student Test Accuracy for MNIST: 11.21%
    -> [Epoch 41] Student Test Accuracy for MNIST: 11.71%
    -> [Epoch 42] Student Test Accuracy for MNIST: 9.62%
    -> [Epoch 43] Student Test Accuracy for MNIST: 8.92%
    -> [Epoch 44] Student Test Accuracy for MNIST: 8.92%
    -> [Epoch 45] Student Test Accuracy for MNIST: 8.92%
    -> [Epoch 46] Student Test Accuracy for MNIST: 8.92%
    -> [Epoch 47] Student Test Accuracy for MNIST: 8.93%
    -> [Epoch 48] Student Test Accuracy for MNIST: 9.06%
    -> [Epoch 49] Student Test Accuracy for MNIST: 9.68%
    -> [Epoch 50] Student Test Accuracy for MNIST: 13.72%
    -> [Epoch 51] Student Test Accuracy for MNIST: 17.71%
    -> [Epoch 52] Student Test Accuracy for MNIST: 19.37%
    -> [Epoch 53] Student Test Accuracy for MNIST: 20.73%
    -> [Epoch 54] Student Test Accuracy for MNIST: 17.87%
    -> [Epoch 55] Student Test Accuracy for MNIST: 12.44%
    -> [Epoch 56] Student Test Accuracy for MNIST: 11.10%
    -> [Epoch 57] Student Test Accuracy for MNIST: 9.47%
    -> [Epoch 58] Student Test Accuracy for MNIST: 10.51%
    -> [Epoch 59] Student Test Accuracy for MNIST: 12.39%
    -> [Epoch 60] Student Test Accuracy for MNIST: 12.94%
    -> [Epoch 61] Student Test Accuracy for MNIST: 13.49%
    -> [Epoch 62] Student Test Accuracy for MNIST: 13.06%
    -> [Epoch 63] Student Test Accuracy for MNIST: 13.61%
    -> [Epoch 64] Student Test Accuracy for MNIST: 14.04%
    -> [Epoch 65] Student Test Accuracy for MNIST: 9.27%
    -> [Epoch 66] Student Test Accuracy for MNIST: 8.93%
    -> [Epoch 67] Student Test Accuracy for MNIST: 8.94%
    -> [Epoch 68] Student Test Accuracy for MNIST: 8.97%
    -> [Epoch 69] Student Test Accuracy for MNIST: 8.94%
    -> [Epoch 70] Student Test Accuracy for MNIST: 8.92%
    -> [Epoch 71] Student Test Accuracy for MNIST: 8.92%
    -> [Epoch 72] Student Test Accuracy for MNIST: 8.92%
    -> [Epoch 73] Student Test Accuracy for MNIST: 8.92%
    -> [Epoch 74] Student Test Accuracy for MNIST: 8.92%
    -> [Epoch 75] Student Test Accuracy for MNIST: 8.92%
    -> [Epoch 76] Student Test Accuracy for MNIST: 8.92%
    -> [Epoch 77] Student Test Accuracy for MNIST: 8.92%
    -> [Epoch 78] Student Test Accuracy for MNIST: 9.05%
    -> [Epoch 79] Student Test Accuracy for MNIST: 11.20%
    -> [Epoch 80] Student Test Accuracy for MNIST: 13.85%
    -> [Epoch 81] Student Test Accuracy for MNIST: 12.39%
    -> [Epoch 82] Student Test Accuracy for MNIST: 8.92%
    -> [Epoch 83] Student Test Accuracy for MNIST: 8.92%
    -> [Epoch 84] Student Test Accuracy for MNIST: 8.98%
    -> [Epoch 85] Student Test Accuracy for MNIST: 9.05%
    -> [Epoch 86] Student Test Accuracy for MNIST: 9.58%
    -> [Epoch 87] Student Test Accuracy for MNIST: 8.94%
    -> [Epoch 88] Student Test Accuracy for MNIST: 9.17%
    -> [Epoch 89] Student Test Accuracy for MNIST: 9.38%
    -> [Epoch 90] Student Test Accuracy for MNIST: 10.74%
    -> [Epoch 91] Student Test Accuracy for MNIST: 11.20%
    -> [Epoch 92] Student Test Accuracy for MNIST: 12.73%
    -> [Epoch 93] Student Test Accuracy for MNIST: 10.08%
    -> [Epoch 94] Student Test Accuracy for MNIST: 9.87%
    -> [Epoch 95] Student Test Accuracy for MNIST: 8.92%
    -> [Epoch 96] Student Test Accuracy for MNIST: 8.92%
    -> [Epoch 97] Student Test Accuracy for MNIST: 8.92%
    -> [Epoch 98] Student Test Accuracy for MNIST: 8.92%
    -> [Epoch 99] Student Test Accuracy for MNIST: 8.92%
    -> [Epoch 100] Student Test Accuracy for MNIST: 9.23%
    -> [Epoch 101] Student Test Accuracy for MNIST: 12.49%
    -> [Epoch 102] Student Test Accuracy for MNIST: 15.67%
    -> [Epoch 103] Student Test Accuracy for MNIST: 15.40%
    -> [Epoch 104] Student Test Accuracy for MNIST: 15.97%
    -> [Epoch 105] Student Test Accuracy for MNIST: 15.67%
    -> [Epoch 106] Student Test Accuracy for MNIST: 9.70%
    -> [Epoch 107] Student Test Accuracy for MNIST: 8.92%
    -> [Epoch 108] Student Test Accuracy for MNIST: 8.92%
    -> [Epoch 109] Student Test Accuracy for MNIST: 8.92%
    -> [Epoch 110] Student Test Accuracy for MNIST: 8.92%
    -> [Epoch 111] Student Test Accuracy for MNIST: 10.50%
    -> [Epoch 112] Student Test Accuracy for MNIST: 13.11%
    -> [Epoch 113] Student Test Accuracy for MNIST: 11.82%
    -> [Epoch 114] Student Test Accuracy for MNIST: 11.22%
    -> [Epoch 115] Student Test Accuracy for MNIST: 9.75%
    -> [Epoch 116] Student Test Accuracy for MNIST: 10.56%
    -> [Epoch 117] Student Test Accuracy for MNIST: 9.50%
    -> [Epoch 118] Student Test Accuracy for MNIST: 8.93%
    -> [Epoch 119] Student Test Accuracy for MNIST: 8.92%
    Dataset [MNIST] Generator | Epochs: 120 | Final Loss: 286.5332
    -> Student Accuracy per Epoch saved to /home/unshun/multi-FL/logs/Local_noniid_het_gb40/new_client_2026-04-16_04-15-56/FAST_MNIST_student_acc.csv
-> [New] Gen images saved to /home/unshun/multi-FL/logs/Local_noniid_het_gb40/new_client_2026-04-16_04-15-56/FAST_MNIST__gen_img_new.png
    -> [Epoch 0] Student Test Accuracy for EMNIST: 2.17%
    -> [Epoch 1] Student Test Accuracy for EMNIST: 2.18%
    -> [Epoch 2] Student Test Accuracy for EMNIST: 2.18%
    -> [Epoch 3] Student Test Accuracy for EMNIST: 2.18%
    -> [Epoch 4] Student Test Accuracy for EMNIST: 2.18%
    -> [Epoch 5] Student Test Accuracy for EMNIST: 0.36%
    -> [Epoch 6] Student Test Accuracy for EMNIST: 0.36%
    -> [Epoch 7] Student Test Accuracy for EMNIST: 0.36%
    -> [Epoch 8] Student Test Accuracy for EMNIST: 4.84%
    -> [Epoch 9] Student Test Accuracy for EMNIST: 4.84%
    -> [Epoch 10] Student Test Accuracy for EMNIST: 4.84%
    -> [Epoch 11] Student Test Accuracy for EMNIST: 4.84%
    -> [Epoch 12] Student Test Accuracy for EMNIST: 4.84%
    -> [Epoch 13] Student Test Accuracy for EMNIST: 2.83%
    -> [Epoch 14] Student Test Accuracy for EMNIST: 0.51%
    -> [Epoch 15] Student Test Accuracy for EMNIST: 0.51%
    -> [Epoch 16] Student Test Accuracy for EMNIST: 0.51%
    -> [Epoch 17] Student Test Accuracy for EMNIST: 5.05%
    -> [Epoch 18] Student Test Accuracy for EMNIST: 0.36%
    -> [Epoch 19] Student Test Accuracy for EMNIST: 0.36%
    -> [Epoch 20] Student Test Accuracy for EMNIST: 0.36%
    -> [Epoch 21] Student Test Accuracy for EMNIST: 0.36%
    -> [Epoch 22] Student Test Accuracy for EMNIST: 4.97%
    -> [Epoch 23] Student Test Accuracy for EMNIST: 4.97%
    -> [Epoch 24] Student Test Accuracy for EMNIST: 2.18%
    -> [Epoch 25] Student Test Accuracy for EMNIST: 2.18%
    -> [Epoch 26] Student Test Accuracy for EMNIST: 2.18%
    -> [Epoch 27] Student Test Accuracy for EMNIST: 2.18%
    -> [Epoch 28] Student Test Accuracy for EMNIST: 2.18%
    -> [Epoch 29] Student Test Accuracy for EMNIST: 0.69%
    -> [Epoch 30] Student Test Accuracy for EMNIST: 0.69%
    -> [Epoch 31] Student Test Accuracy for EMNIST: 0.69%
    -> [Epoch 32] Student Test Accuracy for EMNIST: 0.69%
    -> [Epoch 33] Student Test Accuracy for EMNIST: 1.76%
    -> [Epoch 34] Student Test Accuracy for EMNIST: 4.84%
    -> [Epoch 35] Student Test Accuracy for EMNIST: 4.84%
    -> [Epoch 36] Student Test Accuracy for EMNIST: 2.15%
    -> [Epoch 37] Student Test Accuracy for EMNIST: 2.18%
    -> [Epoch 38] Student Test Accuracy for EMNIST: 2.18%
    -> [Epoch 39] Student Test Accuracy for EMNIST: 2.18%
    -> [Epoch 40] Student Test Accuracy for EMNIST: 2.18%
    -> [Epoch 41] Student Test Accuracy for EMNIST: 2.38%
    -> [Epoch 42] Student Test Accuracy for EMNIST: 0.41%
    -> [Epoch 43] Student Test Accuracy for EMNIST: 0.38%
    -> [Epoch 44] Student Test Accuracy for EMNIST: 0.41%
    -> [Epoch 45] Student Test Accuracy for EMNIST: 0.55%
    -> [Epoch 46] Student Test Accuracy for EMNIST: 0.75%
    -> [Epoch 47] Student Test Accuracy for EMNIST: 0.74%
    -> [Epoch 48] Student Test Accuracy for EMNIST: 2.11%
    -> [Epoch 49] Student Test Accuracy for EMNIST: 4.16%
    -> [Epoch 50] Student Test Accuracy for EMNIST: 4.79%
    -> [Epoch 51] Student Test Accuracy for EMNIST: 4.82%
    -> [Epoch 52] Student Test Accuracy for EMNIST: 4.77%
    -> [Epoch 53] Student Test Accuracy for EMNIST: 4.84%
    -> [Epoch 54] Student Test Accuracy for EMNIST: 4.84%
    -> [Epoch 55] Student Test Accuracy for EMNIST: 4.83%
    -> [Epoch 56] Student Test Accuracy for EMNIST: 3.55%
    -> [Epoch 57] Student Test Accuracy for EMNIST: 0.74%
    -> [Epoch 58] Student Test Accuracy for EMNIST: 0.73%
    -> [Epoch 59] Student Test Accuracy for EMNIST: 0.73%
    -> [Epoch 60] Student Test Accuracy for EMNIST: 0.73%
    -> [Epoch 61] Student Test Accuracy for EMNIST: 2.59%
    -> [Epoch 62] Student Test Accuracy for EMNIST: 2.18%
    -> [Epoch 63] Student Test Accuracy for EMNIST: 2.18%
    -> [Epoch 64] Student Test Accuracy for EMNIST: 2.18%
    -> [Epoch 65] Student Test Accuracy for EMNIST: 2.18%
    -> [Epoch 66] Student Test Accuracy for EMNIST: 2.18%
    -> [Epoch 67] Student Test Accuracy for EMNIST: 2.18%
    -> [Epoch 68] Student Test Accuracy for EMNIST: 2.18%
    -> [Epoch 69] Student Test Accuracy for EMNIST: 2.18%
    -> [Epoch 70] Student Test Accuracy for EMNIST: 0.46%
    -> [Epoch 71] Student Test Accuracy for EMNIST: 0.69%
    -> [Epoch 72] Student Test Accuracy for EMNIST: 0.69%
    -> [Epoch 73] Student Test Accuracy for EMNIST: 0.69%
    -> [Epoch 74] Student Test Accuracy for EMNIST: 0.69%
    -> [Epoch 75] Student Test Accuracy for EMNIST: 0.79%
    -> [Epoch 76] Student Test Accuracy for EMNIST: 0.98%
    -> [Epoch 77] Student Test Accuracy for EMNIST: 1.09%
    -> [Epoch 78] Student Test Accuracy for EMNIST: 0.84%
    -> [Epoch 79] Student Test Accuracy for EMNIST: 0.98%
    -> [Epoch 80] Student Test Accuracy for EMNIST: 1.15%
    -> [Epoch 81] Student Test Accuracy for EMNIST: 2.72%
    -> [Epoch 82] Student Test Accuracy for EMNIST: 4.48%
    -> [Epoch 83] Student Test Accuracy for EMNIST: 3.63%
    -> [Epoch 84] Student Test Accuracy for EMNIST: 3.66%
    -> [Epoch 85] Student Test Accuracy for EMNIST: 3.69%
    -> [Epoch 86] Student Test Accuracy for EMNIST: 4.46%
    -> [Epoch 87] Student Test Accuracy for EMNIST: 4.72%
    -> [Epoch 88] Student Test Accuracy for EMNIST: 4.73%
    -> [Epoch 89] Student Test Accuracy for EMNIST: 4.82%
    -> [Epoch 90] Student Test Accuracy for EMNIST: 4.83%
    -> [Epoch 91] Student Test Accuracy for EMNIST: 4.83%
    -> [Epoch 92] Student Test Accuracy for EMNIST: 4.83%
    -> [Epoch 93] Student Test Accuracy for EMNIST: 4.79%
    -> [Epoch 94] Student Test Accuracy for EMNIST: 4.22%
    -> [Epoch 95] Student Test Accuracy for EMNIST: 2.18%
    -> [Epoch 96] Student Test Accuracy for EMNIST: 2.18%
    -> [Epoch 97] Student Test Accuracy for EMNIST: 2.18%
    -> [Epoch 98] Student Test Accuracy for EMNIST: 2.18%
    -> [Epoch 99] Student Test Accuracy for EMNIST: 1.59%
    -> [Epoch 100] Student Test Accuracy for EMNIST: 0.69%
    -> [Epoch 101] Student Test Accuracy for EMNIST: 0.69%
    -> [Epoch 102] Student Test Accuracy for EMNIST: 0.69%
    -> [Epoch 103] Student Test Accuracy for EMNIST: 0.69%
    -> [Epoch 104] Student Test Accuracy for EMNIST: 0.69%
    -> [Epoch 105] Student Test Accuracy for EMNIST: 0.72%
    -> [Epoch 106] Student Test Accuracy for EMNIST: 0.95%
    -> [Epoch 107] Student Test Accuracy for EMNIST: 1.00%
    -> [Epoch 108] Student Test Accuracy for EMNIST: 0.89%
    -> [Epoch 109] Student Test Accuracy for EMNIST: 0.42%
    -> [Epoch 110] Student Test Accuracy for EMNIST: 0.36%
    -> [Epoch 111] Student Test Accuracy for EMNIST: 0.36%
    -> [Epoch 112] Student Test Accuracy for EMNIST: 0.36%
    -> [Epoch 113] Student Test Accuracy for EMNIST: 0.36%
    -> [Epoch 114] Student Test Accuracy for EMNIST: 0.36%
    -> [Epoch 115] Student Test Accuracy for EMNIST: 0.36%
    -> [Epoch 116] Student Test Accuracy for EMNIST: 0.37%
    -> [Epoch 117] Student Test Accuracy for EMNIST: 0.43%
    -> [Epoch 118] Student Test Accuracy for EMNIST: 0.39%
    -> [Epoch 119] Student Test Accuracy for EMNIST: 0.39%
    Dataset [EMNIST] Generator | Epochs: 120 | Final Loss: 6926.8020
    -> Student Accuracy per Epoch saved to /home/unshun/multi-FL/logs/Local_noniid_het_gb40/new_client_2026-04-16_04-15-56/FAST_EMNIST_student_acc.csv
-> [New] Gen images saved to /home/unshun/multi-FL/logs/Local_noniid_het_gb40/new_client_2026-04-16_04-15-56/FAST_EMNIST__gen_img_new.png
Exp (Syn): New Gen + Old Ent (0.1)
dynamic_entropy_ratio: 0.1
Exp (Syn): New Gen + Old Ent (0.15)
dynamic_entropy_ratio: 0.15
Exp (Syn): New Gen + Old Ent (0.2)
dynamic_entropy_ratio: 0.2
Exp (Syn): New Gen + Old Ent (0.25)
dynamic_entropy_ratio: 0.25
Exp (Syn): New Gen + Old Ent (0.3)
dynamic_entropy_ratio: 0.3
Exp (Syn): New Gen + Old Ent (0.35)
dynamic_entropy_ratio: 0.35
Exp (Syn): New Gen + Old Ent (0.4)
dynamic_entropy_ratio: 0.4
Exp (Syn): New Gen + Old Ent (0.45)
dynamic_entropy_ratio: 0.45
Exp (Syn): New Gen + Old Ent (0.5)
dynamic_entropy_ratio: 0.5
Exp (Syn): New Gen + Old Ent (0.55)
dynamic_entropy_ratio: 0.55
Exp (Syn): New Gen + Old Ent (0.6)
dynamic_entropy_ratio: 0.6
Exp (Syn): New Gen + Old Ent (0.65)
dynamic_entropy_ratio: 0.65
Exp (Syn): New Gen + Old Ent (0.7)
dynamic_entropy_ratio: 0.7
Exp (Syn): New Gen + Old Ent (0.75)
dynamic_entropy_ratio: 0.75
Exp (Syn): New Gen + Old Ent (0.8)
dynamic_entropy_ratio: 0.8
Exp (Syn): New Gen + Old Ent (0.85)
dynamic_entropy_ratio: 0.85
Exp (Syn): New Gen + Old Ent (0.9)
dynamic_entropy_ratio: 0.9
Exp (Syn): New Gen + Old Ent (0.95)
dynamic_entropy_ratio: 0.95
Exp (Syn): New Gen + Old Ent (1.0)
dynamic_entropy_ratio: 1.0
Exp (Syn): New Gen + New Ent (0.1)
dynamic_entropy_ratio: 0.1
Exp (Syn): New Gen + New Ent (0.15)
dynamic_entropy_ratio: 0.15
Exp (Syn): New Gen + New Ent (0.2)
dynamic_entropy_ratio: 0.2
Exp (Syn): New Gen + New Ent (0.25)
dynamic_entropy_ratio: 0.25
Exp (Syn): New Gen + New Ent (0.3)
dynamic_entropy_ratio: 0.3
Exp (Syn): New Gen + New Ent (0.35)
dynamic_entropy_ratio: 0.35
Exp (Syn): New Gen + New Ent (0.4)
dynamic_entropy_ratio: 0.4
Exp (Syn): New Gen + New Ent (0.45)
dynamic_entropy_ratio: 0.45
Exp (Syn): New Gen + New Ent (0.5)
dynamic_entropy_ratio: 0.5
Exp (Syn): New Gen + New Ent (0.55)
dynamic_entropy_ratio: 0.55
Exp (Syn): New Gen + New Ent (0.6)
dynamic_entropy_ratio: 0.6
Exp (Syn): New Gen + New Ent (0.65)
dynamic_entropy_ratio: 0.65
Exp (Syn): New Gen + New Ent (0.7)
dynamic_entropy_ratio: 0.7
Exp (Syn): New Gen + New Ent (0.75)
dynamic_entropy_ratio: 0.75
Exp (Syn): New Gen + New Ent (0.8)
dynamic_entropy_ratio: 0.8
Exp (Syn): New Gen + New Ent (0.85)
dynamic_entropy_ratio: 0.85
Exp (Syn): New Gen + New Ent (0.9)
dynamic_entropy_ratio: 0.9
Exp (Syn): New Gen + New Ent (0.95)
dynamic_entropy_ratio: 0.95
Exp (Syn): New Gen + New Ent (1.0)
dynamic_entropy_ratio: 1.0
