Time: 2026-05-12 05:37:28
Log Dir: logs/2026-05-12_05-37-28/UDON
================================================================================

==============================        Args        ==============================
  exp_timestamp: None
  exp_conf: ./configs/het-iid-exp.yaml
  device: cuda:1
  seed: 15698
  algorithm: UDON
  num_new_clients: 1
  num_train_mnist: 10
  num_train_emnist: 10
  num_train_fashionmnist: 0
  num_train_cifar10: 10
  num_train_cifar100: 0
  num_train_usps: 0
================================================================================
==============================    Exp Configs     ==============================
exp_name: model-heterogeneity
heterogeneous: true
dirichlet_alpha: 100
global_rounds: 30
local_epochs: 1
local_loss_fn: CrossEntropyLoss
local_optim: Adam
local_lr: 0.001
batch_size: 64
sample_frac: 1.0
test_interval: 1
metric_type: accuracy
global_feature_dim: 256
optim: Adam
optim_lr: 0.001
global_gen_epochs: 10
gen_noise_dim: 128
gen_optim: Adam
gen_optim_lr: 0.001
global_feat_gen_epochs: 10
feat_gen_noise_dim: 128
feat_gen_optim: Adam
feat_gen_optim_lr: 0.001
feat_gen_div_beta: 1.0
public_data_ratio: 0.05
start_mapping_epoch: 1
gen_observer_weight: 1.0
index_matching: class_name
aggregate_method: dataset_name
use_new_entropy_method: true
entropy_ratio: 0.85
global_model_epochs: 5
global_model_optim: Adam
global_model_optim_lr: 0.0001
global_samples_per_class: 64

================================================================================

==================================================
Start 30 rounds training by UDON
Selected client ids: [0, 1, 2, 3, 4, 5, 6, 7, 8, 9, 10, 11, 12, 13, 14, 15, 16, 17, 18, 19, 20, 21, 22, 23, 24, 25, 26, 27, 28, 29]
--- Round 1 ---
Round 1 | Client 0 | Model: (MLP) | Acc: 83.86%
Round 1 | Client 1 | Model: (CNN) | Acc: 50.50%
Round 1 | Client 2 | Model: (ResNet8) | Acc: 82.11%
Round 1 | Client 3 | Model: (ResNet18) | Acc: 83.14%
Round 1 | Client 4 | Model: (MobileNetV2) | Acc: 54.39%
Round 1 | Client 5 | Model: (MobileNetV3) | Acc: 47.16%
Round 1 | Client 6 | Model: (LeNet) | Acc: 81.07%
Round 1 | Client 7 | Model: (AlexNet) | Acc: 86.32%
Round 1 | Client 8 | Model: (ShuffleNet) | Acc: 62.58%
Round 1 | Client 9 | Model: (SqueezeNet) | Acc: 51.58%
Round 1 | Client 11 | Model: (MLP) | Acc: 74.61%
Round 1 | Client 12 | Model: (CNN) | Acc: 74.77%
Round 1 | Client 13 | Model: (ResNet8) | Acc: 78.00%
Round 1 | Client 14 | Model: (ResNet18) | Acc: 81.02%
Round 1 | Client 15 | Model: (MobileNetV2) | Acc: 74.55%
Round 1 | Client 16 | Model: (MobileNetV3) | Acc: 32.23%
Round 1 | Client 17 | Model: (LeNet) | Acc: 77.56%
Round 1 | Client 18 | Model: (AlexNet) | Acc: 80.53%
Round 1 | Client 19 | Model: (ShuffleNet) | Acc: 70.96%
Round 1 | Client 20 | Model: (SqueezeNet) | Acc: 70.01%
Round 1 | Client 22 | Model: (MLP) | Acc: 30.22%
Round 1 | Client 23 | Model: (CNN) | Acc: 33.08%
Round 1 | Client 24 | Model: (ResNet8) | Acc: 32.23%
Round 1 | Client 25 | Model: (ResNet18) | Acc: 29.19%
Round 1 | Client 26 | Model: (MobileNetV2) | Acc: 15.95%
Round 1 | Client 27 | Model: (MobileNetV3) | Acc: 33.58%
Round 1 | Client 28 | Model: (LeNet) | Acc: 27.94%
Round 1 | Client 29 | Model: (AlexNet) | Acc: 26.59%
Round 1 | Client 30 | Model: (ShuffleNet) | Acc: 20.94%
Round 1 | Client 31 | Model: (SqueezeNet) | Acc: 14.72%
[Server] Aggregating by Dataset Name ...
[Server] Performing Name-Based Label Mapping...
[Server] Name-based mapping completed. Found 72 unique global classes.

=========================================================================================================
Global ID  | Class Name           | Mapped Datasets (Local ID)
---------------------------------------------------------------------------------------------------------
0          | 0                    | MNIST(0), EMNIST(0)
1          | 1                    | MNIST(1), EMNIST(1)
2          | 2                    | MNIST(2), EMNIST(2)
3          | 3                    | MNIST(3), EMNIST(3)
4          | 4                    | MNIST(4), EMNIST(4)
5          | 5                    | MNIST(5), EMNIST(5)
6          | 6                    | MNIST(6), EMNIST(6)
7          | 7                    | MNIST(7), EMNIST(7)
8          | 8                    | MNIST(8), EMNIST(8)
9          | 9                    | MNIST(9), EMNIST(9)
10         | A                    | EMNIST(10)
11         | B                    | EMNIST(11)
12         | C                    | EMNIST(12)
13         | D                    | EMNIST(13)
14         | E                    | EMNIST(14)
15         | F                    | EMNIST(15)
16         | G                    | EMNIST(16)
17         | H                    | EMNIST(17)
18         | I                    | EMNIST(18)
19         | J                    | EMNIST(19)
20         | K                    | EMNIST(20)
21         | L                    | EMNIST(21)
22         | M                    | EMNIST(22)
23         | N                    | EMNIST(23)
24         | O                    | EMNIST(24)
25         | P                    | EMNIST(25)
26         | Q                    | EMNIST(26)
27         | R                    | EMNIST(27)
28         | S                    | EMNIST(28)
29         | T                    | EMNIST(29)
30         | U                    | EMNIST(30)
31         | V                    | EMNIST(31)
32         | W                    | EMNIST(32)
33         | X                    | EMNIST(33)
34         | Y                    | EMNIST(34)
35         | Z                    | EMNIST(35)
36         | a                    | EMNIST(36)
37         | airplane             | CIFAR10(0)
38         | automobile           | CIFAR10(1)
39         | b                    | EMNIST(37)
40         | bird                 | CIFAR10(2)
41         | c                    | EMNIST(38)
42         | cat                  | CIFAR10(3)
43         | d                    | EMNIST(39)
44         | deer                 | CIFAR10(4)
45         | dog                  | CIFAR10(5)
46         | e                    | EMNIST(40)
47         | f                    | EMNIST(41)
48         | frog                 | CIFAR10(6)
49         | g                    | EMNIST(42)
50         | h                    | EMNIST(43)
51         | horse                | CIFAR10(7)
52         | i                    | EMNIST(44)
53         | j                    | EMNIST(45)
54         | k                    | EMNIST(46)
55         | l                    | EMNIST(47)
56         | m                    | EMNIST(48)
57         | n                    | EMNIST(49)
58         | o                    | EMNIST(50)
59         | p                    | EMNIST(51)
60         | q                    | EMNIST(52)
61         | r                    | EMNIST(53)
62         | s                    | EMNIST(54)
63         | ship                 | CIFAR10(8)
64         | t                    | EMNIST(55)
65         | truck                | CIFAR10(9)
66         | u                    | EMNIST(56)
67         | v                    | EMNIST(57)
68         | w                    | EMNIST(58)
69         | x                    | EMNIST(59)
70         | y                    | EMNIST(60)
71         | z                    | EMNIST(61)
=========================================================================================================

Initializing Global Inference Model with 72 classes...
--- Epoch 1/5 ---
Epoch 1 done. Avg Loss: 12.6467
--- Epoch 2/5 ---
Epoch 2 done. Avg Loss: 5.4963
--- Epoch 3/5 ---
Epoch 3 done. Avg Loss: 2.5934
--- Epoch 4/5 ---
Epoch 4 done. Avg Loss: 1.9245
--- Epoch 5/5 ---
Epoch 5 done. Avg Loss: 1.7216
[Server] Global Inference Model Acc (MNIST) (Round 1): 52.40% (Tested on 9095 samples)
[Server] Global Inference Model Acc (EMNIST) (Round 1): 62.26% (Tested on 105779 samples)
[Server] Global Inference Model Acc (CIFAR10) (Round 1): 17.88% (Tested on 9100 samples)
[Server] Global Inference Model Acc (Mix) (Round 1): 58.28% (Tested on 123974 samples)
Selected client ids: [0, 1, 2, 3, 4, 5, 6, 7, 8, 9, 10, 11, 12, 13, 14, 15, 16, 17, 18, 19, 20, 21, 22, 23, 24, 25, 26, 27, 28, 29]
--- Round 2 ---
Round 2 | Client 0 | Model: (MLP) | Acc: 88.33%
Round 2 | Client 1 | Model: (CNN) | Acc: 58.80%
Round 2 | Client 2 | Model: (ResNet8) | Acc: 81.77%
Round 2 | Client 3 | Model: (ResNet18) | Acc: 95.14%
Round 2 | Client 4 | Model: (MobileNetV2) | Acc: 83.40%
Round 2 | Client 5 | Model: (MobileNetV3) | Acc: 60.98%
Round 2 | Client 6 | Model: (LeNet) | Acc: 91.14%
Round 2 | Client 7 | Model: (AlexNet) | Acc: 94.32%
Round 2 | Client 8 | Model: (ShuffleNet) | Acc: 77.51%
Round 2 | Client 9 | Model: (SqueezeNet) | Acc: 68.31%
Round 2 | Client 11 | Model: (MLP) | Acc: 77.14%
Round 2 | Client 12 | Model: (CNN) | Acc: 77.00%
Round 2 | Client 13 | Model: (ResNet8) | Acc: 83.71%
Round 2 | Client 14 | Model: (ResNet18) | Acc: 83.40%
Round 2 | Client 15 | Model: (MobileNetV2) | Acc: 75.55%
Round 2 | Client 16 | Model: (MobileNetV3) | Acc: 45.30%
Round 2 | Client 17 | Model: (LeNet) | Acc: 78.12%
Round 2 | Client 18 | Model: (AlexNet) | Acc: 82.17%
Round 2 | Client 19 | Model: (ShuffleNet) | Acc: 74.74%
Round 2 | Client 20 | Model: (SqueezeNet) | Acc: 75.75%
Round 2 | Client 22 | Model: (MLP) | Acc: 37.65%
Round 2 | Client 23 | Model: (CNN) | Acc: 39.01%
Round 2 | Client 24 | Model: (ResNet8) | Acc: 39.51%
Round 2 | Client 25 | Model: (ResNet18) | Acc: 30.74%
Round 2 | Client 26 | Model: (MobileNetV2) | Acc: 24.24%
Round 2 | Client 27 | Model: (MobileNetV3) | Acc: 35.94%
Round 2 | Client 28 | Model: (LeNet) | Acc: 35.20%
Round 2 | Client 29 | Model: (AlexNet) | Acc: 25.08%
Round 2 | Client 30 | Model: (ShuffleNet) | Acc: 22.70%
Round 2 | Client 31 | Model: (SqueezeNet) | Acc: 20.45%
[Server] Aggregating by Dataset Name ...
--- Epoch 1/5 ---
Epoch 1 done. Avg Loss: 1.7657
--- Epoch 2/5 ---
Epoch 2 done. Avg Loss: 1.5196
--- Epoch 3/5 ---
Epoch 3 done. Avg Loss: 1.4328
--- Epoch 4/5 ---
Epoch 4 done. Avg Loss: 1.3463
--- Epoch 5/5 ---
Epoch 5 done. Avg Loss: 1.3803
[Server] Global Inference Model Acc (MNIST) (Round 2): 80.37% (Tested on 9095 samples)
[Server] Global Inference Model Acc (EMNIST) (Round 2): 75.34% (Tested on 105779 samples)
[Server] Global Inference Model Acc (CIFAR10) (Round 2): 21.66% (Tested on 9100 samples)
[Server] Global Inference Model Acc (Mix) (Round 2): 71.77% (Tested on 123974 samples)
Selected client ids: [0, 1, 2, 3, 4, 5, 6, 7, 8, 9, 10, 11, 12, 13, 14, 15, 16, 17, 18, 19, 20, 21, 22, 23, 24, 25, 26, 27, 28, 29]
--- Round 3 ---
Round 3 | Client 0 | Model: (MLP) | Acc: 85.17%
Round 3 | Client 1 | Model: (CNN) | Acc: 90.59%
Round 3 | Client 2 | Model: (ResNet8) | Acc: 75.88%
Round 3 | Client 3 | Model: (ResNet18) | Acc: 94.57%
Round 3 | Client 4 | Model: (MobileNetV2) | Acc: 87.58%
Round 3 | Client 5 | Model: (MobileNetV3) | Acc: 68.12%
Round 3 | Client 6 | Model: (LeNet) | Acc: 95.73%
Round 3 | Client 7 | Model: (AlexNet) | Acc: 95.37%
Round 3 | Client 8 | Model: (ShuffleNet) | Acc: 81.85%
Round 3 | Client 9 | Model: (SqueezeNet) | Acc: 85.14%
Round 3 | Client 11 | Model: (MLP) | Acc: 78.98%
Round 3 | Client 12 | Model: (CNN) | Acc: 77.09%
Round 3 | Client 13 | Model: (ResNet8) | Acc: 83.96%
Round 3 | Client 14 | Model: (ResNet18) | Acc: 84.37%
Round 3 | Client 15 | Model: (MobileNetV2) | Acc: 78.89%
Round 3 | Client 16 | Model: (MobileNetV3) | Acc: 50.00%
Round 3 | Client 17 | Model: (LeNet) | Acc: 82.60%
Round 3 | Client 18 | Model: (AlexNet) | Acc: 83.95%
Round 3 | Client 19 | Model: (ShuffleNet) | Acc: 78.36%
Round 3 | Client 20 | Model: (SqueezeNet) | Acc: 75.16%
Round 3 | Client 22 | Model: (MLP) | Acc: 35.61%
Round 3 | Client 23 | Model: (CNN) | Acc: 44.62%
Round 3 | Client 24 | Model: (ResNet8) | Acc: 46.90%
Round 3 | Client 25 | Model: (ResNet18) | Acc: 36.07%
Round 3 | Client 26 | Model: (MobileNetV2) | Acc: 31.58%
Round 3 | Client 27 | Model: (MobileNetV3) | Acc: 35.09%
Round 3 | Client 28 | Model: (LeNet) | Acc: 37.07%
Round 3 | Client 29 | Model: (AlexNet) | Acc: 34.81%
Round 3 | Client 30 | Model: (ShuffleNet) | Acc: 27.08%
Round 3 | Client 31 | Model: (SqueezeNet) | Acc: 24.72%
[Server] Aggregating by Dataset Name ...
--- Epoch 1/5 ---
Epoch 1 done. Avg Loss: 1.4296
--- Epoch 2/5 ---
Epoch 2 done. Avg Loss: 1.3341
--- Epoch 3/5 ---
Epoch 3 done. Avg Loss: 1.3120
--- Epoch 4/5 ---
Epoch 4 done. Avg Loss: 1.2568
--- Epoch 5/5 ---
Epoch 5 done. Avg Loss: 1.2248
[Server] Global Inference Model Acc (MNIST) (Round 3): 90.43% (Tested on 9095 samples)
[Server] Global Inference Model Acc (EMNIST) (Round 3): 78.94% (Tested on 105779 samples)
[Server] Global Inference Model Acc (CIFAR10) (Round 3): 18.43% (Tested on 9100 samples)
[Server] Global Inference Model Acc (Mix) (Round 3): 75.34% (Tested on 123974 samples)
Selected client ids: [0, 1, 2, 3, 4, 5, 6, 7, 8, 9, 10, 11, 12, 13, 14, 15, 16, 17, 18, 19, 20, 21, 22, 23, 24, 25, 26, 27, 28, 29]
--- Round 4 ---
Round 4 | Client 0 | Model: (MLP) | Acc: 92.48%
Round 4 | Client 1 | Model: (CNN) | Acc: 87.60%
Round 4 | Client 2 | Model: (ResNet8) | Acc: 94.00%
Round 4 | Client 3 | Model: (ResNet18) | Acc: 96.72%
Round 4 | Client 4 | Model: (MobileNetV2) | Acc: 88.76%
Round 4 | Client 5 | Model: (MobileNetV3) | Acc: 76.92%
Round 4 | Client 6 | Model: (LeNet) | Acc: 95.95%
Round 4 | Client 7 | Model: (AlexNet) | Acc: 97.05%
Round 4 | Client 8 | Model: (ShuffleNet) | Acc: 83.41%
Round 4 | Client 9 | Model: (SqueezeNet) | Acc: 88.63%
Round 4 | Client 11 | Model: (MLP) | Acc: 79.14%
Round 4 | Client 12 | Model: (CNN) | Acc: 80.02%
Round 4 | Client 13 | Model: (ResNet8) | Acc: 83.46%
Round 4 | Client 14 | Model: (ResNet18) | Acc: 85.41%
Round 4 | Client 15 | Model: (MobileNetV2) | Acc: 80.37%
Round 4 | Client 16 | Model: (MobileNetV3) | Acc: 57.83%
Round 4 | Client 17 | Model: (LeNet) | Acc: 82.75%
Round 4 | Client 18 | Model: (AlexNet) | Acc: 84.42%
Round 4 | Client 19 | Model: (ShuffleNet) | Acc: 79.35%
Round 4 | Client 20 | Model: (SqueezeNet) | Acc: 77.56%
Round 4 | Client 22 | Model: (MLP) | Acc: 40.41%
Round 4 | Client 23 | Model: (CNN) | Acc: 46.70%
Round 4 | Client 24 | Model: (ResNet8) | Acc: 49.46%
Round 4 | Client 25 | Model: (ResNet18) | Acc: 38.85%
Round 4 | Client 26 | Model: (MobileNetV2) | Acc: 33.68%
Round 4 | Client 27 | Model: (MobileNetV3) | Acc: 39.59%
Round 4 | Client 28 | Model: (LeNet) | Acc: 39.38%
Round 4 | Client 29 | Model: (AlexNet) | Acc: 41.62%
Round 4 | Client 30 | Model: (ShuffleNet) | Acc: 31.25%
Round 4 | Client 31 | Model: (SqueezeNet) | Acc: 30.11%
[Server] Aggregating by Dataset Name ...
--- Epoch 1/5 ---
Epoch 1 done. Avg Loss: 1.2663
--- Epoch 2/5 ---
Epoch 2 done. Avg Loss: 1.2251
--- Epoch 3/5 ---
Epoch 3 done. Avg Loss: 1.1869
--- Epoch 4/5 ---
Epoch 4 done. Avg Loss: 1.1433
--- Epoch 5/5 ---
Epoch 5 done. Avg Loss: 1.1730
[Server] Global Inference Model Acc (MNIST) (Round 4): 94.15% (Tested on 9095 samples)
[Server] Global Inference Model Acc (EMNIST) (Round 4): 79.84% (Tested on 105779 samples)
[Server] Global Inference Model Acc (CIFAR10) (Round 4): 19.37% (Tested on 9100 samples)
[Server] Global Inference Model Acc (Mix) (Round 4): 76.45% (Tested on 123974 samples)
Selected client ids: [0, 1, 2, 3, 4, 5, 6, 7, 8, 9, 10, 11, 12, 13, 14, 15, 16, 17, 18, 19, 20, 21, 22, 23, 24, 25, 26, 27, 28, 29]
--- Round 5 ---
Round 5 | Client 0 | Model: (MLP) | Acc: 90.62%
Round 5 | Client 1 | Model: (CNN) | Acc: 66.00%
Round 5 | Client 2 | Model: (ResNet8) | Acc: 93.09%
Round 5 | Client 3 | Model: (ResNet18) | Acc: 96.83%
Round 5 | Client 4 | Model: (MobileNetV2) | Acc: 91.86%
Round 5 | Client 5 | Model: (MobileNetV3) | Acc: 73.58%
Round 5 | Client 6 | Model: (LeNet) | Acc: 96.83%
Round 5 | Client 7 | Model: (AlexNet) | Acc: 95.89%
Round 5 | Client 8 | Model: (ShuffleNet) | Acc: 71.83%
Round 5 | Client 9 | Model: (SqueezeNet) | Acc: 91.69%
Round 5 | Client 11 | Model: (MLP) | Acc: 79.18%
Round 5 | Client 12 | Model: (CNN) | Acc: 78.70%
Round 5 | Client 13 | Model: (ResNet8) | Acc: 84.07%
Round 5 | Client 14 | Model: (ResNet18) | Acc: 85.96%
Round 5 | Client 15 | Model: (MobileNetV2) | Acc: 79.41%
Round 5 | Client 16 | Model: (MobileNetV3) | Acc: 69.96%
Round 5 | Client 17 | Model: (LeNet) | Acc: 83.40%
Round 5 | Client 18 | Model: (AlexNet) | Acc: 84.21%
Round 5 | Client 19 | Model: (ShuffleNet) | Acc: 80.72%
Round 5 | Client 20 | Model: (SqueezeNet) | Acc: 80.29%
Round 5 | Client 22 | Model: (MLP) | Acc: 37.77%
Round 5 | Client 23 | Model: (CNN) | Acc: 49.67%
Round 5 | Client 24 | Model: (ResNet8) | Acc: 38.12%
Round 5 | Client 25 | Model: (ResNet18) | Acc: 45.17%
Round 5 | Client 26 | Model: (MobileNetV2) | Acc: 34.84%
Round 5 | Client 27 | Model: (MobileNetV3) | Acc: 40.99%
Round 5 | Client 28 | Model: (LeNet) | Acc: 40.26%
Round 5 | Client 29 | Model: (AlexNet) | Acc: 39.89%
Round 5 | Client 30 | Model: (ShuffleNet) | Acc: 30.59%
Round 5 | Client 31 | Model: (SqueezeNet) | Acc: 26.40%
[Server] Aggregating by Dataset Name ...
--- Epoch 1/5 ---
Epoch 1 done. Avg Loss: 1.1714
--- Epoch 2/5 ---
Epoch 2 done. Avg Loss: 1.1726
--- Epoch 3/5 ---
Epoch 3 done. Avg Loss: 1.1187
--- Epoch 4/5 ---
Epoch 4 done. Avg Loss: 1.1097
--- Epoch 5/5 ---
Epoch 5 done. Avg Loss: 1.1045
[Server] Global Inference Model Acc (MNIST) (Round 5): 91.89% (Tested on 9095 samples)
[Server] Global Inference Model Acc (EMNIST) (Round 5): 81.14% (Tested on 105779 samples)
[Server] Global Inference Model Acc (CIFAR10) (Round 5): 23.27% (Tested on 9100 samples)
[Server] Global Inference Model Acc (Mix) (Round 5): 77.68% (Tested on 123974 samples)
Selected client ids: [0, 1, 2, 3, 4, 5, 6, 7, 8, 9, 10, 11, 12, 13, 14, 15, 16, 17, 18, 19, 20, 21, 22, 23, 24, 25, 26, 27, 28, 29]
--- Round 6 ---
Round 6 | Client 0 | Model: (MLP) | Acc: 91.93%
Round 6 | Client 1 | Model: (CNN) | Acc: 86.82%
Round 6 | Client 2 | Model: (ResNet8) | Acc: 85.84%
Round 6 | Client 3 | Model: (ResNet18) | Acc: 95.70%
Round 6 | Client 4 | Model: (MobileNetV2) | Acc: 91.43%
Round 6 | Client 5 | Model: (MobileNetV3) | Acc: 81.05%
Round 6 | Client 6 | Model: (LeNet) | Acc: 95.62%
Round 6 | Client 7 | Model: (AlexNet) | Acc: 97.16%
Round 6 | Client 8 | Model: (ShuffleNet) | Acc: 78.29%
Round 6 | Client 9 | Model: (SqueezeNet) | Acc: 91.91%
Round 6 | Client 11 | Model: (MLP) | Acc: 79.67%
Round 6 | Client 12 | Model: (CNN) | Acc: 82.53%
Round 6 | Client 13 | Model: (ResNet8) | Acc: 84.24%
Round 6 | Client 14 | Model: (ResNet18) | Acc: 85.25%
Round 6 | Client 15 | Model: (MobileNetV2) | Acc: 81.94%
Round 6 | Client 16 | Model: (MobileNetV3) | Acc: 62.02%
Round 6 | Client 17 | Model: (LeNet) | Acc: 83.27%
Round 6 | Client 18 | Model: (AlexNet) | Acc: 84.57%
Round 6 | Client 19 | Model: (ShuffleNet) | Acc: 80.60%
Round 6 | Client 20 | Model: (SqueezeNet) | Acc: 81.16%
Round 6 | Client 22 | Model: (MLP) | Acc: 41.01%
Round 6 | Client 23 | Model: (CNN) | Acc: 41.54%
Round 6 | Client 24 | Model: (ResNet8) | Acc: 51.39%
Round 6 | Client 25 | Model: (ResNet18) | Acc: 50.17%
Round 6 | Client 26 | Model: (MobileNetV2) | Acc: 35.47%
Round 6 | Client 27 | Model: (MobileNetV3) | Acc: 40.67%
Round 6 | Client 28 | Model: (LeNet) | Acc: 42.24%
Round 6 | Client 29 | Model: (AlexNet) | Acc: 45.51%
Round 6 | Client 30 | Model: (ShuffleNet) | Acc: 31.47%
Round 6 | Client 31 | Model: (SqueezeNet) | Acc: 31.35%
[Server] Aggregating by Dataset Name ...
--- Epoch 1/5 ---
Epoch 1 done. Avg Loss: 1.1232
--- Epoch 2/5 ---
Epoch 2 done. Avg Loss: 1.0923
--- Epoch 3/5 ---
Epoch 3 done. Avg Loss: 1.0874
--- Epoch 4/5 ---
Epoch 4 done. Avg Loss: 1.0823
--- Epoch 5/5 ---
Epoch 5 done. Avg Loss: 1.0687
[Server] Global Inference Model Acc (MNIST) (Round 6): 91.72% (Tested on 9095 samples)
[Server] Global Inference Model Acc (EMNIST) (Round 6): 79.76% (Tested on 105779 samples)
[Server] Global Inference Model Acc (CIFAR10) (Round 6): 26.00% (Tested on 9100 samples)
[Server] Global Inference Model Acc (Mix) (Round 6): 76.70% (Tested on 123974 samples)
Selected client ids: [0, 1, 2, 3, 4, 5, 6, 7, 8, 9, 10, 11, 12, 13, 14, 15, 16, 17, 18, 19, 20, 21, 22, 23, 24, 25, 26, 27, 28, 29]
--- Round 7 ---
Round 7 | Client 0 | Model: (MLP) | Acc: 93.35%
Round 7 | Client 1 | Model: (CNN) | Acc: 66.33%
Round 7 | Client 2 | Model: (ResNet8) | Acc: 95.13%
Round 7 | Client 3 | Model: (ResNet18) | Acc: 98.53%
Round 7 | Client 4 | Model: (MobileNetV2) | Acc: 90.90%
Round 7 | Client 5 | Model: (MobileNetV3) | Acc: 79.49%
Round 7 | Client 6 | Model: (LeNet) | Acc: 96.61%
Round 7 | Client 7 | Model: (AlexNet) | Acc: 97.58%
Round 7 | Client 8 | Model: (ShuffleNet) | Acc: 77.73%
Round 7 | Client 9 | Model: (SqueezeNet) | Acc: 93.55%
Round 7 | Client 11 | Model: (MLP) | Acc: 79.47%
Round 7 | Client 12 | Model: (CNN) | Acc: 82.38%
Round 7 | Client 13 | Model: (ResNet8) | Acc: 84.99%
Round 7 | Client 14 | Model: (ResNet18) | Acc: 85.59%
Round 7 | Client 15 | Model: (MobileNetV2) | Acc: 82.02%
Round 7 | Client 16 | Model: (MobileNetV3) | Acc: 32.24%
Round 7 | Client 17 | Model: (LeNet) | Acc: 84.25%
Round 7 | Client 18 | Model: (AlexNet) | Acc: 84.35%
Round 7 | Client 19 | Model: (ShuffleNet) | Acc: 81.58%
Round 7 | Client 20 | Model: (SqueezeNet) | Acc: 80.24%
Round 7 | Client 22 | Model: (MLP) | Acc: 40.29%
Round 7 | Client 23 | Model: (CNN) | Acc: 48.24%
Round 7 | Client 24 | Model: (ResNet8) | Acc: 50.32%
Round 7 | Client 25 | Model: (ResNet18) | Acc: 49.72%
Round 7 | Client 26 | Model: (MobileNetV2) | Acc: 37.46%
Round 7 | Client 27 | Model: (MobileNetV3) | Acc: 41.85%
Round 7 | Client 28 | Model: (LeNet) | Acc: 43.45%
Round 7 | Client 29 | Model: (AlexNet) | Acc: 45.95%
Round 7 | Client 30 | Model: (ShuffleNet) | Acc: 35.96%
Round 7 | Client 31 | Model: (SqueezeNet) | Acc: 28.31%
[Server] Aggregating by Dataset Name ...
--- Epoch 1/5 ---
Epoch 1 done. Avg Loss: 1.0997
--- Epoch 2/5 ---
Epoch 2 done. Avg Loss: 1.0900
--- Epoch 3/5 ---
Epoch 3 done. Avg Loss: 1.0849
--- Epoch 4/5 ---
Epoch 4 done. Avg Loss: 1.0401
--- Epoch 5/5 ---
Epoch 5 done. Avg Loss: 1.0474
[Server] Global Inference Model Acc (MNIST) (Round 7): 88.87% (Tested on 9095 samples)
[Server] Global Inference Model Acc (EMNIST) (Round 7): 80.30% (Tested on 105779 samples)
[Server] Global Inference Model Acc (CIFAR10) (Round 7): 25.44% (Tested on 9100 samples)
[Server] Global Inference Model Acc (Mix) (Round 7): 76.90% (Tested on 123974 samples)
Selected client ids: [0, 1, 2, 3, 4, 5, 6, 7, 8, 9, 10, 11, 12, 13, 14, 15, 16, 17, 18, 19, 20, 21, 22, 23, 24, 25, 26, 27, 28, 29]
--- Round 8 ---
Round 8 | Client 0 | Model: (MLP) | Acc: 92.91%
Round 8 | Client 1 | Model: (CNN) | Acc: 94.57%
Round 8 | Client 2 | Model: (ResNet8) | Acc: 91.85%
Round 8 | Client 3 | Model: (ResNet18) | Acc: 97.85%
Round 8 | Client 4 | Model: (MobileNetV2) | Acc: 92.72%
Round 8 | Client 5 | Model: (MobileNetV3) | Acc: 86.29%
Round 8 | Client 6 | Model: (LeNet) | Acc: 96.17%
Round 8 | Client 7 | Model: (AlexNet) | Acc: 97.58%
Round 8 | Client 8 | Model: (ShuffleNet) | Acc: 76.61%
Round 8 | Client 9 | Model: (SqueezeNet) | Acc: 96.17%
Round 8 | Client 11 | Model: (MLP) | Acc: 80.25%
Round 8 | Client 12 | Model: (CNN) | Acc: 84.31%
Round 8 | Client 13 | Model: (ResNet8) | Acc: 84.33%
Round 8 | Client 14 | Model: (ResNet18) | Acc: 86.10%
Round 8 | Client 15 | Model: (MobileNetV2) | Acc: 81.71%
Round 8 | Client 16 | Model: (MobileNetV3) | Acc: 67.19%
Round 8 | Client 17 | Model: (LeNet) | Acc: 83.86%
Round 8 | Client 18 | Model: (AlexNet) | Acc: 84.79%
Round 8 | Client 19 | Model: (ShuffleNet) | Acc: 81.77%
Round 8 | Client 20 | Model: (SqueezeNet) | Acc: 81.90%
Round 8 | Client 22 | Model: (MLP) | Acc: 39.21%
Round 8 | Client 23 | Model: (CNN) | Acc: 46.59%
Round 8 | Client 24 | Model: (ResNet8) | Acc: 55.25%
Round 8 | Client 25 | Model: (ResNet18) | Acc: 50.06%
Round 8 | Client 26 | Model: (MobileNetV2) | Acc: 35.47%
Round 8 | Client 27 | Model: (MobileNetV3) | Acc: 43.56%
Round 8 | Client 28 | Model: (LeNet) | Acc: 45.76%
Round 8 | Client 29 | Model: (AlexNet) | Acc: 47.46%
Round 8 | Client 30 | Model: (ShuffleNet) | Acc: 35.20%
Round 8 | Client 31 | Model: (SqueezeNet) | Acc: 28.65%
[Server] Aggregating by Dataset Name ...
--- Epoch 1/5 ---
Epoch 1 done. Avg Loss: 1.0798
--- Epoch 2/5 ---
Epoch 2 done. Avg Loss: 1.0590
--- Epoch 3/5 ---
Epoch 3 done. Avg Loss: 1.0386
--- Epoch 4/5 ---
Epoch 4 done. Avg Loss: 1.0418
--- Epoch 5/5 ---
Epoch 5 done. Avg Loss: 1.0271
[Server] Global Inference Model Acc (MNIST) (Round 8): 91.57% (Tested on 9095 samples)
[Server] Global Inference Model Acc (EMNIST) (Round 8): 79.81% (Tested on 105779 samples)
[Server] Global Inference Model Acc (CIFAR10) (Round 8): 28.01% (Tested on 9100 samples)
[Server] Global Inference Model Acc (Mix) (Round 8): 76.87% (Tested on 123974 samples)
Selected client ids: [0, 1, 2, 3, 4, 5, 6, 7, 8, 9, 10, 11, 12, 13, 14, 15, 16, 17, 18, 19, 20, 21, 22, 23, 24, 25, 26, 27, 28, 29]
--- Round 9 ---
Round 9 | Client 0 | Model: (MLP) | Acc: 92.15%
Round 9 | Client 1 | Model: (CNN) | Acc: 89.26%
Round 9 | Client 2 | Model: (ResNet8) | Acc: 89.69%
Round 9 | Client 3 | Model: (ResNet18) | Acc: 98.08%
Round 9 | Client 4 | Model: (MobileNetV2) | Acc: 93.47%
Round 9 | Client 5 | Model: (MobileNetV3) | Acc: 86.85%
Round 9 | Client 6 | Model: (LeNet) | Acc: 97.37%
Round 9 | Client 7 | Model: (AlexNet) | Acc: 96.53%
Round 9 | Client 8 | Model: (ShuffleNet) | Acc: 79.29%
Round 9 | Client 9 | Model: (SqueezeNet) | Acc: 96.07%
Round 9 | Client 11 | Model: (MLP) | Acc: 80.01%
Round 9 | Client 12 | Model: (CNN) | Acc: 84.11%
Round 9 | Client 13 | Model: (ResNet8) | Acc: 85.50%
Round 9 | Client 14 | Model: (ResNet18) | Acc: 86.19%
Round 9 | Client 15 | Model: (MobileNetV2) | Acc: 82.20%
Round 9 | Client 16 | Model: (MobileNetV3) | Acc: 68.23%
Round 9 | Client 17 | Model: (LeNet) | Acc: 83.77%
Round 9 | Client 18 | Model: (AlexNet) | Acc: 84.61%
Round 9 | Client 19 | Model: (ShuffleNet) | Acc: 82.33%
Round 9 | Client 20 | Model: (SqueezeNet) | Acc: 81.45%
Round 9 | Client 22 | Model: (MLP) | Acc: 41.49%
Round 9 | Client 23 | Model: (CNN) | Acc: 54.40%
Round 9 | Client 24 | Model: (ResNet8) | Acc: 47.22%
Round 9 | Client 25 | Model: (ResNet18) | Acc: 58.60%
Round 9 | Client 26 | Model: (MobileNetV2) | Acc: 37.99%
Round 9 | Client 27 | Model: (MobileNetV3) | Acc: 43.88%
Round 9 | Client 28 | Model: (LeNet) | Acc: 45.98%
Round 9 | Client 29 | Model: (AlexNet) | Acc: 52.00%
Round 9 | Client 30 | Model: (ShuffleNet) | Acc: 33.11%
Round 9 | Client 31 | Model: (SqueezeNet) | Acc: 31.57%
[Server] Aggregating by Dataset Name ...
--- Epoch 1/5 ---
Epoch 1 done. Avg Loss: 1.0706
--- Epoch 2/5 ---
Epoch 2 done. Avg Loss: 1.0157
--- Epoch 3/5 ---
Epoch 3 done. Avg Loss: 0.9894
--- Epoch 4/5 ---
Epoch 4 done. Avg Loss: 1.0047
--- Epoch 5/5 ---
Epoch 5 done. Avg Loss: 1.0041
[Server] Global Inference Model Acc (MNIST) (Round 9): 96.09% (Tested on 9095 samples)
[Server] Global Inference Model Acc (EMNIST) (Round 9): 81.90% (Tested on 105779 samples)
[Server] Global Inference Model Acc (CIFAR10) (Round 9): 27.31% (Tested on 9100 samples)
[Server] Global Inference Model Acc (Mix) (Round 9): 78.93% (Tested on 123974 samples)
Selected client ids: [0, 1, 2, 3, 4, 5, 6, 7, 8, 9, 10, 11, 12, 13, 14, 15, 16, 17, 18, 19, 20, 21, 22, 23, 24, 25, 26, 27, 28, 29]
--- Round 10 ---
Round 10 | Client 0 | Model: (MLP) | Acc: 93.24%
Round 10 | Client 1 | Model: (CNN) | Acc: 77.41%
Round 10 | Client 2 | Model: (ResNet8) | Acc: 96.49%
Round 10 | Client 3 | Model: (ResNet18) | Acc: 97.85%
Round 10 | Client 4 | Model: (MobileNetV2) | Acc: 93.68%
Round 10 | Client 5 | Model: (MobileNetV3) | Acc: 81.38%
Round 10 | Client 6 | Model: (LeNet) | Acc: 97.26%
Round 10 | Client 7 | Model: (AlexNet) | Acc: 98.00%
Round 10 | Client 8 | Model: (ShuffleNet) | Acc: 80.18%
Round 10 | Client 9 | Model: (SqueezeNet) | Acc: 96.39%
Round 10 | Client 11 | Model: (MLP) | Acc: 79.91%
Round 10 | Client 12 | Model: (CNN) | Acc: 83.36%
Round 10 | Client 13 | Model: (ResNet8) | Acc: 85.79%
Round 10 | Client 14 | Model: (ResNet18) | Acc: 85.86%
Round 10 | Client 15 | Model: (MobileNetV2) | Acc: 82.87%
Round 10 | Client 16 | Model: (MobileNetV3) | Acc: 67.63%
Round 10 | Client 17 | Model: (LeNet) | Acc: 84.43%
Round 10 | Client 18 | Model: (AlexNet) | Acc: 84.26%
Round 10 | Client 19 | Model: (ShuffleNet) | Acc: 81.61%
Round 10 | Client 20 | Model: (SqueezeNet) | Acc: 81.23%
Round 10 | Client 22 | Model: (MLP) | Acc: 41.37%
Round 10 | Client 23 | Model: (CNN) | Acc: 53.08%
Round 10 | Client 24 | Model: (ResNet8) | Acc: 57.17%
Round 10 | Client 25 | Model: (ResNet18) | Acc: 55.83%
Round 10 | Client 26 | Model: (MobileNetV2) | Acc: 35.57%
Round 10 | Client 27 | Model: (MobileNetV3) | Acc: 45.06%
Round 10 | Client 28 | Model: (LeNet) | Acc: 48.84%
Round 10 | Client 29 | Model: (AlexNet) | Acc: 47.24%
Round 10 | Client 30 | Model: (ShuffleNet) | Acc: 35.20%
Round 10 | Client 31 | Model: (SqueezeNet) | Acc: 32.36%
[Server] Aggregating by Dataset Name ...
--- Epoch 1/5 ---
Epoch 1 done. Avg Loss: 1.0370
--- Epoch 2/5 ---
Epoch 2 done. Avg Loss: 1.0453
--- Epoch 3/5 ---
Epoch 3 done. Avg Loss: 0.9852
--- Epoch 4/5 ---
Epoch 4 done. Avg Loss: 0.9665
--- Epoch 5/5 ---
Epoch 5 done. Avg Loss: 0.9826
[Server] Global Inference Model Acc (MNIST) (Round 10): 94.35% (Tested on 9095 samples)
[Server] Global Inference Model Acc (EMNIST) (Round 10): 82.67% (Tested on 105779 samples)
[Server] Global Inference Model Acc (CIFAR10) (Round 10): 27.38% (Tested on 9100 samples)
[Server] Global Inference Model Acc (Mix) (Round 10): 79.47% (Tested on 123974 samples)
Selected client ids: [0, 1, 2, 3, 4, 5, 6, 7, 8, 9, 10, 11, 12, 13, 14, 15, 16, 17, 18, 19, 20, 21, 22, 23, 24, 25, 26, 27, 28, 29]
--- Round 11 ---
Round 11 | Client 0 | Model: (MLP) | Acc: 93.46%
Round 11 | Client 1 | Model: (CNN) | Acc: 83.83%
Round 11 | Client 2 | Model: (ResNet8) | Acc: 94.79%
Round 11 | Client 3 | Model: (ResNet18) | Acc: 98.53%
Round 11 | Client 4 | Model: (MobileNetV2) | Acc: 94.54%
Round 11 | Client 5 | Model: (MobileNetV3) | Acc: 88.74%
Round 11 | Client 6 | Model: (LeNet) | Acc: 98.36%
Round 11 | Client 7 | Model: (AlexNet) | Acc: 97.89%
Round 11 | Client 8 | Model: (ShuffleNet) | Acc: 74.16%
Round 11 | Client 9 | Model: (SqueezeNet) | Acc: 97.05%
Round 11 | Client 11 | Model: (MLP) | Acc: 80.38%
Round 11 | Client 12 | Model: (CNN) | Acc: 83.13%
Round 11 | Client 13 | Model: (ResNet8) | Acc: 84.38%
Round 11 | Client 14 | Model: (ResNet18) | Acc: 86.56%
Round 11 | Client 15 | Model: (MobileNetV2) | Acc: 83.00%
Round 11 | Client 16 | Model: (MobileNetV3) | Acc: 49.99%
Round 11 | Client 17 | Model: (LeNet) | Acc: 84.03%
Round 11 | Client 18 | Model: (AlexNet) | Acc: 84.75%
Round 11 | Client 19 | Model: (ShuffleNet) | Acc: 82.86%
Round 11 | Client 20 | Model: (SqueezeNet) | Acc: 81.64%
Round 11 | Client 22 | Model: (MLP) | Acc: 38.49%
Round 11 | Client 23 | Model: (CNN) | Acc: 51.98%
Round 11 | Client 24 | Model: (ResNet8) | Acc: 54.71%
Round 11 | Client 25 | Model: (ResNet18) | Acc: 53.27%
Round 11 | Client 26 | Model: (MobileNetV2) | Acc: 37.36%
Round 11 | Client 27 | Model: (MobileNetV3) | Acc: 46.03%
Round 11 | Client 28 | Model: (LeNet) | Acc: 47.74%
Round 11 | Client 29 | Model: (AlexNet) | Acc: 51.46%
Round 11 | Client 30 | Model: (ShuffleNet) | Acc: 37.61%
Round 11 | Client 31 | Model: (SqueezeNet) | Acc: 30.00%
[Server] Aggregating by Dataset Name ...
--- Epoch 1/5 ---
Epoch 1 done. Avg Loss: 1.0240
--- Epoch 2/5 ---
Epoch 2 done. Avg Loss: 1.0118
--- Epoch 3/5 ---
Epoch 3 done. Avg Loss: 1.0231
--- Epoch 4/5 ---
Epoch 4 done. Avg Loss: 0.9425
--- Epoch 5/5 ---
Epoch 5 done. Avg Loss: 1.0016
[Server] Global Inference Model Acc (MNIST) (Round 11): 94.52% (Tested on 9095 samples)
[Server] Global Inference Model Acc (EMNIST) (Round 11): 83.47% (Tested on 105779 samples)
[Server] Global Inference Model Acc (CIFAR10) (Round 11): 28.19% (Tested on 9100 samples)
[Server] Global Inference Model Acc (Mix) (Round 11): 80.22% (Tested on 123974 samples)
Selected client ids: [0, 1, 2, 3, 4, 5, 6, 7, 8, 9, 10, 11, 12, 13, 14, 15, 16, 17, 18, 19, 20, 21, 22, 23, 24, 25, 26, 27, 28, 29]
--- Round 12 ---
Round 12 | Client 0 | Model: (MLP) | Acc: 92.58%
Round 12 | Client 1 | Model: (CNN) | Acc: 87.04%
Round 12 | Client 2 | Model: (ResNet8) | Acc: 92.19%
Round 12 | Client 3 | Model: (ResNet18) | Acc: 97.29%
Round 12 | Client 4 | Model: (MobileNetV2) | Acc: 94.22%
Round 12 | Client 5 | Model: (MobileNetV3) | Acc: 86.06%
Round 12 | Client 6 | Model: (LeNet) | Acc: 97.92%
Round 12 | Client 7 | Model: (AlexNet) | Acc: 96.95%
Round 12 | Client 8 | Model: (ShuffleNet) | Acc: 77.39%
Round 12 | Client 9 | Model: (SqueezeNet) | Acc: 96.72%
Round 12 | Client 11 | Model: (MLP) | Acc: 80.25%
Round 12 | Client 12 | Model: (CNN) | Acc: 83.63%
Round 12 | Client 13 | Model: (ResNet8) | Acc: 85.42%
Round 12 | Client 14 | Model: (ResNet18) | Acc: 86.13%
Round 12 | Client 15 | Model: (MobileNetV2) | Acc: 83.30%
Round 12 | Client 16 | Model: (MobileNetV3) | Acc: 77.21%
Round 12 | Client 17 | Model: (LeNet) | Acc: 84.69%
Round 12 | Client 18 | Model: (AlexNet) | Acc: 84.38%
Round 12 | Client 19 | Model: (ShuffleNet) | Acc: 82.25%
Round 12 | Client 20 | Model: (SqueezeNet) | Acc: 82.40%
Round 12 | Client 22 | Model: (MLP) | Acc: 41.37%
Round 12 | Client 23 | Model: (CNN) | Acc: 53.96%
Round 12 | Client 24 | Model: (ResNet8) | Acc: 52.68%
Round 12 | Client 25 | Model: (ResNet18) | Acc: 55.16%
Round 12 | Client 26 | Model: (MobileNetV2) | Acc: 36.62%
Round 12 | Client 27 | Model: (MobileNetV3) | Acc: 42.49%
Round 12 | Client 28 | Model: (LeNet) | Acc: 48.40%
Round 12 | Client 29 | Model: (AlexNet) | Acc: 52.11%
Round 12 | Client 30 | Model: (ShuffleNet) | Acc: 35.09%
Round 12 | Client 31 | Model: (SqueezeNet) | Acc: 36.40%
[Server] Aggregating by Dataset Name ...
--- Epoch 1/5 ---
Epoch 1 done. Avg Loss: 1.0353
--- Epoch 2/5 ---
Epoch 2 done. Avg Loss: 0.9967
--- Epoch 3/5 ---
Epoch 3 done. Avg Loss: 0.9728
--- Epoch 4/5 ---
Epoch 4 done. Avg Loss: 0.9930
--- Epoch 5/5 ---
Epoch 5 done. Avg Loss: 1.0200
[Server] Global Inference Model Acc (MNIST) (Round 12): 95.33% (Tested on 9095 samples)
[Server] Global Inference Model Acc (EMNIST) (Round 12): 83.73% (Tested on 105779 samples)
[Server] Global Inference Model Acc (CIFAR10) (Round 12): 24.58% (Tested on 9100 samples)
[Server] Global Inference Model Acc (Mix) (Round 12): 80.24% (Tested on 123974 samples)
Selected client ids: [0, 1, 2, 3, 4, 5, 6, 7, 8, 9, 10, 11, 12, 13, 14, 15, 16, 17, 18, 19, 20, 21, 22, 23, 24, 25, 26, 27, 28, 29]
--- Round 13 ---
Round 13 | Client 0 | Model: (MLP) | Acc: 92.26%
Round 13 | Client 1 | Model: (CNN) | Acc: 94.24%
Round 13 | Client 2 | Model: (ResNet8) | Acc: 95.92%
Round 13 | Client 3 | Model: (ResNet18) | Acc: 98.08%
Round 13 | Client 4 | Model: (MobileNetV2) | Acc: 94.43%
Round 13 | Client 5 | Model: (MobileNetV3) | Acc: 86.29%
Round 13 | Client 6 | Model: (LeNet) | Acc: 97.59%
Round 13 | Client 7 | Model: (AlexNet) | Acc: 97.58%
Round 13 | Client 8 | Model: (ShuffleNet) | Acc: 79.51%
Round 13 | Client 9 | Model: (SqueezeNet) | Acc: 97.05%
Round 13 | Client 11 | Model: (MLP) | Acc: 79.73%
Round 13 | Client 12 | Model: (CNN) | Acc: 82.27%
Round 13 | Client 13 | Model: (ResNet8) | Acc: 85.34%
Round 13 | Client 14 | Model: (ResNet18) | Acc: 86.34%
Round 13 | Client 15 | Model: (MobileNetV2) | Acc: 83.66%
Round 13 | Client 16 | Model: (MobileNetV3) | Acc: 69.98%
Round 13 | Client 17 | Model: (LeNet) | Acc: 84.33%
Round 13 | Client 18 | Model: (AlexNet) | Acc: 83.87%
Round 13 | Client 19 | Model: (ShuffleNet) | Acc: 82.82%
Round 13 | Client 20 | Model: (SqueezeNet) | Acc: 83.10%
Round 13 | Client 22 | Model: (MLP) | Acc: 43.41%
Round 13 | Client 23 | Model: (CNN) | Acc: 38.57%
Round 13 | Client 24 | Model: (ResNet8) | Acc: 51.07%
Round 13 | Client 25 | Model: (ResNet18) | Acc: 56.27%
Round 13 | Client 26 | Model: (MobileNetV2) | Acc: 37.04%
Round 13 | Client 27 | Model: (MobileNetV3) | Acc: 45.71%
Round 13 | Client 28 | Model: (LeNet) | Acc: 49.61%
Round 13 | Client 29 | Model: (AlexNet) | Acc: 54.05%
Round 13 | Client 30 | Model: (ShuffleNet) | Acc: 35.64%
Round 13 | Client 31 | Model: (SqueezeNet) | Acc: 35.73%
[Server] Aggregating by Dataset Name ...
--- Epoch 1/5 ---
Epoch 1 done. Avg Loss: 1.0187
--- Epoch 2/5 ---
Epoch 2 done. Avg Loss: 0.9802
--- Epoch 3/5 ---
Epoch 3 done. Avg Loss: 1.0298
--- Epoch 4/5 ---
Epoch 4 done. Avg Loss: 0.9802
--- Epoch 5/5 ---
Epoch 5 done. Avg Loss: 0.9916
[Server] Global Inference Model Acc (MNIST) (Round 13): 94.33% (Tested on 9095 samples)
[Server] Global Inference Model Acc (EMNIST) (Round 13): 83.03% (Tested on 105779 samples)
[Server] Global Inference Model Acc (CIFAR10) (Round 13): 24.27% (Tested on 9100 samples)
[Server] Global Inference Model Acc (Mix) (Round 13): 79.54% (Tested on 123974 samples)
Selected client ids: [0, 1, 2, 3, 4, 5, 6, 7, 8, 9, 10, 11, 12, 13, 14, 15, 16, 17, 18, 19, 20, 21, 22, 23, 24, 25, 26, 27, 28, 29]
--- Round 14 ---
Round 14 | Client 0 | Model: (MLP) | Acc: 90.51%
Round 14 | Client 1 | Model: (CNN) | Acc: 68.00%
Round 14 | Client 2 | Model: (ResNet8) | Acc: 96.94%
Round 14 | Client 3 | Model: (ResNet18) | Acc: 97.74%
Round 14 | Client 4 | Model: (MobileNetV2) | Acc: 93.68%
Round 14 | Client 5 | Model: (MobileNetV3) | Acc: 87.96%
Round 14 | Client 6 | Model: (LeNet) | Acc: 97.70%
Round 14 | Client 7 | Model: (AlexNet) | Acc: 98.11%
Round 14 | Client 8 | Model: (ShuffleNet) | Acc: 78.95%
Round 14 | Client 9 | Model: (SqueezeNet) | Acc: 97.81%
Round 14 | Client 11 | Model: (MLP) | Acc: 80.72%
Round 14 | Client 12 | Model: (CNN) | Acc: 85.03%
Round 14 | Client 13 | Model: (ResNet8) | Acc: 84.25%
Round 14 | Client 14 | Model: (ResNet18) | Acc: 85.24%
Round 14 | Client 15 | Model: (MobileNetV2) | Acc: 83.62%
Round 14 | Client 16 | Model: (MobileNetV3) | Acc: 70.06%
Round 14 | Client 17 | Model: (LeNet) | Acc: 84.23%
Round 14 | Client 18 | Model: (AlexNet) | Acc: 84.03%
Round 14 | Client 19 | Model: (ShuffleNet) | Acc: 83.06%
Round 14 | Client 20 | Model: (SqueezeNet) | Acc: 83.10%
Round 14 | Client 22 | Model: (MLP) | Acc: 38.01%
Round 14 | Client 23 | Model: (CNN) | Acc: 58.13%
Round 14 | Client 24 | Model: (ResNet8) | Acc: 60.92%
Round 14 | Client 25 | Model: (ResNet18) | Acc: 54.72%
Round 14 | Client 26 | Model: (MobileNetV2) | Acc: 37.04%
Round 14 | Client 27 | Model: (MobileNetV3) | Acc: 45.28%
Round 14 | Client 28 | Model: (LeNet) | Acc: 48.07%
Round 14 | Client 29 | Model: (AlexNet) | Acc: 52.65%
Round 14 | Client 30 | Model: (ShuffleNet) | Acc: 35.42%
Round 14 | Client 31 | Model: (SqueezeNet) | Acc: 37.75%
[Server] Aggregating by Dataset Name ...
--- Epoch 1/5 ---
Epoch 1 done. Avg Loss: 1.0302
--- Epoch 2/5 ---
Epoch 2 done. Avg Loss: 1.0118
--- Epoch 3/5 ---
Epoch 3 done. Avg Loss: 1.0352
--- Epoch 4/5 ---
Epoch 4 done. Avg Loss: 1.0354
--- Epoch 5/5 ---
Epoch 5 done. Avg Loss: 1.0287
[Server] Global Inference Model Acc (MNIST) (Round 14): 81.90% (Tested on 9095 samples)
[Server] Global Inference Model Acc (EMNIST) (Round 14): 78.81% (Tested on 105779 samples)
[Server] Global Inference Model Acc (CIFAR10) (Round 14): 31.93% (Tested on 9100 samples)
[Server] Global Inference Model Acc (Mix) (Round 14): 75.60% (Tested on 123974 samples)
Selected client ids: [0, 1, 2, 3, 4, 5, 6, 7, 8, 9, 10, 11, 12, 13, 14, 15, 16, 17, 18, 19, 20, 21, 22, 23, 24, 25, 26, 27, 28, 29]
--- Round 15 ---
Round 15 | Client 0 | Model: (MLP) | Acc: 94.87%
Round 15 | Client 1 | Model: (CNN) | Acc: 94.80%
Round 15 | Client 2 | Model: (ResNet8) | Acc: 96.83%
Round 15 | Client 3 | Model: (ResNet18) | Acc: 98.42%
Round 15 | Client 4 | Model: (MobileNetV2) | Acc: 95.18%
Round 15 | Client 5 | Model: (MobileNetV3) | Acc: 88.18%
Round 15 | Client 6 | Model: (LeNet) | Acc: 97.92%
Round 15 | Client 7 | Model: (AlexNet) | Acc: 98.53%
Round 15 | Client 8 | Model: (ShuffleNet) | Acc: 81.85%
Round 15 | Client 9 | Model: (SqueezeNet) | Acc: 97.16%
Round 15 | Client 11 | Model: (MLP) | Acc: 80.53%
Round 15 | Client 12 | Model: (CNN) | Acc: 84.75%
Round 15 | Client 13 | Model: (ResNet8) | Acc: 83.65%
Round 15 | Client 14 | Model: (ResNet18) | Acc: 85.06%
Round 15 | Client 15 | Model: (MobileNetV2) | Acc: 83.09%
Round 15 | Client 16 | Model: (MobileNetV3) | Acc: 78.29%
Round 15 | Client 17 | Model: (LeNet) | Acc: 84.72%
Round 15 | Client 18 | Model: (AlexNet) | Acc: 84.07%
Round 15 | Client 19 | Model: (ShuffleNet) | Acc: 82.40%
Round 15 | Client 20 | Model: (SqueezeNet) | Acc: 82.65%
Round 15 | Client 22 | Model: (MLP) | Acc: 38.73%
Round 15 | Client 23 | Model: (CNN) | Acc: 60.44%
Round 15 | Client 24 | Model: (ResNet8) | Acc: 42.51%
Round 15 | Client 25 | Model: (ResNet18) | Acc: 56.71%
Round 15 | Client 26 | Model: (MobileNetV2) | Acc: 37.46%
Round 15 | Client 27 | Model: (MobileNetV3) | Acc: 44.96%
Round 15 | Client 28 | Model: (LeNet) | Acc: 49.50%
Round 15 | Client 29 | Model: (AlexNet) | Acc: 53.51%
Round 15 | Client 30 | Model: (ShuffleNet) | Acc: 37.06%
Round 15 | Client 31 | Model: (SqueezeNet) | Acc: 33.26%
[Server] Aggregating by Dataset Name ...
--- Epoch 1/5 ---
Epoch 1 done. Avg Loss: 0.9953
--- Epoch 2/5 ---
Epoch 2 done. Avg Loss: 1.0379
--- Epoch 3/5 ---
Epoch 3 done. Avg Loss: 1.0256
--- Epoch 4/5 ---
Epoch 4 done. Avg Loss: 0.9994
--- Epoch 5/5 ---
Epoch 5 done. Avg Loss: 1.0090
[Server] Global Inference Model Acc (MNIST) (Round 15): 92.67% (Tested on 9095 samples)
[Server] Global Inference Model Acc (EMNIST) (Round 15): 82.63% (Tested on 105779 samples)
[Server] Global Inference Model Acc (CIFAR10) (Round 15): 34.21% (Tested on 9100 samples)
[Server] Global Inference Model Acc (Mix) (Round 15): 79.81% (Tested on 123974 samples)
Selected client ids: [0, 1, 2, 3, 4, 5, 6, 7, 8, 9, 10, 11, 12, 13, 14, 15, 16, 17, 18, 19, 20, 21, 22, 23, 24, 25, 26, 27, 28, 29]
--- Round 16 ---
Round 16 | Client 0 | Model: (MLP) | Acc: 94.00%
Round 16 | Client 1 | Model: (CNN) | Acc: 95.90%
Round 16 | Client 2 | Model: (ResNet8) | Acc: 96.38%
Round 16 | Client 3 | Model: (ResNet18) | Acc: 98.08%
Round 16 | Client 4 | Model: (MobileNetV2) | Acc: 94.11%
Round 16 | Client 5 | Model: (MobileNetV3) | Acc: 86.40%
Round 16 | Client 6 | Model: (LeNet) | Acc: 98.14%
Round 16 | Client 7 | Model: (AlexNet) | Acc: 98.21%
Round 16 | Client 8 | Model: (ShuffleNet) | Acc: 81.07%
Round 16 | Client 9 | Model: (SqueezeNet) | Acc: 95.85%
Round 16 | Client 11 | Model: (MLP) | Acc: 80.03%
Round 16 | Client 12 | Model: (CNN) | Acc: 84.94%
Round 16 | Client 13 | Model: (ResNet8) | Acc: 85.03%
Round 16 | Client 14 | Model: (ResNet18) | Acc: 84.80%
Round 16 | Client 15 | Model: (MobileNetV2) | Acc: 84.04%
Round 16 | Client 16 | Model: (MobileNetV3) | Acc: 75.92%
Round 16 | Client 17 | Model: (LeNet) | Acc: 84.21%
Round 16 | Client 18 | Model: (AlexNet) | Acc: 83.78%
Round 16 | Client 19 | Model: (ShuffleNet) | Acc: 83.59%
Round 16 | Client 20 | Model: (SqueezeNet) | Acc: 83.44%
Round 16 | Client 22 | Model: (MLP) | Acc: 41.97%
Round 16 | Client 23 | Model: (CNN) | Acc: 57.69%
Round 16 | Client 24 | Model: (ResNet8) | Acc: 43.15%
Round 16 | Client 25 | Model: (ResNet18) | Acc: 58.82%
Round 16 | Client 26 | Model: (MobileNetV2) | Acc: 35.89%
Round 16 | Client 27 | Model: (MobileNetV3) | Acc: 46.24%
Round 16 | Client 28 | Model: (LeNet) | Acc: 51.93%
Round 16 | Client 29 | Model: (AlexNet) | Acc: 52.43%
Round 16 | Client 30 | Model: (ShuffleNet) | Acc: 36.84%
Round 16 | Client 31 | Model: (SqueezeNet) | Acc: 38.31%
[Server] Aggregating by Dataset Name ...
--- Epoch 1/5 ---
Epoch 1 done. Avg Loss: 1.0267
--- Epoch 2/5 ---
Epoch 2 done. Avg Loss: 1.0212
--- Epoch 3/5 ---
Epoch 3 done. Avg Loss: 1.0347
--- Epoch 4/5 ---
Epoch 4 done. Avg Loss: 0.9853
--- Epoch 5/5 ---
Epoch 5 done. Avg Loss: 0.9778
[Server] Global Inference Model Acc (MNIST) (Round 16): 95.32% (Tested on 9095 samples)
[Server] Global Inference Model Acc (EMNIST) (Round 16): 83.50% (Tested on 105779 samples)
[Server] Global Inference Model Acc (CIFAR10) (Round 16): 32.95% (Tested on 9100 samples)
[Server] Global Inference Model Acc (Mix) (Round 16): 80.66% (Tested on 123974 samples)
Selected client ids: [0, 1, 2, 3, 4, 5, 6, 7, 8, 9, 10, 11, 12, 13, 14, 15, 16, 17, 18, 19, 20, 21, 22, 23, 24, 25, 26, 27, 28, 29]
--- Round 17 ---
Round 17 | Client 0 | Model: (MLP) | Acc: 95.31%
Round 17 | Client 1 | Model: (CNN) | Acc: 59.47%
Round 17 | Client 2 | Model: (ResNet8) | Acc: 97.96%
Round 17 | Client 3 | Model: (ResNet18) | Acc: 98.42%
Round 17 | Client 4 | Model: (MobileNetV2) | Acc: 94.33%
Round 17 | Client 5 | Model: (MobileNetV3) | Acc: 89.86%
Round 17 | Client 6 | Model: (LeNet) | Acc: 98.14%
Round 17 | Client 7 | Model: (AlexNet) | Acc: 97.47%
Round 17 | Client 8 | Model: (ShuffleNet) | Acc: 80.73%
Round 17 | Client 9 | Model: (SqueezeNet) | Acc: 97.27%
Round 17 | Client 11 | Model: (MLP) | Acc: 80.30%
Round 17 | Client 12 | Model: (CNN) | Acc: 83.76%
Round 17 | Client 13 | Model: (ResNet8) | Acc: 84.05%
Round 17 | Client 14 | Model: (ResNet18) | Acc: 84.95%
Round 17 | Client 15 | Model: (MobileNetV2) | Acc: 83.11%
Round 17 | Client 16 | Model: (MobileNetV3) | Acc: 76.13%
Round 17 | Client 17 | Model: (LeNet) | Acc: 84.58%
Round 17 | Client 18 | Model: (AlexNet) | Acc: 83.44%
Round 17 | Client 19 | Model: (ShuffleNet) | Acc: 82.38%
Round 17 | Client 20 | Model: (SqueezeNet) | Acc: 82.86%
Round 17 | Client 22 | Model: (MLP) | Acc: 41.01%
Round 17 | Client 23 | Model: (CNN) | Acc: 53.96%
Round 17 | Client 24 | Model: (ResNet8) | Acc: 48.29%
Round 17 | Client 25 | Model: (ResNet18) | Acc: 60.60%
Round 17 | Client 26 | Model: (MobileNetV2) | Acc: 39.56%
Round 17 | Client 27 | Model: (MobileNetV3) | Acc: 45.71%
Round 17 | Client 28 | Model: (LeNet) | Acc: 50.39%
Round 17 | Client 29 | Model: (AlexNet) | Acc: 53.95%
Round 17 | Client 30 | Model: (ShuffleNet) | Acc: 38.16%
Round 17 | Client 31 | Model: (SqueezeNet) | Acc: 36.85%
[Server] Aggregating by Dataset Name ...
--- Epoch 1/5 ---
Epoch 1 done. Avg Loss: 1.0119
--- Epoch 2/5 ---
Epoch 2 done. Avg Loss: 1.0288
--- Epoch 3/5 ---
Epoch 3 done. Avg Loss: 1.0264
--- Epoch 4/5 ---
Epoch 4 done. Avg Loss: 1.0247
--- Epoch 5/5 ---
Epoch 5 done. Avg Loss: 1.0589
[Server] Global Inference Model Acc (MNIST) (Round 17): 96.92% (Tested on 9095 samples)
[Server] Global Inference Model Acc (EMNIST) (Round 17): 84.12% (Tested on 105779 samples)
[Server] Global Inference Model Acc (CIFAR10) (Round 17): 34.60% (Tested on 9100 samples)
[Server] Global Inference Model Acc (Mix) (Round 17): 81.43% (Tested on 123974 samples)
Selected client ids: [0, 1, 2, 3, 4, 5, 6, 7, 8, 9, 10, 11, 12, 13, 14, 15, 16, 17, 18, 19, 20, 21, 22, 23, 24, 25, 26, 27, 28, 29]
--- Round 18 ---
Round 18 | Client 0 | Model: (MLP) | Acc: 95.53%
Round 18 | Client 1 | Model: (CNN) | Acc: 93.02%
Round 18 | Client 2 | Model: (ResNet8) | Acc: 98.19%
Round 18 | Client 3 | Model: (ResNet18) | Acc: 95.36%
Round 18 | Client 4 | Model: (MobileNetV2) | Acc: 96.15%
Round 18 | Client 5 | Model: (MobileNetV3) | Acc: 87.40%
Round 18 | Client 6 | Model: (LeNet) | Acc: 98.58%
Round 18 | Client 7 | Model: (AlexNet) | Acc: 98.32%
Round 18 | Client 8 | Model: (ShuffleNet) | Acc: 81.29%
Round 18 | Client 9 | Model: (SqueezeNet) | Acc: 97.60%
Round 18 | Client 11 | Model: (MLP) | Acc: 80.14%
Round 18 | Client 12 | Model: (CNN) | Acc: 84.39%
Round 18 | Client 13 | Model: (ResNet8) | Acc: 83.99%
Round 18 | Client 14 | Model: (ResNet18) | Acc: 85.23%
Round 18 | Client 15 | Model: (MobileNetV2) | Acc: 84.19%
Round 18 | Client 16 | Model: (MobileNetV3) | Acc: 72.83%
Round 18 | Client 17 | Model: (LeNet) | Acc: 83.99%
Round 18 | Client 18 | Model: (AlexNet) | Acc: 83.29%
Round 18 | Client 19 | Model: (ShuffleNet) | Acc: 82.94%
Round 18 | Client 20 | Model: (SqueezeNet) | Acc: 83.10%
Round 18 | Client 22 | Model: (MLP) | Acc: 40.65%
Round 18 | Client 23 | Model: (CNN) | Acc: 48.13%
Round 18 | Client 24 | Model: (ResNet8) | Acc: 42.61%
Round 18 | Client 25 | Model: (ResNet18) | Acc: 57.05%
Round 18 | Client 26 | Model: (MobileNetV2) | Acc: 37.36%
Round 18 | Client 27 | Model: (MobileNetV3) | Acc: 44.85%
Round 18 | Client 28 | Model: (LeNet) | Acc: 51.16%
Round 18 | Client 29 | Model: (AlexNet) | Acc: 53.84%
Round 18 | Client 30 | Model: (ShuffleNet) | Acc: 37.17%
Round 18 | Client 31 | Model: (SqueezeNet) | Acc: 37.64%
[Server] Aggregating by Dataset Name ...
--- Epoch 1/5 ---
Epoch 1 done. Avg Loss: 1.0399
--- Epoch 2/5 ---
Epoch 2 done. Avg Loss: 1.0544
--- Epoch 3/5 ---
Epoch 3 done. Avg Loss: 1.0114
--- Epoch 4/5 ---
Epoch 4 done. Avg Loss: 1.0235
--- Epoch 5/5 ---
Epoch 5 done. Avg Loss: 1.0023
[Server] Global Inference Model Acc (MNIST) (Round 18): 88.47% (Tested on 9095 samples)
[Server] Global Inference Model Acc (EMNIST) (Round 18): 80.59% (Tested on 105779 samples)
[Server] Global Inference Model Acc (CIFAR10) (Round 18): 29.19% (Tested on 9100 samples)
[Server] Global Inference Model Acc (Mix) (Round 18): 77.39% (Tested on 123974 samples)
Selected client ids: [0, 1, 2, 3, 4, 5, 6, 7, 8, 9, 10, 11, 12, 13, 14, 15, 16, 17, 18, 19, 20, 21, 22, 23, 24, 25, 26, 27, 28, 29]
--- Round 19 ---
Round 19 | Client 0 | Model: (MLP) | Acc: 94.55%
Round 19 | Client 1 | Model: (CNN) | Acc: 96.35%
Round 19 | Client 2 | Model: (ResNet8) | Acc: 98.41%
Round 19 | Client 3 | Model: (ResNet18) | Acc: 94.34%
Round 19 | Client 4 | Model: (MobileNetV2) | Acc: 95.40%
Round 19 | Client 5 | Model: (MobileNetV3) | Acc: 85.40%
Round 19 | Client 6 | Model: (LeNet) | Acc: 98.58%
Round 19 | Client 7 | Model: (AlexNet) | Acc: 98.32%
Round 19 | Client 8 | Model: (ShuffleNet) | Acc: 83.30%
Round 19 | Client 9 | Model: (SqueezeNet) | Acc: 95.96%
Round 19 | Client 11 | Model: (MLP) | Acc: 80.50%
Round 19 | Client 12 | Model: (CNN) | Acc: 84.99%
Round 19 | Client 13 | Model: (ResNet8) | Acc: 83.92%
Round 19 | Client 14 | Model: (ResNet18) | Acc: 84.98%
Round 19 | Client 15 | Model: (MobileNetV2) | Acc: 84.16%
Round 19 | Client 16 | Model: (MobileNetV3) | Acc: 73.81%
Round 19 | Client 17 | Model: (LeNet) | Acc: 84.56%
Round 19 | Client 18 | Model: (AlexNet) | Acc: 83.30%
Round 19 | Client 19 | Model: (ShuffleNet) | Acc: 83.05%
Round 19 | Client 20 | Model: (SqueezeNet) | Acc: 82.56%
Round 19 | Client 22 | Model: (MLP) | Acc: 39.57%
Round 19 | Client 23 | Model: (CNN) | Acc: 55.49%
Round 19 | Client 24 | Model: (ResNet8) | Acc: 61.03%
Round 19 | Client 25 | Model: (ResNet18) | Acc: 57.49%
Round 19 | Client 26 | Model: (MobileNetV2) | Acc: 37.46%
Round 19 | Client 27 | Model: (MobileNetV3) | Acc: 46.14%
Round 19 | Client 28 | Model: (LeNet) | Acc: 52.26%
Round 19 | Client 29 | Model: (AlexNet) | Acc: 55.46%
Round 19 | Client 30 | Model: (ShuffleNet) | Acc: 37.83%
Round 19 | Client 31 | Model: (SqueezeNet) | Acc: 40.00%
[Server] Aggregating by Dataset Name ...
--- Epoch 1/5 ---
Epoch 1 done. Avg Loss: 1.0408
--- Epoch 2/5 ---
Epoch 2 done. Avg Loss: 1.0687
--- Epoch 3/5 ---
Epoch 3 done. Avg Loss: 1.0396
--- Epoch 4/5 ---
Epoch 4 done. Avg Loss: 1.0477
--- Epoch 5/5 ---
Epoch 5 done. Avg Loss: 1.0114
[Server] Global Inference Model Acc (MNIST) (Round 19): 95.16% (Tested on 9095 samples)
[Server] Global Inference Model Acc (EMNIST) (Round 19): 84.20% (Tested on 105779 samples)
[Server] Global Inference Model Acc (CIFAR10) (Round 19): 34.15% (Tested on 9100 samples)
[Server] Global Inference Model Acc (Mix) (Round 19): 81.33% (Tested on 123974 samples)
Selected client ids: [0, 1, 2, 3, 4, 5, 6, 7, 8, 9, 10, 11, 12, 13, 14, 15, 16, 17, 18, 19, 20, 21, 22, 23, 24, 25, 26, 27, 28, 29]
--- Round 20 ---
Round 20 | Client 0 | Model: (MLP) | Acc: 95.20%
Round 20 | Client 1 | Model: (CNN) | Acc: 96.57%
Round 20 | Client 2 | Model: (ResNet8) | Acc: 98.75%
Round 20 | Client 3 | Model: (ResNet18) | Acc: 97.96%
Round 20 | Client 4 | Model: (MobileNetV2) | Acc: 95.93%
Round 20 | Client 5 | Model: (MobileNetV3) | Acc: 92.08%
Round 20 | Client 6 | Model: (LeNet) | Acc: 98.47%
Round 20 | Client 7 | Model: (AlexNet) | Acc: 98.63%
Round 20 | Client 8 | Model: (ShuffleNet) | Acc: 84.08%
Round 20 | Client 9 | Model: (SqueezeNet) | Acc: 97.16%
Round 20 | Client 11 | Model: (MLP) | Acc: 80.22%
Round 20 | Client 12 | Model: (CNN) | Acc: 83.79%
Round 20 | Client 13 | Model: (ResNet8) | Acc: 84.69%
Round 20 | Client 14 | Model: (ResNet18) | Acc: 84.60%
Round 20 | Client 15 | Model: (MobileNetV2) | Acc: 83.99%
Round 20 | Client 16 | Model: (MobileNetV3) | Acc: 75.43%
Round 20 | Client 17 | Model: (LeNet) | Acc: 84.40%
Round 20 | Client 18 | Model: (AlexNet) | Acc: 82.58%
Round 20 | Client 19 | Model: (ShuffleNet) | Acc: 83.50%
Round 20 | Client 20 | Model: (SqueezeNet) | Acc: 83.22%
Round 20 | Client 22 | Model: (MLP) | Acc: 41.25%
Round 20 | Client 23 | Model: (CNN) | Acc: 57.58%
Round 20 | Client 24 | Model: (ResNet8) | Acc: 60.71%
Round 20 | Client 25 | Model: (ResNet18) | Acc: 59.49%
Round 20 | Client 26 | Model: (MobileNetV2) | Acc: 36.94%
Round 20 | Client 27 | Model: (MobileNetV3) | Acc: 45.71%
Round 20 | Client 28 | Model: (LeNet) | Acc: 52.04%
Round 20 | Client 29 | Model: (AlexNet) | Acc: 55.35%
Round 20 | Client 30 | Model: (ShuffleNet) | Acc: 34.65%
Round 20 | Client 31 | Model: (SqueezeNet) | Acc: 38.88%
[Server] Aggregating by Dataset Name ...
--- Epoch 1/5 ---
Epoch 1 done. Avg Loss: 1.0684
--- Epoch 2/5 ---
Epoch 2 done. Avg Loss: 1.0734
--- Epoch 3/5 ---
Epoch 3 done. Avg Loss: 1.0436
--- Epoch 4/5 ---
Epoch 4 done. Avg Loss: 0.9989
--- Epoch 5/5 ---
Epoch 5 done. Avg Loss: 1.0359
[Server] Global Inference Model Acc (MNIST) (Round 20): 96.55% (Tested on 9095 samples)
[Server] Global Inference Model Acc (EMNIST) (Round 20): 83.20% (Tested on 105779 samples)
[Server] Global Inference Model Acc (CIFAR10) (Round 20): 26.95% (Tested on 9100 samples)
[Server] Global Inference Model Acc (Mix) (Round 20): 80.05% (Tested on 123974 samples)
Selected client ids: [0, 1, 2, 3, 4, 5, 6, 7, 8, 9, 10, 11, 12, 13, 14, 15, 16, 17, 18, 19, 20, 21, 22, 23, 24, 25, 26, 27, 28, 29]
--- Round 21 ---
Round 21 | Client 0 | Model: (MLP) | Acc: 93.89%
Round 21 | Client 1 | Model: (CNN) | Acc: 78.07%
Round 21 | Client 2 | Model: (ResNet8) | Acc: 98.41%
Round 21 | Client 3 | Model: (ResNet18) | Acc: 98.87%
Round 21 | Client 4 | Model: (MobileNetV2) | Acc: 95.29%
Round 21 | Client 5 | Model: (MobileNetV3) | Acc: 91.19%
Round 21 | Client 6 | Model: (LeNet) | Acc: 98.25%
Round 21 | Client 7 | Model: (AlexNet) | Acc: 97.37%
Round 21 | Client 8 | Model: (ShuffleNet) | Acc: 83.96%
Round 21 | Client 9 | Model: (SqueezeNet) | Acc: 97.27%
Round 21 | Client 11 | Model: (MLP) | Acc: 80.19%
Round 21 | Client 12 | Model: (CNN) | Acc: 85.30%
Round 21 | Client 13 | Model: (ResNet8) | Acc: 84.24%
Round 21 | Client 14 | Model: (ResNet18) | Acc: 84.29%
Round 21 | Client 15 | Model: (MobileNetV2) | Acc: 83.85%
Round 21 | Client 16 | Model: (MobileNetV3) | Acc: 76.80%
Round 21 | Client 17 | Model: (LeNet) | Acc: 84.23%
Round 21 | Client 18 | Model: (AlexNet) | Acc: 83.10%
Round 21 | Client 19 | Model: (ShuffleNet) | Acc: 83.63%
Round 21 | Client 20 | Model: (SqueezeNet) | Acc: 83.67%
Round 21 | Client 22 | Model: (MLP) | Acc: 40.65%
Round 21 | Client 23 | Model: (CNN) | Acc: 53.41%
Round 21 | Client 24 | Model: (ResNet8) | Acc: 54.93%
Round 21 | Client 25 | Model: (ResNet18) | Acc: 59.16%
Round 21 | Client 26 | Model: (MobileNetV2) | Acc: 41.13%
Round 21 | Client 27 | Model: (MobileNetV3) | Acc: 47.42%
Round 21 | Client 28 | Model: (LeNet) | Acc: 54.24%
Round 21 | Client 29 | Model: (AlexNet) | Acc: 54.05%
Round 21 | Client 30 | Model: (ShuffleNet) | Acc: 37.06%
Round 21 | Client 31 | Model: (SqueezeNet) | Acc: 35.17%
[Server] Aggregating by Dataset Name ...
--- Epoch 1/5 ---
Epoch 1 done. Avg Loss: 1.1076
--- Epoch 2/5 ---
Epoch 2 done. Avg Loss: 1.0573
--- Epoch 3/5 ---
Epoch 3 done. Avg Loss: 1.0493
--- Epoch 4/5 ---
Epoch 4 done. Avg Loss: 1.0589
--- Epoch 5/5 ---
Epoch 5 done. Avg Loss: 1.0467
[Server] Global Inference Model Acc (MNIST) (Round 21): 91.04% (Tested on 9095 samples)
[Server] Global Inference Model Acc (EMNIST) (Round 21): 82.66% (Tested on 105779 samples)
[Server] Global Inference Model Acc (CIFAR10) (Round 21): 33.38% (Tested on 9100 samples)
[Server] Global Inference Model Acc (Mix) (Round 21): 79.66% (Tested on 123974 samples)
Selected client ids: [0, 1, 2, 3, 4, 5, 6, 7, 8, 9, 10, 11, 12, 13, 14, 15, 16, 17, 18, 19, 20, 21, 22, 23, 24, 25, 26, 27, 28, 29]
--- Round 22 ---
Round 22 | Client 0 | Model: (MLP) | Acc: 96.18%
Round 22 | Client 1 | Model: (CNN) | Acc: 96.35%
Round 22 | Client 2 | Model: (ResNet8) | Acc: 98.30%
Round 22 | Client 3 | Model: (ResNet18) | Acc: 98.53%
Round 22 | Client 4 | Model: (MobileNetV2) | Acc: 96.36%
Round 22 | Client 5 | Model: (MobileNetV3) | Acc: 91.42%
Round 22 | Client 6 | Model: (LeNet) | Acc: 97.92%
Round 22 | Client 7 | Model: (AlexNet) | Acc: 98.11%
Round 22 | Client 8 | Model: (ShuffleNet) | Acc: 84.74%
Round 22 | Client 9 | Model: (SqueezeNet) | Acc: 96.17%
Round 22 | Client 11 | Model: (MLP) | Acc: 80.68%
Round 22 | Client 12 | Model: (CNN) | Acc: 85.03%
Round 22 | Client 13 | Model: (ResNet8) | Acc: 84.60%
Round 22 | Client 14 | Model: (ResNet18) | Acc: 83.76%
Round 22 | Client 15 | Model: (MobileNetV2) | Acc: 84.46%
Round 22 | Client 16 | Model: (MobileNetV3) | Acc: 73.22%
Round 22 | Client 17 | Model: (LeNet) | Acc: 84.25%
Round 22 | Client 18 | Model: (AlexNet) | Acc: 82.87%
Round 22 | Client 19 | Model: (ShuffleNet) | Acc: 83.35%
Round 22 | Client 20 | Model: (SqueezeNet) | Acc: 82.42%
Round 22 | Client 22 | Model: (MLP) | Acc: 41.85%
Round 22 | Client 23 | Model: (CNN) | Acc: 57.91%
Round 22 | Client 24 | Model: (ResNet8) | Acc: 61.46%
Round 22 | Client 25 | Model: (ResNet18) | Acc: 61.60%
Round 22 | Client 26 | Model: (MobileNetV2) | Acc: 35.57%
Round 22 | Client 27 | Model: (MobileNetV3) | Acc: 46.03%
Round 22 | Client 28 | Model: (LeNet) | Acc: 51.05%
Round 22 | Client 29 | Model: (AlexNet) | Acc: 52.65%
Round 22 | Client 30 | Model: (ShuffleNet) | Acc: 36.51%
Round 22 | Client 31 | Model: (SqueezeNet) | Acc: 39.33%
[Server] Aggregating by Dataset Name ...
--- Epoch 1/5 ---
Epoch 1 done. Avg Loss: 1.0589
--- Epoch 2/5 ---
Epoch 2 done. Avg Loss: 1.0561
--- Epoch 3/5 ---
Epoch 3 done. Avg Loss: 1.0290
--- Epoch 4/5 ---
Epoch 4 done. Avg Loss: 1.0350
--- Epoch 5/5 ---
Epoch 5 done. Avg Loss: 1.0444
[Server] Global Inference Model Acc (MNIST) (Round 22): 94.36% (Tested on 9095 samples)
[Server] Global Inference Model Acc (EMNIST) (Round 22): 83.30% (Tested on 105779 samples)
[Server] Global Inference Model Acc (CIFAR10) (Round 22): 27.86% (Tested on 9100 samples)
[Server] Global Inference Model Acc (Mix) (Round 22): 80.04% (Tested on 123974 samples)
Selected client ids: [0, 1, 2, 3, 4, 5, 6, 7, 8, 9, 10, 11, 12, 13, 14, 15, 16, 17, 18, 19, 20, 21, 22, 23, 24, 25, 26, 27, 28, 29]
--- Round 23 ---
Round 23 | Client 0 | Model: (MLP) | Acc: 92.48%
Round 23 | Client 1 | Model: (CNN) | Acc: 96.68%
Round 23 | Client 2 | Model: (ResNet8) | Acc: 98.75%
Round 23 | Client 3 | Model: (ResNet18) | Acc: 98.87%
Round 23 | Client 4 | Model: (MobileNetV2) | Acc: 95.72%
Round 23 | Client 5 | Model: (MobileNetV3) | Acc: 90.75%
Round 23 | Client 6 | Model: (LeNet) | Acc: 98.36%
Round 23 | Client 7 | Model: (AlexNet) | Acc: 97.79%
Round 23 | Client 8 | Model: (ShuffleNet) | Acc: 72.05%
Round 23 | Client 9 | Model: (SqueezeNet) | Acc: 95.41%
Round 23 | Client 11 | Model: (MLP) | Acc: 79.69%
Round 23 | Client 12 | Model: (CNN) | Acc: 84.66%
Round 23 | Client 13 | Model: (ResNet8) | Acc: 83.39%
Round 23 | Client 14 | Model: (ResNet18) | Acc: 83.52%
Round 23 | Client 15 | Model: (MobileNetV2) | Acc: 83.55%
Round 23 | Client 16 | Model: (MobileNetV3) | Acc: 79.42%
Round 23 | Client 17 | Model: (LeNet) | Acc: 83.64%
Round 23 | Client 18 | Model: (AlexNet) | Acc: 82.97%
Round 23 | Client 19 | Model: (ShuffleNet) | Acc: 83.63%
Round 23 | Client 20 | Model: (SqueezeNet) | Acc: 83.69%
Round 23 | Client 22 | Model: (MLP) | Acc: 42.33%
Round 23 | Client 23 | Model: (CNN) | Acc: 52.75%
Round 23 | Client 24 | Model: (ResNet8) | Acc: 59.31%
Round 23 | Client 25 | Model: (ResNet18) | Acc: 59.05%
Round 23 | Client 26 | Model: (MobileNetV2) | Acc: 38.09%
Round 23 | Client 27 | Model: (MobileNetV3) | Acc: 47.00%
Round 23 | Client 28 | Model: (LeNet) | Acc: 52.37%
Round 23 | Client 29 | Model: (AlexNet) | Acc: 54.92%
Round 23 | Client 30 | Model: (ShuffleNet) | Acc: 39.36%
Round 23 | Client 31 | Model: (SqueezeNet) | Acc: 39.10%
[Server] Aggregating by Dataset Name ...
--- Epoch 1/5 ---
Epoch 1 done. Avg Loss: 1.0761
--- Epoch 2/5 ---
Epoch 2 done. Avg Loss: 1.0755
--- Epoch 3/5 ---
Epoch 3 done. Avg Loss: 1.0234
--- Epoch 4/5 ---
Epoch 4 done. Avg Loss: 0.9907
--- Epoch 5/5 ---
Epoch 5 done. Avg Loss: 1.0525
[Server] Global Inference Model Acc (MNIST) (Round 23): 96.51% (Tested on 9095 samples)
[Server] Global Inference Model Acc (EMNIST) (Round 23): 84.70% (Tested on 105779 samples)
[Server] Global Inference Model Acc (CIFAR10) (Round 23): 26.49% (Tested on 9100 samples)
[Server] Global Inference Model Acc (Mix) (Round 23): 81.29% (Tested on 123974 samples)
Selected client ids: [0, 1, 2, 3, 4, 5, 6, 7, 8, 9, 10, 11, 12, 13, 14, 15, 16, 17, 18, 19, 20, 21, 22, 23, 24, 25, 26, 27, 28, 29]
--- Round 24 ---
Round 24 | Client 0 | Model: (MLP) | Acc: 95.86%
Round 24 | Client 1 | Model: (CNN) | Acc: 96.01%
Round 24 | Client 2 | Model: (ResNet8) | Acc: 98.87%
Round 24 | Client 3 | Model: (ResNet18) | Acc: 98.53%
Round 24 | Client 4 | Model: (MobileNetV2) | Acc: 95.40%
Round 24 | Client 5 | Model: (MobileNetV3) | Acc: 91.75%
Round 24 | Client 6 | Model: (LeNet) | Acc: 97.81%
Round 24 | Client 7 | Model: (AlexNet) | Acc: 98.53%
Round 24 | Client 8 | Model: (ShuffleNet) | Acc: 76.28%
Round 24 | Client 9 | Model: (SqueezeNet) | Acc: 96.39%
Round 24 | Client 11 | Model: (MLP) | Acc: 80.12%
Round 24 | Client 12 | Model: (CNN) | Acc: 84.58%
Round 24 | Client 13 | Model: (ResNet8) | Acc: 82.94%
Round 24 | Client 14 | Model: (ResNet18) | Acc: 84.15%
Round 24 | Client 15 | Model: (MobileNetV2) | Acc: 84.24%
Round 24 | Client 16 | Model: (MobileNetV3) | Acc: 77.81%
Round 24 | Client 17 | Model: (LeNet) | Acc: 83.70%
Round 24 | Client 18 | Model: (AlexNet) | Acc: 82.43%
Round 24 | Client 19 | Model: (ShuffleNet) | Acc: 83.68%
Round 24 | Client 20 | Model: (SqueezeNet) | Acc: 83.49%
Round 24 | Client 22 | Model: (MLP) | Acc: 42.09%
Round 24 | Client 23 | Model: (CNN) | Acc: 60.88%
Round 24 | Client 24 | Model: (ResNet8) | Acc: 55.35%
Round 24 | Client 25 | Model: (ResNet18) | Acc: 55.38%
Round 24 | Client 26 | Model: (MobileNetV2) | Acc: 37.25%
Round 24 | Client 27 | Model: (MobileNetV3) | Acc: 46.14%
Round 24 | Client 28 | Model: (LeNet) | Acc: 51.60%
Round 24 | Client 29 | Model: (AlexNet) | Acc: 55.03%
Round 24 | Client 30 | Model: (ShuffleNet) | Acc: 36.73%
Round 24 | Client 31 | Model: (SqueezeNet) | Acc: 38.99%
[Server] Aggregating by Dataset Name ...
--- Epoch 1/5 ---
Epoch 1 done. Avg Loss: 1.0244
--- Epoch 2/5 ---
Epoch 2 done. Avg Loss: 1.0514
--- Epoch 3/5 ---
Epoch 3 done. Avg Loss: 1.0961
--- Epoch 4/5 ---
Epoch 4 done. Avg Loss: 1.0482
--- Epoch 5/5 ---
Epoch 5 done. Avg Loss: 1.0464
[Server] Global Inference Model Acc (MNIST) (Round 24): 92.94% (Tested on 9095 samples)
[Server] Global Inference Model Acc (EMNIST) (Round 24): 82.58% (Tested on 105779 samples)
[Server] Global Inference Model Acc (CIFAR10) (Round 24): 29.74% (Tested on 9100 samples)
[Server] Global Inference Model Acc (Mix) (Round 24): 79.46% (Tested on 123974 samples)
Selected client ids: [0, 1, 2, 3, 4, 5, 6, 7, 8, 9, 10, 11, 12, 13, 14, 15, 16, 17, 18, 19, 20, 21, 22, 23, 24, 25, 26, 27, 28, 29]
--- Round 25 ---
Round 25 | Client 0 | Model: (MLP) | Acc: 92.91%
Round 25 | Client 1 | Model: (CNN) | Acc: 96.23%
Round 25 | Client 2 | Model: (ResNet8) | Acc: 98.98%
Round 25 | Client 3 | Model: (ResNet18) | Acc: 98.53%
Round 25 | Client 4 | Model: (MobileNetV2) | Acc: 96.15%
Round 25 | Client 5 | Model: (MobileNetV3) | Acc: 89.19%
Round 25 | Client 6 | Model: (LeNet) | Acc: 97.81%
Round 25 | Client 7 | Model: (AlexNet) | Acc: 98.32%
Round 25 | Client 8 | Model: (ShuffleNet) | Acc: 73.94%
Round 25 | Client 9 | Model: (SqueezeNet) | Acc: 96.72%
Round 25 | Client 11 | Model: (MLP) | Acc: 79.46%
Round 25 | Client 12 | Model: (CNN) | Acc: 85.41%
Round 25 | Client 13 | Model: (ResNet8) | Acc: 83.17%
Round 25 | Client 14 | Model: (ResNet18) | Acc: 83.99%
Round 25 | Client 15 | Model: (MobileNetV2) | Acc: 83.99%
Round 25 | Client 16 | Model: (MobileNetV3) | Acc: 76.09%
Round 25 | Client 17 | Model: (LeNet) | Acc: 83.96%
Round 25 | Client 18 | Model: (AlexNet) | Acc: 82.53%
Round 25 | Client 19 | Model: (ShuffleNet) | Acc: 83.17%
Round 25 | Client 20 | Model: (SqueezeNet) | Acc: 83.27%
Round 25 | Client 22 | Model: (MLP) | Acc: 39.93%
Round 25 | Client 23 | Model: (CNN) | Acc: 57.25%
Round 25 | Client 24 | Model: (ResNet8) | Acc: 50.11%
Round 25 | Client 25 | Model: (ResNet18) | Acc: 57.94%
Round 25 | Client 26 | Model: (MobileNetV2) | Acc: 39.14%
Round 25 | Client 27 | Model: (MobileNetV3) | Acc: 46.03%
Round 25 | Client 28 | Model: (LeNet) | Acc: 51.05%
Round 25 | Client 29 | Model: (AlexNet) | Acc: 54.38%
Round 25 | Client 30 | Model: (ShuffleNet) | Acc: 38.71%
Round 25 | Client 31 | Model: (SqueezeNet) | Acc: 40.79%
[Server] Aggregating by Dataset Name ...
--- Epoch 1/5 ---
Epoch 1 done. Avg Loss: 1.1146
--- Epoch 2/5 ---
Epoch 2 done. Avg Loss: 1.0746
--- Epoch 3/5 ---
Epoch 3 done. Avg Loss: 1.0792
--- Epoch 4/5 ---
Epoch 4 done. Avg Loss: 1.0535
--- Epoch 5/5 ---
Epoch 5 done. Avg Loss: 1.1015
[Server] Global Inference Model Acc (MNIST) (Round 25): 94.32% (Tested on 9095 samples)
[Server] Global Inference Model Acc (EMNIST) (Round 25): 83.38% (Tested on 105779 samples)
[Server] Global Inference Model Acc (CIFAR10) (Round 25): 25.79% (Tested on 9100 samples)
[Server] Global Inference Model Acc (Mix) (Round 25): 79.95% (Tested on 123974 samples)
Selected client ids: [0, 1, 2, 3, 4, 5, 6, 7, 8, 9, 10, 11, 12, 13, 14, 15, 16, 17, 18, 19, 20, 21, 22, 23, 24, 25, 26, 27, 28, 29]
--- Round 26 ---
Round 26 | Client 0 | Model: (MLP) | Acc: 96.18%
Round 26 | Client 1 | Model: (CNN) | Acc: 83.50%
Round 26 | Client 2 | Model: (ResNet8) | Acc: 98.75%
Round 26 | Client 3 | Model: (ResNet18) | Acc: 98.76%
Round 26 | Client 4 | Model: (MobileNetV2) | Acc: 95.61%
Round 26 | Client 5 | Model: (MobileNetV3) | Acc: 91.42%
Round 26 | Client 6 | Model: (LeNet) | Acc: 98.58%
Round 26 | Client 7 | Model: (AlexNet) | Acc: 98.42%
Round 26 | Client 8 | Model: (ShuffleNet) | Acc: 74.50%
Round 26 | Client 9 | Model: (SqueezeNet) | Acc: 97.27%
Round 26 | Client 11 | Model: (MLP) | Acc: 80.28%
Round 26 | Client 12 | Model: (CNN) | Acc: 83.86%
Round 26 | Client 13 | Model: (ResNet8) | Acc: 83.50%
Round 26 | Client 14 | Model: (ResNet18) | Acc: 83.31%
Round 26 | Client 15 | Model: (MobileNetV2) | Acc: 84.29%
Round 26 | Client 16 | Model: (MobileNetV3) | Acc: 79.44%
Round 26 | Client 17 | Model: (LeNet) | Acc: 84.37%
Round 26 | Client 18 | Model: (AlexNet) | Acc: 82.54%
Round 26 | Client 19 | Model: (ShuffleNet) | Acc: 83.50%
Round 26 | Client 20 | Model: (SqueezeNet) | Acc: 83.50%
Round 26 | Client 22 | Model: (MLP) | Acc: 39.33%
Round 26 | Client 23 | Model: (CNN) | Acc: 44.29%
Round 26 | Client 24 | Model: (ResNet8) | Acc: 59.42%
Round 26 | Client 25 | Model: (ResNet18) | Acc: 60.60%
Round 26 | Client 26 | Model: (MobileNetV2) | Acc: 38.82%
Round 26 | Client 27 | Model: (MobileNetV3) | Acc: 46.03%
Round 26 | Client 28 | Model: (LeNet) | Acc: 55.01%
Round 26 | Client 29 | Model: (AlexNet) | Acc: 54.81%
Round 26 | Client 30 | Model: (ShuffleNet) | Acc: 38.82%
Round 26 | Client 31 | Model: (SqueezeNet) | Acc: 40.45%
[Server] Aggregating by Dataset Name ...
--- Epoch 1/5 ---
Epoch 1 done. Avg Loss: 1.0594
--- Epoch 2/5 ---
Epoch 2 done. Avg Loss: 1.0880
--- Epoch 3/5 ---
Epoch 3 done. Avg Loss: 1.0559
--- Epoch 4/5 ---
Epoch 4 done. Avg Loss: 1.0512
--- Epoch 5/5 ---
Epoch 5 done. Avg Loss: 1.0806
[Server] Global Inference Model Acc (MNIST) (Round 26): 96.91% (Tested on 9095 samples)
[Server] Global Inference Model Acc (EMNIST) (Round 26): 85.07% (Tested on 105779 samples)
[Server] Global Inference Model Acc (CIFAR10) (Round 26): 32.40% (Tested on 9100 samples)
[Server] Global Inference Model Acc (Mix) (Round 26): 82.07% (Tested on 123974 samples)
Selected client ids: [0, 1, 2, 3, 4, 5, 6, 7, 8, 9, 10, 11, 12, 13, 14, 15, 16, 17, 18, 19, 20, 21, 22, 23, 24, 25, 26, 27, 28, 29]
--- Round 27 ---
Round 27 | Client 0 | Model: (MLP) | Acc: 94.11%
Round 27 | Client 1 | Model: (CNN) | Acc: 87.26%
Round 27 | Client 2 | Model: (ResNet8) | Acc: 98.64%
Round 27 | Client 3 | Model: (ResNet18) | Acc: 98.19%
Round 27 | Client 4 | Model: (MobileNetV2) | Acc: 97.22%
Round 27 | Client 5 | Model: (MobileNetV3) | Acc: 89.41%
Round 27 | Client 6 | Model: (LeNet) | Acc: 96.83%
Round 27 | Client 7 | Model: (AlexNet) | Acc: 98.32%
Round 27 | Client 8 | Model: (ShuffleNet) | Acc: 76.95%
Round 27 | Client 9 | Model: (SqueezeNet) | Acc: 96.72%
Round 27 | Client 11 | Model: (MLP) | Acc: 80.17%
Round 27 | Client 12 | Model: (CNN) | Acc: 84.28%
Round 27 | Client 13 | Model: (ResNet8) | Acc: 82.93%
Round 27 | Client 14 | Model: (ResNet18) | Acc: 84.21%
Round 27 | Client 15 | Model: (MobileNetV2) | Acc: 84.27%
Round 27 | Client 16 | Model: (MobileNetV3) | Acc: 79.98%
Round 27 | Client 17 | Model: (LeNet) | Acc: 83.69%
Round 27 | Client 18 | Model: (AlexNet) | Acc: 82.82%
Round 27 | Client 19 | Model: (ShuffleNet) | Acc: 83.65%
Round 27 | Client 20 | Model: (SqueezeNet) | Acc: 83.82%
Round 27 | Client 22 | Model: (MLP) | Acc: 40.17%
Round 27 | Client 23 | Model: (CNN) | Acc: 59.89%
Round 27 | Client 24 | Model: (ResNet8) | Acc: 57.39%
Round 27 | Client 25 | Model: (ResNet18) | Acc: 59.60%
Round 27 | Client 26 | Model: (MobileNetV2) | Acc: 39.24%
Round 27 | Client 27 | Model: (MobileNetV3) | Acc: 46.57%
Round 27 | Client 28 | Model: (LeNet) | Acc: 54.57%
Round 27 | Client 29 | Model: (AlexNet) | Acc: 54.38%
Round 27 | Client 30 | Model: (ShuffleNet) | Acc: 38.05%
Round 27 | Client 31 | Model: (SqueezeNet) | Acc: 39.78%
[Server] Aggregating by Dataset Name ...
--- Epoch 1/5 ---
Epoch 1 done. Avg Loss: 1.1108
--- Epoch 2/5 ---
Epoch 2 done. Avg Loss: 1.1356
--- Epoch 3/5 ---
Epoch 3 done. Avg Loss: 1.0975
--- Epoch 4/5 ---
Epoch 4 done. Avg Loss: 1.0896
--- Epoch 5/5 ---
Epoch 5 done. Avg Loss: 1.0944
[Server] Global Inference Model Acc (MNIST) (Round 27): 95.03% (Tested on 9095 samples)
[Server] Global Inference Model Acc (EMNIST) (Round 27): 84.15% (Tested on 105779 samples)
[Server] Global Inference Model Acc (CIFAR10) (Round 27): 40.40% (Tested on 9100 samples)
[Server] Global Inference Model Acc (Mix) (Round 27): 81.73% (Tested on 123974 samples)
Selected client ids: [0, 1, 2, 3, 4, 5, 6, 7, 8, 9, 10, 11, 12, 13, 14, 15, 16, 17, 18, 19, 20, 21, 22, 23, 24, 25, 26, 27, 28, 29]
--- Round 28 ---
Round 28 | Client 0 | Model: (MLP) | Acc: 95.64%
Round 28 | Client 1 | Model: (CNN) | Acc: 77.19%
Round 28 | Client 2 | Model: (ResNet8) | Acc: 97.28%
Round 28 | Client 3 | Model: (ResNet18) | Acc: 97.62%
Round 28 | Client 4 | Model: (MobileNetV2) | Acc: 96.90%
Round 28 | Client 5 | Model: (MobileNetV3) | Acc: 92.20%
Round 28 | Client 6 | Model: (LeNet) | Acc: 98.36%
Round 28 | Client 7 | Model: (AlexNet) | Acc: 98.42%
Round 28 | Client 8 | Model: (ShuffleNet) | Acc: 78.29%
Round 28 | Client 9 | Model: (SqueezeNet) | Acc: 97.05%
Round 28 | Client 11 | Model: (MLP) | Acc: 80.48%
Round 28 | Client 12 | Model: (CNN) | Acc: 85.05%
Round 28 | Client 13 | Model: (ResNet8) | Acc: 84.01%
Round 28 | Client 14 | Model: (ResNet18) | Acc: 83.34%
Round 28 | Client 15 | Model: (MobileNetV2) | Acc: 84.12%
Round 28 | Client 16 | Model: (MobileNetV3) | Acc: 78.82%
Round 28 | Client 17 | Model: (LeNet) | Acc: 83.94%
Round 28 | Client 18 | Model: (AlexNet) | Acc: 82.55%
Round 28 | Client 19 | Model: (ShuffleNet) | Acc: 83.60%
Round 28 | Client 20 | Model: (SqueezeNet) | Acc: 83.64%
Round 28 | Client 22 | Model: (MLP) | Acc: 40.65%
Round 28 | Client 23 | Model: (CNN) | Acc: 62.20%
Round 28 | Client 24 | Model: (ResNet8) | Acc: 62.63%
Round 28 | Client 25 | Model: (ResNet18) | Acc: 60.27%
Round 28 | Client 26 | Model: (MobileNetV2) | Acc: 40.71%
Round 28 | Client 27 | Model: (MobileNetV3) | Acc: 47.10%
Round 28 | Client 28 | Model: (LeNet) | Acc: 52.48%
Round 28 | Client 29 | Model: (AlexNet) | Acc: 54.16%
Round 28 | Client 30 | Model: (ShuffleNet) | Acc: 38.38%
Round 28 | Client 31 | Model: (SqueezeNet) | Acc: 42.47%
[Server] Aggregating by Dataset Name ...
--- Epoch 1/5 ---
Epoch 1 done. Avg Loss: 1.1115
--- Epoch 2/5 ---
Epoch 2 done. Avg Loss: 1.0780
--- Epoch 3/5 ---
Epoch 3 done. Avg Loss: 1.1018
--- Epoch 4/5 ---
Epoch 4 done. Avg Loss: 1.0650
--- Epoch 5/5 ---
Epoch 5 done. Avg Loss: 1.0808
[Server] Global Inference Model Acc (MNIST) (Round 28): 95.98% (Tested on 9095 samples)
[Server] Global Inference Model Acc (EMNIST) (Round 28): 83.81% (Tested on 105779 samples)
[Server] Global Inference Model Acc (CIFAR10) (Round 28): 40.86% (Tested on 9100 samples)
[Server] Global Inference Model Acc (Mix) (Round 28): 81.55% (Tested on 123974 samples)
Selected client ids: [0, 1, 2, 3, 4, 5, 6, 7, 8, 9, 10, 11, 12, 13, 14, 15, 16, 17, 18, 19, 20, 21, 22, 23, 24, 25, 26, 27, 28, 29]
--- Round 29 ---
Round 29 | Client 0 | Model: (MLP) | Acc: 93.13%
Round 29 | Client 1 | Model: (CNN) | Acc: 94.57%
Round 29 | Client 2 | Model: (ResNet8) | Acc: 10.08%
Round 29 | Client 3 | Model: (ResNet18) | Acc: 98.19%
Round 29 | Client 4 | Model: (MobileNetV2) | Acc: 97.54%
Round 29 | Client 5 | Model: (MobileNetV3) | Acc: 86.51%
Round 29 | Client 6 | Model: (LeNet) | Acc: 98.47%
Round 29 | Client 7 | Model: (AlexNet) | Acc: 98.21%
Round 29 | Client 8 | Model: (ShuffleNet) | Acc: 75.72%
Round 29 | Client 9 | Model: (SqueezeNet) | Acc: 97.70%
Round 29 | Client 11 | Model: (MLP) | Acc: 79.77%
Round 29 | Client 12 | Model: (CNN) | Acc: 84.47%
Round 29 | Client 13 | Model: (ResNet8) | Acc: 83.78%
Round 29 | Client 14 | Model: (ResNet18) | Acc: 83.97%
Round 29 | Client 15 | Model: (MobileNetV2) | Acc: 83.84%
Round 29 | Client 16 | Model: (MobileNetV3) | Acc: 78.48%
Round 29 | Client 17 | Model: (LeNet) | Acc: 83.50%
Round 29 | Client 18 | Model: (AlexNet) | Acc: 82.64%
Round 29 | Client 19 | Model: (ShuffleNet) | Acc: 83.20%
Round 29 | Client 20 | Model: (SqueezeNet) | Acc: 83.15%
Round 29 | Client 22 | Model: (MLP) | Acc: 38.73%
Round 29 | Client 23 | Model: (CNN) | Acc: 51.10%
Round 29 | Client 24 | Model: (ResNet8) | Acc: 62.21%
Round 29 | Client 25 | Model: (ResNet18) | Acc: 61.15%
Round 29 | Client 26 | Model: (MobileNetV2) | Acc: 40.19%
Round 29 | Client 27 | Model: (MobileNetV3) | Acc: 45.71%
Round 29 | Client 28 | Model: (LeNet) | Acc: 53.58%
Round 29 | Client 29 | Model: (AlexNet) | Acc: 55.24%
Round 29 | Client 30 | Model: (ShuffleNet) | Acc: 37.83%
Round 29 | Client 31 | Model: (SqueezeNet) | Acc: 41.80%
[Server] Aggregating by Dataset Name ...
--- Epoch 1/5 ---
Epoch 1 done. Avg Loss: 1.0907
--- Epoch 2/5 ---
Epoch 2 done. Avg Loss: 1.1125
--- Epoch 3/5 ---
Epoch 3 done. Avg Loss: 1.0782
--- Epoch 4/5 ---
Epoch 4 done. Avg Loss: 1.1016
--- Epoch 5/5 ---
Epoch 5 done. Avg Loss: 1.1049
[Server] Global Inference Model Acc (MNIST) (Round 29): 94.95% (Tested on 9095 samples)
[Server] Global Inference Model Acc (EMNIST) (Round 29): 84.65% (Tested on 105779 samples)
[Server] Global Inference Model Acc (CIFAR10) (Round 29): 38.00% (Tested on 9100 samples)
[Server] Global Inference Model Acc (Mix) (Round 29): 81.98% (Tested on 123974 samples)
Selected client ids: [0, 1, 2, 3, 4, 5, 6, 7, 8, 9, 10, 11, 12, 13, 14, 15, 16, 17, 18, 19, 20, 21, 22, 23, 24, 25, 26, 27, 28, 29]
--- Round 30 ---
Round 30 | Client 0 | Model: (MLP) | Acc: 96.84%
Round 30 | Client 1 | Model: (CNN) | Acc: 31.56%
Round 30 | Client 2 | Model: (ResNet8) | Acc: 93.88%
Round 30 | Client 3 | Model: (ResNet18) | Acc: 98.19%
Round 30 | Client 4 | Model: (MobileNetV2) | Acc: 96.25%
Round 30 | Client 5 | Model: (MobileNetV3) | Acc: 75.81%
Round 30 | Client 6 | Model: (LeNet) | Acc: 98.47%
Round 30 | Client 7 | Model: (AlexNet) | Acc: 98.11%
Round 30 | Client 8 | Model: (ShuffleNet) | Acc: 79.84%
Round 30 | Client 9 | Model: (SqueezeNet) | Acc: 96.72%
Round 30 | Client 11 | Model: (MLP) | Acc: 80.27%
Round 30 | Client 12 | Model: (CNN) | Acc: 84.90%
Round 30 | Client 13 | Model: (ResNet8) | Acc: 83.77%
Round 30 | Client 14 | Model: (ResNet18) | Acc: 84.42%
Round 30 | Client 15 | Model: (MobileNetV2) | Acc: 84.24%
Round 30 | Client 16 | Model: (MobileNetV3) | Acc: 78.43%
Round 30 | Client 17 | Model: (LeNet) | Acc: 84.50%
Round 30 | Client 18 | Model: (AlexNet) | Acc: 82.56%
Round 30 | Client 19 | Model: (ShuffleNet) | Acc: 83.47%
Round 30 | Client 20 | Model: (SqueezeNet) | Acc: 82.84%
Round 30 | Client 22 | Model: (MLP) | Acc: 42.45%
Round 30 | Client 23 | Model: (CNN) | Acc: 58.24%
Round 30 | Client 24 | Model: (ResNet8) | Acc: 63.70%
Round 30 | Client 25 | Model: (ResNet18) | Acc: 59.60%
Round 30 | Client 26 | Model: (MobileNetV2) | Acc: 39.45%
Round 30 | Client 27 | Model: (MobileNetV3) | Acc: 46.57%
Round 30 | Client 28 | Model: (LeNet) | Acc: 51.71%
Round 30 | Client 29 | Model: (AlexNet) | Acc: 54.49%
Round 30 | Client 30 | Model: (ShuffleNet) | Acc: 37.72%
Round 30 | Client 31 | Model: (SqueezeNet) | Acc: 44.61%
[Server] Aggregating by Dataset Name ...
--- Epoch 1/5 ---
Epoch 1 done. Avg Loss: 1.1051
--- Epoch 2/5 ---
Epoch 2 done. Avg Loss: 1.1277
--- Epoch 3/5 ---
Epoch 3 done. Avg Loss: 1.1093
--- Epoch 4/5 ---
Epoch 4 done. Avg Loss: 1.0951
--- Epoch 5/5 ---
Epoch 5 done. Avg Loss: 1.0925
[Server] Global Inference Model Acc (MNIST) (Round 30): 92.85% (Tested on 9095 samples)
[Server] Global Inference Model Acc (EMNIST) (Round 30): 83.97% (Tested on 105779 samples)
[Server] Global Inference Model Acc (CIFAR10) (Round 30): 32.36% (Tested on 9100 samples)
[Server] Global Inference Model Acc (Mix) (Round 30): 80.84% (Tested on 123974 samples)
Saving UDON Server Checkpoints ...
[Server] All clients saved in logs/2026-05-12_05-37-28/UDON/clients_last_round_checkpoints/
==============================    Finished. Total Time: 1:26:59    ==============================
