Time: 2026-04-18 11:29:19
Log Dir: /home/unshun/multi-FL/logs/Local_noniid_hom_gb40/new_client_2026-04-18_11-29-19/
================================================================================Loading checkpoints from logs/Local_noniid_hom_gb40/Local/
Method selected: FAST
Loaded CNN for CIFAR10 from client_model_CIFAR10_c22_CNN.pth
Loaded CNN for CIFAR10 from client_model_CIFAR10_c23_CNN.pth
Loaded CNN for CIFAR10 from client_model_CIFAR10_c29_CNN.pth
Loaded CNN for CIFAR10 from client_model_CIFAR10_c24_CNN.pth
Loaded CNN for CIFAR10 from client_model_CIFAR10_c28_CNN.pth
Loaded CNN for CIFAR10 from client_model_CIFAR10_c26_CNN.pth
Loaded CNN for CIFAR10 from client_model_CIFAR10_c25_CNN.pth
Loaded CNN for CIFAR10 from client_model_CIFAR10_c27_CNN.pth
Loaded CNN for CIFAR10 from client_model_CIFAR10_c31_CNN.pth
Loaded CNN for CIFAR10 from client_model_CIFAR10_c30_CNN.pth
WARNING: No models loaded for dataset: FashionMNIST.
WARNING: No models loaded for dataset: CIFAR100.

========================================
>>> [METHOD: SYNTHETIC] Starting Synthetic Label Mapping...
========================================
>>> Target Methods to Run: ['FAST']
>>> [Syn] Loaded client data distributions directly from server checkpoint.

########################################
>>> [Syn] Running Method: FAST
########################################

>>> Syn-FAST Training New Generators...
[Testing] Training Per-Dataset Generators Offline (New Gen Method) using FAST...
--- FAST Generator Configuration ---
    epochs: 120
    warmup: 20
    g_steps: 2
    lr_g: 0.005
    lr_z: 0.015
    ce: 0.5
    bn: 10.0
    adv: 1.33
    student_lr: 0.2
------------------------------------
    -> [Epoch 0] Student Test Accuracy for CIFAR10: 10.00%
    -> [Epoch 1] Student Test Accuracy for CIFAR10: 10.00%
    -> [Epoch 2] Student Test Accuracy for CIFAR10: 10.00%
    -> [Epoch 3] Student Test Accuracy for CIFAR10: 8.80%
    -> [Epoch 4] Student Test Accuracy for CIFAR10: 7.93%
    -> [Epoch 5] Student Test Accuracy for CIFAR10: 8.51%
    -> [Epoch 6] Student Test Accuracy for CIFAR10: 8.88%
    -> [Epoch 7] Student Test Accuracy for CIFAR10: 9.38%
    -> [Epoch 8] Student Test Accuracy for CIFAR10: 9.24%
    -> [Epoch 9] Student Test Accuracy for CIFAR10: 10.21%
    -> [Epoch 10] Student Test Accuracy for CIFAR10: 10.20%
    -> [Epoch 11] Student Test Accuracy for CIFAR10: 10.55%
    -> [Epoch 12] Student Test Accuracy for CIFAR10: 9.66%
    -> [Epoch 13] Student Test Accuracy for CIFAR10: 9.48%
    -> [Epoch 14] Student Test Accuracy for CIFAR10: 10.00%
    -> [Epoch 15] Student Test Accuracy for CIFAR10: 10.00%
    -> [Epoch 16] Student Test Accuracy for CIFAR10: 10.00%
    -> [Epoch 17] Student Test Accuracy for CIFAR10: 10.00%
    -> [Epoch 18] Student Test Accuracy for CIFAR10: 10.00%
    -> [Epoch 19] Student Test Accuracy for CIFAR10: 10.00%
    -> [Epoch 20] Student Test Accuracy for CIFAR10: 10.00%
    -> [Epoch 21] Student Test Accuracy for CIFAR10: 10.00%
    -> [Epoch 22] Student Test Accuracy for CIFAR10: 10.00%
    -> [Epoch 23] Student Test Accuracy for CIFAR10: 9.23%
    -> [Epoch 24] Student Test Accuracy for CIFAR10: 10.21%
    -> [Epoch 25] Student Test Accuracy for CIFAR10: 10.40%
    -> [Epoch 26] Student Test Accuracy for CIFAR10: 10.32%
    -> [Epoch 27] Student Test Accuracy for CIFAR10: 10.69%
    -> [Epoch 28] Student Test Accuracy for CIFAR10: 11.66%
    -> [Epoch 29] Student Test Accuracy for CIFAR10: 11.45%
    -> [Epoch 30] Student Test Accuracy for CIFAR10: 12.30%
    -> [Epoch 31] Student Test Accuracy for CIFAR10: 13.79%
    -> [Epoch 32] Student Test Accuracy for CIFAR10: 12.13%
    -> [Epoch 33] Student Test Accuracy for CIFAR10: 12.31%
    -> [Epoch 34] Student Test Accuracy for CIFAR10: 11.61%
    -> [Epoch 35] Student Test Accuracy for CIFAR10: 12.24%
    -> [Epoch 36] Student Test Accuracy for CIFAR10: 11.85%
    -> [Epoch 37] Student Test Accuracy for CIFAR10: 11.85%
    -> [Epoch 38] Student Test Accuracy for CIFAR10: 11.70%
    -> [Epoch 39] Student Test Accuracy for CIFAR10: 11.86%
    -> [Epoch 40] Student Test Accuracy for CIFAR10: 11.48%
    -> [Epoch 41] Student Test Accuracy for CIFAR10: 10.98%
    -> [Epoch 42] Student Test Accuracy for CIFAR10: 9.33%
    -> [Epoch 43] Student Test Accuracy for CIFAR10: 9.49%
    -> [Epoch 44] Student Test Accuracy for CIFAR10: 9.39%
    -> [Epoch 45] Student Test Accuracy for CIFAR10: 9.07%
    -> [Epoch 46] Student Test Accuracy for CIFAR10: 9.07%
    -> [Epoch 47] Student Test Accuracy for CIFAR10: 8.93%
    -> [Epoch 48] Student Test Accuracy for CIFAR10: 9.04%
    -> [Epoch 49] Student Test Accuracy for CIFAR10: 9.31%
    -> [Epoch 50] Student Test Accuracy for CIFAR10: 10.28%
    -> [Epoch 51] Student Test Accuracy for CIFAR10: 10.90%
    -> [Epoch 52] Student Test Accuracy for CIFAR10: 10.86%
    -> [Epoch 53] Student Test Accuracy for CIFAR10: 10.28%
    -> [Epoch 54] Student Test Accuracy for CIFAR10: 10.04%
    -> [Epoch 55] Student Test Accuracy for CIFAR10: 10.27%
    -> [Epoch 56] Student Test Accuracy for CIFAR10: 10.48%
    -> [Epoch 57] Student Test Accuracy for CIFAR10: 10.52%
    -> [Epoch 58] Student Test Accuracy for CIFAR10: 10.76%
    -> [Epoch 59] Student Test Accuracy for CIFAR10: 10.72%
    -> [Epoch 60] Student Test Accuracy for CIFAR10: 10.60%
    -> [Epoch 61] Student Test Accuracy for CIFAR10: 10.93%
    -> [Epoch 62] Student Test Accuracy for CIFAR10: 10.71%
    -> [Epoch 63] Student Test Accuracy for CIFAR10: 10.64%
    -> [Epoch 64] Student Test Accuracy for CIFAR10: 10.85%
    -> [Epoch 65] Student Test Accuracy for CIFAR10: 11.15%
    -> [Epoch 66] Student Test Accuracy for CIFAR10: 11.25%
    -> [Epoch 67] Student Test Accuracy for CIFAR10: 11.42%
    -> [Epoch 68] Student Test Accuracy for CIFAR10: 11.76%
    -> [Epoch 69] Student Test Accuracy for CIFAR10: 11.53%
    -> [Epoch 70] Student Test Accuracy for CIFAR10: 11.30%
    -> [Epoch 71] Student Test Accuracy for CIFAR10: 11.02%
    -> [Epoch 72] Student Test Accuracy for CIFAR10: 10.98%
    -> [Epoch 73] Student Test Accuracy for CIFAR10: 11.34%
    -> [Epoch 74] Student Test Accuracy for CIFAR10: 11.76%
    -> [Epoch 75] Student Test Accuracy for CIFAR10: 11.73%
    -> [Epoch 76] Student Test Accuracy for CIFAR10: 12.10%
    -> [Epoch 77] Student Test Accuracy for CIFAR10: 13.14%
    -> [Epoch 78] Student Test Accuracy for CIFAR10: 12.55%
    -> [Epoch 79] Student Test Accuracy for CIFAR10: 12.13%
    -> [Epoch 80] Student Test Accuracy for CIFAR10: 10.93%
    -> [Epoch 81] Student Test Accuracy for CIFAR10: 10.92%
    -> [Epoch 82] Student Test Accuracy for CIFAR10: 11.04%
    -> [Epoch 83] Student Test Accuracy for CIFAR10: 11.10%
    -> [Epoch 84] Student Test Accuracy for CIFAR10: 11.08%
    -> [Epoch 85] Student Test Accuracy for CIFAR10: 11.17%
    -> [Epoch 86] Student Test Accuracy for CIFAR10: 11.74%
    -> [Epoch 87] Student Test Accuracy for CIFAR10: 11.71%
    -> [Epoch 88] Student Test Accuracy for CIFAR10: 12.28%
    -> [Epoch 89] Student Test Accuracy for CIFAR10: 12.12%
    -> [Epoch 90] Student Test Accuracy for CIFAR10: 11.27%
    -> [Epoch 91] Student Test Accuracy for CIFAR10: 11.00%
    -> [Epoch 92] Student Test Accuracy for CIFAR10: 11.22%
    -> [Epoch 93] Student Test Accuracy for CIFAR10: 12.23%
    -> [Epoch 94] Student Test Accuracy for CIFAR10: 13.98%
    -> [Epoch 95] Student Test Accuracy for CIFAR10: 14.08%
    -> [Epoch 96] Student Test Accuracy for CIFAR10: 14.10%
    -> [Epoch 97] Student Test Accuracy for CIFAR10: 14.16%
    -> [Epoch 98] Student Test Accuracy for CIFAR10: 14.73%
    -> [Epoch 99] Student Test Accuracy for CIFAR10: 14.68%
    -> [Epoch 100] Student Test Accuracy for CIFAR10: 13.94%
    -> [Epoch 101] Student Test Accuracy for CIFAR10: 13.18%
    -> [Epoch 102] Student Test Accuracy for CIFAR10: 12.77%
    -> [Epoch 103] Student Test Accuracy for CIFAR10: 12.43%
    -> [Epoch 104] Student Test Accuracy for CIFAR10: 12.25%
    -> [Epoch 105] Student Test Accuracy for CIFAR10: 11.60%
    -> [Epoch 106] Student Test Accuracy for CIFAR10: 11.64%
    -> [Epoch 107] Student Test Accuracy for CIFAR10: 11.69%
    -> [Epoch 108] Student Test Accuracy for CIFAR10: 12.47%
    -> [Epoch 109] Student Test Accuracy for CIFAR10: 12.47%
    -> [Epoch 110] Student Test Accuracy for CIFAR10: 13.00%
    -> [Epoch 111] Student Test Accuracy for CIFAR10: 13.81%
    -> [Epoch 112] Student Test Accuracy for CIFAR10: 14.21%
    -> [Epoch 113] Student Test Accuracy for CIFAR10: 13.83%
    -> [Epoch 114] Student Test Accuracy for CIFAR10: 14.19%
    -> [Epoch 115] Student Test Accuracy for CIFAR10: 14.02%
    -> [Epoch 116] Student Test Accuracy for CIFAR10: 13.61%
    -> [Epoch 117] Student Test Accuracy for CIFAR10: 13.48%
    -> [Epoch 118] Student Test Accuracy for CIFAR10: 12.35%
    -> [Epoch 119] Student Test Accuracy for CIFAR10: 11.84%
    Dataset [CIFAR10] Generator | Epochs: 120 | Final Loss: 65.5505
    -> Student Accuracy per Epoch saved to /home/unshun/multi-FL/logs/Local_noniid_hom_gb40/new_client_2026-04-18_11-29-19/FAST_CIFAR10_student_acc.csv
-> [New] Gen images saved to /home/unshun/multi-FL/logs/Local_noniid_hom_gb40/new_client_2026-04-18_11-29-19/FAST_CIFAR10__gen_img_new.png
