Time: 2026-05-13 10:53:35
Log Dir: /home/unshun/multi-FL/logs/2026-05-12_02-19-31/FedTED/new_client_2026-05-13_10-53-35/our_finetune_global_single_dataset
================================================================================
============================== New Client: our_finetune_global ==============================
  Target Model: logs/2026-05-12_02-19-31/FedTED/config_checkpoints.pth
  Dataset Mode: single
  Output Dir:   /home/unshun/multi-FL/logs/2026-05-12_02-19-31/FedTED/new_client_2026-05-13_10-53-35/our_finetune_global_single_dataset
================================================================================
[Init] Server Global Model parameters from: logs/2026-05-12_02-19-31/FedTED/server_global_model.pth

==================================================
Dataset: MNIST | Client ID: 10
==================================================

  [ResNet18] Training...
    Epoch 0 | Acc: 99.34%
    Epoch 1/30 | CE Loss: 0.2085 | Acc: 95.03%
    Epoch 2/30 | CE Loss: 0.1108 | Acc: 96.80%
    Epoch 3/30 | CE Loss: 0.0436 | Acc: 98.01%
    Epoch 4/30 | CE Loss: 0.0379 | Acc: 90.17%
    Epoch 5/30 | CE Loss: 0.0533 | Acc: 97.35%
    Epoch 6/30 | CE Loss: 0.0407 | Acc: 96.69%
    Epoch 7/30 | CE Loss: 0.0391 | Acc: 97.13%
    Epoch 8/30 | CE Loss: 0.0242 | Acc: 98.45%
    Epoch 9/30 | CE Loss: 0.0259 | Acc: 97.24%
    Epoch 10/30 | CE Loss: 0.0560 | Acc: 98.23%
    Epoch 11/30 | CE Loss: 0.0161 | Acc: 98.56%
    Epoch 12/30 | CE Loss: 0.0140 | Acc: 98.56%
    Epoch 13/30 | CE Loss: 0.0081 | Acc: 99.01%
    Epoch 14/30 | CE Loss: 0.0061 | Acc: 98.34%
    Epoch 15/30 | CE Loss: 0.0103 | Acc: 98.90%
    Epoch 16/30 | CE Loss: 0.0153 | Acc: 98.56%
    Epoch 17/30 | CE Loss: 0.0206 | Acc: 97.13%
    Epoch 18/30 | CE Loss: 0.0677 | Acc: 96.91%
    Epoch 19/30 | CE Loss: 0.0130 | Acc: 98.01%
    Epoch 20/30 | CE Loss: 0.0204 | Acc: 97.46%
    Epoch 21/30 | CE Loss: 0.0209 | Acc: 96.91%
    Epoch 22/30 | CE Loss: 0.0057 | Acc: 98.01%
    Epoch 23/30 | CE Loss: 0.0093 | Acc: 98.67%
    Epoch 24/30 | CE Loss: 0.0057 | Acc: 98.78%
    Epoch 25/30 | CE Loss: 0.0398 | Acc: 96.69%
    Epoch 26/30 | CE Loss: 0.0199 | Acc: 97.35%
    Epoch 27/30 | CE Loss: 0.0536 | Acc: 98.12%
    Epoch 28/30 | CE Loss: 0.0077 | Acc: 98.78%
    Epoch 29/30 | CE Loss: 0.0009 | Acc: 98.78%
    Epoch 30/30 | CE Loss: 0.0033 | Acc: 98.12%
Accuracy history saved to /home/unshun/multi-FL/logs/2026-05-12_02-19-31/FedTED/new_client_2026-05-13_10-53-35/our_finetune_global_single_dataset/MNIST_newclient_history.csv

==================================================
Dataset: FashionMNIST | Client ID: 21
==================================================

  [ResNet18] Training...
    Epoch 0 | Acc: 91.22%
    Epoch 1/30 | CE Loss: 0.5174 | Acc: 86.11%
    Epoch 2/30 | CE Loss: 0.3470 | Acc: 76.33%
    Epoch 3/30 | CE Loss: 0.3151 | Acc: 87.33%
    Epoch 4/30 | CE Loss: 0.2749 | Acc: 88.33%
    Epoch 5/30 | CE Loss: 0.1997 | Acc: 85.00%
    Epoch 6/30 | CE Loss: 0.2518 | Acc: 80.22%
    Epoch 7/30 | CE Loss: 0.2116 | Acc: 87.33%
    Epoch 8/30 | CE Loss: 0.1478 | Acc: 86.78%
    Epoch 9/30 | CE Loss: 0.1235 | Acc: 88.11%
    Epoch 10/30 | CE Loss: 0.0829 | Acc: 87.67%
    Epoch 11/30 | CE Loss: 0.0616 | Acc: 86.56%
    Epoch 12/30 | CE Loss: 0.1013 | Acc: 87.89%
    Epoch 13/30 | CE Loss: 0.0821 | Acc: 86.56%
    Epoch 14/30 | CE Loss: 0.0496 | Acc: 87.33%
    Epoch 15/30 | CE Loss: 0.0475 | Acc: 88.78%
    Epoch 16/30 | CE Loss: 0.0690 | Acc: 87.22%
    Epoch 17/30 | CE Loss: 0.0377 | Acc: 88.56%
    Epoch 18/30 | CE Loss: 0.0244 | Acc: 87.33%
    Epoch 19/30 | CE Loss: 0.0365 | Acc: 87.44%
    Epoch 20/30 | CE Loss: 0.0266 | Acc: 87.00%
    Epoch 21/30 | CE Loss: 0.0755 | Acc: 89.22%
    Epoch 22/30 | CE Loss: 0.0221 | Acc: 87.67%
    Epoch 23/30 | CE Loss: 0.0867 | Acc: 86.89%
    Epoch 24/30 | CE Loss: 0.0308 | Acc: 89.89%
    Epoch 25/30 | CE Loss: 0.0095 | Acc: 89.33%
    Epoch 26/30 | CE Loss: 0.0232 | Acc: 87.33%
    Epoch 27/30 | CE Loss: 0.0455 | Acc: 87.33%
    Epoch 28/30 | CE Loss: 0.0315 | Acc: 89.22%
    Epoch 29/30 | CE Loss: 0.0404 | Acc: 87.00%
    Epoch 30/30 | CE Loss: 0.0307 | Acc: 89.89%
Accuracy history saved to /home/unshun/multi-FL/logs/2026-05-12_02-19-31/FedTED/new_client_2026-05-13_10-53-35/our_finetune_global_single_dataset/FashionMNIST_newclient_history.csv

==================================================
Dataset: EMNIST | Client ID: 32
==================================================

  [ResNet18] Training...
    Epoch 0 | Acc: 83.24%
    Epoch 1/30 | CE Loss: 0.5433 | Acc: 83.64%
    Epoch 2/30 | CE Loss: 0.4387 | Acc: 85.15%
    Epoch 3/30 | CE Loss: 0.4019 | Acc: 84.23%
    Epoch 4/30 | CE Loss: 0.3805 | Acc: 85.27%
    Epoch 5/30 | CE Loss: 0.3617 | Acc: 85.22%
    Epoch 6/30 | CE Loss: 0.3442 | Acc: 85.72%
    Epoch 7/30 | CE Loss: 0.3294 | Acc: 85.00%
    Epoch 8/30 | CE Loss: 0.3124 | Acc: 85.24%
    Epoch 9/30 | CE Loss: 0.2957 | Acc: 84.65%
    Epoch 10/30 | CE Loss: 0.2800 | Acc: 85.30%
    Epoch 11/30 | CE Loss: 0.2671 | Acc: 84.46%
    Epoch 12/30 | CE Loss: 0.2498 | Acc: 85.35%
    Epoch 13/30 | CE Loss: 0.2293 | Acc: 84.67%
    Epoch 14/30 | CE Loss: 0.2146 | Acc: 85.02%
    Epoch 15/30 | CE Loss: 0.1888 | Acc: 84.37%
    Epoch 16/30 | CE Loss: 0.1679 | Acc: 83.88%
    Epoch 17/30 | CE Loss: 0.1446 | Acc: 83.68%
    Epoch 18/30 | CE Loss: 0.1232 | Acc: 84.06%
    Epoch 19/30 | CE Loss: 0.1067 | Acc: 83.92%
    Epoch 20/30 | CE Loss: 0.0950 | Acc: 83.78%
    Epoch 21/30 | CE Loss: 0.0784 | Acc: 83.73%
    Epoch 22/30 | CE Loss: 0.0731 | Acc: 83.00%
    Epoch 23/30 | CE Loss: 0.0662 | Acc: 83.40%
    Epoch 24/30 | CE Loss: 0.0506 | Acc: 83.54%
    Epoch 25/30 | CE Loss: 0.0488 | Acc: 83.50%
    Epoch 26/30 | CE Loss: 0.0426 | Acc: 82.67%
    Epoch 27/30 | CE Loss: 0.0424 | Acc: 83.80%
    Epoch 28/30 | CE Loss: 0.0339 | Acc: 83.44%
    Epoch 29/30 | CE Loss: 0.0316 | Acc: 83.44%
    Epoch 30/30 | CE Loss: 0.0312 | Acc: 83.48%
Accuracy history saved to /home/unshun/multi-FL/logs/2026-05-12_02-19-31/FedTED/new_client_2026-05-13_10-53-35/our_finetune_global_single_dataset/EMNIST_newclient_history.csv

============================== Finished. Total Time: 0:14:12 ==============================
