Time: 2026-06-15 14:17:31
Log Dir: logs/2026-06-15_14-17-31/BaseFL_public
================================================================================

==============================        Args        ==============================
  exp_timestamp: None
  exp_conf: ./configs/het-iid-exp.yaml
  device: cuda:0
  seed: 15698
  algorithm: BaseFL_public
  num_new_clients: 1
  num_train_mnist: 10
  num_train_emnist: 10
  num_train_fashionmnist: 0
  num_train_cifar10: 10
  num_train_cifar100: 0
  num_train_usps: 0
  label_mapping: image-bi
================================================================================
==============================    Exp Configs     ==============================
exp_name: model-heterogeneity
heterogeneous: true
dirichlet_alpha: 100
global_rounds: 30
local_epochs: 1
local_loss_fn: CrossEntropyLoss
local_optim: Adam
local_lr: 0.001
batch_size: 64
sample_frac: 1.0
test_interval: 1
metric_type: accuracy
global_feature_dim: 256
optim: Adam
optim_lr: 0.001
global_gen_epochs: 10
gen_noise_dim: 128
gen_optim: Adam
gen_optim_lr: 0.001
global_feat_gen_epochs: 10
feat_gen_noise_dim: 128
feat_gen_optim: Adam
feat_gen_optim_lr: 0.001
feat_gen_div_beta: 1.0
public_data_ratio: 0.05
start_mapping_epoch: 1
gen_observer_weight: 0.0
index_matching: identical
aggregate_method: dataset_name
use_new_entropy_method: true
entropy_ratio: 0.7
cs_threshold: 0.9
global_model_epochs: 5
global_model_optim: Adam
global_model_optim_lr: 0.0001
global_samples_per_class: 64

================================================================================

==================================================
Start 30 rounds training by BaseFL_public
Selected client ids: [0, 1, 2, 3, 4, 5, 6, 7, 8, 9, 10, 11, 12, 13, 14, 15, 16, 17, 18, 19, 20, 21, 22, 23, 24, 25, 26, 27, 28, 29]
--- Round 1 ---
[Server] Aggregating by Dataset Name ...
[Server] Performing Identical Label Mapping (All Same by Local ID)...

==================================================
Label Mapping Summary:
Global ID = 0  | from: CIFAR10: 'airplane', EMNIST: '0', MNIST: '0'
Global ID = 1  | from: CIFAR10: 'automobile', EMNIST: '1', MNIST: '1'
Global ID = 2  | from: CIFAR10: 'bird', EMNIST: '2', MNIST: '2'
Global ID = 3  | from: CIFAR10: 'cat', EMNIST: '3', MNIST: '3'
Global ID = 4  | from: CIFAR10: 'deer', EMNIST: '4', MNIST: '4'
Global ID = 5  | from: CIFAR10: 'dog', EMNIST: '5', MNIST: '5'
Global ID = 6  | from: CIFAR10: 'frog', EMNIST: '6', MNIST: '6'
Global ID = 7  | from: CIFAR10: 'horse', EMNIST: '7', MNIST: '7'
Global ID = 8  | from: CIFAR10: 'ship', EMNIST: '8', MNIST: '8'
Global ID = 9  | from: CIFAR10: 'truck', EMNIST: '9', MNIST: '9'
Global ID = 10 | from: EMNIST: 'A'
Global ID = 11 | from: EMNIST: 'B'
Global ID = 12 | from: EMNIST: 'C'
Global ID = 13 | from: EMNIST: 'D'
Global ID = 14 | from: EMNIST: 'E'
Global ID = 15 | from: EMNIST: 'F'
Global ID = 16 | from: EMNIST: 'G'
Global ID = 17 | from: EMNIST: 'H'
Global ID = 18 | from: EMNIST: 'I'
Global ID = 19 | from: EMNIST: 'J'
Global ID = 20 | from: EMNIST: 'K'
Global ID = 21 | from: EMNIST: 'L'
Global ID = 22 | from: EMNIST: 'M'
Global ID = 23 | from: EMNIST: 'N'
Global ID = 24 | from: EMNIST: 'O'
Global ID = 25 | from: EMNIST: 'P'
Global ID = 26 | from: EMNIST: 'Q'
Global ID = 27 | from: EMNIST: 'R'
Global ID = 28 | from: EMNIST: 'S'
Global ID = 29 | from: EMNIST: 'T'
Global ID = 30 | from: EMNIST: 'U'
Global ID = 31 | from: EMNIST: 'V'
Global ID = 32 | from: EMNIST: 'W'
Global ID = 33 | from: EMNIST: 'X'
Global ID = 34 | from: EMNIST: 'Y'
Global ID = 35 | from: EMNIST: 'Z'
Global ID = 36 | from: EMNIST: 'a'
Global ID = 37 | from: EMNIST: 'b'
Global ID = 38 | from: EMNIST: 'c'
Global ID = 39 | from: EMNIST: 'd'
Global ID = 40 | from: EMNIST: 'e'
Global ID = 41 | from: EMNIST: 'f'
Global ID = 42 | from: EMNIST: 'g'
Global ID = 43 | from: EMNIST: 'h'
Global ID = 44 | from: EMNIST: 'i'
Global ID = 45 | from: EMNIST: 'j'
Global ID = 46 | from: EMNIST: 'k'
Global ID = 47 | from: EMNIST: 'l'
Global ID = 48 | from: EMNIST: 'm'
Global ID = 49 | from: EMNIST: 'n'
Global ID = 50 | from: EMNIST: 'o'
Global ID = 51 | from: EMNIST: 'p'
Global ID = 52 | from: EMNIST: 'q'
Global ID = 53 | from: EMNIST: 'r'
Global ID = 54 | from: EMNIST: 's'
Global ID = 55 | from: EMNIST: 't'
Global ID = 56 | from: EMNIST: 'u'
Global ID = 57 | from: EMNIST: 'v'
Global ID = 58 | from: EMNIST: 'w'
Global ID = 59 | from: EMNIST: 'x'
Global ID = 60 | from: EMNIST: 'y'
Global ID = 61 | from: EMNIST: 'z'
==================================================

Initializing Global Inference Model with 62 classes...
[Server] Global Inference Model Acc (MNIST) (Round 1): 96.50% (Tested on 9095 samples)
[Server] Global Inference Model Acc (EMNIST) (Round 1): 73.54% (Tested on 105779 samples)
[Server] Global Inference Model Acc (CIFAR10) (Round 1): 29.65% (Tested on 9100 samples)
[Server] Global Inference Model Acc (Mix) (Round 1): 72.00% (Tested on 123974 samples)
Selected client ids: [0, 1, 2, 3, 4, 5, 6, 7, 8, 9, 10, 11, 12, 13, 14, 15, 16, 17, 18, 19, 20, 21, 22, 23, 24, 25, 26, 27, 28, 29]
--- Round 2 ---
[Server] Aggregating by Dataset Name ...
[Server] Global Inference Model Acc (MNIST) (Round 2): 94.93% (Tested on 9095 samples)
[Server] Global Inference Model Acc (EMNIST) (Round 2): 71.87% (Tested on 105779 samples)
[Server] Global Inference Model Acc (CIFAR10) (Round 2): 39.30% (Tested on 9100 samples)
[Server] Global Inference Model Acc (Mix) (Round 2): 71.17% (Tested on 123974 samples)
Selected client ids: [0, 1, 2, 3, 4, 5, 6, 7, 8, 9, 10, 11, 12, 13, 14, 15, 16, 17, 18, 19, 20, 21, 22, 23, 24, 25, 26, 27, 28, 29]
--- Round 3 ---
[Server] Aggregating by Dataset Name ...
[Server] Global Inference Model Acc (MNIST) (Round 3): 97.34% (Tested on 9095 samples)
[Server] Global Inference Model Acc (EMNIST) (Round 3): 74.41% (Tested on 105779 samples)
[Server] Global Inference Model Acc (CIFAR10) (Round 3): 44.98% (Tested on 9100 samples)
[Server] Global Inference Model Acc (Mix) (Round 3): 73.93% (Tested on 123974 samples)
Selected client ids: [0, 1, 2, 3, 4, 5, 6, 7, 8, 9, 10, 11, 12, 13, 14, 15, 16, 17, 18, 19, 20, 21, 22, 23, 24, 25, 26, 27, 28, 29]
--- Round 4 ---
[Server] Aggregating by Dataset Name ...
[Server] Global Inference Model Acc (MNIST) (Round 4): 97.79% (Tested on 9095 samples)
[Server] Global Inference Model Acc (EMNIST) (Round 4): 74.94% (Tested on 105779 samples)
[Server] Global Inference Model Acc (CIFAR10) (Round 4): 47.23% (Tested on 9100 samples)
[Server] Global Inference Model Acc (Mix) (Round 4): 74.58% (Tested on 123974 samples)
Selected client ids: [0, 1, 2, 3, 4, 5, 6, 7, 8, 9, 10, 11, 12, 13, 14, 15, 16, 17, 18, 19, 20, 21, 22, 23, 24, 25, 26, 27, 28, 29]
--- Round 5 ---
[Server] Aggregating by Dataset Name ...
[Server] Global Inference Model Acc (MNIST) (Round 5): 96.98% (Tested on 9095 samples)
[Server] Global Inference Model Acc (EMNIST) (Round 5): 76.16% (Tested on 105779 samples)
[Server] Global Inference Model Acc (CIFAR10) (Round 5): 51.14% (Tested on 9100 samples)
[Server] Global Inference Model Acc (Mix) (Round 5): 75.85% (Tested on 123974 samples)
Selected client ids: [0, 1, 2, 3, 4, 5, 6, 7, 8, 9, 10, 11, 12, 13, 14, 15, 16, 17, 18, 19, 20, 21, 22, 23, 24, 25, 26, 27, 28, 29]
--- Round 6 ---
[Server] Aggregating by Dataset Name ...
[Server] Global Inference Model Acc (MNIST) (Round 6): 98.53% (Tested on 9095 samples)
[Server] Global Inference Model Acc (EMNIST) (Round 6): 79.28% (Tested on 105779 samples)
[Server] Global Inference Model Acc (CIFAR10) (Round 6): 53.11% (Tested on 9100 samples)
[Server] Global Inference Model Acc (Mix) (Round 6): 78.77% (Tested on 123974 samples)
Selected client ids: [0, 1, 2, 3, 4, 5, 6, 7, 8, 9, 10, 11, 12, 13, 14, 15, 16, 17, 18, 19, 20, 21, 22, 23, 24, 25, 26, 27, 28, 29]
--- Round 7 ---
[Server] Aggregating by Dataset Name ...
[Server] Global Inference Model Acc (MNIST) (Round 7): 96.91% (Tested on 9095 samples)
[Server] Global Inference Model Acc (EMNIST) (Round 7): 79.80% (Tested on 105779 samples)
[Server] Global Inference Model Acc (CIFAR10) (Round 7): 53.90% (Tested on 9100 samples)
[Server] Global Inference Model Acc (Mix) (Round 7): 79.16% (Tested on 123974 samples)
Selected client ids: [0, 1, 2, 3, 4, 5, 6, 7, 8, 9, 10, 11, 12, 13, 14, 15, 16, 17, 18, 19, 20, 21, 22, 23, 24, 25, 26, 27, 28, 29]
--- Round 8 ---
[Server] Aggregating by Dataset Name ...
[Server] Global Inference Model Acc (MNIST) (Round 8): 98.79% (Tested on 9095 samples)
[Server] Global Inference Model Acc (EMNIST) (Round 8): 79.60% (Tested on 105779 samples)
[Server] Global Inference Model Acc (CIFAR10) (Round 8): 56.33% (Tested on 9100 samples)
[Server] Global Inference Model Acc (Mix) (Round 8): 79.30% (Tested on 123974 samples)
Selected client ids: [0, 1, 2, 3, 4, 5, 6, 7, 8, 9, 10, 11, 12, 13, 14, 15, 16, 17, 18, 19, 20, 21, 22, 23, 24, 25, 26, 27, 28, 29]
--- Round 9 ---
[Server] Aggregating by Dataset Name ...
[Server] Global Inference Model Acc (MNIST) (Round 9): 98.41% (Tested on 9095 samples)
[Server] Global Inference Model Acc (EMNIST) (Round 9): 75.71% (Tested on 105779 samples)
[Server] Global Inference Model Acc (CIFAR10) (Round 9): 59.70% (Tested on 9100 samples)
[Server] Global Inference Model Acc (Mix) (Round 9): 76.20% (Tested on 123974 samples)
Selected client ids: [0, 1, 2, 3, 4, 5, 6, 7, 8, 9, 10, 11, 12, 13, 14, 15, 16, 17, 18, 19, 20, 21, 22, 23, 24, 25, 26, 27, 28, 29]
--- Round 10 ---
[Server] Aggregating by Dataset Name ...
[Server] Global Inference Model Acc (MNIST) (Round 10): 98.08% (Tested on 9095 samples)
[Server] Global Inference Model Acc (EMNIST) (Round 10): 78.75% (Tested on 105779 samples)
[Server] Global Inference Model Acc (CIFAR10) (Round 10): 56.01% (Tested on 9100 samples)
[Server] Global Inference Model Acc (Mix) (Round 10): 78.49% (Tested on 123974 samples)
Selected client ids: [0, 1, 2, 3, 4, 5, 6, 7, 8, 9, 10, 11, 12, 13, 14, 15, 16, 17, 18, 19, 20, 21, 22, 23, 24, 25, 26, 27, 28, 29]
--- Round 11 ---
[Server] Aggregating by Dataset Name ...
[Server] Global Inference Model Acc (MNIST) (Round 11): 98.64% (Tested on 9095 samples)
[Server] Global Inference Model Acc (EMNIST) (Round 11): 79.12% (Tested on 105779 samples)
[Server] Global Inference Model Acc (CIFAR10) (Round 11): 63.56% (Tested on 9100 samples)
[Server] Global Inference Model Acc (Mix) (Round 11): 79.41% (Tested on 123974 samples)
Selected client ids: [0, 1, 2, 3, 4, 5, 6, 7, 8, 9, 10, 11, 12, 13, 14, 15, 16, 17, 18, 19, 20, 21, 22, 23, 24, 25, 26, 27, 28, 29]
--- Round 12 ---
[Server] Aggregating by Dataset Name ...
[Server] Global Inference Model Acc (MNIST) (Round 12): 99.09% (Tested on 9095 samples)
[Server] Global Inference Model Acc (EMNIST) (Round 12): 81.58% (Tested on 105779 samples)
[Server] Global Inference Model Acc (CIFAR10) (Round 12): 64.66% (Tested on 9100 samples)
[Server] Global Inference Model Acc (Mix) (Round 12): 81.62% (Tested on 123974 samples)
Selected client ids: [0, 1, 2, 3, 4, 5, 6, 7, 8, 9, 10, 11, 12, 13, 14, 15, 16, 17, 18, 19, 20, 21, 22, 23, 24, 25, 26, 27, 28, 29]
--- Round 13 ---
[Server] Aggregating by Dataset Name ...
[Server] Global Inference Model Acc (MNIST) (Round 13): 98.65% (Tested on 9095 samples)
[Server] Global Inference Model Acc (EMNIST) (Round 13): 78.99% (Tested on 105779 samples)
[Server] Global Inference Model Acc (CIFAR10) (Round 13): 59.75% (Tested on 9100 samples)
[Server] Global Inference Model Acc (Mix) (Round 13): 79.02% (Tested on 123974 samples)
Selected client ids: [0, 1, 2, 3, 4, 5, 6, 7, 8, 9, 10, 11, 12, 13, 14, 15, 16, 17, 18, 19, 20, 21, 22, 23, 24, 25, 26, 27, 28, 29]
--- Round 14 ---
[Server] Aggregating by Dataset Name ...
[Server] Global Inference Model Acc (MNIST) (Round 14): 98.66% (Tested on 9095 samples)
[Server] Global Inference Model Acc (EMNIST) (Round 14): 77.74% (Tested on 105779 samples)
[Server] Global Inference Model Acc (CIFAR10) (Round 14): 62.99% (Tested on 9100 samples)
[Server] Global Inference Model Acc (Mix) (Round 14): 78.19% (Tested on 123974 samples)
Selected client ids: [0, 1, 2, 3, 4, 5, 6, 7, 8, 9, 10, 11, 12, 13, 14, 15, 16, 17, 18, 19, 20, 21, 22, 23, 24, 25, 26, 27, 28, 29]
--- Round 15 ---
[Server] Aggregating by Dataset Name ...
[Server] Global Inference Model Acc (MNIST) (Round 15): 97.26% (Tested on 9095 samples)
[Server] Global Inference Model Acc (EMNIST) (Round 15): 79.81% (Tested on 105779 samples)
[Server] Global Inference Model Acc (CIFAR10) (Round 15): 61.26% (Tested on 9100 samples)
[Server] Global Inference Model Acc (Mix) (Round 15): 79.73% (Tested on 123974 samples)
Selected client ids: [0, 1, 2, 3, 4, 5, 6, 7, 8, 9, 10, 11, 12, 13, 14, 15, 16, 17, 18, 19, 20, 21, 22, 23, 24, 25, 26, 27, 28, 29]
--- Round 16 ---
[Server] Aggregating by Dataset Name ...
[Server] Global Inference Model Acc (MNIST) (Round 16): 98.94% (Tested on 9095 samples)
[Server] Global Inference Model Acc (EMNIST) (Round 16): 80.38% (Tested on 105779 samples)
[Server] Global Inference Model Acc (CIFAR10) (Round 16): 65.62% (Tested on 9100 samples)
[Server] Global Inference Model Acc (Mix) (Round 16): 80.65% (Tested on 123974 samples)
Selected client ids: [0, 1, 2, 3, 4, 5, 6, 7, 8, 9, 10, 11, 12, 13, 14, 15, 16, 17, 18, 19, 20, 21, 22, 23, 24, 25, 26, 27, 28, 29]
--- Round 17 ---
[Server] Aggregating by Dataset Name ...
[Server] Global Inference Model Acc (MNIST) (Round 17): 98.43% (Tested on 9095 samples)
[Server] Global Inference Model Acc (EMNIST) (Round 17): 80.91% (Tested on 105779 samples)
[Server] Global Inference Model Acc (CIFAR10) (Round 17): 66.12% (Tested on 9100 samples)
[Server] Global Inference Model Acc (Mix) (Round 17): 81.11% (Tested on 123974 samples)
Selected client ids: [0, 1, 2, 3, 4, 5, 6, 7, 8, 9, 10, 11, 12, 13, 14, 15, 16, 17, 18, 19, 20, 21, 22, 23, 24, 25, 26, 27, 28, 29]
--- Round 18 ---
[Server] Aggregating by Dataset Name ...
[Server] Global Inference Model Acc (MNIST) (Round 18): 98.74% (Tested on 9095 samples)
[Server] Global Inference Model Acc (EMNIST) (Round 18): 78.48% (Tested on 105779 samples)
[Server] Global Inference Model Acc (CIFAR10) (Round 18): 69.55% (Tested on 9100 samples)
[Server] Global Inference Model Acc (Mix) (Round 18): 79.31% (Tested on 123974 samples)
Selected client ids: [0, 1, 2, 3, 4, 5, 6, 7, 8, 9, 10, 11, 12, 13, 14, 15, 16, 17, 18, 19, 20, 21, 22, 23, 24, 25, 26, 27, 28, 29]
--- Round 19 ---
[Server] Aggregating by Dataset Name ...
[Server] Global Inference Model Acc (MNIST) (Round 19): 98.83% (Tested on 9095 samples)
[Server] Global Inference Model Acc (EMNIST) (Round 19): 80.24% (Tested on 105779 samples)
[Server] Global Inference Model Acc (CIFAR10) (Round 19): 70.91% (Tested on 9100 samples)
[Server] Global Inference Model Acc (Mix) (Round 19): 80.92% (Tested on 123974 samples)
Selected client ids: [0, 1, 2, 3, 4, 5, 6, 7, 8, 9, 10, 11, 12, 13, 14, 15, 16, 17, 18, 19, 20, 21, 22, 23, 24, 25, 26, 27, 28, 29]
--- Round 20 ---
[Server] Aggregating by Dataset Name ...
[Server] Global Inference Model Acc (MNIST) (Round 20): 98.89% (Tested on 9095 samples)
[Server] Global Inference Model Acc (EMNIST) (Round 20): 80.96% (Tested on 105779 samples)
[Server] Global Inference Model Acc (CIFAR10) (Round 20): 69.02% (Tested on 9100 samples)
[Server] Global Inference Model Acc (Mix) (Round 20): 81.40% (Tested on 123974 samples)
Selected client ids: [0, 1, 2, 3, 4, 5, 6, 7, 8, 9, 10, 11, 12, 13, 14, 15, 16, 17, 18, 19, 20, 21, 22, 23, 24, 25, 26, 27, 28, 29]
--- Round 21 ---
[Server] Aggregating by Dataset Name ...
[Server] Global Inference Model Acc (MNIST) (Round 21): 98.82% (Tested on 9095 samples)
[Server] Global Inference Model Acc (EMNIST) (Round 21): 78.81% (Tested on 105779 samples)
[Server] Global Inference Model Acc (CIFAR10) (Round 21): 71.36% (Tested on 9100 samples)
[Server] Global Inference Model Acc (Mix) (Round 21): 79.73% (Tested on 123974 samples)
Selected client ids: [0, 1, 2, 3, 4, 5, 6, 7, 8, 9, 10, 11, 12, 13, 14, 15, 16, 17, 18, 19, 20, 21, 22, 23, 24, 25, 26, 27, 28, 29]
--- Round 22 ---
[Server] Aggregating by Dataset Name ...
[Server] Global Inference Model Acc (MNIST) (Round 22): 99.00% (Tested on 9095 samples)
[Server] Global Inference Model Acc (EMNIST) (Round 22): 78.52% (Tested on 105779 samples)
[Server] Global Inference Model Acc (CIFAR10) (Round 22): 68.88% (Tested on 9100 samples)
[Server] Global Inference Model Acc (Mix) (Round 22): 79.32% (Tested on 123974 samples)
Selected client ids: [0, 1, 2, 3, 4, 5, 6, 7, 8, 9, 10, 11, 12, 13, 14, 15, 16, 17, 18, 19, 20, 21, 22, 23, 24, 25, 26, 27, 28, 29]
--- Round 23 ---
[Server] Aggregating by Dataset Name ...
[Server] Global Inference Model Acc (MNIST) (Round 23): 98.82% (Tested on 9095 samples)
[Server] Global Inference Model Acc (EMNIST) (Round 23): 80.38% (Tested on 105779 samples)
[Server] Global Inference Model Acc (CIFAR10) (Round 23): 70.53% (Tested on 9100 samples)
[Server] Global Inference Model Acc (Mix) (Round 23): 81.01% (Tested on 123974 samples)
Selected client ids: [0, 1, 2, 3, 4, 5, 6, 7, 8, 9, 10, 11, 12, 13, 14, 15, 16, 17, 18, 19, 20, 21, 22, 23, 24, 25, 26, 27, 28, 29]
--- Round 24 ---
[Server] Aggregating by Dataset Name ...
[Server] Global Inference Model Acc (MNIST) (Round 24): 98.93% (Tested on 9095 samples)
[Server] Global Inference Model Acc (EMNIST) (Round 24): 80.92% (Tested on 105779 samples)
[Server] Global Inference Model Acc (CIFAR10) (Round 24): 71.70% (Tested on 9100 samples)
[Server] Global Inference Model Acc (Mix) (Round 24): 81.57% (Tested on 123974 samples)
Selected client ids: [0, 1, 2, 3, 4, 5, 6, 7, 8, 9, 10, 11, 12, 13, 14, 15, 16, 17, 18, 19, 20, 21, 22, 23, 24, 25, 26, 27, 28, 29]
--- Round 25 ---
[Server] Aggregating by Dataset Name ...
[Server] Global Inference Model Acc (MNIST) (Round 25): 98.45% (Tested on 9095 samples)
[Server] Global Inference Model Acc (EMNIST) (Round 25): 81.77% (Tested on 105779 samples)
[Server] Global Inference Model Acc (CIFAR10) (Round 25): 70.08% (Tested on 9100 samples)
[Server] Global Inference Model Acc (Mix) (Round 25): 82.13% (Tested on 123974 samples)
Selected client ids: [0, 1, 2, 3, 4, 5, 6, 7, 8, 9, 10, 11, 12, 13, 14, 15, 16, 17, 18, 19, 20, 21, 22, 23, 24, 25, 26, 27, 28, 29]
--- Round 26 ---
[Server] Aggregating by Dataset Name ...
[Server] Global Inference Model Acc (MNIST) (Round 26): 99.09% (Tested on 9095 samples)
[Server] Global Inference Model Acc (EMNIST) (Round 26): 81.38% (Tested on 105779 samples)
[Server] Global Inference Model Acc (CIFAR10) (Round 26): 72.45% (Tested on 9100 samples)
[Server] Global Inference Model Acc (Mix) (Round 26): 82.02% (Tested on 123974 samples)
Selected client ids: [0, 1, 2, 3, 4, 5, 6, 7, 8, 9, 10, 11, 12, 13, 14, 15, 16, 17, 18, 19, 20, 21, 22, 23, 24, 25, 26, 27, 28, 29]
--- Round 27 ---
[Server] Aggregating by Dataset Name ...
[Server] Global Inference Model Acc (MNIST) (Round 27): 99.18% (Tested on 9095 samples)
[Server] Global Inference Model Acc (EMNIST) (Round 27): 82.20% (Tested on 105779 samples)
[Server] Global Inference Model Acc (CIFAR10) (Round 27): 73.30% (Tested on 9100 samples)
[Server] Global Inference Model Acc (Mix) (Round 27): 82.79% (Tested on 123974 samples)
Selected client ids: [0, 1, 2, 3, 4, 5, 6, 7, 8, 9, 10, 11, 12, 13, 14, 15, 16, 17, 18, 19, 20, 21, 22, 23, 24, 25, 26, 27, 28, 29]
--- Round 28 ---
[Server] Aggregating by Dataset Name ...
[Server] Global Inference Model Acc (MNIST) (Round 28): 99.16% (Tested on 9095 samples)
[Server] Global Inference Model Acc (EMNIST) (Round 28): 81.14% (Tested on 105779 samples)
[Server] Global Inference Model Acc (CIFAR10) (Round 28): 71.14% (Tested on 9100 samples)
[Server] Global Inference Model Acc (Mix) (Round 28): 81.73% (Tested on 123974 samples)
Selected client ids: [0, 1, 2, 3, 4, 5, 6, 7, 8, 9, 10, 11, 12, 13, 14, 15, 16, 17, 18, 19, 20, 21, 22, 23, 24, 25, 26, 27, 28, 29]
--- Round 29 ---
[Server] Aggregating by Dataset Name ...
[Server] Global Inference Model Acc (MNIST) (Round 29): 99.02% (Tested on 9095 samples)
[Server] Global Inference Model Acc (EMNIST) (Round 29): 81.03% (Tested on 105779 samples)
[Server] Global Inference Model Acc (CIFAR10) (Round 29): 74.62% (Tested on 9100 samples)
[Server] Global Inference Model Acc (Mix) (Round 29): 81.88% (Tested on 123974 samples)
Selected client ids: [0, 1, 2, 3, 4, 5, 6, 7, 8, 9, 10, 11, 12, 13, 14, 15, 16, 17, 18, 19, 20, 21, 22, 23, 24, 25, 26, 27, 28, 29]
--- Round 30 ---
[Server] Aggregating by Dataset Name ...
[Server] Global Inference Model Acc (MNIST) (Round 30): 99.22% (Tested on 9095 samples)
[Server] Global Inference Model Acc (EMNIST) (Round 30): 78.48% (Tested on 105779 samples)
[Server] Global Inference Model Acc (CIFAR10) (Round 30): 74.92% (Tested on 9100 samples)
[Server] Global Inference Model Acc (Mix) (Round 30): 79.74% (Tested on 123974 samples)
Saving BaseFL Public Dataset Server Checkpoints ...
[Server] All clients saved in logs/2026-06-15_14-17-31/BaseFL_public/clients_last_round_checkpoints/
==============================    Finished. Total Time: 0:19:40    ==============================
