Time: 2026-04-29 10:17:12
Log Dir: logs/2026-04-29_10-17-12/GeFL_local
================================================================================

==============================        Args        ==============================
  exp_timestamp: None
  exp_conf: ./configs/homo-iid-exp.yaml
  device: cuda:1
  seed: 15698
  algorithm: GeFL_local
  num_new_clients: 1
  num_train_mnist: 2
  num_train_emnist: 2
  num_train_fashionmnist: 0
  num_train_cifar10: 0
  num_train_cifar100: 0
  num_train_usps: 0
================================================================================
==============================    Exp Configs     ==============================
exp_name: model-heterogeneity
heterogeneous: false
dirichlet_alpha: 100
global_rounds: 40
local_epochs: 1
local_loss_fn: CrossEntropyLoss
local_optim: Adam
local_lr: 0.001
batch_size: 64
sample_frac: 1.0
test_interval: 1
metric_type: accuracy
global_feature_dim: 256
optim: Adam
optim_lr: 0.001
global_gen_epochs: 10
gen_noise_dim: 128
gen_optim: Adam
gen_optim_lr: 0.001
global_feat_gen_epochs: 10
feat_gen_noise_dim: 128
feat_gen_optim: Adam
feat_gen_optim_lr: 0.001
feat_gen_div_beta: 1.0
public_data_ratio: 0.05
start_mapping_epoch: 1
gen_observer_weight: 1.0
index_matching: class_name
aggregate_method: dataset_name
use_new_entropy_method: true
entropy_ratio: 0.7
global_model_epochs: 15
global_model_optim: Adam
global_model_optim_lr: 0.001

================================================================================

==================================================
Start 40 rounds training by GeFL_local
Selected client ids: [0, 1, 2, 3]
--- Round 1 ---
Client 0 (MNIST) | Target Loss: 0.5894 | G Loss: 1.9016 | D Loss: 0.3918
Client 1 (MNIST) | Target Loss: 0.6512 | G Loss: 1.8439 | D Loss: 0.4019
Client 3 (EMNIST) | Target Loss: 0.8240 | G Loss: 3.9143 | D Loss: 0.1690
Client 4 (EMNIST) | Target Loss: 0.8075 | G Loss: 3.5965 | D Loss: 0.1794
Round 1 | Client 0 | Model: (CNN) | Acc: 85.68%
Round 1 | Client 1 | Model: (CNN) | Acc: 90.69%
Round 1 | Client 3 | Model: (CNN) | Acc: 79.49%
Round 1 | Client 4 | Model: (CNN) | Acc: 80.35%
Selected client ids: [0, 1, 2, 3]
--- Round 2 ---
Client 0 (MNIST) | Target Loss: 0.1323 | G Loss: 2.5359 | D Loss: 0.2541
Client 1 (MNIST) | Target Loss: 0.1465 | G Loss: 2.0473 | D Loss: 0.3249
Client 3 (EMNIST) | Target Loss: 0.4982 | G Loss: 6.3906 | D Loss: 0.0433
Client 4 (EMNIST) | Target Loss: 0.4959 | G Loss: 5.6923 | D Loss: 0.0608
Round 2 | Client 0 | Model: (CNN) | Acc: 96.21%
Round 2 | Client 1 | Model: (CNN) | Acc: 90.53%
Round 2 | Client 3 | Model: (CNN) | Acc: 83.68%
Round 2 | Client 4 | Model: (CNN) | Acc: 83.61%
Selected client ids: [0, 1, 2, 3]
--- Round 3 ---
Client 0 (MNIST) | Target Loss: 0.0968 | G Loss: 3.5711 | D Loss: 0.1570
Client 1 (MNIST) | Target Loss: 0.0983 | G Loss: 3.3820 | D Loss: 0.1533
Client 3 (EMNIST) | Target Loss: 0.4500 | G Loss: 6.7952 | D Loss: 0.0371
Client 4 (EMNIST) | Target Loss: 0.4505 | G Loss: 6.2264 | D Loss: 0.0416
Round 3 | Client 0 | Model: (CNN) | Acc: 90.87%
Round 3 | Client 1 | Model: (CNN) | Acc: 89.73%
Round 3 | Client 3 | Model: (CNN) | Acc: 83.59%
Round 3 | Client 4 | Model: (CNN) | Acc: 82.38%
Selected client ids: [0, 1, 2, 3]
--- Round 4 ---
Client 0 (MNIST) | Target Loss: 0.0792 | G Loss: 4.2327 | D Loss: 0.1192
Client 1 (MNIST) | Target Loss: 0.0803 | G Loss: 3.9184 | D Loss: 0.1490
Client 3 (EMNIST) | Target Loss: 0.4232 | G Loss: 7.0808 | D Loss: 0.0239
Client 4 (EMNIST) | Target Loss: 0.4251 | G Loss: 6.7718 | D Loss: 0.0333
Round 4 | Client 0 | Model: (CNN) | Acc: 97.46%
Round 4 | Client 1 | Model: (CNN) | Acc: 96.98%
Round 4 | Client 3 | Model: (CNN) | Acc: 85.21%
Round 4 | Client 4 | Model: (CNN) | Acc: 84.51%
Selected client ids: [0, 1, 2, 3]
--- Round 5 ---
Client 0 (MNIST) | Target Loss: 0.0654 | G Loss: 4.8091 | D Loss: 0.0716
Client 1 (MNIST) | Target Loss: 0.0665 | G Loss: 4.6034 | D Loss: 0.0833
Client 3 (EMNIST) | Target Loss: 0.4074 | G Loss: 7.1122 | D Loss: 0.0265
Client 4 (EMNIST) | Target Loss: 0.4069 | G Loss: 6.7789 | D Loss: 0.0288
Round 5 | Client 0 | Model: (CNN) | Acc: 94.46%
Round 5 | Client 1 | Model: (CNN) | Acc: 92.63%
Round 5 | Client 3 | Model: (CNN) | Acc: 84.40%
Round 5 | Client 4 | Model: (CNN) | Acc: 85.26%
Selected client ids: [0, 1, 2, 3]
--- Round 6 ---
Client 0 (MNIST) | Target Loss: 0.0589 | G Loss: 4.4288 | D Loss: 0.1036
Client 1 (MNIST) | Target Loss: 0.0578 | G Loss: 5.3530 | D Loss: 0.0530
Client 3 (EMNIST) | Target Loss: 0.3938 | G Loss: 7.3496 | D Loss: 0.0197
Client 4 (EMNIST) | Target Loss: 0.3941 | G Loss: 6.9703 | D Loss: 0.0279
Round 6 | Client 0 | Model: (CNN) | Acc: 87.95%
Round 6 | Client 1 | Model: (CNN) | Acc: 94.97%
Round 6 | Client 3 | Model: (CNN) | Acc: 85.67%
Round 6 | Client 4 | Model: (CNN) | Acc: 85.32%
Selected client ids: [0, 1, 2, 3]
--- Round 7 ---
Client 0 (MNIST) | Target Loss: 0.0512 | G Loss: 5.5969 | D Loss: 0.0461
Client 1 (MNIST) | Target Loss: 0.0479 | G Loss: 4.5761 | D Loss: 0.1107
Client 3 (EMNIST) | Target Loss: 0.3836 | G Loss: 7.3461 | D Loss: 0.0216
Client 4 (EMNIST) | Target Loss: 0.3849 | G Loss: 7.5374 | D Loss: 0.0207
Round 7 | Client 0 | Model: (CNN) | Acc: 96.50%
Round 7 | Client 1 | Model: (CNN) | Acc: 94.67%
Round 7 | Client 3 | Model: (CNN) | Acc: 85.66%
Round 7 | Client 4 | Model: (CNN) | Acc: 85.31%
Selected client ids: [0, 1, 2, 3]
--- Round 8 ---
Client 0 (MNIST) | Target Loss: 0.0399 | G Loss: 5.3903 | D Loss: 0.0692
Client 1 (MNIST) | Target Loss: 0.0428 | G Loss: 5.1059 | D Loss: 0.0709
Client 3 (EMNIST) | Target Loss: 0.3743 | G Loss: 7.5430 | D Loss: 0.0168
Client 4 (EMNIST) | Target Loss: 0.3759 | G Loss: 7.4015 | D Loss: 0.0183
Round 8 | Client 0 | Model: (CNN) | Acc: 97.70%
Round 8 | Client 1 | Model: (CNN) | Acc: 93.56%
Round 8 | Client 3 | Model: (CNN) | Acc: 85.50%
Round 8 | Client 4 | Model: (CNN) | Acc: 85.81%
Selected client ids: [0, 1, 2, 3]
--- Round 9 ---
Client 0 (MNIST) | Target Loss: 0.0382 | G Loss: 5.0609 | D Loss: 0.0741
Client 1 (MNIST) | Target Loss: 0.0368 | G Loss: 5.1941 | D Loss: 0.0792
Client 3 (EMNIST) | Target Loss: 0.3678 | G Loss: 7.6078 | D Loss: 0.0156
Client 4 (EMNIST) | Target Loss: 0.3692 | G Loss: 7.9578 | D Loss: 0.0158
Round 9 | Client 0 | Model: (CNN) | Acc: 94.92%
Round 9 | Client 1 | Model: (CNN) | Acc: 78.54%
Round 9 | Client 3 | Model: (CNN) | Acc: 85.48%
Round 9 | Client 4 | Model: (CNN) | Acc: 85.79%
Selected client ids: [0, 1, 2, 3]
--- Round 10 ---
Client 0 (MNIST) | Target Loss: 0.0341 | G Loss: 5.2794 | D Loss: 0.0682
Client 1 (MNIST) | Target Loss: 0.0352 | G Loss: 4.6924 | D Loss: 0.0914
Client 3 (EMNIST) | Target Loss: 0.3620 | G Loss: 7.7631 | D Loss: 0.0144
Client 4 (EMNIST) | Target Loss: 0.3635 | G Loss: 8.0643 | D Loss: 0.0138
Round 10 | Client 0 | Model: (CNN) | Acc: 96.91%
Round 10 | Client 1 | Model: (CNN) | Acc: 96.05%
Round 10 | Client 3 | Model: (CNN) | Acc: 85.83%
Round 10 | Client 4 | Model: (CNN) | Acc: 85.78%
Selected client ids: [0, 1, 2, 3]
--- Round 11 ---
Client 0 (MNIST) | Target Loss: 0.0307 | G Loss: 5.3023 | D Loss: 0.0638
Client 1 (MNIST) | Target Loss: 0.0314 | G Loss: 5.5455 | D Loss: 0.0426
Client 3 (EMNIST) | Target Loss: 0.3548 | G Loss: 7.7983 | D Loss: 0.0127
Client 4 (EMNIST) | Target Loss: 0.3579 | G Loss: 8.1073 | D Loss: 0.0160
Round 11 | Client 0 | Model: (CNN) | Acc: 97.78%
Round 11 | Client 1 | Model: (CNN) | Acc: 97.50%
Round 11 | Client 3 | Model: (CNN) | Acc: 86.18%
Round 11 | Client 4 | Model: (CNN) | Acc: 85.94%
Selected client ids: [0, 1, 2, 3]
--- Round 12 ---
Client 0 (MNIST) | Target Loss: 0.0282 | G Loss: 6.0883 | D Loss: 0.0528
Client 1 (MNIST) | Target Loss: 0.0247 | G Loss: 6.2606 | D Loss: 0.0358
Client 3 (EMNIST) | Target Loss: 0.3508 | G Loss: 7.6950 | D Loss: 0.0098
Client 4 (EMNIST) | Target Loss: 0.3533 | G Loss: 8.4451 | D Loss: 0.0123
Round 12 | Client 0 | Model: (CNN) | Acc: 96.38%
Round 12 | Client 1 | Model: (CNN) | Acc: 97.84%
Round 12 | Client 3 | Model: (CNN) | Acc: 86.26%
Round 12 | Client 4 | Model: (CNN) | Acc: 86.21%
Selected client ids: [0, 1, 2, 3]
--- Round 13 ---
Client 0 (MNIST) | Target Loss: 0.0235 | G Loss: 5.0856 | D Loss: 0.0711
Client 1 (MNIST) | Target Loss: 0.0262 | G Loss: 4.6375 | D Loss: 0.0941
Client 3 (EMNIST) | Target Loss: 0.3462 | G Loss: 7.5770 | D Loss: 0.0097
Client 4 (EMNIST) | Target Loss: 0.3480 | G Loss: 8.4261 | D Loss: 0.0139
Round 13 | Client 0 | Model: (CNN) | Acc: 97.46%
Round 13 | Client 1 | Model: (CNN) | Acc: 98.40%
Round 13 | Client 3 | Model: (CNN) | Acc: 85.75%
Round 13 | Client 4 | Model: (CNN) | Acc: 86.17%
Selected client ids: [0, 1, 2, 3]
--- Round 14 ---
Client 0 (MNIST) | Target Loss: 0.0216 | G Loss: 5.9105 | D Loss: 0.0427
Client 1 (MNIST) | Target Loss: 0.0190 | G Loss: 4.9809 | D Loss: 0.0791
Client 3 (EMNIST) | Target Loss: 0.3420 | G Loss: 7.6621 | D Loss: 0.0106
Client 4 (EMNIST) | Target Loss: 0.3441 | G Loss: 8.4590 | D Loss: 0.0125
Round 14 | Client 0 | Model: (CNN) | Acc: 95.60%
Round 14 | Client 1 | Model: (CNN) | Acc: 96.11%
Round 14 | Client 3 | Model: (CNN) | Acc: 86.17%
Round 14 | Client 4 | Model: (CNN) | Acc: 85.69%
Selected client ids: [0, 1, 2, 3]
--- Round 15 ---
Client 0 (MNIST) | Target Loss: 0.0256 | G Loss: 5.9066 | D Loss: 0.0597
Client 1 (MNIST) | Target Loss: 0.0213 | G Loss: 6.2607 | D Loss: 0.0235
Client 3 (EMNIST) | Target Loss: 0.3380 | G Loss: 7.6310 | D Loss: 0.0097
Client 4 (EMNIST) | Target Loss: 0.3404 | G Loss: 9.8232 | D Loss: 0.0071
Round 15 | Client 0 | Model: (CNN) | Acc: 97.78%
Round 15 | Client 1 | Model: (CNN) | Acc: 94.82%
Round 15 | Client 3 | Model: (CNN) | Acc: 86.41%
Round 15 | Client 4 | Model: (CNN) | Acc: 86.04%
Selected client ids: [0, 1, 2, 3]
--- Round 16 ---
Client 0 (MNIST) | Target Loss: 0.0165 | G Loss: 6.1125 | D Loss: 0.0192
Client 1 (MNIST) | Target Loss: 0.0185 | G Loss: 5.8290 | D Loss: 0.0312
Client 3 (EMNIST) | Target Loss: 0.3339 | G Loss: 8.1235 | D Loss: 0.0087
Client 4 (EMNIST) | Target Loss: 0.3371 | G Loss: 7.9835 | D Loss: 0.0075
Round 16 | Client 0 | Model: (CNN) | Acc: 93.79%
Round 16 | Client 1 | Model: (CNN) | Acc: 94.33%
Round 16 | Client 3 | Model: (CNN) | Acc: 86.49%
Round 16 | Client 4 | Model: (CNN) | Acc: 86.18%
Selected client ids: [0, 1, 2, 3]
--- Round 17 ---
Client 0 (MNIST) | Target Loss: 0.0202 | G Loss: 6.0661 | D Loss: 0.0546
Client 1 (MNIST) | Target Loss: 0.0191 | G Loss: 6.5358 | D Loss: 0.0383
Client 3 (EMNIST) | Target Loss: 0.3309 | G Loss: 8.3993 | D Loss: 0.0067
Client 4 (EMNIST) | Target Loss: 0.3331 | G Loss: 7.9202 | D Loss: 0.0075
Round 17 | Client 0 | Model: (CNN) | Acc: 98.28%
Round 17 | Client 1 | Model: (CNN) | Acc: 93.83%
Round 17 | Client 3 | Model: (CNN) | Acc: 86.62%
Round 17 | Client 4 | Model: (CNN) | Acc: 86.03%
Selected client ids: [0, 1, 2, 3]
--- Round 18 ---
Client 0 (MNIST) | Target Loss: 0.0190 | G Loss: 5.6356 | D Loss: 0.0556
Client 1 (MNIST) | Target Loss: 0.0169 | G Loss: 4.8561 | D Loss: 0.0793
Client 3 (EMNIST) | Target Loss: 0.3269 | G Loss: 8.3035 | D Loss: 0.0082
Client 4 (EMNIST) | Target Loss: 0.3299 | G Loss: 7.9233 | D Loss: 0.0071
Round 18 | Client 0 | Model: (CNN) | Acc: 93.29%
Round 18 | Client 1 | Model: (CNN) | Acc: 98.33%
Round 18 | Client 3 | Model: (CNN) | Acc: 86.73%
Round 18 | Client 4 | Model: (CNN) | Acc: 86.06%
Selected client ids: [0, 1, 2, 3]
--- Round 19 ---
Client 0 (MNIST) | Target Loss: 0.0144 | G Loss: 5.9380 | D Loss: 0.0316
Client 1 (MNIST) | Target Loss: 0.0166 | G Loss: 6.9678 | D Loss: 0.0028
Client 3 (EMNIST) | Target Loss: 0.3245 | G Loss: 8.4236 | D Loss: 0.0075
Client 4 (EMNIST) | Target Loss: 0.3267 | G Loss: 8.2136 | D Loss: 0.0066
Round 19 | Client 0 | Model: (CNN) | Acc: 64.53%
Round 19 | Client 1 | Model: (CNN) | Acc: 98.21%
Round 19 | Client 3 | Model: (CNN) | Acc: 86.51%
Round 19 | Client 4 | Model: (CNN) | Acc: 86.52%
Selected client ids: [0, 1, 2, 3]
--- Round 20 ---
Client 0 (MNIST) | Target Loss: 0.0124 | G Loss: 7.6586 | D Loss: 0.0018
Client 1 (MNIST) | Target Loss: 0.0150 | G Loss: 6.0359 | D Loss: 0.0585
Client 3 (EMNIST) | Target Loss: 0.3211 | G Loss: 8.6966 | D Loss: 0.0069
Client 4 (EMNIST) | Target Loss: 0.3232 | G Loss: 8.4435 | D Loss: 0.0063
Round 20 | Client 0 | Model: (CNN) | Acc: 97.00%
Round 20 | Client 1 | Model: (CNN) | Acc: 65.65%
Round 20 | Client 3 | Model: (CNN) | Acc: 86.49%
Round 20 | Client 4 | Model: (CNN) | Acc: 86.46%
Selected client ids: [0, 1, 2, 3]
--- Round 21 ---
Client 0 (MNIST) | Target Loss: 0.0135 | G Loss: 7.1835 | D Loss: 0.0606
Client 1 (MNIST) | Target Loss: 0.0226 | G Loss: 5.8251 | D Loss: 0.0372
Client 3 (EMNIST) | Target Loss: 0.3183 | G Loss: 8.6335 | D Loss: 0.0066
Client 4 (EMNIST) | Target Loss: 0.3206 | G Loss: 8.5483 | D Loss: 0.0072
Round 21 | Client 0 | Model: (CNN) | Acc: 71.91%
Round 21 | Client 1 | Model: (CNN) | Acc: 93.28%
Round 21 | Client 3 | Model: (CNN) | Acc: 86.67%
Round 21 | Client 4 | Model: (CNN) | Acc: 86.07%
Selected client ids: [0, 1, 2, 3]
--- Round 22 ---
Client 0 (MNIST) | Target Loss: 0.0066 | G Loss: 5.4928 | D Loss: 0.0643
Client 1 (MNIST) | Target Loss: 0.0135 | G Loss: 5.3796 | D Loss: 0.0709
Client 3 (EMNIST) | Target Loss: 0.3148 | G Loss: 9.0549 | D Loss: 0.0060
Client 4 (EMNIST) | Target Loss: 0.3179 | G Loss: 8.4968 | D Loss: 0.0056
Round 22 | Client 0 | Model: (CNN) | Acc: 93.82%
Round 22 | Client 1 | Model: (CNN) | Acc: 97.81%
Round 22 | Client 3 | Model: (CNN) | Acc: 86.43%
Round 22 | Client 4 | Model: (CNN) | Acc: 86.26%
Selected client ids: [0, 1, 2, 3]
--- Round 23 ---
Client 0 (MNIST) | Target Loss: 0.0175 | G Loss: 6.3572 | D Loss: 0.0356
Client 1 (MNIST) | Target Loss: 0.0101 | G Loss: 6.7173 | D Loss: 0.0207
Client 3 (EMNIST) | Target Loss: 0.3124 | G Loss: 9.5398 | D Loss: 0.0054
Client 4 (EMNIST) | Target Loss: 0.3151 | G Loss: 8.5747 | D Loss: 0.0058
Round 23 | Client 0 | Model: (CNN) | Acc: 98.63%
Round 23 | Client 1 | Model: (CNN) | Acc: 98.55%
Round 23 | Client 3 | Model: (CNN) | Acc: 86.72%
Round 23 | Client 4 | Model: (CNN) | Acc: 86.33%
Selected client ids: [0, 1, 2, 3]
--- Round 24 ---
Client 0 (MNIST) | Target Loss: 0.0133 | G Loss: 5.6942 | D Loss: 0.0450
Client 1 (MNIST) | Target Loss: 0.0086 | G Loss: 6.1867 | D Loss: 0.0241
Client 3 (EMNIST) | Target Loss: 0.3099 | G Loss: 9.6439 | D Loss: 0.0058
Client 4 (EMNIST) | Target Loss: 0.3124 | G Loss: 8.7101 | D Loss: 0.0054
Round 24 | Client 0 | Model: (CNN) | Acc: 98.69%
Round 24 | Client 1 | Model: (CNN) | Acc: 98.00%
Round 24 | Client 3 | Model: (CNN) | Acc: 86.62%
Round 24 | Client 4 | Model: (CNN) | Acc: 86.68%
Selected client ids: [0, 1, 2, 3]
--- Round 25 ---
Client 0 (MNIST) | Target Loss: 0.0083 | G Loss: 7.1217 | D Loss: 0.0048
Client 1 (MNIST) | Target Loss: 0.0143 | G Loss: 5.8996 | D Loss: 0.0444
Client 3 (EMNIST) | Target Loss: 0.3070 | G Loss: 9.5313 | D Loss: 0.0050
Client 4 (EMNIST) | Target Loss: 0.3104 | G Loss: 8.5478 | D Loss: 0.0064
Round 25 | Client 0 | Model: (CNN) | Acc: 95.33%
Round 25 | Client 1 | Model: (CNN) | Acc: 97.72%
Round 25 | Client 3 | Model: (CNN) | Acc: 86.59%
Round 25 | Client 4 | Model: (CNN) | Acc: 86.13%
Selected client ids: [0, 1, 2, 3]
--- Round 26 ---
Client 0 (MNIST) | Target Loss: 0.0129 | G Loss: 5.9277 | D Loss: 0.0487
Client 1 (MNIST) | Target Loss: 0.0122 | G Loss: 5.6534 | D Loss: 0.0520
Client 3 (EMNIST) | Target Loss: 0.3050 | G Loss: 9.4968 | D Loss: 0.0056
Client 4 (EMNIST) | Target Loss: 0.3074 | G Loss: 9.2227 | D Loss: 0.0050
Round 26 | Client 0 | Model: (CNN) | Acc: 98.60%
Round 26 | Client 1 | Model: (CNN) | Acc: 97.38%
Round 26 | Client 3 | Model: (CNN) | Acc: 86.54%
Round 26 | Client 4 | Model: (CNN) | Acc: 86.41%
Selected client ids: [0, 1, 2, 3]
--- Round 27 ---
Client 0 (MNIST) | Target Loss: 0.0078 | G Loss: 6.2215 | D Loss: 0.0409
Client 1 (MNIST) | Target Loss: 0.0080 | G Loss: 6.5718 | D Loss: 0.0044
Client 3 (EMNIST) | Target Loss: 0.3020 | G Loss: 9.6289 | D Loss: 0.0051
Client 4 (EMNIST) | Target Loss: 0.3048 | G Loss: 8.7870 | D Loss: 0.0062
Round 27 | Client 0 | Model: (CNN) | Acc: 94.54%
Round 27 | Client 1 | Model: (CNN) | Acc: 98.40%
Round 27 | Client 3 | Model: (CNN) | Acc: 86.63%
Round 27 | Client 4 | Model: (CNN) | Acc: 86.50%
Selected client ids: [0, 1, 2, 3]
--- Round 28 ---
Client 0 (MNIST) | Target Loss: 0.0051 | G Loss: 6.0643 | D Loss: 0.0373
Client 1 (MNIST) | Target Loss: 0.0058 | G Loss: 5.7938 | D Loss: 0.0527
Client 3 (EMNIST) | Target Loss: 0.2995 | G Loss: 10.0901 | D Loss: 0.0043
Client 4 (EMNIST) | Target Loss: 0.3032 | G Loss: 9.2441 | D Loss: 0.0052
Round 28 | Client 0 | Model: (CNN) | Acc: 97.35%
Round 28 | Client 1 | Model: (CNN) | Acc: 95.25%
Round 28 | Client 3 | Model: (CNN) | Acc: 86.39%
Round 28 | Client 4 | Model: (CNN) | Acc: 86.34%
Selected client ids: [0, 1, 2, 3]
--- Round 29 ---
Client 0 (MNIST) | Target Loss: 0.0077 | G Loss: 6.1670 | D Loss: 0.0373
Client 1 (MNIST) | Target Loss: 0.0164 | G Loss: 5.5433 | D Loss: 0.0622
Client 3 (EMNIST) | Target Loss: 0.2972 | G Loss: 9.9508 | D Loss: 0.0057
Client 4 (EMNIST) | Target Loss: 0.3006 | G Loss: 9.3648 | D Loss: 0.0048
Round 29 | Client 0 | Model: (CNN) | Acc: 84.28%
Round 29 | Client 1 | Model: (CNN) | Acc: 95.68%
Round 29 | Client 3 | Model: (CNN) | Acc: 86.60%
Round 29 | Client 4 | Model: (CNN) | Acc: 86.33%
Selected client ids: [0, 1, 2, 3]
--- Round 30 ---
Client 0 (MNIST) | Target Loss: 0.0158 | G Loss: 6.5279 | D Loss: 0.0250
Client 1 (MNIST) | Target Loss: 0.0129 | G Loss: 6.3543 | D Loss: 0.0241
Client 3 (EMNIST) | Target Loss: 0.2947 | G Loss: 9.9810 | D Loss: 0.0046
Client 4 (EMNIST) | Target Loss: 0.2988 | G Loss: 10.0886 | D Loss: 0.0048
Round 30 | Client 0 | Model: (CNN) | Acc: 98.02%
Round 30 | Client 1 | Model: (CNN) | Acc: 95.78%
Round 30 | Client 3 | Model: (CNN) | Acc: 86.38%
Round 30 | Client 4 | Model: (CNN) | Acc: 86.35%
Selected client ids: [0, 1, 2, 3]
--- Round 31 ---
Client 0 (MNIST) | Target Loss: 0.0136 | G Loss: 7.3727 | D Loss: 0.0184
Client 1 (MNIST) | Target Loss: 0.0033 | G Loss: 5.9500 | D Loss: 0.0400
Client 3 (EMNIST) | Target Loss: 0.2929 | G Loss: 9.9845 | D Loss: 0.0047
Client 4 (EMNIST) | Target Loss: 0.2960 | G Loss: 9.6333 | D Loss: 0.0045
Round 31 | Client 0 | Model: (CNN) | Acc: 97.49%
Round 31 | Client 1 | Model: (CNN) | Acc: 98.70%
Round 31 | Client 3 | Model: (CNN) | Acc: 86.41%
Round 31 | Client 4 | Model: (CNN) | Acc: 86.54%
Selected client ids: [0, 1, 2, 3]
--- Round 32 ---
Client 0 (MNIST) | Target Loss: 0.0065 | G Loss: 6.8427 | D Loss: 0.0161
Client 1 (MNIST) | Target Loss: 0.0027 | G Loss: 6.5978 | D Loss: 0.0225
Client 3 (EMNIST) | Target Loss: 0.2910 | G Loss: 10.4238 | D Loss: 0.0042
Client 4 (EMNIST) | Target Loss: 0.2935 | G Loss: 10.0231 | D Loss: 0.0051
Round 32 | Client 0 | Model: (CNN) | Acc: 94.43%
Round 32 | Client 1 | Model: (CNN) | Acc: 98.64%
Round 32 | Client 3 | Model: (CNN) | Acc: 86.27%
Round 32 | Client 4 | Model: (CNN) | Acc: 86.51%
Selected client ids: [0, 1, 2, 3]
--- Round 33 ---
Client 0 (MNIST) | Target Loss: 0.0090 | G Loss: 6.3446 | D Loss: 0.0337
Client 1 (MNIST) | Target Loss: 0.0196 | G Loss: 5.9954 | D Loss: 0.0420
Client 3 (EMNIST) | Target Loss: 0.2884 | G Loss: 10.2724 | D Loss: 0.0041
Client 4 (EMNIST) | Target Loss: 0.2919 | G Loss: 10.4956 | D Loss: 0.0033
Round 33 | Client 0 | Model: (CNN) | Acc: 98.69%
Round 33 | Client 1 | Model: (CNN) | Acc: 97.29%
Round 33 | Client 3 | Model: (CNN) | Acc: 85.92%
Round 33 | Client 4 | Model: (CNN) | Acc: 86.57%
Selected client ids: [0, 1, 2, 3]
--- Round 34 ---
Client 0 (MNIST) | Target Loss: 0.0047 | G Loss: 6.3419 | D Loss: 0.0253
Client 1 (MNIST) | Target Loss: 0.0071 | G Loss: 5.7295 | D Loss: 0.0423
Client 3 (EMNIST) | Target Loss: 0.2861 | G Loss: 10.4604 | D Loss: 0.0040
Client 4 (EMNIST) | Target Loss: 0.2895 | G Loss: 10.1813 | D Loss: 0.0039
Round 34 | Client 0 | Model: (CNN) | Acc: 98.51%
Round 34 | Client 1 | Model: (CNN) | Acc: 98.49%
Round 34 | Client 3 | Model: (CNN) | Acc: 86.22%
Round 34 | Client 4 | Model: (CNN) | Acc: 86.16%
Selected client ids: [0, 1, 2, 3]
--- Round 35 ---
Client 0 (MNIST) | Target Loss: 0.0059 | G Loss: 7.4953 | D Loss: 0.0130
Client 1 (MNIST) | Target Loss: 0.0053 | G Loss: 7.1351 | D Loss: 0.0024
Client 3 (EMNIST) | Target Loss: 0.2847 | G Loss: 11.1105 | D Loss: 0.0039
Client 4 (EMNIST) | Target Loss: 0.2873 | G Loss: 10.4760 | D Loss: 0.0036
Round 35 | Client 0 | Model: (CNN) | Acc: 90.11%
Round 35 | Client 1 | Model: (CNN) | Acc: 98.24%
Round 35 | Client 3 | Model: (CNN) | Acc: 86.27%
Round 35 | Client 4 | Model: (CNN) | Acc: 86.43%
Selected client ids: [0, 1, 2, 3]
--- Round 36 ---
Client 0 (MNIST) | Target Loss: 0.0106 | G Loss: 5.8459 | D Loss: 0.0321
Client 1 (MNIST) | Target Loss: 0.0040 | G Loss: 6.1559 | D Loss: 0.0378
Client 3 (EMNIST) | Target Loss: 0.2824 | G Loss: 10.7017 | D Loss: 0.0047
Client 4 (EMNIST) | Target Loss: 0.2851 | G Loss: 10.4013 | D Loss: 0.0034
Round 36 | Client 0 | Model: (CNN) | Acc: 98.51%
Round 36 | Client 1 | Model: (CNN) | Acc: 98.43%
Round 36 | Client 3 | Model: (CNN) | Acc: 86.59%
Round 36 | Client 4 | Model: (CNN) | Acc: 86.40%
Selected client ids: [0, 1, 2, 3]
--- Round 37 ---
Client 0 (MNIST) | Target Loss: 0.0070 | G Loss: 6.2710 | D Loss: 0.0231
Client 1 (MNIST) | Target Loss: 0.0092 | G Loss: 6.0732 | D Loss: 0.0357
Client 3 (EMNIST) | Target Loss: 0.2807 | G Loss: 11.0692 | D Loss: 0.0032
Client 4 (EMNIST) | Target Loss: 0.2836 | G Loss: 9.9668 | D Loss: 0.0039
Round 37 | Client 0 | Model: (CNN) | Acc: 96.88%
Round 37 | Client 1 | Model: (CNN) | Acc: 97.50%
Round 37 | Client 3 | Model: (CNN) | Acc: 86.39%
Round 37 | Client 4 | Model: (CNN) | Acc: 86.59%
Selected client ids: [0, 1, 2, 3]
--- Round 38 ---
Client 0 (MNIST) | Target Loss: 0.0079 | G Loss: 6.9940 | D Loss: 0.0147
Client 1 (MNIST) | Target Loss: 0.0130 | G Loss: 7.0451 | D Loss: 0.0223
Client 3 (EMNIST) | Target Loss: 0.2784 | G Loss: 11.1990 | D Loss: 0.0048
Client 4 (EMNIST) | Target Loss: 0.2820 | G Loss: 10.9785 | D Loss: 0.0029
Round 38 | Client 0 | Model: (CNN) | Acc: 90.69%
Round 38 | Client 1 | Model: (CNN) | Acc: 97.90%
Round 38 | Client 3 | Model: (CNN) | Acc: 86.53%
Round 38 | Client 4 | Model: (CNN) | Acc: 85.92%
Selected client ids: [0, 1, 2, 3]
--- Round 39 ---
Client 0 (MNIST) | Target Loss: 0.0072 | G Loss: 6.3240 | D Loss: 0.0289
Client 1 (MNIST) | Target Loss: 0.0067 | G Loss: 6.0037 | D Loss: 0.0353
Client 3 (EMNIST) | Target Loss: 0.2771 | G Loss: 11.2978 | D Loss: 0.0039
Client 4 (EMNIST) | Target Loss: 0.2789 | G Loss: 10.4574 | D Loss: 0.0041
Round 39 | Client 0 | Model: (CNN) | Acc: 81.13%
Round 39 | Client 1 | Model: (CNN) | Acc: 97.90%
Round 39 | Client 3 | Model: (CNN) | Acc: 86.56%
Round 39 | Client 4 | Model: (CNN) | Acc: 86.33%
Selected client ids: [0, 1, 2, 3]
--- Round 40 ---
Client 0 (MNIST) | Target Loss: 0.0070 | G Loss: 6.0772 | D Loss: 0.0220
Client 1 (MNIST) | Target Loss: 0.0094 | G Loss: 7.0864 | D Loss: 0.0028
Client 3 (EMNIST) | Target Loss: 0.2751 | G Loss: 11.4909 | D Loss: 0.0043
Client 4 (EMNIST) | Target Loss: 0.2777 | G Loss: 10.7281 | D Loss: 0.0036
Round 40 | Client 0 | Model: (CNN) | Acc: 96.35%
Round 40 | Client 1 | Model: (CNN) | Acc: 98.77%
Round 40 | Client 3 | Model: (CNN) | Acc: 86.41%
Round 40 | Client 4 | Model: (CNN) | Acc: 86.13%
Saving checkpoints ...
[Server] Checkpoint saved to logs/2026-04-29_10-17-12/GeFL_local/server_checkpoints.pth
[Server] All 4 clients saved in logs/2026-04-29_10-17-12/GeFL_local/clients_last_round_checkpoints/
Saving checkpoints ...
[Server] Checkpoint saved to logs/2026-04-29_10-17-12/GeFL_local/server_checkpoints.pth
[Server] All 4 clients saved in logs/2026-04-29_10-17-12/GeFL_local/clients_last_round_checkpoints/
==============================    Finished. Total Time: 6:36:09    ==============================
