Time: 2026-04-16 12:28:01
Log Dir: /home/unshun/multi-FL/logs/Local_noniid_hom_gb40/new_client_2026-04-16_12-28-01/
================================================================================Loading checkpoints from logs/Local_noniid_hom_gb40/Local/
Method selected: NAYER
Loaded CNN for MNIST from client_model_MNIST_c5_CNN.pth
Loaded CNN for MNIST from client_model_MNIST_c0_CNN.pth
Loaded CNN for MNIST from client_model_MNIST_c8_CNN.pth
Loaded CNN for MNIST from client_model_MNIST_c6_CNN.pth
Loaded CNN for MNIST from client_model_MNIST_c4_CNN.pth
Loaded CNN for MNIST from client_model_MNIST_c9_CNN.pth
Loaded CNN for MNIST from client_model_MNIST_c3_CNN.pth
Loaded CNN for MNIST from client_model_MNIST_c1_CNN.pth
Loaded CNN for MNIST from client_model_MNIST_c2_CNN.pth
Loaded CNN for MNIST from client_model_MNIST_c7_CNN.pth
Loaded CNN for EMNIST from client_model_EMNIST_c20_CNN.pth
Loaded CNN for EMNIST from client_model_EMNIST_c13_CNN.pth
Loaded CNN for EMNIST from client_model_EMNIST_c16_CNN.pth
Loaded CNN for EMNIST from client_model_EMNIST_c18_CNN.pth
Loaded CNN for EMNIST from client_model_EMNIST_c11_CNN.pth
Loaded CNN for EMNIST from client_model_EMNIST_c12_CNN.pth
Loaded CNN for EMNIST from client_model_EMNIST_c17_CNN.pth
Loaded CNN for EMNIST from client_model_EMNIST_c14_CNN.pth
Loaded CNN for EMNIST from client_model_EMNIST_c19_CNN.pth
Loaded CNN for EMNIST from client_model_EMNIST_c15_CNN.pth
WARNING: No models loaded for dataset: FashionMNIST.
WARNING: No models loaded for dataset: CIFAR100.

========================================
>>> [METHOD: SYNTHETIC] Starting Synthetic Label Mapping...
========================================
>>> Target Methods to Run: ['NAYER']
>>> [Syn] Loaded client data distributions directly from server checkpoint.

########################################
>>> [Syn] Running Method: NAYER
########################################

>>> Syn-NAYER Training Old Generators...
[Testing] Training Per-Dataset Generators Offline (Old Gen Method) using NAYER...
--- NAYER Generator Configuration ---
    epochs: 120
    g_loops: 2
    g_steps: 30
    g_life: 10
    kd_steps: 400
    warmup: 20
    gwp_loops: 10
    lr_g: 0.004
    ce: 0.5
    bn: 10.0
    adv: 1.33
    student_lr: 0.2
------------------------------------
    -> Loading CLIP ViT-B/32 label embeddings for 10 classes...
    -> [Epoch 0] Student Test Accuracy for MNIST: 8.81%
    -> [Epoch 1] Student Test Accuracy for MNIST: 12.57%
    -> [Epoch 2] Student Test Accuracy for MNIST: 9.80%
    -> [Epoch 3] Student Test Accuracy for MNIST: 11.37%
    -> [Epoch 4] Student Test Accuracy for MNIST: 9.82%
    -> [Epoch 5] Student Test Accuracy for MNIST: 9.58%
    -> [Epoch 6] Student Test Accuracy for MNIST: 9.58%
    -> [Epoch 7] Student Test Accuracy for MNIST: 9.72%
    -> [Epoch 8] Student Test Accuracy for MNIST: 9.58%
    -> [Epoch 9] Student Test Accuracy for MNIST: 9.58%
    -> [Epoch 10] Student Test Accuracy for MNIST: 9.35%
    -> [Epoch 11] Student Test Accuracy for MNIST: 9.58%
    -> [Epoch 12] Student Test Accuracy for MNIST: 9.58%
    -> [Epoch 13] Student Test Accuracy for MNIST: 10.09%
    -> [Epoch 14] Student Test Accuracy for MNIST: 10.09%
    -> [Epoch 15] Student Test Accuracy for MNIST: 9.71%
    -> [Epoch 16] Student Test Accuracy for MNIST: 9.80%
    -> [Epoch 17] Student Test Accuracy for MNIST: 8.55%
    -> [Epoch 18] Student Test Accuracy for MNIST: 11.94%
    -> [Epoch 19] Student Test Accuracy for MNIST: 10.86%
    -> [Epoch 20] Student Test Accuracy for MNIST: 10.94%
    -> [Epoch 21] Student Test Accuracy for MNIST: 10.09%
    -> [Epoch 22] Student Test Accuracy for MNIST: 11.52%
    -> [Epoch 23] Student Test Accuracy for MNIST: 9.63%
    -> [Epoch 24] Student Test Accuracy for MNIST: 9.58%
    -> [Epoch 25] Student Test Accuracy for MNIST: 9.61%
    -> [Epoch 26] Student Test Accuracy for MNIST: 10.11%
    -> [Epoch 27] Student Test Accuracy for MNIST: 9.74%
    -> [Epoch 28] Student Test Accuracy for MNIST: 10.09%
    -> [Epoch 29] Student Test Accuracy for MNIST: 9.74%
    -> [Epoch 30] Student Test Accuracy for MNIST: 9.58%
    -> [Epoch 31] Student Test Accuracy for MNIST: 9.58%
    -> [Epoch 32] Student Test Accuracy for MNIST: 9.84%
    -> [Epoch 33] Student Test Accuracy for MNIST: 9.74%
    -> [Epoch 34] Student Test Accuracy for MNIST: 9.48%
    -> [Epoch 35] Student Test Accuracy for MNIST: 7.39%
    -> [Epoch 36] Student Test Accuracy for MNIST: 9.58%
    -> [Epoch 37] Student Test Accuracy for MNIST: 7.86%
    -> [Epoch 38] Student Test Accuracy for MNIST: 9.74%
    -> [Epoch 39] Student Test Accuracy for MNIST: 10.90%
    -> [Epoch 40] Student Test Accuracy for MNIST: 9.04%
    -> [Epoch 41] Student Test Accuracy for MNIST: 10.09%
    -> [Epoch 42] Student Test Accuracy for MNIST: 10.32%
    -> [Epoch 43] Student Test Accuracy for MNIST: 10.09%
    -> [Epoch 44] Student Test Accuracy for MNIST: 9.66%
    -> [Epoch 45] Student Test Accuracy for MNIST: 9.30%
    -> [Epoch 46] Student Test Accuracy for MNIST: 9.76%
    -> [Epoch 47] Student Test Accuracy for MNIST: 9.74%
    -> [Epoch 48] Student Test Accuracy for MNIST: 9.63%
    -> [Epoch 49] Student Test Accuracy for MNIST: 10.36%
    -> [Epoch 50] Student Test Accuracy for MNIST: 10.32%
    -> [Epoch 51] Student Test Accuracy for MNIST: 10.32%
    -> [Epoch 52] Student Test Accuracy for MNIST: 9.58%
    -> [Epoch 53] Student Test Accuracy for MNIST: 9.58%
    -> [Epoch 54] Student Test Accuracy for MNIST: 9.20%
    -> [Epoch 55] Student Test Accuracy for MNIST: 9.74%
    -> [Epoch 56] Student Test Accuracy for MNIST: 14.60%
    -> [Epoch 57] Student Test Accuracy for MNIST: 9.58%
    -> [Epoch 58] Student Test Accuracy for MNIST: 10.32%
    -> [Epoch 59] Student Test Accuracy for MNIST: 9.74%
    -> [Epoch 60] Student Test Accuracy for MNIST: 9.58%
    -> [Epoch 61] Student Test Accuracy for MNIST: 10.51%
    -> [Epoch 62] Student Test Accuracy for MNIST: 9.58%
    -> [Epoch 63] Student Test Accuracy for MNIST: 12.82%
    -> [Epoch 64] Student Test Accuracy for MNIST: 9.74%
    -> [Epoch 65] Student Test Accuracy for MNIST: 9.08%
    -> [Epoch 66] Student Test Accuracy for MNIST: 8.83%
    -> [Epoch 67] Student Test Accuracy for MNIST: 10.61%
    -> [Epoch 68] Student Test Accuracy for MNIST: 10.33%
    -> [Epoch 69] Student Test Accuracy for MNIST: 10.32%
    -> [Epoch 70] Student Test Accuracy for MNIST: 9.68%
    -> [Epoch 71] Student Test Accuracy for MNIST: 9.74%
    -> [Epoch 72] Student Test Accuracy for MNIST: 10.72%
    -> [Epoch 73] Student Test Accuracy for MNIST: 9.74%
    -> [Epoch 74] Student Test Accuracy for MNIST: 9.58%
    -> [Epoch 75] Student Test Accuracy for MNIST: 9.58%
    -> [Epoch 76] Student Test Accuracy for MNIST: 9.58%
    -> [Epoch 77] Student Test Accuracy for MNIST: 9.74%
    -> [Epoch 78] Student Test Accuracy for MNIST: 9.58%
    -> [Epoch 79] Student Test Accuracy for MNIST: 9.74%
    -> [Epoch 80] Student Test Accuracy for MNIST: 9.74%
    -> [Epoch 81] Student Test Accuracy for MNIST: 9.58%
    -> [Epoch 82] Student Test Accuracy for MNIST: 7.25%
    -> [Epoch 83] Student Test Accuracy for MNIST: 10.36%
    -> [Epoch 84] Student Test Accuracy for MNIST: 9.58%
    -> [Epoch 85] Student Test Accuracy for MNIST: 9.58%
    -> [Epoch 86] Student Test Accuracy for MNIST: 9.58%
    -> [Epoch 87] Student Test Accuracy for MNIST: 10.52%
    -> [Epoch 88] Student Test Accuracy for MNIST: 9.74%
    -> [Epoch 89] Student Test Accuracy for MNIST: 9.58%
    -> [Epoch 90] Student Test Accuracy for MNIST: 9.58%
    -> [Epoch 91] Student Test Accuracy for MNIST: 9.50%
    -> [Epoch 92] Student Test Accuracy for MNIST: 9.58%
    -> [Epoch 93] Student Test Accuracy for MNIST: 9.58%
    -> [Epoch 94] Student Test Accuracy for MNIST: 9.58%
    -> [Epoch 95] Student Test Accuracy for MNIST: 9.74%
    -> [Epoch 96] Student Test Accuracy for MNIST: 9.58%
    -> [Epoch 97] Student Test Accuracy for MNIST: 9.58%
    -> [Epoch 98] Student Test Accuracy for MNIST: 9.58%
    -> [Epoch 99] Student Test Accuracy for MNIST: 9.74%
    -> [Epoch 100] Student Test Accuracy for MNIST: 9.58%
    -> [Epoch 101] Student Test Accuracy for MNIST: 9.74%
    -> [Epoch 102] Student Test Accuracy for MNIST: 9.58%
    -> [Epoch 103] Student Test Accuracy for MNIST: 9.58%
    -> [Epoch 104] Student Test Accuracy for MNIST: 9.74%
    -> [Epoch 105] Student Test Accuracy for MNIST: 9.58%
    -> [Epoch 106] Student Test Accuracy for MNIST: 9.58%
    -> [Epoch 107] Student Test Accuracy for MNIST: 9.74%
    -> [Epoch 108] Student Test Accuracy for MNIST: 9.74%
    -> [Epoch 109] Student Test Accuracy for MNIST: 9.58%
    -> [Epoch 110] Student Test Accuracy for MNIST: 9.74%
    -> [Epoch 111] Student Test Accuracy for MNIST: 9.58%
    -> [Epoch 112] Student Test Accuracy for MNIST: 9.58%
    -> [Epoch 113] Student Test Accuracy for MNIST: 9.58%
    -> [Epoch 114] Student Test Accuracy for MNIST: 9.58%
    -> [Epoch 115] Student Test Accuracy for MNIST: 9.58%
    -> [Epoch 116] Student Test Accuracy for MNIST: 9.58%
    -> [Epoch 117] Student Test Accuracy for MNIST: 9.74%
    -> [Epoch 118] Student Test Accuracy for MNIST: 9.74%
    -> [Epoch 119] Student Test Accuracy for MNIST: 9.74%
    Dataset [MNIST] Generator | Epochs: 120 | Final Loss: 132.7435
    -> Student Accuracy per Epoch saved to /home/unshun/multi-FL/logs/Local_noniid_hom_gb40/new_client_2026-04-16_12-28-01/NAYER_MNIST_student_acc.csv
-> [New] Gen images saved to /home/unshun/multi-FL/logs/Local_noniid_hom_gb40/new_client_2026-04-16_12-28-01/NAYER_MNIST__gen_img_old.png
    -> Loading CLIP ViT-B/32 label embeddings for 62 classes...
    -> [Epoch 0] Student Test Accuracy for EMNIST: 3.09%
    -> [Epoch 1] Student Test Accuracy for EMNIST: 2.76%
    -> [Epoch 2] Student Test Accuracy for EMNIST: 4.84%
    -> [Epoch 3] Student Test Accuracy for EMNIST: 3.68%
    -> [Epoch 4] Student Test Accuracy for EMNIST: 4.84%
    -> [Epoch 5] Student Test Accuracy for EMNIST: 4.77%
    -> [Epoch 6] Student Test Accuracy for EMNIST: 3.81%
    -> [Epoch 7] Student Test Accuracy for EMNIST: 1.42%
    -> [Epoch 8] Student Test Accuracy for EMNIST: 1.97%
    -> [Epoch 9] Student Test Accuracy for EMNIST: 0.55%
    -> [Epoch 10] Student Test Accuracy for EMNIST: 4.84%
    -> [Epoch 11] Student Test Accuracy for EMNIST: 4.25%
    -> [Epoch 12] Student Test Accuracy for EMNIST: 0.36%
    -> [Epoch 13] Student Test Accuracy for EMNIST: 0.52%
    -> [Epoch 14] Student Test Accuracy for EMNIST: 0.55%
    -> [Epoch 15] Student Test Accuracy for EMNIST: 0.56%
    -> [Epoch 16] Student Test Accuracy for EMNIST: 5.12%
    -> [Epoch 17] Student Test Accuracy for EMNIST: 0.55%
    -> [Epoch 18] Student Test Accuracy for EMNIST: 0.56%
    -> [Epoch 19] Student Test Accuracy for EMNIST: 0.56%
    -> [Epoch 20] Student Test Accuracy for EMNIST: 4.83%
    -> [Epoch 21] Student Test Accuracy for EMNIST: 0.85%
    -> [Epoch 22] Student Test Accuracy for EMNIST: 4.39%
    -> [Epoch 23] Student Test Accuracy for EMNIST: 4.83%
    -> [Epoch 24] Student Test Accuracy for EMNIST: 0.54%
    -> [Epoch 25] Student Test Accuracy for EMNIST: 0.44%
    -> [Epoch 26] Student Test Accuracy for EMNIST: 1.99%
    -> [Epoch 27] Student Test Accuracy for EMNIST: 4.80%
    -> [Epoch 28] Student Test Accuracy for EMNIST: 4.85%
    -> [Epoch 29] Student Test Accuracy for EMNIST: 0.72%
    -> [Epoch 30] Student Test Accuracy for EMNIST: 5.76%
    -> [Epoch 31] Student Test Accuracy for EMNIST: 1.09%
    -> [Epoch 32] Student Test Accuracy for EMNIST: 0.35%
    -> [Epoch 33] Student Test Accuracy for EMNIST: 2.65%
    -> [Epoch 34] Student Test Accuracy for EMNIST: 1.24%
    -> [Epoch 35] Student Test Accuracy for EMNIST: 0.55%
    -> [Epoch 36] Student Test Accuracy for EMNIST: 0.62%
    -> [Epoch 37] Student Test Accuracy for EMNIST: 0.70%
    -> [Epoch 38] Student Test Accuracy for EMNIST: 4.24%
    -> [Epoch 39] Student Test Accuracy for EMNIST: 4.61%
    -> [Epoch 40] Student Test Accuracy for EMNIST: 4.99%
    -> [Epoch 41] Student Test Accuracy for EMNIST: 0.79%
    -> [Epoch 42] Student Test Accuracy for EMNIST: 3.95%
    -> [Epoch 43] Student Test Accuracy for EMNIST: 1.42%
    -> [Epoch 44] Student Test Accuracy for EMNIST: 0.73%
    -> [Epoch 45] Student Test Accuracy for EMNIST: 0.70%
    -> [Epoch 46] Student Test Accuracy for EMNIST: 4.74%
    -> [Epoch 47] Student Test Accuracy for EMNIST: 1.30%
    -> [Epoch 48] Student Test Accuracy for EMNIST: 1.62%
    -> [Epoch 49] Student Test Accuracy for EMNIST: 1.64%
    -> [Epoch 50] Student Test Accuracy for EMNIST: 1.52%
    -> [Epoch 51] Student Test Accuracy for EMNIST: 0.74%
    -> [Epoch 52] Student Test Accuracy for EMNIST: 0.65%
    -> [Epoch 53] Student Test Accuracy for EMNIST: 2.61%
    -> [Epoch 54] Student Test Accuracy for EMNIST: 2.68%
    -> [Epoch 55] Student Test Accuracy for EMNIST: 5.24%
    -> [Epoch 56] Student Test Accuracy for EMNIST: 3.14%
    -> [Epoch 57] Student Test Accuracy for EMNIST: 0.40%
    -> [Epoch 58] Student Test Accuracy for EMNIST: 5.13%
    -> [Epoch 59] Student Test Accuracy for EMNIST: 1.81%
    -> [Epoch 60] Student Test Accuracy for EMNIST: 2.60%
    -> [Epoch 61] Student Test Accuracy for EMNIST: 5.10%
    -> [Epoch 62] Student Test Accuracy for EMNIST: 5.16%
    -> [Epoch 63] Student Test Accuracy for EMNIST: 0.71%
    -> [Epoch 64] Student Test Accuracy for EMNIST: 4.78%
    -> [Epoch 65] Student Test Accuracy for EMNIST: 2.17%
    -> [Epoch 66] Student Test Accuracy for EMNIST: 5.17%
    -> [Epoch 67] Student Test Accuracy for EMNIST: 5.34%
    -> [Epoch 68] Student Test Accuracy for EMNIST: 2.86%
    -> [Epoch 69] Student Test Accuracy for EMNIST: 5.20%
    -> [Epoch 70] Student Test Accuracy for EMNIST: 1.24%
    -> [Epoch 71] Student Test Accuracy for EMNIST: 4.99%
    -> [Epoch 72] Student Test Accuracy for EMNIST: 1.48%
    -> [Epoch 73] Student Test Accuracy for EMNIST: 1.41%
    -> [Epoch 74] Student Test Accuracy for EMNIST: 4.29%
    -> [Epoch 75] Student Test Accuracy for EMNIST: 1.14%
    -> [Epoch 76] Student Test Accuracy for EMNIST: 5.03%
    -> [Epoch 77] Student Test Accuracy for EMNIST: 5.84%
    -> [Epoch 78] Student Test Accuracy for EMNIST: 5.05%
    -> [Epoch 79] Student Test Accuracy for EMNIST: 4.80%
    -> [Epoch 80] Student Test Accuracy for EMNIST: 4.41%
    -> [Epoch 81] Student Test Accuracy for EMNIST: 5.12%
    -> [Epoch 82] Student Test Accuracy for EMNIST: 2.07%
    -> [Epoch 83] Student Test Accuracy for EMNIST: 2.49%
    -> [Epoch 84] Student Test Accuracy for EMNIST: 1.22%
    -> [Epoch 85] Student Test Accuracy for EMNIST: 4.78%
    -> [Epoch 86] Student Test Accuracy for EMNIST: 5.09%
    -> [Epoch 87] Student Test Accuracy for EMNIST: 1.10%
    -> [Epoch 88] Student Test Accuracy for EMNIST: 1.05%
    -> [Epoch 89] Student Test Accuracy for EMNIST: 1.67%
    -> [Epoch 90] Student Test Accuracy for EMNIST: 4.01%
    -> [Epoch 91] Student Test Accuracy for EMNIST: 0.60%
    -> [Epoch 92] Student Test Accuracy for EMNIST: 0.82%
    -> [Epoch 93] Student Test Accuracy for EMNIST: 5.04%
    -> [Epoch 94] Student Test Accuracy for EMNIST: 0.72%
    -> [Epoch 95] Student Test Accuracy for EMNIST: 4.02%
    -> [Epoch 96] Student Test Accuracy for EMNIST: 5.07%
    -> [Epoch 97] Student Test Accuracy for EMNIST: 5.05%
    -> [Epoch 98] Student Test Accuracy for EMNIST: 5.83%
    -> [Epoch 99] Student Test Accuracy for EMNIST: 5.47%
    -> [Epoch 100] Student Test Accuracy for EMNIST: 4.76%
    -> [Epoch 101] Student Test Accuracy for EMNIST: 3.94%
    -> [Epoch 102] Student Test Accuracy for EMNIST: 5.08%
    -> [Epoch 103] Student Test Accuracy for EMNIST: 5.04%
    -> [Epoch 104] Student Test Accuracy for EMNIST: 0.56%
    -> [Epoch 105] Student Test Accuracy for EMNIST: 4.32%
    -> [Epoch 106] Student Test Accuracy for EMNIST: 1.11%
    -> [Epoch 107] Student Test Accuracy for EMNIST: 0.85%
    -> [Epoch 108] Student Test Accuracy for EMNIST: 5.01%
    -> [Epoch 109] Student Test Accuracy for EMNIST: 0.51%
    -> [Epoch 110] Student Test Accuracy for EMNIST: 0.51%
    -> [Epoch 111] Student Test Accuracy for EMNIST: 5.04%
    -> [Epoch 112] Student Test Accuracy for EMNIST: 3.75%
    -> [Epoch 113] Student Test Accuracy for EMNIST: 1.26%
    -> [Epoch 114] Student Test Accuracy for EMNIST: 5.05%
    -> [Epoch 115] Student Test Accuracy for EMNIST: 2.01%
    -> [Epoch 116] Student Test Accuracy for EMNIST: 5.08%
    -> [Epoch 117] Student Test Accuracy for EMNIST: 0.85%
    -> [Epoch 118] Student Test Accuracy for EMNIST: 6.23%
    -> [Epoch 119] Student Test Accuracy for EMNIST: 0.53%
    Dataset [EMNIST] Generator | Epochs: 120 | Final Loss: 293.2297
    -> Student Accuracy per Epoch saved to /home/unshun/multi-FL/logs/Local_noniid_hom_gb40/new_client_2026-04-16_12-28-01/NAYER_EMNIST_student_acc.csv
-> [New] Gen images saved to /home/unshun/multi-FL/logs/Local_noniid_hom_gb40/new_client_2026-04-16_12-28-01/NAYER_EMNIST__gen_img_old.png
Exp: Old Gen + Old Ent (0.1)
dynamic_entropy_ratio: 0.1
Exp: Old Gen + Old Ent (0.15)
dynamic_entropy_ratio: 0.15
Exp: Old Gen + Old Ent (0.2)
dynamic_entropy_ratio: 0.2
Exp: Old Gen + Old Ent (0.25)
dynamic_entropy_ratio: 0.25
Exp: Old Gen + Old Ent (0.3)
dynamic_entropy_ratio: 0.3
Exp: Old Gen + Old Ent (0.35)
dynamic_entropy_ratio: 0.35
Exp: Old Gen + Old Ent (0.4)
dynamic_entropy_ratio: 0.4
Exp: Old Gen + Old Ent (0.45)
dynamic_entropy_ratio: 0.45
Exp: Old Gen + Old Ent (0.5)
dynamic_entropy_ratio: 0.5
Exp: Old Gen + Old Ent (0.55)
dynamic_entropy_ratio: 0.55
Exp: Old Gen + Old Ent (0.6)
dynamic_entropy_ratio: 0.6
Exp: Old Gen + Old Ent (0.65)
dynamic_entropy_ratio: 0.65
Exp: Old Gen + Old Ent (0.7)
dynamic_entropy_ratio: 0.7
Exp: Old Gen + Old Ent (0.75)
dynamic_entropy_ratio: 0.75
Exp: Old Gen + Old Ent (0.8)
dynamic_entropy_ratio: 0.8
Exp: Old Gen + Old Ent (0.85)
dynamic_entropy_ratio: 0.85
Exp: Old Gen + Old Ent (0.9)
dynamic_entropy_ratio: 0.9
Exp: Old Gen + Old Ent (0.95)
dynamic_entropy_ratio: 0.95
Exp: Old Gen + Old Ent (1.0)
dynamic_entropy_ratio: 1.0
Exp: Old Gen + New Ent (0.1)
dynamic_entropy_ratio: 0.1
Exp: Old Gen + New Ent (0.15)
dynamic_entropy_ratio: 0.15
Exp: Old Gen + New Ent (0.2)
dynamic_entropy_ratio: 0.2
Exp: Old Gen + New Ent (0.25)
dynamic_entropy_ratio: 0.25
Exp: Old Gen + New Ent (0.3)
dynamic_entropy_ratio: 0.3
Exp: Old Gen + New Ent (0.35)
dynamic_entropy_ratio: 0.35
Exp: Old Gen + New Ent (0.4)
dynamic_entropy_ratio: 0.4
Exp: Old Gen + New Ent (0.45)
dynamic_entropy_ratio: 0.45
Exp: Old Gen + New Ent (0.5)
dynamic_entropy_ratio: 0.5
Exp: Old Gen + New Ent (0.55)
dynamic_entropy_ratio: 0.55
Exp: Old Gen + New Ent (0.6)
dynamic_entropy_ratio: 0.6
Exp: Old Gen + New Ent (0.65)
dynamic_entropy_ratio: 0.65
Exp: Old Gen + New Ent (0.7)
dynamic_entropy_ratio: 0.7
Exp: Old Gen + New Ent (0.75)
dynamic_entropy_ratio: 0.75
Exp: Old Gen + New Ent (0.8)
dynamic_entropy_ratio: 0.8
Exp: Old Gen + New Ent (0.85)
dynamic_entropy_ratio: 0.85
Exp: Old Gen + New Ent (0.9)
dynamic_entropy_ratio: 0.9
Exp: Old Gen + New Ent (0.95)
dynamic_entropy_ratio: 0.95
Exp: Old Gen + New Ent (1.0)
dynamic_entropy_ratio: 1.0
