Time: 2026-05-13 11:07:49
Log Dir: /home/unshun/multi-FL/logs/2026-05-12_12-45-34/FedTED_dir/new_client_2026-05-13_11-07-49/our_finetune_global_single_dataset
================================================================================
============================== New Client: our_finetune_global ==============================
  Target Model: logs/2026-05-12_12-45-34/FedTED_dir/config_checkpoints.pth
  Dataset Mode: single
  Output Dir:   /home/unshun/multi-FL/logs/2026-05-12_12-45-34/FedTED_dir/new_client_2026-05-13_11-07-49/our_finetune_global_single_dataset
================================================================================
[Init] Server Global Model parameters from: logs/2026-05-12_12-45-34/FedTED_dir/server_global_model.pth

==================================================
Dataset: MNIST | Client ID: 10
==================================================

  [ResNet18] Training...
    Epoch 0 | Acc: 99.34%
    Epoch 1/30 | CE Loss: 0.1973 | Acc: 94.14%
    Epoch 2/30 | CE Loss: 0.1127 | Acc: 94.14%
    Epoch 3/30 | CE Loss: 0.0751 | Acc: 97.68%
    Epoch 4/30 | CE Loss: 0.0326 | Acc: 99.23%
    Epoch 5/30 | CE Loss: 0.0354 | Acc: 96.02%
    Epoch 6/30 | CE Loss: 0.0252 | Acc: 97.13%
    Epoch 7/30 | CE Loss: 0.0354 | Acc: 96.57%
    Epoch 8/30 | CE Loss: 0.0240 | Acc: 98.12%
    Epoch 9/30 | CE Loss: 0.0747 | Acc: 97.02%
    Epoch 10/30 | CE Loss: 0.0265 | Acc: 98.23%
    Epoch 11/30 | CE Loss: 0.0211 | Acc: 98.67%
    Epoch 12/30 | CE Loss: 0.0110 | Acc: 98.56%
    Epoch 13/30 | CE Loss: 0.0133 | Acc: 98.67%
    Epoch 14/30 | CE Loss: 0.0247 | Acc: 97.57%
    Epoch 15/30 | CE Loss: 0.0577 | Acc: 98.01%
    Epoch 16/30 | CE Loss: 0.0261 | Acc: 98.23%
    Epoch 17/30 | CE Loss: 0.0191 | Acc: 96.13%
    Epoch 18/30 | CE Loss: 0.0276 | Acc: 98.34%
    Epoch 19/30 | CE Loss: 0.0040 | Acc: 98.23%
    Epoch 20/30 | CE Loss: 0.0017 | Acc: 98.90%
    Epoch 21/30 | CE Loss: 0.0063 | Acc: 98.78%
    Epoch 22/30 | CE Loss: 0.0032 | Acc: 98.67%
    Epoch 23/30 | CE Loss: 0.0080 | Acc: 98.78%
    Epoch 24/30 | CE Loss: 0.0084 | Acc: 98.56%
    Epoch 25/30 | CE Loss: 0.0050 | Acc: 98.23%
    Epoch 26/30 | CE Loss: 0.0049 | Acc: 98.56%
    Epoch 27/30 | CE Loss: 0.0098 | Acc: 99.01%
    Epoch 28/30 | CE Loss: 0.0265 | Acc: 96.57%
    Epoch 29/30 | CE Loss: 0.0212 | Acc: 97.24%
    Epoch 30/30 | CE Loss: 0.0116 | Acc: 98.56%
Accuracy history saved to /home/unshun/multi-FL/logs/2026-05-12_12-45-34/FedTED_dir/new_client_2026-05-13_11-07-49/our_finetune_global_single_dataset/MNIST_newclient_history.csv

==================================================
Dataset: FashionMNIST | Client ID: 21
==================================================

  [ResNet18] Training...
    Epoch 0 | Acc: 91.00%
    Epoch 1/30 | CE Loss: 0.5330 | Acc: 86.89%
    Epoch 2/30 | CE Loss: 0.3465 | Acc: 86.78%
    Epoch 3/30 | CE Loss: 0.3311 | Acc: 86.00%
    Epoch 4/30 | CE Loss: 0.2497 | Acc: 86.44%
    Epoch 5/30 | CE Loss: 0.2226 | Acc: 88.33%
    Epoch 6/30 | CE Loss: 0.2237 | Acc: 81.89%
    Epoch 7/30 | CE Loss: 0.1678 | Acc: 86.78%
    Epoch 8/30 | CE Loss: 0.1618 | Acc: 84.11%
    Epoch 9/30 | CE Loss: 0.1965 | Acc: 88.56%
    Epoch 10/30 | CE Loss: 0.0933 | Acc: 86.89%
    Epoch 11/30 | CE Loss: 0.0769 | Acc: 89.89%
    Epoch 12/30 | CE Loss: 0.0930 | Acc: 86.56%
    Epoch 13/30 | CE Loss: 0.1320 | Acc: 86.89%
    Epoch 14/30 | CE Loss: 0.0610 | Acc: 88.67%
    Epoch 15/30 | CE Loss: 0.0700 | Acc: 86.44%
    Epoch 16/30 | CE Loss: 0.0883 | Acc: 88.33%
    Epoch 17/30 | CE Loss: 0.0478 | Acc: 87.22%
    Epoch 18/30 | CE Loss: 0.0201 | Acc: 89.22%
    Epoch 19/30 | CE Loss: 0.0361 | Acc: 88.89%
    Epoch 20/30 | CE Loss: 0.0329 | Acc: 88.89%
    Epoch 21/30 | CE Loss: 0.0292 | Acc: 90.33%
    Epoch 22/30 | CE Loss: 0.0170 | Acc: 90.44%
    Epoch 23/30 | CE Loss: 0.0184 | Acc: 88.33%
    Epoch 24/30 | CE Loss: 0.0774 | Acc: 86.89%
    Epoch 25/30 | CE Loss: 0.0357 | Acc: 89.33%
    Epoch 26/30 | CE Loss: 0.0460 | Acc: 89.44%
    Epoch 27/30 | CE Loss: 0.1176 | Acc: 87.67%
    Epoch 28/30 | CE Loss: 0.0276 | Acc: 89.11%
    Epoch 29/30 | CE Loss: 0.0144 | Acc: 88.67%
    Epoch 30/30 | CE Loss: 0.0260 | Acc: 89.89%
Accuracy history saved to /home/unshun/multi-FL/logs/2026-05-12_12-45-34/FedTED_dir/new_client_2026-05-13_11-07-49/our_finetune_global_single_dataset/FashionMNIST_newclient_history.csv

==================================================
Dataset: EMNIST | Client ID: 32
==================================================

  [ResNet18] Training...
    Epoch 0 | Acc: 82.55%
    Epoch 1/30 | CE Loss: 0.5360 | Acc: 83.62%
    Epoch 2/30 | CE Loss: 0.4381 | Acc: 84.13%
    Epoch 3/30 | CE Loss: 0.4028 | Acc: 84.53%
    Epoch 4/30 | CE Loss: 0.3804 | Acc: 85.05%
    Epoch 5/30 | CE Loss: 0.3604 | Acc: 85.22%
    Epoch 6/30 | CE Loss: 0.3438 | Acc: 85.20%
    Epoch 7/30 | CE Loss: 0.3292 | Acc: 85.81%
    Epoch 8/30 | CE Loss: 0.3118 | Acc: 85.03%
    Epoch 9/30 | CE Loss: 0.2969 | Acc: 84.74%
    Epoch 10/30 | CE Loss: 0.2794 | Acc: 85.81%
    Epoch 11/30 | CE Loss: 0.2667 | Acc: 85.60%
    Epoch 12/30 | CE Loss: 0.2473 | Acc: 85.02%
    Epoch 13/30 | CE Loss: 0.2314 | Acc: 84.88%
    Epoch 14/30 | CE Loss: 0.2110 | Acc: 85.07%
    Epoch 15/30 | CE Loss: 0.1939 | Acc: 84.43%
    Epoch 16/30 | CE Loss: 0.1719 | Acc: 84.24%
    Epoch 17/30 | CE Loss: 0.1461 | Acc: 83.78%
    Epoch 18/30 | CE Loss: 0.1274 | Acc: 84.41%
    Epoch 19/30 | CE Loss: 0.1106 | Acc: 84.65%
    Epoch 20/30 | CE Loss: 0.0952 | Acc: 83.69%
    Epoch 21/30 | CE Loss: 0.0819 | Acc: 83.60%
    Epoch 22/30 | CE Loss: 0.0708 | Acc: 82.71%
    Epoch 23/30 | CE Loss: 0.0655 | Acc: 83.32%
    Epoch 24/30 | CE Loss: 0.0539 | Acc: 83.39%
    Epoch 25/30 | CE Loss: 0.0498 | Acc: 83.34%
    Epoch 26/30 | CE Loss: 0.0417 | Acc: 83.18%
    Epoch 27/30 | CE Loss: 0.0419 | Acc: 83.47%
    Epoch 28/30 | CE Loss: 0.0375 | Acc: 83.02%
    Epoch 29/30 | CE Loss: 0.0304 | Acc: 82.80%
    Epoch 30/30 | CE Loss: 0.0314 | Acc: 83.62%
Accuracy history saved to /home/unshun/multi-FL/logs/2026-05-12_12-45-34/FedTED_dir/new_client_2026-05-13_11-07-49/our_finetune_global_single_dataset/EMNIST_newclient_history.csv

============================== Finished. Total Time: 0:14:30 ==============================
