Time: 2026-04-17 20:30:10
Log Dir: /home/unshun/multi-FL/logs/Local_iid_het_gb40/new_client_2026-04-17_20-30-10/
================================================================================Loading checkpoints from logs/Local_iid_het_gb40/Local/
Method selected: DI
Loaded SqueezeNet for CIFAR10 from client_model_CIFAR10_c31_SqueezeNet.pth
Loaded MLP for CIFAR10 from client_model_CIFAR10_c22_MLP.pth
Loaded ResNet8 for CIFAR10 from client_model_CIFAR10_c24_ResNet8.pth
Loaded CNN for CIFAR10 from client_model_CIFAR10_c23_CNN.pth
Loaded ResNet18 for CIFAR10 from client_model_CIFAR10_c25_ResNet18.pth
Loaded MobileNetV2 for CIFAR10 from client_model_CIFAR10_c26_MobileNetV2.pth
Loaded LeNet for CIFAR10 from client_model_CIFAR10_c28_LeNet.pth
Loaded ShuffleNet for CIFAR10 from client_model_CIFAR10_c30_ShuffleNet.pth
Loaded MobileNetV3 for CIFAR10 from client_model_CIFAR10_c27_MobileNetV3.pth
Loaded AlexNet for CIFAR10 from client_model_CIFAR10_c29_AlexNet.pth
WARNING: No models loaded for dataset: FashionMNIST.
WARNING: No models loaded for dataset: CIFAR100.

========================================
>>> [METHOD: SYNTHETIC] Starting Synthetic Label Mapping...
========================================
>>> Target Methods to Run: ['DI']
>>> [Syn] Loaded client data distributions directly from server checkpoint.

########################################
>>> [Syn] Running Method: DI
########################################

>>> Syn-DI Training Old Generators...
[Testing] Training Per-Dataset Generators Offline (Old Gen Method)...
--- DeepInversion Generator Configuration ---
    epochs: 120
    g_steps: 1000
    lr: 0.1
    ce: 1.0
    bn: 10.0
    tv: 0.005
    l2: 0.0
    adv: 1.0
    student_lr: 0.2
------------------------------------
    -> [Epoch 0] Student Test Accuracy for CIFAR10: 10.28%
    -> [Epoch 1] Student Test Accuracy for CIFAR10: 10.75%
    -> [Epoch 2] Student Test Accuracy for CIFAR10: 9.84%
    -> [Epoch 3] Student Test Accuracy for CIFAR10: 11.02%
    -> [Epoch 4] Student Test Accuracy for CIFAR10: 12.27%
    -> [Epoch 5] Student Test Accuracy for CIFAR10: 12.24%
    -> [Epoch 6] Student Test Accuracy for CIFAR10: 15.06%
    -> [Epoch 7] Student Test Accuracy for CIFAR10: 10.16%
    -> [Epoch 8] Student Test Accuracy for CIFAR10: 10.05%
    -> [Epoch 9] Student Test Accuracy for CIFAR10: 11.57%
    -> [Epoch 10] Student Test Accuracy for CIFAR10: 14.39%
    -> [Epoch 11] Student Test Accuracy for CIFAR10: 13.44%
    -> [Epoch 12] Student Test Accuracy for CIFAR10: 13.89%
    -> [Epoch 13] Student Test Accuracy for CIFAR10: 14.62%
    -> [Epoch 14] Student Test Accuracy for CIFAR10: 14.05%
    -> [Epoch 15] Student Test Accuracy for CIFAR10: 14.03%
    -> [Epoch 16] Student Test Accuracy for CIFAR10: 15.36%
    -> [Epoch 17] Student Test Accuracy for CIFAR10: 16.42%
    -> [Epoch 18] Student Test Accuracy for CIFAR10: 16.17%
    -> [Epoch 19] Student Test Accuracy for CIFAR10: 14.97%
    -> [Epoch 20] Student Test Accuracy for CIFAR10: 15.29%
    -> [Epoch 21] Student Test Accuracy for CIFAR10: 15.15%
    -> [Epoch 22] Student Test Accuracy for CIFAR10: 14.68%
    -> [Epoch 23] Student Test Accuracy for CIFAR10: 13.62%
    -> [Epoch 24] Student Test Accuracy for CIFAR10: 13.89%
    -> [Epoch 25] Student Test Accuracy for CIFAR10: 14.65%
    -> [Epoch 26] Student Test Accuracy for CIFAR10: 14.86%
    -> [Epoch 27] Student Test Accuracy for CIFAR10: 15.95%
    -> [Epoch 28] Student Test Accuracy for CIFAR10: 15.72%
    -> [Epoch 29] Student Test Accuracy for CIFAR10: 16.03%
    -> [Epoch 30] Student Test Accuracy for CIFAR10: 15.69%
    -> [Epoch 31] Student Test Accuracy for CIFAR10: 16.20%
    -> [Epoch 32] Student Test Accuracy for CIFAR10: 15.95%
    -> [Epoch 33] Student Test Accuracy for CIFAR10: 16.51%
    -> [Epoch 34] Student Test Accuracy for CIFAR10: 17.88%
    -> [Epoch 35] Student Test Accuracy for CIFAR10: 19.22%
    -> [Epoch 36] Student Test Accuracy for CIFAR10: 20.02%
    -> [Epoch 37] Student Test Accuracy for CIFAR10: 19.34%
    -> [Epoch 38] Student Test Accuracy for CIFAR10: 18.61%
    -> [Epoch 39] Student Test Accuracy for CIFAR10: 15.57%
    -> [Epoch 40] Student Test Accuracy for CIFAR10: 14.35%
    -> [Epoch 41] Student Test Accuracy for CIFAR10: 14.93%
    -> [Epoch 42] Student Test Accuracy for CIFAR10: 17.67%
    -> [Epoch 43] Student Test Accuracy for CIFAR10: 17.96%
    -> [Epoch 44] Student Test Accuracy for CIFAR10: 18.85%
    -> [Epoch 45] Student Test Accuracy for CIFAR10: 20.15%
    -> [Epoch 46] Student Test Accuracy for CIFAR10: 20.58%
    -> [Epoch 47] Student Test Accuracy for CIFAR10: 20.36%
    -> [Epoch 48] Student Test Accuracy for CIFAR10: 20.94%
    -> [Epoch 49] Student Test Accuracy for CIFAR10: 20.68%
    -> [Epoch 50] Student Test Accuracy for CIFAR10: 20.08%
    -> [Epoch 51] Student Test Accuracy for CIFAR10: 19.40%
    -> [Epoch 52] Student Test Accuracy for CIFAR10: 19.36%
    -> [Epoch 53] Student Test Accuracy for CIFAR10: 18.84%
    -> [Epoch 54] Student Test Accuracy for CIFAR10: 18.37%
    -> [Epoch 55] Student Test Accuracy for CIFAR10: 18.03%
    -> [Epoch 56] Student Test Accuracy for CIFAR10: 17.26%
    -> [Epoch 57] Student Test Accuracy for CIFAR10: 17.24%
    -> [Epoch 58] Student Test Accuracy for CIFAR10: 17.53%
    -> [Epoch 59] Student Test Accuracy for CIFAR10: 18.01%
    -> [Epoch 60] Student Test Accuracy for CIFAR10: 19.31%
    -> [Epoch 61] Student Test Accuracy for CIFAR10: 21.16%
    -> [Epoch 62] Student Test Accuracy for CIFAR10: 22.60%
    -> [Epoch 63] Student Test Accuracy for CIFAR10: 22.35%
    -> [Epoch 64] Student Test Accuracy for CIFAR10: 20.85%
    -> [Epoch 65] Student Test Accuracy for CIFAR10: 19.17%
    -> [Epoch 66] Student Test Accuracy for CIFAR10: 18.79%
    -> [Epoch 67] Student Test Accuracy for CIFAR10: 21.36%
    -> [Epoch 68] Student Test Accuracy for CIFAR10: 25.03%
    -> [Epoch 69] Student Test Accuracy for CIFAR10: 20.70%
    -> [Epoch 70] Student Test Accuracy for CIFAR10: 19.34%
    -> [Epoch 71] Student Test Accuracy for CIFAR10: 19.54%
    -> [Epoch 72] Student Test Accuracy for CIFAR10: 20.94%
    -> [Epoch 73] Student Test Accuracy for CIFAR10: 22.67%
    -> [Epoch 74] Student Test Accuracy for CIFAR10: 24.68%
    -> [Epoch 75] Student Test Accuracy for CIFAR10: 21.21%
    -> [Epoch 76] Student Test Accuracy for CIFAR10: 18.45%
    -> [Epoch 77] Student Test Accuracy for CIFAR10: 16.23%
    -> [Epoch 78] Student Test Accuracy for CIFAR10: 15.13%
    -> [Epoch 79] Student Test Accuracy for CIFAR10: 14.75%
    -> [Epoch 80] Student Test Accuracy for CIFAR10: 14.77%
    -> [Epoch 81] Student Test Accuracy for CIFAR10: 15.84%
    -> [Epoch 82] Student Test Accuracy for CIFAR10: 18.90%
    -> [Epoch 83] Student Test Accuracy for CIFAR10: 20.32%
    -> [Epoch 84] Student Test Accuracy for CIFAR10: 20.92%
    -> [Epoch 85] Student Test Accuracy for CIFAR10: 21.39%
    -> [Epoch 86] Student Test Accuracy for CIFAR10: 20.30%
    -> [Epoch 87] Student Test Accuracy for CIFAR10: 19.64%
    -> [Epoch 88] Student Test Accuracy for CIFAR10: 18.35%
    -> [Epoch 89] Student Test Accuracy for CIFAR10: 17.58%
    -> [Epoch 90] Student Test Accuracy for CIFAR10: 18.59%
    -> [Epoch 91] Student Test Accuracy for CIFAR10: 19.10%
    -> [Epoch 92] Student Test Accuracy for CIFAR10: 19.27%
    -> [Epoch 93] Student Test Accuracy for CIFAR10: 19.01%
    -> [Epoch 94] Student Test Accuracy for CIFAR10: 22.70%
    -> [Epoch 95] Student Test Accuracy for CIFAR10: 26.80%
    -> [Epoch 96] Student Test Accuracy for CIFAR10: 27.73%
    -> [Epoch 97] Student Test Accuracy for CIFAR10: 25.55%
    -> [Epoch 98] Student Test Accuracy for CIFAR10: 21.96%
    -> [Epoch 99] Student Test Accuracy for CIFAR10: 17.34%
    -> [Epoch 100] Student Test Accuracy for CIFAR10: 13.90%
    -> [Epoch 101] Student Test Accuracy for CIFAR10: 12.07%
    -> [Epoch 102] Student Test Accuracy for CIFAR10: 11.48%
    -> [Epoch 103] Student Test Accuracy for CIFAR10: 11.67%
    -> [Epoch 104] Student Test Accuracy for CIFAR10: 12.18%
    -> [Epoch 105] Student Test Accuracy for CIFAR10: 12.92%
    -> [Epoch 106] Student Test Accuracy for CIFAR10: 13.58%
    -> [Epoch 107] Student Test Accuracy for CIFAR10: 14.75%
    -> [Epoch 108] Student Test Accuracy for CIFAR10: 15.75%
    -> [Epoch 109] Student Test Accuracy for CIFAR10: 17.29%
    -> [Epoch 110] Student Test Accuracy for CIFAR10: 19.81%
    -> [Epoch 111] Student Test Accuracy for CIFAR10: 19.42%
    -> [Epoch 112] Student Test Accuracy for CIFAR10: 18.62%
    -> [Epoch 113] Student Test Accuracy for CIFAR10: 16.84%
    -> [Epoch 114] Student Test Accuracy for CIFAR10: 18.93%
    -> [Epoch 115] Student Test Accuracy for CIFAR10: 20.77%
    -> [Epoch 116] Student Test Accuracy for CIFAR10: 19.98%
    -> [Epoch 117] Student Test Accuracy for CIFAR10: 18.74%
    -> [Epoch 118] Student Test Accuracy for CIFAR10: 17.34%
    -> [Epoch 119] Student Test Accuracy for CIFAR10: 16.60%
    Dataset [CIFAR10] Generator | Epochs: 120 | Final Loss: 169.8646
    -> Student Accuracy per Epoch saved to /home/unshun/multi-FL/logs/Local_iid_het_gb40/new_client_2026-04-17_20-30-10/DI_CIFAR10_student_acc.csv
-> [New] Gen images saved to /home/unshun/multi-FL/logs/Local_iid_het_gb40/new_client_2026-04-17_20-30-10/DeepInversion_CIFAR10__gen_img_old.png
