Time: 2026-03-26 09:54:50
Log Dir: logs/2026-03-26_09-54-50/Local
================================================================================

==============================        Args        ==============================
  exp_timestamp: None
  exp_conf: ./configs/het-exp.yaml
  device: cuda:1
  seed: 15698
  algorithm: Local
  num_new_clients: 1
  num_train_mnist: 10
  num_train_emnist: 10
  num_train_fashionmnist: 0
  num_train_cifar10: 10
  num_train_cifar100: 0
  num_train_usps: 0
================================================================================
==============================    Exp Configs     ==============================
exp_name: model-heterogeneity
heterogeneous: true
dirichlet_alpha: 0.1
global_rounds: 40
local_epochs: 1
local_loss_fn: CrossEntropyLoss
local_optim: Adam
local_lr: 0.001
batch_size: 64
sample_frac: 1.0
test_interval: 1
metric_type: accuracy
global_feature_dim: 256
optim: Adam
optim_lr: 0.001
global_gen_epochs: 10
gen_noise_dim: 128
gen_optim: Adam
gen_optim_lr: 0.001
global_feat_gen_epochs: 10
feat_gen_noise_dim: 128
feat_gen_optim: Adam
feat_gen_optim_lr: 0.001
feat_gen_div_beta: 1.0
public_data_ratio: 0.05
start_mapping_epoch: 1
gen_observer_weight: 1.0
index_matching: class_name
global_model_epochs: 15
global_model_optim: Adam
global_model_optim_lr: 0.001

================================================================================

==================================================
Start 40 rounds training by Local
Selected client ids: [0, 1, 2, 3, 4, 5, 6, 7, 8, 9, 10, 11, 12, 13, 14, 15, 16, 17, 18, 19, 20, 21, 22, 23, 24, 25, 26, 27, 28, 29]
--- Round 1 ---
Round 1 | Client 0 | Model: (MLP) | Acc: 93.28%
Round 1 | Client 1 | Model: (CNN) | Acc: 82.70%
Round 1 | Client 2 | Model: (ResNet8) | Acc: 97.78%
Round 1 | Client 3 | Model: (ResNet18) | Acc: 81.15%
Round 1 | Client 4 | Model: (MobileNetV2) | Acc: 91.58%
Round 1 | Client 5 | Model: (MobileNetV3) | Acc: 88.29%
Round 1 | Client 6 | Model: (LeNet) | Acc: 60.54%
Round 1 | Client 7 | Model: (AlexNet) | Acc: 66.21%
Round 1 | Client 8 | Model: (ShuffleNet) | Acc: 95.62%
Round 1 | Client 9 | Model: (SqueezeNet) | Acc: 91.69%
Round 1 | Client 11 | Model: (MLP) | Acc: 92.51%
Round 1 | Client 12 | Model: (CNN) | Acc: 91.08%
Round 1 | Client 13 | Model: (ResNet8) | Acc: 91.29%
Round 1 | Client 14 | Model: (ResNet18) | Acc: 94.32%
Round 1 | Client 15 | Model: (MobileNetV2) | Acc: 90.23%
Round 1 | Client 16 | Model: (MobileNetV3) | Acc: 85.56%
Round 1 | Client 17 | Model: (LeNet) | Acc: 92.39%
Round 1 | Client 18 | Model: (AlexNet) | Acc: 95.24%
Round 1 | Client 19 | Model: (ShuffleNet) | Acc: 87.49%
Round 1 | Client 20 | Model: (SqueezeNet) | Acc: 84.79%
Round 1 | Client 22 | Model: (MLP) | Acc: 67.74%
Round 1 | Client 23 | Model: (CNN) | Acc: 52.40%
Round 1 | Client 24 | Model: (ResNet8) | Acc: 60.00%
Round 1 | Client 25 | Model: (ResNet18) | Acc: 58.08%
Round 1 | Client 26 | Model: (MobileNetV2) | Acc: 67.72%
Round 1 | Client 27 | Model: (MobileNetV3) | Acc: 66.80%
Round 1 | Client 28 | Model: (LeNet) | Acc: 66.07%
Round 1 | Client 29 | Model: (AlexNet) | Acc: 92.49%
Round 1 | Client 30 | Model: (ShuffleNet) | Acc: 78.49%
Round 1 | Client 31 | Model: (SqueezeNet) | Acc: 58.01%
[Server] Performing Name-Based Label Mapping...
[Server] Name-based mapping completed. Found 72 unique global classes.

=========================================================================================================
Global ID  | Class Name           | Mapped Datasets (Local ID)
---------------------------------------------------------------------------------------------------------
0          | 0                    | MNIST(0), EMNIST(0)
1          | 1                    | MNIST(1), EMNIST(1)
2          | 2                    | MNIST(2), EMNIST(2)
3          | 3                    | MNIST(3), EMNIST(3)
4          | 4                    | MNIST(4), EMNIST(4)
5          | 5                    | MNIST(5), EMNIST(5)
6          | 6                    | MNIST(6), EMNIST(6)
7          | 7                    | MNIST(7), EMNIST(7)
8          | 8                    | MNIST(8), EMNIST(8)
9          | 9                    | MNIST(9), EMNIST(9)
10         | A                    | EMNIST(10)
11         | B                    | EMNIST(11)
12         | C                    | EMNIST(12)
13         | D                    | EMNIST(13)
14         | E                    | EMNIST(14)
15         | F                    | EMNIST(15)
16         | G                    | EMNIST(16)
17         | H                    | EMNIST(17)
18         | I                    | EMNIST(18)
19         | J                    | EMNIST(19)
20         | K                    | EMNIST(20)
21         | L                    | EMNIST(21)
22         | M                    | EMNIST(22)
23         | N                    | EMNIST(23)
24         | O                    | EMNIST(24)
25         | P                    | EMNIST(25)
26         | Q                    | EMNIST(26)
27         | R                    | EMNIST(27)
28         | S                    | EMNIST(28)
29         | T                    | EMNIST(29)
30         | U                    | EMNIST(30)
31         | V                    | EMNIST(31)
32         | W                    | EMNIST(32)
33         | X                    | EMNIST(33)
34         | Y                    | EMNIST(34)
35         | Z                    | EMNIST(35)
36         | a                    | EMNIST(36)
37         | airplane             | CIFAR10(0)
38         | automobile           | CIFAR10(1)
39         | b                    | EMNIST(37)
40         | bird                 | CIFAR10(2)
41         | c                    | EMNIST(38)
42         | cat                  | CIFAR10(3)
43         | d                    | EMNIST(39)
44         | deer                 | CIFAR10(4)
45         | dog                  | CIFAR10(5)
46         | e                    | EMNIST(40)
47         | f                    | EMNIST(41)
48         | frog                 | CIFAR10(6)
49         | g                    | EMNIST(42)
50         | h                    | EMNIST(43)
51         | horse                | CIFAR10(7)
52         | i                    | EMNIST(44)
53         | j                    | EMNIST(45)
54         | k                    | EMNIST(46)
55         | l                    | EMNIST(47)
56         | m                    | EMNIST(48)
57         | n                    | EMNIST(49)
58         | o                    | EMNIST(50)
59         | p                    | EMNIST(51)
60         | q                    | EMNIST(52)
61         | r                    | EMNIST(53)
62         | s                    | EMNIST(54)
63         | ship                 | CIFAR10(8)
64         | t                    | EMNIST(55)
65         | truck                | CIFAR10(9)
66         | u                    | EMNIST(56)
67         | v                    | EMNIST(57)
68         | w                    | EMNIST(58)
69         | x                    | EMNIST(59)
70         | y                    | EMNIST(60)
71         | z                    | EMNIST(61)
=========================================================================================================

Selected client ids: [0, 1, 2, 3, 4, 5, 6, 7, 8, 9, 10, 11, 12, 13, 14, 15, 16, 17, 18, 19, 20, 21, 22, 23, 24, 25, 26, 27, 28, 29]
--- Round 2 ---
Round 2 | Client 0 | Model: (MLP) | Acc: 95.27%
Round 2 | Client 1 | Model: (CNN) | Acc: 93.08%
Round 2 | Client 2 | Model: (ResNet8) | Acc: 97.78%
Round 2 | Client 3 | Model: (ResNet18) | Acc: 97.95%
Round 2 | Client 4 | Model: (MobileNetV2) | Acc: 95.08%
Round 2 | Client 5 | Model: (MobileNetV3) | Acc: 94.75%
Round 2 | Client 6 | Model: (LeNet) | Acc: 60.54%
Round 2 | Client 7 | Model: (AlexNet) | Acc: 95.80%
Round 2 | Client 8 | Model: (ShuffleNet) | Acc: 97.17%
Round 2 | Client 9 | Model: (SqueezeNet) | Acc: 94.42%
Round 2 | Client 11 | Model: (MLP) | Acc: 93.65%
Round 2 | Client 12 | Model: (CNN) | Acc: 88.25%
Round 2 | Client 13 | Model: (ResNet8) | Acc: 92.45%
Round 2 | Client 14 | Model: (ResNet18) | Acc: 94.87%
Round 2 | Client 15 | Model: (MobileNetV2) | Acc: 92.46%
Round 2 | Client 16 | Model: (MobileNetV3) | Acc: 90.39%
Round 2 | Client 17 | Model: (LeNet) | Acc: 92.09%
Round 2 | Client 18 | Model: (AlexNet) | Acc: 95.98%
Round 2 | Client 19 | Model: (ShuffleNet) | Acc: 90.59%
Round 2 | Client 20 | Model: (SqueezeNet) | Acc: 89.02%
Round 2 | Client 22 | Model: (MLP) | Acc: 71.44%
Round 2 | Client 23 | Model: (CNN) | Acc: 66.53%
Round 2 | Client 24 | Model: (ResNet8) | Acc: 60.00%
Round 2 | Client 25 | Model: (ResNet18) | Acc: 59.51%
Round 2 | Client 26 | Model: (MobileNetV2) | Acc: 72.16%
Round 2 | Client 27 | Model: (MobileNetV3) | Acc: 69.24%
Round 2 | Client 28 | Model: (LeNet) | Acc: 83.40%
Round 2 | Client 29 | Model: (AlexNet) | Acc: 92.49%
Round 2 | Client 30 | Model: (ShuffleNet) | Acc: 79.16%
Round 2 | Client 31 | Model: (SqueezeNet) | Acc: 58.01%
Selected client ids: [0, 1, 2, 3, 4, 5, 6, 7, 8, 9, 10, 11, 12, 13, 14, 15, 16, 17, 18, 19, 20, 21, 22, 23, 24, 25, 26, 27, 28, 29]
--- Round 3 ---
Round 3 | Client 0 | Model: (MLP) | Acc: 96.27%
Round 3 | Client 1 | Model: (CNN) | Acc: 89.62%
Round 3 | Client 2 | Model: (ResNet8) | Acc: 98.15%
Round 3 | Client 3 | Model: (ResNet18) | Acc: 95.49%
Round 3 | Client 4 | Model: (MobileNetV2) | Acc: 96.30%
Round 3 | Client 5 | Model: (MobileNetV3) | Acc: 95.19%
Round 3 | Client 6 | Model: (LeNet) | Acc: 85.84%
Round 3 | Client 7 | Model: (AlexNet) | Acc: 97.85%
Round 3 | Client 8 | Model: (ShuffleNet) | Acc: 98.04%
Round 3 | Client 9 | Model: (SqueezeNet) | Acc: 94.89%
Round 3 | Client 11 | Model: (MLP) | Acc: 94.08%
Round 3 | Client 12 | Model: (CNN) | Acc: 94.59%
Round 3 | Client 13 | Model: (ResNet8) | Acc: 93.75%
Round 3 | Client 14 | Model: (ResNet18) | Acc: 95.66%
Round 3 | Client 15 | Model: (MobileNetV2) | Acc: 92.39%
Round 3 | Client 16 | Model: (MobileNetV3) | Acc: 91.44%
Round 3 | Client 17 | Model: (LeNet) | Acc: 93.62%
Round 3 | Client 18 | Model: (AlexNet) | Acc: 96.33%
Round 3 | Client 19 | Model: (ShuffleNet) | Acc: 92.24%
Round 3 | Client 20 | Model: (SqueezeNet) | Acc: 91.12%
Round 3 | Client 22 | Model: (MLP) | Acc: 72.65%
Round 3 | Client 23 | Model: (CNN) | Acc: 70.27%
Round 3 | Client 24 | Model: (ResNet8) | Acc: 60.00%
Round 3 | Client 25 | Model: (ResNet18) | Acc: 70.73%
Round 3 | Client 26 | Model: (MobileNetV2) | Acc: 77.20%
Round 3 | Client 27 | Model: (MobileNetV3) | Acc: 69.94%
Round 3 | Client 28 | Model: (LeNet) | Acc: 81.34%
Round 3 | Client 29 | Model: (AlexNet) | Acc: 92.49%
Round 3 | Client 30 | Model: (ShuffleNet) | Acc: 79.60%
Round 3 | Client 31 | Model: (SqueezeNet) | Acc: 58.01%
Selected client ids: [0, 1, 2, 3, 4, 5, 6, 7, 8, 9, 10, 11, 12, 13, 14, 15, 16, 17, 18, 19, 20, 21, 22, 23, 24, 25, 26, 27, 28, 29]
--- Round 4 ---
Round 4 | Client 0 | Model: (MLP) | Acc: 97.76%
Round 4 | Client 1 | Model: (CNN) | Acc: 94.97%
Round 4 | Client 2 | Model: (ResNet8) | Acc: 97.78%
Round 4 | Client 3 | Model: (ResNet18) | Acc: 95.90%
Round 4 | Client 4 | Model: (MobileNetV2) | Acc: 97.06%
Round 4 | Client 5 | Model: (MobileNetV3) | Acc: 94.53%
Round 4 | Client 6 | Model: (LeNet) | Acc: 94.88%
Round 4 | Client 7 | Model: (AlexNet) | Acc: 98.19%
Round 4 | Client 8 | Model: (ShuffleNet) | Acc: 97.66%
Round 4 | Client 9 | Model: (SqueezeNet) | Acc: 95.61%
Round 4 | Client 11 | Model: (MLP) | Acc: 94.22%
Round 4 | Client 12 | Model: (CNN) | Acc: 93.93%
Round 4 | Client 13 | Model: (ResNet8) | Acc: 93.90%
Round 4 | Client 14 | Model: (ResNet18) | Acc: 94.34%
Round 4 | Client 15 | Model: (MobileNetV2) | Acc: 92.97%
Round 4 | Client 16 | Model: (MobileNetV3) | Acc: 91.93%
Round 4 | Client 17 | Model: (LeNet) | Acc: 93.93%
Round 4 | Client 18 | Model: (AlexNet) | Acc: 96.53%
Round 4 | Client 19 | Model: (ShuffleNet) | Acc: 92.98%
Round 4 | Client 20 | Model: (SqueezeNet) | Acc: 92.08%
Round 4 | Client 22 | Model: (MLP) | Acc: 71.76%
Round 4 | Client 23 | Model: (CNN) | Acc: 65.33%
Round 4 | Client 24 | Model: (ResNet8) | Acc: 60.00%
Round 4 | Client 25 | Model: (ResNet18) | Acc: 57.63%
Round 4 | Client 26 | Model: (MobileNetV2) | Acc: 78.28%
Round 4 | Client 27 | Model: (MobileNetV3) | Acc: 72.49%
Round 4 | Client 28 | Model: (LeNet) | Acc: 83.62%
Round 4 | Client 29 | Model: (AlexNet) | Acc: 92.49%
Round 4 | Client 30 | Model: (ShuffleNet) | Acc: 81.60%
Round 4 | Client 31 | Model: (SqueezeNet) | Acc: 78.21%
Selected client ids: [0, 1, 2, 3, 4, 5, 6, 7, 8, 9, 10, 11, 12, 13, 14, 15, 16, 17, 18, 19, 20, 21, 22, 23, 24, 25, 26, 27, 28, 29]
--- Round 5 ---
Round 5 | Client 0 | Model: (MLP) | Acc: 96.77%
Round 5 | Client 1 | Model: (CNN) | Acc: 97.48%
Round 5 | Client 2 | Model: (ResNet8) | Acc: 85.21%
Round 5 | Client 3 | Model: (ResNet18) | Acc: 97.54%
Round 5 | Client 4 | Model: (MobileNetV2) | Acc: 97.92%
Round 5 | Client 5 | Model: (MobileNetV3) | Acc: 92.67%
Round 5 | Client 6 | Model: (LeNet) | Acc: 97.29%
Round 5 | Client 7 | Model: (AlexNet) | Acc: 98.75%
Round 5 | Client 8 | Model: (ShuffleNet) | Acc: 98.26%
Round 5 | Client 9 | Model: (SqueezeNet) | Acc: 95.96%
Round 5 | Client 11 | Model: (MLP) | Acc: 94.77%
Round 5 | Client 12 | Model: (CNN) | Acc: 95.03%
Round 5 | Client 13 | Model: (ResNet8) | Acc: 93.58%
Round 5 | Client 14 | Model: (ResNet18) | Acc: 96.04%
Round 5 | Client 15 | Model: (MobileNetV2) | Acc: 93.76%
Round 5 | Client 16 | Model: (MobileNetV3) | Acc: 86.14%
Round 5 | Client 17 | Model: (LeNet) | Acc: 93.78%
Round 5 | Client 18 | Model: (AlexNet) | Acc: 96.29%
Round 5 | Client 19 | Model: (ShuffleNet) | Acc: 93.08%
Round 5 | Client 20 | Model: (SqueezeNet) | Acc: 91.52%
Round 5 | Client 22 | Model: (MLP) | Acc: 71.36%
Round 5 | Client 23 | Model: (CNN) | Acc: 64.93%
Round 5 | Client 24 | Model: (ResNet8) | Acc: 60.00%
Round 5 | Client 25 | Model: (ResNet18) | Acc: 72.53%
Round 5 | Client 26 | Model: (MobileNetV2) | Acc: 78.08%
Round 5 | Client 27 | Model: (MobileNetV3) | Acc: 71.62%
Round 5 | Client 28 | Model: (LeNet) | Acc: 86.84%
Round 5 | Client 29 | Model: (AlexNet) | Acc: 92.49%
Round 5 | Client 30 | Model: (ShuffleNet) | Acc: 83.37%
Round 5 | Client 31 | Model: (SqueezeNet) | Acc: 76.28%
Selected client ids: [0, 1, 2, 3, 4, 5, 6, 7, 8, 9, 10, 11, 12, 13, 14, 15, 16, 17, 18, 19, 20, 21, 22, 23, 24, 25, 26, 27, 28, 29]
--- Round 6 ---
Round 6 | Client 0 | Model: (MLP) | Acc: 95.77%
Round 6 | Client 1 | Model: (CNN) | Acc: 94.03%
Round 6 | Client 2 | Model: (ResNet8) | Acc: 98.15%
Round 6 | Client 3 | Model: (ResNet18) | Acc: 97.13%
Round 6 | Client 4 | Model: (MobileNetV2) | Acc: 98.33%
Round 6 | Client 5 | Model: (MobileNetV3) | Acc: 97.37%
Round 6 | Client 6 | Model: (LeNet) | Acc: 95.78%
Round 6 | Client 7 | Model: (AlexNet) | Acc: 97.17%
Round 6 | Client 8 | Model: (ShuffleNet) | Acc: 98.15%
Round 6 | Client 9 | Model: (SqueezeNet) | Acc: 94.89%
Round 6 | Client 11 | Model: (MLP) | Acc: 94.88%
Round 6 | Client 12 | Model: (CNN) | Acc: 94.60%
Round 6 | Client 13 | Model: (ResNet8) | Acc: 92.97%
Round 6 | Client 14 | Model: (ResNet18) | Acc: 95.73%
Round 6 | Client 15 | Model: (MobileNetV2) | Acc: 92.86%
Round 6 | Client 16 | Model: (MobileNetV3) | Acc: 93.17%
Round 6 | Client 17 | Model: (LeNet) | Acc: 93.80%
Round 6 | Client 18 | Model: (AlexNet) | Acc: 96.71%
Round 6 | Client 19 | Model: (ShuffleNet) | Acc: 93.46%
Round 6 | Client 20 | Model: (SqueezeNet) | Acc: 92.99%
Round 6 | Client 22 | Model: (MLP) | Acc: 73.21%
Round 6 | Client 23 | Model: (CNN) | Acc: 65.87%
Round 6 | Client 24 | Model: (ResNet8) | Acc: 60.00%
Round 6 | Client 25 | Model: (ResNet18) | Acc: 72.01%
Round 6 | Client 26 | Model: (MobileNetV2) | Acc: 77.00%
Round 6 | Client 27 | Model: (MobileNetV3) | Acc: 73.24%
Round 6 | Client 28 | Model: (LeNet) | Acc: 88.34%
Round 6 | Client 29 | Model: (AlexNet) | Acc: 92.92%
Round 6 | Client 30 | Model: (ShuffleNet) | Acc: 82.71%
Round 6 | Client 31 | Model: (SqueezeNet) | Acc: 81.73%
Selected client ids: [0, 1, 2, 3, 4, 5, 6, 7, 8, 9, 10, 11, 12, 13, 14, 15, 16, 17, 18, 19, 20, 21, 22, 23, 24, 25, 26, 27, 28, 29]
--- Round 7 ---
Round 7 | Client 0 | Model: (MLP) | Acc: 98.01%
Round 7 | Client 1 | Model: (CNN) | Acc: 98.11%
Round 7 | Client 2 | Model: (ResNet8) | Acc: 98.71%
Round 7 | Client 3 | Model: (ResNet18) | Acc: 97.54%
Round 7 | Client 4 | Model: (MobileNetV2) | Acc: 98.07%
Round 7 | Client 5 | Model: (MobileNetV3) | Acc: 94.31%
Round 7 | Client 6 | Model: (LeNet) | Acc: 97.89%
Round 7 | Client 7 | Model: (AlexNet) | Acc: 98.64%
Round 7 | Client 8 | Model: (ShuffleNet) | Acc: 98.45%
Round 7 | Client 9 | Model: (SqueezeNet) | Acc: 96.08%
Round 7 | Client 11 | Model: (MLP) | Acc: 95.02%
Round 7 | Client 12 | Model: (CNN) | Acc: 94.33%
Round 7 | Client 13 | Model: (ResNet8) | Acc: 94.07%
Round 7 | Client 14 | Model: (ResNet18) | Acc: 96.00%
Round 7 | Client 15 | Model: (MobileNetV2) | Acc: 93.31%
Round 7 | Client 16 | Model: (MobileNetV3) | Acc: 92.11%
Round 7 | Client 17 | Model: (LeNet) | Acc: 94.13%
Round 7 | Client 18 | Model: (AlexNet) | Acc: 96.52%
Round 7 | Client 19 | Model: (ShuffleNet) | Acc: 93.34%
Round 7 | Client 20 | Model: (SqueezeNet) | Acc: 92.99%
Round 7 | Client 22 | Model: (MLP) | Acc: 71.76%
Round 7 | Client 23 | Model: (CNN) | Acc: 65.20%
Round 7 | Client 24 | Model: (ResNet8) | Acc: 60.00%
Round 7 | Client 25 | Model: (ResNet18) | Acc: 74.33%
Round 7 | Client 26 | Model: (MobileNetV2) | Acc: 79.86%
Round 7 | Client 27 | Model: (MobileNetV3) | Acc: 72.72%
Round 7 | Client 28 | Model: (LeNet) | Acc: 87.56%
Round 7 | Client 29 | Model: (AlexNet) | Acc: 93.35%
Round 7 | Client 30 | Model: (ShuffleNet) | Acc: 82.26%
Round 7 | Client 31 | Model: (SqueezeNet) | Acc: 80.77%
Selected client ids: [0, 1, 2, 3, 4, 5, 6, 7, 8, 9, 10, 11, 12, 13, 14, 15, 16, 17, 18, 19, 20, 21, 22, 23, 24, 25, 26, 27, 28, 29]
--- Round 8 ---
Round 8 | Client 0 | Model: (MLP) | Acc: 98.01%
Round 8 | Client 1 | Model: (CNN) | Acc: 98.11%
Round 8 | Client 2 | Model: (ResNet8) | Acc: 98.89%
Round 8 | Client 3 | Model: (ResNet18) | Acc: 95.90%
Round 8 | Client 4 | Model: (MobileNetV2) | Acc: 98.38%
Round 8 | Client 5 | Model: (MobileNetV3) | Acc: 49.45%
Round 8 | Client 6 | Model: (LeNet) | Acc: 97.89%
Round 8 | Client 7 | Model: (AlexNet) | Acc: 98.07%
Round 8 | Client 8 | Model: (ShuffleNet) | Acc: 98.57%
Round 8 | Client 9 | Model: (SqueezeNet) | Acc: 95.72%
Round 8 | Client 11 | Model: (MLP) | Acc: 95.09%
Round 8 | Client 12 | Model: (CNN) | Acc: 95.30%
Round 8 | Client 13 | Model: (ResNet8) | Acc: 94.34%
Round 8 | Client 14 | Model: (ResNet18) | Acc: 95.48%
Round 8 | Client 15 | Model: (MobileNetV2) | Acc: 93.65%
Round 8 | Client 16 | Model: (MobileNetV3) | Acc: 93.68%
Round 8 | Client 17 | Model: (LeNet) | Acc: 93.78%
Round 8 | Client 18 | Model: (AlexNet) | Acc: 96.77%
Round 8 | Client 19 | Model: (ShuffleNet) | Acc: 93.67%
Round 8 | Client 20 | Model: (SqueezeNet) | Acc: 93.14%
Round 8 | Client 22 | Model: (MLP) | Acc: 70.56%
Round 8 | Client 23 | Model: (CNN) | Acc: 58.13%
Round 8 | Client 24 | Model: (ResNet8) | Acc: 60.00%
Round 8 | Client 25 | Model: (ResNet18) | Acc: 76.65%
Round 8 | Client 26 | Model: (MobileNetV2) | Acc: 79.96%
Round 8 | Client 27 | Model: (MobileNetV3) | Acc: 73.59%
Round 8 | Client 28 | Model: (LeNet) | Acc: 88.56%
Round 8 | Client 29 | Model: (AlexNet) | Acc: 93.78%
Round 8 | Client 30 | Model: (ShuffleNet) | Acc: 81.15%
Round 8 | Client 31 | Model: (SqueezeNet) | Acc: 80.77%
Selected client ids: [0, 1, 2, 3, 4, 5, 6, 7, 8, 9, 10, 11, 12, 13, 14, 15, 16, 17, 18, 19, 20, 21, 22, 23, 24, 25, 26, 27, 28, 29]
--- Round 9 ---
Round 9 | Client 0 | Model: (MLP) | Acc: 96.52%
Round 9 | Client 1 | Model: (CNN) | Acc: 95.28%
Round 9 | Client 2 | Model: (ResNet8) | Acc: 88.72%
Round 9 | Client 3 | Model: (ResNet18) | Acc: 96.72%
Round 9 | Client 4 | Model: (MobileNetV2) | Acc: 98.12%
Round 9 | Client 5 | Model: (MobileNetV3) | Acc: 74.40%
Round 9 | Client 6 | Model: (LeNet) | Acc: 97.59%
Round 9 | Client 7 | Model: (AlexNet) | Acc: 98.98%
Round 9 | Client 8 | Model: (ShuffleNet) | Acc: 98.41%
Round 9 | Client 9 | Model: (SqueezeNet) | Acc: 95.01%
Round 9 | Client 11 | Model: (MLP) | Acc: 94.51%
Round 9 | Client 12 | Model: (CNN) | Acc: 95.72%
Round 9 | Client 13 | Model: (ResNet8) | Acc: 94.12%
Round 9 | Client 14 | Model: (ResNet18) | Acc: 96.23%
Round 9 | Client 15 | Model: (MobileNetV2) | Acc: 94.21%
Round 9 | Client 16 | Model: (MobileNetV3) | Acc: 92.20%
Round 9 | Client 17 | Model: (LeNet) | Acc: 94.07%
Round 9 | Client 18 | Model: (AlexNet) | Acc: 96.28%
Round 9 | Client 19 | Model: (ShuffleNet) | Acc: 93.12%
Round 9 | Client 20 | Model: (SqueezeNet) | Acc: 92.54%
Round 9 | Client 22 | Model: (MLP) | Acc: 70.80%
Round 9 | Client 23 | Model: (CNN) | Acc: 71.73%
Round 9 | Client 24 | Model: (ResNet8) | Acc: 60.00%
Round 9 | Client 25 | Model: (ResNet18) | Acc: 78.44%
Round 9 | Client 26 | Model: (MobileNetV2) | Acc: 81.74%
Round 9 | Client 27 | Model: (MobileNetV3) | Acc: 74.06%
Round 9 | Client 28 | Model: (LeNet) | Acc: 89.06%
Round 9 | Client 29 | Model: (AlexNet) | Acc: 93.56%
Round 9 | Client 30 | Model: (ShuffleNet) | Acc: 83.15%
Round 9 | Client 31 | Model: (SqueezeNet) | Acc: 78.21%
Selected client ids: [0, 1, 2, 3, 4, 5, 6, 7, 8, 9, 10, 11, 12, 13, 14, 15, 16, 17, 18, 19, 20, 21, 22, 23, 24, 25, 26, 27, 28, 29]
--- Round 10 ---
Round 10 | Client 0 | Model: (MLP) | Acc: 99.25%
Round 10 | Client 1 | Model: (CNN) | Acc: 98.74%
Round 10 | Client 2 | Model: (ResNet8) | Acc: 99.08%
Round 10 | Client 3 | Model: (ResNet18) | Acc: 96.72%
Round 10 | Client 4 | Model: (MobileNetV2) | Acc: 98.53%
Round 10 | Client 5 | Model: (MobileNetV3) | Acc: 95.40%
Round 10 | Client 6 | Model: (LeNet) | Acc: 98.49%
Round 10 | Client 7 | Model: (AlexNet) | Acc: 98.07%
Round 10 | Client 8 | Model: (ShuffleNet) | Acc: 98.26%
Round 10 | Client 9 | Model: (SqueezeNet) | Acc: 95.25%
Round 10 | Client 11 | Model: (MLP) | Acc: 95.00%
Round 10 | Client 12 | Model: (CNN) | Acc: 94.60%
Round 10 | Client 13 | Model: (ResNet8) | Acc: 94.04%
Round 10 | Client 14 | Model: (ResNet18) | Acc: 96.21%
Round 10 | Client 15 | Model: (MobileNetV2) | Acc: 93.63%
Round 10 | Client 16 | Model: (MobileNetV3) | Acc: 93.60%
Round 10 | Client 17 | Model: (LeNet) | Acc: 93.87%
Round 10 | Client 18 | Model: (AlexNet) | Acc: 96.75%
Round 10 | Client 19 | Model: (ShuffleNet) | Acc: 93.04%
Round 10 | Client 20 | Model: (SqueezeNet) | Acc: 93.08%
Round 10 | Client 22 | Model: (MLP) | Acc: 69.35%
Round 10 | Client 23 | Model: (CNN) | Acc: 67.20%
Round 10 | Client 24 | Model: (ResNet8) | Acc: 60.00%
Round 10 | Client 25 | Model: (ResNet18) | Acc: 72.16%
Round 10 | Client 26 | Model: (MobileNetV2) | Acc: 77.99%
Round 10 | Client 27 | Model: (MobileNetV3) | Acc: 74.29%
Round 10 | Client 28 | Model: (LeNet) | Acc: 89.67%
Round 10 | Client 29 | Model: (AlexNet) | Acc: 93.35%
Round 10 | Client 30 | Model: (ShuffleNet) | Acc: 82.04%
Round 10 | Client 31 | Model: (SqueezeNet) | Acc: 82.05%
Selected client ids: [0, 1, 2, 3, 4, 5, 6, 7, 8, 9, 10, 11, 12, 13, 14, 15, 16, 17, 18, 19, 20, 21, 22, 23, 24, 25, 26, 27, 28, 29]
--- Round 11 ---
Round 11 | Client 0 | Model: (MLP) | Acc: 98.01%
Round 11 | Client 1 | Model: (CNN) | Acc: 95.28%
Round 11 | Client 2 | Model: (ResNet8) | Acc: 98.89%
Round 11 | Client 3 | Model: (ResNet18) | Acc: 97.13%
Round 11 | Client 4 | Model: (MobileNetV2) | Acc: 98.48%
Round 11 | Client 5 | Model: (MobileNetV3) | Acc: 95.62%
Round 11 | Client 6 | Model: (LeNet) | Acc: 97.89%
Round 11 | Client 7 | Model: (AlexNet) | Acc: 99.21%
Round 11 | Client 8 | Model: (ShuffleNet) | Acc: 98.72%
Round 11 | Client 9 | Model: (SqueezeNet) | Acc: 95.72%
Round 11 | Client 11 | Model: (MLP) | Acc: 95.34%
Round 11 | Client 12 | Model: (CNN) | Acc: 93.31%
Round 11 | Client 13 | Model: (ResNet8) | Acc: 94.54%
Round 11 | Client 14 | Model: (ResNet18) | Acc: 96.02%
Round 11 | Client 15 | Model: (MobileNetV2) | Acc: 94.19%
Round 11 | Client 16 | Model: (MobileNetV3) | Acc: 94.56%
Round 11 | Client 17 | Model: (LeNet) | Acc: 94.18%
Round 11 | Client 18 | Model: (AlexNet) | Acc: 96.88%
Round 11 | Client 19 | Model: (ShuffleNet) | Acc: 94.25%
Round 11 | Client 20 | Model: (SqueezeNet) | Acc: 93.48%
Round 11 | Client 22 | Model: (MLP) | Acc: 72.24%
Round 11 | Client 23 | Model: (CNN) | Acc: 71.20%
Round 11 | Client 24 | Model: (ResNet8) | Acc: 60.00%
Round 11 | Client 25 | Model: (ResNet18) | Acc: 77.77%
Round 11 | Client 26 | Model: (MobileNetV2) | Acc: 81.54%
Round 11 | Client 27 | Model: (MobileNetV3) | Acc: 74.93%
Round 11 | Client 28 | Model: (LeNet) | Acc: 89.45%
Round 11 | Client 29 | Model: (AlexNet) | Acc: 93.78%
Round 11 | Client 30 | Model: (ShuffleNet) | Acc: 82.71%
Round 11 | Client 31 | Model: (SqueezeNet) | Acc: 77.24%
Selected client ids: [0, 1, 2, 3, 4, 5, 6, 7, 8, 9, 10, 11, 12, 13, 14, 15, 16, 17, 18, 19, 20, 21, 22, 23, 24, 25, 26, 27, 28, 29]
--- Round 12 ---
Round 12 | Client 0 | Model: (MLP) | Acc: 98.01%
Round 12 | Client 1 | Model: (CNN) | Acc: 82.08%
Round 12 | Client 2 | Model: (ResNet8) | Acc: 98.52%
Round 12 | Client 3 | Model: (ResNet18) | Acc: 98.36%
Round 12 | Client 4 | Model: (MobileNetV2) | Acc: 98.12%
Round 12 | Client 5 | Model: (MobileNetV3) | Acc: 96.61%
Round 12 | Client 6 | Model: (LeNet) | Acc: 97.89%
Round 12 | Client 7 | Model: (AlexNet) | Acc: 98.53%
Round 12 | Client 8 | Model: (ShuffleNet) | Acc: 98.64%
Round 12 | Client 9 | Model: (SqueezeNet) | Acc: 97.27%
Round 12 | Client 11 | Model: (MLP) | Acc: 95.03%
Round 12 | Client 12 | Model: (CNN) | Acc: 96.03%
Round 12 | Client 13 | Model: (ResNet8) | Acc: 94.35%
Round 12 | Client 14 | Model: (ResNet18) | Acc: 95.77%
Round 12 | Client 15 | Model: (MobileNetV2) | Acc: 94.73%
Round 12 | Client 16 | Model: (MobileNetV3) | Acc: 95.16%
Round 12 | Client 17 | Model: (LeNet) | Acc: 94.34%
Round 12 | Client 18 | Model: (AlexNet) | Acc: 96.67%
Round 12 | Client 19 | Model: (ShuffleNet) | Acc: 94.06%
Round 12 | Client 20 | Model: (SqueezeNet) | Acc: 93.58%
Round 12 | Client 22 | Model: (MLP) | Acc: 71.20%
Round 12 | Client 23 | Model: (CNN) | Acc: 56.00%
Round 12 | Client 24 | Model: (ResNet8) | Acc: 60.00%
Round 12 | Client 25 | Model: (ResNet18) | Acc: 73.88%
Round 12 | Client 26 | Model: (MobileNetV2) | Acc: 80.55%
Round 12 | Client 27 | Model: (MobileNetV3) | Acc: 74.29%
Round 12 | Client 28 | Model: (LeNet) | Acc: 88.45%
Round 12 | Client 29 | Model: (AlexNet) | Acc: 93.56%
Round 12 | Client 30 | Model: (ShuffleNet) | Acc: 83.59%
Round 12 | Client 31 | Model: (SqueezeNet) | Acc: 82.37%
Selected client ids: [0, 1, 2, 3, 4, 5, 6, 7, 8, 9, 10, 11, 12, 13, 14, 15, 16, 17, 18, 19, 20, 21, 22, 23, 24, 25, 26, 27, 28, 29]
--- Round 13 ---
Round 13 | Client 0 | Model: (MLP) | Acc: 98.26%
Round 13 | Client 1 | Model: (CNN) | Acc: 99.06%
Round 13 | Client 2 | Model: (ResNet8) | Acc: 98.89%
Round 13 | Client 3 | Model: (ResNet18) | Acc: 97.95%
Round 13 | Client 4 | Model: (MobileNetV2) | Acc: 98.48%
Round 13 | Client 5 | Model: (MobileNetV3) | Acc: 90.37%
Round 13 | Client 6 | Model: (LeNet) | Acc: 97.59%
Round 13 | Client 7 | Model: (AlexNet) | Acc: 98.53%
Round 13 | Client 8 | Model: (ShuffleNet) | Acc: 98.64%
Round 13 | Client 9 | Model: (SqueezeNet) | Acc: 96.08%
Round 13 | Client 11 | Model: (MLP) | Acc: 95.21%
Round 13 | Client 12 | Model: (CNN) | Acc: 96.06%
Round 13 | Client 13 | Model: (ResNet8) | Acc: 94.05%
Round 13 | Client 14 | Model: (ResNet18) | Acc: 95.39%
Round 13 | Client 15 | Model: (MobileNetV2) | Acc: 94.59%
Round 13 | Client 16 | Model: (MobileNetV3) | Acc: 94.53%
Round 13 | Client 17 | Model: (LeNet) | Acc: 94.46%
Round 13 | Client 18 | Model: (AlexNet) | Acc: 96.79%
Round 13 | Client 19 | Model: (ShuffleNet) | Acc: 93.88%
Round 13 | Client 20 | Model: (SqueezeNet) | Acc: 92.88%
Round 13 | Client 22 | Model: (MLP) | Acc: 70.80%
Round 13 | Client 23 | Model: (CNN) | Acc: 70.40%
Round 13 | Client 24 | Model: (ResNet8) | Acc: 60.00%
Round 13 | Client 25 | Model: (ResNet18) | Acc: 79.57%
Round 13 | Client 26 | Model: (MobileNetV2) | Acc: 81.74%
Round 13 | Client 27 | Model: (MobileNetV3) | Acc: 74.29%
Round 13 | Client 28 | Model: (LeNet) | Acc: 88.51%
Round 13 | Client 29 | Model: (AlexNet) | Acc: 94.21%
Round 13 | Client 30 | Model: (ShuffleNet) | Acc: 84.04%
Round 13 | Client 31 | Model: (SqueezeNet) | Acc: 81.41%
Selected client ids: [0, 1, 2, 3, 4, 5, 6, 7, 8, 9, 10, 11, 12, 13, 14, 15, 16, 17, 18, 19, 20, 21, 22, 23, 24, 25, 26, 27, 28, 29]
--- Round 14 ---
Round 14 | Client 0 | Model: (MLP) | Acc: 97.76%
Round 14 | Client 1 | Model: (CNN) | Acc: 95.28%
Round 14 | Client 2 | Model: (ResNet8) | Acc: 97.04%
Round 14 | Client 3 | Model: (ResNet18) | Acc: 97.54%
Round 14 | Client 4 | Model: (MobileNetV2) | Acc: 98.68%
Round 14 | Client 5 | Model: (MobileNetV3) | Acc: 97.37%
Round 14 | Client 6 | Model: (LeNet) | Acc: 97.59%
Round 14 | Client 7 | Model: (AlexNet) | Acc: 99.09%
Round 14 | Client 8 | Model: (ShuffleNet) | Acc: 98.91%
Round 14 | Client 9 | Model: (SqueezeNet) | Acc: 96.32%
Round 14 | Client 11 | Model: (MLP) | Acc: 94.87%
Round 14 | Client 12 | Model: (CNN) | Acc: 95.97%
Round 14 | Client 13 | Model: (ResNet8) | Acc: 94.34%
Round 14 | Client 14 | Model: (ResNet18) | Acc: 96.27%
Round 14 | Client 15 | Model: (MobileNetV2) | Acc: 94.06%
Round 14 | Client 16 | Model: (MobileNetV3) | Acc: 94.67%
Round 14 | Client 17 | Model: (LeNet) | Acc: 94.29%
Round 14 | Client 18 | Model: (AlexNet) | Acc: 96.59%
Round 14 | Client 19 | Model: (ShuffleNet) | Acc: 93.86%
Round 14 | Client 20 | Model: (SqueezeNet) | Acc: 93.60%
Round 14 | Client 22 | Model: (MLP) | Acc: 69.11%
Round 14 | Client 23 | Model: (CNN) | Acc: 74.93%
Round 14 | Client 24 | Model: (ResNet8) | Acc: 60.00%
Round 14 | Client 25 | Model: (ResNet18) | Acc: 66.77%
Round 14 | Client 26 | Model: (MobileNetV2) | Acc: 80.45%
Round 14 | Client 27 | Model: (MobileNetV3) | Acc: 74.87%
Round 14 | Client 28 | Model: (LeNet) | Acc: 89.06%
Round 14 | Client 29 | Model: (AlexNet) | Acc: 93.56%
Round 14 | Client 30 | Model: (ShuffleNet) | Acc: 83.59%
Round 14 | Client 31 | Model: (SqueezeNet) | Acc: 81.73%
Selected client ids: [0, 1, 2, 3, 4, 5, 6, 7, 8, 9, 10, 11, 12, 13, 14, 15, 16, 17, 18, 19, 20, 21, 22, 23, 24, 25, 26, 27, 28, 29]
--- Round 15 ---
Round 15 | Client 0 | Model: (MLP) | Acc: 96.02%
Round 15 | Client 1 | Model: (CNN) | Acc: 98.11%
Round 15 | Client 2 | Model: (ResNet8) | Acc: 98.71%
Round 15 | Client 3 | Model: (ResNet18) | Acc: 96.72%
Round 15 | Client 4 | Model: (MobileNetV2) | Acc: 98.73%
Round 15 | Client 5 | Model: (MobileNetV3) | Acc: 68.38%
Round 15 | Client 6 | Model: (LeNet) | Acc: 98.49%
Round 15 | Client 7 | Model: (AlexNet) | Acc: 98.87%
Round 15 | Client 8 | Model: (ShuffleNet) | Acc: 98.79%
Round 15 | Client 9 | Model: (SqueezeNet) | Acc: 97.74%
Round 15 | Client 11 | Model: (MLP) | Acc: 95.07%
Round 15 | Client 12 | Model: (CNN) | Acc: 96.18%
Round 15 | Client 13 | Model: (ResNet8) | Acc: 94.48%
Round 15 | Client 14 | Model: (ResNet18) | Acc: 95.70%
Round 15 | Client 15 | Model: (MobileNetV2) | Acc: 94.59%
Round 15 | Client 16 | Model: (MobileNetV3) | Acc: 94.77%
Round 15 | Client 17 | Model: (LeNet) | Acc: 94.17%
Round 15 | Client 18 | Model: (AlexNet) | Acc: 96.82%
Round 15 | Client 19 | Model: (ShuffleNet) | Acc: 94.04%
Round 15 | Client 20 | Model: (SqueezeNet) | Acc: 93.32%
Round 15 | Client 22 | Model: (MLP) | Acc: 72.08%
Round 15 | Client 23 | Model: (CNN) | Acc: 64.27%
Round 15 | Client 24 | Model: (ResNet8) | Acc: 60.00%
Round 15 | Client 25 | Model: (ResNet18) | Acc: 75.15%
Round 15 | Client 26 | Model: (MobileNetV2) | Acc: 83.12%
Round 15 | Client 27 | Model: (MobileNetV3) | Acc: 75.10%
Round 15 | Client 28 | Model: (LeNet) | Acc: 89.23%
Round 15 | Client 29 | Model: (AlexNet) | Acc: 93.78%
Round 15 | Client 30 | Model: (ShuffleNet) | Acc: 83.15%
Round 15 | Client 31 | Model: (SqueezeNet) | Acc: 78.21%
Selected client ids: [0, 1, 2, 3, 4, 5, 6, 7, 8, 9, 10, 11, 12, 13, 14, 15, 16, 17, 18, 19, 20, 21, 22, 23, 24, 25, 26, 27, 28, 29]
--- Round 16 ---
Round 16 | Client 0 | Model: (MLP) | Acc: 96.77%
Round 16 | Client 1 | Model: (CNN) | Acc: 99.06%
Round 16 | Client 2 | Model: (ResNet8) | Acc: 98.89%
Round 16 | Client 3 | Model: (ResNet18) | Acc: 97.95%
Round 16 | Client 4 | Model: (MobileNetV2) | Acc: 98.73%
Round 16 | Client 5 | Model: (MobileNetV3) | Acc: 96.39%
Round 16 | Client 6 | Model: (LeNet) | Acc: 97.59%
Round 16 | Client 7 | Model: (AlexNet) | Acc: 97.85%
Round 16 | Client 8 | Model: (ShuffleNet) | Acc: 98.64%
Round 16 | Client 9 | Model: (SqueezeNet) | Acc: 97.74%
Round 16 | Client 11 | Model: (MLP) | Acc: 94.52%
Round 16 | Client 12 | Model: (CNN) | Acc: 96.92%
Round 16 | Client 13 | Model: (ResNet8) | Acc: 93.80%
Round 16 | Client 14 | Model: (ResNet18) | Acc: 96.24%
Round 16 | Client 15 | Model: (MobileNetV2) | Acc: 94.64%
Round 16 | Client 16 | Model: (MobileNetV3) | Acc: 94.76%
Round 16 | Client 17 | Model: (LeNet) | Acc: 94.42%
Round 16 | Client 18 | Model: (AlexNet) | Acc: 96.26%
Round 16 | Client 19 | Model: (ShuffleNet) | Acc: 94.23%
Round 16 | Client 20 | Model: (SqueezeNet) | Acc: 93.34%
Round 16 | Client 22 | Model: (MLP) | Acc: 70.96%
Round 16 | Client 23 | Model: (CNN) | Acc: 75.87%
Round 16 | Client 24 | Model: (ResNet8) | Acc: 60.00%
Round 16 | Client 25 | Model: (ResNet18) | Acc: 78.59%
Round 16 | Client 26 | Model: (MobileNetV2) | Acc: 84.01%
Round 16 | Client 27 | Model: (MobileNetV3) | Acc: 74.11%
Round 16 | Client 28 | Model: (LeNet) | Acc: 89.23%
Round 16 | Client 29 | Model: (AlexNet) | Acc: 93.56%
Round 16 | Client 30 | Model: (ShuffleNet) | Acc: 82.26%
Round 16 | Client 31 | Model: (SqueezeNet) | Acc: 82.05%
Selected client ids: [0, 1, 2, 3, 4, 5, 6, 7, 8, 9, 10, 11, 12, 13, 14, 15, 16, 17, 18, 19, 20, 21, 22, 23, 24, 25, 26, 27, 28, 29]
--- Round 17 ---
Round 17 | Client 0 | Model: (MLP) | Acc: 98.26%
Round 17 | Client 1 | Model: (CNN) | Acc: 99.37%
Round 17 | Client 2 | Model: (ResNet8) | Acc: 98.34%
Round 17 | Client 3 | Model: (ResNet18) | Acc: 94.26%
Round 17 | Client 4 | Model: (MobileNetV2) | Acc: 98.88%
Round 17 | Client 5 | Model: (MobileNetV3) | Acc: 94.09%
Round 17 | Client 6 | Model: (LeNet) | Acc: 98.19%
Round 17 | Client 7 | Model: (AlexNet) | Acc: 98.53%
Round 17 | Client 8 | Model: (ShuffleNet) | Acc: 98.91%
Round 17 | Client 9 | Model: (SqueezeNet) | Acc: 97.74%
Round 17 | Client 11 | Model: (MLP) | Acc: 95.03%
Round 17 | Client 12 | Model: (CNN) | Acc: 96.78%
Round 17 | Client 13 | Model: (ResNet8) | Acc: 94.32%
Round 17 | Client 14 | Model: (ResNet18) | Acc: 96.14%
Round 17 | Client 15 | Model: (MobileNetV2) | Acc: 94.89%
Round 17 | Client 16 | Model: (MobileNetV3) | Acc: 95.50%
Round 17 | Client 17 | Model: (LeNet) | Acc: 93.99%
Round 17 | Client 18 | Model: (AlexNet) | Acc: 96.52%
Round 17 | Client 19 | Model: (ShuffleNet) | Acc: 94.14%
Round 17 | Client 20 | Model: (SqueezeNet) | Acc: 93.58%
Round 17 | Client 22 | Model: (MLP) | Acc: 70.80%
Round 17 | Client 23 | Model: (CNN) | Acc: 65.73%
Round 17 | Client 24 | Model: (ResNet8) | Acc: 60.00%
Round 17 | Client 25 | Model: (ResNet18) | Acc: 77.92%
Round 17 | Client 26 | Model: (MobileNetV2) | Acc: 80.45%
Round 17 | Client 27 | Model: (MobileNetV3) | Acc: 75.33%
Round 17 | Client 28 | Model: (LeNet) | Acc: 89.12%
Round 17 | Client 29 | Model: (AlexNet) | Acc: 94.21%
Round 17 | Client 30 | Model: (ShuffleNet) | Acc: 83.37%
Round 17 | Client 31 | Model: (SqueezeNet) | Acc: 83.33%
Selected client ids: [0, 1, 2, 3, 4, 5, 6, 7, 8, 9, 10, 11, 12, 13, 14, 15, 16, 17, 18, 19, 20, 21, 22, 23, 24, 25, 26, 27, 28, 29]
--- Round 18 ---
Round 18 | Client 0 | Model: (MLP) | Acc: 98.76%
Round 18 | Client 1 | Model: (CNN) | Acc: 99.69%
Round 18 | Client 2 | Model: (ResNet8) | Acc: 99.08%
Round 18 | Client 3 | Model: (ResNet18) | Acc: 97.54%
Round 18 | Client 4 | Model: (MobileNetV2) | Acc: 98.38%
Round 18 | Client 5 | Model: (MobileNetV3) | Acc: 95.51%
Round 18 | Client 6 | Model: (LeNet) | Acc: 98.19%
Round 18 | Client 7 | Model: (AlexNet) | Acc: 98.87%
Round 18 | Client 8 | Model: (ShuffleNet) | Acc: 98.83%
Round 18 | Client 9 | Model: (SqueezeNet) | Acc: 98.57%
Round 18 | Client 11 | Model: (MLP) | Acc: 95.29%
Round 18 | Client 12 | Model: (CNN) | Acc: 96.09%
Round 18 | Client 13 | Model: (ResNet8) | Acc: 93.88%
Round 18 | Client 14 | Model: (ResNet18) | Acc: 95.76%
Round 18 | Client 15 | Model: (MobileNetV2) | Acc: 94.77%
Round 18 | Client 16 | Model: (MobileNetV3) | Acc: 95.65%
Round 18 | Client 17 | Model: (LeNet) | Acc: 94.16%
Round 18 | Client 18 | Model: (AlexNet) | Acc: 96.49%
Round 18 | Client 19 | Model: (ShuffleNet) | Acc: 94.24%
Round 18 | Client 20 | Model: (SqueezeNet) | Acc: 93.35%
Round 18 | Client 22 | Model: (MLP) | Acc: 70.23%
Round 18 | Client 23 | Model: (CNN) | Acc: 71.20%
Round 18 | Client 24 | Model: (ResNet8) | Acc: 60.00%
Round 18 | Client 25 | Model: (ResNet18) | Acc: 75.75%
Round 18 | Client 26 | Model: (MobileNetV2) | Acc: 82.33%
Round 18 | Client 27 | Model: (MobileNetV3) | Acc: 75.68%
Round 18 | Client 28 | Model: (LeNet) | Acc: 90.17%
Round 18 | Client 29 | Model: (AlexNet) | Acc: 92.70%
Round 18 | Client 30 | Model: (ShuffleNet) | Acc: 84.04%
Round 18 | Client 31 | Model: (SqueezeNet) | Acc: 73.08%
Selected client ids: [0, 1, 2, 3, 4, 5, 6, 7, 8, 9, 10, 11, 12, 13, 14, 15, 16, 17, 18, 19, 20, 21, 22, 23, 24, 25, 26, 27, 28, 29]
--- Round 19 ---
Round 19 | Client 0 | Model: (MLP) | Acc: 98.26%
Round 19 | Client 1 | Model: (CNN) | Acc: 99.37%
Round 19 | Client 2 | Model: (ResNet8) | Acc: 99.26%
Round 19 | Client 3 | Model: (ResNet18) | Acc: 97.54%
Round 19 | Client 4 | Model: (MobileNetV2) | Acc: 98.83%
Round 19 | Client 5 | Model: (MobileNetV3) | Acc: 95.51%
Round 19 | Client 6 | Model: (LeNet) | Acc: 98.49%
Round 19 | Client 7 | Model: (AlexNet) | Acc: 99.09%
Round 19 | Client 8 | Model: (ShuffleNet) | Acc: 99.21%
Round 19 | Client 9 | Model: (SqueezeNet) | Acc: 97.03%
Round 19 | Client 11 | Model: (MLP) | Acc: 94.77%
Round 19 | Client 12 | Model: (CNN) | Acc: 97.35%
Round 19 | Client 13 | Model: (ResNet8) | Acc: 93.77%
Round 19 | Client 14 | Model: (ResNet18) | Acc: 95.60%
Round 19 | Client 15 | Model: (MobileNetV2) | Acc: 94.68%
Round 19 | Client 16 | Model: (MobileNetV3) | Acc: 94.31%
Round 19 | Client 17 | Model: (LeNet) | Acc: 94.03%
Round 19 | Client 18 | Model: (AlexNet) | Acc: 96.41%
Round 19 | Client 19 | Model: (ShuffleNet) | Acc: 94.23%
Round 19 | Client 20 | Model: (SqueezeNet) | Acc: 93.14%
Round 19 | Client 22 | Model: (MLP) | Acc: 71.28%
Round 19 | Client 23 | Model: (CNN) | Acc: 71.33%
Round 19 | Client 24 | Model: (ResNet8) | Acc: 60.00%
Round 19 | Client 25 | Model: (ResNet18) | Acc: 80.09%
Round 19 | Client 26 | Model: (MobileNetV2) | Acc: 83.12%
Round 19 | Client 27 | Model: (MobileNetV3) | Acc: 75.45%
Round 19 | Client 28 | Model: (LeNet) | Acc: 89.01%
Round 19 | Client 29 | Model: (AlexNet) | Acc: 93.35%
Round 19 | Client 30 | Model: (ShuffleNet) | Acc: 83.15%
Round 19 | Client 31 | Model: (SqueezeNet) | Acc: 80.77%
Selected client ids: [0, 1, 2, 3, 4, 5, 6, 7, 8, 9, 10, 11, 12, 13, 14, 15, 16, 17, 18, 19, 20, 21, 22, 23, 24, 25, 26, 27, 28, 29]
--- Round 20 ---
Round 20 | Client 0 | Model: (MLP) | Acc: 99.00%
Round 20 | Client 1 | Model: (CNN) | Acc: 99.06%
Round 20 | Client 2 | Model: (ResNet8) | Acc: 99.26%
Round 20 | Client 3 | Model: (ResNet18) | Acc: 95.90%
Round 20 | Client 4 | Model: (MobileNetV2) | Acc: 98.68%
Round 20 | Client 5 | Model: (MobileNetV3) | Acc: 90.26%
Round 20 | Client 6 | Model: (LeNet) | Acc: 98.80%
Round 20 | Client 7 | Model: (AlexNet) | Acc: 98.41%
Round 20 | Client 8 | Model: (ShuffleNet) | Acc: 98.83%
Round 20 | Client 9 | Model: (SqueezeNet) | Acc: 96.67%
Round 20 | Client 11 | Model: (MLP) | Acc: 95.23%
Round 20 | Client 12 | Model: (CNN) | Acc: 97.22%
Round 20 | Client 13 | Model: (ResNet8) | Acc: 93.86%
Round 20 | Client 14 | Model: (ResNet18) | Acc: 95.80%
Round 20 | Client 15 | Model: (MobileNetV2) | Acc: 94.78%
Round 20 | Client 16 | Model: (MobileNetV3) | Acc: 94.24%
Round 20 | Client 17 | Model: (LeNet) | Acc: 94.27%
Round 20 | Client 18 | Model: (AlexNet) | Acc: 96.53%
Round 20 | Client 19 | Model: (ShuffleNet) | Acc: 94.32%
Round 20 | Client 20 | Model: (SqueezeNet) | Acc: 93.28%
Round 20 | Client 22 | Model: (MLP) | Acc: 71.28%
Round 20 | Client 23 | Model: (CNN) | Acc: 66.27%
Round 20 | Client 24 | Model: (ResNet8) | Acc: 60.00%
Round 20 | Client 25 | Model: (ResNet18) | Acc: 78.52%
Round 20 | Client 26 | Model: (MobileNetV2) | Acc: 83.71%
Round 20 | Client 27 | Model: (MobileNetV3) | Acc: 74.81%
Round 20 | Client 28 | Model: (LeNet) | Acc: 89.06%
Round 20 | Client 29 | Model: (AlexNet) | Acc: 93.78%
Round 20 | Client 30 | Model: (ShuffleNet) | Acc: 81.15%
Round 20 | Client 31 | Model: (SqueezeNet) | Acc: 81.09%
Selected client ids: [0, 1, 2, 3, 4, 5, 6, 7, 8, 9, 10, 11, 12, 13, 14, 15, 16, 17, 18, 19, 20, 21, 22, 23, 24, 25, 26, 27, 28, 29]
--- Round 21 ---
Round 21 | Client 0 | Model: (MLP) | Acc: 98.51%
Round 21 | Client 1 | Model: (CNN) | Acc: 99.37%
Round 21 | Client 2 | Model: (ResNet8) | Acc: 99.26%
Round 21 | Client 3 | Model: (ResNet18) | Acc: 97.13%
Round 21 | Client 4 | Model: (MobileNetV2) | Acc: 99.19%
Round 21 | Client 5 | Model: (MobileNetV3) | Acc: 94.20%
Round 21 | Client 6 | Model: (LeNet) | Acc: 98.19%
Round 21 | Client 7 | Model: (AlexNet) | Acc: 98.98%
Round 21 | Client 8 | Model: (ShuffleNet) | Acc: 99.02%
Round 21 | Client 9 | Model: (SqueezeNet) | Acc: 97.98%
Round 21 | Client 11 | Model: (MLP) | Acc: 95.30%
Round 21 | Client 12 | Model: (CNN) | Acc: 95.37%
Round 21 | Client 13 | Model: (ResNet8) | Acc: 93.83%
Round 21 | Client 14 | Model: (ResNet18) | Acc: 95.64%
Round 21 | Client 15 | Model: (MobileNetV2) | Acc: 95.07%
Round 21 | Client 16 | Model: (MobileNetV3) | Acc: 95.68%
Round 21 | Client 17 | Model: (LeNet) | Acc: 94.25%
Round 21 | Client 18 | Model: (AlexNet) | Acc: 96.41%
Round 21 | Client 19 | Model: (ShuffleNet) | Acc: 94.24%
Round 21 | Client 20 | Model: (SqueezeNet) | Acc: 93.02%
Round 21 | Client 22 | Model: (MLP) | Acc: 70.88%
Round 21 | Client 23 | Model: (CNN) | Acc: 74.27%
Round 21 | Client 24 | Model: (ResNet8) | Acc: 60.00%
Round 21 | Client 25 | Model: (ResNet18) | Acc: 78.22%
Round 21 | Client 26 | Model: (MobileNetV2) | Acc: 81.93%
Round 21 | Client 27 | Model: (MobileNetV3) | Acc: 75.97%
Round 21 | Client 28 | Model: (LeNet) | Acc: 90.06%
Round 21 | Client 29 | Model: (AlexNet) | Acc: 93.99%
Round 21 | Client 30 | Model: (ShuffleNet) | Acc: 83.59%
Round 21 | Client 31 | Model: (SqueezeNet) | Acc: 83.01%
Selected client ids: [0, 1, 2, 3, 4, 5, 6, 7, 8, 9, 10, 11, 12, 13, 14, 15, 16, 17, 18, 19, 20, 21, 22, 23, 24, 25, 26, 27, 28, 29]
--- Round 22 ---
Round 22 | Client 0 | Model: (MLP) | Acc: 98.26%
Round 22 | Client 1 | Model: (CNN) | Acc: 99.69%
Round 22 | Client 2 | Model: (ResNet8) | Acc: 99.08%
Round 22 | Client 3 | Model: (ResNet18) | Acc: 98.77%
Round 22 | Client 4 | Model: (MobileNetV2) | Acc: 98.83%
Round 22 | Client 5 | Model: (MobileNetV3) | Acc: 94.86%
Round 22 | Client 6 | Model: (LeNet) | Acc: 98.49%
Round 22 | Client 7 | Model: (AlexNet) | Acc: 99.21%
Round 22 | Client 8 | Model: (ShuffleNet) | Acc: 98.72%
Round 22 | Client 9 | Model: (SqueezeNet) | Acc: 98.10%
Round 22 | Client 11 | Model: (MLP) | Acc: 94.95%
Round 22 | Client 12 | Model: (CNN) | Acc: 97.21%
Round 22 | Client 13 | Model: (ResNet8) | Acc: 92.86%
Round 22 | Client 14 | Model: (ResNet18) | Acc: 96.02%
Round 22 | Client 15 | Model: (MobileNetV2) | Acc: 94.98%
Round 22 | Client 16 | Model: (MobileNetV3) | Acc: 95.45%
Round 22 | Client 17 | Model: (LeNet) | Acc: 94.21%
Round 22 | Client 18 | Model: (AlexNet) | Acc: 96.34%
Round 22 | Client 19 | Model: (ShuffleNet) | Acc: 94.52%
Round 22 | Client 20 | Model: (SqueezeNet) | Acc: 92.53%
Round 22 | Client 22 | Model: (MLP) | Acc: 71.60%
Round 22 | Client 23 | Model: (CNN) | Acc: 71.73%
Round 22 | Client 24 | Model: (ResNet8) | Acc: 60.00%
Round 22 | Client 25 | Model: (ResNet18) | Acc: 78.07%
Round 22 | Client 26 | Model: (MobileNetV2) | Acc: 83.61%
Round 22 | Client 27 | Model: (MobileNetV3) | Acc: 75.04%
Round 22 | Client 28 | Model: (LeNet) | Acc: 90.23%
Round 22 | Client 29 | Model: (AlexNet) | Acc: 92.92%
Round 22 | Client 30 | Model: (ShuffleNet) | Acc: 83.81%
Round 22 | Client 31 | Model: (SqueezeNet) | Acc: 82.05%
Selected client ids: [0, 1, 2, 3, 4, 5, 6, 7, 8, 9, 10, 11, 12, 13, 14, 15, 16, 17, 18, 19, 20, 21, 22, 23, 24, 25, 26, 27, 28, 29]
--- Round 23 ---
Round 23 | Client 0 | Model: (MLP) | Acc: 97.51%
Round 23 | Client 1 | Model: (CNN) | Acc: 99.69%
Round 23 | Client 2 | Model: (ResNet8) | Acc: 99.08%
Round 23 | Client 3 | Model: (ResNet18) | Acc: 98.36%
Round 23 | Client 4 | Model: (MobileNetV2) | Acc: 98.88%
Round 23 | Client 5 | Model: (MobileNetV3) | Acc: 94.97%
Round 23 | Client 6 | Model: (LeNet) | Acc: 97.89%
Round 23 | Client 7 | Model: (AlexNet) | Acc: 98.87%
Round 23 | Client 8 | Model: (ShuffleNet) | Acc: 98.98%
Round 23 | Client 9 | Model: (SqueezeNet) | Acc: 98.81%
Round 23 | Client 11 | Model: (MLP) | Acc: 94.56%
Round 23 | Client 12 | Model: (CNN) | Acc: 97.42%
Round 23 | Client 13 | Model: (ResNet8) | Acc: 92.14%
Round 23 | Client 14 | Model: (ResNet18) | Acc: 95.91%
Round 23 | Client 15 | Model: (MobileNetV2) | Acc: 95.24%
Round 23 | Client 16 | Model: (MobileNetV3) | Acc: 95.87%
Round 23 | Client 17 | Model: (LeNet) | Acc: 94.16%
Round 23 | Client 18 | Model: (AlexNet) | Acc: 96.34%
Round 23 | Client 19 | Model: (ShuffleNet) | Acc: 94.40%
Round 23 | Client 20 | Model: (SqueezeNet) | Acc: 93.17%
Round 23 | Client 22 | Model: (MLP) | Acc: 73.37%
Round 23 | Client 23 | Model: (CNN) | Acc: 62.93%
Round 23 | Client 24 | Model: (ResNet8) | Acc: 60.00%
Round 23 | Client 25 | Model: (ResNet18) | Acc: 79.64%
Round 23 | Client 26 | Model: (MobileNetV2) | Acc: 84.11%
Round 23 | Client 27 | Model: (MobileNetV3) | Acc: 74.81%
Round 23 | Client 28 | Model: (LeNet) | Acc: 89.62%
Round 23 | Client 29 | Model: (AlexNet) | Acc: 90.13%
Round 23 | Client 30 | Model: (ShuffleNet) | Acc: 84.70%
Round 23 | Client 31 | Model: (SqueezeNet) | Acc: 81.09%
Selected client ids: [0, 1, 2, 3, 4, 5, 6, 7, 8, 9, 10, 11, 12, 13, 14, 15, 16, 17, 18, 19, 20, 21, 22, 23, 24, 25, 26, 27, 28, 29]
--- Round 24 ---
Round 24 | Client 0 | Model: (MLP) | Acc: 98.26%
Round 24 | Client 1 | Model: (CNN) | Acc: 99.06%
Round 24 | Client 2 | Model: (ResNet8) | Acc: 98.71%
Round 24 | Client 3 | Model: (ResNet18) | Acc: 96.72%
Round 24 | Client 4 | Model: (MobileNetV2) | Acc: 98.93%
Round 24 | Client 5 | Model: (MobileNetV3) | Acc: 96.50%
Round 24 | Client 6 | Model: (LeNet) | Acc: 98.80%
Round 24 | Client 7 | Model: (AlexNet) | Acc: 98.98%
Round 24 | Client 8 | Model: (ShuffleNet) | Acc: 98.94%
Round 24 | Client 9 | Model: (SqueezeNet) | Acc: 96.44%
Round 24 | Client 11 | Model: (MLP) | Acc: 94.91%
Round 24 | Client 12 | Model: (CNN) | Acc: 97.21%
Round 24 | Client 13 | Model: (ResNet8) | Acc: 93.16%
Round 24 | Client 14 | Model: (ResNet18) | Acc: 95.60%
Round 24 | Client 15 | Model: (MobileNetV2) | Acc: 95.12%
Round 24 | Client 16 | Model: (MobileNetV3) | Acc: 95.40%
Round 24 | Client 17 | Model: (LeNet) | Acc: 94.12%
Round 24 | Client 18 | Model: (AlexNet) | Acc: 96.31%
Round 24 | Client 19 | Model: (ShuffleNet) | Acc: 94.43%
Round 24 | Client 20 | Model: (SqueezeNet) | Acc: 92.84%
Round 24 | Client 22 | Model: (MLP) | Acc: 71.28%
Round 24 | Client 23 | Model: (CNN) | Acc: 69.73%
Round 24 | Client 24 | Model: (ResNet8) | Acc: 60.00%
Round 24 | Client 25 | Model: (ResNet18) | Acc: 79.34%
Round 24 | Client 26 | Model: (MobileNetV2) | Acc: 81.05%
Round 24 | Client 27 | Model: (MobileNetV3) | Acc: 76.44%
Round 24 | Client 28 | Model: (LeNet) | Acc: 89.73%
Round 24 | Client 29 | Model: (AlexNet) | Acc: 93.99%
Round 24 | Client 30 | Model: (ShuffleNet) | Acc: 82.71%
Round 24 | Client 31 | Model: (SqueezeNet) | Acc: 82.05%
Selected client ids: [0, 1, 2, 3, 4, 5, 6, 7, 8, 9, 10, 11, 12, 13, 14, 15, 16, 17, 18, 19, 20, 21, 22, 23, 24, 25, 26, 27, 28, 29]
--- Round 25 ---
Round 25 | Client 0 | Model: (MLP) | Acc: 98.51%
Round 25 | Client 1 | Model: (CNN) | Acc: 99.69%
Round 25 | Client 2 | Model: (ResNet8) | Acc: 98.71%
Round 25 | Client 3 | Model: (ResNet18) | Acc: 96.31%
Round 25 | Client 4 | Model: (MobileNetV2) | Acc: 98.99%
Round 25 | Client 5 | Model: (MobileNetV3) | Acc: 90.81%
Round 25 | Client 6 | Model: (LeNet) | Acc: 98.80%
Round 25 | Client 7 | Model: (AlexNet) | Acc: 98.98%
Round 25 | Client 8 | Model: (ShuffleNet) | Acc: 99.13%
Round 25 | Client 9 | Model: (SqueezeNet) | Acc: 98.10%
Round 25 | Client 11 | Model: (MLP) | Acc: 95.27%
Round 25 | Client 12 | Model: (CNN) | Acc: 96.89%
Round 25 | Client 13 | Model: (ResNet8) | Acc: 92.92%
Round 25 | Client 14 | Model: (ResNet18) | Acc: 95.68%
Round 25 | Client 15 | Model: (MobileNetV2) | Acc: 95.14%
Round 25 | Client 16 | Model: (MobileNetV3) | Acc: 95.53%
Round 25 | Client 17 | Model: (LeNet) | Acc: 94.17%
Round 25 | Client 18 | Model: (AlexNet) | Acc: 96.59%
Round 25 | Client 19 | Model: (ShuffleNet) | Acc: 94.40%
Round 25 | Client 20 | Model: (SqueezeNet) | Acc: 92.90%
Round 25 | Client 22 | Model: (MLP) | Acc: 72.08%
Round 25 | Client 23 | Model: (CNN) | Acc: 71.07%
Round 25 | Client 24 | Model: (ResNet8) | Acc: 80.00%
Round 25 | Client 25 | Model: (ResNet18) | Acc: 80.91%
Round 25 | Client 26 | Model: (MobileNetV2) | Acc: 84.90%
Round 25 | Client 27 | Model: (MobileNetV3) | Acc: 75.16%
Round 25 | Client 28 | Model: (LeNet) | Acc: 88.84%
Round 25 | Client 29 | Model: (AlexNet) | Acc: 93.13%
Round 25 | Client 30 | Model: (ShuffleNet) | Acc: 84.04%
Round 25 | Client 31 | Model: (SqueezeNet) | Acc: 81.73%
Selected client ids: [0, 1, 2, 3, 4, 5, 6, 7, 8, 9, 10, 11, 12, 13, 14, 15, 16, 17, 18, 19, 20, 21, 22, 23, 24, 25, 26, 27, 28, 29]
--- Round 26 ---
Round 26 | Client 0 | Model: (MLP) | Acc: 98.01%
Round 26 | Client 1 | Model: (CNN) | Acc: 99.37%
Round 26 | Client 2 | Model: (ResNet8) | Acc: 97.04%
Round 26 | Client 3 | Model: (ResNet18) | Acc: 96.72%
Round 26 | Client 4 | Model: (MobileNetV2) | Acc: 99.09%
Round 26 | Client 5 | Model: (MobileNetV3) | Acc: 89.82%
Round 26 | Client 6 | Model: (LeNet) | Acc: 98.49%
Round 26 | Client 7 | Model: (AlexNet) | Acc: 99.09%
Round 26 | Client 8 | Model: (ShuffleNet) | Acc: 99.06%
Round 26 | Client 9 | Model: (SqueezeNet) | Acc: 98.22%
Round 26 | Client 11 | Model: (MLP) | Acc: 95.13%
Round 26 | Client 12 | Model: (CNN) | Acc: 96.24%
Round 26 | Client 13 | Model: (ResNet8) | Acc: 92.52%
Round 26 | Client 14 | Model: (ResNet18) | Acc: 95.95%
Round 26 | Client 15 | Model: (MobileNetV2) | Acc: 95.08%
Round 26 | Client 16 | Model: (MobileNetV3) | Acc: 96.15%
Round 26 | Client 17 | Model: (LeNet) | Acc: 94.24%
Round 26 | Client 18 | Model: (AlexNet) | Acc: 96.44%
Round 26 | Client 19 | Model: (ShuffleNet) | Acc: 94.61%
Round 26 | Client 20 | Model: (SqueezeNet) | Acc: 92.54%
Round 26 | Client 22 | Model: (MLP) | Acc: 71.36%
Round 26 | Client 23 | Model: (CNN) | Acc: 62.93%
Round 26 | Client 24 | Model: (ResNet8) | Acc: 80.00%
Round 26 | Client 25 | Model: (ResNet18) | Acc: 71.26%
Round 26 | Client 26 | Model: (MobileNetV2) | Acc: 83.71%
Round 26 | Client 27 | Model: (MobileNetV3) | Acc: 75.57%
Round 26 | Client 28 | Model: (LeNet) | Acc: 89.17%
Round 26 | Client 29 | Model: (AlexNet) | Acc: 94.64%
Round 26 | Client 30 | Model: (ShuffleNet) | Acc: 84.70%
Round 26 | Client 31 | Model: (SqueezeNet) | Acc: 81.73%
Selected client ids: [0, 1, 2, 3, 4, 5, 6, 7, 8, 9, 10, 11, 12, 13, 14, 15, 16, 17, 18, 19, 20, 21, 22, 23, 24, 25, 26, 27, 28, 29]
--- Round 27 ---
Round 27 | Client 0 | Model: (MLP) | Acc: 98.01%
Round 27 | Client 1 | Model: (CNN) | Acc: 99.06%
Round 27 | Client 2 | Model: (ResNet8) | Acc: 98.34%
Round 27 | Client 3 | Model: (ResNet18) | Acc: 97.95%
Round 27 | Client 4 | Model: (MobileNetV2) | Acc: 98.88%
Round 27 | Client 5 | Model: (MobileNetV3) | Acc: 96.94%
Round 27 | Client 6 | Model: (LeNet) | Acc: 98.19%
Round 27 | Client 7 | Model: (AlexNet) | Acc: 99.09%
Round 27 | Client 8 | Model: (ShuffleNet) | Acc: 99.06%
Round 27 | Client 9 | Model: (SqueezeNet) | Acc: 98.10%
Round 27 | Client 11 | Model: (MLP) | Acc: 95.13%
Round 27 | Client 12 | Model: (CNN) | Acc: 97.25%
Round 27 | Client 13 | Model: (ResNet8) | Acc: 93.54%
Round 27 | Client 14 | Model: (ResNet18) | Acc: 95.21%
Round 27 | Client 15 | Model: (MobileNetV2) | Acc: 94.93%
Round 27 | Client 16 | Model: (MobileNetV3) | Acc: 95.86%
Round 27 | Client 17 | Model: (LeNet) | Acc: 94.19%
Round 27 | Client 18 | Model: (AlexNet) | Acc: 96.63%
Round 27 | Client 19 | Model: (ShuffleNet) | Acc: 94.61%
Round 27 | Client 20 | Model: (SqueezeNet) | Acc: 93.58%
Round 27 | Client 22 | Model: (MLP) | Acc: 71.68%
Round 27 | Client 23 | Model: (CNN) | Acc: 65.87%
Round 27 | Client 24 | Model: (ResNet8) | Acc: 80.00%
Round 27 | Client 25 | Model: (ResNet18) | Acc: 79.27%
Round 27 | Client 26 | Model: (MobileNetV2) | Acc: 82.43%
Round 27 | Client 27 | Model: (MobileNetV3) | Acc: 75.51%
Round 27 | Client 28 | Model: (LeNet) | Acc: 89.01%
Round 27 | Client 29 | Model: (AlexNet) | Acc: 93.99%
Round 27 | Client 30 | Model: (ShuffleNet) | Acc: 86.47%
Round 27 | Client 31 | Model: (SqueezeNet) | Acc: 80.45%
Selected client ids: [0, 1, 2, 3, 4, 5, 6, 7, 8, 9, 10, 11, 12, 13, 14, 15, 16, 17, 18, 19, 20, 21, 22, 23, 24, 25, 26, 27, 28, 29]
--- Round 28 ---
Round 28 | Client 0 | Model: (MLP) | Acc: 98.76%
Round 28 | Client 1 | Model: (CNN) | Acc: 99.69%
Round 28 | Client 2 | Model: (ResNet8) | Acc: 99.26%
Round 28 | Client 3 | Model: (ResNet18) | Acc: 97.13%
Round 28 | Client 4 | Model: (MobileNetV2) | Acc: 99.09%
Round 28 | Client 5 | Model: (MobileNetV3) | Acc: 86.54%
Round 28 | Client 6 | Model: (LeNet) | Acc: 98.19%
Round 28 | Client 7 | Model: (AlexNet) | Acc: 98.98%
Round 28 | Client 8 | Model: (ShuffleNet) | Acc: 99.06%
Round 28 | Client 9 | Model: (SqueezeNet) | Acc: 97.39%
Round 28 | Client 11 | Model: (MLP) | Acc: 95.50%
Round 28 | Client 12 | Model: (CNN) | Acc: 96.77%
Round 28 | Client 13 | Model: (ResNet8) | Acc: 92.30%
Round 28 | Client 14 | Model: (ResNet18) | Acc: 95.80%
Round 28 | Client 15 | Model: (MobileNetV2) | Acc: 95.32%
Round 28 | Client 16 | Model: (MobileNetV3) | Acc: 95.56%
Round 28 | Client 17 | Model: (LeNet) | Acc: 94.20%
Round 28 | Client 18 | Model: (AlexNet) | Acc: 96.48%
Round 28 | Client 19 | Model: (ShuffleNet) | Acc: 94.47%
Round 28 | Client 20 | Model: (SqueezeNet) | Acc: 93.64%
Round 28 | Client 22 | Model: (MLP) | Acc: 71.20%
Round 28 | Client 23 | Model: (CNN) | Acc: 56.13%
Round 28 | Client 24 | Model: (ResNet8) | Acc: 80.00%
Round 28 | Client 25 | Model: (ResNet18) | Acc: 79.49%
Round 28 | Client 26 | Model: (MobileNetV2) | Acc: 82.03%
Round 28 | Client 27 | Model: (MobileNetV3) | Acc: 76.90%
Round 28 | Client 28 | Model: (LeNet) | Acc: 88.78%
Round 28 | Client 29 | Model: (AlexNet) | Acc: 93.35%
Round 28 | Client 30 | Model: (ShuffleNet) | Acc: 85.37%
Round 28 | Client 31 | Model: (SqueezeNet) | Acc: 82.37%
Selected client ids: [0, 1, 2, 3, 4, 5, 6, 7, 8, 9, 10, 11, 12, 13, 14, 15, 16, 17, 18, 19, 20, 21, 22, 23, 24, 25, 26, 27, 28, 29]
--- Round 29 ---
Round 29 | Client 0 | Model: (MLP) | Acc: 98.76%
Round 29 | Client 1 | Model: (CNN) | Acc: 97.80%
Round 29 | Client 2 | Model: (ResNet8) | Acc: 99.08%
Round 29 | Client 3 | Model: (ResNet18) | Acc: 98.36%
Round 29 | Client 4 | Model: (MobileNetV2) | Acc: 99.34%
Round 29 | Client 5 | Model: (MobileNetV3) | Acc: 94.64%
Round 29 | Client 6 | Model: (LeNet) | Acc: 98.49%
Round 29 | Client 7 | Model: (AlexNet) | Acc: 98.98%
Round 29 | Client 8 | Model: (ShuffleNet) | Acc: 99.02%
Round 29 | Client 9 | Model: (SqueezeNet) | Acc: 97.39%
Round 29 | Client 11 | Model: (MLP) | Acc: 94.93%
Round 29 | Client 12 | Model: (CNN) | Acc: 97.56%
Round 29 | Client 13 | Model: (ResNet8) | Acc: 92.61%
Round 29 | Client 14 | Model: (ResNet18) | Acc: 96.16%
Round 29 | Client 15 | Model: (MobileNetV2) | Acc: 95.09%
Round 29 | Client 16 | Model: (MobileNetV3) | Acc: 95.30%
Round 29 | Client 17 | Model: (LeNet) | Acc: 94.08%
Round 29 | Client 18 | Model: (AlexNet) | Acc: 96.48%
Round 29 | Client 19 | Model: (ShuffleNet) | Acc: 94.53%
Round 29 | Client 20 | Model: (SqueezeNet) | Acc: 94.15%
Round 29 | Client 22 | Model: (MLP) | Acc: 69.91%
Round 29 | Client 23 | Model: (CNN) | Acc: 53.07%
Round 29 | Client 24 | Model: (ResNet8) | Acc: 80.00%
Round 29 | Client 25 | Model: (ResNet18) | Acc: 80.69%
Round 29 | Client 26 | Model: (MobileNetV2) | Acc: 83.51%
Round 29 | Client 27 | Model: (MobileNetV3) | Acc: 75.97%
Round 29 | Client 28 | Model: (LeNet) | Acc: 86.79%
Round 29 | Client 29 | Model: (AlexNet) | Acc: 93.78%
Round 29 | Client 30 | Model: (ShuffleNet) | Acc: 86.25%
Round 29 | Client 31 | Model: (SqueezeNet) | Acc: 81.73%
Selected client ids: [0, 1, 2, 3, 4, 5, 6, 7, 8, 9, 10, 11, 12, 13, 14, 15, 16, 17, 18, 19, 20, 21, 22, 23, 24, 25, 26, 27, 28, 29]
--- Round 30 ---
Round 30 | Client 0 | Model: (MLP) | Acc: 98.76%
Round 30 | Client 1 | Model: (CNN) | Acc: 29.56%
Round 30 | Client 2 | Model: (ResNet8) | Acc: 99.26%
Round 30 | Client 3 | Model: (ResNet18) | Acc: 97.95%
Round 30 | Client 4 | Model: (MobileNetV2) | Acc: 99.09%
Round 30 | Client 5 | Model: (MobileNetV3) | Acc: 95.51%
Round 30 | Client 6 | Model: (LeNet) | Acc: 98.49%
Round 30 | Client 7 | Model: (AlexNet) | Acc: 99.21%
Round 30 | Client 8 | Model: (ShuffleNet) | Acc: 98.72%
Round 30 | Client 9 | Model: (SqueezeNet) | Acc: 98.10%
Round 30 | Client 11 | Model: (MLP) | Acc: 95.10%
Round 30 | Client 12 | Model: (CNN) | Acc: 97.48%
Round 30 | Client 13 | Model: (ResNet8) | Acc: 92.39%
Round 30 | Client 14 | Model: (ResNet18) | Acc: 95.59%
Round 30 | Client 15 | Model: (MobileNetV2) | Acc: 95.05%
Round 30 | Client 16 | Model: (MobileNetV3) | Acc: 95.64%
Round 30 | Client 17 | Model: (LeNet) | Acc: 94.17%
Round 30 | Client 18 | Model: (AlexNet) | Acc: 96.58%
Round 30 | Client 19 | Model: (ShuffleNet) | Acc: 94.41%
Round 30 | Client 20 | Model: (SqueezeNet) | Acc: 93.76%
Round 30 | Client 22 | Model: (MLP) | Acc: 70.64%
Round 30 | Client 23 | Model: (CNN) | Acc: 68.67%
Round 30 | Client 24 | Model: (ResNet8) | Acc: 80.00%
Round 30 | Client 25 | Model: (ResNet18) | Acc: 80.09%
Round 30 | Client 26 | Model: (MobileNetV2) | Acc: 83.02%
Round 30 | Client 27 | Model: (MobileNetV3) | Acc: 74.29%
Round 30 | Client 28 | Model: (LeNet) | Acc: 88.28%
Round 30 | Client 29 | Model: (AlexNet) | Acc: 93.99%
Round 30 | Client 30 | Model: (ShuffleNet) | Acc: 83.59%
Round 30 | Client 31 | Model: (SqueezeNet) | Acc: 76.28%
Selected client ids: [0, 1, 2, 3, 4, 5, 6, 7, 8, 9, 10, 11, 12, 13, 14, 15, 16, 17, 18, 19, 20, 21, 22, 23, 24, 25, 26, 27, 28, 29]
--- Round 31 ---
Round 31 | Client 0 | Model: (MLP) | Acc: 97.26%
Round 31 | Client 1 | Model: (CNN) | Acc: 97.80%
Round 31 | Client 2 | Model: (ResNet8) | Acc: 99.45%
Round 31 | Client 3 | Model: (ResNet18) | Acc: 98.36%
Round 31 | Client 4 | Model: (MobileNetV2) | Acc: 99.04%
Round 31 | Client 5 | Model: (MobileNetV3) | Acc: 93.76%
Round 31 | Client 6 | Model: (LeNet) | Acc: 98.80%
Round 31 | Client 7 | Model: (AlexNet) | Acc: 99.09%
Round 31 | Client 8 | Model: (ShuffleNet) | Acc: 99.28%
Round 31 | Client 9 | Model: (SqueezeNet) | Acc: 97.03%
Round 31 | Client 11 | Model: (MLP) | Acc: 95.00%
Round 31 | Client 12 | Model: (CNN) | Acc: 97.03%
Round 31 | Client 13 | Model: (ResNet8) | Acc: 93.25%
Round 31 | Client 14 | Model: (ResNet18) | Acc: 95.31%
Round 31 | Client 15 | Model: (MobileNetV2) | Acc: 95.29%
Round 31 | Client 16 | Model: (MobileNetV3) | Acc: 95.70%
Round 31 | Client 17 | Model: (LeNet) | Acc: 94.07%
Round 31 | Client 18 | Model: (AlexNet) | Acc: 96.11%
Round 31 | Client 19 | Model: (ShuffleNet) | Acc: 94.67%
Round 31 | Client 20 | Model: (SqueezeNet) | Acc: 93.39%
Round 31 | Client 22 | Model: (MLP) | Acc: 68.95%
Round 31 | Client 23 | Model: (CNN) | Acc: 57.07%
Round 31 | Client 24 | Model: (ResNet8) | Acc: 80.00%
Round 31 | Client 25 | Model: (ResNet18) | Acc: 79.12%
Round 31 | Client 26 | Model: (MobileNetV2) | Acc: 85.00%
Round 31 | Client 27 | Model: (MobileNetV3) | Acc: 75.97%
Round 31 | Client 28 | Model: (LeNet) | Acc: 89.73%
Round 31 | Client 29 | Model: (AlexNet) | Acc: 93.99%
Round 31 | Client 30 | Model: (ShuffleNet) | Acc: 83.81%
Round 31 | Client 31 | Model: (SqueezeNet) | Acc: 75.64%
Selected client ids: [0, 1, 2, 3, 4, 5, 6, 7, 8, 9, 10, 11, 12, 13, 14, 15, 16, 17, 18, 19, 20, 21, 22, 23, 24, 25, 26, 27, 28, 29]
--- Round 32 ---
Round 32 | Client 0 | Model: (MLP) | Acc: 97.51%
Round 32 | Client 1 | Model: (CNN) | Acc: 97.80%
Round 32 | Client 2 | Model: (ResNet8) | Acc: 99.26%
Round 32 | Client 3 | Model: (ResNet18) | Acc: 98.36%
Round 32 | Client 4 | Model: (MobileNetV2) | Acc: 99.19%
Round 32 | Client 5 | Model: (MobileNetV3) | Acc: 95.30%
Round 32 | Client 6 | Model: (LeNet) | Acc: 98.80%
Round 32 | Client 7 | Model: (AlexNet) | Acc: 99.09%
Round 32 | Client 8 | Model: (ShuffleNet) | Acc: 99.36%
Round 32 | Client 9 | Model: (SqueezeNet) | Acc: 98.69%
Round 32 | Client 11 | Model: (MLP) | Acc: 95.00%
Round 32 | Client 12 | Model: (CNN) | Acc: 97.24%
Round 32 | Client 13 | Model: (ResNet8) | Acc: 93.21%
Round 32 | Client 14 | Model: (ResNet18) | Acc: 95.66%
Round 32 | Client 15 | Model: (MobileNetV2) | Acc: 95.17%
Round 32 | Client 16 | Model: (MobileNetV3) | Acc: 94.34%
Round 32 | Client 17 | Model: (LeNet) | Acc: 94.12%
Round 32 | Client 18 | Model: (AlexNet) | Acc: 96.29%
Round 32 | Client 19 | Model: (ShuffleNet) | Acc: 94.82%
Round 32 | Client 20 | Model: (SqueezeNet) | Acc: 93.54%
Round 32 | Client 22 | Model: (MLP) | Acc: 69.67%
Round 32 | Client 23 | Model: (CNN) | Acc: 77.33%
Round 32 | Client 24 | Model: (ResNet8) | Acc: 80.00%
Round 32 | Client 25 | Model: (ResNet18) | Acc: 78.59%
Round 32 | Client 26 | Model: (MobileNetV2) | Acc: 83.12%
Round 32 | Client 27 | Model: (MobileNetV3) | Acc: 76.49%
Round 32 | Client 28 | Model: (LeNet) | Acc: 87.90%
Round 32 | Client 29 | Model: (AlexNet) | Acc: 94.21%
Round 32 | Client 30 | Model: (ShuffleNet) | Acc: 85.14%
Round 32 | Client 31 | Model: (SqueezeNet) | Acc: 72.76%
Selected client ids: [0, 1, 2, 3, 4, 5, 6, 7, 8, 9, 10, 11, 12, 13, 14, 15, 16, 17, 18, 19, 20, 21, 22, 23, 24, 25, 26, 27, 28, 29]
--- Round 33 ---
Round 33 | Client 0 | Model: (MLP) | Acc: 94.78%
Round 33 | Client 1 | Model: (CNN) | Acc: 97.48%
Round 33 | Client 2 | Model: (ResNet8) | Acc: 99.45%
Round 33 | Client 3 | Model: (ResNet18) | Acc: 98.36%
Round 33 | Client 4 | Model: (MobileNetV2) | Acc: 98.78%
Round 33 | Client 5 | Model: (MobileNetV3) | Acc: 96.83%
Round 33 | Client 6 | Model: (LeNet) | Acc: 98.80%
Round 33 | Client 7 | Model: (AlexNet) | Acc: 99.21%
Round 33 | Client 8 | Model: (ShuffleNet) | Acc: 99.17%
Round 33 | Client 9 | Model: (SqueezeNet) | Acc: 98.34%
Round 33 | Client 11 | Model: (MLP) | Acc: 95.00%
Round 33 | Client 12 | Model: (CNN) | Acc: 97.07%
Round 33 | Client 13 | Model: (ResNet8) | Acc: 92.42%
Round 33 | Client 14 | Model: (ResNet18) | Acc: 95.41%
Round 33 | Client 15 | Model: (MobileNetV2) | Acc: 95.18%
Round 33 | Client 16 | Model: (MobileNetV3) | Acc: 95.77%
Round 33 | Client 17 | Model: (LeNet) | Acc: 94.14%
Round 33 | Client 18 | Model: (AlexNet) | Acc: 96.33%
Round 33 | Client 19 | Model: (ShuffleNet) | Acc: 94.84%
Round 33 | Client 20 | Model: (SqueezeNet) | Acc: 93.57%
Round 33 | Client 22 | Model: (MLP) | Acc: 71.20%
Round 33 | Client 23 | Model: (CNN) | Acc: 56.67%
Round 33 | Client 24 | Model: (ResNet8) | Acc: 80.00%
Round 33 | Client 25 | Model: (ResNet18) | Acc: 77.84%
Round 33 | Client 26 | Model: (MobileNetV2) | Acc: 84.01%
Round 33 | Client 27 | Model: (MobileNetV3) | Acc: 76.84%
Round 33 | Client 28 | Model: (LeNet) | Acc: 89.01%
Round 33 | Client 29 | Model: (AlexNet) | Acc: 93.99%
Round 33 | Client 30 | Model: (ShuffleNet) | Acc: 83.15%
Round 33 | Client 31 | Model: (SqueezeNet) | Acc: 83.33%
Selected client ids: [0, 1, 2, 3, 4, 5, 6, 7, 8, 9, 10, 11, 12, 13, 14, 15, 16, 17, 18, 19, 20, 21, 22, 23, 24, 25, 26, 27, 28, 29]
--- Round 34 ---
Round 34 | Client 0 | Model: (MLP) | Acc: 97.76%
Round 34 | Client 1 | Model: (CNN) | Acc: 99.06%
Round 34 | Client 2 | Model: (ResNet8) | Acc: 99.45%
Round 34 | Client 3 | Model: (ResNet18) | Acc: 98.36%
Round 34 | Client 4 | Model: (MobileNetV2) | Acc: 98.63%
Round 34 | Client 5 | Model: (MobileNetV3) | Acc: 93.33%
Round 34 | Client 6 | Model: (LeNet) | Acc: 98.80%
Round 34 | Client 7 | Model: (AlexNet) | Acc: 99.21%
Round 34 | Client 8 | Model: (ShuffleNet) | Acc: 99.17%
Round 34 | Client 9 | Model: (SqueezeNet) | Acc: 98.93%
Round 34 | Client 11 | Model: (MLP) | Acc: 94.73%
Round 34 | Client 12 | Model: (CNN) | Acc: 97.44%
Round 34 | Client 13 | Model: (ResNet8) | Acc: 92.56%
Round 34 | Client 14 | Model: (ResNet18) | Acc: 95.27%
Round 34 | Client 15 | Model: (MobileNetV2) | Acc: 94.64%
Round 34 | Client 16 | Model: (MobileNetV3) | Acc: 96.00%
Round 34 | Client 17 | Model: (LeNet) | Acc: 94.20%
Round 34 | Client 18 | Model: (AlexNet) | Acc: 96.52%
Round 34 | Client 19 | Model: (ShuffleNet) | Acc: 95.02%
Round 34 | Client 20 | Model: (SqueezeNet) | Acc: 93.61%
Round 34 | Client 22 | Model: (MLP) | Acc: 72.08%
Round 34 | Client 23 | Model: (CNN) | Acc: 63.87%
Round 34 | Client 24 | Model: (ResNet8) | Acc: 80.00%
Round 34 | Client 25 | Model: (ResNet18) | Acc: 78.89%
Round 34 | Client 26 | Model: (MobileNetV2) | Acc: 85.00%
Round 34 | Client 27 | Model: (MobileNetV3) | Acc: 76.78%
Round 34 | Client 28 | Model: (LeNet) | Acc: 88.78%
Round 34 | Client 29 | Model: (AlexNet) | Acc: 94.42%
Round 34 | Client 30 | Model: (ShuffleNet) | Acc: 82.93%
Round 34 | Client 31 | Model: (SqueezeNet) | Acc: 78.85%
Selected client ids: [0, 1, 2, 3, 4, 5, 6, 7, 8, 9, 10, 11, 12, 13, 14, 15, 16, 17, 18, 19, 20, 21, 22, 23, 24, 25, 26, 27, 28, 29]
--- Round 35 ---
Round 35 | Client 0 | Model: (MLP) | Acc: 98.01%
Round 35 | Client 1 | Model: (CNN) | Acc: 99.69%
Round 35 | Client 2 | Model: (ResNet8) | Acc: 99.45%
Round 35 | Client 3 | Model: (ResNet18) | Acc: 98.77%
Round 35 | Client 4 | Model: (MobileNetV2) | Acc: 98.88%
Round 35 | Client 5 | Model: (MobileNetV3) | Acc: 96.83%
Round 35 | Client 6 | Model: (LeNet) | Acc: 98.80%
Round 35 | Client 7 | Model: (AlexNet) | Acc: 99.21%
Round 35 | Client 8 | Model: (ShuffleNet) | Acc: 98.91%
Round 35 | Client 9 | Model: (SqueezeNet) | Acc: 97.86%
Round 35 | Client 11 | Model: (MLP) | Acc: 94.74%
Round 35 | Client 12 | Model: (CNN) | Acc: 96.63%
Round 35 | Client 13 | Model: (ResNet8) | Acc: 92.31%
Round 35 | Client 14 | Model: (ResNet18) | Acc: 95.43%
Round 35 | Client 15 | Model: (MobileNetV2) | Acc: 94.64%
Round 35 | Client 16 | Model: (MobileNetV3) | Acc: 95.63%
Round 35 | Client 17 | Model: (LeNet) | Acc: 93.91%
Round 35 | Client 18 | Model: (AlexNet) | Acc: 96.36%
Round 35 | Client 19 | Model: (ShuffleNet) | Acc: 95.10%
Round 35 | Client 20 | Model: (SqueezeNet) | Acc: 93.60%
Round 35 | Client 22 | Model: (MLP) | Acc: 71.12%
Round 35 | Client 23 | Model: (CNN) | Acc: 70.40%
Round 35 | Client 24 | Model: (ResNet8) | Acc: 80.00%
Round 35 | Client 25 | Model: (ResNet18) | Acc: 79.19%
Round 35 | Client 26 | Model: (MobileNetV2) | Acc: 83.61%
Round 35 | Client 27 | Model: (MobileNetV3) | Acc: 77.77%
Round 35 | Client 28 | Model: (LeNet) | Acc: 88.73%
Round 35 | Client 29 | Model: (AlexNet) | Acc: 94.42%
Round 35 | Client 30 | Model: (ShuffleNet) | Acc: 84.26%
Round 35 | Client 31 | Model: (SqueezeNet) | Acc: 81.41%
Selected client ids: [0, 1, 2, 3, 4, 5, 6, 7, 8, 9, 10, 11, 12, 13, 14, 15, 16, 17, 18, 19, 20, 21, 22, 23, 24, 25, 26, 27, 28, 29]
--- Round 36 ---
Round 36 | Client 0 | Model: (MLP) | Acc: 99.25%
Round 36 | Client 1 | Model: (CNN) | Acc: 99.69%
Round 36 | Client 2 | Model: (ResNet8) | Acc: 99.45%
Round 36 | Client 3 | Model: (ResNet18) | Acc: 98.36%
Round 36 | Client 4 | Model: (MobileNetV2) | Acc: 99.49%
Round 36 | Client 5 | Model: (MobileNetV3) | Acc: 96.72%
Round 36 | Client 6 | Model: (LeNet) | Acc: 98.80%
Round 36 | Client 7 | Model: (AlexNet) | Acc: 99.21%
Round 36 | Client 8 | Model: (ShuffleNet) | Acc: 99.21%
Round 36 | Client 9 | Model: (SqueezeNet) | Acc: 97.86%
Round 36 | Client 11 | Model: (MLP) | Acc: 94.83%
Round 36 | Client 12 | Model: (CNN) | Acc: 97.27%
Round 36 | Client 13 | Model: (ResNet8) | Acc: 92.41%
Round 36 | Client 14 | Model: (ResNet18) | Acc: 95.63%
Round 36 | Client 15 | Model: (MobileNetV2) | Acc: 95.27%
Round 36 | Client 16 | Model: (MobileNetV3) | Acc: 95.96%
Round 36 | Client 17 | Model: (LeNet) | Acc: 94.19%
Round 36 | Client 18 | Model: (AlexNet) | Acc: 96.61%
Round 36 | Client 19 | Model: (ShuffleNet) | Acc: 94.57%
Round 36 | Client 20 | Model: (SqueezeNet) | Acc: 93.73%
Round 36 | Client 22 | Model: (MLP) | Acc: 70.56%
Round 36 | Client 23 | Model: (CNN) | Acc: 77.60%
Round 36 | Client 24 | Model: (ResNet8) | Acc: 80.00%
Round 36 | Client 25 | Model: (ResNet18) | Acc: 79.42%
Round 36 | Client 26 | Model: (MobileNetV2) | Acc: 85.09%
Round 36 | Client 27 | Model: (MobileNetV3) | Acc: 77.07%
Round 36 | Client 28 | Model: (LeNet) | Acc: 89.23%
Round 36 | Client 29 | Model: (AlexNet) | Acc: 94.42%
Round 36 | Client 30 | Model: (ShuffleNet) | Acc: 83.59%
Round 36 | Client 31 | Model: (SqueezeNet) | Acc: 81.73%
Selected client ids: [0, 1, 2, 3, 4, 5, 6, 7, 8, 9, 10, 11, 12, 13, 14, 15, 16, 17, 18, 19, 20, 21, 22, 23, 24, 25, 26, 27, 28, 29]
--- Round 37 ---
Round 37 | Client 0 | Model: (MLP) | Acc: 99.00%
Round 37 | Client 1 | Model: (CNN) | Acc: 99.69%
Round 37 | Client 2 | Model: (ResNet8) | Acc: 99.45%
Round 37 | Client 3 | Model: (ResNet18) | Acc: 98.36%
Round 37 | Client 4 | Model: (MobileNetV2) | Acc: 99.14%
Round 37 | Client 5 | Model: (MobileNetV3) | Acc: 94.09%
Round 37 | Client 6 | Model: (LeNet) | Acc: 98.80%
Round 37 | Client 7 | Model: (AlexNet) | Acc: 99.21%
Round 37 | Client 8 | Model: (ShuffleNet) | Acc: 99.06%
Round 37 | Client 9 | Model: (SqueezeNet) | Acc: 98.81%
Round 37 | Client 11 | Model: (MLP) | Acc: 95.04%
Round 37 | Client 12 | Model: (CNN) | Acc: 97.03%
Round 37 | Client 13 | Model: (ResNet8) | Acc: 92.97%
Round 37 | Client 14 | Model: (ResNet18) | Acc: 95.63%
Round 37 | Client 15 | Model: (MobileNetV2) | Acc: 94.96%
Round 37 | Client 16 | Model: (MobileNetV3) | Acc: 95.01%
Round 37 | Client 17 | Model: (LeNet) | Acc: 94.06%
Round 37 | Client 18 | Model: (AlexNet) | Acc: 96.43%
Round 37 | Client 19 | Model: (ShuffleNet) | Acc: 94.53%
Round 37 | Client 20 | Model: (SqueezeNet) | Acc: 93.79%
Round 37 | Client 22 | Model: (MLP) | Acc: 70.31%
Round 37 | Client 23 | Model: (CNN) | Acc: 73.47%
Round 37 | Client 24 | Model: (ResNet8) | Acc: 80.00%
Round 37 | Client 25 | Model: (ResNet18) | Acc: 80.31%
Round 37 | Client 26 | Model: (MobileNetV2) | Acc: 83.32%
Round 37 | Client 27 | Model: (MobileNetV3) | Acc: 76.38%
Round 37 | Client 28 | Model: (LeNet) | Acc: 89.89%
Round 37 | Client 29 | Model: (AlexNet) | Acc: 94.42%
Round 37 | Client 30 | Model: (ShuffleNet) | Acc: 83.59%
Round 37 | Client 31 | Model: (SqueezeNet) | Acc: 77.56%
Selected client ids: [0, 1, 2, 3, 4, 5, 6, 7, 8, 9, 10, 11, 12, 13, 14, 15, 16, 17, 18, 19, 20, 21, 22, 23, 24, 25, 26, 27, 28, 29]
--- Round 38 ---
Round 38 | Client 0 | Model: (MLP) | Acc: 99.00%
Round 38 | Client 1 | Model: (CNN) | Acc: 99.69%
Round 38 | Client 2 | Model: (ResNet8) | Acc: 99.08%
Round 38 | Client 3 | Model: (ResNet18) | Acc: 98.36%
Round 38 | Client 4 | Model: (MobileNetV2) | Acc: 99.09%
Round 38 | Client 5 | Model: (MobileNetV3) | Acc: 96.94%
Round 38 | Client 6 | Model: (LeNet) | Acc: 98.80%
Round 38 | Client 7 | Model: (AlexNet) | Acc: 99.21%
Round 38 | Client 8 | Model: (ShuffleNet) | Acc: 99.24%
Round 38 | Client 9 | Model: (SqueezeNet) | Acc: 98.22%
Round 38 | Client 11 | Model: (MLP) | Acc: 95.12%
Round 38 | Client 12 | Model: (CNN) | Acc: 97.28%
Round 38 | Client 13 | Model: (ResNet8) | Acc: 91.93%
Round 38 | Client 14 | Model: (ResNet18) | Acc: 95.71%
Round 38 | Client 15 | Model: (MobileNetV2) | Acc: 95.29%
Round 38 | Client 16 | Model: (MobileNetV3) | Acc: 95.74%
Round 38 | Client 17 | Model: (LeNet) | Acc: 94.22%
Round 38 | Client 18 | Model: (AlexNet) | Acc: 96.33%
Round 38 | Client 19 | Model: (ShuffleNet) | Acc: 94.70%
Round 38 | Client 20 | Model: (SqueezeNet) | Acc: 93.48%
Round 38 | Client 22 | Model: (MLP) | Acc: 70.23%
Round 38 | Client 23 | Model: (CNN) | Acc: 56.67%
Round 38 | Client 24 | Model: (ResNet8) | Acc: 80.00%
Round 38 | Client 25 | Model: (ResNet18) | Acc: 78.82%
Round 38 | Client 26 | Model: (MobileNetV2) | Acc: 82.72%
Round 38 | Client 27 | Model: (MobileNetV3) | Acc: 77.83%
Round 38 | Client 28 | Model: (LeNet) | Acc: 88.17%
Round 38 | Client 29 | Model: (AlexNet) | Acc: 94.42%
Round 38 | Client 30 | Model: (ShuffleNet) | Acc: 83.59%
Round 38 | Client 31 | Model: (SqueezeNet) | Acc: 78.21%
Selected client ids: [0, 1, 2, 3, 4, 5, 6, 7, 8, 9, 10, 11, 12, 13, 14, 15, 16, 17, 18, 19, 20, 21, 22, 23, 24, 25, 26, 27, 28, 29]
--- Round 39 ---
Round 39 | Client 0 | Model: (MLP) | Acc: 99.00%
Round 39 | Client 1 | Model: (CNN) | Acc: 99.69%
Round 39 | Client 2 | Model: (ResNet8) | Acc: 99.26%
Round 39 | Client 3 | Model: (ResNet18) | Acc: 98.77%
Round 39 | Client 4 | Model: (MobileNetV2) | Acc: 98.99%
Round 39 | Client 5 | Model: (MobileNetV3) | Acc: 94.97%
Round 39 | Client 6 | Model: (LeNet) | Acc: 98.80%
Round 39 | Client 7 | Model: (AlexNet) | Acc: 99.21%
Round 39 | Client 8 | Model: (ShuffleNet) | Acc: 99.21%
Round 39 | Client 9 | Model: (SqueezeNet) | Acc: 97.74%
Round 39 | Client 11 | Model: (MLP) | Acc: 95.06%
Round 39 | Client 12 | Model: (CNN) | Acc: 96.45%
Round 39 | Client 13 | Model: (ResNet8) | Acc: 92.72%
Round 39 | Client 14 | Model: (ResNet18) | Acc: 95.71%
Round 39 | Client 15 | Model: (MobileNetV2) | Acc: 94.70%
Round 39 | Client 16 | Model: (MobileNetV3) | Acc: 95.05%
Round 39 | Client 17 | Model: (LeNet) | Acc: 94.17%
Round 39 | Client 18 | Model: (AlexNet) | Acc: 96.44%
Round 39 | Client 19 | Model: (ShuffleNet) | Acc: 94.88%
Round 39 | Client 20 | Model: (SqueezeNet) | Acc: 92.88%
Round 39 | Client 22 | Model: (MLP) | Acc: 70.96%
Round 39 | Client 23 | Model: (CNN) | Acc: 69.73%
Round 39 | Client 24 | Model: (ResNet8) | Acc: 80.00%
Round 39 | Client 25 | Model: (ResNet18) | Acc: 80.46%
Round 39 | Client 26 | Model: (MobileNetV2) | Acc: 83.71%
Round 39 | Client 27 | Model: (MobileNetV3) | Acc: 76.78%
Round 39 | Client 28 | Model: (LeNet) | Acc: 88.62%
Round 39 | Client 29 | Model: (AlexNet) | Acc: 94.42%
Round 39 | Client 30 | Model: (ShuffleNet) | Acc: 85.37%
Round 39 | Client 31 | Model: (SqueezeNet) | Acc: 78.53%
Selected client ids: [0, 1, 2, 3, 4, 5, 6, 7, 8, 9, 10, 11, 12, 13, 14, 15, 16, 17, 18, 19, 20, 21, 22, 23, 24, 25, 26, 27, 28, 29]
--- Round 40 ---
Round 40 | Client 0 | Model: (MLP) | Acc: 99.00%
Round 40 | Client 1 | Model: (CNN) | Acc: 99.69%
Round 40 | Client 2 | Model: (ResNet8) | Acc: 99.26%
Round 40 | Client 3 | Model: (ResNet18) | Acc: 98.36%
Round 40 | Client 4 | Model: (MobileNetV2) | Acc: 98.93%
Round 40 | Client 5 | Model: (MobileNetV3) | Acc: 96.50%
Round 40 | Client 6 | Model: (LeNet) | Acc: 98.80%
Round 40 | Client 7 | Model: (AlexNet) | Acc: 99.21%
Round 40 | Client 8 | Model: (ShuffleNet) | Acc: 98.91%
Round 40 | Client 9 | Model: (SqueezeNet) | Acc: 98.46%
Round 40 | Client 11 | Model: (MLP) | Acc: 95.31%
Round 40 | Client 12 | Model: (CNN) | Acc: 96.45%
Round 40 | Client 13 | Model: (ResNet8) | Acc: 92.66%
Round 40 | Client 14 | Model: (ResNet18) | Acc: 95.83%
Round 40 | Client 15 | Model: (MobileNetV2) | Acc: 95.11%
Round 40 | Client 16 | Model: (MobileNetV3) | Acc: 95.84%
Round 40 | Client 17 | Model: (LeNet) | Acc: 93.67%
Round 40 | Client 18 | Model: (AlexNet) | Acc: 96.35%
Round 40 | Client 19 | Model: (ShuffleNet) | Acc: 94.84%
Round 40 | Client 20 | Model: (SqueezeNet) | Acc: 93.83%
Round 40 | Client 22 | Model: (MLP) | Acc: 69.75%
Round 40 | Client 23 | Model: (CNN) | Acc: 75.33%
Round 40 | Client 24 | Model: (ResNet8) | Acc: 100.00%
Round 40 | Client 25 | Model: (ResNet18) | Acc: 79.57%
Round 40 | Client 26 | Model: (MobileNetV2) | Acc: 83.71%
Round 40 | Client 27 | Model: (MobileNetV3) | Acc: 76.67%
Round 40 | Client 28 | Model: (LeNet) | Acc: 89.17%
Round 40 | Client 29 | Model: (AlexNet) | Acc: 94.64%
Round 40 | Client 30 | Model: (ShuffleNet) | Acc: 82.93%
Round 40 | Client 31 | Model: (SqueezeNet) | Acc: 80.45%
Saving checkpoints ...
[Server] Checkpoint saved to logs/2026-03-26_09-54-50/Local/server_checkpoints.pth
[Server] All 30 clients saved in logs/2026-03-26_09-54-50/Local/clients_last_round(40)_checkpoints/
==============================    Finished. Total Time: 2:06:48    ==============================
