Time: 2026-05-12 10:19:53
Log Dir: logs/2026-05-12_10-19-53/BaseFL_public
================================================================================

==============================        Args        ==============================
  exp_timestamp: None
  exp_conf: ./configs/het-iid-exp.yaml
  device: cuda:1
  seed: 15698
  algorithm: BaseFL_public
  num_new_clients: 1
  num_train_mnist: 10
  num_train_emnist: 10
  num_train_fashionmnist: 0
  num_train_cifar10: 10
  num_train_cifar100: 0
  num_train_usps: 0
================================================================================
==============================    Exp Configs     ==============================
exp_name: model-heterogeneity
heterogeneous: true
dirichlet_alpha: 100
global_rounds: 30
local_epochs: 1
local_loss_fn: CrossEntropyLoss
local_optim: Adam
local_lr: 0.001
batch_size: 64
sample_frac: 1.0
test_interval: 1
metric_type: accuracy
global_feature_dim: 256
optim: Adam
optim_lr: 0.001
global_gen_epochs: 10
gen_noise_dim: 128
gen_optim: Adam
gen_optim_lr: 0.001
global_feat_gen_epochs: 10
feat_gen_noise_dim: 128
feat_gen_optim: Adam
feat_gen_optim_lr: 0.001
feat_gen_div_beta: 1.0
public_data_ratio: 0.05
start_mapping_epoch: 1
gen_observer_weight: 1.0
index_matching: class_name
aggregate_method: dataset_name
use_new_entropy_method: true
entropy_ratio: 0.85
global_model_epochs: 5
global_model_optim: Adam
global_model_optim_lr: 0.0001
global_samples_per_class: 64

================================================================================

==================================================
Start 30 rounds training by BaseFL_public
Selected client ids: [0, 1, 2, 3, 4, 5, 6, 7, 8, 9, 10, 11, 12, 13, 14, 15, 16, 17, 18, 19, 20, 21, 22, 23, 24, 25, 26, 27, 28, 29]
--- Round 1 ---
[Server] Aggregating by Dataset Name ...
[Server] Performing Name-Based Label Mapping...
[Server] Name-based mapping completed. Found 72 unique global classes.

=========================================================================================================
Global ID  | Class Name           | Mapped Datasets (Local ID)
---------------------------------------------------------------------------------------------------------
0          | 0                    | MNIST(0), EMNIST(0)
1          | 1                    | MNIST(1), EMNIST(1)
2          | 2                    | MNIST(2), EMNIST(2)
3          | 3                    | MNIST(3), EMNIST(3)
4          | 4                    | MNIST(4), EMNIST(4)
5          | 5                    | MNIST(5), EMNIST(5)
6          | 6                    | MNIST(6), EMNIST(6)
7          | 7                    | MNIST(7), EMNIST(7)
8          | 8                    | MNIST(8), EMNIST(8)
9          | 9                    | MNIST(9), EMNIST(9)
10         | A                    | EMNIST(10)
11         | B                    | EMNIST(11)
12         | C                    | EMNIST(12)
13         | D                    | EMNIST(13)
14         | E                    | EMNIST(14)
15         | F                    | EMNIST(15)
16         | G                    | EMNIST(16)
17         | H                    | EMNIST(17)
18         | I                    | EMNIST(18)
19         | J                    | EMNIST(19)
20         | K                    | EMNIST(20)
21         | L                    | EMNIST(21)
22         | M                    | EMNIST(22)
23         | N                    | EMNIST(23)
24         | O                    | EMNIST(24)
25         | P                    | EMNIST(25)
26         | Q                    | EMNIST(26)
27         | R                    | EMNIST(27)
28         | S                    | EMNIST(28)
29         | T                    | EMNIST(29)
30         | U                    | EMNIST(30)
31         | V                    | EMNIST(31)
32         | W                    | EMNIST(32)
33         | X                    | EMNIST(33)
34         | Y                    | EMNIST(34)
35         | Z                    | EMNIST(35)
36         | a                    | EMNIST(36)
37         | airplane             | CIFAR10(0)
38         | automobile           | CIFAR10(1)
39         | b                    | EMNIST(37)
40         | bird                 | CIFAR10(2)
41         | c                    | EMNIST(38)
42         | cat                  | CIFAR10(3)
43         | d                    | EMNIST(39)
44         | deer                 | CIFAR10(4)
45         | dog                  | CIFAR10(5)
46         | e                    | EMNIST(40)
47         | f                    | EMNIST(41)
48         | frog                 | CIFAR10(6)
49         | g                    | EMNIST(42)
50         | h                    | EMNIST(43)
51         | horse                | CIFAR10(7)
52         | i                    | EMNIST(44)
53         | j                    | EMNIST(45)
54         | k                    | EMNIST(46)
55         | l                    | EMNIST(47)
56         | m                    | EMNIST(48)
57         | n                    | EMNIST(49)
58         | o                    | EMNIST(50)
59         | p                    | EMNIST(51)
60         | q                    | EMNIST(52)
61         | r                    | EMNIST(53)
62         | s                    | EMNIST(54)
63         | ship                 | CIFAR10(8)
64         | t                    | EMNIST(55)
65         | truck                | CIFAR10(9)
66         | u                    | EMNIST(56)
67         | v                    | EMNIST(57)
68         | w                    | EMNIST(58)
69         | x                    | EMNIST(59)
70         | y                    | EMNIST(60)
71         | z                    | EMNIST(61)
=========================================================================================================

Initializing Global Inference Model with 72 classes...
[Server] Global Inference Model Acc (MNIST) (Round 1): 96.35% (Tested on 9095 samples)
[Server] Global Inference Model Acc (EMNIST) (Round 1): 74.08% (Tested on 105779 samples)
[Server] Global Inference Model Acc (CIFAR10) (Round 1): 29.42% (Tested on 9100 samples)
[Server] Global Inference Model Acc (Mix) (Round 1): 72.44% (Tested on 123974 samples)
Selected client ids: [0, 1, 2, 3, 4, 5, 6, 7, 8, 9, 10, 11, 12, 13, 14, 15, 16, 17, 18, 19, 20, 21, 22, 23, 24, 25, 26, 27, 28, 29]
--- Round 2 ---
[Server] Aggregating by Dataset Name ...
[Server] Global Inference Model Acc (MNIST) (Round 2): 84.33% (Tested on 9095 samples)
[Server] Global Inference Model Acc (EMNIST) (Round 2): 66.32% (Tested on 105779 samples)
[Server] Global Inference Model Acc (CIFAR10) (Round 2): 37.18% (Tested on 9100 samples)
[Server] Global Inference Model Acc (Mix) (Round 2): 65.50% (Tested on 123974 samples)
Selected client ids: [0, 1, 2, 3, 4, 5, 6, 7, 8, 9, 10, 11, 12, 13, 14, 15, 16, 17, 18, 19, 20, 21, 22, 23, 24, 25, 26, 27, 28, 29]
--- Round 3 ---
[Server] Aggregating by Dataset Name ...
[Server] Global Inference Model Acc (MNIST) (Round 3): 95.66% (Tested on 9095 samples)
[Server] Global Inference Model Acc (EMNIST) (Round 3): 71.62% (Tested on 105779 samples)
[Server] Global Inference Model Acc (CIFAR10) (Round 3): 41.52% (Tested on 9100 samples)
[Server] Global Inference Model Acc (Mix) (Round 3): 71.17% (Tested on 123974 samples)
Selected client ids: [0, 1, 2, 3, 4, 5, 6, 7, 8, 9, 10, 11, 12, 13, 14, 15, 16, 17, 18, 19, 20, 21, 22, 23, 24, 25, 26, 27, 28, 29]
--- Round 4 ---
[Server] Aggregating by Dataset Name ...
[Server] Global Inference Model Acc (MNIST) (Round 4): 97.17% (Tested on 9095 samples)
[Server] Global Inference Model Acc (EMNIST) (Round 4): 76.89% (Tested on 105779 samples)
[Server] Global Inference Model Acc (CIFAR10) (Round 4): 46.96% (Tested on 9100 samples)
[Server] Global Inference Model Acc (Mix) (Round 4): 76.18% (Tested on 123974 samples)
Selected client ids: [0, 1, 2, 3, 4, 5, 6, 7, 8, 9, 10, 11, 12, 13, 14, 15, 16, 17, 18, 19, 20, 21, 22, 23, 24, 25, 26, 27, 28, 29]
--- Round 5 ---
[Server] Aggregating by Dataset Name ...
[Server] Global Inference Model Acc (MNIST) (Round 5): 98.01% (Tested on 9095 samples)
[Server] Global Inference Model Acc (EMNIST) (Round 5): 74.79% (Tested on 105779 samples)
[Server] Global Inference Model Acc (CIFAR10) (Round 5): 46.95% (Tested on 9100 samples)
[Server] Global Inference Model Acc (Mix) (Round 5): 74.45% (Tested on 123974 samples)
Selected client ids: [0, 1, 2, 3, 4, 5, 6, 7, 8, 9, 10, 11, 12, 13, 14, 15, 16, 17, 18, 19, 20, 21, 22, 23, 24, 25, 26, 27, 28, 29]
--- Round 6 ---
[Server] Aggregating by Dataset Name ...
[Server] Global Inference Model Acc (MNIST) (Round 6): 98.48% (Tested on 9095 samples)
[Server] Global Inference Model Acc (EMNIST) (Round 6): 78.37% (Tested on 105779 samples)
[Server] Global Inference Model Acc (CIFAR10) (Round 6): 50.36% (Tested on 9100 samples)
[Server] Global Inference Model Acc (Mix) (Round 6): 77.79% (Tested on 123974 samples)
Selected client ids: [0, 1, 2, 3, 4, 5, 6, 7, 8, 9, 10, 11, 12, 13, 14, 15, 16, 17, 18, 19, 20, 21, 22, 23, 24, 25, 26, 27, 28, 29]
--- Round 7 ---
[Server] Aggregating by Dataset Name ...
[Server] Global Inference Model Acc (MNIST) (Round 7): 98.56% (Tested on 9095 samples)
[Server] Global Inference Model Acc (EMNIST) (Round 7): 77.26% (Tested on 105779 samples)
[Server] Global Inference Model Acc (CIFAR10) (Round 7): 54.31% (Tested on 9100 samples)
[Server] Global Inference Model Acc (Mix) (Round 7): 77.14% (Tested on 123974 samples)
Selected client ids: [0, 1, 2, 3, 4, 5, 6, 7, 8, 9, 10, 11, 12, 13, 14, 15, 16, 17, 18, 19, 20, 21, 22, 23, 24, 25, 26, 27, 28, 29]
--- Round 8 ---
[Server] Aggregating by Dataset Name ...
[Server] Global Inference Model Acc (MNIST) (Round 8): 98.49% (Tested on 9095 samples)
[Server] Global Inference Model Acc (EMNIST) (Round 8): 77.25% (Tested on 105779 samples)
[Server] Global Inference Model Acc (CIFAR10) (Round 8): 57.11% (Tested on 9100 samples)
[Server] Global Inference Model Acc (Mix) (Round 8): 77.33% (Tested on 123974 samples)
Selected client ids: [0, 1, 2, 3, 4, 5, 6, 7, 8, 9, 10, 11, 12, 13, 14, 15, 16, 17, 18, 19, 20, 21, 22, 23, 24, 25, 26, 27, 28, 29]
--- Round 9 ---
[Server] Aggregating by Dataset Name ...
[Server] Global Inference Model Acc (MNIST) (Round 9): 98.59% (Tested on 9095 samples)
[Server] Global Inference Model Acc (EMNIST) (Round 9): 79.50% (Tested on 105779 samples)
[Server] Global Inference Model Acc (CIFAR10) (Round 9): 57.32% (Tested on 9100 samples)
[Server] Global Inference Model Acc (Mix) (Round 9): 79.27% (Tested on 123974 samples)
Selected client ids: [0, 1, 2, 3, 4, 5, 6, 7, 8, 9, 10, 11, 12, 13, 14, 15, 16, 17, 18, 19, 20, 21, 22, 23, 24, 25, 26, 27, 28, 29]
--- Round 10 ---
[Server] Aggregating by Dataset Name ...
[Server] Global Inference Model Acc (MNIST) (Round 10): 97.72% (Tested on 9095 samples)
[Server] Global Inference Model Acc (EMNIST) (Round 10): 77.99% (Tested on 105779 samples)
[Server] Global Inference Model Acc (CIFAR10) (Round 10): 60.15% (Tested on 9100 samples)
[Server] Global Inference Model Acc (Mix) (Round 10): 78.13% (Tested on 123974 samples)
Selected client ids: [0, 1, 2, 3, 4, 5, 6, 7, 8, 9, 10, 11, 12, 13, 14, 15, 16, 17, 18, 19, 20, 21, 22, 23, 24, 25, 26, 27, 28, 29]
--- Round 11 ---
[Server] Aggregating by Dataset Name ...
[Server] Global Inference Model Acc (MNIST) (Round 11): 98.48% (Tested on 9095 samples)
[Server] Global Inference Model Acc (EMNIST) (Round 11): 77.18% (Tested on 105779 samples)
[Server] Global Inference Model Acc (CIFAR10) (Round 11): 60.26% (Tested on 9100 samples)
[Server] Global Inference Model Acc (Mix) (Round 11): 77.50% (Tested on 123974 samples)
Selected client ids: [0, 1, 2, 3, 4, 5, 6, 7, 8, 9, 10, 11, 12, 13, 14, 15, 16, 17, 18, 19, 20, 21, 22, 23, 24, 25, 26, 27, 28, 29]
--- Round 12 ---
[Server] Aggregating by Dataset Name ...
[Server] Global Inference Model Acc (MNIST) (Round 12): 98.90% (Tested on 9095 samples)
[Server] Global Inference Model Acc (EMNIST) (Round 12): 77.65% (Tested on 105779 samples)
[Server] Global Inference Model Acc (CIFAR10) (Round 12): 63.77% (Tested on 9100 samples)
[Server] Global Inference Model Acc (Mix) (Round 12): 78.19% (Tested on 123974 samples)
Selected client ids: [0, 1, 2, 3, 4, 5, 6, 7, 8, 9, 10, 11, 12, 13, 14, 15, 16, 17, 18, 19, 20, 21, 22, 23, 24, 25, 26, 27, 28, 29]
--- Round 13 ---
[Server] Aggregating by Dataset Name ...
[Server] Global Inference Model Acc (MNIST) (Round 13): 98.89% (Tested on 9095 samples)
[Server] Global Inference Model Acc (EMNIST) (Round 13): 80.33% (Tested on 105779 samples)
[Server] Global Inference Model Acc (CIFAR10) (Round 13): 65.71% (Tested on 9100 samples)
[Server] Global Inference Model Acc (Mix) (Round 13): 80.62% (Tested on 123974 samples)
Selected client ids: [0, 1, 2, 3, 4, 5, 6, 7, 8, 9, 10, 11, 12, 13, 14, 15, 16, 17, 18, 19, 20, 21, 22, 23, 24, 25, 26, 27, 28, 29]
--- Round 14 ---
[Server] Aggregating by Dataset Name ...
[Server] Global Inference Model Acc (MNIST) (Round 14): 98.56% (Tested on 9095 samples)
[Server] Global Inference Model Acc (EMNIST) (Round 14): 78.48% (Tested on 105779 samples)
[Server] Global Inference Model Acc (CIFAR10) (Round 14): 61.65% (Tested on 9100 samples)
[Server] Global Inference Model Acc (Mix) (Round 14): 78.72% (Tested on 123974 samples)
Selected client ids: [0, 1, 2, 3, 4, 5, 6, 7, 8, 9, 10, 11, 12, 13, 14, 15, 16, 17, 18, 19, 20, 21, 22, 23, 24, 25, 26, 27, 28, 29]
--- Round 15 ---
[Server] Aggregating by Dataset Name ...
[Server] Global Inference Model Acc (MNIST) (Round 15): 98.16% (Tested on 9095 samples)
[Server] Global Inference Model Acc (EMNIST) (Round 15): 79.53% (Tested on 105779 samples)
[Server] Global Inference Model Acc (CIFAR10) (Round 15): 62.31% (Tested on 9100 samples)
[Server] Global Inference Model Acc (Mix) (Round 15): 79.64% (Tested on 123974 samples)
Selected client ids: [0, 1, 2, 3, 4, 5, 6, 7, 8, 9, 10, 11, 12, 13, 14, 15, 16, 17, 18, 19, 20, 21, 22, 23, 24, 25, 26, 27, 28, 29]
--- Round 16 ---
[Server] Aggregating by Dataset Name ...
[Server] Global Inference Model Acc (MNIST) (Round 16): 98.49% (Tested on 9095 samples)
[Server] Global Inference Model Acc (EMNIST) (Round 16): 76.64% (Tested on 105779 samples)
[Server] Global Inference Model Acc (CIFAR10) (Round 16): 66.36% (Tested on 9100 samples)
[Server] Global Inference Model Acc (Mix) (Round 16): 77.49% (Tested on 123974 samples)
Selected client ids: [0, 1, 2, 3, 4, 5, 6, 7, 8, 9, 10, 11, 12, 13, 14, 15, 16, 17, 18, 19, 20, 21, 22, 23, 24, 25, 26, 27, 28, 29]
--- Round 17 ---
[Server] Aggregating by Dataset Name ...
[Server] Global Inference Model Acc (MNIST) (Round 17): 98.89% (Tested on 9095 samples)
[Server] Global Inference Model Acc (EMNIST) (Round 17): 80.26% (Tested on 105779 samples)
[Server] Global Inference Model Acc (CIFAR10) (Round 17): 63.82% (Tested on 9100 samples)
[Server] Global Inference Model Acc (Mix) (Round 17): 80.42% (Tested on 123974 samples)
Selected client ids: [0, 1, 2, 3, 4, 5, 6, 7, 8, 9, 10, 11, 12, 13, 14, 15, 16, 17, 18, 19, 20, 21, 22, 23, 24, 25, 26, 27, 28, 29]
--- Round 18 ---
[Server] Aggregating by Dataset Name ...
[Server] Global Inference Model Acc (MNIST) (Round 18): 98.76% (Tested on 9095 samples)
[Server] Global Inference Model Acc (EMNIST) (Round 18): 77.51% (Tested on 105779 samples)
[Server] Global Inference Model Acc (CIFAR10) (Round 18): 67.76% (Tested on 9100 samples)
[Server] Global Inference Model Acc (Mix) (Round 18): 78.36% (Tested on 123974 samples)
Selected client ids: [0, 1, 2, 3, 4, 5, 6, 7, 8, 9, 10, 11, 12, 13, 14, 15, 16, 17, 18, 19, 20, 21, 22, 23, 24, 25, 26, 27, 28, 29]
--- Round 19 ---
[Server] Aggregating by Dataset Name ...
[Server] Global Inference Model Acc (MNIST) (Round 19): 98.68% (Tested on 9095 samples)
[Server] Global Inference Model Acc (EMNIST) (Round 19): 80.05% (Tested on 105779 samples)
[Server] Global Inference Model Acc (CIFAR10) (Round 19): 68.73% (Tested on 9100 samples)
[Server] Global Inference Model Acc (Mix) (Round 19): 80.59% (Tested on 123974 samples)
Selected client ids: [0, 1, 2, 3, 4, 5, 6, 7, 8, 9, 10, 11, 12, 13, 14, 15, 16, 17, 18, 19, 20, 21, 22, 23, 24, 25, 26, 27, 28, 29]
--- Round 20 ---
[Server] Aggregating by Dataset Name ...
[Server] Global Inference Model Acc (MNIST) (Round 20): 98.93% (Tested on 9095 samples)
[Server] Global Inference Model Acc (EMNIST) (Round 20): 79.67% (Tested on 105779 samples)
[Server] Global Inference Model Acc (CIFAR10) (Round 20): 68.44% (Tested on 9100 samples)
[Server] Global Inference Model Acc (Mix) (Round 20): 80.26% (Tested on 123974 samples)
Selected client ids: [0, 1, 2, 3, 4, 5, 6, 7, 8, 9, 10, 11, 12, 13, 14, 15, 16, 17, 18, 19, 20, 21, 22, 23, 24, 25, 26, 27, 28, 29]
--- Round 21 ---
[Server] Aggregating by Dataset Name ...
[Server] Global Inference Model Acc (MNIST) (Round 21): 98.66% (Tested on 9095 samples)
[Server] Global Inference Model Acc (EMNIST) (Round 21): 79.68% (Tested on 105779 samples)
[Server] Global Inference Model Acc (CIFAR10) (Round 21): 69.21% (Tested on 9100 samples)
[Server] Global Inference Model Acc (Mix) (Round 21): 80.31% (Tested on 123974 samples)
Selected client ids: [0, 1, 2, 3, 4, 5, 6, 7, 8, 9, 10, 11, 12, 13, 14, 15, 16, 17, 18, 19, 20, 21, 22, 23, 24, 25, 26, 27, 28, 29]
--- Round 22 ---
[Server] Aggregating by Dataset Name ...
[Server] Global Inference Model Acc (MNIST) (Round 22): 98.67% (Tested on 9095 samples)
[Server] Global Inference Model Acc (EMNIST) (Round 22): 79.93% (Tested on 105779 samples)
[Server] Global Inference Model Acc (CIFAR10) (Round 22): 72.29% (Tested on 9100 samples)
[Server] Global Inference Model Acc (Mix) (Round 22): 80.74% (Tested on 123974 samples)
Selected client ids: [0, 1, 2, 3, 4, 5, 6, 7, 8, 9, 10, 11, 12, 13, 14, 15, 16, 17, 18, 19, 20, 21, 22, 23, 24, 25, 26, 27, 28, 29]
--- Round 23 ---
[Server] Aggregating by Dataset Name ...
[Server] Global Inference Model Acc (MNIST) (Round 23): 98.78% (Tested on 9095 samples)
[Server] Global Inference Model Acc (EMNIST) (Round 23): 79.94% (Tested on 105779 samples)
[Server] Global Inference Model Acc (CIFAR10) (Round 23): 70.87% (Tested on 9100 samples)
[Server] Global Inference Model Acc (Mix) (Round 23): 80.66% (Tested on 123974 samples)
Selected client ids: [0, 1, 2, 3, 4, 5, 6, 7, 8, 9, 10, 11, 12, 13, 14, 15, 16, 17, 18, 19, 20, 21, 22, 23, 24, 25, 26, 27, 28, 29]
--- Round 24 ---
[Server] Aggregating by Dataset Name ...
[Server] Global Inference Model Acc (MNIST) (Round 24): 99.27% (Tested on 9095 samples)
[Server] Global Inference Model Acc (EMNIST) (Round 24): 77.99% (Tested on 105779 samples)
[Server] Global Inference Model Acc (CIFAR10) (Round 24): 71.77% (Tested on 9100 samples)
[Server] Global Inference Model Acc (Mix) (Round 24): 79.09% (Tested on 123974 samples)
Selected client ids: [0, 1, 2, 3, 4, 5, 6, 7, 8, 9, 10, 11, 12, 13, 14, 15, 16, 17, 18, 19, 20, 21, 22, 23, 24, 25, 26, 27, 28, 29]
--- Round 25 ---
[Server] Aggregating by Dataset Name ...
[Server] Global Inference Model Acc (MNIST) (Round 25): 99.09% (Tested on 9095 samples)
[Server] Global Inference Model Acc (EMNIST) (Round 25): 82.33% (Tested on 105779 samples)
[Server] Global Inference Model Acc (CIFAR10) (Round 25): 71.74% (Tested on 9100 samples)
[Server] Global Inference Model Acc (Mix) (Round 25): 82.78% (Tested on 123974 samples)
Selected client ids: [0, 1, 2, 3, 4, 5, 6, 7, 8, 9, 10, 11, 12, 13, 14, 15, 16, 17, 18, 19, 20, 21, 22, 23, 24, 25, 26, 27, 28, 29]
--- Round 26 ---
[Server] Aggregating by Dataset Name ...
[Server] Global Inference Model Acc (MNIST) (Round 26): 99.18% (Tested on 9095 samples)
[Server] Global Inference Model Acc (EMNIST) (Round 26): 77.79% (Tested on 105779 samples)
[Server] Global Inference Model Acc (CIFAR10) (Round 26): 72.85% (Tested on 9100 samples)
[Server] Global Inference Model Acc (Mix) (Round 26): 78.99% (Tested on 123974 samples)
Selected client ids: [0, 1, 2, 3, 4, 5, 6, 7, 8, 9, 10, 11, 12, 13, 14, 15, 16, 17, 18, 19, 20, 21, 22, 23, 24, 25, 26, 27, 28, 29]
--- Round 27 ---
[Server] Aggregating by Dataset Name ...
[Server] Global Inference Model Acc (MNIST) (Round 27): 98.97% (Tested on 9095 samples)
[Server] Global Inference Model Acc (EMNIST) (Round 27): 79.81% (Tested on 105779 samples)
[Server] Global Inference Model Acc (CIFAR10) (Round 27): 73.76% (Tested on 9100 samples)
[Server] Global Inference Model Acc (Mix) (Round 27): 80.77% (Tested on 123974 samples)
Selected client ids: [0, 1, 2, 3, 4, 5, 6, 7, 8, 9, 10, 11, 12, 13, 14, 15, 16, 17, 18, 19, 20, 21, 22, 23, 24, 25, 26, 27, 28, 29]
--- Round 28 ---
[Server] Aggregating by Dataset Name ...
[Server] Global Inference Model Acc (MNIST) (Round 28): 99.02% (Tested on 9095 samples)
[Server] Global Inference Model Acc (EMNIST) (Round 28): 79.84% (Tested on 105779 samples)
[Server] Global Inference Model Acc (CIFAR10) (Round 28): 71.70% (Tested on 9100 samples)
[Server] Global Inference Model Acc (Mix) (Round 28): 80.65% (Tested on 123974 samples)
Selected client ids: [0, 1, 2, 3, 4, 5, 6, 7, 8, 9, 10, 11, 12, 13, 14, 15, 16, 17, 18, 19, 20, 21, 22, 23, 24, 25, 26, 27, 28, 29]
--- Round 29 ---
[Server] Aggregating by Dataset Name ...
[Server] Global Inference Model Acc (MNIST) (Round 29): 98.94% (Tested on 9095 samples)
[Server] Global Inference Model Acc (EMNIST) (Round 29): 81.21% (Tested on 105779 samples)
[Server] Global Inference Model Acc (CIFAR10) (Round 29): 74.27% (Tested on 9100 samples)
[Server] Global Inference Model Acc (Mix) (Round 29): 82.00% (Tested on 123974 samples)
Selected client ids: [0, 1, 2, 3, 4, 5, 6, 7, 8, 9, 10, 11, 12, 13, 14, 15, 16, 17, 18, 19, 20, 21, 22, 23, 24, 25, 26, 27, 28, 29]
--- Round 30 ---
[Server] Aggregating by Dataset Name ...
[Server] Global Inference Model Acc (MNIST) (Round 30): 99.04% (Tested on 9095 samples)
[Server] Global Inference Model Acc (EMNIST) (Round 30): 80.39% (Tested on 105779 samples)
[Server] Global Inference Model Acc (CIFAR10) (Round 30): 69.73% (Tested on 9100 samples)
[Server] Global Inference Model Acc (Mix) (Round 30): 80.97% (Tested on 123974 samples)
Saving BaseFL Public Dataset Server Checkpoints ...
[Server] All clients saved in logs/2026-05-12_10-19-53/BaseFL_public/clients_last_round_checkpoints/
==============================    Finished. Total Time: 0:19:40    ==============================
