Time: 2026-06-28 14:47:38
Log Dir: logs/2026-06-28_14-47-38/GeFL_DDPM_baseline_total
================================================================================

==============================        Args        ==============================
  exp_timestamp: None
  exp_conf: ./configs/het-iid-exp.yaml
  device: cuda:1
  seed: 15698
  algorithm: GeFL_DDPM_baseline_total
  num_new_clients: 1
  num_train_mnist: 10
  num_train_emnist: 10
  num_train_fashionmnist: 0
  num_train_cifar10: 10
  num_train_cifar100: 0
  num_train_usps: 0
  label_mapping: independent
================================================================================
==============================    Exp Configs     ==============================
exp_name: model-heterogeneity
heterogeneous: true
dirichlet_alpha: 100
global_rounds: 50
local_epochs: 1
local_loss_fn: CrossEntropyLoss
local_optim: Adam
local_lr: 0.001
batch_size: 64
sample_frac: 1.0
test_interval: 1
metric_type: accuracy
global_feature_dim: 256
optim: Adam
optim_lr: 0.001
global_gen_epochs: 10
gen_noise_dim: 128
gen_optim: Adam
gen_optim_lr: 0.001
n_feat: 64
ddpm_guide_w: -2.5
global_feat_gen_epochs: 10
feat_gen_noise_dim: 128
feat_gen_optim: Adam
feat_gen_optim_lr: 0.001
feat_gen_div_beta: 1.0
public_data_ratio: 0.05
start_mapping_epoch: 25
gen_observer_weight: 0.0
index_matching: ddpm
aggregate_method: dataset_name
use_new_entropy_method: false
entropy_ratio: 0.75
cs_threshold: 0.9
global_model_epochs: 5
global_model_optim: Adam
global_model_optim_lr: 0.001
global_samples_per_class: 64

================================================================================

==================================================
Start 50 rounds training by GeFL_DDPM_baseline_total
Selected client ids: [0, 1, 2, 3, 4, 5, 6, 7, 8, 9, 10, 11, 12, 13, 14, 15, 16, 17, 18, 19, 20, 21, 22, 23, 24, 25, 26, 27, 28, 29]
--- Round 1 ---
Client 0 (MNIST) | Target Loss: 1.0245 | DDPM Loss: 0.1128
Client 1 (MNIST) | Target Loss: 1.4195 | DDPM Loss: 0.1022
Client 2 (MNIST) | Target Loss: 0.8486 | DDPM Loss: 0.1023
Client 3 (MNIST) | Target Loss: 0.4744 | DDPM Loss: 0.1059
Client 4 (MNIST) | Target Loss: 1.4812 | DDPM Loss: 0.1021
Client 5 (MNIST) | Target Loss: 1.6964 | DDPM Loss: 0.1047
Client 6 (MNIST) | Target Loss: 1.4417 | DDPM Loss: 0.1013
Client 7 (MNIST) | Target Loss: 1.3765 | DDPM Loss: 0.0993
Client 8 (MNIST) | Target Loss: 1.7679 | DDPM Loss: 0.1107
Client 9 (MNIST) | Target Loss: 1.6633 | DDPM Loss: 0.1037
Client 11 (EMNIST) | Target Loss: 1.2111 | DDPM Loss: 0.0268
Client 12 (EMNIST) | Target Loss: 1.3174 | DDPM Loss: 0.0274
Client 13 (EMNIST) | Target Loss: 0.9207 | DDPM Loss: 0.0265
Client 14 (EMNIST) | Target Loss: 0.7404 | DDPM Loss: 0.0258
Client 15 (EMNIST) | Target Loss: 1.4332 | DDPM Loss: 0.0293
Client 16 (EMNIST) | Target Loss: 2.0416 | DDPM Loss: 0.0255
Client 17 (EMNIST) | Target Loss: 1.2784 | DDPM Loss: 0.0262
Client 18 (EMNIST) | Target Loss: 1.2920 | DDPM Loss: 0.0271
Client 19 (EMNIST) | Target Loss: 1.6076 | DDPM Loss: 0.0266
Client 20 (EMNIST) | Target Loss: 1.7829 | DDPM Loss: 0.0265
Client 22 (CIFAR10) | Target Loss: 1.9880 | DDPM Loss: 0.1397
Client 23 (CIFAR10) | Target Loss: 1.8925 | DDPM Loss: 0.1356
Client 24 (CIFAR10) | Target Loss: 1.8408 | DDPM Loss: 0.1375
Client 25 (CIFAR10) | Target Loss: 1.9464 | DDPM Loss: 0.1344
Client 26 (CIFAR10) | Target Loss: 2.2005 | DDPM Loss: 0.1376
Client 27 (CIFAR10) | Target Loss: 1.9652 | DDPM Loss: 0.1286
Client 28 (CIFAR10) | Target Loss: 2.1014 | DDPM Loss: 0.1363
Client 29 (CIFAR10) | Target Loss: 2.1294 | DDPM Loss: 0.1453
Client 30 (CIFAR10) | Target Loss: 2.2476 | DDPM Loss: 0.1323
Client 31 (CIFAR10) | Target Loss: 2.2155 | DDPM Loss: 0.1358
Selected client ids: [0, 1, 2, 3, 4, 5, 6, 7, 8, 9, 10, 11, 12, 13, 14, 15, 16, 17, 18, 19, 20, 21, 22, 23, 24, 25, 26, 27, 28, 29]
--- Round 2 ---
Client 0 (MNIST) | Target Loss: 0.4320 | DDPM Loss: 0.0602
Client 1 (MNIST) | Target Loss: 0.4180 | DDPM Loss: 0.0590
Client 2 (MNIST) | Target Loss: 0.1761 | DDPM Loss: 0.0600
Client 3 (MNIST) | Target Loss: 0.1764 | DDPM Loss: 0.0587
Client 4 (MNIST) | Target Loss: 0.5701 | DDPM Loss: 0.0578
Client 5 (MNIST) | Target Loss: 1.1908 | DDPM Loss: 0.0592
Client 6 (MNIST) | Target Loss: 0.4740 | DDPM Loss: 0.0583
Client 7 (MNIST) | Target Loss: 0.2938 | DDPM Loss: 0.0574
Client 8 (MNIST) | Target Loss: 1.1054 | DDPM Loss: 0.0617
Client 9 (MNIST) | Target Loss: 0.7415 | DDPM Loss: 0.0580
Client 11 (EMNIST) | Target Loss: 0.7452 | DDPM Loss: 0.0176
Client 12 (EMNIST) | Target Loss: 0.6772 | DDPM Loss: 0.0177
Client 13 (EMNIST) | Target Loss: 0.4997 | DDPM Loss: 0.0175
Client 14 (EMNIST) | Target Loss: 0.4704 | DDPM Loss: 0.0172
Client 15 (EMNIST) | Target Loss: 0.7373 | DDPM Loss: 0.0177
Client 16 (EMNIST) | Target Loss: 1.2324 | DDPM Loss: 0.0171
Client 17 (EMNIST) | Target Loss: 0.6112 | DDPM Loss: 0.0171
Client 18 (EMNIST) | Target Loss: 0.5014 | DDPM Loss: 0.0169
Client 19 (EMNIST) | Target Loss: 0.8119 | DDPM Loss: 0.0170
Client 20 (EMNIST) | Target Loss: 0.8544 | DDPM Loss: 0.0181
Client 22 (CIFAR10) | Target Loss: 1.7736 | DDPM Loss: 0.0900
Client 23 (CIFAR10) | Target Loss: 1.5913 | DDPM Loss: 0.0876
Client 24 (CIFAR10) | Target Loss: 1.5627 | DDPM Loss: 0.0867
Client 25 (CIFAR10) | Target Loss: 1.7011 | DDPM Loss: 0.0864
Client 26 (CIFAR10) | Target Loss: 1.9917 | DDPM Loss: 0.0860
Client 27 (CIFAR10) | Target Loss: 1.7497 | DDPM Loss: 0.0844
Client 28 (CIFAR10) | Target Loss: 1.8578 | DDPM Loss: 0.0875
Client 29 (CIFAR10) | Target Loss: 1.9284 | DDPM Loss: 0.0884
Client 30 (CIFAR10) | Target Loss: 2.1067 | DDPM Loss: 0.0861
Client 31 (CIFAR10) | Target Loss: 2.0166 | DDPM Loss: 0.0885
Selected client ids: [0, 1, 2, 3, 4, 5, 6, 7, 8, 9, 10, 11, 12, 13, 14, 15, 16, 17, 18, 19, 20, 21, 22, 23, 24, 25, 26, 27, 28, 29]
--- Round 3 ---
Client 0 (MNIST) | Target Loss: 0.3081 | DDPM Loss: 0.0237
Client 1 (MNIST) | Target Loss: 0.2195 | DDPM Loss: 0.0224
Client 2 (MNIST) | Target Loss: 0.1169 | DDPM Loss: 0.0227
Client 3 (MNIST) | Target Loss: 0.1298 | DDPM Loss: 0.0240
Client 4 (MNIST) | Target Loss: 0.3411 | DDPM Loss: 0.0225
Client 5 (MNIST) | Target Loss: 0.9853 | DDPM Loss: 0.0238
Client 6 (MNIST) | Target Loss: 0.2517 | DDPM Loss: 0.0228
Client 7 (MNIST) | Target Loss: 0.1581 | DDPM Loss: 0.0229
Client 8 (MNIST) | Target Loss: 0.6823 | DDPM Loss: 0.0245
Client 9 (MNIST) | Target Loss: 0.4559 | DDPM Loss: 0.0234
Client 11 (EMNIST) | Target Loss: 0.6509 | DDPM Loss: 0.0121
Client 12 (EMNIST) | Target Loss: 0.5782 | DDPM Loss: 0.0123
Client 13 (EMNIST) | Target Loss: 0.4464 | DDPM Loss: 0.0122
Client 14 (EMNIST) | Target Loss: 0.4226 | DDPM Loss: 0.0121
Client 15 (EMNIST) | Target Loss: 0.6395 | DDPM Loss: 0.0121
Client 16 (EMNIST) | Target Loss: 0.9856 | DDPM Loss: 0.0121
Client 17 (EMNIST) | Target Loss: 0.5239 | DDPM Loss: 0.0122
Client 18 (EMNIST) | Target Loss: 0.4443 | DDPM Loss: 0.0122
Client 19 (EMNIST) | Target Loss: 0.6709 | DDPM Loss: 0.0122
Client 20 (EMNIST) | Target Loss: 0.7134 | DDPM Loss: 0.0124
Client 22 (CIFAR10) | Target Loss: 1.6326 | DDPM Loss: 0.0497
Client 23 (CIFAR10) | Target Loss: 1.4512 | DDPM Loss: 0.0505
Client 24 (CIFAR10) | Target Loss: 1.4151 | DDPM Loss: 0.0499
Client 25 (CIFAR10) | Target Loss: 1.5577 | DDPM Loss: 0.0495
Client 26 (CIFAR10) | Target Loss: 1.8552 | DDPM Loss: 0.0500
Client 27 (CIFAR10) | Target Loss: 1.6841 | DDPM Loss: 0.0493
Client 28 (CIFAR10) | Target Loss: 1.7236 | DDPM Loss: 0.0505
Client 29 (CIFAR10) | Target Loss: 1.7506 | DDPM Loss: 0.0503
Client 30 (CIFAR10) | Target Loss: 1.9960 | DDPM Loss: 0.0506
Client 31 (CIFAR10) | Target Loss: 1.9635 | DDPM Loss: 0.0495
Selected client ids: [0, 1, 2, 3, 4, 5, 6, 7, 8, 9, 10, 11, 12, 13, 14, 15, 16, 17, 18, 19, 20, 21, 22, 23, 24, 25, 26, 27, 28, 29]
--- Round 4 ---
Client 0 (MNIST) | Target Loss: 0.2580 | DDPM Loss: 0.0192
Client 1 (MNIST) | Target Loss: 0.1456 | DDPM Loss: 0.0184
Client 2 (MNIST) | Target Loss: 0.1027 | DDPM Loss: 0.0181
Client 3 (MNIST) | Target Loss: 0.0649 | DDPM Loss: 0.0195
Client 4 (MNIST) | Target Loss: 0.2733 | DDPM Loss: 0.0190
Client 5 (MNIST) | Target Loss: 0.8509 | DDPM Loss: 0.0185
Client 6 (MNIST) | Target Loss: 0.1787 | DDPM Loss: 0.0188
Client 7 (MNIST) | Target Loss: 0.1125 | DDPM Loss: 0.0189
Client 8 (MNIST) | Target Loss: 0.8180 | DDPM Loss: 0.0194
Client 9 (MNIST) | Target Loss: 0.3057 | DDPM Loss: 0.0186
Client 11 (EMNIST) | Target Loss: 0.5902 | DDPM Loss: 0.0099
Client 12 (EMNIST) | Target Loss: 0.5310 | DDPM Loss: 0.0100
Client 13 (EMNIST) | Target Loss: 0.4171 | DDPM Loss: 0.0100
Client 14 (EMNIST) | Target Loss: 0.3982 | DDPM Loss: 0.0099
Client 15 (EMNIST) | Target Loss: 0.5846 | DDPM Loss: 0.0099
Client 16 (EMNIST) | Target Loss: 0.8633 | DDPM Loss: 0.0098
Client 17 (EMNIST) | Target Loss: 0.4809 | DDPM Loss: 0.0099
Client 18 (EMNIST) | Target Loss: 0.4118 | DDPM Loss: 0.0099
Client 19 (EMNIST) | Target Loss: 0.6075 | DDPM Loss: 0.0099
Client 20 (EMNIST) | Target Loss: 0.6268 | DDPM Loss: 0.0100
Client 22 (CIFAR10) | Target Loss: 1.5111 | DDPM Loss: 0.0452
Client 23 (CIFAR10) | Target Loss: 1.3698 | DDPM Loss: 0.0455
Client 24 (CIFAR10) | Target Loss: 1.3317 | DDPM Loss: 0.0452
Client 25 (CIFAR10) | Target Loss: 1.4297 | DDPM Loss: 0.0453
Client 26 (CIFAR10) | Target Loss: 1.7247 | DDPM Loss: 0.0448
Client 27 (CIFAR10) | Target Loss: 1.6317 | DDPM Loss: 0.0453
Client 28 (CIFAR10) | Target Loss: 1.6323 | DDPM Loss: 0.0452
Client 29 (CIFAR10) | Target Loss: 1.6140 | DDPM Loss: 0.0459
Client 30 (CIFAR10) | Target Loss: 1.9213 | DDPM Loss: 0.0449
Client 31 (CIFAR10) | Target Loss: 1.9281 | DDPM Loss: 0.0445
Selected client ids: [0, 1, 2, 3, 4, 5, 6, 7, 8, 9, 10, 11, 12, 13, 14, 15, 16, 17, 18, 19, 20, 21, 22, 23, 24, 25, 26, 27, 28, 29]
--- Round 5 ---
Client 0 (MNIST) | Target Loss: 0.2518 | DDPM Loss: 0.0168
Client 1 (MNIST) | Target Loss: 0.1227 | DDPM Loss: 0.0161
Client 2 (MNIST) | Target Loss: 0.0711 | DDPM Loss: 0.0169
Client 3 (MNIST) | Target Loss: 0.0492 | DDPM Loss: 0.0191
Client 4 (MNIST) | Target Loss: 0.1929 | DDPM Loss: 0.0168
Client 5 (MNIST) | Target Loss: 0.7447 | DDPM Loss: 0.0176
Client 6 (MNIST) | Target Loss: 0.1481 | DDPM Loss: 0.0163
Client 7 (MNIST) | Target Loss: 0.0814 | DDPM Loss: 0.0164
Client 8 (MNIST) | Target Loss: 1.0404 | DDPM Loss: 0.0183
Client 9 (MNIST) | Target Loss: 0.2757 | DDPM Loss: 0.0167
Client 11 (EMNIST) | Target Loss: 0.5505 | DDPM Loss: 0.0091
Client 12 (EMNIST) | Target Loss: 0.4977 | DDPM Loss: 0.0091
Client 13 (EMNIST) | Target Loss: 0.3937 | DDPM Loss: 0.0091
Client 14 (EMNIST) | Target Loss: 0.3756 | DDPM Loss: 0.0091
Client 15 (EMNIST) | Target Loss: 0.5496 | DDPM Loss: 0.0092
Client 16 (EMNIST) | Target Loss: 0.7838 | DDPM Loss: 0.0092
Client 17 (EMNIST) | Target Loss: 0.4519 | DDPM Loss: 0.0091
Client 18 (EMNIST) | Target Loss: 0.3813 | DDPM Loss: 0.0091
Client 19 (EMNIST) | Target Loss: 0.5695 | DDPM Loss: 0.0091
Client 20 (EMNIST) | Target Loss: 0.5999 | DDPM Loss: 0.0092
Client 22 (CIFAR10) | Target Loss: 1.3685 | DDPM Loss: 0.0425
Client 23 (CIFAR10) | Target Loss: 1.2717 | DDPM Loss: 0.0429
Client 24 (CIFAR10) | Target Loss: 1.2372 | DDPM Loss: 0.0427
Client 25 (CIFAR10) | Target Loss: 1.3454 | DDPM Loss: 0.0412
Client 26 (CIFAR10) | Target Loss: 1.6442 | DDPM Loss: 0.0429
Client 27 (CIFAR10) | Target Loss: 1.5894 | DDPM Loss: 0.0424
Client 28 (CIFAR10) | Target Loss: 1.5842 | DDPM Loss: 0.0422
Client 29 (CIFAR10) | Target Loss: 1.5031 | DDPM Loss: 0.0416
Client 30 (CIFAR10) | Target Loss: 1.8361 | DDPM Loss: 0.0424
Client 31 (CIFAR10) | Target Loss: 1.8732 | DDPM Loss: 0.0421
Selected client ids: [0, 1, 2, 3, 4, 5, 6, 7, 8, 9, 10, 11, 12, 13, 14, 15, 16, 17, 18, 19, 20, 21, 22, 23, 24, 25, 26, 27, 28, 29]
--- Round 6 ---
Client 0 (MNIST) | Target Loss: 0.1942 | DDPM Loss: 0.0151
Client 1 (MNIST) | Target Loss: 0.1010 | DDPM Loss: 0.0148
Client 2 (MNIST) | Target Loss: 0.0496 | DDPM Loss: 0.0152
Client 3 (MNIST) | Target Loss: 0.0550 | DDPM Loss: 0.0149
Client 4 (MNIST) | Target Loss: 0.1877 | DDPM Loss: 0.0150
Client 5 (MNIST) | Target Loss: 0.6248 | DDPM Loss: 0.0149
Client 6 (MNIST) | Target Loss: 0.1123 | DDPM Loss: 0.0152
Client 7 (MNIST) | Target Loss: 0.0632 | DDPM Loss: 0.0150
Client 8 (MNIST) | Target Loss: 0.8272 | DDPM Loss: 0.0150
Client 9 (MNIST) | Target Loss: 0.2102 | DDPM Loss: 0.0152
Client 11 (EMNIST) | Target Loss: 0.5248 | DDPM Loss: 0.0087
Client 12 (EMNIST) | Target Loss: 0.4778 | DDPM Loss: 0.0087
Client 13 (EMNIST) | Target Loss: 0.3748 | DDPM Loss: 0.0088
Client 14 (EMNIST) | Target Loss: 0.3575 | DDPM Loss: 0.0087
Client 15 (EMNIST) | Target Loss: 0.5270 | DDPM Loss: 0.0087
Client 16 (EMNIST) | Target Loss: 0.7462 | DDPM Loss: 0.0087
Client 17 (EMNIST) | Target Loss: 0.4325 | DDPM Loss: 0.0087
Client 18 (EMNIST) | Target Loss: 0.3625 | DDPM Loss: 0.0088
Client 19 (EMNIST) | Target Loss: 0.5368 | DDPM Loss: 0.0087
Client 20 (EMNIST) | Target Loss: 0.5649 | DDPM Loss: 0.0088
Client 22 (CIFAR10) | Target Loss: 1.2514 | DDPM Loss: 0.0404
Client 23 (CIFAR10) | Target Loss: 1.2195 | DDPM Loss: 0.0416
Client 24 (CIFAR10) | Target Loss: 1.1421 | DDPM Loss: 0.0407
Client 25 (CIFAR10) | Target Loss: 1.2841 | DDPM Loss: 0.0419
Client 26 (CIFAR10) | Target Loss: 1.5435 | DDPM Loss: 0.0398
Client 27 (CIFAR10) | Target Loss: 1.5662 | DDPM Loss: 0.0401
Client 28 (CIFAR10) | Target Loss: 1.5305 | DDPM Loss: 0.0406
Client 29 (CIFAR10) | Target Loss: 1.3867 | DDPM Loss: 0.0398
Client 30 (CIFAR10) | Target Loss: 1.7631 | DDPM Loss: 0.0406
Client 31 (CIFAR10) | Target Loss: 1.8110 | DDPM Loss: 0.0426
Selected client ids: [0, 1, 2, 3, 4, 5, 6, 7, 8, 9, 10, 11, 12, 13, 14, 15, 16, 17, 18, 19, 20, 21, 22, 23, 24, 25, 26, 27, 28, 29]
--- Round 7 ---
Client 0 (MNIST) | Target Loss: 0.1885 | DDPM Loss: 0.0140
Client 1 (MNIST) | Target Loss: 0.0834 | DDPM Loss: 0.0137
Client 2 (MNIST) | Target Loss: 0.0334 | DDPM Loss: 0.0140
Client 3 (MNIST) | Target Loss: 0.0970 | DDPM Loss: 0.0139
Client 4 (MNIST) | Target Loss: 0.1551 | DDPM Loss: 0.0139
Client 5 (MNIST) | Target Loss: 0.5595 | DDPM Loss: 0.0140
Client 6 (MNIST) | Target Loss: 0.0954 | DDPM Loss: 0.0140
Client 7 (MNIST) | Target Loss: 0.0730 | DDPM Loss: 0.0138
Client 8 (MNIST) | Target Loss: 0.8741 | DDPM Loss: 0.0146
Client 9 (MNIST) | Target Loss: 0.1433 | DDPM Loss: 0.0141
Client 11 (EMNIST) | Target Loss: 0.5035 | DDPM Loss: 0.0085
Client 12 (EMNIST) | Target Loss: 0.4585 | DDPM Loss: 0.0085
Client 13 (EMNIST) | Target Loss: 0.3599 | DDPM Loss: 0.0085
Client 14 (EMNIST) | Target Loss: 0.3419 | DDPM Loss: 0.0085
Client 15 (EMNIST) | Target Loss: 0.5098 | DDPM Loss: 0.0085
Client 16 (EMNIST) | Target Loss: 0.7141 | DDPM Loss: 0.0085
Client 17 (EMNIST) | Target Loss: 0.4153 | DDPM Loss: 0.0085
Client 18 (EMNIST) | Target Loss: 0.3436 | DDPM Loss: 0.0085
Client 19 (EMNIST) | Target Loss: 0.5176 | DDPM Loss: 0.0085
Client 20 (EMNIST) | Target Loss: 0.5436 | DDPM Loss: 0.0085
Client 22 (CIFAR10) | Target Loss: 1.1335 | DDPM Loss: 0.0389
Client 23 (CIFAR10) | Target Loss: 1.1619 | DDPM Loss: 0.0398
Client 24 (CIFAR10) | Target Loss: 1.0994 | DDPM Loss: 0.0393
Client 25 (CIFAR10) | Target Loss: 1.1847 | DDPM Loss: 0.0397
Client 26 (CIFAR10) | Target Loss: 1.4698 | DDPM Loss: 0.0393
Client 27 (CIFAR10) | Target Loss: 1.5106 | DDPM Loss: 0.0389
Client 28 (CIFAR10) | Target Loss: 1.4748 | DDPM Loss: 0.0390
Client 29 (CIFAR10) | Target Loss: 1.2962 | DDPM Loss: 0.0388
Client 30 (CIFAR10) | Target Loss: 1.6962 | DDPM Loss: 0.0385
Client 31 (CIFAR10) | Target Loss: 1.7670 | DDPM Loss: 0.0393
Selected client ids: [0, 1, 2, 3, 4, 5, 6, 7, 8, 9, 10, 11, 12, 13, 14, 15, 16, 17, 18, 19, 20, 21, 22, 23, 24, 25, 26, 27, 28, 29]
--- Round 8 ---
Client 0 (MNIST) | Target Loss: 0.1678 | DDPM Loss: 0.0131
Client 1 (MNIST) | Target Loss: 0.0711 | DDPM Loss: 0.0130
Client 2 (MNIST) | Target Loss: 0.0314 | DDPM Loss: 0.0132
Client 3 (MNIST) | Target Loss: 0.0747 | DDPM Loss: 0.0135
Client 4 (MNIST) | Target Loss: 0.1215 | DDPM Loss: 0.0134
Client 5 (MNIST) | Target Loss: 0.5151 | DDPM Loss: 0.0131
Client 6 (MNIST) | Target Loss: 0.0800 | DDPM Loss: 0.0132
Client 7 (MNIST) | Target Loss: 0.0375 | DDPM Loss: 0.0132
Client 8 (MNIST) | Target Loss: 0.7698 | DDPM Loss: 0.0193
Client 9 (MNIST) | Target Loss: 0.1380 | DDPM Loss: 0.0135
Client 11 (EMNIST) | Target Loss: 0.4817 | DDPM Loss: 0.0083
Client 12 (EMNIST) | Target Loss: 0.4406 | DDPM Loss: 0.0083
Client 13 (EMNIST) | Target Loss: 0.3432 | DDPM Loss: 0.0083
Client 14 (EMNIST) | Target Loss: 0.3280 | DDPM Loss: 0.0083
Client 15 (EMNIST) | Target Loss: 0.5001 | DDPM Loss: 0.0083
Client 16 (EMNIST) | Target Loss: 0.6811 | DDPM Loss: 0.0083
Client 17 (EMNIST) | Target Loss: 0.4049 | DDPM Loss: 0.0083
Client 18 (EMNIST) | Target Loss: 0.3236 | DDPM Loss: 0.0083
Client 19 (EMNIST) | Target Loss: 0.5006 | DDPM Loss: 0.0083
Client 20 (EMNIST) | Target Loss: 0.5281 | DDPM Loss: 0.0084
Client 22 (CIFAR10) | Target Loss: 1.0120 | DDPM Loss: 0.0381
Client 23 (CIFAR10) | Target Loss: 1.1206 | DDPM Loss: 0.0384
Client 24 (CIFAR10) | Target Loss: 1.0041 | DDPM Loss: 0.0388
Client 25 (CIFAR10) | Target Loss: 1.0562 | DDPM Loss: 0.0381
Client 26 (CIFAR10) | Target Loss: 1.3808 | DDPM Loss: 0.0378
Client 27 (CIFAR10) | Target Loss: 1.4806 | DDPM Loss: 0.0374
Client 28 (CIFAR10) | Target Loss: 1.4468 | DDPM Loss: 0.0380
Client 29 (CIFAR10) | Target Loss: 1.2115 | DDPM Loss: 0.0386
Client 30 (CIFAR10) | Target Loss: 1.6348 | DDPM Loss: 0.0394
Client 31 (CIFAR10) | Target Loss: 1.7405 | DDPM Loss: 0.0387
Selected client ids: [0, 1, 2, 3, 4, 5, 6, 7, 8, 9, 10, 11, 12, 13, 14, 15, 16, 17, 18, 19, 20, 21, 22, 23, 24, 25, 26, 27, 28, 29]
--- Round 9 ---
Client 0 (MNIST) | Target Loss: 0.1322 | DDPM Loss: 0.0125
Client 1 (MNIST) | Target Loss: 0.0579 | DDPM Loss: 0.0125
Client 2 (MNIST) | Target Loss: 0.0248 | DDPM Loss: 0.0126
Client 3 (MNIST) | Target Loss: 0.0383 | DDPM Loss: 0.0135
Client 4 (MNIST) | Target Loss: 0.1340 | DDPM Loss: 0.0128
Client 5 (MNIST) | Target Loss: 0.4279 | DDPM Loss: 0.0125
Client 6 (MNIST) | Target Loss: 0.0681 | DDPM Loss: 0.0123
Client 7 (MNIST) | Target Loss: 0.0326 | DDPM Loss: 0.0128
Client 8 (MNIST) | Target Loss: 0.6575 | DDPM Loss: 0.0126
Client 9 (MNIST) | Target Loss: 0.1454 | DDPM Loss: 0.0123
Client 11 (EMNIST) | Target Loss: 0.4739 | DDPM Loss: 0.0082
Client 12 (EMNIST) | Target Loss: 0.4288 | DDPM Loss: 0.0082
Client 13 (EMNIST) | Target Loss: 0.3302 | DDPM Loss: 0.0082
Client 14 (EMNIST) | Target Loss: 0.3155 | DDPM Loss: 0.0081
Client 15 (EMNIST) | Target Loss: 0.4698 | DDPM Loss: 0.0081
Client 16 (EMNIST) | Target Loss: 0.6587 | DDPM Loss: 0.0081
Client 17 (EMNIST) | Target Loss: 0.3918 | DDPM Loss: 0.0082
Client 18 (EMNIST) | Target Loss: 0.3064 | DDPM Loss: 0.0082
Client 19 (EMNIST) | Target Loss: 0.4784 | DDPM Loss: 0.0082
Client 20 (EMNIST) | Target Loss: 0.5147 | DDPM Loss: 0.0082
Client 22 (CIFAR10) | Target Loss: 0.8680 | DDPM Loss: 0.0378
Client 23 (CIFAR10) | Target Loss: 1.0756 | DDPM Loss: 0.0391
Client 24 (CIFAR10) | Target Loss: 0.9365 | DDPM Loss: 0.0382
Client 25 (CIFAR10) | Target Loss: 1.0038 | DDPM Loss: 0.0376
Client 26 (CIFAR10) | Target Loss: 1.3517 | DDPM Loss: 0.0383
Client 27 (CIFAR10) | Target Loss: 1.4393 | DDPM Loss: 0.0375
Client 28 (CIFAR10) | Target Loss: 1.4260 | DDPM Loss: 0.0379
Client 29 (CIFAR10) | Target Loss: 1.1365 | DDPM Loss: 0.0389
Client 30 (CIFAR10) | Target Loss: 1.5420 | DDPM Loss: 0.0387
Client 31 (CIFAR10) | Target Loss: 1.6820 | DDPM Loss: 0.0381
Selected client ids: [0, 1, 2, 3, 4, 5, 6, 7, 8, 9, 10, 11, 12, 13, 14, 15, 16, 17, 18, 19, 20, 21, 22, 23, 24, 25, 26, 27, 28, 29]
--- Round 10 ---
Client 0 (MNIST) | Target Loss: 0.1187 | DDPM Loss: 0.0121
Client 1 (MNIST) | Target Loss: 0.0437 | DDPM Loss: 0.0120
Client 2 (MNIST) | Target Loss: 0.0175 | DDPM Loss: 0.0121
Client 3 (MNIST) | Target Loss: 0.0838 | DDPM Loss: 0.0123
Client 4 (MNIST) | Target Loss: 0.1112 | DDPM Loss: 0.0118
Client 5 (MNIST) | Target Loss: 0.3961 | DDPM Loss: 0.0116
Client 6 (MNIST) | Target Loss: 0.0646 | DDPM Loss: 0.0119
Client 7 (MNIST) | Target Loss: 0.0378 | DDPM Loss: 0.0117
Client 8 (MNIST) | Target Loss: 0.5999 | DDPM Loss: 0.0117
Client 9 (MNIST) | Target Loss: 0.1480 | DDPM Loss: 0.0118
Client 11 (EMNIST) | Target Loss: 0.4492 | DDPM Loss: 0.0081
Client 12 (EMNIST) | Target Loss: 0.4189 | DDPM Loss: 0.0080
Client 13 (EMNIST) | Target Loss: 0.3173 | DDPM Loss: 0.0081
Client 14 (EMNIST) | Target Loss: 0.3012 | DDPM Loss: 0.0081
Client 15 (EMNIST) | Target Loss: 0.4612 | DDPM Loss: 0.0080
Client 16 (EMNIST) | Target Loss: 0.6406 | DDPM Loss: 0.0080
Client 17 (EMNIST) | Target Loss: 0.3814 | DDPM Loss: 0.0081
Client 18 (EMNIST) | Target Loss: 0.2916 | DDPM Loss: 0.0080
Client 19 (EMNIST) | Target Loss: 0.4660 | DDPM Loss: 0.0080
Client 20 (EMNIST) | Target Loss: 0.5016 | DDPM Loss: 0.0081
Client 22 (CIFAR10) | Target Loss: 0.7855 | DDPM Loss: 0.0384
Client 23 (CIFAR10) | Target Loss: 1.0390 | DDPM Loss: 0.0379
Client 24 (CIFAR10) | Target Loss: 0.8486 | DDPM Loss: 0.0376
Client 25 (CIFAR10) | Target Loss: 0.8548 | DDPM Loss: 0.0374
Client 26 (CIFAR10) | Target Loss: 1.2776 | DDPM Loss: 0.0373
Client 27 (CIFAR10) | Target Loss: 1.4280 | DDPM Loss: 0.0376
Client 28 (CIFAR10) | Target Loss: 1.3638 | DDPM Loss: 0.0367
Client 29 (CIFAR10) | Target Loss: 1.0250 | DDPM Loss: 0.0372
Client 30 (CIFAR10) | Target Loss: 1.5309 | DDPM Loss: 0.0381
Client 31 (CIFAR10) | Target Loss: 1.6289 | DDPM Loss: 0.0377
Selected client ids: [0, 1, 2, 3, 4, 5, 6, 7, 8, 9, 10, 11, 12, 13, 14, 15, 16, 17, 18, 19, 20, 21, 22, 23, 24, 25, 26, 27, 28, 29]
--- Round 11 ---
Client 0 (MNIST) | Target Loss: 0.1202 | DDPM Loss: 0.0115
Client 1 (MNIST) | Target Loss: 0.0386 | DDPM Loss: 0.0112
Client 2 (MNIST) | Target Loss: 0.0448 | DDPM Loss: 0.0116
Client 3 (MNIST) | Target Loss: 0.0198 | DDPM Loss: 0.0124
Client 4 (MNIST) | Target Loss: 0.1041 | DDPM Loss: 0.0118
Client 5 (MNIST) | Target Loss: 0.3646 | DDPM Loss: 0.0114
Client 6 (MNIST) | Target Loss: 0.0503 | DDPM Loss: 0.0116
Client 7 (MNIST) | Target Loss: 0.0313 | DDPM Loss: 0.0116
Client 8 (MNIST) | Target Loss: 1.3613 | DDPM Loss: 0.0116
Client 9 (MNIST) | Target Loss: 0.1333 | DDPM Loss: 0.0117
Client 11 (EMNIST) | Target Loss: 0.4410 | DDPM Loss: 0.0080
Client 12 (EMNIST) | Target Loss: 0.4086 | DDPM Loss: 0.0079
Client 13 (EMNIST) | Target Loss: 0.3041 | DDPM Loss: 0.0080
Client 14 (EMNIST) | Target Loss: 0.2872 | DDPM Loss: 0.0079
Client 15 (EMNIST) | Target Loss: 0.4453 | DDPM Loss: 0.0079
Client 16 (EMNIST) | Target Loss: 0.6177 | DDPM Loss: 0.0079
Client 17 (EMNIST) | Target Loss: 0.3700 | DDPM Loss: 0.0079
Client 18 (EMNIST) | Target Loss: 0.2771 | DDPM Loss: 0.0080
Client 19 (EMNIST) | Target Loss: 0.4555 | DDPM Loss: 0.0080
Client 20 (EMNIST) | Target Loss: 0.4926 | DDPM Loss: 0.0080
Client 22 (CIFAR10) | Target Loss: 0.6641 | DDPM Loss: 0.0376
Client 23 (CIFAR10) | Target Loss: 1.0009 | DDPM Loss: 0.0374
Client 24 (CIFAR10) | Target Loss: 0.7721 | DDPM Loss: 0.0366
Client 25 (CIFAR10) | Target Loss: 0.7045 | DDPM Loss: 0.0372
Client 26 (CIFAR10) | Target Loss: 1.2070 | DDPM Loss: 0.0370
Client 27 (CIFAR10) | Target Loss: 1.3921 | DDPM Loss: 0.0367
Client 28 (CIFAR10) | Target Loss: 1.3109 | DDPM Loss: 0.0370
Client 29 (CIFAR10) | Target Loss: 0.9486 | DDPM Loss: 0.0368
Client 30 (CIFAR10) | Target Loss: 1.4682 | DDPM Loss: 0.0376
Client 31 (CIFAR10) | Target Loss: 1.5776 | DDPM Loss: 0.0361
Selected client ids: [0, 1, 2, 3, 4, 5, 6, 7, 8, 9, 10, 11, 12, 13, 14, 15, 16, 17, 18, 19, 20, 21, 22, 23, 24, 25, 26, 27, 28, 29]
--- Round 12 ---
Client 0 (MNIST) | Target Loss: 0.1099 | DDPM Loss: 0.0113
Client 1 (MNIST) | Target Loss: 0.0365 | DDPM Loss: 0.0110
Client 2 (MNIST) | Target Loss: 0.0252 | DDPM Loss: 0.0109
Client 3 (MNIST) | Target Loss: 0.0171 | DDPM Loss: 0.0112
Client 4 (MNIST) | Target Loss: 0.1158 | DDPM Loss: 0.0112
Client 5 (MNIST) | Target Loss: 0.3605 | DDPM Loss: 0.0117
Client 6 (MNIST) | Target Loss: 0.0453 | DDPM Loss: 0.0111
Client 7 (MNIST) | Target Loss: 0.0098 | DDPM Loss: 0.0111
Client 8 (MNIST) | Target Loss: 1.0472 | DDPM Loss: 0.0111
Client 9 (MNIST) | Target Loss: 0.0818 | DDPM Loss: 0.0115
Client 11 (EMNIST) | Target Loss: 0.4281 | DDPM Loss: 0.0079
Client 12 (EMNIST) | Target Loss: 0.4006 | DDPM Loss: 0.0078
Client 13 (EMNIST) | Target Loss: 0.2902 | DDPM Loss: 0.0079
Client 14 (EMNIST) | Target Loss: 0.2734 | DDPM Loss: 0.0079
Client 15 (EMNIST) | Target Loss: 0.4390 | DDPM Loss: 0.0079
Client 16 (EMNIST) | Target Loss: 0.6055 | DDPM Loss: 0.0081
Client 17 (EMNIST) | Target Loss: 0.3607 | DDPM Loss: 0.0079
Client 18 (EMNIST) | Target Loss: 0.2587 | DDPM Loss: 0.0079
Client 19 (EMNIST) | Target Loss: 0.4423 | DDPM Loss: 0.0079
Client 20 (EMNIST) | Target Loss: 0.4812 | DDPM Loss: 0.0079
Client 22 (CIFAR10) | Target Loss: 0.6110 | DDPM Loss: 0.0374
Client 23 (CIFAR10) | Target Loss: 0.9763 | DDPM Loss: 0.0371
Client 24 (CIFAR10) | Target Loss: 0.6992 | DDPM Loss: 0.0381
Client 25 (CIFAR10) | Target Loss: 0.6027 | DDPM Loss: 0.0365
Client 26 (CIFAR10) | Target Loss: 1.1382 | DDPM Loss: 0.0362
Client 27 (CIFAR10) | Target Loss: 1.3755 | DDPM Loss: 0.0364
Client 28 (CIFAR10) | Target Loss: 1.2900 | DDPM Loss: 0.0370
Client 29 (CIFAR10) | Target Loss: 0.8518 | DDPM Loss: 0.0377
Client 30 (CIFAR10) | Target Loss: 1.4030 | DDPM Loss: 0.0376
Client 31 (CIFAR10) | Target Loss: 1.5112 | DDPM Loss: 0.0361
Selected client ids: [0, 1, 2, 3, 4, 5, 6, 7, 8, 9, 10, 11, 12, 13, 14, 15, 16, 17, 18, 19, 20, 21, 22, 23, 24, 25, 26, 27, 28, 29]
--- Round 13 ---
Client 0 (MNIST) | Target Loss: 0.0997 | DDPM Loss: 0.0109
Client 1 (MNIST) | Target Loss: 0.0324 | DDPM Loss: 0.0106
Client 2 (MNIST) | Target Loss: 0.0174 | DDPM Loss: 0.0108
Client 3 (MNIST) | Target Loss: 0.0101 | DDPM Loss: 0.0126
Client 4 (MNIST) | Target Loss: 0.0997 | DDPM Loss: 0.0111
Client 5 (MNIST) | Target Loss: 0.3554 | DDPM Loss: 0.0113
Client 6 (MNIST) | Target Loss: 0.0334 | DDPM Loss: 0.0108
Client 7 (MNIST) | Target Loss: 0.0335 | DDPM Loss: 0.0110
Client 8 (MNIST) | Target Loss: 0.8951 | DDPM Loss: 0.0121
Client 9 (MNIST) | Target Loss: 0.0955 | DDPM Loss: 0.0108
Client 11 (EMNIST) | Target Loss: 0.4221 | DDPM Loss: 0.0078
Client 12 (EMNIST) | Target Loss: 0.3927 | DDPM Loss: 0.0078
Client 13 (EMNIST) | Target Loss: 0.2777 | DDPM Loss: 0.0078
Client 14 (EMNIST) | Target Loss: 0.2612 | DDPM Loss: 0.0078
Client 15 (EMNIST) | Target Loss: 0.4275 | DDPM Loss: 0.0078
Client 16 (EMNIST) | Target Loss: 0.5978 | DDPM Loss: 0.0078
Client 17 (EMNIST) | Target Loss: 0.3552 | DDPM Loss: 0.0078
Client 18 (EMNIST) | Target Loss: 0.2442 | DDPM Loss: 0.0078
Client 19 (EMNIST) | Target Loss: 0.4326 | DDPM Loss: 0.0078
Client 20 (EMNIST) | Target Loss: 0.4765 | DDPM Loss: 0.0078
Client 22 (CIFAR10) | Target Loss: 0.5177 | DDPM Loss: 0.0366
Client 23 (CIFAR10) | Target Loss: 0.9274 | DDPM Loss: 0.0367
Client 24 (CIFAR10) | Target Loss: 0.5984 | DDPM Loss: 0.0364
Client 25 (CIFAR10) | Target Loss: 0.4714 | DDPM Loss: 0.0358
Client 26 (CIFAR10) | Target Loss: 1.1033 | DDPM Loss: 0.0357
Client 27 (CIFAR10) | Target Loss: 1.3483 | DDPM Loss: 0.0366
Client 28 (CIFAR10) | Target Loss: 1.2560 | DDPM Loss: 0.0358
Client 29 (CIFAR10) | Target Loss: 0.7229 | DDPM Loss: 0.0373
Client 30 (CIFAR10) | Target Loss: 1.3523 | DDPM Loss: 0.0370
Client 31 (CIFAR10) | Target Loss: 1.5093 | DDPM Loss: 0.0377
Selected client ids: [0, 1, 2, 3, 4, 5, 6, 7, 8, 9, 10, 11, 12, 13, 14, 15, 16, 17, 18, 19, 20, 21, 22, 23, 24, 25, 26, 27, 28, 29]
--- Round 14 ---
Client 0 (MNIST) | Target Loss: 0.1059 | DDPM Loss: 0.0105
Client 1 (MNIST) | Target Loss: 0.0313 | DDPM Loss: 0.0103
Client 2 (MNIST) | Target Loss: 0.0077 | DDPM Loss: 0.0109
Client 3 (MNIST) | Target Loss: 0.0134 | DDPM Loss: 0.0115
Client 4 (MNIST) | Target Loss: 0.0805 | DDPM Loss: 0.0108
Client 5 (MNIST) | Target Loss: 0.3063 | DDPM Loss: 0.0108
Client 6 (MNIST) | Target Loss: 0.0307 | DDPM Loss: 0.0104
Client 7 (MNIST) | Target Loss: 0.0181 | DDPM Loss: 0.0106
Client 8 (MNIST) | Target Loss: 0.8671 | DDPM Loss: 0.0122
Client 9 (MNIST) | Target Loss: 0.0824 | DDPM Loss: 0.0107
Client 11 (EMNIST) | Target Loss: 0.4129 | DDPM Loss: 0.0078
Client 12 (EMNIST) | Target Loss: 0.3834 | DDPM Loss: 0.0077
Client 13 (EMNIST) | Target Loss: 0.2625 | DDPM Loss: 0.0077
Client 14 (EMNIST) | Target Loss: 0.2448 | DDPM Loss: 0.0078
Client 15 (EMNIST) | Target Loss: 0.4249 | DDPM Loss: 0.0077
Client 16 (EMNIST) | Target Loss: 0.5818 | DDPM Loss: 0.0077
Client 17 (EMNIST) | Target Loss: 0.3463 | DDPM Loss: 0.0077
Client 18 (EMNIST) | Target Loss: 0.2266 | DDPM Loss: 0.0077
Client 19 (EMNIST) | Target Loss: 0.4256 | DDPM Loss: 0.0077
Client 20 (EMNIST) | Target Loss: 0.4630 | DDPM Loss: 0.0078
Client 22 (CIFAR10) | Target Loss: 0.4535 | DDPM Loss: 0.0360
Client 23 (CIFAR10) | Target Loss: 0.9066 | DDPM Loss: 0.0367
Client 24 (CIFAR10) | Target Loss: 0.4913 | DDPM Loss: 0.0351
Client 25 (CIFAR10) | Target Loss: 0.3351 | DDPM Loss: 0.0360
Client 26 (CIFAR10) | Target Loss: 1.0321 | DDPM Loss: 0.0355
Client 27 (CIFAR10) | Target Loss: 1.3230 | DDPM Loss: 0.0357
Client 28 (CIFAR10) | Target Loss: 1.2149 | DDPM Loss: 0.0362
Client 29 (CIFAR10) | Target Loss: 0.6713 | DDPM Loss: 0.0366
Client 30 (CIFAR10) | Target Loss: 1.2934 | DDPM Loss: 0.0372
Client 31 (CIFAR10) | Target Loss: 1.4296 | DDPM Loss: 0.0366
Selected client ids: [0, 1, 2, 3, 4, 5, 6, 7, 8, 9, 10, 11, 12, 13, 14, 15, 16, 17, 18, 19, 20, 21, 22, 23, 24, 25, 26, 27, 28, 29]
--- Round 15 ---
Client 0 (MNIST) | Target Loss: 0.0801 | DDPM Loss: 0.0104
Client 1 (MNIST) | Target Loss: 0.0244 | DDPM Loss: 0.0104
Client 2 (MNIST) | Target Loss: 0.0096 | DDPM Loss: 0.0103
Client 3 (MNIST) | Target Loss: 0.0035 | DDPM Loss: 0.0102
Client 4 (MNIST) | Target Loss: 0.1083 | DDPM Loss: 0.0108
Client 5 (MNIST) | Target Loss: 0.3327 | DDPM Loss: 0.0105
Client 6 (MNIST) | Target Loss: 0.0270 | DDPM Loss: 0.0105
Client 7 (MNIST) | Target Loss: 0.0152 | DDPM Loss: 0.0105
Client 8 (MNIST) | Target Loss: 0.7472 | DDPM Loss: 0.0099
Client 9 (MNIST) | Target Loss: 0.0768 | DDPM Loss: 0.0105
Client 11 (EMNIST) | Target Loss: 0.4041 | DDPM Loss: 0.0077
Client 12 (EMNIST) | Target Loss: 0.3802 | DDPM Loss: 0.0076
Client 13 (EMNIST) | Target Loss: 0.2501 | DDPM Loss: 0.0077
Client 14 (EMNIST) | Target Loss: 0.2310 | DDPM Loss: 0.0077
Client 15 (EMNIST) | Target Loss: 0.4053 | DDPM Loss: 0.0077
Client 16 (EMNIST) | Target Loss: 0.5747 | DDPM Loss: 0.0077
Client 17 (EMNIST) | Target Loss: 0.3397 | DDPM Loss: 0.0077
Client 18 (EMNIST) | Target Loss: 0.2183 | DDPM Loss: 0.0077
Client 19 (EMNIST) | Target Loss: 0.4171 | DDPM Loss: 0.0077
Client 20 (EMNIST) | Target Loss: 0.4602 | DDPM Loss: 0.0077
Client 22 (CIFAR10) | Target Loss: 0.4075 | DDPM Loss: 0.0354
Client 23 (CIFAR10) | Target Loss: 0.8850 | DDPM Loss: 0.0365
Client 24 (CIFAR10) | Target Loss: 0.4444 | DDPM Loss: 0.0356
Client 25 (CIFAR10) | Target Loss: 0.2405 | DDPM Loss: 0.0348
Client 26 (CIFAR10) | Target Loss: 1.0022 | DDPM Loss: 0.0364
Client 27 (CIFAR10) | Target Loss: 1.3110 | DDPM Loss: 0.0364
Client 28 (CIFAR10) | Target Loss: 1.1685 | DDPM Loss: 0.0351
Client 29 (CIFAR10) | Target Loss: 0.5431 | DDPM Loss: 0.0367
Client 30 (CIFAR10) | Target Loss: 1.2690 | DDPM Loss: 0.0356
Client 31 (CIFAR10) | Target Loss: 1.4224 | DDPM Loss: 0.0365
Selected client ids: [0, 1, 2, 3, 4, 5, 6, 7, 8, 9, 10, 11, 12, 13, 14, 15, 16, 17, 18, 19, 20, 21, 22, 23, 24, 25, 26, 27, 28, 29]
--- Round 16 ---
Client 0 (MNIST) | Target Loss: 0.0660 | DDPM Loss: 0.0100
Client 1 (MNIST) | Target Loss: 0.0241 | DDPM Loss: 0.0102
Client 2 (MNIST) | Target Loss: 0.0231 | DDPM Loss: 0.0102
Client 3 (MNIST) | Target Loss: 0.0589 | DDPM Loss: 0.0098
Client 4 (MNIST) | Target Loss: 0.0874 | DDPM Loss: 0.0105
Client 5 (MNIST) | Target Loss: 0.3136 | DDPM Loss: 0.0107
Client 6 (MNIST) | Target Loss: 0.0278 | DDPM Loss: 0.0101
Client 7 (MNIST) | Target Loss: 0.0218 | DDPM Loss: 0.0102
Client 8 (MNIST) | Target Loss: 0.8371 | DDPM Loss: 0.0100
Client 9 (MNIST) | Target Loss: 0.0710 | DDPM Loss: 0.0104
Client 11 (EMNIST) | Target Loss: 0.4020 | DDPM Loss: 0.0076
Client 12 (EMNIST) | Target Loss: 0.3708 | DDPM Loss: 0.0076
Client 13 (EMNIST) | Target Loss: 0.2337 | DDPM Loss: 0.0076
Client 14 (EMNIST) | Target Loss: 0.2123 | DDPM Loss: 0.0076
Client 15 (EMNIST) | Target Loss: 0.4043 | DDPM Loss: 0.0076
Client 16 (EMNIST) | Target Loss: 0.5575 | DDPM Loss: 0.0076
Client 17 (EMNIST) | Target Loss: 0.3341 | DDPM Loss: 0.0077
Client 18 (EMNIST) | Target Loss: 0.2072 | DDPM Loss: 0.0076
Client 19 (EMNIST) | Target Loss: 0.4066 | DDPM Loss: 0.0076
Client 20 (EMNIST) | Target Loss: 0.4570 | DDPM Loss: 0.0077
Client 22 (CIFAR10) | Target Loss: 0.3378 | DDPM Loss: 0.0341
Client 23 (CIFAR10) | Target Loss: 0.8555 | DDPM Loss: 0.0355
Client 24 (CIFAR10) | Target Loss: 0.3131 | DDPM Loss: 0.0360
Client 25 (CIFAR10) | Target Loss: 0.2051 | DDPM Loss: 0.0364
Client 26 (CIFAR10) | Target Loss: 0.9574 | DDPM Loss: 0.0356
Client 27 (CIFAR10) | Target Loss: 1.2900 | DDPM Loss: 0.0355
Client 28 (CIFAR10) | Target Loss: 1.1448 | DDPM Loss: 0.0360
Client 29 (CIFAR10) | Target Loss: 0.4468 | DDPM Loss: 0.0366
Client 30 (CIFAR10) | Target Loss: 1.1814 | DDPM Loss: 0.0362
Client 31 (CIFAR10) | Target Loss: 1.3468 | DDPM Loss: 0.0346
Selected client ids: [0, 1, 2, 3, 4, 5, 6, 7, 8, 9, 10, 11, 12, 13, 14, 15, 16, 17, 18, 19, 20, 21, 22, 23, 24, 25, 26, 27, 28, 29]
--- Round 17 ---
Client 0 (MNIST) | Target Loss: 0.0784 | DDPM Loss: 0.0100
Client 1 (MNIST) | Target Loss: 0.0197 | DDPM Loss: 0.0095
Client 2 (MNIST) | Target Loss: 0.0413 | DDPM Loss: 0.0102
Client 3 (MNIST) | Target Loss: 0.0938 | DDPM Loss: 0.0099
Client 4 (MNIST) | Target Loss: 0.0780 | DDPM Loss: 0.0099
Client 5 (MNIST) | Target Loss: 0.3002 | DDPM Loss: 0.0102
Client 6 (MNIST) | Target Loss: 0.0249 | DDPM Loss: 0.0096
Client 7 (MNIST) | Target Loss: 0.0158 | DDPM Loss: 0.0105
Client 8 (MNIST) | Target Loss: 0.7524 | DDPM Loss: 0.0103
Client 9 (MNIST) | Target Loss: 0.1039 | DDPM Loss: 0.0098
Client 11 (EMNIST) | Target Loss: 0.3880 | DDPM Loss: 0.0076
Client 12 (EMNIST) | Target Loss: 0.3644 | DDPM Loss: 0.0075
Client 13 (EMNIST) | Target Loss: 0.2185 | DDPM Loss: 0.0076
Client 14 (EMNIST) | Target Loss: 0.1999 | DDPM Loss: 0.0076
Client 15 (EMNIST) | Target Loss: 0.3949 | DDPM Loss: 0.0076
Client 16 (EMNIST) | Target Loss: 0.5504 | DDPM Loss: 0.0076
Client 17 (EMNIST) | Target Loss: 0.3272 | DDPM Loss: 0.0075
Client 18 (EMNIST) | Target Loss: 0.1895 | DDPM Loss: 0.0075
Client 19 (EMNIST) | Target Loss: 0.4026 | DDPM Loss: 0.0076
Client 20 (EMNIST) | Target Loss: 0.4545 | DDPM Loss: 0.0076
Client 22 (CIFAR10) | Target Loss: 0.3246 | DDPM Loss: 0.0366
Client 23 (CIFAR10) | Target Loss: 0.8004 | DDPM Loss: 0.0352
Client 24 (CIFAR10) | Target Loss: 0.2722 | DDPM Loss: 0.0350
Client 25 (CIFAR10) | Target Loss: 0.2204 | DDPM Loss: 0.0347
Client 26 (CIFAR10) | Target Loss: 0.8778 | DDPM Loss: 0.0352
Client 27 (CIFAR10) | Target Loss: 1.2756 | DDPM Loss: 0.0349
Client 28 (CIFAR10) | Target Loss: 1.1172 | DDPM Loss: 0.0359
Client 29 (CIFAR10) | Target Loss: 0.3769 | DDPM Loss: 0.0361
Client 30 (CIFAR10) | Target Loss: 1.1481 | DDPM Loss: 0.0360
Client 31 (CIFAR10) | Target Loss: 1.3499 | DDPM Loss: 0.0360
Selected client ids: [0, 1, 2, 3, 4, 5, 6, 7, 8, 9, 10, 11, 12, 13, 14, 15, 16, 17, 18, 19, 20, 21, 22, 23, 24, 25, 26, 27, 28, 29]
--- Round 18 ---
Client 0 (MNIST) | Target Loss: 0.0810 | DDPM Loss: 0.0100
Client 1 (MNIST) | Target Loss: 0.0180 | DDPM Loss: 0.0098
Client 2 (MNIST) | Target Loss: 0.0121 | DDPM Loss: 0.0102
Client 3 (MNIST) | Target Loss: 0.0469 | DDPM Loss: 0.0125
Client 4 (MNIST) | Target Loss: 0.0660 | DDPM Loss: 0.0098
Client 5 (MNIST) | Target Loss: 0.2920 | DDPM Loss: 0.0097
Client 6 (MNIST) | Target Loss: 0.0328 | DDPM Loss: 0.0098
Client 7 (MNIST) | Target Loss: 0.0256 | DDPM Loss: 0.0096
Client 8 (MNIST) | Target Loss: 1.0216 | DDPM Loss: 0.0098
Client 9 (MNIST) | Target Loss: 0.0807 | DDPM Loss: 0.0099
Client 11 (EMNIST) | Target Loss: 0.3912 | DDPM Loss: 0.0076
Client 12 (EMNIST) | Target Loss: 0.3576 | DDPM Loss: 0.0076
Client 13 (EMNIST) | Target Loss: 0.2032 | DDPM Loss: 0.0075
Client 14 (EMNIST) | Target Loss: 0.1787 | DDPM Loss: 0.0075
Client 15 (EMNIST) | Target Loss: 0.3899 | DDPM Loss: 0.0075
Client 16 (EMNIST) | Target Loss: 0.5383 | DDPM Loss: 0.0075
Client 17 (EMNIST) | Target Loss: 0.3218 | DDPM Loss: 0.0076
Client 18 (EMNIST) | Target Loss: 0.1787 | DDPM Loss: 0.0075
Client 19 (EMNIST) | Target Loss: 0.3940 | DDPM Loss: 0.0076
Client 20 (EMNIST) | Target Loss: 0.4476 | DDPM Loss: 0.0076
Client 22 (CIFAR10) | Target Loss: 0.3092 | DDPM Loss: 0.0350
Client 23 (CIFAR10) | Target Loss: 0.7827 | DDPM Loss: 0.0356
Client 24 (CIFAR10) | Target Loss: 0.1789 | DDPM Loss: 0.0356
Client 25 (CIFAR10) | Target Loss: 0.1335 | DDPM Loss: 0.0349
Client 26 (CIFAR10) | Target Loss: 0.8324 | DDPM Loss: 0.0348
Client 27 (CIFAR10) | Target Loss: 1.2523 | DDPM Loss: 0.0355
Client 28 (CIFAR10) | Target Loss: 1.0849 | DDPM Loss: 0.0351
Client 29 (CIFAR10) | Target Loss: 0.3131 | DDPM Loss: 0.0360
Client 30 (CIFAR10) | Target Loss: 1.1258 | DDPM Loss: 0.0361
Client 31 (CIFAR10) | Target Loss: 1.3271 | DDPM Loss: 0.0353
Selected client ids: [0, 1, 2, 3, 4, 5, 6, 7, 8, 9, 10, 11, 12, 13, 14, 15, 16, 17, 18, 19, 20, 21, 22, 23, 24, 25, 26, 27, 28, 29]
--- Round 19 ---
Client 0 (MNIST) | Target Loss: 0.0643 | DDPM Loss: 0.0096
Client 1 (MNIST) | Target Loss: 0.0137 | DDPM Loss: 0.0098
Client 2 (MNIST) | Target Loss: 0.0101 | DDPM Loss: 0.0098
Client 3 (MNIST) | Target Loss: 0.0499 | DDPM Loss: 0.0096
Client 4 (MNIST) | Target Loss: 0.0628 | DDPM Loss: 0.0102
Client 5 (MNIST) | Target Loss: 0.2250 | DDPM Loss: 0.0097
Client 6 (MNIST) | Target Loss: 0.0260 | DDPM Loss: 0.0097
Client 7 (MNIST) | Target Loss: 0.0146 | DDPM Loss: 0.0098
Client 8 (MNIST) | Target Loss: 0.8648 | DDPM Loss: 0.0098
Client 9 (MNIST) | Target Loss: 0.0669 | DDPM Loss: 0.0099
Client 11 (EMNIST) | Target Loss: 0.3808 | DDPM Loss: 0.0075
Client 12 (EMNIST) | Target Loss: 0.3517 | DDPM Loss: 0.0074
Client 13 (EMNIST) | Target Loss: 0.1878 | DDPM Loss: 0.0075
Client 14 (EMNIST) | Target Loss: 0.1603 | DDPM Loss: 0.0074
Client 15 (EMNIST) | Target Loss: 0.3793 | DDPM Loss: 0.0075
Client 16 (EMNIST) | Target Loss: 0.5324 | DDPM Loss: 0.0074
Client 17 (EMNIST) | Target Loss: 0.3157 | DDPM Loss: 0.0075
Client 18 (EMNIST) | Target Loss: 0.1685 | DDPM Loss: 0.0075
Client 19 (EMNIST) | Target Loss: 0.3906 | DDPM Loss: 0.0075
Client 20 (EMNIST) | Target Loss: 0.4456 | DDPM Loss: 0.0076
Client 22 (CIFAR10) | Target Loss: 0.3028 | DDPM Loss: 0.0355
Client 23 (CIFAR10) | Target Loss: 0.7683 | DDPM Loss: 0.0359
Client 24 (CIFAR10) | Target Loss: 0.1826 | DDPM Loss: 0.0356
Client 25 (CIFAR10) | Target Loss: 0.0673 | DDPM Loss: 0.0356
Client 26 (CIFAR10) | Target Loss: 0.7858 | DDPM Loss: 0.0349
Client 27 (CIFAR10) | Target Loss: 1.2275 | DDPM Loss: 0.0349
Client 28 (CIFAR10) | Target Loss: 1.0432 | DDPM Loss: 0.0343
Client 29 (CIFAR10) | Target Loss: 0.1997 | DDPM Loss: 0.0354
Client 30 (CIFAR10) | Target Loss: 1.0996 | DDPM Loss: 0.0356
Client 31 (CIFAR10) | Target Loss: 1.2447 | DDPM Loss: 0.0353
Selected client ids: [0, 1, 2, 3, 4, 5, 6, 7, 8, 9, 10, 11, 12, 13, 14, 15, 16, 17, 18, 19, 20, 21, 22, 23, 24, 25, 26, 27, 28, 29]
--- Round 20 ---
Client 0 (MNIST) | Target Loss: 0.0663 | DDPM Loss: 0.0100
Client 1 (MNIST) | Target Loss: 0.0225 | DDPM Loss: 0.0097
Client 2 (MNIST) | Target Loss: 0.0019 | DDPM Loss: 0.0094
Client 3 (MNIST) | Target Loss: 0.0092 | DDPM Loss: 0.0099
Client 4 (MNIST) | Target Loss: 0.0606 | DDPM Loss: 0.0096
Client 5 (MNIST) | Target Loss: 0.2266 | DDPM Loss: 0.0096
Client 6 (MNIST) | Target Loss: 0.0199 | DDPM Loss: 0.0094
Client 7 (MNIST) | Target Loss: 0.0031 | DDPM Loss: 0.0094
Client 8 (MNIST) | Target Loss: 0.7690 | DDPM Loss: 0.0095
Client 9 (MNIST) | Target Loss: 0.0754 | DDPM Loss: 0.0098
Client 11 (EMNIST) | Target Loss: 0.3792 | DDPM Loss: 0.0075
Client 12 (EMNIST) | Target Loss: 0.3471 | DDPM Loss: 0.0074
Client 13 (EMNIST) | Target Loss: 0.1705 | DDPM Loss: 0.0075
Client 14 (EMNIST) | Target Loss: 0.1413 | DDPM Loss: 0.0074
Client 15 (EMNIST) | Target Loss: 0.3769 | DDPM Loss: 0.0074
Client 16 (EMNIST) | Target Loss: 0.5250 | DDPM Loss: 0.0074
Client 17 (EMNIST) | Target Loss: 0.3100 | DDPM Loss: 0.0074
Client 18 (EMNIST) | Target Loss: 0.1539 | DDPM Loss: 0.0075
Client 19 (EMNIST) | Target Loss: 0.3834 | DDPM Loss: 0.0075
Client 20 (EMNIST) | Target Loss: 0.4421 | DDPM Loss: 0.0075
Client 22 (CIFAR10) | Target Loss: 0.2412 | DDPM Loss: 0.0353
Client 23 (CIFAR10) | Target Loss: 0.7330 | DDPM Loss: 0.0351
Client 24 (CIFAR10) | Target Loss: 0.1252 | DDPM Loss: 0.0350
Client 25 (CIFAR10) | Target Loss: 0.0527 | DDPM Loss: 0.0338
Client 26 (CIFAR10) | Target Loss: 0.7591 | DDPM Loss: 0.0354
Client 27 (CIFAR10) | Target Loss: 1.2147 | DDPM Loss: 0.0343
Client 28 (CIFAR10) | Target Loss: 1.0092 | DDPM Loss: 0.0345
Client 29 (CIFAR10) | Target Loss: 0.2089 | DDPM Loss: 0.0358
Client 30 (CIFAR10) | Target Loss: 1.0085 | DDPM Loss: 0.0358
Client 31 (CIFAR10) | Target Loss: 1.1929 | DDPM Loss: 0.0346
Selected client ids: [0, 1, 2, 3, 4, 5, 6, 7, 8, 9, 10, 11, 12, 13, 14, 15, 16, 17, 18, 19, 20, 21, 22, 23, 24, 25, 26, 27, 28, 29]
--- Round 21 ---
Client 0 (MNIST) | Target Loss: 0.0295 | DDPM Loss: 0.0097
Client 1 (MNIST) | Target Loss: 0.0250 | DDPM Loss: 0.0093
Client 2 (MNIST) | Target Loss: 0.0026 | DDPM Loss: 0.0098
Client 3 (MNIST) | Target Loss: 0.0109 | DDPM Loss: 0.0095
Client 4 (MNIST) | Target Loss: 0.0525 | DDPM Loss: 0.0096
Client 5 (MNIST) | Target Loss: 0.2289 | DDPM Loss: 0.0095
Client 6 (MNIST) | Target Loss: 0.0087 | DDPM Loss: 0.0095
Client 7 (MNIST) | Target Loss: 0.0086 | DDPM Loss: 0.0096
Client 8 (MNIST) | Target Loss: 0.7137 | DDPM Loss: 0.0096
Client 9 (MNIST) | Target Loss: 0.0474 | DDPM Loss: 0.0093
Client 11 (EMNIST) | Target Loss: 0.3668 | DDPM Loss: 0.0075
Client 12 (EMNIST) | Target Loss: 0.3436 | DDPM Loss: 0.0074
Client 13 (EMNIST) | Target Loss: 0.1568 | DDPM Loss: 0.0074
Client 14 (EMNIST) | Target Loss: 0.1242 | DDPM Loss: 0.0074
Client 15 (EMNIST) | Target Loss: 0.3754 | DDPM Loss: 0.0074
Client 16 (EMNIST) | Target Loss: 0.5166 | DDPM Loss: 0.0074
Client 17 (EMNIST) | Target Loss: 0.3053 | DDPM Loss: 0.0074
Client 18 (EMNIST) | Target Loss: 0.1569 | DDPM Loss: 0.0074
Client 19 (EMNIST) | Target Loss: 0.3799 | DDPM Loss: 0.0075
Client 20 (EMNIST) | Target Loss: 0.4341 | DDPM Loss: 0.0075
Client 22 (CIFAR10) | Target Loss: 0.1624 | DDPM Loss: 0.0347
Client 23 (CIFAR10) | Target Loss: 0.6829 | DDPM Loss: 0.0346
Client 24 (CIFAR10) | Target Loss: 0.0787 | DDPM Loss: 0.0350
Client 25 (CIFAR10) | Target Loss: 0.0672 | DDPM Loss: 0.0338
Client 26 (CIFAR10) | Target Loss: 0.7355 | DDPM Loss: 0.0351
Client 27 (CIFAR10) | Target Loss: 1.2016 | DDPM Loss: 0.0353
Client 28 (CIFAR10) | Target Loss: 0.9789 | DDPM Loss: 0.0333
Client 29 (CIFAR10) | Target Loss: 0.1923 | DDPM Loss: 0.0348
Client 30 (CIFAR10) | Target Loss: 0.9711 | DDPM Loss: 0.0346
Client 31 (CIFAR10) | Target Loss: 1.1577 | DDPM Loss: 0.0351
Selected client ids: [0, 1, 2, 3, 4, 5, 6, 7, 8, 9, 10, 11, 12, 13, 14, 15, 16, 17, 18, 19, 20, 21, 22, 23, 24, 25, 26, 27, 28, 29]
--- Round 22 ---
Client 0 (MNIST) | Target Loss: 0.0567 | DDPM Loss: 0.0095
Client 1 (MNIST) | Target Loss: 0.0388 | DDPM Loss: 0.0093
Client 2 (MNIST) | Target Loss: 0.0072 | DDPM Loss: 0.0095
Client 3 (MNIST) | Target Loss: 0.0572 | DDPM Loss: 0.0100
Client 4 (MNIST) | Target Loss: 0.0494 | DDPM Loss: 0.0095
Client 5 (MNIST) | Target Loss: 0.2031 | DDPM Loss: 0.0091
Client 6 (MNIST) | Target Loss: 0.0084 | DDPM Loss: 0.0099
Client 7 (MNIST) | Target Loss: 0.0202 | DDPM Loss: 0.0094
Client 8 (MNIST) | Target Loss: 0.9319 | DDPM Loss: 0.0093
Client 9 (MNIST) | Target Loss: 0.0462 | DDPM Loss: 0.0092
Client 11 (EMNIST) | Target Loss: 0.3756 | DDPM Loss: 0.0074
Client 12 (EMNIST) | Target Loss: 0.3381 | DDPM Loss: 0.0074
Client 13 (EMNIST) | Target Loss: 0.1406 | DDPM Loss: 0.0074
Client 14 (EMNIST) | Target Loss: 0.1093 | DDPM Loss: 0.0074
Client 15 (EMNIST) | Target Loss: 0.3687 | DDPM Loss: 0.0073
Client 16 (EMNIST) | Target Loss: 0.5036 | DDPM Loss: 0.0075
Client 17 (EMNIST) | Target Loss: 0.3020 | DDPM Loss: 0.0074
Client 18 (EMNIST) | Target Loss: 0.1418 | DDPM Loss: 0.0074
Client 19 (EMNIST) | Target Loss: 0.3711 | DDPM Loss: 0.0073
Client 20 (EMNIST) | Target Loss: 0.4308 | DDPM Loss: 0.0074
Client 22 (CIFAR10) | Target Loss: 0.2129 | DDPM Loss: 0.0348
Client 23 (CIFAR10) | Target Loss: 0.6728 | DDPM Loss: 0.0346
Client 24 (CIFAR10) | Target Loss: 0.0802 | DDPM Loss: 0.0347
Client 25 (CIFAR10) | Target Loss: 0.1054 | DDPM Loss: 0.0343
Client 26 (CIFAR10) | Target Loss: 0.6742 | DDPM Loss: 0.0345
Client 27 (CIFAR10) | Target Loss: 1.1698 | DDPM Loss: 0.0344
Client 28 (CIFAR10) | Target Loss: 0.9272 | DDPM Loss: 0.0342
Client 29 (CIFAR10) | Target Loss: 0.1493 | DDPM Loss: 0.0344
Client 30 (CIFAR10) | Target Loss: 0.9267 | DDPM Loss: 0.0354
Client 31 (CIFAR10) | Target Loss: 1.1835 | DDPM Loss: 0.0346
Selected client ids: [0, 1, 2, 3, 4, 5, 6, 7, 8, 9, 10, 11, 12, 13, 14, 15, 16, 17, 18, 19, 20, 21, 22, 23, 24, 25, 26, 27, 28, 29]
--- Round 23 ---
Client 0 (MNIST) | Target Loss: 0.0461 | DDPM Loss: 0.0093
Client 1 (MNIST) | Target Loss: 0.0176 | DDPM Loss: 0.0091
Client 2 (MNIST) | Target Loss: 0.0072 | DDPM Loss: 0.0090
Client 3 (MNIST) | Target Loss: 0.0184 | DDPM Loss: 0.0096
Client 4 (MNIST) | Target Loss: 0.0659 | DDPM Loss: 0.0095
Client 5 (MNIST) | Target Loss: 0.2114 | DDPM Loss: 0.0094
Client 6 (MNIST) | Target Loss: 0.0291 | DDPM Loss: 0.0091
Client 7 (MNIST) | Target Loss: 0.0082 | DDPM Loss: 0.0090
Client 8 (MNIST) | Target Loss: 0.8062 | DDPM Loss: 0.0094
Client 9 (MNIST) | Target Loss: 0.0525 | DDPM Loss: 0.0092
Client 11 (EMNIST) | Target Loss: 0.3652 | DDPM Loss: 0.0073
Client 12 (EMNIST) | Target Loss: 0.3336 | DDPM Loss: 0.0073
Client 13 (EMNIST) | Target Loss: 0.1301 | DDPM Loss: 0.0074
Client 14 (EMNIST) | Target Loss: 0.0955 | DDPM Loss: 0.0073
Client 15 (EMNIST) | Target Loss: 0.3628 | DDPM Loss: 0.0073
Client 16 (EMNIST) | Target Loss: 0.4992 | DDPM Loss: 0.0073
Client 17 (EMNIST) | Target Loss: 0.2991 | DDPM Loss: 0.0073
Client 18 (EMNIST) | Target Loss: 0.1344 | DDPM Loss: 0.0073
Client 19 (EMNIST) | Target Loss: 0.3684 | DDPM Loss: 0.0073
Client 20 (EMNIST) | Target Loss: 0.4295 | DDPM Loss: 0.0074
Client 22 (CIFAR10) | Target Loss: 0.1835 | DDPM Loss: 0.0348
Client 23 (CIFAR10) | Target Loss: 0.6731 | DDPM Loss: 0.0345
Client 24 (CIFAR10) | Target Loss: 0.0892 | DDPM Loss: 0.0355
Client 25 (CIFAR10) | Target Loss: 0.1253 | DDPM Loss: 0.0349
Client 26 (CIFAR10) | Target Loss: 0.6927 | DDPM Loss: 0.0333
Client 27 (CIFAR10) | Target Loss: 1.1567 | DDPM Loss: 0.0339
Client 28 (CIFAR10) | Target Loss: 0.9030 | DDPM Loss: 0.0348
Client 29 (CIFAR10) | Target Loss: 0.0805 | DDPM Loss: 0.0348
Client 30 (CIFAR10) | Target Loss: 0.8774 | DDPM Loss: 0.0348
Client 31 (CIFAR10) | Target Loss: 1.1691 | DDPM Loss: 0.0348
Selected client ids: [0, 1, 2, 3, 4, 5, 6, 7, 8, 9, 10, 11, 12, 13, 14, 15, 16, 17, 18, 19, 20, 21, 22, 23, 24, 25, 26, 27, 28, 29]
--- Round 24 ---
Client 0 (MNIST) | Target Loss: 0.0886 | DDPM Loss: 0.0093
Client 1 (MNIST) | Target Loss: 0.0114 | DDPM Loss: 0.0091
Client 2 (MNIST) | Target Loss: 0.0085 | DDPM Loss: 0.0092
Client 3 (MNIST) | Target Loss: 0.0095 | DDPM Loss: 0.0092
Client 4 (MNIST) | Target Loss: 0.0520 | DDPM Loss: 0.0091
Client 5 (MNIST) | Target Loss: 0.2241 | DDPM Loss: 0.0098
Client 6 (MNIST) | Target Loss: 0.0120 | DDPM Loss: 0.0092
Client 7 (MNIST) | Target Loss: 0.0126 | DDPM Loss: 0.0093
Client 8 (MNIST) | Target Loss: 0.7369 | DDPM Loss: 0.0098
Client 9 (MNIST) | Target Loss: 0.0433 | DDPM Loss: 0.0092
Client 11 (EMNIST) | Target Loss: 0.3588 | DDPM Loss: 0.0073
Client 12 (EMNIST) | Target Loss: 0.3276 | DDPM Loss: 0.0073
Client 13 (EMNIST) | Target Loss: 0.1135 | DDPM Loss: 0.0073
Client 14 (EMNIST) | Target Loss: 0.0861 | DDPM Loss: 0.0073
Client 15 (EMNIST) | Target Loss: 0.3563 | DDPM Loss: 0.0073
Client 16 (EMNIST) | Target Loss: 0.4983 | DDPM Loss: 0.0072
Client 17 (EMNIST) | Target Loss: 0.2922 | DDPM Loss: 0.0073
Client 18 (EMNIST) | Target Loss: 0.1277 | DDPM Loss: 0.0073
Client 19 (EMNIST) | Target Loss: 0.3626 | DDPM Loss: 0.0073
Client 20 (EMNIST) | Target Loss: 0.4334 | DDPM Loss: 0.0073
Client 22 (CIFAR10) | Target Loss: 0.2347 | DDPM Loss: 0.0350
Client 23 (CIFAR10) | Target Loss: 0.6420 | DDPM Loss: 0.0351
Client 24 (CIFAR10) | Target Loss: 0.1189 | DDPM Loss: 0.0345
Client 25 (CIFAR10) | Target Loss: 0.0649 | DDPM Loss: 0.0347
Client 26 (CIFAR10) | Target Loss: 0.5539 | DDPM Loss: 0.0350
Client 27 (CIFAR10) | Target Loss: 1.1438 | DDPM Loss: 0.0338
Client 28 (CIFAR10) | Target Loss: 0.8672 | DDPM Loss: 0.0341
Client 29 (CIFAR10) | Target Loss: 0.0819 | DDPM Loss: 0.0354
Client 30 (CIFAR10) | Target Loss: 0.9059 | DDPM Loss: 0.0346
Client 31 (CIFAR10) | Target Loss: 1.0824 | DDPM Loss: 0.0349
Selected client ids: [0, 1, 2, 3, 4, 5, 6, 7, 8, 9, 10, 11, 12, 13, 14, 15, 16, 17, 18, 19, 20, 21, 22, 23, 24, 25, 26, 27, 28, 29]
--- Round 25 ---
Client 0 (MNIST) | Target Loss: 0.0382 | DDPM Loss: 0.0091
Client 1 (MNIST) | Target Loss: 0.0057 | DDPM Loss: 0.0090
Client 2 (MNIST) | Target Loss: 0.0140 | DDPM Loss: 0.0089
Client 3 (MNIST) | Target Loss: 0.0020 | DDPM Loss: 0.0086
Client 4 (MNIST) | Target Loss: 0.0330 | DDPM Loss: 0.0092
Client 5 (MNIST) | Target Loss: 0.1993 | DDPM Loss: 0.0093
Client 6 (MNIST) | Target Loss: 0.0095 | DDPM Loss: 0.0089
Client 7 (MNIST) | Target Loss: 0.0259 | DDPM Loss: 0.0090
Client 8 (MNIST) | Target Loss: 0.6631 | DDPM Loss: 0.0132
Client 9 (MNIST) | Target Loss: 0.0746 | DDPM Loss: 0.0090
Client 11 (EMNIST) | Target Loss: 0.3736 | DDPM Loss: 0.0073
Client 12 (EMNIST) | Target Loss: 0.3236 | DDPM Loss: 0.0072
Client 13 (EMNIST) | Target Loss: 0.1068 | DDPM Loss: 0.0073
Client 14 (EMNIST) | Target Loss: 0.0727 | DDPM Loss: 0.0073
Client 15 (EMNIST) | Target Loss: 0.3507 | DDPM Loss: 0.0072
Client 16 (EMNIST) | Target Loss: 0.4851 | DDPM Loss: 0.0072
Client 17 (EMNIST) | Target Loss: 0.2884 | DDPM Loss: 0.0073
Client 18 (EMNIST) | Target Loss: 0.1212 | DDPM Loss: 0.0073
Client 19 (EMNIST) | Target Loss: 0.3540 | DDPM Loss: 0.0073
Client 20 (EMNIST) | Target Loss: 0.4242 | DDPM Loss: 0.0073
Client 22 (CIFAR10) | Target Loss: 0.1618 | DDPM Loss: 0.0351
Client 23 (CIFAR10) | Target Loss: 0.6372 | DDPM Loss: 0.0354
Client 24 (CIFAR10) | Target Loss: 0.1175 | DDPM Loss: 0.0346
Client 25 (CIFAR10) | Target Loss: 0.0408 | DDPM Loss: 0.0344
Client 26 (CIFAR10) | Target Loss: 0.5476 | DDPM Loss: 0.0344
Client 27 (CIFAR10) | Target Loss: 1.1341 | DDPM Loss: 0.0343
Client 28 (CIFAR10) | Target Loss: 0.8284 | DDPM Loss: 0.0356
Client 29 (CIFAR10) | Target Loss: 0.0714 | DDPM Loss: 0.0347
Client 30 (CIFAR10) | Target Loss: 0.8456 | DDPM Loss: 0.0354
Client 31 (CIFAR10) | Target Loss: 1.5022 | DDPM Loss: 0.0338
[Server] Performing Independent Label Mapping (All Different)...

==================================================
Label Mapping Summary:
Global ID = 0  | from: MNIST: '0'
Global ID = 1  | from: MNIST: '1'
Global ID = 2  | from: MNIST: '2'
Global ID = 3  | from: MNIST: '3'
Global ID = 4  | from: MNIST: '4'
Global ID = 5  | from: MNIST: '5'
Global ID = 6  | from: MNIST: '6'
Global ID = 7  | from: MNIST: '7'
Global ID = 8  | from: MNIST: '8'
Global ID = 9  | from: MNIST: '9'
Global ID = 10 | from: EMNIST: '0'
Global ID = 11 | from: EMNIST: '1'
Global ID = 12 | from: EMNIST: '2'
Global ID = 13 | from: EMNIST: '3'
Global ID = 14 | from: EMNIST: '4'
Global ID = 15 | from: EMNIST: '5'
Global ID = 16 | from: EMNIST: '6'
Global ID = 17 | from: EMNIST: '7'
Global ID = 18 | from: EMNIST: '8'
Global ID = 19 | from: EMNIST: '9'
Global ID = 20 | from: EMNIST: 'A'
Global ID = 21 | from: EMNIST: 'B'
Global ID = 22 | from: EMNIST: 'C'
Global ID = 23 | from: EMNIST: 'D'
Global ID = 24 | from: EMNIST: 'E'
Global ID = 25 | from: EMNIST: 'F'
Global ID = 26 | from: EMNIST: 'G'
Global ID = 27 | from: EMNIST: 'H'
Global ID = 28 | from: EMNIST: 'I'
Global ID = 29 | from: EMNIST: 'J'
Global ID = 30 | from: EMNIST: 'K'
Global ID = 31 | from: EMNIST: 'L'
Global ID = 32 | from: EMNIST: 'M'
Global ID = 33 | from: EMNIST: 'N'
Global ID = 34 | from: EMNIST: 'O'
Global ID = 35 | from: EMNIST: 'P'
Global ID = 36 | from: EMNIST: 'Q'
Global ID = 37 | from: EMNIST: 'R'
Global ID = 38 | from: EMNIST: 'S'
Global ID = 39 | from: EMNIST: 'T'
Global ID = 40 | from: EMNIST: 'U'
Global ID = 41 | from: EMNIST: 'V'
Global ID = 42 | from: EMNIST: 'W'
Global ID = 43 | from: EMNIST: 'X'
Global ID = 44 | from: EMNIST: 'Y'
Global ID = 45 | from: EMNIST: 'Z'
Global ID = 46 | from: EMNIST: 'a'
Global ID = 47 | from: EMNIST: 'b'
Global ID = 48 | from: EMNIST: 'c'
Global ID = 49 | from: EMNIST: 'd'
Global ID = 50 | from: EMNIST: 'e'
Global ID = 51 | from: EMNIST: 'f'
Global ID = 52 | from: EMNIST: 'g'
Global ID = 53 | from: EMNIST: 'h'
Global ID = 54 | from: EMNIST: 'i'
Global ID = 55 | from: EMNIST: 'j'
Global ID = 56 | from: EMNIST: 'k'
Global ID = 57 | from: EMNIST: 'l'
Global ID = 58 | from: EMNIST: 'm'
Global ID = 59 | from: EMNIST: 'n'
Global ID = 60 | from: EMNIST: 'o'
Global ID = 61 | from: EMNIST: 'p'
Global ID = 62 | from: EMNIST: 'q'
Global ID = 63 | from: EMNIST: 'r'
Global ID = 64 | from: EMNIST: 's'
Global ID = 65 | from: EMNIST: 't'
Global ID = 66 | from: EMNIST: 'u'
Global ID = 67 | from: EMNIST: 'v'
Global ID = 68 | from: EMNIST: 'w'
Global ID = 69 | from: EMNIST: 'x'
Global ID = 70 | from: EMNIST: 'y'
Global ID = 71 | from: EMNIST: 'z'
Global ID = 72 | from: CIFAR10: 'airplane'
Global ID = 73 | from: CIFAR10: 'automobile'
Global ID = 74 | from: CIFAR10: 'bird'
Global ID = 75 | from: CIFAR10: 'cat'
Global ID = 76 | from: CIFAR10: 'deer'
Global ID = 77 | from: CIFAR10: 'dog'
Global ID = 78 | from: CIFAR10: 'frog'
Global ID = 79 | from: CIFAR10: 'horse'
Global ID = 80 | from: CIFAR10: 'ship'
Global ID = 81 | from: CIFAR10: 'truck'
==================================================

Initializing Global Inference Model with 82 classes...
Epoch 0 Loss: 3.7068
Epoch 1 Loss: 2.9033
Epoch 2 Loss: 2.5763
Epoch 3 Loss: 2.3648
Epoch 4 Loss: 2.2038
[Server] Global Inference Model Acc (MNIST) (Round 25): 0.08% (Tested on 9095 samples)
[Server] Global Inference Model Acc (EMNIST) (Round 25): 0.01% (Tested on 105779 samples)
[Server] Global Inference Model Acc (CIFAR10) (Round 25): 2.75% (Tested on 9100 samples)
[Server] Global Inference Model Acc (Mix) (Round 25): 0.21% (Tested on 123974 samples)
Selected client ids: [0, 1, 2, 3, 4, 5, 6, 7, 8, 9, 10, 11, 12, 13, 14, 15, 16, 17, 18, 19, 20, 21, 22, 23, 24, 25, 26, 27, 28, 29]
--- Round 26 ---
Client 0 (MNIST) | Target Loss: 0.0000 | DDPM Loss: 0.0092
Client 1 (MNIST) | Target Loss: 0.0000 | DDPM Loss: 0.0091
Client 2 (MNIST) | Target Loss: 0.0000 | DDPM Loss: 0.0090
Client 3 (MNIST) | Target Loss: 0.0000 | DDPM Loss: 0.0090
Client 4 (MNIST) | Target Loss: 0.0000 | DDPM Loss: 0.0088
Client 5 (MNIST) | Target Loss: 0.0000 | DDPM Loss: 0.0088
Client 6 (MNIST) | Target Loss: 0.0000 | DDPM Loss: 0.0087
Client 7 (MNIST) | Target Loss: 0.0000 | DDPM Loss: 0.0088
Client 8 (MNIST) | Target Loss: 0.0000 | DDPM Loss: 0.0116
Client 9 (MNIST) | Target Loss: 0.0000 | DDPM Loss: 0.0091
Client 11 (EMNIST) | Target Loss: 0.0000 | DDPM Loss: 0.0073
Client 12 (EMNIST) | Target Loss: 0.0000 | DDPM Loss: 0.0072
Client 13 (EMNIST) | Target Loss: 0.0000 | DDPM Loss: 0.0073
Client 14 (EMNIST) | Target Loss: 0.0000 | DDPM Loss: 0.0072
Client 15 (EMNIST) | Target Loss: 0.0000 | DDPM Loss: 0.0072
Client 16 (EMNIST) | Target Loss: 0.0000 | DDPM Loss: 0.0072
Client 17 (EMNIST) | Target Loss: 0.0000 | DDPM Loss: 0.0073
Client 18 (EMNIST) | Target Loss: 0.0000 | DDPM Loss: 0.0072
Client 19 (EMNIST) | Target Loss: 0.0000 | DDPM Loss: 0.0073
Client 20 (EMNIST) | Target Loss: 0.0000 | DDPM Loss: 0.0073
Client 22 (CIFAR10) | Target Loss: 0.0000 | DDPM Loss: 0.0354
Client 23 (CIFAR10) | Target Loss: 0.0000 | DDPM Loss: 0.0354
Client 24 (CIFAR10) | Target Loss: 0.0000 | DDPM Loss: 0.0342
Client 25 (CIFAR10) | Target Loss: 0.0000 | DDPM Loss: 0.0342
Client 26 (CIFAR10) | Target Loss: 0.0000 | DDPM Loss: 0.0333
Client 27 (CIFAR10) | Target Loss: 0.0000 | DDPM Loss: 0.0347
Client 28 (CIFAR10) | Target Loss: 0.0000 | DDPM Loss: 0.0342
Client 29 (CIFAR10) | Target Loss: 0.0000 | DDPM Loss: 0.0350
Client 30 (CIFAR10) | Target Loss: 0.0000 | DDPM Loss: 0.0341
Client 31 (CIFAR10) | Target Loss: 0.0000 | DDPM Loss: 0.0358
Epoch 0 Loss: 2.3515
Epoch 1 Loss: 2.0783
Epoch 2 Loss: 1.9422
Epoch 3 Loss: 1.8004
Epoch 4 Loss: 1.6412
[Server] Global Inference Model Acc (MNIST) (Round 26): 0.03% (Tested on 9095 samples)
[Server] Global Inference Model Acc (EMNIST) (Round 26): 0.00% (Tested on 105779 samples)
[Server] Global Inference Model Acc (CIFAR10) (Round 26): 4.19% (Tested on 9100 samples)
[Server] Global Inference Model Acc (Mix) (Round 26): 0.31% (Tested on 123974 samples)
Selected client ids: [0, 1, 2, 3, 4, 5, 6, 7, 8, 9, 10, 11, 12, 13, 14, 15, 16, 17, 18, 19, 20, 21, 22, 23, 24, 25, 26, 27, 28, 29]
--- Round 27 ---
Client 0 (MNIST) | Target Loss: 0.0000 | DDPM Loss: 0.0092
Client 1 (MNIST) | Target Loss: 0.0000 | DDPM Loss: 0.0090
Client 2 (MNIST) | Target Loss: 0.0000 | DDPM Loss: 0.0091
Client 3 (MNIST) | Target Loss: 0.0000 | DDPM Loss: 0.0088
Client 4 (MNIST) | Target Loss: 0.0000 | DDPM Loss: 0.0092
Client 5 (MNIST) | Target Loss: 0.0000 | DDPM Loss: 0.0095
Client 6 (MNIST) | Target Loss: 0.0000 | DDPM Loss: 0.0092
Client 7 (MNIST) | Target Loss: 0.0000 | DDPM Loss: 0.0089
Client 8 (MNIST) | Target Loss: 0.0000 | DDPM Loss: 0.0087
Client 9 (MNIST) | Target Loss: 0.0000 | DDPM Loss: 0.0089
Client 11 (EMNIST) | Target Loss: 0.0000 | DDPM Loss: 0.0072
Client 12 (EMNIST) | Target Loss: 0.0000 | DDPM Loss: 0.0072
Client 13 (EMNIST) | Target Loss: 0.0000 | DDPM Loss: 0.0072
Client 14 (EMNIST) | Target Loss: 0.0000 | DDPM Loss: 0.0072
Client 15 (EMNIST) | Target Loss: 0.0000 | DDPM Loss: 0.0072
Client 16 (EMNIST) | Target Loss: 0.0000 | DDPM Loss: 0.0072
Client 17 (EMNIST) | Target Loss: 0.0000 | DDPM Loss: 0.0073
Client 18 (EMNIST) | Target Loss: 0.0000 | DDPM Loss: 0.0072
Client 19 (EMNIST) | Target Loss: 0.0000 | DDPM Loss: 0.0072
Client 20 (EMNIST) | Target Loss: 0.0000 | DDPM Loss: 0.0073
Client 22 (CIFAR10) | Target Loss: 0.0000 | DDPM Loss: 0.0342
Client 23 (CIFAR10) | Target Loss: 0.0000 | DDPM Loss: 0.0342
Client 24 (CIFAR10) | Target Loss: 0.0000 | DDPM Loss: 0.0349
Client 25 (CIFAR10) | Target Loss: 0.0000 | DDPM Loss: 0.0334
Client 26 (CIFAR10) | Target Loss: 0.0000 | DDPM Loss: 0.0342
Client 27 (CIFAR10) | Target Loss: 0.0000 | DDPM Loss: 0.0338
Client 28 (CIFAR10) | Target Loss: 0.0000 | DDPM Loss: 0.0341
Client 29 (CIFAR10) | Target Loss: 0.0000 | DDPM Loss: 0.0352
Client 30 (CIFAR10) | Target Loss: 0.0000 | DDPM Loss: 0.0346
Client 31 (CIFAR10) | Target Loss: 0.0000 | DDPM Loss: 0.0348
Epoch 0 Loss: 2.1501
Epoch 1 Loss: 1.8630
Epoch 2 Loss: 1.7112
Epoch 3 Loss: 1.5258
Epoch 4 Loss: 1.3930
[Server] Global Inference Model Acc (MNIST) (Round 27): 0.25% (Tested on 9095 samples)
[Server] Global Inference Model Acc (EMNIST) (Round 27): 0.01% (Tested on 105779 samples)
[Server] Global Inference Model Acc (CIFAR10) (Round 27): 2.15% (Tested on 9100 samples)
[Server] Global Inference Model Acc (Mix) (Round 27): 0.18% (Tested on 123974 samples)
Selected client ids: [0, 1, 2, 3, 4, 5, 6, 7, 8, 9, 10, 11, 12, 13, 14, 15, 16, 17, 18, 19, 20, 21, 22, 23, 24, 25, 26, 27, 28, 29]
--- Round 28 ---
Client 0 (MNIST) | Target Loss: 0.0000 | DDPM Loss: 0.0091
Client 1 (MNIST) | Target Loss: 0.0000 | DDPM Loss: 0.0088
Client 2 (MNIST) | Target Loss: 0.0000 | DDPM Loss: 0.0091
Client 3 (MNIST) | Target Loss: 0.0000 | DDPM Loss: 0.0089
Client 4 (MNIST) | Target Loss: 0.0000 | DDPM Loss: 0.0090
Client 5 (MNIST) | Target Loss: 0.0000 | DDPM Loss: 0.0097
Client 6 (MNIST) | Target Loss: 0.0000 | DDPM Loss: 0.0089
Client 7 (MNIST) | Target Loss: 0.0000 | DDPM Loss: 0.0087
Client 8 (MNIST) | Target Loss: 0.0000 | DDPM Loss: 0.0090
Client 9 (MNIST) | Target Loss: 0.0000 | DDPM Loss: 0.0089
Client 11 (EMNIST) | Target Loss: 0.0000 | DDPM Loss: 0.0072
Client 12 (EMNIST) | Target Loss: 0.0000 | DDPM Loss: 0.0072
Client 13 (EMNIST) | Target Loss: 0.0000 | DDPM Loss: 0.0072
Client 14 (EMNIST) | Target Loss: 0.0000 | DDPM Loss: 0.0072
Client 15 (EMNIST) | Target Loss: 0.0000 | DDPM Loss: 0.0072
Client 16 (EMNIST) | Target Loss: 0.0000 | DDPM Loss: 0.0071
Client 17 (EMNIST) | Target Loss: 0.0000 | DDPM Loss: 0.0072
Client 18 (EMNIST) | Target Loss: 0.0000 | DDPM Loss: 0.0072
Client 19 (EMNIST) | Target Loss: 0.0000 | DDPM Loss: 0.0072
Client 20 (EMNIST) | Target Loss: 0.0000 | DDPM Loss: 0.0072
Client 22 (CIFAR10) | Target Loss: 0.0000 | DDPM Loss: 0.0337
Client 23 (CIFAR10) | Target Loss: 0.0000 | DDPM Loss: 0.0351
Client 24 (CIFAR10) | Target Loss: 0.0000 | DDPM Loss: 0.0337
Client 25 (CIFAR10) | Target Loss: 0.0000 | DDPM Loss: 0.0343
Client 26 (CIFAR10) | Target Loss: 0.0000 | DDPM Loss: 0.0339
Client 27 (CIFAR10) | Target Loss: 0.0000 | DDPM Loss: 0.0343
Client 28 (CIFAR10) | Target Loss: 0.0000 | DDPM Loss: 0.0335
Client 29 (CIFAR10) | Target Loss: 0.0000 | DDPM Loss: 0.0347
Client 30 (CIFAR10) | Target Loss: 0.0000 | DDPM Loss: 0.0345
Client 31 (CIFAR10) | Target Loss: 0.0000 | DDPM Loss: 0.0339
Epoch 0 Loss: 2.0145
Epoch 1 Loss: 1.7087
Epoch 2 Loss: 1.5039
Epoch 3 Loss: 1.3386
Epoch 4 Loss: 1.1363
[Server] Global Inference Model Acc (MNIST) (Round 28): 0.01% (Tested on 9095 samples)
[Server] Global Inference Model Acc (EMNIST) (Round 28): 0.00% (Tested on 105779 samples)
[Server] Global Inference Model Acc (CIFAR10) (Round 28): 2.53% (Tested on 9100 samples)
[Server] Global Inference Model Acc (Mix) (Round 28): 0.19% (Tested on 123974 samples)
Selected client ids: [0, 1, 2, 3, 4, 5, 6, 7, 8, 9, 10, 11, 12, 13, 14, 15, 16, 17, 18, 19, 20, 21, 22, 23, 24, 25, 26, 27, 28, 29]
--- Round 29 ---
Client 0 (MNIST) | Target Loss: 0.0000 | DDPM Loss: 0.0086
Client 1 (MNIST) | Target Loss: 0.0000 | DDPM Loss: 0.0086
Client 2 (MNIST) | Target Loss: 0.0000 | DDPM Loss: 0.0089
Client 3 (MNIST) | Target Loss: 0.0000 | DDPM Loss: 0.0089
Client 4 (MNIST) | Target Loss: 0.0000 | DDPM Loss: 0.0089
Client 5 (MNIST) | Target Loss: 0.0000 | DDPM Loss: 0.0086
Client 6 (MNIST) | Target Loss: 0.0000 | DDPM Loss: 0.0086
Client 7 (MNIST) | Target Loss: 0.0000 | DDPM Loss: 0.0087
Client 8 (MNIST) | Target Loss: 0.0000 | DDPM Loss: 0.0099
Client 9 (MNIST) | Target Loss: 0.0000 | DDPM Loss: 0.0090
Client 11 (EMNIST) | Target Loss: 0.0000 | DDPM Loss: 0.0072
Client 12 (EMNIST) | Target Loss: 0.0000 | DDPM Loss: 0.0071
Client 13 (EMNIST) | Target Loss: 0.0000 | DDPM Loss: 0.0072
Client 14 (EMNIST) | Target Loss: 0.0000 | DDPM Loss: 0.0071
Client 15 (EMNIST) | Target Loss: 0.0000 | DDPM Loss: 0.0072
Client 16 (EMNIST) | Target Loss: 0.0000 | DDPM Loss: 0.0071
Client 17 (EMNIST) | Target Loss: 0.0000 | DDPM Loss: 0.0072
Client 18 (EMNIST) | Target Loss: 0.0000 | DDPM Loss: 0.0072
Client 19 (EMNIST) | Target Loss: 0.0000 | DDPM Loss: 0.0072
Client 20 (EMNIST) | Target Loss: 0.0000 | DDPM Loss: 0.0072
Client 22 (CIFAR10) | Target Loss: 0.0000 | DDPM Loss: 0.0342
Client 23 (CIFAR10) | Target Loss: 0.0000 | DDPM Loss: 0.0344
Client 24 (CIFAR10) | Target Loss: 0.0000 | DDPM Loss: 0.0341
Client 25 (CIFAR10) | Target Loss: 0.0000 | DDPM Loss: 0.0342
Client 26 (CIFAR10) | Target Loss: 0.0000 | DDPM Loss: 0.0344
Client 27 (CIFAR10) | Target Loss: 0.0000 | DDPM Loss: 0.0344
Client 28 (CIFAR10) | Target Loss: 0.0000 | DDPM Loss: 0.0339
Client 29 (CIFAR10) | Target Loss: 0.0000 | DDPM Loss: 0.0343
Client 30 (CIFAR10) | Target Loss: 0.0000 | DDPM Loss: 0.0350
Client 31 (CIFAR10) | Target Loss: 0.0000 | DDPM Loss: 0.0337
Epoch 0 Loss: 2.0367
Epoch 1 Loss: 1.6152
Epoch 2 Loss: 1.3997
Epoch 3 Loss: 1.2018
Epoch 4 Loss: 0.9941
[Server] Global Inference Model Acc (MNIST) (Round 29): 0.01% (Tested on 9095 samples)
[Server] Global Inference Model Acc (EMNIST) (Round 29): 0.00% (Tested on 105779 samples)
[Server] Global Inference Model Acc (CIFAR10) (Round 29): 1.35% (Tested on 9100 samples)
[Server] Global Inference Model Acc (Mix) (Round 29): 0.10% (Tested on 123974 samples)
Selected client ids: [0, 1, 2, 3, 4, 5, 6, 7, 8, 9, 10, 11, 12, 13, 14, 15, 16, 17, 18, 19, 20, 21, 22, 23, 24, 25, 26, 27, 28, 29]
--- Round 30 ---
Client 0 (MNIST) | Target Loss: 0.0000 | DDPM Loss: 0.0088
Client 1 (MNIST) | Target Loss: 0.0000 | DDPM Loss: 0.0086
Client 2 (MNIST) | Target Loss: 0.0000 | DDPM Loss: 0.0086
Client 3 (MNIST) | Target Loss: 0.0000 | DDPM Loss: 0.0089
Client 4 (MNIST) | Target Loss: 0.0000 | DDPM Loss: 0.0086
Client 5 (MNIST) | Target Loss: 0.0000 | DDPM Loss: 0.0086
Client 6 (MNIST) | Target Loss: 0.0000 | DDPM Loss: 0.0086
Client 7 (MNIST) | Target Loss: 0.0000 | DDPM Loss: 0.0088
Client 8 (MNIST) | Target Loss: 0.0000 | DDPM Loss: 0.0084
Client 9 (MNIST) | Target Loss: 0.0000 | DDPM Loss: 0.0088
Client 11 (EMNIST) | Target Loss: 0.0000 | DDPM Loss: 0.0072
Client 12 (EMNIST) | Target Loss: 0.0000 | DDPM Loss: 0.0071
Client 13 (EMNIST) | Target Loss: 0.0000 | DDPM Loss: 0.0072
Client 14 (EMNIST) | Target Loss: 0.0000 | DDPM Loss: 0.0071
Client 15 (EMNIST) | Target Loss: 0.0000 | DDPM Loss: 0.0071
Client 16 (EMNIST) | Target Loss: 0.0000 | DDPM Loss: 0.0071
Client 17 (EMNIST) | Target Loss: 0.0000 | DDPM Loss: 0.0071
Client 18 (EMNIST) | Target Loss: 0.0000 | DDPM Loss: 0.0071
Client 19 (EMNIST) | Target Loss: 0.0000 | DDPM Loss: 0.0071
Client 20 (EMNIST) | Target Loss: 0.0000 | DDPM Loss: 0.0072
Client 22 (CIFAR10) | Target Loss: 0.0000 | DDPM Loss: 0.0342
Client 23 (CIFAR10) | Target Loss: 0.0000 | DDPM Loss: 0.0342
Client 24 (CIFAR10) | Target Loss: 0.0000 | DDPM Loss: 0.0343
Client 25 (CIFAR10) | Target Loss: 0.0000 | DDPM Loss: 0.0342
Client 26 (CIFAR10) | Target Loss: 0.0000 | DDPM Loss: 0.0342
Client 27 (CIFAR10) | Target Loss: 0.0000 | DDPM Loss: 0.0340
Client 28 (CIFAR10) | Target Loss: 0.0000 | DDPM Loss: 0.0348
Client 29 (CIFAR10) | Target Loss: 0.0000 | DDPM Loss: 0.0349
Client 30 (CIFAR10) | Target Loss: 0.0000 | DDPM Loss: 0.0342
Client 31 (CIFAR10) | Target Loss: 0.0000 | DDPM Loss: 0.0341
Epoch 0 Loss: 2.0401
Epoch 1 Loss: 1.5582
Epoch 2 Loss: 1.3348
Epoch 3 Loss: 1.1018
Epoch 4 Loss: 0.8655
[Server] Global Inference Model Acc (MNIST) (Round 30): 0.00% (Tested on 9095 samples)
[Server] Global Inference Model Acc (EMNIST) (Round 30): 0.00% (Tested on 105779 samples)
[Server] Global Inference Model Acc (CIFAR10) (Round 30): 2.53% (Tested on 9100 samples)
[Server] Global Inference Model Acc (Mix) (Round 30): 0.19% (Tested on 123974 samples)
Selected client ids: [0, 1, 2, 3, 4, 5, 6, 7, 8, 9, 10, 11, 12, 13, 14, 15, 16, 17, 18, 19, 20, 21, 22, 23, 24, 25, 26, 27, 28, 29]
--- Round 31 ---
Client 0 (MNIST) | Target Loss: 0.0000 | DDPM Loss: 0.0090
Client 1 (MNIST) | Target Loss: 0.0000 | DDPM Loss: 0.0085
Client 2 (MNIST) | Target Loss: 0.0000 | DDPM Loss: 0.0088
Client 3 (MNIST) | Target Loss: 0.0000 | DDPM Loss: 0.0089
Client 4 (MNIST) | Target Loss: 0.0000 | DDPM Loss: 0.0086
Client 5 (MNIST) | Target Loss: 0.0000 | DDPM Loss: 0.0110
Client 6 (MNIST) | Target Loss: 0.0000 | DDPM Loss: 0.0088
Client 7 (MNIST) | Target Loss: 0.0000 | DDPM Loss: 0.0088
Client 8 (MNIST) | Target Loss: 0.0000 | DDPM Loss: 0.0087
Client 9 (MNIST) | Target Loss: 0.0000 | DDPM Loss: 0.0087
Client 11 (EMNIST) | Target Loss: 0.0000 | DDPM Loss: 0.0071
Client 12 (EMNIST) | Target Loss: 0.0000 | DDPM Loss: 0.0071
Client 13 (EMNIST) | Target Loss: 0.0000 | DDPM Loss: 0.0071
Client 14 (EMNIST) | Target Loss: 0.0000 | DDPM Loss: 0.0071
Client 15 (EMNIST) | Target Loss: 0.0000 | DDPM Loss: 0.0071
Client 16 (EMNIST) | Target Loss: 0.0000 | DDPM Loss: 0.0072
Client 17 (EMNIST) | Target Loss: 0.0000 | DDPM Loss: 0.0072
Client 18 (EMNIST) | Target Loss: 0.0000 | DDPM Loss: 0.0071
Client 19 (EMNIST) | Target Loss: 0.0000 | DDPM Loss: 0.0071
Client 20 (EMNIST) | Target Loss: 0.0000 | DDPM Loss: 0.0071
Client 22 (CIFAR10) | Target Loss: 0.0000 | DDPM Loss: 0.0337
Client 23 (CIFAR10) | Target Loss: 0.0000 | DDPM Loss: 0.0343
Client 24 (CIFAR10) | Target Loss: 0.0000 | DDPM Loss: 0.0338
Client 25 (CIFAR10) | Target Loss: 0.0000 | DDPM Loss: 0.0340
Client 26 (CIFAR10) | Target Loss: 0.0000 | DDPM Loss: 0.0341
Client 27 (CIFAR10) | Target Loss: 0.0000 | DDPM Loss: 0.0342
Client 28 (CIFAR10) | Target Loss: 0.0000 | DDPM Loss: 0.0340
Client 29 (CIFAR10) | Target Loss: 0.0000 | DDPM Loss: 0.0346
Client 30 (CIFAR10) | Target Loss: 0.0000 | DDPM Loss: 0.0340
Client 31 (CIFAR10) | Target Loss: 0.0000 | DDPM Loss: 0.0338
Epoch 0 Loss: 2.0608
Epoch 1 Loss: 1.5312
Epoch 2 Loss: 1.2711
Epoch 3 Loss: 1.0112
Epoch 4 Loss: 0.7470
[Server] Global Inference Model Acc (MNIST) (Round 31): 0.03% (Tested on 9095 samples)
[Server] Global Inference Model Acc (EMNIST) (Round 31): 0.00% (Tested on 105779 samples)
[Server] Global Inference Model Acc (CIFAR10) (Round 31): 1.51% (Tested on 9100 samples)
[Server] Global Inference Model Acc (Mix) (Round 31): 0.12% (Tested on 123974 samples)
Selected client ids: [0, 1, 2, 3, 4, 5, 6, 7, 8, 9, 10, 11, 12, 13, 14, 15, 16, 17, 18, 19, 20, 21, 22, 23, 24, 25, 26, 27, 28, 29]
--- Round 32 ---
Client 0 (MNIST) | Target Loss: 0.0000 | DDPM Loss: 0.0089
Client 1 (MNIST) | Target Loss: 0.0000 | DDPM Loss: 0.0087
Client 2 (MNIST) | Target Loss: 0.0000 | DDPM Loss: 0.0087
Client 3 (MNIST) | Target Loss: 0.0000 | DDPM Loss: 0.0097
Client 4 (MNIST) | Target Loss: 0.0000 | DDPM Loss: 0.0087
Client 5 (MNIST) | Target Loss: 0.0000 | DDPM Loss: 0.0084
Client 6 (MNIST) | Target Loss: 0.0000 | DDPM Loss: 0.0086
Client 7 (MNIST) | Target Loss: 0.0000 | DDPM Loss: 0.0086
Client 8 (MNIST) | Target Loss: 0.0000 | DDPM Loss: 0.0089
Client 9 (MNIST) | Target Loss: 0.0000 | DDPM Loss: 0.0086
Client 11 (EMNIST) | Target Loss: 0.0000 | DDPM Loss: 0.0071
Client 12 (EMNIST) | Target Loss: 0.0000 | DDPM Loss: 0.0070
Client 13 (EMNIST) | Target Loss: 0.0000 | DDPM Loss: 0.0071
Client 14 (EMNIST) | Target Loss: 0.0000 | DDPM Loss: 0.0071
Client 15 (EMNIST) | Target Loss: 0.0000 | DDPM Loss: 0.0071
Client 16 (EMNIST) | Target Loss: 0.0000 | DDPM Loss: 0.0070
Client 17 (EMNIST) | Target Loss: 0.0000 | DDPM Loss: 0.0071
Client 18 (EMNIST) | Target Loss: 0.0000 | DDPM Loss: 0.0071
Client 19 (EMNIST) | Target Loss: 0.0000 | DDPM Loss: 0.0071
Client 20 (EMNIST) | Target Loss: 0.0000 | DDPM Loss: 0.0071
Client 22 (CIFAR10) | Target Loss: 0.0000 | DDPM Loss: 0.0343
Client 23 (CIFAR10) | Target Loss: 0.0000 | DDPM Loss: 0.0347
Client 24 (CIFAR10) | Target Loss: 0.0000 | DDPM Loss: 0.0348
Client 25 (CIFAR10) | Target Loss: 0.0000 | DDPM Loss: 0.0343
Client 26 (CIFAR10) | Target Loss: 0.0000 | DDPM Loss: 0.0335
Client 27 (CIFAR10) | Target Loss: 0.0000 | DDPM Loss: 0.0330
Client 28 (CIFAR10) | Target Loss: 0.0000 | DDPM Loss: 0.0333
Client 29 (CIFAR10) | Target Loss: 0.0000 | DDPM Loss: 0.0348
Client 30 (CIFAR10) | Target Loss: 0.0000 | DDPM Loss: 0.0343
Client 31 (CIFAR10) | Target Loss: 0.0000 | DDPM Loss: 0.0344
Epoch 0 Loss: 2.1169
Epoch 1 Loss: 1.5230
Epoch 2 Loss: 1.2099
Epoch 3 Loss: 0.9034
Epoch 4 Loss: 0.6593
[Server] Global Inference Model Acc (MNIST) (Round 32): 0.01% (Tested on 9095 samples)
[Server] Global Inference Model Acc (EMNIST) (Round 32): 0.00% (Tested on 105779 samples)
[Server] Global Inference Model Acc (CIFAR10) (Round 32): 1.30% (Tested on 9100 samples)
[Server] Global Inference Model Acc (Mix) (Round 32): 0.10% (Tested on 123974 samples)
Selected client ids: [0, 1, 2, 3, 4, 5, 6, 7, 8, 9, 10, 11, 12, 13, 14, 15, 16, 17, 18, 19, 20, 21, 22, 23, 24, 25, 26, 27, 28, 29]
--- Round 33 ---
Client 0 (MNIST) | Target Loss: 0.0000 | DDPM Loss: 0.0086
Client 1 (MNIST) | Target Loss: 0.0000 | DDPM Loss: 0.0085
Client 2 (MNIST) | Target Loss: 0.0000 | DDPM Loss: 0.0087
Client 3 (MNIST) | Target Loss: 0.0000 | DDPM Loss: 0.0085
Client 4 (MNIST) | Target Loss: 0.0000 | DDPM Loss: 0.0086
Client 5 (MNIST) | Target Loss: 0.0000 | DDPM Loss: 0.0081
Client 6 (MNIST) | Target Loss: 0.0000 | DDPM Loss: 0.0084
Client 7 (MNIST) | Target Loss: 0.0000 | DDPM Loss: 0.0085
Client 8 (MNIST) | Target Loss: 0.0000 | DDPM Loss: 0.0091
Client 9 (MNIST) | Target Loss: 0.0000 | DDPM Loss: 0.0086
Client 11 (EMNIST) | Target Loss: 0.0000 | DDPM Loss: 0.0071
Client 12 (EMNIST) | Target Loss: 0.0000 | DDPM Loss: 0.0071
Client 13 (EMNIST) | Target Loss: 0.0000 | DDPM Loss: 0.0071
Client 14 (EMNIST) | Target Loss: 0.0000 | DDPM Loss: 0.0071
Client 15 (EMNIST) | Target Loss: 0.0000 | DDPM Loss: 0.0070
Client 16 (EMNIST) | Target Loss: 0.0000 | DDPM Loss: 0.0070
Client 17 (EMNIST) | Target Loss: 0.0000 | DDPM Loss: 0.0071
Client 18 (EMNIST) | Target Loss: 0.0000 | DDPM Loss: 0.0070
Client 19 (EMNIST) | Target Loss: 0.0000 | DDPM Loss: 0.0071
Client 20 (EMNIST) | Target Loss: 0.0000 | DDPM Loss: 0.0071
Client 22 (CIFAR10) | Target Loss: 0.0000 | DDPM Loss: 0.0341
Client 23 (CIFAR10) | Target Loss: 0.0000 | DDPM Loss: 0.0338
Client 24 (CIFAR10) | Target Loss: 0.0000 | DDPM Loss: 0.0338
Client 25 (CIFAR10) | Target Loss: 0.0000 | DDPM Loss: 0.0340
Client 26 (CIFAR10) | Target Loss: 0.0000 | DDPM Loss: 0.0339
Client 27 (CIFAR10) | Target Loss: 0.0000 | DDPM Loss: 0.0338
Client 28 (CIFAR10) | Target Loss: 0.0000 | DDPM Loss: 0.0340
Client 29 (CIFAR10) | Target Loss: 0.0000 | DDPM Loss: 0.0340
Client 30 (CIFAR10) | Target Loss: 0.0000 | DDPM Loss: 0.0332
Client 31 (CIFAR10) | Target Loss: 0.0000 | DDPM Loss: 0.0343
Epoch 0 Loss: 2.0955
Epoch 1 Loss: 1.4541
Epoch 2 Loss: 1.1619
Epoch 3 Loss: 0.8341
Epoch 4 Loss: 0.5926
[Server] Global Inference Model Acc (MNIST) (Round 33): 0.01% (Tested on 9095 samples)
[Server] Global Inference Model Acc (EMNIST) (Round 33): 0.00% (Tested on 105779 samples)
[Server] Global Inference Model Acc (CIFAR10) (Round 33): 1.73% (Tested on 9100 samples)
[Server] Global Inference Model Acc (Mix) (Round 33): 0.13% (Tested on 123974 samples)
Selected client ids: [0, 1, 2, 3, 4, 5, 6, 7, 8, 9, 10, 11, 12, 13, 14, 15, 16, 17, 18, 19, 20, 21, 22, 23, 24, 25, 26, 27, 28, 29]
--- Round 34 ---
Client 0 (MNIST) | Target Loss: 0.0000 | DDPM Loss: 0.0085
Client 1 (MNIST) | Target Loss: 0.0000 | DDPM Loss: 0.0084
Client 2 (MNIST) | Target Loss: 0.0000 | DDPM Loss: 0.0086
Client 3 (MNIST) | Target Loss: 0.0000 | DDPM Loss: 0.0087
Client 4 (MNIST) | Target Loss: 0.0000 | DDPM Loss: 0.0085
Client 5 (MNIST) | Target Loss: 0.0000 | DDPM Loss: 0.0086
Client 6 (MNIST) | Target Loss: 0.0000 | DDPM Loss: 0.0084
Client 7 (MNIST) | Target Loss: 0.0000 | DDPM Loss: 0.0085
Client 8 (MNIST) | Target Loss: 0.0000 | DDPM Loss: 0.0085
Client 9 (MNIST) | Target Loss: 0.0000 | DDPM Loss: 0.0085
Client 11 (EMNIST) | Target Loss: 0.0000 | DDPM Loss: 0.0071
