
##################################################
Entropy Ratio = 0.1
##################################################

==================================================
Label Mapping Summary:
Global ID = 0  | from: Cluster_0: '2', Cluster_5: '2', Cluster_7: '2'
Global ID = 1  | from: Cluster_1: '5', Cluster_4: '5', Cluster_8: '5'
Global ID = 3  | from: Cluster_10: '1', Cluster_11: '1', Cluster_2: '3', Cluster_3: '1', Cluster_4: '3', Cluster_6: '5', Cluster_7: '1', Cluster_9: '3'
Global ID = 4  | from: Cluster_1: '6', Cluster_11: '6', Cluster_2: '6', Cluster_3: '6', Cluster_4: '6', Cluster_7: '6', Cluster_8: '6', Cluster_9: '6'
Global ID = 5  | from: Cluster_10: '4', Cluster_11: '4', Cluster_2: '4', Cluster_4: '4', Cluster_5: '9', Cluster_6: '4', Cluster_7: '4'
Global ID = 6  | from: Cluster_2: '7', Cluster_6: '7', Cluster_7: '7', Cluster_8: '9'
Global ID = 7  | from: Cluster_10: '0', Cluster_11: 'D', Cluster_7: '0', Cluster_9: 'O'
Global ID = 8  | from: Cluster_10: 'S', Cluster_9: '5'
Global ID = 9  | from: Cluster_10: 'q', Cluster_11: 'g', Cluster_9: '9'
Global ID = 10 | from: Cluster_10: 'p', Cluster_9: 'P'
Global ID = 11 | from: Cluster_10: 'R', Cluster_9: 'R'
Global ID = 12 | from: Cluster_10: '2', Cluster_11: 'Z', Cluster_9: 'Z'
Global ID = 13 | from: Cluster_10: 'k', Cluster_11: 'k', Cluster_9: 'K'
Global ID = 14 | from: Cluster_10: 'C', Cluster_11: 'c', Cluster_9: 'c'
Global ID = 15 | from: Cluster_10: 'M', Cluster_11: 'M', Cluster_9: 'm'
Global ID = 16 | from: Cluster_10: 'W', Cluster_11: 'w'
Global ID = 17 | from: Cluster_10: 'X', Cluster_11: 'x'
Global ID = 18 | from: Cluster_10: 'h', Cluster_11: 'h'
Global ID = 19 | from: Cluster_2: '9'
Global ID = 20 | from: Cluster_4: '8'
Global ID = 21 | from: Cluster_5: '1'
Global ID = 22 | from: Cluster_9: '1'
Global ID = 23 | from: Cluster_9: '2'
Global ID = 24 | from: Cluster_9: '7'
Global ID = 25 | from: Cluster_9: 'A'
Global ID = 26 | from: Cluster_9: 'B'
Global ID = 27 | from: Cluster_9: 'C'
Global ID = 28 | from: Cluster_9: 'D'
Global ID = 29 | from: Cluster_9: 'E'
Global ID = 30 | from: Cluster_9: 'G'
Global ID = 31 | from: Cluster_9: 'I'
Global ID = 32 | from: Cluster_9: 'J'
Global ID = 33 | from: Cluster_9: 'L'
Global ID = 34 | from: Cluster_9: 'M'
Global ID = 35 | from: Cluster_9: 'N'
Global ID = 36 | from: Cluster_9: 'Q'
Global ID = 37 | from: Cluster_9: 'S'
Global ID = 38 | from: Cluster_9: 'T'
Global ID = 39 | from: Cluster_9: 'U'
Global ID = 40 | from: Cluster_9: 'X'
Global ID = 41 | from: Cluster_9: 'Y'
Global ID = 42 | from: Cluster_9: 'b'
Global ID = 43 | from: Cluster_9: 'd'
Global ID = 44 | from: Cluster_9: 'i'
Global ID = 45 | from: Cluster_9: 'j'
Global ID = 46 | from: Cluster_9: 'k'
Global ID = 47 | from: Cluster_9: 'l'
Global ID = 48 | from: Cluster_9: 'n'
Global ID = 49 | from: Cluster_9: 'q'
Global ID = 50 | from: Cluster_9: 't'
Global ID = 51 | from: Cluster_9: 'u'
Global ID = 52 | from: Cluster_9: 'w'
Global ID = 53 | from: Cluster_9: 'x'
Global ID = 54 | from: Cluster_9: 'y'
Global ID = 55 | from: Cluster_9: 'z'
Global ID = 56 | from: Cluster_10: '5'
Global ID = 57 | from: Cluster_10: '6'
Global ID = 58 | from: Cluster_10: '7'
Global ID = 59 | from: Cluster_10: '8'
Global ID = 60 | from: Cluster_10: '9'
Global ID = 61 | from: Cluster_10: 'A'
Global ID = 62 | from: Cluster_10: 'B'
Global ID = 63 | from: Cluster_10: 'D'
Global ID = 64 | from: Cluster_10: 'E'
Global ID = 65 | from: Cluster_10: 'F'
Global ID = 66 | from: Cluster_10: 'H'
Global ID = 67 | from: Cluster_10: 'J'
Global ID = 68 | from: Cluster_10: 'K'
Global ID = 69 | from: Cluster_10: 'L'
Global ID = 70 | from: Cluster_10: 'O'
Global ID = 71 | from: Cluster_10: 'Q'
Global ID = 72 | from: Cluster_10: 'T'
Global ID = 73 | from: Cluster_10: 'U'
Global ID = 74 | from: Cluster_10: 'V'
Global ID = 75 | from: Cluster_10: 'Z'
Global ID = 76 | from: Cluster_10: 'a'
Global ID = 77 | from: Cluster_10: 'b'
Global ID = 78 | from: Cluster_10: 'c'
Global ID = 79 | from: Cluster_10: 'd'
Global ID = 80 | from: Cluster_10: 'e'
Global ID = 81 | from: Cluster_10: 'f'
Global ID = 82 | from: Cluster_10: 'g'
Global ID = 83 | from: Cluster_10: 'i'
Global ID = 84 | from: Cluster_10: 'j'
Global ID = 85 | from: Cluster_10: 'l'
Global ID = 86 | from: Cluster_10: 'm'
Global ID = 87 | from: Cluster_10: 'n'
Global ID = 88 | from: Cluster_10: 'o'
Global ID = 89 | from: Cluster_10: 'r'
Global ID = 90 | from: Cluster_10: 's'
Global ID = 91 | from: Cluster_10: 't'
Global ID = 92 | from: Cluster_10: 'u'
Global ID = 93 | from: Cluster_10: 'v'
Global ID = 94 | from: Cluster_10: 'w'
Global ID = 95 | from: Cluster_10: 'x'
Global ID = 96 | from: Cluster_10: 'y'
Global ID = 97 | from: Cluster_10: 'z'
Global ID = 98 | from: Cluster_11: 'H'
Global ID = 99 | from: Cluster_11: 'J'
Global ID = 100 | from: Cluster_11: 'N'
Global ID = 101 | from: Cluster_11: 'b'
Global ID = 102 | from: Cluster_12: 'airplane'
Global ID = 103 | from: Cluster_12: 'automobile'
Global ID = 104 | from: Cluster_12: 'bird'
Global ID = 105 | from: Cluster_12: 'cat'
Global ID = 106 | from: Cluster_12: 'deer'
Global ID = 107 | from: Cluster_12: 'dog'
Global ID = 108 | from: Cluster_12: 'frog'
Global ID = 109 | from: Cluster_12: 'horse'
Global ID = 110 | from: Cluster_12: 'ship'
Global ID = 111 | from: Cluster_12: 'truck'
==================================================


##################################################
Entropy Ratio = 0.15
##################################################

==================================================
Label Mapping Summary:
Global ID = 0  | from: Cluster_0: '2', Cluster_10: '1', Cluster_11: '1', Cluster_2: '3', Cluster_3: '1', Cluster_4: '3', Cluster_5: '2', Cluster_7: '2', Cluster_9: '3'
Global ID = 1  | from: Cluster_1: '5', Cluster_4: '5', Cluster_6: '5', Cluster_8: '5'
Global ID = 3  | from: Cluster_1: '6', Cluster_11: '6', Cluster_2: '6', Cluster_3: '6', Cluster_4: '6', Cluster_7: '6', Cluster_8: '6', Cluster_9: '6'
Global ID = 4  | from: Cluster_10: '4', Cluster_11: '4', Cluster_2: '4', Cluster_4: '4', Cluster_5: '9', Cluster_6: '4', Cluster_7: '4'
Global ID = 6  | from: Cluster_10: '0', Cluster_11: 'D', Cluster_7: '0', Cluster_9: 'O'
Global ID = 7  | from: Cluster_10: 'q', Cluster_11: 'g', Cluster_2: '7', Cluster_6: '7', Cluster_7: '7', Cluster_8: '9', Cluster_9: '9'
Global ID = 8  | from: Cluster_10: 'p', Cluster_9: 'P'
Global ID = 9  | from: Cluster_10: 'R', Cluster_9: 'R'
Global ID = 10 | from: Cluster_10: '2', Cluster_11: 'Z', Cluster_9: 'Z'
Global ID = 11 | from: Cluster_10: 'j', Cluster_11: 'J', Cluster_9: 'J'
Global ID = 12 | from: Cluster_10: 'k', Cluster_11: 'k', Cluster_9: 'K'
Global ID = 13 | from: Cluster_11: 'N', Cluster_9: 'N'
Global ID = 14 | from: Cluster_10: 'C', Cluster_11: 'c', Cluster_9: 'c'
Global ID = 15 | from: Cluster_10: 'M', Cluster_11: 'M', Cluster_9: 'm'
Global ID = 16 | from: Cluster_10: 'W', Cluster_11: 'w', Cluster_9: 'w'
Global ID = 17 | from: Cluster_10: 'H', Cluster_11: 'H'
Global ID = 18 | from: Cluster_10: 'X', Cluster_11: 'x'
Global ID = 19 | from: Cluster_10: 'h', Cluster_11: 'h'
Global ID = 20 | from: Cluster_2: '9'
Global ID = 21 | from: Cluster_4: '8'
Global ID = 22 | from: Cluster_5: '1'
Global ID = 23 | from: Cluster_7: '1'
Global ID = 24 | from: Cluster_9: '1'
Global ID = 25 | from: Cluster_9: '2'
Global ID = 26 | from: Cluster_9: '5'
Global ID = 27 | from: Cluster_9: '7'
Global ID = 28 | from: Cluster_9: 'A'
Global ID = 29 | from: Cluster_9: 'B'
Global ID = 30 | from: Cluster_9: 'C'
Global ID = 31 | from: Cluster_9: 'D'
Global ID = 32 | from: Cluster_9: 'E'
Global ID = 33 | from: Cluster_9: 'G'
Global ID = 34 | from: Cluster_9: 'I'
Global ID = 35 | from: Cluster_9: 'L'
Global ID = 36 | from: Cluster_9: 'M'
Global ID = 37 | from: Cluster_9: 'Q'
Global ID = 38 | from: Cluster_9: 'S'
Global ID = 39 | from: Cluster_9: 'T'
Global ID = 40 | from: Cluster_9: 'U'
Global ID = 41 | from: Cluster_9: 'X'
Global ID = 42 | from: Cluster_9: 'Y'
Global ID = 43 | from: Cluster_9: 'b'
Global ID = 44 | from: Cluster_9: 'd'
Global ID = 45 | from: Cluster_9: 'i'
Global ID = 46 | from: Cluster_9: 'j'
Global ID = 47 | from: Cluster_9: 'k'
Global ID = 48 | from: Cluster_9: 'l'
Global ID = 49 | from: Cluster_9: 'n'
Global ID = 50 | from: Cluster_9: 'q'
Global ID = 51 | from: Cluster_9: 't'
Global ID = 52 | from: Cluster_9: 'u'
Global ID = 53 | from: Cluster_9: 'x'
Global ID = 54 | from: Cluster_9: 'y'
Global ID = 55 | from: Cluster_9: 'z'
Global ID = 56 | from: Cluster_10: '5'
Global ID = 57 | from: Cluster_10: '6'
Global ID = 58 | from: Cluster_10: '7'
Global ID = 59 | from: Cluster_10: '8'
Global ID = 60 | from: Cluster_10: '9'
Global ID = 61 | from: Cluster_10: 'A'
Global ID = 62 | from: Cluster_10: 'B'
Global ID = 63 | from: Cluster_10: 'D'
Global ID = 64 | from: Cluster_10: 'E'
Global ID = 65 | from: Cluster_10: 'F'
Global ID = 66 | from: Cluster_10: 'J'
Global ID = 67 | from: Cluster_10: 'K'
Global ID = 68 | from: Cluster_10: 'L'
Global ID = 69 | from: Cluster_10: 'O'
Global ID = 70 | from: Cluster_10: 'Q'
Global ID = 71 | from: Cluster_10: 'S'
Global ID = 72 | from: Cluster_10: 'T'
Global ID = 73 | from: Cluster_10: 'U'
Global ID = 74 | from: Cluster_10: 'V'
Global ID = 75 | from: Cluster_10: 'Z'
Global ID = 76 | from: Cluster_10: 'a'
Global ID = 77 | from: Cluster_10: 'b'
Global ID = 78 | from: Cluster_10: 'c'
Global ID = 79 | from: Cluster_10: 'd'
Global ID = 80 | from: Cluster_10: 'e'
Global ID = 81 | from: Cluster_10: 'f'
Global ID = 82 | from: Cluster_10: 'g'
Global ID = 83 | from: Cluster_10: 'i'
Global ID = 84 | from: Cluster_10: 'l'
Global ID = 85 | from: Cluster_10: 'm'
Global ID = 86 | from: Cluster_10: 'n'
Global ID = 87 | from: Cluster_10: 'o'
Global ID = 88 | from: Cluster_10: 'r'
Global ID = 89 | from: Cluster_10: 's'
Global ID = 90 | from: Cluster_10: 't'
Global ID = 91 | from: Cluster_10: 'u'
Global ID = 92 | from: Cluster_10: 'v'
Global ID = 93 | from: Cluster_10: 'w'
Global ID = 94 | from: Cluster_10: 'x'
Global ID = 95 | from: Cluster_10: 'y'
Global ID = 96 | from: Cluster_10: 'z'
Global ID = 97 | from: Cluster_11: 'b'
Global ID = 98 | from: Cluster_12: 'airplane'
Global ID = 99 | from: Cluster_12: 'automobile'
Global ID = 100 | from: Cluster_12: 'bird'
Global ID = 101 | from: Cluster_12: 'cat'
Global ID = 102 | from: Cluster_12: 'deer'
Global ID = 103 | from: Cluster_12: 'dog'
Global ID = 104 | from: Cluster_12: 'frog'
Global ID = 105 | from: Cluster_12: 'horse'
Global ID = 106 | from: Cluster_12: 'ship'
Global ID = 107 | from: Cluster_12: 'truck'
==================================================


##################################################
Entropy Ratio = 0.2
##################################################

==================================================
Label Mapping Summary:
Global ID = 0  | from: Cluster_0: '2', Cluster_10: '2', Cluster_11: '1', Cluster_2: '3', Cluster_3: '1', Cluster_4: '3', Cluster_5: '2', Cluster_7: '2', Cluster_9: '3'
Global ID = 1  | from: Cluster_1: '6', Cluster_11: '6', Cluster_2: '6', Cluster_3: '6', Cluster_4: '6', Cluster_7: '6', Cluster_8: '6', Cluster_9: '6'
Global ID = 2  | from: Cluster_1: '5', Cluster_4: '5', Cluster_6: '5', Cluster_8: '5'
Global ID = 3  | from: Cluster_10: '4', Cluster_11: '4', Cluster_2: '4', Cluster_4: '4', Cluster_5: '9', Cluster_6: '4', Cluster_7: '4', Cluster_8: '9', Cluster_9: 'Y'
Global ID = 4  | from: Cluster_2: '7', Cluster_6: '7', Cluster_7: '7'
Global ID = 5  | from: Cluster_10: '8', Cluster_11: 'g', Cluster_4: '8', Cluster_9: '9'
Global ID = 6  | from: Cluster_10: '0', Cluster_11: 'D', Cluster_7: '0', Cluster_9: 'O'
Global ID = 7  | from: Cluster_10: 'p', Cluster_9: 'P'
Global ID = 8  | from: Cluster_10: 'R', Cluster_9: 'R'
Global ID = 9  | from: Cluster_10: 'U', Cluster_9: 'U'
Global ID = 10 | from: Cluster_10: 'd', Cluster_9: 'd'
Global ID = 11 | from: Cluster_10: 'M', Cluster_11: 'M', Cluster_9: 'm'
Global ID = 13 | from: Cluster_10: 'j', Cluster_11: 'J', Cluster_9: 'J'
Global ID = 14 | from: Cluster_10: 'k', Cluster_11: 'k', Cluster_9: 'K'
Global ID = 15 | from: Cluster_11: 'N', Cluster_9: 'N'
Global ID = 16 | from: Cluster_10: 'Z', Cluster_11: 'Z', Cluster_9: 'Z'
Global ID = 17 | from: Cluster_11: 'b', Cluster_9: 'b'
Global ID = 18 | from: Cluster_10: 'C', Cluster_11: 'c', Cluster_9: 'c'
Global ID = 19 | from: Cluster_10: 'W', Cluster_11: 'w', Cluster_9: 'w'
Global ID = 20 | from: Cluster_10: 'H', Cluster_11: 'H'
Global ID = 21 | from: Cluster_10: 'X', Cluster_11: 'x'
Global ID = 22 | from: Cluster_10: 'h', Cluster_11: 'h'
Global ID = 23 | from: Cluster_2: '9'
Global ID = 24 | from: Cluster_5: '1'
Global ID = 25 | from: Cluster_7: '1'
Global ID = 26 | from: Cluster_9: '1'
Global ID = 27 | from: Cluster_9: '2'
Global ID = 28 | from: Cluster_9: '5'
Global ID = 29 | from: Cluster_9: '7'
Global ID = 30 | from: Cluster_9: 'A'
Global ID = 31 | from: Cluster_9: 'B'
Global ID = 32 | from: Cluster_9: 'C'
Global ID = 33 | from: Cluster_9: 'D'
Global ID = 34 | from: Cluster_9: 'E'
Global ID = 35 | from: Cluster_9: 'G'
Global ID = 36 | from: Cluster_9: 'I'
Global ID = 37 | from: Cluster_9: 'L'
Global ID = 38 | from: Cluster_9: 'M'
Global ID = 39 | from: Cluster_9: 'Q'
Global ID = 40 | from: Cluster_9: 'S'
Global ID = 41 | from: Cluster_9: 'T'
Global ID = 42 | from: Cluster_9: 'X'
Global ID = 43 | from: Cluster_9: 'i'
Global ID = 44 | from: Cluster_9: 'j'
Global ID = 45 | from: Cluster_9: 'k'
Global ID = 46 | from: Cluster_9: 'l'
Global ID = 47 | from: Cluster_9: 'n'
Global ID = 48 | from: Cluster_9: 'q'
Global ID = 49 | from: Cluster_9: 't'
Global ID = 50 | from: Cluster_9: 'u'
Global ID = 51 | from: Cluster_9: 'x'
Global ID = 52 | from: Cluster_9: 'y'
Global ID = 53 | from: Cluster_9: 'z'
Global ID = 54 | from: Cluster_10: '1'
Global ID = 55 | from: Cluster_10: '5'
Global ID = 56 | from: Cluster_10: '6'
Global ID = 57 | from: Cluster_10: '7'
Global ID = 58 | from: Cluster_10: '9'
Global ID = 59 | from: Cluster_10: 'A'
Global ID = 60 | from: Cluster_10: 'B'
Global ID = 61 | from: Cluster_10: 'D'
Global ID = 62 | from: Cluster_10: 'E'
Global ID = 63 | from: Cluster_10: 'F'
Global ID = 64 | from: Cluster_10: 'J'
Global ID = 65 | from: Cluster_10: 'K'
Global ID = 66 | from: Cluster_10: 'L'
Global ID = 67 | from: Cluster_10: 'O'
Global ID = 68 | from: Cluster_10: 'Q'
Global ID = 69 | from: Cluster_10: 'S'
Global ID = 70 | from: Cluster_10: 'T'
Global ID = 71 | from: Cluster_10: 'V'
Global ID = 72 | from: Cluster_10: 'a'
Global ID = 73 | from: Cluster_10: 'b'
Global ID = 74 | from: Cluster_10: 'c'
Global ID = 75 | from: Cluster_10: 'e'
Global ID = 76 | from: Cluster_10: 'f'
Global ID = 77 | from: Cluster_10: 'g'
Global ID = 78 | from: Cluster_10: 'i'
Global ID = 79 | from: Cluster_10: 'l'
Global ID = 80 | from: Cluster_10: 'm'
Global ID = 81 | from: Cluster_10: 'n'
Global ID = 82 | from: Cluster_10: 'o'
Global ID = 83 | from: Cluster_10: 'q'
Global ID = 84 | from: Cluster_10: 'r'
Global ID = 85 | from: Cluster_10: 's'
Global ID = 86 | from: Cluster_10: 't'
Global ID = 87 | from: Cluster_10: 'u'
Global ID = 88 | from: Cluster_10: 'v'
Global ID = 89 | from: Cluster_10: 'w'
Global ID = 90 | from: Cluster_10: 'x'
Global ID = 91 | from: Cluster_10: 'y'
Global ID = 92 | from: Cluster_10: 'z'
Global ID = 93 | from: Cluster_12: 'airplane'
Global ID = 94 | from: Cluster_12: 'automobile'
Global ID = 95 | from: Cluster_12: 'bird'
Global ID = 96 | from: Cluster_12: 'cat'
Global ID = 97 | from: Cluster_12: 'deer'
Global ID = 98 | from: Cluster_12: 'dog'
Global ID = 99 | from: Cluster_12: 'frog'
Global ID = 100 | from: Cluster_12: 'horse'
Global ID = 101 | from: Cluster_12: 'ship'
Global ID = 102 | from: Cluster_12: 'truck'
==================================================


##################################################
Entropy Ratio = 0.25
##################################################

==================================================
Label Mapping Summary:
Global ID = 0  | from: Cluster_0: '2', Cluster_1: '5', Cluster_10: '8', Cluster_11: 'Z', Cluster_2: '3', Cluster_3: '6', Cluster_4: '8', Cluster_5: '2', Cluster_6: '5', Cluster_7: '2', Cluster_8: '5', Cluster_9: '3'
Global ID = 1  | from: Cluster_1: '6', Cluster_11: '6', Cluster_2: '6', Cluster_4: '6', Cluster_7: '6', Cluster_8: '6', Cluster_9: '6'
Global ID = 2  | from: Cluster_10: '1', Cluster_11: '1', Cluster_2: '7', Cluster_3: '1', Cluster_6: '7', Cluster_7: '7', Cluster_9: '1'
Global ID = 3  | from: Cluster_10: '4', Cluster_11: '4', Cluster_2: '4', Cluster_4: '4', Cluster_5: '9', Cluster_6: '4', Cluster_7: '4', Cluster_8: '9', Cluster_9: 'Y'
Global ID = 4  | from: Cluster_10: '9', Cluster_11: 'g', Cluster_2: '9', Cluster_9: '9'
Global ID = 5  | from: Cluster_10: '0', Cluster_11: 'D', Cluster_7: '0', Cluster_9: 'O'
Global ID = 6  | from: Cluster_10: 'p', Cluster_9: 'P'
Global ID = 7  | from: Cluster_10: 'R', Cluster_9: 'R'
Global ID = 8  | from: Cluster_10: 'U', Cluster_9: 'U'
Global ID = 9  | from: Cluster_10: 'd', Cluster_9: 'd'
Global ID = 10 | from: Cluster_10: 'M', Cluster_11: 'M', Cluster_9: 'm'
Global ID = 11 | from: Cluster_10: '2', Cluster_9: 'z'
Global ID = 12 | from: Cluster_10: 'j', Cluster_11: 'J', Cluster_9: 'J'
Global ID = 13 | from: Cluster_10: 'k', Cluster_11: 'k', Cluster_9: 'K'
Global ID = 14 | from: Cluster_11: 'N', Cluster_9: 'N'
Global ID = 15 | from: Cluster_11: 'b', Cluster_9: 'b'
Global ID = 16 | from: Cluster_10: 'C', Cluster_11: 'c', Cluster_9: 'c'
Global ID = 17 | from: Cluster_10: 'W', Cluster_11: 'w', Cluster_9: 'w'
Global ID = 18 | from: Cluster_10: 'H', Cluster_11: 'H'
Global ID = 19 | from: Cluster_10: 'X', Cluster_11: 'x'
Global ID = 20 | from: Cluster_10: 'h', Cluster_11: 'h'
Global ID = 21 | from: Cluster_4: '3'
Global ID = 22 | from: Cluster_4: '5'
Global ID = 23 | from: Cluster_5: '1'
Global ID = 24 | from: Cluster_7: '1'
Global ID = 25 | from: Cluster_9: '2'
Global ID = 26 | from: Cluster_9: '5'
Global ID = 27 | from: Cluster_9: '7'
Global ID = 28 | from: Cluster_9: 'A'
Global ID = 29 | from: Cluster_9: 'B'
Global ID = 30 | from: Cluster_9: 'C'
Global ID = 31 | from: Cluster_9: 'D'
Global ID = 32 | from: Cluster_9: 'E'
Global ID = 33 | from: Cluster_9: 'G'
Global ID = 34 | from: Cluster_9: 'I'
Global ID = 35 | from: Cluster_9: 'L'
Global ID = 36 | from: Cluster_9: 'M'
Global ID = 37 | from: Cluster_9: 'Q'
Global ID = 38 | from: Cluster_9: 'S'
Global ID = 39 | from: Cluster_9: 'T'
Global ID = 40 | from: Cluster_9: 'X'
Global ID = 41 | from: Cluster_9: 'Z'
Global ID = 42 | from: Cluster_9: 'i'
Global ID = 43 | from: Cluster_9: 'j'
Global ID = 44 | from: Cluster_9: 'k'
Global ID = 45 | from: Cluster_9: 'l'
Global ID = 46 | from: Cluster_9: 'n'
Global ID = 47 | from: Cluster_9: 'q'
Global ID = 48 | from: Cluster_9: 't'
Global ID = 49 | from: Cluster_9: 'u'
Global ID = 50 | from: Cluster_9: 'x'
Global ID = 51 | from: Cluster_9: 'y'
Global ID = 52 | from: Cluster_10: '5'
Global ID = 53 | from: Cluster_10: '6'
Global ID = 54 | from: Cluster_10: '7'
Global ID = 55 | from: Cluster_10: 'A'
Global ID = 56 | from: Cluster_10: 'B'
Global ID = 57 | from: Cluster_10: 'D'
Global ID = 58 | from: Cluster_10: 'E'
Global ID = 59 | from: Cluster_10: 'F'
Global ID = 60 | from: Cluster_10: 'J'
Global ID = 61 | from: Cluster_10: 'K'
Global ID = 62 | from: Cluster_10: 'L'
Global ID = 63 | from: Cluster_10: 'O'
Global ID = 64 | from: Cluster_10: 'Q'
Global ID = 65 | from: Cluster_10: 'S'
Global ID = 66 | from: Cluster_10: 'T'
Global ID = 67 | from: Cluster_10: 'V'
Global ID = 68 | from: Cluster_10: 'Z'
Global ID = 69 | from: Cluster_10: 'a'
Global ID = 70 | from: Cluster_10: 'b'
Global ID = 71 | from: Cluster_10: 'c'
Global ID = 72 | from: Cluster_10: 'e'
Global ID = 73 | from: Cluster_10: 'f'
Global ID = 74 | from: Cluster_10: 'g'
Global ID = 75 | from: Cluster_10: 'i'
Global ID = 76 | from: Cluster_10: 'l'
Global ID = 77 | from: Cluster_10: 'm'
Global ID = 78 | from: Cluster_10: 'n'
Global ID = 79 | from: Cluster_10: 'o'
Global ID = 80 | from: Cluster_10: 'q'
Global ID = 81 | from: Cluster_10: 'r'
Global ID = 82 | from: Cluster_10: 's'
Global ID = 83 | from: Cluster_10: 't'
Global ID = 84 | from: Cluster_10: 'u'
Global ID = 85 | from: Cluster_10: 'v'
Global ID = 86 | from: Cluster_10: 'w'
Global ID = 87 | from: Cluster_10: 'x'
Global ID = 88 | from: Cluster_10: 'y'
Global ID = 89 | from: Cluster_10: 'z'
Global ID = 90 | from: Cluster_12: 'airplane'
Global ID = 91 | from: Cluster_12: 'automobile'
Global ID = 92 | from: Cluster_12: 'bird'
Global ID = 93 | from: Cluster_12: 'cat'
Global ID = 94 | from: Cluster_12: 'deer'
Global ID = 95 | from: Cluster_12: 'dog'
Global ID = 96 | from: Cluster_12: 'frog'
Global ID = 97 | from: Cluster_12: 'horse'
Global ID = 98 | from: Cluster_12: 'ship'
Global ID = 99 | from: Cluster_12: 'truck'
==================================================


##################################################
Entropy Ratio = 0.3
##################################################

==================================================
Label Mapping Summary:
Global ID = 0  | from: Cluster_0: '2', Cluster_1: '5', Cluster_10: '8', Cluster_11: 'Z', Cluster_2: '3', Cluster_3: '6', Cluster_4: '8', Cluster_5: '2', Cluster_6: '5', Cluster_7: '2', Cluster_8: '5', Cluster_9: '3'
Global ID = 1  | from: Cluster_1: '6', Cluster_11: '6', Cluster_2: '6', Cluster_4: '6', Cluster_5: '9', Cluster_7: '6', Cluster_8: '6', Cluster_9: '6'
Global ID = 2  | from: Cluster_10: '1', Cluster_11: '1', Cluster_2: '7', Cluster_3: '1', Cluster_6: '7', Cluster_7: '7', Cluster_9: '1'
Global ID = 3  | from: Cluster_10: '4', Cluster_11: '4', Cluster_2: '4', Cluster_4: '4', Cluster_6: '4', Cluster_7: '4', Cluster_8: '9', Cluster_9: 'Y'
Global ID = 4  | from: Cluster_10: '9', Cluster_11: 'g', Cluster_2: '9', Cluster_9: '9'
Global ID = 5  | from: Cluster_10: '0', Cluster_11: 'D', Cluster_7: '0', Cluster_9: 'O'
Global ID = 6  | from: Cluster_10: 'p', Cluster_9: 'P'
Global ID = 7  | from: Cluster_10: 'R', Cluster_9: 'R'
Global ID = 8  | from: Cluster_10: 'U', Cluster_9: 'U'
Global ID = 9  | from: Cluster_10: 'M', Cluster_11: 'M', Cluster_9: 'm'
Global ID = 10 | from: Cluster_10: '2', Cluster_9: 'z'
Global ID = 11 | from: Cluster_10: 'C', Cluster_11: 'c', Cluster_9: 'C'
Global ID = 12 | from: Cluster_10: 'j', Cluster_11: 'J', Cluster_9: 'J'
Global ID = 13 | from: Cluster_10: 'k', Cluster_11: 'k', Cluster_9: 'K'
Global ID = 14 | from: Cluster_11: 'N', Cluster_9: 'N'
Global ID = 15 | from: Cluster_11: 'b', Cluster_9: 'b'
Global ID = 16 | from: Cluster_10: 'W', Cluster_11: 'w', Cluster_9: 'w'
Global ID = 17 | from: Cluster_10: 'H', Cluster_11: 'H'
Global ID = 18 | from: Cluster_10: 'X', Cluster_11: 'x'
Global ID = 19 | from: Cluster_10: 'h', Cluster_11: 'h'
Global ID = 20 | from: Cluster_4: '3'
Global ID = 21 | from: Cluster_4: '5'
Global ID = 22 | from: Cluster_5: '1'
Global ID = 23 | from: Cluster_7: '1'
Global ID = 24 | from: Cluster_9: '2'
Global ID = 25 | from: Cluster_9: '5'
Global ID = 26 | from: Cluster_9: '7'
Global ID = 27 | from: Cluster_9: 'A'
Global ID = 28 | from: Cluster_9: 'B'
Global ID = 29 | from: Cluster_9: 'D'
Global ID = 30 | from: Cluster_9: 'E'
Global ID = 31 | from: Cluster_9: 'G'
Global ID = 32 | from: Cluster_9: 'I'
Global ID = 33 | from: Cluster_9: 'L'
Global ID = 34 | from: Cluster_9: 'M'
Global ID = 35 | from: Cluster_9: 'Q'
Global ID = 36 | from: Cluster_9: 'S'
Global ID = 37 | from: Cluster_9: 'T'
Global ID = 38 | from: Cluster_9: 'X'
Global ID = 39 | from: Cluster_9: 'Z'
Global ID = 40 | from: Cluster_9: 'c'
Global ID = 41 | from: Cluster_9: 'd'
Global ID = 42 | from: Cluster_9: 'i'
Global ID = 43 | from: Cluster_9: 'j'
Global ID = 44 | from: Cluster_9: 'k'
Global ID = 45 | from: Cluster_9: 'l'
Global ID = 46 | from: Cluster_9: 'n'
Global ID = 47 | from: Cluster_9: 'q'
Global ID = 48 | from: Cluster_9: 't'
Global ID = 49 | from: Cluster_9: 'u'
Global ID = 50 | from: Cluster_9: 'x'
Global ID = 51 | from: Cluster_9: 'y'
Global ID = 52 | from: Cluster_10: '5'
Global ID = 53 | from: Cluster_10: '6'
Global ID = 54 | from: Cluster_10: '7'
Global ID = 55 | from: Cluster_10: 'A'
Global ID = 56 | from: Cluster_10: 'B'
Global ID = 57 | from: Cluster_10: 'D'
Global ID = 58 | from: Cluster_10: 'E'
Global ID = 59 | from: Cluster_10: 'F'
Global ID = 60 | from: Cluster_10: 'J'
Global ID = 61 | from: Cluster_10: 'K'
Global ID = 62 | from: Cluster_10: 'L'
Global ID = 63 | from: Cluster_10: 'O'
Global ID = 64 | from: Cluster_10: 'Q'
Global ID = 65 | from: Cluster_10: 'S'
Global ID = 66 | from: Cluster_10: 'T'
Global ID = 67 | from: Cluster_10: 'V'
Global ID = 68 | from: Cluster_10: 'Z'
Global ID = 69 | from: Cluster_10: 'a'
Global ID = 70 | from: Cluster_10: 'b'
Global ID = 71 | from: Cluster_10: 'c'
Global ID = 72 | from: Cluster_10: 'd'
Global ID = 73 | from: Cluster_10: 'e'
Global ID = 74 | from: Cluster_10: 'f'
Global ID = 75 | from: Cluster_10: 'g'
Global ID = 76 | from: Cluster_10: 'i'
Global ID = 77 | from: Cluster_10: 'l'
Global ID = 78 | from: Cluster_10: 'm'
Global ID = 79 | from: Cluster_10: 'n'
Global ID = 80 | from: Cluster_10: 'o'
Global ID = 81 | from: Cluster_10: 'q'
Global ID = 82 | from: Cluster_10: 'r'
Global ID = 83 | from: Cluster_10: 's'
Global ID = 84 | from: Cluster_10: 't'
Global ID = 85 | from: Cluster_10: 'u'
Global ID = 86 | from: Cluster_10: 'v'
Global ID = 87 | from: Cluster_10: 'w'
Global ID = 88 | from: Cluster_10: 'x'
Global ID = 89 | from: Cluster_10: 'y'
Global ID = 90 | from: Cluster_10: 'z'
Global ID = 91 | from: Cluster_12: 'airplane'
Global ID = 92 | from: Cluster_12: 'automobile'
Global ID = 93 | from: Cluster_12: 'bird'
Global ID = 94 | from: Cluster_12: 'cat'
Global ID = 95 | from: Cluster_12: 'deer'
Global ID = 96 | from: Cluster_12: 'dog'
Global ID = 97 | from: Cluster_12: 'frog'
Global ID = 98 | from: Cluster_12: 'horse'
Global ID = 99 | from: Cluster_12: 'ship'
Global ID = 100 | from: Cluster_12: 'truck'
==================================================


##################################################
Entropy Ratio = 0.35
##################################################

==================================================
Label Mapping Summary:
Global ID = 0  | from: Cluster_0: '2', Cluster_1: '5', Cluster_10: 's', Cluster_11: 'g', Cluster_2: '3', Cluster_3: '6', Cluster_4: '8', Cluster_5: '2', Cluster_6: '5', Cluster_7: '2', Cluster_8: '5', Cluster_9: '3'
Global ID = 1  | from: Cluster_1: '6', Cluster_11: '6', Cluster_2: '6', Cluster_4: '6', Cluster_5: '9', Cluster_7: '6', Cluster_8: '6', Cluster_9: '6'
Global ID = 2  | from: Cluster_10: '4', Cluster_11: '4', Cluster_2: '4', Cluster_3: '1', Cluster_4: '4', Cluster_6: '4', Cluster_7: '4', Cluster_8: '9', Cluster_9: 'Y'
Global ID = 3  | from: Cluster_2: '7', Cluster_6: '7', Cluster_7: '7'
Global ID = 4  | from: Cluster_10: '0', Cluster_11: 'D', Cluster_7: '0', Cluster_9: 'O'
Global ID = 5  | from: Cluster_10: '1', Cluster_11: '1', Cluster_7: '1', Cluster_9: '1'
Global ID = 6  | from: Cluster_10: 'n', Cluster_11: 'N', Cluster_9: 'N'
Global ID = 7  | from: Cluster_10: 'p', Cluster_9: 'P'
Global ID = 8  | from: Cluster_10: 'R', Cluster_9: 'R'
Global ID = 9  | from: Cluster_10: 'U', Cluster_9: 'U'
Global ID = 10 | from: Cluster_10: 'M', Cluster_11: 'M', Cluster_9: 'm'
Global ID = 11 | from: Cluster_10: '2', Cluster_9: 'z'
Global ID = 12 | from: Cluster_10: 'Z', Cluster_11: 'Z', Cluster_9: '2'
Global ID = 13 | from: Cluster_10: 'T', Cluster_11: 'J', Cluster_9: '5'
Global ID = 14 | from: Cluster_10: 'C', Cluster_11: 'c', Cluster_9: 'C'
Global ID = 15 | from: Cluster_10: 'k', Cluster_11: 'k', Cluster_9: 'K'
Global ID = 16 | from: Cluster_11: 'b', Cluster_9: 'b'
Global ID = 17 | from: Cluster_10: 'W', Cluster_11: 'w', Cluster_9: 'w'
Global ID = 18 | from: Cluster_10: 'H', Cluster_11: 'H'
Global ID = 19 | from: Cluster_10: 'X', Cluster_11: 'x'
Global ID = 20 | from: Cluster_10: 'h', Cluster_11: 'h'
Global ID = 21 | from: Cluster_2: '9'
Global ID = 22 | from: Cluster_4: '3'
Global ID = 23 | from: Cluster_4: '5'
Global ID = 24 | from: Cluster_5: '1'
Global ID = 25 | from: Cluster_9: '7'
Global ID = 26 | from: Cluster_9: '9'
Global ID = 27 | from: Cluster_9: 'A'
Global ID = 28 | from: Cluster_9: 'B'
Global ID = 29 | from: Cluster_9: 'D'
Global ID = 30 | from: Cluster_9: 'E'
Global ID = 31 | from: Cluster_9: 'G'
Global ID = 32 | from: Cluster_9: 'I'
Global ID = 33 | from: Cluster_9: 'J'
Global ID = 34 | from: Cluster_9: 'L'
Global ID = 35 | from: Cluster_9: 'M'
Global ID = 36 | from: Cluster_9: 'Q'
Global ID = 37 | from: Cluster_9: 'S'
Global ID = 38 | from: Cluster_9: 'T'
Global ID = 39 | from: Cluster_9: 'X'
Global ID = 40 | from: Cluster_9: 'Z'
Global ID = 41 | from: Cluster_9: 'c'
Global ID = 42 | from: Cluster_9: 'd'
Global ID = 43 | from: Cluster_9: 'i'
Global ID = 44 | from: Cluster_9: 'j'
Global ID = 45 | from: Cluster_9: 'k'
Global ID = 46 | from: Cluster_9: 'l'
Global ID = 47 | from: Cluster_9: 'n'
Global ID = 48 | from: Cluster_9: 'q'
Global ID = 49 | from: Cluster_9: 't'
Global ID = 50 | from: Cluster_9: 'u'
Global ID = 51 | from: Cluster_9: 'x'
Global ID = 52 | from: Cluster_9: 'y'
Global ID = 53 | from: Cluster_10: '5'
Global ID = 54 | from: Cluster_10: '6'
Global ID = 55 | from: Cluster_10: '7'
Global ID = 56 | from: Cluster_10: '8'
Global ID = 57 | from: Cluster_10: '9'
Global ID = 58 | from: Cluster_10: 'A'
Global ID = 59 | from: Cluster_10: 'B'
Global ID = 60 | from: Cluster_10: 'D'
Global ID = 61 | from: Cluster_10: 'E'
Global ID = 62 | from: Cluster_10: 'F'
Global ID = 63 | from: Cluster_10: 'J'
Global ID = 64 | from: Cluster_10: 'K'
Global ID = 65 | from: Cluster_10: 'L'
Global ID = 66 | from: Cluster_10: 'O'
Global ID = 67 | from: Cluster_10: 'Q'
Global ID = 68 | from: Cluster_10: 'S'
Global ID = 69 | from: Cluster_10: 'V'
Global ID = 70 | from: Cluster_10: 'a'
Global ID = 71 | from: Cluster_10: 'b'
Global ID = 72 | from: Cluster_10: 'c'
Global ID = 73 | from: Cluster_10: 'd'
Global ID = 74 | from: Cluster_10: 'e'
Global ID = 75 | from: Cluster_10: 'f'
Global ID = 76 | from: Cluster_10: 'g'
Global ID = 77 | from: Cluster_10: 'i'
Global ID = 78 | from: Cluster_10: 'j'
Global ID = 79 | from: Cluster_10: 'l'
Global ID = 80 | from: Cluster_10: 'm'
Global ID = 81 | from: Cluster_10: 'o'
Global ID = 82 | from: Cluster_10: 'q'
Global ID = 83 | from: Cluster_10: 'r'
Global ID = 84 | from: Cluster_10: 't'
Global ID = 85 | from: Cluster_10: 'u'
Global ID = 86 | from: Cluster_10: 'v'
Global ID = 87 | from: Cluster_10: 'w'
Global ID = 88 | from: Cluster_10: 'x'
Global ID = 89 | from: Cluster_10: 'y'
Global ID = 90 | from: Cluster_10: 'z'
Global ID = 91 | from: Cluster_12: 'airplane'
Global ID = 92 | from: Cluster_12: 'automobile'
Global ID = 93 | from: Cluster_12: 'bird'
Global ID = 94 | from: Cluster_12: 'cat'
Global ID = 95 | from: Cluster_12: 'deer'
Global ID = 96 | from: Cluster_12: 'dog'
Global ID = 97 | from: Cluster_12: 'frog'
Global ID = 98 | from: Cluster_12: 'horse'
Global ID = 99 | from: Cluster_12: 'ship'
Global ID = 100 | from: Cluster_12: 'truck'
==================================================


##################################################
Entropy Ratio = 0.4
##################################################

==================================================
Label Mapping Summary:
Global ID = 0  | from: Cluster_0: '2', Cluster_1: '5', Cluster_10: '2', Cluster_11: 'g', Cluster_2: '3', Cluster_3: '6', Cluster_4: '8', Cluster_5: '2', Cluster_6: '5', Cluster_7: '2', Cluster_8: '5', Cluster_9: '3'
Global ID = 1  | from: Cluster_1: '6', Cluster_11: '6', Cluster_2: '6', Cluster_4: '6', Cluster_5: '9', Cluster_7: '6', Cluster_8: '6', Cluster_9: '6'
Global ID = 2  | from: Cluster_10: '4', Cluster_11: '4', Cluster_2: '4', Cluster_3: '1', Cluster_4: '4', Cluster_6: '4', Cluster_7: '4', Cluster_8: '9', Cluster_9: 'Y'
Global ID = 3  | from: Cluster_2: '7', Cluster_6: '7', Cluster_7: '7'
Global ID = 4  | from: Cluster_10: '5', Cluster_11: 'J', Cluster_4: '5', Cluster_9: '5'
Global ID = 5  | from: Cluster_10: '0', Cluster_11: 'D', Cluster_7: '0', Cluster_9: 'D'
Global ID = 6  | from: Cluster_10: '1', Cluster_11: '1', Cluster_7: '1', Cluster_9: '1'
Global ID = 7  | from: Cluster_10: 'n', Cluster_11: 'N', Cluster_9: 'N'
Global ID = 8  | from: Cluster_10: 'p', Cluster_9: 'P'
Global ID = 9  | from: Cluster_10: 'R', Cluster_9: 'R'
Global ID = 10 | from: Cluster_10: 'U', Cluster_9: 'U'
Global ID = 11 | from: Cluster_10: 'M', Cluster_11: 'M', Cluster_9: 'm'
Global ID = 12 | from: Cluster_10: 'Z', Cluster_11: 'Z', Cluster_9: '2'
Global ID = 13 | from: Cluster_10: 'C', Cluster_11: 'c', Cluster_9: 'C'
Global ID = 14 | from: Cluster_10: 'k', Cluster_11: 'k', Cluster_9: 'K'
Global ID = 15 | from: Cluster_11: 'b', Cluster_9: 'b'
Global ID = 16 | from: Cluster_10: 'W', Cluster_11: 'w', Cluster_9: 'w'
Global ID = 17 | from: Cluster_10: 'H', Cluster_11: 'H'
Global ID = 18 | from: Cluster_10: 'X', Cluster_11: 'x'
Global ID = 19 | from: Cluster_10: 'h', Cluster_11: 'h'
Global ID = 20 | from: Cluster_2: '9'
Global ID = 21 | from: Cluster_4: '3'
Global ID = 22 | from: Cluster_5: '1'
Global ID = 23 | from: Cluster_9: '7'
Global ID = 24 | from: Cluster_9: '9'
Global ID = 25 | from: Cluster_9: 'A'
Global ID = 26 | from: Cluster_9: 'B'
Global ID = 27 | from: Cluster_9: 'E'
Global ID = 28 | from: Cluster_9: 'G'
Global ID = 29 | from: Cluster_9: 'I'
Global ID = 30 | from: Cluster_9: 'J'
Global ID = 31 | from: Cluster_9: 'L'
Global ID = 32 | from: Cluster_9: 'M'
Global ID = 33 | from: Cluster_9: 'O'
Global ID = 34 | from: Cluster_9: 'Q'
Global ID = 35 | from: Cluster_9: 'S'
Global ID = 36 | from: Cluster_9: 'T'
Global ID = 37 | from: Cluster_9: 'X'
Global ID = 38 | from: Cluster_9: 'Z'
Global ID = 39 | from: Cluster_9: 'c'
Global ID = 40 | from: Cluster_9: 'd'
Global ID = 41 | from: Cluster_9: 'i'
Global ID = 42 | from: Cluster_9: 'j'
Global ID = 43 | from: Cluster_9: 'k'
Global ID = 44 | from: Cluster_9: 'l'
Global ID = 45 | from: Cluster_9: 'n'
Global ID = 46 | from: Cluster_9: 'q'
Global ID = 47 | from: Cluster_9: 't'
Global ID = 48 | from: Cluster_9: 'u'
Global ID = 49 | from: Cluster_9: 'x'
Global ID = 50 | from: Cluster_9: 'y'
Global ID = 51 | from: Cluster_9: 'z'
Global ID = 52 | from: Cluster_10: '6'
Global ID = 53 | from: Cluster_10: '7'
Global ID = 54 | from: Cluster_10: '8'
Global ID = 55 | from: Cluster_10: '9'
Global ID = 56 | from: Cluster_10: 'A'
Global ID = 57 | from: Cluster_10: 'B'
Global ID = 58 | from: Cluster_10: 'D'
Global ID = 59 | from: Cluster_10: 'E'
Global ID = 60 | from: Cluster_10: 'F'
Global ID = 61 | from: Cluster_10: 'J'
Global ID = 62 | from: Cluster_10: 'K'
Global ID = 63 | from: Cluster_10: 'L'
Global ID = 64 | from: Cluster_10: 'O'
Global ID = 65 | from: Cluster_10: 'Q'
Global ID = 66 | from: Cluster_10: 'S'
Global ID = 67 | from: Cluster_10: 'T'
Global ID = 68 | from: Cluster_10: 'V'
Global ID = 69 | from: Cluster_10: 'a'
Global ID = 70 | from: Cluster_10: 'b'
Global ID = 71 | from: Cluster_10: 'c'
Global ID = 72 | from: Cluster_10: 'd'
Global ID = 73 | from: Cluster_10: 'e'
Global ID = 74 | from: Cluster_10: 'f'
Global ID = 75 | from: Cluster_10: 'g'
Global ID = 76 | from: Cluster_10: 'i'
Global ID = 77 | from: Cluster_10: 'j'
Global ID = 78 | from: Cluster_10: 'l'
Global ID = 79 | from: Cluster_10: 'm'
Global ID = 80 | from: Cluster_10: 'o'
Global ID = 81 | from: Cluster_10: 'q'
Global ID = 82 | from: Cluster_10: 'r'
Global ID = 83 | from: Cluster_10: 's'
Global ID = 84 | from: Cluster_10: 't'
Global ID = 85 | from: Cluster_10: 'u'
Global ID = 86 | from: Cluster_10: 'v'
Global ID = 87 | from: Cluster_10: 'w'
Global ID = 88 | from: Cluster_10: 'x'
Global ID = 89 | from: Cluster_10: 'y'
Global ID = 90 | from: Cluster_10: 'z'
Global ID = 91 | from: Cluster_12: 'airplane'
Global ID = 92 | from: Cluster_12: 'automobile'
Global ID = 93 | from: Cluster_12: 'bird'
Global ID = 94 | from: Cluster_12: 'cat'
Global ID = 95 | from: Cluster_12: 'deer'
Global ID = 96 | from: Cluster_12: 'dog'
Global ID = 97 | from: Cluster_12: 'frog'
Global ID = 98 | from: Cluster_12: 'horse'
Global ID = 99 | from: Cluster_12: 'ship'
Global ID = 100 | from: Cluster_12: 'truck'
==================================================


##################################################
Entropy Ratio = 0.45
##################################################

==================================================
Label Mapping Summary:
Global ID = 0  | from: Cluster_0: '2', Cluster_1: '5', Cluster_10: '2', Cluster_11: 'g', Cluster_2: '3', Cluster_3: '6', Cluster_4: '8', Cluster_5: '2', Cluster_6: '5', Cluster_7: '2', Cluster_8: '9', Cluster_9: '3'
Global ID = 1  | from: Cluster_1: '6', Cluster_11: '6', Cluster_2: '6', Cluster_4: '6', Cluster_5: '9', Cluster_7: '6', Cluster_8: '6', Cluster_9: '6'
Global ID = 2  | from: Cluster_10: '4', Cluster_11: '4', Cluster_2: '4', Cluster_3: '1', Cluster_4: '4', Cluster_6: '4', Cluster_7: '4', Cluster_9: 'Y'
Global ID = 3  | from: Cluster_2: '7', Cluster_6: '7', Cluster_7: '7'
Global ID = 4  | from: Cluster_10: '0', Cluster_11: 'D', Cluster_4: '3', Cluster_7: '0', Cluster_8: '5', Cluster_9: 'O'
Global ID = 5  | from: Cluster_10: '5', Cluster_11: 'J', Cluster_4: '5', Cluster_9: '5'
Global ID = 6  | from: Cluster_10: '1', Cluster_11: '1', Cluster_7: '1', Cluster_9: '1'
Global ID = 7  | from: Cluster_10: 'n', Cluster_11: 'N', Cluster_9: 'N'
Global ID = 8  | from: Cluster_10: 'p', Cluster_9: 'P'
Global ID = 9  | from: Cluster_10: 'R', Cluster_9: 'R'
Global ID = 10 | from: Cluster_10: 'U', Cluster_9: 'U'
Global ID = 11 | from: Cluster_10: 'M', Cluster_11: 'M', Cluster_9: 'm'
Global ID = 12 | from: Cluster_10: 'Z', Cluster_11: 'Z', Cluster_9: '2'
Global ID = 13 | from: Cluster_10: 'h', Cluster_11: 'h', Cluster_9: 'A'
Global ID = 14 | from: Cluster_10: 'C', Cluster_11: 'c', Cluster_9: 'C'
Global ID = 15 | from: Cluster_10: 'k', Cluster_11: 'k', Cluster_9: 'K'
Global ID = 16 | from: Cluster_11: 'b', Cluster_9: 'b'
Global ID = 17 | from: Cluster_10: 'W', Cluster_11: 'w', Cluster_9: 'w'
Global ID = 18 | from: Cluster_10: 'H', Cluster_11: 'H'
Global ID = 19 | from: Cluster_10: 'X', Cluster_11: 'x'
Global ID = 20 | from: Cluster_2: '9'
Global ID = 21 | from: Cluster_5: '1'
Global ID = 22 | from: Cluster_9: '7'
Global ID = 23 | from: Cluster_9: '9'
Global ID = 24 | from: Cluster_9: 'B'
Global ID = 25 | from: Cluster_9: 'D'
Global ID = 26 | from: Cluster_9: 'E'
Global ID = 27 | from: Cluster_9: 'G'
Global ID = 28 | from: Cluster_9: 'I'
Global ID = 29 | from: Cluster_9: 'J'
Global ID = 30 | from: Cluster_9: 'L'
Global ID = 31 | from: Cluster_9: 'M'
Global ID = 32 | from: Cluster_9: 'Q'
Global ID = 33 | from: Cluster_9: 'S'
Global ID = 34 | from: Cluster_9: 'T'
Global ID = 35 | from: Cluster_9: 'X'
Global ID = 36 | from: Cluster_9: 'Z'
Global ID = 37 | from: Cluster_9: 'c'
Global ID = 38 | from: Cluster_9: 'd'
Global ID = 39 | from: Cluster_9: 'i'
Global ID = 40 | from: Cluster_9: 'j'
Global ID = 41 | from: Cluster_9: 'k'
Global ID = 42 | from: Cluster_9: 'l'
Global ID = 43 | from: Cluster_9: 'n'
Global ID = 44 | from: Cluster_9: 'q'
Global ID = 45 | from: Cluster_9: 't'
Global ID = 46 | from: Cluster_9: 'u'
Global ID = 47 | from: Cluster_9: 'x'
Global ID = 48 | from: Cluster_9: 'y'
Global ID = 49 | from: Cluster_9: 'z'
Global ID = 50 | from: Cluster_10: '6'
Global ID = 51 | from: Cluster_10: '7'
Global ID = 52 | from: Cluster_10: '8'
Global ID = 53 | from: Cluster_10: '9'
Global ID = 54 | from: Cluster_10: 'A'
Global ID = 55 | from: Cluster_10: 'B'
Global ID = 56 | from: Cluster_10: 'D'
Global ID = 57 | from: Cluster_10: 'E'
Global ID = 58 | from: Cluster_10: 'F'
Global ID = 59 | from: Cluster_10: 'J'
Global ID = 60 | from: Cluster_10: 'K'
Global ID = 61 | from: Cluster_10: 'L'
Global ID = 62 | from: Cluster_10: 'O'
Global ID = 63 | from: Cluster_10: 'Q'
Global ID = 64 | from: Cluster_10: 'S'
Global ID = 65 | from: Cluster_10: 'T'
Global ID = 66 | from: Cluster_10: 'V'
Global ID = 67 | from: Cluster_10: 'a'
Global ID = 68 | from: Cluster_10: 'b'
Global ID = 69 | from: Cluster_10: 'c'
Global ID = 70 | from: Cluster_10: 'd'
Global ID = 71 | from: Cluster_10: 'e'
Global ID = 72 | from: Cluster_10: 'f'
Global ID = 73 | from: Cluster_10: 'g'
Global ID = 74 | from: Cluster_10: 'i'
Global ID = 75 | from: Cluster_10: 'j'
Global ID = 76 | from: Cluster_10: 'l'
Global ID = 77 | from: Cluster_10: 'm'
Global ID = 78 | from: Cluster_10: 'o'
Global ID = 79 | from: Cluster_10: 'q'
Global ID = 80 | from: Cluster_10: 'r'
Global ID = 81 | from: Cluster_10: 's'
Global ID = 82 | from: Cluster_10: 't'
Global ID = 83 | from: Cluster_10: 'u'
Global ID = 84 | from: Cluster_10: 'v'
Global ID = 85 | from: Cluster_10: 'w'
Global ID = 86 | from: Cluster_10: 'x'
Global ID = 87 | from: Cluster_10: 'y'
Global ID = 88 | from: Cluster_10: 'z'
Global ID = 89 | from: Cluster_12: 'airplane'
Global ID = 90 | from: Cluster_12: 'automobile'
Global ID = 91 | from: Cluster_12: 'bird'
Global ID = 92 | from: Cluster_12: 'cat'
Global ID = 93 | from: Cluster_12: 'deer'
Global ID = 94 | from: Cluster_12: 'dog'
Global ID = 95 | from: Cluster_12: 'frog'
Global ID = 96 | from: Cluster_12: 'horse'
Global ID = 97 | from: Cluster_12: 'ship'
Global ID = 98 | from: Cluster_12: 'truck'
==================================================


##################################################
Entropy Ratio = 0.5
##################################################

==================================================
Label Mapping Summary:
Global ID = 0  | from: Cluster_0: '2', Cluster_1: '5', Cluster_10: '7', Cluster_11: 'g', Cluster_2: '3', Cluster_3: '6', Cluster_4: '8', Cluster_5: '2', Cluster_6: '5', Cluster_7: '2', Cluster_8: '9', Cluster_9: '3'
Global ID = 1  | from: Cluster_1: '6', Cluster_11: '6', Cluster_2: '6', Cluster_4: '6', Cluster_5: '9', Cluster_7: '6', Cluster_8: '6', Cluster_9: '6'
Global ID = 2  | from: Cluster_10: '4', Cluster_11: '4', Cluster_2: '4', Cluster_3: '1', Cluster_4: '4', Cluster_6: '4', Cluster_7: '4', Cluster_9: 'U'
Global ID = 3  | from: Cluster_2: '7', Cluster_6: '7', Cluster_7: '7'
Global ID = 4  | from: Cluster_10: '0', Cluster_11: 'D', Cluster_4: '3', Cluster_7: '0', Cluster_8: '5', Cluster_9: 'O'
Global ID = 5  | from: Cluster_10: '5', Cluster_11: 'J', Cluster_4: '5', Cluster_9: '5'
Global ID = 6  | from: Cluster_10: '1', Cluster_11: '1', Cluster_7: '1', Cluster_9: '1'
Global ID = 7  | from: Cluster_10: 'n', Cluster_11: 'N', Cluster_9: 'N'
Global ID = 8  | from: Cluster_10: 'p', Cluster_9: 'P'
Global ID = 9  | from: Cluster_10: 'M', Cluster_11: 'M', Cluster_9: 'm'
Global ID = 10 | from: Cluster_10: '2', Cluster_11: 'Z', Cluster_9: '2'
Global ID = 11 | from: Cluster_10: 'h', Cluster_11: 'h', Cluster_9: 'A'
Global ID = 12 | from: Cluster_10: 'C', Cluster_11: 'c', Cluster_9: 'C'
Global ID = 13 | from: Cluster_10: 'k', Cluster_11: 'k', Cluster_9: 'K'
Global ID = 14 | from: Cluster_10: 'b', Cluster_11: 'b', Cluster_9: 'b'
Global ID = 15 | from: Cluster_10: 'W', Cluster_11: 'w', Cluster_9: 'w'
Global ID = 16 | from: Cluster_10: 'H', Cluster_11: 'H'
Global ID = 17 | from: Cluster_10: 'X', Cluster_11: 'x'
Global ID = 18 | from: Cluster_2: '9'
Global ID = 19 | from: Cluster_5: '1'
Global ID = 20 | from: Cluster_9: '7'
Global ID = 21 | from: Cluster_9: '9'
Global ID = 22 | from: Cluster_9: 'B'
Global ID = 23 | from: Cluster_9: 'D'
Global ID = 24 | from: Cluster_9: 'E'
Global ID = 25 | from: Cluster_9: 'G'
Global ID = 26 | from: Cluster_9: 'I'
Global ID = 27 | from: Cluster_9: 'J'
Global ID = 28 | from: Cluster_9: 'L'
Global ID = 29 | from: Cluster_9: 'M'
Global ID = 30 | from: Cluster_9: 'Q'
Global ID = 31 | from: Cluster_9: 'R'
Global ID = 32 | from: Cluster_9: 'S'
Global ID = 33 | from: Cluster_9: 'T'
Global ID = 34 | from: Cluster_9: 'X'
Global ID = 35 | from: Cluster_9: 'Y'
Global ID = 36 | from: Cluster_9: 'Z'
Global ID = 37 | from: Cluster_9: 'c'
Global ID = 38 | from: Cluster_9: 'd'
Global ID = 39 | from: Cluster_9: 'i'
Global ID = 40 | from: Cluster_9: 'j'
Global ID = 41 | from: Cluster_9: 'k'
Global ID = 42 | from: Cluster_9: 'l'
Global ID = 43 | from: Cluster_9: 'n'
Global ID = 44 | from: Cluster_9: 'q'
Global ID = 45 | from: Cluster_9: 't'
Global ID = 46 | from: Cluster_9: 'u'
Global ID = 47 | from: Cluster_9: 'x'
Global ID = 48 | from: Cluster_9: 'y'
Global ID = 49 | from: Cluster_9: 'z'
Global ID = 50 | from: Cluster_10: '6'
Global ID = 51 | from: Cluster_10: '8'
Global ID = 52 | from: Cluster_10: '9'
Global ID = 53 | from: Cluster_10: 'A'
Global ID = 54 | from: Cluster_10: 'B'
Global ID = 55 | from: Cluster_10: 'D'
Global ID = 56 | from: Cluster_10: 'E'
Global ID = 57 | from: Cluster_10: 'F'
Global ID = 58 | from: Cluster_10: 'J'
Global ID = 59 | from: Cluster_10: 'K'
Global ID = 60 | from: Cluster_10: 'L'
Global ID = 61 | from: Cluster_10: 'O'
Global ID = 62 | from: Cluster_10: 'Q'
Global ID = 63 | from: Cluster_10: 'R'
Global ID = 64 | from: Cluster_10: 'S'
Global ID = 65 | from: Cluster_10: 'T'
Global ID = 66 | from: Cluster_10: 'U'
Global ID = 67 | from: Cluster_10: 'V'
Global ID = 68 | from: Cluster_10: 'Z'
Global ID = 69 | from: Cluster_10: 'a'
Global ID = 70 | from: Cluster_10: 'c'
Global ID = 71 | from: Cluster_10: 'd'
Global ID = 72 | from: Cluster_10: 'e'
Global ID = 73 | from: Cluster_10: 'f'
Global ID = 74 | from: Cluster_10: 'g'
Global ID = 75 | from: Cluster_10: 'i'
Global ID = 76 | from: Cluster_10: 'j'
Global ID = 77 | from: Cluster_10: 'l'
Global ID = 78 | from: Cluster_10: 'm'
Global ID = 79 | from: Cluster_10: 'o'
Global ID = 80 | from: Cluster_10: 'q'
Global ID = 81 | from: Cluster_10: 'r'
Global ID = 82 | from: Cluster_10: 's'
Global ID = 83 | from: Cluster_10: 't'
Global ID = 84 | from: Cluster_10: 'u'
Global ID = 85 | from: Cluster_10: 'v'
Global ID = 86 | from: Cluster_10: 'w'
Global ID = 87 | from: Cluster_10: 'x'
Global ID = 88 | from: Cluster_10: 'y'
Global ID = 89 | from: Cluster_10: 'z'
Global ID = 90 | from: Cluster_12: 'airplane'
Global ID = 91 | from: Cluster_12: 'automobile'
Global ID = 92 | from: Cluster_12: 'bird'
Global ID = 93 | from: Cluster_12: 'cat'
Global ID = 94 | from: Cluster_12: 'deer'
Global ID = 95 | from: Cluster_12: 'dog'
Global ID = 96 | from: Cluster_12: 'frog'
Global ID = 97 | from: Cluster_12: 'horse'
Global ID = 98 | from: Cluster_12: 'ship'
Global ID = 99 | from: Cluster_12: 'truck'
==================================================


##################################################
Entropy Ratio = 0.55
##################################################

==================================================
Label Mapping Summary:
Global ID = 0  | from: Cluster_0: '2', Cluster_1: '5', Cluster_10: '7', Cluster_11: 'g', Cluster_2: '3', Cluster_3: '6', Cluster_4: '8', Cluster_5: '2', Cluster_6: '5', Cluster_7: '2', Cluster_8: '9', Cluster_9: '3'
Global ID = 1  | from: Cluster_1: '6', Cluster_11: '6', Cluster_2: '6', Cluster_4: '6', Cluster_5: '9', Cluster_7: '6', Cluster_8: '6', Cluster_9: '6'
Global ID = 2  | from: Cluster_10: '4', Cluster_11: '4', Cluster_2: '4', Cluster_3: '1', Cluster_4: '4', Cluster_6: '4', Cluster_7: '4', Cluster_9: 'U'
Global ID = 3  | from: Cluster_2: '7', Cluster_6: '7', Cluster_7: '7'
Global ID = 4  | from: Cluster_10: '0', Cluster_11: 'D', Cluster_4: '3', Cluster_7: '0', Cluster_8: '5', Cluster_9: 'O'
Global ID = 5  | from: Cluster_10: '5', Cluster_11: 'J', Cluster_4: '5', Cluster_9: '5'
Global ID = 6  | from: Cluster_10: '1', Cluster_11: '1', Cluster_7: '1', Cluster_9: '1'
Global ID = 7  | from: Cluster_10: 'p', Cluster_9: 'P'
Global ID = 8  | from: Cluster_10: 'M', Cluster_11: 'M', Cluster_9: 'm'
Global ID = 9  | from: Cluster_10: '2', Cluster_11: 'Z', Cluster_9: '2'
Global ID = 10 | from: Cluster_10: 'h', Cluster_11: 'h', Cluster_9: 'A'
Global ID = 11 | from: Cluster_10: 'C', Cluster_11: 'c', Cluster_9: 'C'
Global ID = 12 | from: Cluster_10: 'k', Cluster_11: 'k', Cluster_9: 'K'
Global ID = 13 | from: Cluster_11: 'N', Cluster_9: 'N'
Global ID = 14 | from: Cluster_10: 'b', Cluster_11: 'b', Cluster_9: 'b'
Global ID = 15 | from: Cluster_10: 'W', Cluster_11: 'w', Cluster_9: 'w'
Global ID = 16 | from: Cluster_10: 'H', Cluster_11: 'H'
Global ID = 17 | from: Cluster_10: 'X', Cluster_11: 'x'
Global ID = 18 | from: Cluster_2: '9'
Global ID = 19 | from: Cluster_5: '1'
Global ID = 20 | from: Cluster_9: '7'
Global ID = 21 | from: Cluster_9: '9'
Global ID = 22 | from: Cluster_9: 'B'
Global ID = 23 | from: Cluster_9: 'D'
Global ID = 24 | from: Cluster_9: 'E'
Global ID = 25 | from: Cluster_9: 'G'
Global ID = 26 | from: Cluster_9: 'I'
Global ID = 27 | from: Cluster_9: 'J'
Global ID = 28 | from: Cluster_9: 'L'
Global ID = 29 | from: Cluster_9: 'M'
Global ID = 30 | from: Cluster_9: 'Q'
Global ID = 31 | from: Cluster_9: 'R'
Global ID = 32 | from: Cluster_9: 'S'
Global ID = 33 | from: Cluster_9: 'T'
Global ID = 34 | from: Cluster_9: 'X'
Global ID = 35 | from: Cluster_9: 'Y'
Global ID = 36 | from: Cluster_9: 'Z'
Global ID = 37 | from: Cluster_9: 'c'
Global ID = 38 | from: Cluster_9: 'd'
Global ID = 39 | from: Cluster_9: 'i'
Global ID = 40 | from: Cluster_9: 'j'
Global ID = 41 | from: Cluster_9: 'k'
Global ID = 42 | from: Cluster_9: 'l'
Global ID = 43 | from: Cluster_9: 'n'
Global ID = 44 | from: Cluster_9: 'q'
Global ID = 45 | from: Cluster_9: 't'
Global ID = 46 | from: Cluster_9: 'u'
Global ID = 47 | from: Cluster_9: 'x'
Global ID = 48 | from: Cluster_9: 'y'
Global ID = 49 | from: Cluster_9: 'z'
Global ID = 50 | from: Cluster_10: '6'
Global ID = 51 | from: Cluster_10: '8'
Global ID = 52 | from: Cluster_10: '9'
Global ID = 53 | from: Cluster_10: 'A'
Global ID = 54 | from: Cluster_10: 'B'
Global ID = 55 | from: Cluster_10: 'D'
Global ID = 56 | from: Cluster_10: 'E'
Global ID = 57 | from: Cluster_10: 'F'
Global ID = 58 | from: Cluster_10: 'J'
Global ID = 59 | from: Cluster_10: 'K'
Global ID = 60 | from: Cluster_10: 'L'
Global ID = 61 | from: Cluster_10: 'O'
Global ID = 62 | from: Cluster_10: 'Q'
Global ID = 63 | from: Cluster_10: 'R'
Global ID = 64 | from: Cluster_10: 'S'
Global ID = 65 | from: Cluster_10: 'T'
Global ID = 66 | from: Cluster_10: 'U'
Global ID = 67 | from: Cluster_10: 'V'
Global ID = 68 | from: Cluster_10: 'Z'
Global ID = 69 | from: Cluster_10: 'a'
Global ID = 70 | from: Cluster_10: 'c'
Global ID = 71 | from: Cluster_10: 'd'
Global ID = 72 | from: Cluster_10: 'e'
Global ID = 73 | from: Cluster_10: 'f'
Global ID = 74 | from: Cluster_10: 'g'
Global ID = 75 | from: Cluster_10: 'i'
Global ID = 76 | from: Cluster_10: 'j'
Global ID = 77 | from: Cluster_10: 'l'
Global ID = 78 | from: Cluster_10: 'm'
Global ID = 79 | from: Cluster_10: 'n'
Global ID = 80 | from: Cluster_10: 'o'
Global ID = 81 | from: Cluster_10: 'q'
Global ID = 82 | from: Cluster_10: 'r'
Global ID = 83 | from: Cluster_10: 's'
Global ID = 84 | from: Cluster_10: 't'
Global ID = 85 | from: Cluster_10: 'u'
Global ID = 86 | from: Cluster_10: 'v'
Global ID = 87 | from: Cluster_10: 'w'
Global ID = 88 | from: Cluster_10: 'x'
Global ID = 89 | from: Cluster_10: 'y'
Global ID = 90 | from: Cluster_10: 'z'
Global ID = 91 | from: Cluster_12: 'airplane'
Global ID = 92 | from: Cluster_12: 'automobile'
Global ID = 93 | from: Cluster_12: 'bird'
Global ID = 94 | from: Cluster_12: 'cat'
Global ID = 95 | from: Cluster_12: 'deer'
Global ID = 96 | from: Cluster_12: 'dog'
Global ID = 97 | from: Cluster_12: 'frog'
Global ID = 98 | from: Cluster_12: 'horse'
Global ID = 99 | from: Cluster_12: 'ship'
Global ID = 100 | from: Cluster_12: 'truck'
==================================================


##################################################
Entropy Ratio = 0.6
##################################################

==================================================
Label Mapping Summary:
Global ID = 0  | from: Cluster_0: '2', Cluster_1: '5', Cluster_10: '7', Cluster_11: 'g', Cluster_2: '3', Cluster_3: '6', Cluster_4: '8', Cluster_5: '2', Cluster_6: '5', Cluster_7: '2', Cluster_8: '9', Cluster_9: '3'
Global ID = 1  | from: Cluster_1: '6', Cluster_11: '6', Cluster_2: '6', Cluster_4: '6', Cluster_5: '9', Cluster_7: '6', Cluster_8: '6', Cluster_9: '6'
Global ID = 2  | from: Cluster_10: '4', Cluster_11: '4', Cluster_2: '4', Cluster_3: '1', Cluster_4: '4', Cluster_6: '4', Cluster_7: '4', Cluster_9: 'U'
Global ID = 3  | from: Cluster_2: '7', Cluster_6: '7', Cluster_7: '7'
Global ID = 4  | from: Cluster_10: '0', Cluster_11: 'D', Cluster_4: '3', Cluster_7: '0', Cluster_8: '5', Cluster_9: 'O'
Global ID = 5  | from: Cluster_10: '5', Cluster_11: 'J', Cluster_4: '5', Cluster_9: '5'
Global ID = 6  | from: Cluster_10: '1', Cluster_11: '1', Cluster_7: '1', Cluster_9: '1'
Global ID = 7  | from: Cluster_10: 'p', Cluster_9: 'P'
Global ID = 8  | from: Cluster_10: 'M', Cluster_11: 'M', Cluster_9: 'm'
Global ID = 9  | from: Cluster_10: '2', Cluster_11: 'Z', Cluster_9: '2'
Global ID = 10 | from: Cluster_10: 'h', Cluster_11: 'h', Cluster_9: 'A'
Global ID = 11 | from: Cluster_10: 'C', Cluster_11: 'c', Cluster_9: 'C'
Global ID = 12 | from: Cluster_10: 'k', Cluster_11: 'k', Cluster_9: 'K'
Global ID = 13 | from: Cluster_11: 'N', Cluster_9: 'N'
Global ID = 14 | from: Cluster_10: 'b', Cluster_11: 'b', Cluster_9: 'b'
Global ID = 15 | from: Cluster_10: 'W', Cluster_11: 'w', Cluster_9: 'w'
Global ID = 16 | from: Cluster_10: 'H', Cluster_11: 'H'
Global ID = 17 | from: Cluster_10: 'X', Cluster_11: 'x'
Global ID = 18 | from: Cluster_2: '9'
Global ID = 19 | from: Cluster_5: '1'
Global ID = 20 | from: Cluster_9: '7'
Global ID = 21 | from: Cluster_9: '9'
Global ID = 22 | from: Cluster_9: 'B'
Global ID = 23 | from: Cluster_9: 'D'
Global ID = 24 | from: Cluster_9: 'E'
Global ID = 25 | from: Cluster_9: 'G'
Global ID = 26 | from: Cluster_9: 'I'
Global ID = 27 | from: Cluster_9: 'J'
Global ID = 28 | from: Cluster_9: 'L'
Global ID = 29 | from: Cluster_9: 'M'
Global ID = 30 | from: Cluster_9: 'Q'
Global ID = 31 | from: Cluster_9: 'R'
Global ID = 32 | from: Cluster_9: 'S'
Global ID = 33 | from: Cluster_9: 'T'
Global ID = 34 | from: Cluster_9: 'X'
Global ID = 35 | from: Cluster_9: 'Y'
Global ID = 36 | from: Cluster_9: 'Z'
Global ID = 37 | from: Cluster_9: 'c'
Global ID = 38 | from: Cluster_9: 'd'
Global ID = 39 | from: Cluster_9: 'i'
Global ID = 40 | from: Cluster_9: 'j'
Global ID = 41 | from: Cluster_9: 'k'
Global ID = 42 | from: Cluster_9: 'l'
Global ID = 43 | from: Cluster_9: 'n'
Global ID = 44 | from: Cluster_9: 'q'
Global ID = 45 | from: Cluster_9: 't'
Global ID = 46 | from: Cluster_9: 'u'
Global ID = 47 | from: Cluster_9: 'x'
Global ID = 48 | from: Cluster_9: 'y'
Global ID = 49 | from: Cluster_9: 'z'
Global ID = 50 | from: Cluster_10: '6'
Global ID = 51 | from: Cluster_10: '8'
Global ID = 52 | from: Cluster_10: '9'
Global ID = 53 | from: Cluster_10: 'A'
Global ID = 54 | from: Cluster_10: 'B'
Global ID = 55 | from: Cluster_10: 'D'
Global ID = 56 | from: Cluster_10: 'E'
Global ID = 57 | from: Cluster_10: 'F'
Global ID = 58 | from: Cluster_10: 'J'
Global ID = 59 | from: Cluster_10: 'K'
Global ID = 60 | from: Cluster_10: 'L'
Global ID = 61 | from: Cluster_10: 'O'
Global ID = 62 | from: Cluster_10: 'Q'
Global ID = 63 | from: Cluster_10: 'R'
Global ID = 64 | from: Cluster_10: 'S'
Global ID = 65 | from: Cluster_10: 'T'
Global ID = 66 | from: Cluster_10: 'U'
Global ID = 67 | from: Cluster_10: 'V'
Global ID = 68 | from: Cluster_10: 'Z'
Global ID = 69 | from: Cluster_10: 'a'
Global ID = 70 | from: Cluster_10: 'c'
Global ID = 71 | from: Cluster_10: 'd'
Global ID = 72 | from: Cluster_10: 'e'
Global ID = 73 | from: Cluster_10: 'f'
Global ID = 74 | from: Cluster_10: 'g'
Global ID = 75 | from: Cluster_10: 'i'
Global ID = 76 | from: Cluster_10: 'j'
Global ID = 77 | from: Cluster_10: 'l'
Global ID = 78 | from: Cluster_10: 'm'
Global ID = 79 | from: Cluster_10: 'n'
Global ID = 80 | from: Cluster_10: 'o'
Global ID = 81 | from: Cluster_10: 'q'
Global ID = 82 | from: Cluster_10: 'r'
Global ID = 83 | from: Cluster_10: 's'
Global ID = 84 | from: Cluster_10: 't'
Global ID = 85 | from: Cluster_10: 'u'
Global ID = 86 | from: Cluster_10: 'v'
Global ID = 87 | from: Cluster_10: 'w'
Global ID = 88 | from: Cluster_10: 'x'
Global ID = 89 | from: Cluster_10: 'y'
Global ID = 90 | from: Cluster_10: 'z'
Global ID = 91 | from: Cluster_12: 'airplane'
Global ID = 92 | from: Cluster_12: 'automobile'
Global ID = 93 | from: Cluster_12: 'bird'
Global ID = 94 | from: Cluster_12: 'cat'
Global ID = 95 | from: Cluster_12: 'deer'
Global ID = 96 | from: Cluster_12: 'dog'
Global ID = 97 | from: Cluster_12: 'frog'
Global ID = 98 | from: Cluster_12: 'horse'
Global ID = 99 | from: Cluster_12: 'ship'
Global ID = 100 | from: Cluster_12: 'truck'
==================================================


##################################################
Entropy Ratio = 0.65
##################################################

==================================================
Label Mapping Summary:
Global ID = 0  | from: Cluster_0: '2', Cluster_1: '5', Cluster_10: '7', Cluster_11: 'g', Cluster_2: '3', Cluster_3: '6', Cluster_4: '8', Cluster_5: '2', Cluster_6: '5', Cluster_7: '2', Cluster_8: '9', Cluster_9: '3'
Global ID = 1  | from: Cluster_1: '6', Cluster_11: '6', Cluster_2: '6', Cluster_4: '6', Cluster_5: '9', Cluster_7: '6', Cluster_8: '6', Cluster_9: '6'
Global ID = 2  | from: Cluster_10: '4', Cluster_11: '4', Cluster_2: '4', Cluster_3: '1', Cluster_4: '4', Cluster_6: '4', Cluster_7: '4', Cluster_9: 'U'
Global ID = 3  | from: Cluster_2: '7', Cluster_6: '7', Cluster_7: '7'
Global ID = 4  | from: Cluster_10: '0', Cluster_11: 'D', Cluster_4: '3', Cluster_7: '0', Cluster_8: '5', Cluster_9: 'O'
Global ID = 5  | from: Cluster_10: '5', Cluster_11: 'J', Cluster_4: '5', Cluster_9: '5'
Global ID = 6  | from: Cluster_10: '1', Cluster_11: '1', Cluster_7: '1', Cluster_9: '1'
Global ID = 7  | from: Cluster_10: 'p', Cluster_9: 'P'
Global ID = 8  | from: Cluster_10: 'M', Cluster_11: 'M', Cluster_9: 'm'
Global ID = 9  | from: Cluster_10: '2', Cluster_11: 'Z', Cluster_9: '2'
Global ID = 10 | from: Cluster_10: 'h', Cluster_11: 'h', Cluster_9: 'A'
Global ID = 11 | from: Cluster_10: 'C', Cluster_11: 'c', Cluster_9: 'C'
Global ID = 12 | from: Cluster_10: 'k', Cluster_11: 'k', Cluster_9: 'K'
Global ID = 13 | from: Cluster_11: 'N', Cluster_9: 'N'
Global ID = 14 | from: Cluster_10: 'b', Cluster_11: 'b', Cluster_9: 'b'
Global ID = 15 | from: Cluster_10: 'W', Cluster_11: 'w', Cluster_9: 'w'
Global ID = 16 | from: Cluster_10: 'H', Cluster_11: 'H'
Global ID = 17 | from: Cluster_10: 'X', Cluster_11: 'x'
Global ID = 18 | from: Cluster_2: '9'
Global ID = 19 | from: Cluster_5: '1'
Global ID = 20 | from: Cluster_9: '7'
Global ID = 21 | from: Cluster_9: '9'
Global ID = 22 | from: Cluster_9: 'B'
Global ID = 23 | from: Cluster_9: 'D'
Global ID = 24 | from: Cluster_9: 'E'
Global ID = 25 | from: Cluster_9: 'G'
Global ID = 26 | from: Cluster_9: 'I'
Global ID = 27 | from: Cluster_9: 'J'
Global ID = 28 | from: Cluster_9: 'L'
Global ID = 29 | from: Cluster_9: 'M'
Global ID = 30 | from: Cluster_9: 'Q'
Global ID = 31 | from: Cluster_9: 'R'
Global ID = 32 | from: Cluster_9: 'S'
Global ID = 33 | from: Cluster_9: 'T'
Global ID = 34 | from: Cluster_9: 'X'
Global ID = 35 | from: Cluster_9: 'Y'
Global ID = 36 | from: Cluster_9: 'Z'
Global ID = 37 | from: Cluster_9: 'c'
Global ID = 38 | from: Cluster_9: 'd'
Global ID = 39 | from: Cluster_9: 'i'
Global ID = 40 | from: Cluster_9: 'j'
Global ID = 41 | from: Cluster_9: 'k'
Global ID = 42 | from: Cluster_9: 'l'
Global ID = 43 | from: Cluster_9: 'n'
Global ID = 44 | from: Cluster_9: 'q'
Global ID = 45 | from: Cluster_9: 't'
Global ID = 46 | from: Cluster_9: 'u'
Global ID = 47 | from: Cluster_9: 'x'
Global ID = 48 | from: Cluster_9: 'y'
Global ID = 49 | from: Cluster_9: 'z'
Global ID = 50 | from: Cluster_10: '6'
Global ID = 51 | from: Cluster_10: '8'
Global ID = 52 | from: Cluster_10: '9'
Global ID = 53 | from: Cluster_10: 'A'
Global ID = 54 | from: Cluster_10: 'B'
Global ID = 55 | from: Cluster_10: 'D'
Global ID = 56 | from: Cluster_10: 'E'
Global ID = 57 | from: Cluster_10: 'F'
Global ID = 58 | from: Cluster_10: 'J'
Global ID = 59 | from: Cluster_10: 'K'
Global ID = 60 | from: Cluster_10: 'L'
Global ID = 61 | from: Cluster_10: 'O'
Global ID = 62 | from: Cluster_10: 'Q'
Global ID = 63 | from: Cluster_10: 'R'
Global ID = 64 | from: Cluster_10: 'S'
Global ID = 65 | from: Cluster_10: 'T'
Global ID = 66 | from: Cluster_10: 'U'
Global ID = 67 | from: Cluster_10: 'V'
Global ID = 68 | from: Cluster_10: 'Z'
Global ID = 69 | from: Cluster_10: 'a'
Global ID = 70 | from: Cluster_10: 'c'
Global ID = 71 | from: Cluster_10: 'd'
Global ID = 72 | from: Cluster_10: 'e'
Global ID = 73 | from: Cluster_10: 'f'
Global ID = 74 | from: Cluster_10: 'g'
Global ID = 75 | from: Cluster_10: 'i'
Global ID = 76 | from: Cluster_10: 'j'
Global ID = 77 | from: Cluster_10: 'l'
Global ID = 78 | from: Cluster_10: 'm'
Global ID = 79 | from: Cluster_10: 'n'
Global ID = 80 | from: Cluster_10: 'o'
Global ID = 81 | from: Cluster_10: 'q'
Global ID = 82 | from: Cluster_10: 'r'
Global ID = 83 | from: Cluster_10: 's'
Global ID = 84 | from: Cluster_10: 't'
Global ID = 85 | from: Cluster_10: 'u'
Global ID = 86 | from: Cluster_10: 'v'
Global ID = 87 | from: Cluster_10: 'w'
Global ID = 88 | from: Cluster_10: 'x'
Global ID = 89 | from: Cluster_10: 'y'
Global ID = 90 | from: Cluster_10: 'z'
Global ID = 91 | from: Cluster_12: 'airplane'
Global ID = 92 | from: Cluster_12: 'automobile'
Global ID = 93 | from: Cluster_12: 'bird'
Global ID = 94 | from: Cluster_12: 'cat'
Global ID = 95 | from: Cluster_12: 'deer'
Global ID = 96 | from: Cluster_12: 'dog'
Global ID = 97 | from: Cluster_12: 'frog'
Global ID = 98 | from: Cluster_12: 'horse'
Global ID = 99 | from: Cluster_12: 'ship'
Global ID = 100 | from: Cluster_12: 'truck'
==================================================


##################################################
Entropy Ratio = 0.7
##################################################

==================================================
Label Mapping Summary:
Global ID = 0  | from: Cluster_0: '2', Cluster_1: '5', Cluster_10: '7', Cluster_11: 'g', Cluster_2: '3', Cluster_3: '6', Cluster_4: '8', Cluster_5: '2', Cluster_6: '5', Cluster_7: '2', Cluster_8: '9', Cluster_9: '3'
Global ID = 1  | from: Cluster_1: '6', Cluster_11: '6', Cluster_2: '6', Cluster_4: '6', Cluster_5: '9', Cluster_7: '6', Cluster_8: '6', Cluster_9: '6'
Global ID = 2  | from: Cluster_10: '4', Cluster_11: '4', Cluster_2: '4', Cluster_3: '1', Cluster_4: '4', Cluster_6: '4', Cluster_7: '4', Cluster_9: 'U'
Global ID = 3  | from: Cluster_2: '7', Cluster_6: '7', Cluster_7: '7'
Global ID = 4  | from: Cluster_10: '0', Cluster_11: 'J', Cluster_4: '5', Cluster_7: '0', Cluster_9: 'O'
Global ID = 5  | from: Cluster_4: '3', Cluster_8: '5'
Global ID = 6  | from: Cluster_10: '1', Cluster_11: '1', Cluster_7: '1', Cluster_9: '1'
Global ID = 7  | from: Cluster_10: 'p', Cluster_9: 'P'
Global ID = 8  | from: Cluster_10: 'M', Cluster_11: 'M', Cluster_9: 'm'
Global ID = 9  | from: Cluster_10: '2', Cluster_11: 'Z', Cluster_9: '2'
Global ID = 10 | from: Cluster_10: 'h', Cluster_11: 'h', Cluster_9: 'A'
Global ID = 11 | from: Cluster_10: 'C', Cluster_11: 'c', Cluster_9: 'C'
Global ID = 12 | from: Cluster_10: 'U', Cluster_11: 'D', Cluster_9: 'D'
Global ID = 13 | from: Cluster_10: 'k', Cluster_11: 'k', Cluster_9: 'K'
Global ID = 14 | from: Cluster_11: 'N', Cluster_9: 'N'
Global ID = 15 | from: Cluster_10: 'b', Cluster_11: 'b', Cluster_12: 'horse', Cluster_9: 'b'
Global ID = 16 | from: Cluster_10: 'W', Cluster_11: 'w', Cluster_9: 'w'
Global ID = 17 | from: Cluster_10: 'H', Cluster_11: 'H'
Global ID = 18 | from: Cluster_10: 'X', Cluster_11: 'x'
Global ID = 19 | from: Cluster_2: '9'
Global ID = 20 | from: Cluster_5: '1'
Global ID = 21 | from: Cluster_9: '5'
Global ID = 22 | from: Cluster_9: '7'
Global ID = 23 | from: Cluster_9: '9'
Global ID = 24 | from: Cluster_9: 'B'
Global ID = 25 | from: Cluster_9: 'E'
Global ID = 26 | from: Cluster_9: 'G'
Global ID = 27 | from: Cluster_9: 'I'
Global ID = 28 | from: Cluster_9: 'J'
Global ID = 29 | from: Cluster_9: 'L'
Global ID = 30 | from: Cluster_9: 'M'
Global ID = 31 | from: Cluster_9: 'Q'
Global ID = 32 | from: Cluster_9: 'R'
Global ID = 33 | from: Cluster_9: 'S'
Global ID = 34 | from: Cluster_9: 'T'
Global ID = 35 | from: Cluster_9: 'X'
Global ID = 36 | from: Cluster_9: 'Y'
Global ID = 37 | from: Cluster_9: 'Z'
Global ID = 38 | from: Cluster_9: 'c'
Global ID = 39 | from: Cluster_9: 'd'
Global ID = 40 | from: Cluster_9: 'i'
Global ID = 41 | from: Cluster_9: 'j'
Global ID = 42 | from: Cluster_9: 'k'
Global ID = 43 | from: Cluster_9: 'l'
Global ID = 44 | from: Cluster_9: 'n'
Global ID = 45 | from: Cluster_9: 'q'
Global ID = 46 | from: Cluster_9: 't'
Global ID = 47 | from: Cluster_9: 'u'
Global ID = 48 | from: Cluster_9: 'x'
Global ID = 49 | from: Cluster_9: 'y'
Global ID = 50 | from: Cluster_9: 'z'
Global ID = 51 | from: Cluster_10: '5'
Global ID = 52 | from: Cluster_10: '6'
Global ID = 53 | from: Cluster_10: '8'
Global ID = 54 | from: Cluster_10: '9'
Global ID = 55 | from: Cluster_10: 'A'
Global ID = 56 | from: Cluster_10: 'B'
Global ID = 57 | from: Cluster_10: 'D'
Global ID = 58 | from: Cluster_10: 'E'
Global ID = 59 | from: Cluster_10: 'F'
Global ID = 60 | from: Cluster_10: 'J'
Global ID = 61 | from: Cluster_10: 'K'
Global ID = 62 | from: Cluster_10: 'L'
Global ID = 63 | from: Cluster_10: 'O'
Global ID = 64 | from: Cluster_10: 'Q'
Global ID = 65 | from: Cluster_10: 'R'
Global ID = 66 | from: Cluster_10: 'S'
Global ID = 67 | from: Cluster_10: 'T'
Global ID = 68 | from: Cluster_10: 'V'
Global ID = 69 | from: Cluster_10: 'Z'
Global ID = 70 | from: Cluster_10: 'a'
Global ID = 71 | from: Cluster_10: 'c'
Global ID = 72 | from: Cluster_10: 'd'
Global ID = 73 | from: Cluster_10: 'e'
Global ID = 74 | from: Cluster_10: 'f'
Global ID = 75 | from: Cluster_10: 'g'
Global ID = 76 | from: Cluster_10: 'i'
Global ID = 77 | from: Cluster_10: 'j'
Global ID = 78 | from: Cluster_10: 'l'
Global ID = 79 | from: Cluster_10: 'm'
Global ID = 80 | from: Cluster_10: 'n'
Global ID = 81 | from: Cluster_10: 'o'
Global ID = 82 | from: Cluster_10: 'q'
Global ID = 83 | from: Cluster_10: 'r'
Global ID = 84 | from: Cluster_10: 's'
Global ID = 85 | from: Cluster_10: 't'
Global ID = 86 | from: Cluster_10: 'u'
Global ID = 87 | from: Cluster_10: 'v'
Global ID = 88 | from: Cluster_10: 'w'
Global ID = 89 | from: Cluster_10: 'x'
Global ID = 90 | from: Cluster_10: 'y'
Global ID = 91 | from: Cluster_10: 'z'
Global ID = 92 | from: Cluster_12: 'airplane'
Global ID = 93 | from: Cluster_12: 'automobile'
Global ID = 94 | from: Cluster_12: 'bird'
Global ID = 95 | from: Cluster_12: 'cat'
Global ID = 96 | from: Cluster_12: 'deer'
Global ID = 97 | from: Cluster_12: 'dog'
Global ID = 98 | from: Cluster_12: 'frog'
Global ID = 99 | from: Cluster_12: 'ship'
Global ID = 100 | from: Cluster_12: 'truck'
==================================================


##################################################
Entropy Ratio = 0.75
##################################################

==================================================
Label Mapping Summary:
Global ID = 0  | from: Cluster_0: '2', Cluster_1: '5', Cluster_10: '7', Cluster_11: 'g', Cluster_2: '3', Cluster_3: '6', Cluster_4: '8', Cluster_5: '2', Cluster_6: '5', Cluster_7: '2', Cluster_8: '9', Cluster_9: '3'
Global ID = 1  | from: Cluster_1: '6', Cluster_11: '6', Cluster_2: '6', Cluster_4: '6', Cluster_5: '9', Cluster_7: '6', Cluster_8: '6', Cluster_9: '6'
Global ID = 2  | from: Cluster_10: '4', Cluster_11: '4', Cluster_2: '4', Cluster_3: '1', Cluster_4: '4', Cluster_6: '4', Cluster_7: '4', Cluster_9: 'U'
Global ID = 3  | from: Cluster_2: '7', Cluster_6: '7', Cluster_7: '7'
Global ID = 4  | from: Cluster_10: '0', Cluster_11: 'J', Cluster_4: '5', Cluster_7: '0', Cluster_9: 'O'
Global ID = 5  | from: Cluster_4: '3', Cluster_8: '5'
Global ID = 6  | from: Cluster_10: '1', Cluster_11: '1', Cluster_7: '1', Cluster_9: '1'
Global ID = 7  | from: Cluster_10: 'p', Cluster_9: 'P'
Global ID = 8  | from: Cluster_10: 'M', Cluster_11: 'M', Cluster_9: 'm'
Global ID = 9  | from: Cluster_10: '2', Cluster_11: 'Z', Cluster_9: '2'
Global ID = 10 | from: Cluster_10: 'h', Cluster_11: 'h', Cluster_9: 'A'
Global ID = 11 | from: Cluster_10: 'C', Cluster_11: 'c', Cluster_9: 'C'
Global ID = 12 | from: Cluster_10: 'U', Cluster_11: 'D', Cluster_9: 'D'
Global ID = 13 | from: Cluster_10: 'k', Cluster_11: 'k', Cluster_9: 'K'
Global ID = 14 | from: Cluster_11: 'N', Cluster_9: 'N'
Global ID = 15 | from: Cluster_10: 'b', Cluster_11: 'b', Cluster_12: 'horse', Cluster_9: 'b'
Global ID = 16 | from: Cluster_10: 'W', Cluster_11: 'w', Cluster_9: 'w'
Global ID = 17 | from: Cluster_10: 'H', Cluster_11: 'H'
Global ID = 18 | from: Cluster_10: 'X', Cluster_11: 'x'
Global ID = 19 | from: Cluster_2: '9'
Global ID = 20 | from: Cluster_5: '1'
Global ID = 21 | from: Cluster_9: '5'
Global ID = 22 | from: Cluster_9: '7'
Global ID = 23 | from: Cluster_9: '9'
Global ID = 24 | from: Cluster_9: 'B'
Global ID = 25 | from: Cluster_9: 'E'
Global ID = 26 | from: Cluster_9: 'G'
Global ID = 27 | from: Cluster_9: 'I'
Global ID = 28 | from: Cluster_9: 'J'
Global ID = 29 | from: Cluster_9: 'L'
Global ID = 30 | from: Cluster_9: 'M'
Global ID = 31 | from: Cluster_9: 'Q'
Global ID = 32 | from: Cluster_9: 'R'
Global ID = 33 | from: Cluster_9: 'S'
Global ID = 34 | from: Cluster_9: 'T'
Global ID = 35 | from: Cluster_9: 'X'
Global ID = 36 | from: Cluster_9: 'Y'
Global ID = 37 | from: Cluster_9: 'Z'
Global ID = 38 | from: Cluster_9: 'c'
Global ID = 39 | from: Cluster_9: 'd'
Global ID = 40 | from: Cluster_9: 'i'
Global ID = 41 | from: Cluster_9: 'j'
Global ID = 42 | from: Cluster_9: 'k'
Global ID = 43 | from: Cluster_9: 'l'
Global ID = 44 | from: Cluster_9: 'n'
Global ID = 45 | from: Cluster_9: 'q'
Global ID = 46 | from: Cluster_9: 't'
Global ID = 47 | from: Cluster_9: 'u'
Global ID = 48 | from: Cluster_9: 'x'
Global ID = 49 | from: Cluster_9: 'y'
Global ID = 50 | from: Cluster_9: 'z'
Global ID = 51 | from: Cluster_10: '5'
Global ID = 52 | from: Cluster_10: '6'
Global ID = 53 | from: Cluster_10: '8'
Global ID = 54 | from: Cluster_10: '9'
Global ID = 55 | from: Cluster_10: 'A'
Global ID = 56 | from: Cluster_10: 'B'
Global ID = 57 | from: Cluster_10: 'D'
Global ID = 58 | from: Cluster_10: 'E'
Global ID = 59 | from: Cluster_10: 'F'
Global ID = 60 | from: Cluster_10: 'J'
Global ID = 61 | from: Cluster_10: 'K'
Global ID = 62 | from: Cluster_10: 'L'
Global ID = 63 | from: Cluster_10: 'O'
Global ID = 64 | from: Cluster_10: 'Q'
Global ID = 65 | from: Cluster_10: 'R'
Global ID = 66 | from: Cluster_10: 'S'
Global ID = 67 | from: Cluster_10: 'T'
Global ID = 68 | from: Cluster_10: 'V'
Global ID = 69 | from: Cluster_10: 'Z'
Global ID = 70 | from: Cluster_10: 'a'
Global ID = 71 | from: Cluster_10: 'c'
Global ID = 72 | from: Cluster_10: 'd'
Global ID = 73 | from: Cluster_10: 'e'
Global ID = 74 | from: Cluster_10: 'f'
Global ID = 75 | from: Cluster_10: 'g'
Global ID = 76 | from: Cluster_10: 'i'
Global ID = 77 | from: Cluster_10: 'j'
Global ID = 78 | from: Cluster_10: 'l'
Global ID = 79 | from: Cluster_10: 'm'
Global ID = 80 | from: Cluster_10: 'n'
Global ID = 81 | from: Cluster_10: 'o'
Global ID = 82 | from: Cluster_10: 'q'
Global ID = 83 | from: Cluster_10: 'r'
Global ID = 84 | from: Cluster_10: 's'
Global ID = 85 | from: Cluster_10: 't'
Global ID = 86 | from: Cluster_10: 'u'
Global ID = 87 | from: Cluster_10: 'v'
Global ID = 88 | from: Cluster_10: 'w'
Global ID = 89 | from: Cluster_10: 'x'
Global ID = 90 | from: Cluster_10: 'y'
Global ID = 91 | from: Cluster_10: 'z'
Global ID = 92 | from: Cluster_12: 'airplane'
Global ID = 93 | from: Cluster_12: 'automobile'
Global ID = 94 | from: Cluster_12: 'bird'
Global ID = 95 | from: Cluster_12: 'cat'
Global ID = 96 | from: Cluster_12: 'deer'
Global ID = 97 | from: Cluster_12: 'dog'
Global ID = 98 | from: Cluster_12: 'frog'
Global ID = 99 | from: Cluster_12: 'ship'
Global ID = 100 | from: Cluster_12: 'truck'
==================================================


##################################################
Entropy Ratio = 0.8
##################################################

==================================================
Label Mapping Summary:
Global ID = 0  | from: Cluster_0: '2', Cluster_1: '5', Cluster_10: '7', Cluster_11: 'g', Cluster_12: 'bird', Cluster_2: '3', Cluster_3: '6', Cluster_4: '8', Cluster_5: '2', Cluster_6: '5', Cluster_7: '2', Cluster_8: '9', Cluster_9: '3'
Global ID = 1  | from: Cluster_1: '6', Cluster_11: '6', Cluster_2: '6', Cluster_4: '6', Cluster_5: '9', Cluster_7: '6', Cluster_8: '6', Cluster_9: '6'
Global ID = 2  | from: Cluster_10: '4', Cluster_11: '4', Cluster_2: '4', Cluster_3: '1', Cluster_4: '4', Cluster_6: '4', Cluster_7: '4', Cluster_9: 'U'
Global ID = 3  | from: Cluster_2: '7', Cluster_6: '7', Cluster_7: '7'
Global ID = 4  | from: Cluster_10: '0', Cluster_11: 'J', Cluster_4: '5', Cluster_7: '0', Cluster_9: 'O'
Global ID = 5  | from: Cluster_4: '3', Cluster_8: '5'
Global ID = 6  | from: Cluster_10: '1', Cluster_11: '1', Cluster_7: '1', Cluster_9: '1'
Global ID = 7  | from: Cluster_10: 'p', Cluster_9: 'P'
Global ID = 8  | from: Cluster_10: 'M', Cluster_11: 'M', Cluster_9: 'm'
Global ID = 9  | from: Cluster_10: '2', Cluster_11: 'Z', Cluster_9: '2'
Global ID = 10 | from: Cluster_10: 'h', Cluster_11: 'h', Cluster_9: 'A'
Global ID = 11 | from: Cluster_10: 'C', Cluster_11: 'c', Cluster_9: 'C'
Global ID = 12 | from: Cluster_10: 'U', Cluster_11: 'D', Cluster_9: 'D'
Global ID = 13 | from: Cluster_10: 'k', Cluster_11: 'k', Cluster_9: 'K'
Global ID = 14 | from: Cluster_11: 'N', Cluster_9: 'N'
Global ID = 15 | from: Cluster_10: 'b', Cluster_11: 'b', Cluster_12: 'horse', Cluster_9: 'b'
Global ID = 16 | from: Cluster_10: 'W', Cluster_11: 'w', Cluster_9: 'w'
Global ID = 17 | from: Cluster_10: 'H', Cluster_11: 'H'
Global ID = 18 | from: Cluster_10: 'X', Cluster_11: 'x'
Global ID = 19 | from: Cluster_2: '9'
Global ID = 20 | from: Cluster_5: '1'
Global ID = 21 | from: Cluster_9: '5'
Global ID = 22 | from: Cluster_9: '7'
Global ID = 23 | from: Cluster_9: '9'
Global ID = 24 | from: Cluster_9: 'B'
Global ID = 25 | from: Cluster_9: 'E'
Global ID = 26 | from: Cluster_9: 'G'
Global ID = 27 | from: Cluster_9: 'I'
Global ID = 28 | from: Cluster_9: 'J'
Global ID = 29 | from: Cluster_9: 'L'
Global ID = 30 | from: Cluster_9: 'M'
Global ID = 31 | from: Cluster_9: 'Q'
Global ID = 32 | from: Cluster_9: 'R'
Global ID = 33 | from: Cluster_9: 'S'
Global ID = 34 | from: Cluster_9: 'T'
Global ID = 35 | from: Cluster_9: 'X'
Global ID = 36 | from: Cluster_9: 'Y'
Global ID = 37 | from: Cluster_9: 'Z'
Global ID = 38 | from: Cluster_9: 'c'
Global ID = 39 | from: Cluster_9: 'd'
Global ID = 40 | from: Cluster_9: 'i'
Global ID = 41 | from: Cluster_9: 'j'
Global ID = 42 | from: Cluster_9: 'k'
Global ID = 43 | from: Cluster_9: 'l'
Global ID = 44 | from: Cluster_9: 'n'
Global ID = 45 | from: Cluster_9: 'q'
Global ID = 46 | from: Cluster_9: 't'
Global ID = 47 | from: Cluster_9: 'u'
Global ID = 48 | from: Cluster_9: 'x'
Global ID = 49 | from: Cluster_9: 'y'
Global ID = 50 | from: Cluster_9: 'z'
Global ID = 51 | from: Cluster_10: '5'
Global ID = 52 | from: Cluster_10: '6'
Global ID = 53 | from: Cluster_10: '8'
Global ID = 54 | from: Cluster_10: '9'
Global ID = 55 | from: Cluster_10: 'A'
Global ID = 56 | from: Cluster_10: 'B'
Global ID = 57 | from: Cluster_10: 'D'
Global ID = 58 | from: Cluster_10: 'E'
Global ID = 59 | from: Cluster_10: 'F'
Global ID = 60 | from: Cluster_10: 'J'
Global ID = 61 | from: Cluster_10: 'K'
Global ID = 62 | from: Cluster_10: 'L'
Global ID = 63 | from: Cluster_10: 'O'
Global ID = 64 | from: Cluster_10: 'Q'
Global ID = 65 | from: Cluster_10: 'R'
Global ID = 66 | from: Cluster_10: 'S'
Global ID = 67 | from: Cluster_10: 'T'
Global ID = 68 | from: Cluster_10: 'V'
Global ID = 69 | from: Cluster_10: 'Z'
Global ID = 70 | from: Cluster_10: 'a'
Global ID = 71 | from: Cluster_10: 'c'
Global ID = 72 | from: Cluster_10: 'd'
Global ID = 73 | from: Cluster_10: 'e'
Global ID = 74 | from: Cluster_10: 'f'
Global ID = 75 | from: Cluster_10: 'g'
Global ID = 76 | from: Cluster_10: 'i'
Global ID = 77 | from: Cluster_10: 'j'
Global ID = 78 | from: Cluster_10: 'l'
Global ID = 79 | from: Cluster_10: 'm'
Global ID = 80 | from: Cluster_10: 'n'
Global ID = 81 | from: Cluster_10: 'o'
Global ID = 82 | from: Cluster_10: 'q'
Global ID = 83 | from: Cluster_10: 'r'
Global ID = 84 | from: Cluster_10: 's'
Global ID = 85 | from: Cluster_10: 't'
Global ID = 86 | from: Cluster_10: 'u'
Global ID = 87 | from: Cluster_10: 'v'
Global ID = 88 | from: Cluster_10: 'w'
Global ID = 89 | from: Cluster_10: 'x'
Global ID = 90 | from: Cluster_10: 'y'
Global ID = 91 | from: Cluster_10: 'z'
Global ID = 92 | from: Cluster_12: 'airplane'
Global ID = 93 | from: Cluster_12: 'automobile'
Global ID = 94 | from: Cluster_12: 'cat'
Global ID = 95 | from: Cluster_12: 'deer'
Global ID = 96 | from: Cluster_12: 'dog'
Global ID = 97 | from: Cluster_12: 'frog'
Global ID = 98 | from: Cluster_12: 'ship'
Global ID = 99 | from: Cluster_12: 'truck'
==================================================


##################################################
Entropy Ratio = 0.85
##################################################

==================================================
Label Mapping Summary:
Global ID = 0  | from: Cluster_0: '2', Cluster_1: '5', Cluster_10: '7', Cluster_11: 'g', Cluster_12: 'airplane', Cluster_2: '3', Cluster_3: '6', Cluster_4: '8', Cluster_5: '2', Cluster_6: '5', Cluster_7: '2', Cluster_8: '9', Cluster_9: '3'
Global ID = 1  | from: Cluster_1: '6', Cluster_11: '6', Cluster_2: '6', Cluster_4: '6', Cluster_5: '9', Cluster_7: '6', Cluster_8: '6', Cluster_9: '6'
Global ID = 2  | from: Cluster_10: '4', Cluster_11: '4', Cluster_2: '4', Cluster_3: '1', Cluster_4: '4', Cluster_6: '4', Cluster_7: '4', Cluster_9: 'U'
Global ID = 3  | from: Cluster_2: '7', Cluster_6: '7', Cluster_7: '7'
Global ID = 4  | from: Cluster_10: '0', Cluster_11: 'J', Cluster_4: '5', Cluster_7: '0', Cluster_9: 'O'
Global ID = 5  | from: Cluster_4: '3', Cluster_8: '5'
Global ID = 6  | from: Cluster_10: '1', Cluster_11: '1', Cluster_7: '1', Cluster_9: '1'
Global ID = 7  | from: Cluster_10: 'p', Cluster_9: 'P'
Global ID = 8  | from: Cluster_10: 'M', Cluster_11: 'M', Cluster_9: 'm'
Global ID = 9  | from: Cluster_10: '2', Cluster_11: 'Z', Cluster_9: '2'
Global ID = 10 | from: Cluster_10: 'h', Cluster_11: 'h', Cluster_9: 'A'
Global ID = 11 | from: Cluster_10: 'C', Cluster_11: 'c', Cluster_9: 'C'
Global ID = 12 | from: Cluster_10: 'U', Cluster_11: 'D', Cluster_9: 'D'
Global ID = 13 | from: Cluster_10: 'k', Cluster_11: 'k', Cluster_9: 'K'
Global ID = 14 | from: Cluster_11: 'N', Cluster_9: 'N'
Global ID = 15 | from: Cluster_10: 'b', Cluster_11: 'b', Cluster_12: 'horse', Cluster_9: 'b'
Global ID = 16 | from: Cluster_10: 'W', Cluster_11: 'w', Cluster_9: 'w'
Global ID = 17 | from: Cluster_10: 'H', Cluster_11: 'H'
Global ID = 18 | from: Cluster_10: 'X', Cluster_11: 'x'
Global ID = 19 | from: Cluster_2: '9'
Global ID = 20 | from: Cluster_5: '1'
Global ID = 21 | from: Cluster_9: '5'
Global ID = 22 | from: Cluster_9: '7'
Global ID = 23 | from: Cluster_9: '9'
Global ID = 24 | from: Cluster_9: 'B'
Global ID = 25 | from: Cluster_9: 'E'
Global ID = 26 | from: Cluster_9: 'G'
Global ID = 27 | from: Cluster_9: 'I'
Global ID = 28 | from: Cluster_9: 'J'
Global ID = 29 | from: Cluster_9: 'L'
Global ID = 30 | from: Cluster_9: 'M'
Global ID = 31 | from: Cluster_9: 'Q'
Global ID = 32 | from: Cluster_9: 'R'
Global ID = 33 | from: Cluster_9: 'S'
Global ID = 34 | from: Cluster_9: 'T'
Global ID = 35 | from: Cluster_9: 'X'
Global ID = 36 | from: Cluster_9: 'Y'
Global ID = 37 | from: Cluster_9: 'Z'
Global ID = 38 | from: Cluster_9: 'c'
Global ID = 39 | from: Cluster_9: 'd'
Global ID = 40 | from: Cluster_9: 'i'
Global ID = 41 | from: Cluster_9: 'j'
Global ID = 42 | from: Cluster_9: 'k'
Global ID = 43 | from: Cluster_9: 'l'
Global ID = 44 | from: Cluster_9: 'n'
Global ID = 45 | from: Cluster_9: 'q'
Global ID = 46 | from: Cluster_9: 't'
Global ID = 47 | from: Cluster_9: 'u'
Global ID = 48 | from: Cluster_9: 'x'
Global ID = 49 | from: Cluster_9: 'y'
Global ID = 50 | from: Cluster_9: 'z'
Global ID = 51 | from: Cluster_10: '5'
Global ID = 52 | from: Cluster_10: '6'
Global ID = 53 | from: Cluster_10: '8'
Global ID = 54 | from: Cluster_10: '9'
Global ID = 55 | from: Cluster_10: 'A'
Global ID = 56 | from: Cluster_10: 'B'
Global ID = 57 | from: Cluster_10: 'D'
Global ID = 58 | from: Cluster_10: 'E'
Global ID = 59 | from: Cluster_10: 'F'
Global ID = 60 | from: Cluster_10: 'J'
Global ID = 61 | from: Cluster_10: 'K'
Global ID = 62 | from: Cluster_10: 'L'
Global ID = 63 | from: Cluster_10: 'O'
Global ID = 64 | from: Cluster_10: 'Q'
Global ID = 65 | from: Cluster_10: 'R'
Global ID = 66 | from: Cluster_10: 'S'
Global ID = 67 | from: Cluster_10: 'T'
Global ID = 68 | from: Cluster_10: 'V'
Global ID = 69 | from: Cluster_10: 'Z'
Global ID = 70 | from: Cluster_10: 'a'
Global ID = 71 | from: Cluster_10: 'c'
Global ID = 72 | from: Cluster_10: 'd'
Global ID = 73 | from: Cluster_10: 'e'
Global ID = 74 | from: Cluster_10: 'f'
Global ID = 75 | from: Cluster_10: 'g'
Global ID = 76 | from: Cluster_10: 'i'
Global ID = 77 | from: Cluster_10: 'j'
Global ID = 78 | from: Cluster_10: 'l'
Global ID = 79 | from: Cluster_10: 'm'
Global ID = 80 | from: Cluster_10: 'n'
Global ID = 81 | from: Cluster_10: 'o'
Global ID = 82 | from: Cluster_10: 'q'
Global ID = 83 | from: Cluster_10: 'r'
Global ID = 84 | from: Cluster_10: 's'
Global ID = 85 | from: Cluster_10: 't'
Global ID = 86 | from: Cluster_10: 'u'
Global ID = 87 | from: Cluster_10: 'v'
Global ID = 88 | from: Cluster_10: 'w'
Global ID = 89 | from: Cluster_10: 'x'
Global ID = 90 | from: Cluster_10: 'y'
Global ID = 91 | from: Cluster_10: 'z'
Global ID = 92 | from: Cluster_12: 'automobile'
Global ID = 93 | from: Cluster_12: 'bird'
Global ID = 94 | from: Cluster_12: 'cat'
Global ID = 95 | from: Cluster_12: 'deer'
Global ID = 96 | from: Cluster_12: 'dog'
Global ID = 97 | from: Cluster_12: 'frog'
Global ID = 98 | from: Cluster_12: 'ship'
Global ID = 99 | from: Cluster_12: 'truck'
==================================================


##################################################
Entropy Ratio = 0.9
##################################################

==================================================
Label Mapping Summary:
Global ID = 0  | from: Cluster_0: '2', Cluster_1: '5', Cluster_10: '7', Cluster_11: 'g', Cluster_12: 'airplane', Cluster_2: '3', Cluster_3: '6', Cluster_4: '8', Cluster_5: '2', Cluster_6: '5', Cluster_7: '2', Cluster_8: '9', Cluster_9: '3'
Global ID = 1  | from: Cluster_1: '6', Cluster_11: '6', Cluster_2: '6', Cluster_4: '6', Cluster_5: '9', Cluster_7: '6', Cluster_8: '6', Cluster_9: '6'
Global ID = 2  | from: Cluster_10: '4', Cluster_11: '4', Cluster_2: '4', Cluster_3: '1', Cluster_4: '4', Cluster_6: '4', Cluster_7: '4', Cluster_9: 'U'
Global ID = 3  | from: Cluster_2: '7', Cluster_6: '7', Cluster_7: '7'
Global ID = 4  | from: Cluster_10: '0', Cluster_11: 'J', Cluster_4: '5', Cluster_7: '0', Cluster_9: 'O'
Global ID = 5  | from: Cluster_4: '3', Cluster_8: '5'
Global ID = 6  | from: Cluster_10: '1', Cluster_11: '1', Cluster_7: '1', Cluster_9: '1'
Global ID = 7  | from: Cluster_10: 'p', Cluster_9: 'P'
Global ID = 8  | from: Cluster_10: 'M', Cluster_11: 'M', Cluster_9: 'm'
Global ID = 9  | from: Cluster_10: '2', Cluster_11: 'Z', Cluster_9: '2'
Global ID = 10 | from: Cluster_10: 'h', Cluster_11: 'h', Cluster_9: 'A'
Global ID = 11 | from: Cluster_10: 'C', Cluster_11: 'c', Cluster_9: 'C'
Global ID = 12 | from: Cluster_10: 'U', Cluster_11: 'D', Cluster_9: 'D'
Global ID = 13 | from: Cluster_10: 'k', Cluster_11: 'k', Cluster_9: 'K'
Global ID = 14 | from: Cluster_11: 'N', Cluster_9: 'N'
Global ID = 15 | from: Cluster_10: 'b', Cluster_11: 'b', Cluster_12: 'horse', Cluster_9: 'b'
Global ID = 16 | from: Cluster_10: 'W', Cluster_11: 'w', Cluster_9: 'w'
Global ID = 17 | from: Cluster_10: 'H', Cluster_11: 'H'
Global ID = 18 | from: Cluster_10: 'X', Cluster_11: 'x'
Global ID = 19 | from: Cluster_2: '9'
Global ID = 20 | from: Cluster_5: '1'
Global ID = 21 | from: Cluster_9: '5'
Global ID = 22 | from: Cluster_9: '7'
Global ID = 23 | from: Cluster_9: '9'
Global ID = 24 | from: Cluster_9: 'B'
Global ID = 25 | from: Cluster_9: 'E'
Global ID = 26 | from: Cluster_9: 'G'
Global ID = 27 | from: Cluster_9: 'I'
Global ID = 28 | from: Cluster_9: 'J'
Global ID = 29 | from: Cluster_9: 'L'
Global ID = 30 | from: Cluster_9: 'M'
Global ID = 31 | from: Cluster_9: 'Q'
Global ID = 32 | from: Cluster_9: 'R'
Global ID = 33 | from: Cluster_9: 'S'
Global ID = 34 | from: Cluster_9: 'T'
Global ID = 35 | from: Cluster_9: 'X'
Global ID = 36 | from: Cluster_9: 'Y'
Global ID = 37 | from: Cluster_9: 'Z'
Global ID = 38 | from: Cluster_9: 'c'
Global ID = 39 | from: Cluster_9: 'd'
Global ID = 40 | from: Cluster_9: 'i'
Global ID = 41 | from: Cluster_9: 'j'
Global ID = 42 | from: Cluster_9: 'k'
Global ID = 43 | from: Cluster_9: 'l'
Global ID = 44 | from: Cluster_9: 'n'
Global ID = 45 | from: Cluster_9: 'q'
Global ID = 46 | from: Cluster_9: 't'
Global ID = 47 | from: Cluster_9: 'u'
Global ID = 48 | from: Cluster_9: 'x'
Global ID = 49 | from: Cluster_9: 'y'
Global ID = 50 | from: Cluster_9: 'z'
Global ID = 51 | from: Cluster_10: '5'
Global ID = 52 | from: Cluster_10: '6'
Global ID = 53 | from: Cluster_10: '8'
Global ID = 54 | from: Cluster_10: '9'
Global ID = 55 | from: Cluster_10: 'A'
Global ID = 56 | from: Cluster_10: 'B'
Global ID = 57 | from: Cluster_10: 'D'
Global ID = 58 | from: Cluster_10: 'E'
Global ID = 59 | from: Cluster_10: 'F'
Global ID = 60 | from: Cluster_10: 'J'
Global ID = 61 | from: Cluster_10: 'K'
Global ID = 62 | from: Cluster_10: 'L'
Global ID = 63 | from: Cluster_10: 'O'
Global ID = 64 | from: Cluster_10: 'Q'
Global ID = 65 | from: Cluster_10: 'R'
Global ID = 66 | from: Cluster_10: 'S'
Global ID = 67 | from: Cluster_10: 'T'
Global ID = 68 | from: Cluster_10: 'V'
Global ID = 69 | from: Cluster_10: 'Z'
Global ID = 70 | from: Cluster_10: 'a'
Global ID = 71 | from: Cluster_10: 'c'
Global ID = 72 | from: Cluster_10: 'd'
Global ID = 73 | from: Cluster_10: 'e'
Global ID = 74 | from: Cluster_10: 'f'
Global ID = 75 | from: Cluster_10: 'g'
Global ID = 76 | from: Cluster_10: 'i'
Global ID = 77 | from: Cluster_10: 'j'
Global ID = 78 | from: Cluster_10: 'l'
Global ID = 79 | from: Cluster_10: 'm'
Global ID = 80 | from: Cluster_10: 'n'
Global ID = 81 | from: Cluster_10: 'o'
Global ID = 82 | from: Cluster_10: 'q'
Global ID = 83 | from: Cluster_10: 'r'
Global ID = 84 | from: Cluster_10: 's'
Global ID = 85 | from: Cluster_10: 't'
Global ID = 86 | from: Cluster_10: 'u'
Global ID = 87 | from: Cluster_10: 'v'
Global ID = 88 | from: Cluster_10: 'w'
Global ID = 89 | from: Cluster_10: 'x'
Global ID = 90 | from: Cluster_10: 'y'
Global ID = 91 | from: Cluster_10: 'z'
Global ID = 92 | from: Cluster_12: 'automobile'
Global ID = 93 | from: Cluster_12: 'bird'
Global ID = 94 | from: Cluster_12: 'cat'
Global ID = 95 | from: Cluster_12: 'deer'
Global ID = 96 | from: Cluster_12: 'dog'
Global ID = 97 | from: Cluster_12: 'frog'
Global ID = 98 | from: Cluster_12: 'ship'
Global ID = 99 | from: Cluster_12: 'truck'
==================================================


##################################################
Entropy Ratio = 0.95
##################################################

==================================================
Label Mapping Summary:
Global ID = 0  | from: Cluster_0: '2', Cluster_1: '5', Cluster_10: '7', Cluster_11: 'g', Cluster_12: 'airplane', Cluster_2: '3', Cluster_3: '6', Cluster_4: '8', Cluster_5: '2', Cluster_6: '5', Cluster_7: '2', Cluster_8: '9', Cluster_9: '3'
Global ID = 1  | from: Cluster_1: '6', Cluster_11: '6', Cluster_2: '6', Cluster_4: '6', Cluster_5: '9', Cluster_7: '6', Cluster_8: '6', Cluster_9: '6'
Global ID = 2  | from: Cluster_10: '4', Cluster_11: '4', Cluster_2: '4', Cluster_3: '1', Cluster_4: '4', Cluster_6: '4', Cluster_7: '4', Cluster_9: 'U'
Global ID = 3  | from: Cluster_2: '7', Cluster_6: '7', Cluster_7: '7'
Global ID = 4  | from: Cluster_10: '0', Cluster_11: 'J', Cluster_4: '5', Cluster_7: '0', Cluster_9: 'O'
Global ID = 5  | from: Cluster_4: '3', Cluster_8: '5'
Global ID = 6  | from: Cluster_10: '1', Cluster_11: '1', Cluster_7: '1', Cluster_9: '1'
Global ID = 7  | from: Cluster_10: 'p', Cluster_9: 'P'
Global ID = 8  | from: Cluster_10: 'M', Cluster_11: 'M', Cluster_9: 'm'
Global ID = 9  | from: Cluster_10: '2', Cluster_11: 'Z', Cluster_9: '2'
Global ID = 10 | from: Cluster_10: 'h', Cluster_11: 'h', Cluster_9: 'A'
Global ID = 11 | from: Cluster_10: 'C', Cluster_11: 'c', Cluster_9: 'C'
Global ID = 12 | from: Cluster_10: 'U', Cluster_11: 'D', Cluster_9: 'D'
Global ID = 13 | from: Cluster_10: 'k', Cluster_11: 'k', Cluster_9: 'K'
Global ID = 14 | from: Cluster_11: 'N', Cluster_9: 'N'
Global ID = 15 | from: Cluster_10: 'b', Cluster_11: 'b', Cluster_12: 'horse', Cluster_9: 'b'
Global ID = 16 | from: Cluster_10: 'W', Cluster_11: 'w', Cluster_9: 'w'
Global ID = 17 | from: Cluster_10: 'H', Cluster_11: 'H'
Global ID = 18 | from: Cluster_10: 'X', Cluster_11: 'x'
Global ID = 19 | from: Cluster_2: '9'
Global ID = 20 | from: Cluster_5: '1'
Global ID = 21 | from: Cluster_9: '5'
Global ID = 22 | from: Cluster_9: '7'
Global ID = 23 | from: Cluster_9: '9'
Global ID = 24 | from: Cluster_9: 'B'
Global ID = 25 | from: Cluster_9: 'E'
Global ID = 26 | from: Cluster_9: 'G'
Global ID = 27 | from: Cluster_9: 'I'
Global ID = 28 | from: Cluster_9: 'J'
Global ID = 29 | from: Cluster_9: 'L'
Global ID = 30 | from: Cluster_9: 'M'
Global ID = 31 | from: Cluster_9: 'Q'
Global ID = 32 | from: Cluster_9: 'R'
Global ID = 33 | from: Cluster_9: 'S'
Global ID = 34 | from: Cluster_9: 'T'
Global ID = 35 | from: Cluster_9: 'X'
Global ID = 36 | from: Cluster_9: 'Y'
Global ID = 37 | from: Cluster_9: 'Z'
Global ID = 38 | from: Cluster_9: 'c'
Global ID = 39 | from: Cluster_9: 'd'
Global ID = 40 | from: Cluster_9: 'i'
Global ID = 41 | from: Cluster_9: 'j'
Global ID = 42 | from: Cluster_9: 'k'
Global ID = 43 | from: Cluster_9: 'l'
Global ID = 44 | from: Cluster_9: 'n'
Global ID = 45 | from: Cluster_9: 'q'
Global ID = 46 | from: Cluster_9: 't'
Global ID = 47 | from: Cluster_9: 'u'
Global ID = 48 | from: Cluster_9: 'x'
Global ID = 49 | from: Cluster_9: 'y'
Global ID = 50 | from: Cluster_9: 'z'
Global ID = 51 | from: Cluster_10: '5'
Global ID = 52 | from: Cluster_10: '6'
Global ID = 53 | from: Cluster_10: '8'
Global ID = 54 | from: Cluster_10: '9'
Global ID = 55 | from: Cluster_10: 'A'
Global ID = 56 | from: Cluster_10: 'B'
Global ID = 57 | from: Cluster_10: 'D'
Global ID = 58 | from: Cluster_10: 'E'
Global ID = 59 | from: Cluster_10: 'F'
Global ID = 60 | from: Cluster_10: 'J'
Global ID = 61 | from: Cluster_10: 'K'
Global ID = 62 | from: Cluster_10: 'L'
Global ID = 63 | from: Cluster_10: 'O'
Global ID = 64 | from: Cluster_10: 'Q'
Global ID = 65 | from: Cluster_10: 'R'
Global ID = 66 | from: Cluster_10: 'S'
Global ID = 67 | from: Cluster_10: 'T'
Global ID = 68 | from: Cluster_10: 'V'
Global ID = 69 | from: Cluster_10: 'Z'
Global ID = 70 | from: Cluster_10: 'a'
Global ID = 71 | from: Cluster_10: 'c'
Global ID = 72 | from: Cluster_10: 'd'
Global ID = 73 | from: Cluster_10: 'e'
Global ID = 74 | from: Cluster_10: 'f'
Global ID = 75 | from: Cluster_10: 'g'
Global ID = 76 | from: Cluster_10: 'i'
Global ID = 77 | from: Cluster_10: 'j'
Global ID = 78 | from: Cluster_10: 'l'
Global ID = 79 | from: Cluster_10: 'm'
Global ID = 80 | from: Cluster_10: 'n'
Global ID = 81 | from: Cluster_10: 'o'
Global ID = 82 | from: Cluster_10: 'q'
Global ID = 83 | from: Cluster_10: 'r'
Global ID = 84 | from: Cluster_10: 's'
Global ID = 85 | from: Cluster_10: 't'
Global ID = 86 | from: Cluster_10: 'u'
Global ID = 87 | from: Cluster_10: 'v'
Global ID = 88 | from: Cluster_10: 'w'
Global ID = 89 | from: Cluster_10: 'x'
Global ID = 90 | from: Cluster_10: 'y'
Global ID = 91 | from: Cluster_10: 'z'
Global ID = 92 | from: Cluster_12: 'automobile'
Global ID = 93 | from: Cluster_12: 'bird'
Global ID = 94 | from: Cluster_12: 'cat'
Global ID = 95 | from: Cluster_12: 'deer'
Global ID = 96 | from: Cluster_12: 'dog'
Global ID = 97 | from: Cluster_12: 'frog'
Global ID = 98 | from: Cluster_12: 'ship'
Global ID = 99 | from: Cluster_12: 'truck'
==================================================


##################################################
Entropy Ratio = 1.0
##################################################

==================================================
Label Mapping Summary:
Global ID = 0  | from: Cluster_0: '2', Cluster_1: '5', Cluster_10: '7', Cluster_11: 'g', Cluster_12: 'airplane', Cluster_2: '3', Cluster_3: '6', Cluster_4: '8', Cluster_5: '2', Cluster_6: '5', Cluster_7: '2', Cluster_8: '9', Cluster_9: '3'
Global ID = 1  | from: Cluster_1: '6', Cluster_11: '6', Cluster_2: '6', Cluster_4: '6', Cluster_5: '9', Cluster_7: '6', Cluster_8: '6', Cluster_9: '6'
Global ID = 2  | from: Cluster_10: '4', Cluster_11: '4', Cluster_2: '4', Cluster_3: '1', Cluster_4: '4', Cluster_6: '4', Cluster_7: '4', Cluster_9: 'U'
Global ID = 3  | from: Cluster_2: '7', Cluster_6: '7', Cluster_7: '7'
Global ID = 4  | from: Cluster_10: '0', Cluster_11: 'J', Cluster_4: '5', Cluster_7: '0', Cluster_9: 'O'
Global ID = 5  | from: Cluster_4: '3', Cluster_8: '5'
Global ID = 6  | from: Cluster_10: '1', Cluster_11: '1', Cluster_7: '1', Cluster_9: '1'
Global ID = 7  | from: Cluster_10: 'p', Cluster_9: 'P'
Global ID = 8  | from: Cluster_10: 'M', Cluster_11: 'M', Cluster_9: 'm'
Global ID = 9  | from: Cluster_10: '2', Cluster_11: 'Z', Cluster_9: '2'
Global ID = 10 | from: Cluster_10: 'h', Cluster_11: 'h', Cluster_9: 'A'
Global ID = 11 | from: Cluster_10: 'C', Cluster_11: 'c', Cluster_9: 'C'
Global ID = 12 | from: Cluster_10: 'U', Cluster_11: 'D', Cluster_9: 'D'
Global ID = 13 | from: Cluster_10: 'k', Cluster_11: 'k', Cluster_9: 'K'
Global ID = 14 | from: Cluster_11: 'N', Cluster_9: 'N'
Global ID = 15 | from: Cluster_10: 'b', Cluster_11: 'b', Cluster_12: 'horse', Cluster_9: 'b'
Global ID = 16 | from: Cluster_10: 'W', Cluster_11: 'w', Cluster_9: 'w'
Global ID = 17 | from: Cluster_10: 'H', Cluster_11: 'H'
Global ID = 18 | from: Cluster_10: 'X', Cluster_11: 'x'
Global ID = 19 | from: Cluster_2: '9'
Global ID = 20 | from: Cluster_5: '1'
Global ID = 21 | from: Cluster_9: '5'
Global ID = 22 | from: Cluster_9: '7'
Global ID = 23 | from: Cluster_9: '9'
Global ID = 24 | from: Cluster_9: 'B'
Global ID = 25 | from: Cluster_9: 'E'
Global ID = 26 | from: Cluster_9: 'G'
Global ID = 27 | from: Cluster_9: 'I'
Global ID = 28 | from: Cluster_9: 'J'
Global ID = 29 | from: Cluster_9: 'L'
Global ID = 30 | from: Cluster_9: 'M'
Global ID = 31 | from: Cluster_9: 'Q'
Global ID = 32 | from: Cluster_9: 'R'
Global ID = 33 | from: Cluster_9: 'S'
Global ID = 34 | from: Cluster_9: 'T'
Global ID = 35 | from: Cluster_9: 'X'
Global ID = 36 | from: Cluster_9: 'Y'
Global ID = 37 | from: Cluster_9: 'Z'
Global ID = 38 | from: Cluster_9: 'c'
Global ID = 39 | from: Cluster_9: 'd'
Global ID = 40 | from: Cluster_9: 'i'
Global ID = 41 | from: Cluster_9: 'j'
Global ID = 42 | from: Cluster_9: 'k'
Global ID = 43 | from: Cluster_9: 'l'
Global ID = 44 | from: Cluster_9: 'n'
Global ID = 45 | from: Cluster_9: 'q'
Global ID = 46 | from: Cluster_9: 't'
Global ID = 47 | from: Cluster_9: 'u'
Global ID = 48 | from: Cluster_9: 'x'
Global ID = 49 | from: Cluster_9: 'y'
Global ID = 50 | from: Cluster_9: 'z'
Global ID = 51 | from: Cluster_10: '5'
Global ID = 52 | from: Cluster_10: '6'
Global ID = 53 | from: Cluster_10: '8'
Global ID = 54 | from: Cluster_10: '9'
Global ID = 55 | from: Cluster_10: 'A'
Global ID = 56 | from: Cluster_10: 'B'
Global ID = 57 | from: Cluster_10: 'D'
Global ID = 58 | from: Cluster_10: 'E'
Global ID = 59 | from: Cluster_10: 'F'
Global ID = 60 | from: Cluster_10: 'J'
Global ID = 61 | from: Cluster_10: 'K'
Global ID = 62 | from: Cluster_10: 'L'
Global ID = 63 | from: Cluster_10: 'O'
Global ID = 64 | from: Cluster_10: 'Q'
Global ID = 65 | from: Cluster_10: 'R'
Global ID = 66 | from: Cluster_10: 'S'
Global ID = 67 | from: Cluster_10: 'T'
Global ID = 68 | from: Cluster_10: 'V'
Global ID = 69 | from: Cluster_10: 'Z'
Global ID = 70 | from: Cluster_10: 'a'
Global ID = 71 | from: Cluster_10: 'c'
Global ID = 72 | from: Cluster_10: 'd'
Global ID = 73 | from: Cluster_10: 'e'
Global ID = 74 | from: Cluster_10: 'f'
Global ID = 75 | from: Cluster_10: 'g'
Global ID = 76 | from: Cluster_10: 'i'
Global ID = 77 | from: Cluster_10: 'j'
Global ID = 78 | from: Cluster_10: 'l'
Global ID = 79 | from: Cluster_10: 'm'
Global ID = 80 | from: Cluster_10: 'n'
Global ID = 81 | from: Cluster_10: 'o'
Global ID = 82 | from: Cluster_10: 'q'
Global ID = 83 | from: Cluster_10: 'r'
Global ID = 84 | from: Cluster_10: 's'
Global ID = 85 | from: Cluster_10: 't'
Global ID = 86 | from: Cluster_10: 'u'
Global ID = 87 | from: Cluster_10: 'v'
Global ID = 88 | from: Cluster_10: 'w'
Global ID = 89 | from: Cluster_10: 'x'
Global ID = 90 | from: Cluster_10: 'y'
Global ID = 91 | from: Cluster_10: 'z'
Global ID = 92 | from: Cluster_12: 'automobile'
Global ID = 93 | from: Cluster_12: 'bird'
Global ID = 94 | from: Cluster_12: 'cat'
Global ID = 95 | from: Cluster_12: 'deer'
Global ID = 96 | from: Cluster_12: 'dog'
Global ID = 97 | from: Cluster_12: 'frog'
Global ID = 98 | from: Cluster_12: 'ship'
Global ID = 99 | from: Cluster_12: 'truck'
==================================================

