Time: 2026-04-18 10:10:54
Log Dir: /home/unshun/multi-FL/logs/Local_noniid_hom_gb40/new_client_2026-04-18_10-10-54/
================================================================================Loading checkpoints from logs/Local_noniid_hom_gb40/Local/
Method selected: DI
Loaded CNN for CIFAR10 from client_model_CIFAR10_c22_CNN.pth
Loaded CNN for CIFAR10 from client_model_CIFAR10_c23_CNN.pth
Loaded CNN for CIFAR10 from client_model_CIFAR10_c29_CNN.pth
Loaded CNN for CIFAR10 from client_model_CIFAR10_c24_CNN.pth
Loaded CNN for CIFAR10 from client_model_CIFAR10_c28_CNN.pth
Loaded CNN for CIFAR10 from client_model_CIFAR10_c26_CNN.pth
Loaded CNN for CIFAR10 from client_model_CIFAR10_c25_CNN.pth
Loaded CNN for CIFAR10 from client_model_CIFAR10_c27_CNN.pth
Loaded CNN for CIFAR10 from client_model_CIFAR10_c31_CNN.pth
Loaded CNN for CIFAR10 from client_model_CIFAR10_c30_CNN.pth
WARNING: No models loaded for dataset: FashionMNIST.
WARNING: No models loaded for dataset: CIFAR100.

========================================
>>> [METHOD: SYNTHETIC] Starting Synthetic Label Mapping...
========================================
>>> Target Methods to Run: ['DI']
>>> [Syn] Loaded client data distributions directly from server checkpoint.

########################################
>>> [Syn] Running Method: DI
########################################

>>> Syn-DI Training New Generators...
[Testing] Training Per-Dataset Generators Offline (New Gen Method)...
--- DeepInversion Generator Configuration ---
    epochs: 120
    g_steps: 1000
    lr: 0.1
    ce: 1.0
    bn: 10.0
    tv: 0.005
    l2: 0.0
    adv: 1.0
    student_lr: 0.2
------------------------------------
    -> [Epoch 0] Student Test Accuracy for CIFAR10: 9.57%
    -> [Epoch 1] Student Test Accuracy for CIFAR10: 10.00%
    -> [Epoch 2] Student Test Accuracy for CIFAR10: 10.00%
    -> [Epoch 3] Student Test Accuracy for CIFAR10: 10.50%
    -> [Epoch 4] Student Test Accuracy for CIFAR10: 13.23%
    -> [Epoch 5] Student Test Accuracy for CIFAR10: 18.39%
    -> [Epoch 6] Student Test Accuracy for CIFAR10: 20.97%
    -> [Epoch 7] Student Test Accuracy for CIFAR10: 18.38%
    -> [Epoch 8] Student Test Accuracy for CIFAR10: 17.36%
    -> [Epoch 9] Student Test Accuracy for CIFAR10: 18.19%
    -> [Epoch 10] Student Test Accuracy for CIFAR10: 17.42%
    -> [Epoch 11] Student Test Accuracy for CIFAR10: 17.78%
    -> [Epoch 12] Student Test Accuracy for CIFAR10: 15.94%
    -> [Epoch 13] Student Test Accuracy for CIFAR10: 16.85%
    -> [Epoch 14] Student Test Accuracy for CIFAR10: 18.45%
    -> [Epoch 15] Student Test Accuracy for CIFAR10: 14.59%
    -> [Epoch 16] Student Test Accuracy for CIFAR10: 17.09%
    -> [Epoch 17] Student Test Accuracy for CIFAR10: 18.19%
    -> [Epoch 18] Student Test Accuracy for CIFAR10: 18.93%
    -> [Epoch 19] Student Test Accuracy for CIFAR10: 19.96%
    -> [Epoch 20] Student Test Accuracy for CIFAR10: 20.15%
    -> [Epoch 21] Student Test Accuracy for CIFAR10: 20.08%
    -> [Epoch 22] Student Test Accuracy for CIFAR10: 19.11%
    -> [Epoch 23] Student Test Accuracy for CIFAR10: 18.91%
    -> [Epoch 24] Student Test Accuracy for CIFAR10: 20.18%
    -> [Epoch 25] Student Test Accuracy for CIFAR10: 19.23%
    -> [Epoch 26] Student Test Accuracy for CIFAR10: 18.31%
    -> [Epoch 27] Student Test Accuracy for CIFAR10: 17.35%
    -> [Epoch 28] Student Test Accuracy for CIFAR10: 18.16%
    -> [Epoch 29] Student Test Accuracy for CIFAR10: 19.16%
    -> [Epoch 30] Student Test Accuracy for CIFAR10: 20.65%
    -> [Epoch 31] Student Test Accuracy for CIFAR10: 19.42%
    -> [Epoch 32] Student Test Accuracy for CIFAR10: 18.39%
    -> [Epoch 33] Student Test Accuracy for CIFAR10: 18.70%
    -> [Epoch 34] Student Test Accuracy for CIFAR10: 19.72%
    -> [Epoch 35] Student Test Accuracy for CIFAR10: 20.68%
    -> [Epoch 36] Student Test Accuracy for CIFAR10: 19.42%
    -> [Epoch 37] Student Test Accuracy for CIFAR10: 18.23%
    -> [Epoch 38] Student Test Accuracy for CIFAR10: 18.56%
    -> [Epoch 39] Student Test Accuracy for CIFAR10: 18.86%
    -> [Epoch 40] Student Test Accuracy for CIFAR10: 19.57%
    -> [Epoch 41] Student Test Accuracy for CIFAR10: 19.44%
    -> [Epoch 42] Student Test Accuracy for CIFAR10: 20.27%
    -> [Epoch 43] Student Test Accuracy for CIFAR10: 22.09%
    -> [Epoch 44] Student Test Accuracy for CIFAR10: 22.03%
    -> [Epoch 45] Student Test Accuracy for CIFAR10: 21.47%
    -> [Epoch 46] Student Test Accuracy for CIFAR10: 20.28%
    -> [Epoch 47] Student Test Accuracy for CIFAR10: 19.87%
    -> [Epoch 48] Student Test Accuracy for CIFAR10: 21.15%
    -> [Epoch 49] Student Test Accuracy for CIFAR10: 22.48%
    -> [Epoch 50] Student Test Accuracy for CIFAR10: 22.20%
    -> [Epoch 51] Student Test Accuracy for CIFAR10: 21.97%
    -> [Epoch 52] Student Test Accuracy for CIFAR10: 20.52%
    -> [Epoch 53] Student Test Accuracy for CIFAR10: 19.75%
    -> [Epoch 54] Student Test Accuracy for CIFAR10: 20.13%
    -> [Epoch 55] Student Test Accuracy for CIFAR10: 21.72%
    -> [Epoch 56] Student Test Accuracy for CIFAR10: 20.34%
    -> [Epoch 57] Student Test Accuracy for CIFAR10: 19.53%
    -> [Epoch 58] Student Test Accuracy for CIFAR10: 18.98%
    -> [Epoch 59] Student Test Accuracy for CIFAR10: 20.39%
    -> [Epoch 60] Student Test Accuracy for CIFAR10: 21.14%
    -> [Epoch 61] Student Test Accuracy for CIFAR10: 22.83%
    -> [Epoch 62] Student Test Accuracy for CIFAR10: 23.45%
    -> [Epoch 63] Student Test Accuracy for CIFAR10: 22.02%
    -> [Epoch 64] Student Test Accuracy for CIFAR10: 20.22%
    -> [Epoch 65] Student Test Accuracy for CIFAR10: 18.10%
    -> [Epoch 66] Student Test Accuracy for CIFAR10: 16.43%
    -> [Epoch 67] Student Test Accuracy for CIFAR10: 14.74%
    -> [Epoch 68] Student Test Accuracy for CIFAR10: 21.58%
    -> [Epoch 69] Student Test Accuracy for CIFAR10: 21.86%
    -> [Epoch 70] Student Test Accuracy for CIFAR10: 21.63%
    -> [Epoch 71] Student Test Accuracy for CIFAR10: 21.64%
    -> [Epoch 72] Student Test Accuracy for CIFAR10: 20.44%
    -> [Epoch 73] Student Test Accuracy for CIFAR10: 19.08%
    -> [Epoch 74] Student Test Accuracy for CIFAR10: 17.91%
    -> [Epoch 75] Student Test Accuracy for CIFAR10: 18.72%
    -> [Epoch 76] Student Test Accuracy for CIFAR10: 18.96%
    -> [Epoch 77] Student Test Accuracy for CIFAR10: 19.48%
    -> [Epoch 78] Student Test Accuracy for CIFAR10: 20.15%
    -> [Epoch 79] Student Test Accuracy for CIFAR10: 21.14%
    -> [Epoch 80] Student Test Accuracy for CIFAR10: 21.44%
    -> [Epoch 81] Student Test Accuracy for CIFAR10: 21.87%
    -> [Epoch 82] Student Test Accuracy for CIFAR10: 21.16%
    -> [Epoch 83] Student Test Accuracy for CIFAR10: 22.02%
    -> [Epoch 84] Student Test Accuracy for CIFAR10: 21.86%
    -> [Epoch 85] Student Test Accuracy for CIFAR10: 21.67%
    -> [Epoch 86] Student Test Accuracy for CIFAR10: 22.31%
    -> [Epoch 87] Student Test Accuracy for CIFAR10: 20.82%
    -> [Epoch 88] Student Test Accuracy for CIFAR10: 18.04%
    -> [Epoch 89] Student Test Accuracy for CIFAR10: 17.92%
    -> [Epoch 90] Student Test Accuracy for CIFAR10: 18.71%
    -> [Epoch 91] Student Test Accuracy for CIFAR10: 19.03%
    -> [Epoch 92] Student Test Accuracy for CIFAR10: 18.49%
    -> [Epoch 93] Student Test Accuracy for CIFAR10: 18.07%
    -> [Epoch 94] Student Test Accuracy for CIFAR10: 19.10%
    -> [Epoch 95] Student Test Accuracy for CIFAR10: 20.63%
    -> [Epoch 96] Student Test Accuracy for CIFAR10: 21.51%
    -> [Epoch 97] Student Test Accuracy for CIFAR10: 22.40%
    -> [Epoch 98] Student Test Accuracy for CIFAR10: 22.17%
    -> [Epoch 99] Student Test Accuracy for CIFAR10: 21.55%
    -> [Epoch 100] Student Test Accuracy for CIFAR10: 20.24%
    -> [Epoch 101] Student Test Accuracy for CIFAR10: 18.68%
    -> [Epoch 102] Student Test Accuracy for CIFAR10: 18.46%
    -> [Epoch 103] Student Test Accuracy for CIFAR10: 20.06%
    -> [Epoch 104] Student Test Accuracy for CIFAR10: 21.05%
    -> [Epoch 105] Student Test Accuracy for CIFAR10: 21.79%
    -> [Epoch 106] Student Test Accuracy for CIFAR10: 21.93%
    -> [Epoch 107] Student Test Accuracy for CIFAR10: 21.04%
    -> [Epoch 108] Student Test Accuracy for CIFAR10: 20.26%
    -> [Epoch 109] Student Test Accuracy for CIFAR10: 19.67%
    -> [Epoch 110] Student Test Accuracy for CIFAR10: 18.84%
    -> [Epoch 111] Student Test Accuracy for CIFAR10: 17.72%
    -> [Epoch 112] Student Test Accuracy for CIFAR10: 18.51%
    -> [Epoch 113] Student Test Accuracy for CIFAR10: 19.72%
    -> [Epoch 114] Student Test Accuracy for CIFAR10: 19.39%
    -> [Epoch 115] Student Test Accuracy for CIFAR10: 19.71%
    -> [Epoch 116] Student Test Accuracy for CIFAR10: 20.11%
    -> [Epoch 117] Student Test Accuracy for CIFAR10: 19.82%
    -> [Epoch 118] Student Test Accuracy for CIFAR10: 19.45%
    -> [Epoch 119] Student Test Accuracy for CIFAR10: 21.15%
    Dataset [CIFAR10] Generator | Epochs: 120 | Final Loss: 11.5473
    -> Student Accuracy per Epoch saved to /home/unshun/multi-FL/logs/Local_noniid_hom_gb40/new_client_2026-04-18_10-10-54/DI_CIFAR10_student_acc.csv
-> [New] Gen images saved to /home/unshun/multi-FL/logs/Local_noniid_hom_gb40/new_client_2026-04-18_10-10-54/DeepInversion_CIFAR10__gen_img_new.png
