Time: 2026-05-12 17:34:01
Log Dir: logs/2026-05-12_17-34-01/FedTED_dir
================================================================================

==============================        Args        ==============================
  exp_timestamp: None
  exp_conf: ./configs/het-iid-exp.yaml
  device: cuda:1
  seed: 15698
  algorithm: FedTED_dir
  num_new_clients: 1
  num_train_mnist: 10
  num_train_emnist: 10
  num_train_fashionmnist: 0
  num_train_cifar10: 10
  num_train_cifar100: 0
  num_train_usps: 0
================================================================================
==============================    Exp Configs     ==============================
exp_name: model-heterogeneity
heterogeneous: true
dirichlet_alpha: 100
global_rounds: 30
local_epochs: 1
local_loss_fn: CrossEntropyLoss
local_optim: Adam
local_lr: 0.001
batch_size: 64
sample_frac: 1.0
test_interval: 1
metric_type: accuracy
global_feature_dim: 256
optim: Adam
optim_lr: 0.001
global_gen_epochs: 10
gen_noise_dim: 128
gen_optim: Adam
gen_optim_lr: 0.001
global_feat_gen_epochs: 10
feat_gen_noise_dim: 128
feat_gen_optim: Adam
feat_gen_optim_lr: 0.001
feat_gen_div_beta: 1.0
public_data_ratio: 0.05
start_mapping_epoch: 1
gen_observer_weight: 1.0
index_matching: class_name
aggregate_method: dataset_name
use_new_entropy_method: true
entropy_ratio: 0.85
global_model_epochs: 5
global_model_optim: Adam
global_model_optim_lr: 0.0001
global_samples_per_class: 64

================================================================================

==================================================
Start 30 rounds training by FedTED_dir
Selected client ids: [0, 1, 2, 3, 4, 5, 6, 7, 8, 9, 10, 11, 12, 13, 14, 15, 16, 17, 18, 19, 20, 21, 22, 23, 24, 25, 26, 27, 28, 29]
--- Round 1 ---
Round 1 | Client 0 | Model: (MLP) | Acc: 84.73%
Round 1 | Client 1 | Model: (CNN) | Acc: 67.88%
Round 1 | Client 2 | Model: (ResNet8) | Acc: 91.62%
Round 1 | Client 3 | Model: (ResNet18) | Acc: 88.69%
Round 1 | Client 4 | Model: (MobileNetV2) | Acc: 74.63%
Round 1 | Client 5 | Model: (MobileNetV3) | Acc: 47.38%
Round 1 | Client 6 | Model: (LeNet) | Acc: 77.46%
Round 1 | Client 7 | Model: (AlexNet) | Acc: 90.74%
Round 1 | Client 8 | Model: (ShuffleNet) | Acc: 60.13%
Round 1 | Client 9 | Model: (SqueezeNet) | Acc: 61.20%
Round 1 | Client 11 | Model: (MLP) | Acc: 30.00%
Round 1 | Client 12 | Model: (CNN) | Acc: 19.27%
Round 1 | Client 13 | Model: (ResNet8) | Acc: 34.62%
Round 1 | Client 14 | Model: (ResNet18) | Acc: 43.06%
Round 1 | Client 15 | Model: (MobileNetV2) | Acc: 39.89%
Round 1 | Client 16 | Model: (MobileNetV3) | Acc: 9.62%
Round 1 | Client 17 | Model: (LeNet) | Acc: 29.22%
Round 1 | Client 18 | Model: (AlexNet) | Acc: 46.27%
Round 1 | Client 19 | Model: (ShuffleNet) | Acc: 32.94%
Round 1 | Client 20 | Model: (SqueezeNet) | Acc: 29.23%
Round 1 | Client 22 | Model: (MLP) | Acc: 35.85%
Round 1 | Client 23 | Model: (CNN) | Acc: 34.95%
Round 1 | Client 24 | Model: (ResNet8) | Acc: 36.94%
Round 1 | Client 25 | Model: (ResNet18) | Acc: 28.30%
Round 1 | Client 26 | Model: (MobileNetV2) | Acc: 16.37%
Round 1 | Client 27 | Model: (MobileNetV3) | Acc: 30.58%
Round 1 | Client 28 | Model: (LeNet) | Acc: 26.95%
Round 1 | Client 29 | Model: (AlexNet) | Acc: 25.51%
Round 1 | Client 30 | Model: (ShuffleNet) | Acc: 21.38%
Round 1 | Client 31 | Model: (SqueezeNet) | Acc: 16.85%
[Server] Aggregating by Dataset Name ...
[Server] Performing Name-Based Label Mapping...
[Server] Name-based mapping completed. Found 72 unique global classes.

=========================================================================================================
Global ID  | Class Name           | Mapped Datasets (Local ID)
---------------------------------------------------------------------------------------------------------
0          | 0                    | MNIST(0), EMNIST(0)
1          | 1                    | MNIST(1), EMNIST(1)
2          | 2                    | MNIST(2), EMNIST(2)
3          | 3                    | MNIST(3), EMNIST(3)
4          | 4                    | MNIST(4), EMNIST(4)
5          | 5                    | MNIST(5), EMNIST(5)
6          | 6                    | MNIST(6), EMNIST(6)
7          | 7                    | MNIST(7), EMNIST(7)
8          | 8                    | MNIST(8), EMNIST(8)
9          | 9                    | MNIST(9), EMNIST(9)
10         | A                    | EMNIST(10)
11         | B                    | EMNIST(11)
12         | C                    | EMNIST(12)
13         | D                    | EMNIST(13)
14         | E                    | EMNIST(14)
15         | F                    | EMNIST(15)
16         | G                    | EMNIST(16)
17         | H                    | EMNIST(17)
18         | I                    | EMNIST(18)
19         | J                    | EMNIST(19)
20         | K                    | EMNIST(20)
21         | L                    | EMNIST(21)
22         | M                    | EMNIST(22)
23         | N                    | EMNIST(23)
24         | O                    | EMNIST(24)
25         | P                    | EMNIST(25)
26         | Q                    | EMNIST(26)
27         | R                    | EMNIST(27)
28         | S                    | EMNIST(28)
29         | T                    | EMNIST(29)
30         | U                    | EMNIST(30)
31         | V                    | EMNIST(31)
32         | W                    | EMNIST(32)
33         | X                    | EMNIST(33)
34         | Y                    | EMNIST(34)
35         | Z                    | EMNIST(35)
36         | a                    | EMNIST(36)
37         | airplane             | CIFAR10(0)
38         | automobile           | CIFAR10(1)
39         | b                    | EMNIST(37)
40         | bird                 | CIFAR10(2)
41         | c                    | EMNIST(38)
42         | cat                  | CIFAR10(3)
43         | d                    | EMNIST(39)
44         | deer                 | CIFAR10(4)
45         | dog                  | CIFAR10(5)
46         | e                    | EMNIST(40)
47         | f                    | EMNIST(41)
48         | frog                 | CIFAR10(6)
49         | g                    | EMNIST(42)
50         | h                    | EMNIST(43)
51         | horse                | CIFAR10(7)
52         | i                    | EMNIST(44)
53         | j                    | EMNIST(45)
54         | k                    | EMNIST(46)
55         | l                    | EMNIST(47)
56         | m                    | EMNIST(48)
57         | n                    | EMNIST(49)
58         | o                    | EMNIST(50)
59         | p                    | EMNIST(51)
60         | q                    | EMNIST(52)
61         | r                    | EMNIST(53)
62         | s                    | EMNIST(54)
63         | ship                 | CIFAR10(8)
64         | t                    | EMNIST(55)
65         | truck                | CIFAR10(9)
66         | u                    | EMNIST(56)
67         | v                    | EMNIST(57)
68         | w                    | EMNIST(58)
69         | x                    | EMNIST(59)
70         | y                    | EMNIST(60)
71         | z                    | EMNIST(61)
=========================================================================================================

[Server] Training Feature-Based Global Generator...
Initializing Global Inference Model with 72 classes...
[Server] Global Inference Model Acc (MNIST) (Round 1): 95.69% (Tested on 9095 samples)
[Server] Global Inference Model Acc (EMNIST) (Round 1): 76.60% (Tested on 105779 samples)
[Server] Global Inference Model Acc (CIFAR10) (Round 1): 29.30% (Tested on 9100 samples)
[Server] Global Inference Model Acc (Mix) (Round 1): 74.53% (Tested on 123974 samples)
Selected client ids: [0, 1, 2, 3, 4, 5, 6, 7, 8, 9, 10, 11, 12, 13, 14, 15, 16, 17, 18, 19, 20, 21, 22, 23, 24, 25, 26, 27, 28, 29]
--- Round 2 ---
Round 2 | Client 0 | Model: (MLP) | Acc: 87.57%
Round 2 | Client 1 | Model: (CNN) | Acc: 82.72%
Round 2 | Client 2 | Model: (ResNet8) | Acc: 91.96%
Round 2 | Client 3 | Model: (ResNet18) | Acc: 86.54%
Round 2 | Client 4 | Model: (MobileNetV2) | Acc: 10.49%
Round 2 | Client 5 | Model: (MobileNetV3) | Acc: 53.29%
Round 2 | Client 6 | Model: (LeNet) | Acc: 86.98%
Round 2 | Client 7 | Model: (AlexNet) | Acc: 88.53%
Round 2 | Client 8 | Model: (ShuffleNet) | Acc: 33.85%
Round 2 | Client 9 | Model: (SqueezeNet) | Acc: 46.34%
Round 2 | Client 11 | Model: (MLP) | Acc: 38.82%
Round 2 | Client 12 | Model: (CNN) | Acc: 31.24%
Round 2 | Client 13 | Model: (ResNet8) | Acc: 46.78%
Round 2 | Client 14 | Model: (ResNet18) | Acc: 53.00%
Round 2 | Client 15 | Model: (MobileNetV2) | Acc: 41.11%
Round 2 | Client 16 | Model: (MobileNetV3) | Acc: 13.05%
Round 2 | Client 17 | Model: (LeNet) | Acc: 38.63%
Round 2 | Client 18 | Model: (AlexNet) | Acc: 48.95%
Round 2 | Client 19 | Model: (ShuffleNet) | Acc: 37.64%
Round 2 | Client 20 | Model: (SqueezeNet) | Acc: 29.17%
Round 2 | Client 22 | Model: (MLP) | Acc: 28.54%
Round 2 | Client 23 | Model: (CNN) | Acc: 36.59%
Round 2 | Client 24 | Model: (ResNet8) | Acc: 17.99%
Round 2 | Client 25 | Model: (ResNet18) | Acc: 10.88%
Round 2 | Client 26 | Model: (MobileNetV2) | Acc: 11.23%
Round 2 | Client 27 | Model: (MobileNetV3) | Acc: 28.43%
Round 2 | Client 28 | Model: (LeNet) | Acc: 24.64%
Round 2 | Client 29 | Model: (AlexNet) | Acc: 24.86%
Round 2 | Client 30 | Model: (ShuffleNet) | Acc: 14.91%
Round 2 | Client 31 | Model: (SqueezeNet) | Acc: 17.98%
[Server] Aggregating by Dataset Name ...
[Server] Training Feature-Based Global Generator...
[Server] Global Inference Model Acc (MNIST) (Round 2): 97.04% (Tested on 9095 samples)
[Server] Global Inference Model Acc (EMNIST) (Round 2): 76.92% (Tested on 105779 samples)
[Server] Global Inference Model Acc (CIFAR10) (Round 2): 43.13% (Tested on 9100 samples)
[Server] Global Inference Model Acc (Mix) (Round 2): 75.92% (Tested on 123974 samples)
Selected client ids: [0, 1, 2, 3, 4, 5, 6, 7, 8, 9, 10, 11, 12, 13, 14, 15, 16, 17, 18, 19, 20, 21, 22, 23, 24, 25, 26, 27, 28, 29]
--- Round 3 ---
Round 3 | Client 0 | Model: (MLP) | Acc: 79.28%
Round 3 | Client 1 | Model: (CNN) | Acc: 89.81%
Round 3 | Client 2 | Model: (ResNet8) | Acc: 92.07%
Round 3 | Client 3 | Model: (ResNet18) | Acc: 88.80%
Round 3 | Client 4 | Model: (MobileNetV2) | Acc: 10.49%
Round 3 | Client 5 | Model: (MobileNetV3) | Acc: 51.95%
Round 3 | Client 6 | Model: (LeNet) | Acc: 89.82%
Round 3 | Client 7 | Model: (AlexNet) | Acc: 94.42%
Round 3 | Client 8 | Model: (ShuffleNet) | Acc: 28.06%
Round 3 | Client 9 | Model: (SqueezeNet) | Acc: 32.13%
Round 3 | Client 11 | Model: (MLP) | Acc: 25.40%
Round 3 | Client 12 | Model: (CNN) | Acc: 35.73%
Round 3 | Client 13 | Model: (ResNet8) | Acc: 45.01%
Round 3 | Client 14 | Model: (ResNet18) | Acc: 6.49%
Round 3 | Client 15 | Model: (MobileNetV2) | Acc: 35.61%
Round 3 | Client 16 | Model: (MobileNetV3) | Acc: 14.11%
Round 3 | Client 17 | Model: (LeNet) | Acc: 39.86%
Round 3 | Client 18 | Model: (AlexNet) | Acc: 46.80%
Round 3 | Client 19 | Model: (ShuffleNet) | Acc: 5.14%
Round 3 | Client 20 | Model: (SqueezeNet) | Acc: 26.55%
Round 3 | Client 22 | Model: (MLP) | Acc: 21.22%
Round 3 | Client 23 | Model: (CNN) | Acc: 35.93%
Round 3 | Client 24 | Model: (ResNet8) | Acc: 24.52%
Round 3 | Client 25 | Model: (ResNet18) | Acc: 10.88%
Round 3 | Client 26 | Model: (MobileNetV2) | Acc: 11.23%
Round 3 | Client 27 | Model: (MobileNetV3) | Acc: 32.30%
Round 3 | Client 28 | Model: (LeNet) | Acc: 25.08%
Round 3 | Client 29 | Model: (AlexNet) | Acc: 26.27%
Round 3 | Client 30 | Model: (ShuffleNet) | Acc: 10.75%
Round 3 | Client 31 | Model: (SqueezeNet) | Acc: 17.87%
[Server] Aggregating by Dataset Name ...
[Server] Training Feature-Based Global Generator...
[Server] Global Inference Model Acc (MNIST) (Round 3): 97.67% (Tested on 9095 samples)
[Server] Global Inference Model Acc (EMNIST) (Round 3): 73.96% (Tested on 105779 samples)
[Server] Global Inference Model Acc (CIFAR10) (Round 3): 41.74% (Tested on 9100 samples)
[Server] Global Inference Model Acc (Mix) (Round 3): 73.34% (Tested on 123974 samples)
Selected client ids: [0, 1, 2, 3, 4, 5, 6, 7, 8, 9, 10, 11, 12, 13, 14, 15, 16, 17, 18, 19, 20, 21, 22, 23, 24, 25, 26, 27, 28, 29]
--- Round 4 ---
Round 4 | Client 0 | Model: (MLP) | Acc: 86.04%
Round 4 | Client 1 | Model: (CNN) | Acc: 90.48%
Round 4 | Client 2 | Model: (ResNet8) | Acc: 92.98%
Round 4 | Client 3 | Model: (ResNet18) | Acc: 15.72%
Round 4 | Client 4 | Model: (MobileNetV2) | Acc: 11.67%
Round 4 | Client 5 | Model: (MobileNetV3) | Acc: 58.31%
Round 4 | Client 6 | Model: (LeNet) | Acc: 92.12%
Round 4 | Client 7 | Model: (AlexNet) | Acc: 91.16%
Round 4 | Client 8 | Model: (ShuffleNet) | Acc: 30.51%
Round 4 | Client 9 | Model: (SqueezeNet) | Acc: 38.47%
Round 4 | Client 11 | Model: (MLP) | Acc: 5.86%
Round 4 | Client 12 | Model: (CNN) | Acc: 34.49%
Round 4 | Client 13 | Model: (ResNet8) | Acc: 6.06%
Round 4 | Client 14 | Model: (ResNet18) | Acc: 6.49%
Round 4 | Client 15 | Model: (MobileNetV2) | Acc: 5.03%
Round 4 | Client 16 | Model: (MobileNetV3) | Acc: 20.15%
Round 4 | Client 17 | Model: (LeNet) | Acc: 43.66%
Round 4 | Client 18 | Model: (AlexNet) | Acc: 36.79%
Round 4 | Client 19 | Model: (ShuffleNet) | Acc: 5.21%
Round 4 | Client 20 | Model: (SqueezeNet) | Acc: 15.06%
Round 4 | Client 22 | Model: (MLP) | Acc: 31.89%
Round 4 | Client 23 | Model: (CNN) | Acc: 40.11%
Round 4 | Client 24 | Model: (ResNet8) | Acc: 25.59%
Round 4 | Client 25 | Model: (ResNet18) | Acc: 10.88%
Round 4 | Client 26 | Model: (MobileNetV2) | Acc: 11.86%
Round 4 | Client 27 | Model: (MobileNetV3) | Acc: 33.26%
Round 4 | Client 28 | Model: (LeNet) | Acc: 24.64%
Round 4 | Client 29 | Model: (AlexNet) | Acc: 32.97%
Round 4 | Client 30 | Model: (ShuffleNet) | Acc: 10.96%
Round 4 | Client 31 | Model: (SqueezeNet) | Acc: 18.54%
[Server] Aggregating by Dataset Name ...
[Server] Training Feature-Based Global Generator...
[Server] Global Inference Model Acc (MNIST) (Round 4): 97.95% (Tested on 9095 samples)
[Server] Global Inference Model Acc (EMNIST) (Round 4): 79.63% (Tested on 105779 samples)
[Server] Global Inference Model Acc (CIFAR10) (Round 4): 45.88% (Tested on 9100 samples)
[Server] Global Inference Model Acc (Mix) (Round 4): 78.50% (Tested on 123974 samples)
Selected client ids: [0, 1, 2, 3, 4, 5, 6, 7, 8, 9, 10, 11, 12, 13, 14, 15, 16, 17, 18, 19, 20, 21, 22, 23, 24, 25, 26, 27, 28, 29]
--- Round 5 ---
Round 5 | Client 0 | Model: (MLP) | Acc: 70.23%
Round 5 | Client 1 | Model: (CNN) | Acc: 93.58%
Round 5 | Client 2 | Model: (ResNet8) | Acc: 93.09%
Round 5 | Client 3 | Model: (ResNet18) | Acc: 72.74%
Round 5 | Client 4 | Model: (MobileNetV2) | Acc: 11.67%
Round 5 | Client 5 | Model: (MobileNetV3) | Acc: 63.43%
Round 5 | Client 6 | Model: (LeNet) | Acc: 87.20%
Round 5 | Client 7 | Model: (AlexNet) | Acc: 82.11%
Round 5 | Client 8 | Model: (ShuffleNet) | Acc: 38.42%
Round 5 | Client 9 | Model: (SqueezeNet) | Acc: 23.28%
Round 5 | Client 11 | Model: (MLP) | Acc: 5.86%
Round 5 | Client 12 | Model: (CNN) | Acc: 36.45%
Round 5 | Client 13 | Model: (ResNet8) | Acc: 6.06%
Round 5 | Client 14 | Model: (ResNet18) | Acc: 6.49%
Round 5 | Client 15 | Model: (MobileNetV2) | Acc: 5.82%
Round 5 | Client 16 | Model: (MobileNetV3) | Acc: 22.03%
Round 5 | Client 17 | Model: (LeNet) | Acc: 4.73%
Round 5 | Client 18 | Model: (AlexNet) | Acc: 5.41%
Round 5 | Client 19 | Model: (ShuffleNet) | Acc: 16.42%
Round 5 | Client 20 | Model: (SqueezeNet) | Acc: 15.54%
Round 5 | Client 22 | Model: (MLP) | Acc: 33.21%
Round 5 | Client 23 | Model: (CNN) | Acc: 40.44%
Round 5 | Client 24 | Model: (ResNet8) | Acc: 24.73%
Round 5 | Client 25 | Model: (ResNet18) | Acc: 10.88%
Round 5 | Client 26 | Model: (MobileNetV2) | Acc: 10.70%
Round 5 | Client 27 | Model: (MobileNetV3) | Acc: 33.58%
Round 5 | Client 28 | Model: (LeNet) | Acc: 27.94%
Round 5 | Client 29 | Model: (AlexNet) | Acc: 31.89%
Round 5 | Client 30 | Model: (ShuffleNet) | Acc: 11.84%
Round 5 | Client 31 | Model: (SqueezeNet) | Acc: 15.73%
[Server] Aggregating by Dataset Name ...
[Server] Training Feature-Based Global Generator...
[Server] Global Inference Model Acc (MNIST) (Round 5): 98.71% (Tested on 9095 samples)
[Server] Global Inference Model Acc (EMNIST) (Round 5): 76.15% (Tested on 105779 samples)
[Server] Global Inference Model Acc (CIFAR10) (Round 5): 47.30% (Tested on 9100 samples)
[Server] Global Inference Model Acc (Mix) (Round 5): 75.69% (Tested on 123974 samples)
Selected client ids: [0, 1, 2, 3, 4, 5, 6, 7, 8, 9, 10, 11, 12, 13, 14, 15, 16, 17, 18, 19, 20, 21, 22, 23, 24, 25, 26, 27, 28, 29]
--- Round 6 ---
Round 6 | Client 0 | Model: (MLP) | Acc: 86.04%
Round 6 | Client 1 | Model: (CNN) | Acc: 94.57%
Round 6 | Client 2 | Model: (ResNet8) | Acc: 93.32%
Round 6 | Client 3 | Model: (ResNet18) | Acc: 84.73%
Round 6 | Client 4 | Model: (MobileNetV2) | Acc: 11.67%
Round 6 | Client 5 | Model: (MobileNetV3) | Acc: 68.12%
Round 6 | Client 6 | Model: (LeNet) | Acc: 92.45%
Round 6 | Client 7 | Model: (AlexNet) | Acc: 11.26%
Round 6 | Client 8 | Model: (ShuffleNet) | Acc: 12.14%
Round 6 | Client 9 | Model: (SqueezeNet) | Acc: 32.68%
Round 6 | Client 11 | Model: (MLP) | Acc: 5.86%
Round 6 | Client 12 | Model: (CNN) | Acc: 39.14%
Round 6 | Client 13 | Model: (ResNet8) | Acc: 6.06%
Round 6 | Client 14 | Model: (ResNet18) | Acc: 6.49%
Round 6 | Client 15 | Model: (MobileNetV2) | Acc: 5.82%
Round 6 | Client 16 | Model: (MobileNetV3) | Acc: 24.08%
Round 6 | Client 17 | Model: (LeNet) | Acc: 32.22%
Round 6 | Client 18 | Model: (AlexNet) | Acc: 5.41%
Round 6 | Client 19 | Model: (ShuffleNet) | Acc: 34.22%
Round 6 | Client 20 | Model: (SqueezeNet) | Acc: 4.72%
Round 6 | Client 22 | Model: (MLP) | Acc: 28.90%
Round 6 | Client 23 | Model: (CNN) | Acc: 42.20%
Round 6 | Client 24 | Model: (ResNet8) | Acc: 26.98%
Round 6 | Client 25 | Model: (ResNet18) | Acc: 10.88%
Round 6 | Client 26 | Model: (MobileNetV2) | Acc: 14.17%
Round 6 | Client 27 | Model: (MobileNetV3) | Acc: 35.84%
Round 6 | Client 28 | Model: (LeNet) | Acc: 23.76%
Round 6 | Client 29 | Model: (AlexNet) | Acc: 34.49%
Round 6 | Client 30 | Model: (ShuffleNet) | Acc: 10.75%
Round 6 | Client 31 | Model: (SqueezeNet) | Acc: 15.51%
[Server] Aggregating by Dataset Name ...
[Server] Training Feature-Based Global Generator...
[Server] Global Inference Model Acc (MNIST) (Round 6): 98.53% (Tested on 9095 samples)
[Server] Global Inference Model Acc (EMNIST) (Round 6): 82.18% (Tested on 105779 samples)
[Server] Global Inference Model Acc (CIFAR10) (Round 6): 51.33% (Tested on 9100 samples)
[Server] Global Inference Model Acc (Mix) (Round 6): 81.12% (Tested on 123974 samples)
Selected client ids: [0, 1, 2, 3, 4, 5, 6, 7, 8, 9, 10, 11, 12, 13, 14, 15, 16, 17, 18, 19, 20, 21, 22, 23, 24, 25, 26, 27, 28, 29]
--- Round 7 ---
Round 7 | Client 0 | Model: (MLP) | Acc: 82.66%
Round 7 | Client 1 | Model: (CNN) | Acc: 95.13%
Round 7 | Client 2 | Model: (ResNet8) | Acc: 93.77%
Round 7 | Client 3 | Model: (ResNet18) | Acc: 86.76%
Round 7 | Client 4 | Model: (MobileNetV2) | Acc: 11.67%
Round 7 | Client 5 | Model: (MobileNetV3) | Acc: 71.68%
Round 7 | Client 6 | Model: (LeNet) | Acc: 94.97%
Round 7 | Client 7 | Model: (AlexNet) | Acc: 11.26%
Round 7 | Client 8 | Model: (ShuffleNet) | Acc: 21.16%
Round 7 | Client 9 | Model: (SqueezeNet) | Acc: 10.16%
Round 7 | Client 11 | Model: (MLP) | Acc: 5.86%
Round 7 | Client 12 | Model: (CNN) | Acc: 41.24%
Round 7 | Client 13 | Model: (ResNet8) | Acc: 6.06%
Round 7 | Client 14 | Model: (ResNet18) | Acc: 6.49%
Round 7 | Client 15 | Model: (MobileNetV2) | Acc: 5.82%
Round 7 | Client 16 | Model: (MobileNetV3) | Acc: 27.53%
Round 7 | Client 17 | Model: (LeNet) | Acc: 35.04%
Round 7 | Client 18 | Model: (AlexNet) | Acc: 4.64%
Round 7 | Client 19 | Model: (ShuffleNet) | Acc: 28.67%
Round 7 | Client 20 | Model: (SqueezeNet) | Acc: 4.72%
Round 7 | Client 22 | Model: (MLP) | Acc: 34.41%
Round 7 | Client 23 | Model: (CNN) | Acc: 43.08%
Round 7 | Client 24 | Model: (ResNet8) | Acc: 27.94%
Round 7 | Client 25 | Model: (ResNet18) | Acc: 10.88%
Round 7 | Client 26 | Model: (MobileNetV2) | Acc: 11.86%
Round 7 | Client 27 | Model: (MobileNetV3) | Acc: 36.91%
Round 7 | Client 28 | Model: (LeNet) | Acc: 27.61%
Round 7 | Client 29 | Model: (AlexNet) | Acc: 34.92%
Round 7 | Client 30 | Model: (ShuffleNet) | Acc: 11.51%
Round 7 | Client 31 | Model: (SqueezeNet) | Acc: 17.87%
[Server] Aggregating by Dataset Name ...
[Server] Training Feature-Based Global Generator...
[Server] Global Inference Model Acc (MNIST) (Round 7): 97.65% (Tested on 9095 samples)
[Server] Global Inference Model Acc (EMNIST) (Round 7): 79.96% (Tested on 105779 samples)
[Server] Global Inference Model Acc (CIFAR10) (Round 7): 56.01% (Tested on 9100 samples)
[Server] Global Inference Model Acc (Mix) (Round 7): 79.50% (Tested on 123974 samples)
Selected client ids: [0, 1, 2, 3, 4, 5, 6, 7, 8, 9, 10, 11, 12, 13, 14, 15, 16, 17, 18, 19, 20, 21, 22, 23, 24, 25, 26, 27, 28, 29]
--- Round 8 ---
Round 8 | Client 0 | Model: (MLP) | Acc: 25.08%
Round 8 | Client 1 | Model: (CNN) | Acc: 94.68%
Round 8 | Client 2 | Model: (ResNet8) | Acc: 94.45%
Round 8 | Client 3 | Model: (ResNet18) | Acc: 21.04%
Round 8 | Client 4 | Model: (MobileNetV2) | Acc: 11.67%
Round 8 | Client 5 | Model: (MobileNetV3) | Acc: 75.03%
Round 8 | Client 6 | Model: (LeNet) | Acc: 93.87%
Round 8 | Client 7 | Model: (AlexNet) | Acc: 12.63%
Round 8 | Client 8 | Model: (ShuffleNet) | Acc: 39.98%
Round 8 | Client 9 | Model: (SqueezeNet) | Acc: 20.98%
Round 8 | Client 11 | Model: (MLP) | Acc: 5.86%
Round 8 | Client 12 | Model: (CNN) | Acc: 44.85%
Round 8 | Client 13 | Model: (ResNet8) | Acc: 40.82%
Round 8 | Client 14 | Model: (ResNet18) | Acc: 6.49%
Round 8 | Client 15 | Model: (MobileNetV2) | Acc: 34.88%
Round 8 | Client 16 | Model: (MobileNetV3) | Acc: 28.35%
Round 8 | Client 17 | Model: (LeNet) | Acc: 37.39%
Round 8 | Client 18 | Model: (AlexNet) | Acc: 4.57%
Round 8 | Client 19 | Model: (ShuffleNet) | Acc: 38.62%
Round 8 | Client 20 | Model: (SqueezeNet) | Acc: 4.72%
Round 8 | Client 22 | Model: (MLP) | Acc: 33.09%
Round 8 | Client 23 | Model: (CNN) | Acc: 42.20%
Round 8 | Client 24 | Model: (ResNet8) | Acc: 25.80%
Round 8 | Client 25 | Model: (ResNet18) | Acc: 10.88%
Round 8 | Client 26 | Model: (MobileNetV2) | Acc: 11.86%
Round 8 | Client 27 | Model: (MobileNetV3) | Acc: 36.37%
Round 8 | Client 28 | Model: (LeNet) | Acc: 29.81%
Round 8 | Client 29 | Model: (AlexNet) | Acc: 34.81%
Round 8 | Client 30 | Model: (ShuffleNet) | Acc: 11.18%
Round 8 | Client 31 | Model: (SqueezeNet) | Acc: 16.40%
[Server] Aggregating by Dataset Name ...
[Server] Training Feature-Based Global Generator...
[Server] Global Inference Model Acc (MNIST) (Round 8): 98.89% (Tested on 9095 samples)
[Server] Global Inference Model Acc (EMNIST) (Round 8): 78.85% (Tested on 105779 samples)
[Server] Global Inference Model Acc (CIFAR10) (Round 8): 58.67% (Tested on 9100 samples)
[Server] Global Inference Model Acc (Mix) (Round 8): 78.84% (Tested on 123974 samples)
Selected client ids: [0, 1, 2, 3, 4, 5, 6, 7, 8, 9, 10, 11, 12, 13, 14, 15, 16, 17, 18, 19, 20, 21, 22, 23, 24, 25, 26, 27, 28, 29]
--- Round 9 ---
Round 9 | Client 0 | Model: (MLP) | Acc: 36.53%
Round 9 | Client 1 | Model: (CNN) | Acc: 95.90%
Round 9 | Client 2 | Model: (ResNet8) | Acc: 94.34%
Round 9 | Client 3 | Model: (ResNet18) | Acc: 83.14%
Round 9 | Client 4 | Model: (MobileNetV2) | Acc: 11.67%
Round 9 | Client 5 | Model: (MobileNetV3) | Acc: 78.04%
Round 9 | Client 6 | Model: (LeNet) | Acc: 94.97%
Round 9 | Client 7 | Model: (AlexNet) | Acc: 12.63%
Round 9 | Client 8 | Model: (ShuffleNet) | Acc: 20.82%
Round 9 | Client 9 | Model: (SqueezeNet) | Acc: 21.53%
Round 9 | Client 11 | Model: (MLP) | Acc: 5.86%
Round 9 | Client 12 | Model: (CNN) | Acc: 45.05%
Round 9 | Client 13 | Model: (ResNet8) | Acc: 45.70%
Round 9 | Client 14 | Model: (ResNet18) | Acc: 6.49%
Round 9 | Client 15 | Model: (MobileNetV2) | Acc: 23.24%
Round 9 | Client 16 | Model: (MobileNetV3) | Acc: 30.38%
Round 9 | Client 17 | Model: (LeNet) | Acc: 5.93%
Round 9 | Client 18 | Model: (AlexNet) | Acc: 3.27%
Round 9 | Client 19 | Model: (ShuffleNet) | Acc: 38.25%
Round 9 | Client 20 | Model: (SqueezeNet) | Acc: 4.72%
Round 9 | Client 22 | Model: (MLP) | Acc: 35.13%
Round 9 | Client 23 | Model: (CNN) | Acc: 42.42%
Round 9 | Client 24 | Model: (ResNet8) | Acc: 28.80%
Round 9 | Client 25 | Model: (ResNet18) | Acc: 10.88%
Round 9 | Client 26 | Model: (MobileNetV2) | Acc: 11.86%
Round 9 | Client 27 | Model: (MobileNetV3) | Acc: 36.59%
Round 9 | Client 28 | Model: (LeNet) | Acc: 31.68%
Round 9 | Client 29 | Model: (AlexNet) | Acc: 34.49%
Round 9 | Client 30 | Model: (ShuffleNet) | Acc: 11.29%
Round 9 | Client 31 | Model: (SqueezeNet) | Acc: 18.54%
[Server] Aggregating by Dataset Name ...
[Server] Training Feature-Based Global Generator...
[Server] Global Inference Model Acc (MNIST) (Round 9): 98.31% (Tested on 9095 samples)
[Server] Global Inference Model Acc (EMNIST) (Round 9): 78.79% (Tested on 105779 samples)
[Server] Global Inference Model Acc (CIFAR10) (Round 9): 58.57% (Tested on 9100 samples)
[Server] Global Inference Model Acc (Mix) (Round 9): 78.74% (Tested on 123974 samples)
Selected client ids: [0, 1, 2, 3, 4, 5, 6, 7, 8, 9, 10, 11, 12, 13, 14, 15, 16, 17, 18, 19, 20, 21, 22, 23, 24, 25, 26, 27, 28, 29]
--- Round 10 ---
Round 10 | Client 0 | Model: (MLP) | Acc: 80.81%
Round 10 | Client 1 | Model: (CNN) | Acc: 95.79%
Round 10 | Client 2 | Model: (ResNet8) | Acc: 94.56%
Round 10 | Client 3 | Model: (ResNet18) | Acc: 81.67%
Round 10 | Client 4 | Model: (MobileNetV2) | Acc: 11.67%
Round 10 | Client 5 | Model: (MobileNetV3) | Acc: 79.38%
Round 10 | Client 6 | Model: (LeNet) | Acc: 93.65%
Round 10 | Client 7 | Model: (AlexNet) | Acc: 12.63%
Round 10 | Client 8 | Model: (ShuffleNet) | Acc: 37.31%
Round 10 | Client 9 | Model: (SqueezeNet) | Acc: 11.37%
Round 10 | Client 11 | Model: (MLP) | Acc: 5.86%
Round 10 | Client 12 | Model: (CNN) | Acc: 44.18%
Round 10 | Client 13 | Model: (ResNet8) | Acc: 46.60%
Round 10 | Client 14 | Model: (ResNet18) | Acc: 6.49%
Round 10 | Client 15 | Model: (MobileNetV2) | Acc: 6.74%
Round 10 | Client 16 | Model: (MobileNetV3) | Acc: 32.32%
Round 10 | Client 17 | Model: (LeNet) | Acc: 5.93%
Round 10 | Client 18 | Model: (AlexNet) | Acc: 2.72%
Round 10 | Client 19 | Model: (ShuffleNet) | Acc: 38.94%
Round 10 | Client 20 | Model: (SqueezeNet) | Acc: 4.72%
Round 10 | Client 22 | Model: (MLP) | Acc: 35.01%
Round 10 | Client 23 | Model: (CNN) | Acc: 46.48%
Round 10 | Client 24 | Model: (ResNet8) | Acc: 30.62%
Round 10 | Client 25 | Model: (ResNet18) | Acc: 10.88%
Round 10 | Client 26 | Model: (MobileNetV2) | Acc: 11.86%
Round 10 | Client 27 | Model: (MobileNetV3) | Acc: 38.30%
Round 10 | Client 28 | Model: (LeNet) | Acc: 28.49%
Round 10 | Client 29 | Model: (AlexNet) | Acc: 34.92%
Round 10 | Client 30 | Model: (ShuffleNet) | Acc: 13.49%
Round 10 | Client 31 | Model: (SqueezeNet) | Acc: 16.63%
[Server] Aggregating by Dataset Name ...
[Server] Training Feature-Based Global Generator...
[Server] Global Inference Model Acc (MNIST) (Round 10): 98.30% (Tested on 9095 samples)
[Server] Global Inference Model Acc (EMNIST) (Round 10): 79.52% (Tested on 105779 samples)
[Server] Global Inference Model Acc (CIFAR10) (Round 10): 62.53% (Tested on 9100 samples)
[Server] Global Inference Model Acc (Mix) (Round 10): 79.65% (Tested on 123974 samples)
Selected client ids: [0, 1, 2, 3, 4, 5, 6, 7, 8, 9, 10, 11, 12, 13, 14, 15, 16, 17, 18, 19, 20, 21, 22, 23, 24, 25, 26, 27, 28, 29]
--- Round 11 ---
Round 11 | Client 0 | Model: (MLP) | Acc: 83.75%
Round 11 | Client 1 | Model: (CNN) | Acc: 95.90%
Round 11 | Client 2 | Model: (ResNet8) | Acc: 94.34%
Round 11 | Client 3 | Model: (ResNet18) | Acc: 89.59%
Round 11 | Client 4 | Model: (MobileNetV2) | Acc: 11.67%
Round 11 | Client 5 | Model: (MobileNetV3) | Acc: 81.38%
Round 11 | Client 6 | Model: (LeNet) | Acc: 95.30%
Round 11 | Client 7 | Model: (AlexNet) | Acc: 12.63%
Round 11 | Client 8 | Model: (ShuffleNet) | Acc: 35.75%
Round 11 | Client 9 | Model: (SqueezeNet) | Acc: 11.04%
Round 11 | Client 11 | Model: (MLP) | Acc: 5.86%
Round 11 | Client 12 | Model: (CNN) | Acc: 46.00%
Round 11 | Client 13 | Model: (ResNet8) | Acc: 47.95%
Round 11 | Client 14 | Model: (ResNet18) | Acc: 6.49%
Round 11 | Client 15 | Model: (MobileNetV2) | Acc: 41.11%
Round 11 | Client 16 | Model: (MobileNetV3) | Acc: 32.12%
Round 11 | Client 17 | Model: (LeNet) | Acc: 5.83%
Round 11 | Client 18 | Model: (AlexNet) | Acc: 2.72%
Round 11 | Client 19 | Model: (ShuffleNet) | Acc: 39.82%
Round 11 | Client 20 | Model: (SqueezeNet) | Acc: 4.72%
Round 11 | Client 22 | Model: (MLP) | Acc: 29.38%
Round 11 | Client 23 | Model: (CNN) | Acc: 47.80%
Round 11 | Client 24 | Model: (ResNet8) | Acc: 31.69%
Round 11 | Client 25 | Model: (ResNet18) | Acc: 10.88%
Round 11 | Client 26 | Model: (MobileNetV2) | Acc: 11.86%
Round 11 | Client 27 | Model: (MobileNetV3) | Acc: 39.70%
Round 11 | Client 28 | Model: (LeNet) | Acc: 30.69%
Round 11 | Client 29 | Model: (AlexNet) | Acc: 33.84%
Round 11 | Client 30 | Model: (ShuffleNet) | Acc: 10.75%
Round 11 | Client 31 | Model: (SqueezeNet) | Acc: 18.65%
[Server] Aggregating by Dataset Name ...
[Server] Training Feature-Based Global Generator...
[Server] Global Inference Model Acc (MNIST) (Round 11): 98.25% (Tested on 9095 samples)
[Server] Global Inference Model Acc (EMNIST) (Round 11): 78.25% (Tested on 105779 samples)
[Server] Global Inference Model Acc (CIFAR10) (Round 11): 63.58% (Tested on 9100 samples)
[Server] Global Inference Model Acc (Mix) (Round 11): 78.64% (Tested on 123974 samples)
Selected client ids: [0, 1, 2, 3, 4, 5, 6, 7, 8, 9, 10, 11, 12, 13, 14, 15, 16, 17, 18, 19, 20, 21, 22, 23, 24, 25, 26, 27, 28, 29]
--- Round 12 ---
Round 12 | Client 0 | Model: (MLP) | Acc: 9.92%
Round 12 | Client 1 | Model: (CNN) | Acc: 96.68%
Round 12 | Client 2 | Model: (ResNet8) | Acc: 95.02%
Round 12 | Client 3 | Model: (ResNet18) | Acc: 89.48%
Round 12 | Client 4 | Model: (MobileNetV2) | Acc: 11.67%
Round 12 | Client 5 | Model: (MobileNetV3) | Acc: 83.05%
Round 12 | Client 6 | Model: (LeNet) | Acc: 95.95%
Round 12 | Client 7 | Model: (AlexNet) | Acc: 12.63%
Round 12 | Client 8 | Model: (ShuffleNet) | Acc: 22.05%
Round 12 | Client 9 | Model: (SqueezeNet) | Acc: 11.04%
Round 12 | Client 11 | Model: (MLP) | Acc: 5.86%
Round 12 | Client 12 | Model: (CNN) | Acc: 47.46%
Round 12 | Client 13 | Model: (ResNet8) | Acc: 48.75%
Round 12 | Client 14 | Model: (ResNet18) | Acc: 6.49%
Round 12 | Client 15 | Model: (MobileNetV2) | Acc: 5.82%
Round 12 | Client 16 | Model: (MobileNetV3) | Acc: 31.77%
Round 12 | Client 17 | Model: (LeNet) | Acc: 5.83%
Round 12 | Client 18 | Model: (AlexNet) | Acc: 2.72%
Round 12 | Client 19 | Model: (ShuffleNet) | Acc: 37.10%
Round 12 | Client 20 | Model: (SqueezeNet) | Acc: 4.72%
Round 12 | Client 22 | Model: (MLP) | Acc: 28.78%
Round 12 | Client 23 | Model: (CNN) | Acc: 47.91%
Round 12 | Client 24 | Model: (ResNet8) | Acc: 31.91%
Round 12 | Client 25 | Model: (ResNet18) | Acc: 10.88%
Round 12 | Client 26 | Model: (MobileNetV2) | Acc: 17.42%
Round 12 | Client 27 | Model: (MobileNetV3) | Acc: 39.27%
Round 12 | Client 28 | Model: (LeNet) | Acc: 33.00%
Round 12 | Client 29 | Model: (AlexNet) | Acc: 35.68%
Round 12 | Client 30 | Model: (ShuffleNet) | Acc: 11.51%
Round 12 | Client 31 | Model: (SqueezeNet) | Acc: 14.61%
[Server] Aggregating by Dataset Name ...
[Server] Training Feature-Based Global Generator...
[Server] Global Inference Model Acc (MNIST) (Round 12): 98.76% (Tested on 9095 samples)
[Server] Global Inference Model Acc (EMNIST) (Round 12): 79.33% (Tested on 105779 samples)
[Server] Global Inference Model Acc (CIFAR10) (Round 12): 64.12% (Tested on 9100 samples)
[Server] Global Inference Model Acc (Mix) (Round 12): 79.64% (Tested on 123974 samples)
Selected client ids: [0, 1, 2, 3, 4, 5, 6, 7, 8, 9, 10, 11, 12, 13, 14, 15, 16, 17, 18, 19, 20, 21, 22, 23, 24, 25, 26, 27, 28, 29]
--- Round 13 ---
Round 13 | Client 0 | Model: (MLP) | Acc: 9.92%
Round 13 | Client 1 | Model: (CNN) | Acc: 96.57%
Round 13 | Client 2 | Model: (ResNet8) | Acc: 95.13%
Round 13 | Client 3 | Model: (ResNet18) | Acc: 84.95%
Round 13 | Client 4 | Model: (MobileNetV2) | Acc: 11.67%
Round 13 | Client 5 | Model: (MobileNetV3) | Acc: 84.06%
Round 13 | Client 6 | Model: (LeNet) | Acc: 95.40%
Round 13 | Client 7 | Model: (AlexNet) | Acc: 12.63%
Round 13 | Client 8 | Model: (ShuffleNet) | Acc: 34.97%
Round 13 | Client 9 | Model: (SqueezeNet) | Acc: 11.04%
Round 13 | Client 11 | Model: (MLP) | Acc: 5.86%
Round 13 | Client 12 | Model: (CNN) | Acc: 49.71%
Round 13 | Client 13 | Model: (ResNet8) | Acc: 50.82%
Round 13 | Client 14 | Model: (ResNet18) | Acc: 6.49%
Round 13 | Client 15 | Model: (MobileNetV2) | Acc: 5.82%
Round 13 | Client 16 | Model: (MobileNetV3) | Acc: 33.91%
Round 13 | Client 17 | Model: (LeNet) | Acc: 5.83%
Round 13 | Client 18 | Model: (AlexNet) | Acc: 2.72%
Round 13 | Client 19 | Model: (ShuffleNet) | Acc: 41.17%
Round 13 | Client 20 | Model: (SqueezeNet) | Acc: 5.79%
Round 13 | Client 22 | Model: (MLP) | Acc: 30.94%
Round 13 | Client 23 | Model: (CNN) | Acc: 47.80%
Round 13 | Client 24 | Model: (ResNet8) | Acc: 33.62%
Round 13 | Client 25 | Model: (ResNet18) | Acc: 10.88%
Round 13 | Client 26 | Model: (MobileNetV2) | Acc: 11.86%
Round 13 | Client 27 | Model: (MobileNetV3) | Acc: 40.45%
Round 13 | Client 28 | Model: (LeNet) | Acc: 30.91%
Round 13 | Client 29 | Model: (AlexNet) | Acc: 39.03%
Round 13 | Client 30 | Model: (ShuffleNet) | Acc: 18.31%
Round 13 | Client 31 | Model: (SqueezeNet) | Acc: 18.31%
[Server] Aggregating by Dataset Name ...
[Server] Training Feature-Based Global Generator...
[Server] Global Inference Model Acc (MNIST) (Round 13): 98.94% (Tested on 9095 samples)
[Server] Global Inference Model Acc (EMNIST) (Round 13): 81.36% (Tested on 105779 samples)
[Server] Global Inference Model Acc (CIFAR10) (Round 13): 65.44% (Tested on 9100 samples)
[Server] Global Inference Model Acc (Mix) (Round 13): 81.48% (Tested on 123974 samples)
Selected client ids: [0, 1, 2, 3, 4, 5, 6, 7, 8, 9, 10, 11, 12, 13, 14, 15, 16, 17, 18, 19, 20, 21, 22, 23, 24, 25, 26, 27, 28, 29]
--- Round 14 ---
Round 14 | Client 0 | Model: (MLP) | Acc: 9.92%
Round 14 | Client 1 | Model: (CNN) | Acc: 96.01%
Round 14 | Client 2 | Model: (ResNet8) | Acc: 95.47%
Round 14 | Client 3 | Model: (ResNet18) | Acc: 86.43%
Round 14 | Client 4 | Model: (MobileNetV2) | Acc: 11.67%
Round 14 | Client 5 | Model: (MobileNetV3) | Acc: 85.06%
Round 14 | Client 6 | Model: (LeNet) | Acc: 96.06%
Round 14 | Client 7 | Model: (AlexNet) | Acc: 12.63%
Round 14 | Client 8 | Model: (ShuffleNet) | Acc: 28.40%
Round 14 | Client 9 | Model: (SqueezeNet) | Acc: 11.04%
Round 14 | Client 11 | Model: (MLP) | Acc: 5.86%
Round 14 | Client 12 | Model: (CNN) | Acc: 48.53%
Round 14 | Client 13 | Model: (ResNet8) | Acc: 52.30%
Round 14 | Client 14 | Model: (ResNet18) | Acc: 6.49%
Round 14 | Client 15 | Model: (MobileNetV2) | Acc: 5.82%
Round 14 | Client 16 | Model: (MobileNetV3) | Acc: 36.06%
Round 14 | Client 17 | Model: (LeNet) | Acc: 5.83%
Round 14 | Client 18 | Model: (AlexNet) | Acc: 2.72%
Round 14 | Client 19 | Model: (ShuffleNet) | Acc: 41.98%
Round 14 | Client 20 | Model: (SqueezeNet) | Acc: 5.79%
Round 14 | Client 22 | Model: (MLP) | Acc: 30.82%
Round 14 | Client 23 | Model: (CNN) | Acc: 50.00%
Round 14 | Client 24 | Model: (ResNet8) | Acc: 32.98%
Round 14 | Client 25 | Model: (ResNet18) | Acc: 11.21%
Round 14 | Client 26 | Model: (MobileNetV2) | Acc: 11.86%
Round 14 | Client 27 | Model: (MobileNetV3) | Acc: 41.74%
Round 14 | Client 28 | Model: (LeNet) | Acc: 30.58%
Round 14 | Client 29 | Model: (AlexNet) | Acc: 36.00%
Round 14 | Client 30 | Model: (ShuffleNet) | Acc: 11.07%
Round 14 | Client 31 | Model: (SqueezeNet) | Acc: 17.98%
[Server] Aggregating by Dataset Name ...
[Server] Training Feature-Based Global Generator...
[Server] Global Inference Model Acc (MNIST) (Round 14): 99.13% (Tested on 9095 samples)
[Server] Global Inference Model Acc (EMNIST) (Round 14): 78.86% (Tested on 105779 samples)
[Server] Global Inference Model Acc (CIFAR10) (Round 14): 65.62% (Tested on 9100 samples)
[Server] Global Inference Model Acc (Mix) (Round 14): 79.37% (Tested on 123974 samples)
Selected client ids: [0, 1, 2, 3, 4, 5, 6, 7, 8, 9, 10, 11, 12, 13, 14, 15, 16, 17, 18, 19, 20, 21, 22, 23, 24, 25, 26, 27, 28, 29]
--- Round 15 ---
Round 15 | Client 0 | Model: (MLP) | Acc: 10.14%
Round 15 | Client 1 | Model: (CNN) | Acc: 96.68%
Round 15 | Client 2 | Model: (ResNet8) | Acc: 95.36%
Round 15 | Client 3 | Model: (ResNet18) | Acc: 89.48%
Round 15 | Client 4 | Model: (MobileNetV2) | Acc: 11.67%
Round 15 | Client 5 | Model: (MobileNetV3) | Acc: 85.17%
Round 15 | Client 6 | Model: (LeNet) | Acc: 96.28%
Round 15 | Client 7 | Model: (AlexNet) | Acc: 12.63%
Round 15 | Client 8 | Model: (ShuffleNet) | Acc: 28.84%
Round 15 | Client 9 | Model: (SqueezeNet) | Acc: 11.15%
Round 15 | Client 11 | Model: (MLP) | Acc: 5.86%
Round 15 | Client 12 | Model: (CNN) | Acc: 48.74%
Round 15 | Client 13 | Model: (ResNet8) | Acc: 53.74%
Round 15 | Client 14 | Model: (ResNet18) | Acc: 6.49%
Round 15 | Client 15 | Model: (MobileNetV2) | Acc: 5.82%
Round 15 | Client 16 | Model: (MobileNetV3) | Acc: 34.32%
Round 15 | Client 17 | Model: (LeNet) | Acc: 5.83%
Round 15 | Client 18 | Model: (AlexNet) | Acc: 2.72%
Round 15 | Client 19 | Model: (ShuffleNet) | Acc: 43.08%
Round 15 | Client 20 | Model: (SqueezeNet) | Acc: 5.79%
Round 15 | Client 22 | Model: (MLP) | Acc: 25.18%
Round 15 | Client 23 | Model: (CNN) | Acc: 48.90%
Round 15 | Client 24 | Model: (ResNet8) | Acc: 31.37%
Round 15 | Client 25 | Model: (ResNet18) | Acc: 11.21%
Round 15 | Client 26 | Model: (MobileNetV2) | Acc: 11.86%
Round 15 | Client 27 | Model: (MobileNetV3) | Acc: 41.20%
Round 15 | Client 28 | Model: (LeNet) | Acc: 30.58%
Round 15 | Client 29 | Model: (AlexNet) | Acc: 35.14%
Round 15 | Client 30 | Model: (ShuffleNet) | Acc: 13.60%
Round 15 | Client 31 | Model: (SqueezeNet) | Acc: 17.08%
[Server] Aggregating by Dataset Name ...
[Server] Training Feature-Based Global Generator...
[Server] Global Inference Model Acc (MNIST) (Round 15): 99.03% (Tested on 9095 samples)
[Server] Global Inference Model Acc (EMNIST) (Round 15): 76.50% (Tested on 105779 samples)
[Server] Global Inference Model Acc (CIFAR10) (Round 15): 67.24% (Tested on 9100 samples)
[Server] Global Inference Model Acc (Mix) (Round 15): 77.48% (Tested on 123974 samples)
Selected client ids: [0, 1, 2, 3, 4, 5, 6, 7, 8, 9, 10, 11, 12, 13, 14, 15, 16, 17, 18, 19, 20, 21, 22, 23, 24, 25, 26, 27, 28, 29]
--- Round 16 ---
Round 16 | Client 0 | Model: (MLP) | Acc: 11.34%
Round 16 | Client 1 | Model: (CNN) | Acc: 97.12%
Round 16 | Client 2 | Model: (ResNet8) | Acc: 95.58%
Round 16 | Client 3 | Model: (ResNet18) | Acc: 89.93%
Round 16 | Client 4 | Model: (MobileNetV2) | Acc: 11.67%
Round 16 | Client 5 | Model: (MobileNetV3) | Acc: 86.62%
Round 16 | Client 6 | Model: (LeNet) | Acc: 96.28%
Round 16 | Client 7 | Model: (AlexNet) | Acc: 12.63%
Round 16 | Client 8 | Model: (ShuffleNet) | Acc: 39.20%
Round 16 | Client 9 | Model: (SqueezeNet) | Acc: 11.04%
Round 16 | Client 11 | Model: (MLP) | Acc: 5.86%
Round 16 | Client 12 | Model: (CNN) | Acc: 49.18%
Round 16 | Client 13 | Model: (ResNet8) | Acc: 53.93%
Round 16 | Client 14 | Model: (ResNet18) | Acc: 6.49%
Round 16 | Client 15 | Model: (MobileNetV2) | Acc: 5.82%
Round 16 | Client 16 | Model: (MobileNetV3) | Acc: 32.68%
Round 16 | Client 17 | Model: (LeNet) | Acc: 5.83%
Round 16 | Client 18 | Model: (AlexNet) | Acc: 2.86%
Round 16 | Client 19 | Model: (ShuffleNet) | Acc: 42.33%
Round 16 | Client 20 | Model: (SqueezeNet) | Acc: 5.79%
Round 16 | Client 22 | Model: (MLP) | Acc: 35.13%
Round 16 | Client 23 | Model: (CNN) | Acc: 51.21%
Round 16 | Client 24 | Model: (ResNet8) | Acc: 34.48%
Round 16 | Client 25 | Model: (ResNet18) | Acc: 11.21%
Round 16 | Client 26 | Model: (MobileNetV2) | Acc: 11.86%
Round 16 | Client 27 | Model: (MobileNetV3) | Acc: 41.85%
Round 16 | Client 28 | Model: (LeNet) | Acc: 31.57%
Round 16 | Client 29 | Model: (AlexNet) | Acc: 33.08%
Round 16 | Client 30 | Model: (ShuffleNet) | Acc: 11.07%
Round 16 | Client 31 | Model: (SqueezeNet) | Acc: 18.54%
[Server] Aggregating by Dataset Name ...
[Server] Training Feature-Based Global Generator...
[Server] Global Inference Model Acc (MNIST) (Round 16): 99.07% (Tested on 9095 samples)
[Server] Global Inference Model Acc (EMNIST) (Round 16): 81.28% (Tested on 105779 samples)
[Server] Global Inference Model Acc (CIFAR10) (Round 16): 67.95% (Tested on 9100 samples)
[Server] Global Inference Model Acc (Mix) (Round 16): 81.61% (Tested on 123974 samples)
Selected client ids: [0, 1, 2, 3, 4, 5, 6, 7, 8, 9, 10, 11, 12, 13, 14, 15, 16, 17, 18, 19, 20, 21, 22, 23, 24, 25, 26, 27, 28, 29]
--- Round 17 ---
Round 17 | Client 0 | Model: (MLP) | Acc: 11.34%
Round 17 | Client 1 | Model: (CNN) | Acc: 96.68%
Round 17 | Client 2 | Model: (ResNet8) | Acc: 95.70%
Round 17 | Client 3 | Model: (ResNet18) | Acc: 92.31%
Round 17 | Client 4 | Model: (MobileNetV2) | Acc: 11.67%
Round 17 | Client 5 | Model: (MobileNetV3) | Acc: 87.40%
Round 17 | Client 6 | Model: (LeNet) | Acc: 96.50%
Round 17 | Client 7 | Model: (AlexNet) | Acc: 12.63%
Round 17 | Client 8 | Model: (ShuffleNet) | Acc: 26.28%
Round 17 | Client 9 | Model: (SqueezeNet) | Acc: 11.15%
Round 17 | Client 11 | Model: (MLP) | Acc: 5.86%
Round 17 | Client 12 | Model: (CNN) | Acc: 50.11%
Round 17 | Client 13 | Model: (ResNet8) | Acc: 54.30%
Round 17 | Client 14 | Model: (ResNet18) | Acc: 6.49%
Round 17 | Client 15 | Model: (MobileNetV2) | Acc: 5.82%
Round 17 | Client 16 | Model: (MobileNetV3) | Acc: 34.09%
Round 17 | Client 17 | Model: (LeNet) | Acc: 5.83%
Round 17 | Client 18 | Model: (AlexNet) | Acc: 2.86%
Round 17 | Client 19 | Model: (ShuffleNet) | Acc: 43.39%
Round 17 | Client 20 | Model: (SqueezeNet) | Acc: 5.84%
Round 17 | Client 22 | Model: (MLP) | Acc: 34.05%
Round 17 | Client 23 | Model: (CNN) | Acc: 52.64%
Round 17 | Client 24 | Model: (ResNet8) | Acc: 34.05%
Round 17 | Client 25 | Model: (ResNet18) | Acc: 11.21%
Round 17 | Client 26 | Model: (MobileNetV2) | Acc: 11.86%
Round 17 | Client 27 | Model: (MobileNetV3) | Acc: 42.60%
Round 17 | Client 28 | Model: (LeNet) | Acc: 32.45%
Round 17 | Client 29 | Model: (AlexNet) | Acc: 32.22%
Round 17 | Client 30 | Model: (ShuffleNet) | Acc: 11.07%
Round 17 | Client 31 | Model: (SqueezeNet) | Acc: 16.97%
[Server] Aggregating by Dataset Name ...
[Server] Training Feature-Based Global Generator...
[Server] Global Inference Model Acc (MNIST) (Round 17): 98.89% (Tested on 9095 samples)
[Server] Global Inference Model Acc (EMNIST) (Round 17): 81.61% (Tested on 105779 samples)
[Server] Global Inference Model Acc (CIFAR10) (Round 17): 68.24% (Tested on 9100 samples)
[Server] Global Inference Model Acc (Mix) (Round 17): 81.89% (Tested on 123974 samples)
Selected client ids: [0, 1, 2, 3, 4, 5, 6, 7, 8, 9, 10, 11, 12, 13, 14, 15, 16, 17, 18, 19, 20, 21, 22, 23, 24, 25, 26, 27, 28, 29]
--- Round 18 ---
Round 18 | Client 0 | Model: (MLP) | Acc: 11.34%
Round 18 | Client 1 | Model: (CNN) | Acc: 97.12%
Round 18 | Client 2 | Model: (ResNet8) | Acc: 96.26%
Round 18 | Client 3 | Model: (ResNet18) | Acc: 93.89%
Round 18 | Client 4 | Model: (MobileNetV2) | Acc: 11.67%
Round 18 | Client 5 | Model: (MobileNetV3) | Acc: 88.41%
Round 18 | Client 6 | Model: (LeNet) | Acc: 96.83%
Round 18 | Client 7 | Model: (AlexNet) | Acc: 12.63%
Round 18 | Client 8 | Model: (ShuffleNet) | Acc: 29.51%
Round 18 | Client 9 | Model: (SqueezeNet) | Acc: 11.15%
Round 18 | Client 11 | Model: (MLP) | Acc: 5.86%
Round 18 | Client 12 | Model: (CNN) | Acc: 51.38%
Round 18 | Client 13 | Model: (ResNet8) | Acc: 54.47%
Round 18 | Client 14 | Model: (ResNet18) | Acc: 6.49%
Round 18 | Client 15 | Model: (MobileNetV2) | Acc: 5.82%
Round 18 | Client 16 | Model: (MobileNetV3) | Acc: 32.86%
Round 18 | Client 17 | Model: (LeNet) | Acc: 5.83%
Round 18 | Client 18 | Model: (AlexNet) | Acc: 3.27%
Round 18 | Client 19 | Model: (ShuffleNet) | Acc: 44.37%
Round 18 | Client 20 | Model: (SqueezeNet) | Acc: 5.79%
Round 18 | Client 22 | Model: (MLP) | Acc: 34.89%
Round 18 | Client 23 | Model: (CNN) | Acc: 49.34%
Round 18 | Client 24 | Model: (ResNet8) | Acc: 35.65%
Round 18 | Client 25 | Model: (ResNet18) | Acc: 11.21%
Round 18 | Client 26 | Model: (MobileNetV2) | Acc: 11.86%
Round 18 | Client 27 | Model: (MobileNetV3) | Acc: 42.17%
Round 18 | Client 28 | Model: (LeNet) | Acc: 30.47%
Round 18 | Client 29 | Model: (AlexNet) | Acc: 34.92%
Round 18 | Client 30 | Model: (ShuffleNet) | Acc: 11.07%
Round 18 | Client 31 | Model: (SqueezeNet) | Acc: 17.19%
[Server] Aggregating by Dataset Name ...
[Server] Training Feature-Based Global Generator...
[Server] Global Inference Model Acc (MNIST) (Round 18): 98.97% (Tested on 9095 samples)
[Server] Global Inference Model Acc (EMNIST) (Round 18): 79.77% (Tested on 105779 samples)
[Server] Global Inference Model Acc (CIFAR10) (Round 18): 68.76% (Tested on 9100 samples)
[Server] Global Inference Model Acc (Mix) (Round 18): 80.37% (Tested on 123974 samples)
Selected client ids: [0, 1, 2, 3, 4, 5, 6, 7, 8, 9, 10, 11, 12, 13, 14, 15, 16, 17, 18, 19, 20, 21, 22, 23, 24, 25, 26, 27, 28, 29]
--- Round 19 ---
Round 19 | Client 0 | Model: (MLP) | Acc: 11.34%
Round 19 | Client 1 | Model: (CNN) | Acc: 97.01%
Round 19 | Client 2 | Model: (ResNet8) | Acc: 95.70%
Round 19 | Client 3 | Model: (ResNet18) | Acc: 90.72%
Round 19 | Client 4 | Model: (MobileNetV2) | Acc: 11.67%
Round 19 | Client 5 | Model: (MobileNetV3) | Acc: 89.74%
Round 19 | Client 6 | Model: (LeNet) | Acc: 96.61%
Round 19 | Client 7 | Model: (AlexNet) | Acc: 12.63%
Round 19 | Client 8 | Model: (ShuffleNet) | Acc: 32.63%
Round 19 | Client 9 | Model: (SqueezeNet) | Acc: 11.15%
Round 19 | Client 11 | Model: (MLP) | Acc: 5.86%
Round 19 | Client 12 | Model: (CNN) | Acc: 50.93%
Round 19 | Client 13 | Model: (ResNet8) | Acc: 54.85%
Round 19 | Client 14 | Model: (ResNet18) | Acc: 6.49%
Round 19 | Client 15 | Model: (MobileNetV2) | Acc: 5.82%
Round 19 | Client 16 | Model: (MobileNetV3) | Acc: 34.46%
Round 19 | Client 17 | Model: (LeNet) | Acc: 5.83%
Round 19 | Client 18 | Model: (AlexNet) | Acc: 2.86%
Round 19 | Client 19 | Model: (ShuffleNet) | Acc: 45.78%
Round 19 | Client 20 | Model: (SqueezeNet) | Acc: 5.79%
Round 19 | Client 22 | Model: (MLP) | Acc: 32.97%
Round 19 | Client 23 | Model: (CNN) | Acc: 52.97%
Round 19 | Client 24 | Model: (ResNet8) | Acc: 37.58%
Round 19 | Client 25 | Model: (ResNet18) | Acc: 11.21%
Round 19 | Client 26 | Model: (MobileNetV2) | Acc: 11.86%
Round 19 | Client 27 | Model: (MobileNetV3) | Acc: 41.95%
Round 19 | Client 28 | Model: (LeNet) | Acc: 32.45%
Round 19 | Client 29 | Model: (AlexNet) | Acc: 36.97%
Round 19 | Client 30 | Model: (ShuffleNet) | Acc: 11.18%
Round 19 | Client 31 | Model: (SqueezeNet) | Acc: 18.65%
[Server] Aggregating by Dataset Name ...
[Server] Training Feature-Based Global Generator...
[Server] Global Inference Model Acc (MNIST) (Round 19): 98.81% (Tested on 9095 samples)
[Server] Global Inference Model Acc (EMNIST) (Round 19): 82.80% (Tested on 105779 samples)
[Server] Global Inference Model Acc (CIFAR10) (Round 19): 70.73% (Tested on 9100 samples)
[Server] Global Inference Model Acc (Mix) (Round 19): 83.09% (Tested on 123974 samples)
Selected client ids: [0, 1, 2, 3, 4, 5, 6, 7, 8, 9, 10, 11, 12, 13, 14, 15, 16, 17, 18, 19, 20, 21, 22, 23, 24, 25, 26, 27, 28, 29]
--- Round 20 ---
Round 20 | Client 0 | Model: (MLP) | Acc: 11.34%
Round 20 | Client 1 | Model: (CNN) | Acc: 97.23%
Round 20 | Client 2 | Model: (ResNet8) | Acc: 96.04%
Round 20 | Client 3 | Model: (ResNet18) | Acc: 94.91%
Round 20 | Client 4 | Model: (MobileNetV2) | Acc: 11.67%
Round 20 | Client 5 | Model: (MobileNetV3) | Acc: 89.86%
Round 20 | Client 6 | Model: (LeNet) | Acc: 97.05%
Round 20 | Client 7 | Model: (AlexNet) | Acc: 12.63%
Round 20 | Client 8 | Model: (ShuffleNet) | Acc: 21.71%
Round 20 | Client 9 | Model: (SqueezeNet) | Acc: 11.15%
Round 20 | Client 11 | Model: (MLP) | Acc: 5.86%
Round 20 | Client 12 | Model: (CNN) | Acc: 51.65%
Round 20 | Client 13 | Model: (ResNet8) | Acc: 54.09%
Round 20 | Client 14 | Model: (ResNet18) | Acc: 6.49%
Round 20 | Client 15 | Model: (MobileNetV2) | Acc: 5.82%
Round 20 | Client 16 | Model: (MobileNetV3) | Acc: 36.59%
Round 20 | Client 17 | Model: (LeNet) | Acc: 5.83%
Round 20 | Client 18 | Model: (AlexNet) | Acc: 2.86%
Round 20 | Client 19 | Model: (ShuffleNet) | Acc: 46.30%
Round 20 | Client 20 | Model: (SqueezeNet) | Acc: 5.79%
Round 20 | Client 22 | Model: (MLP) | Acc: 34.53%
Round 20 | Client 23 | Model: (CNN) | Acc: 53.63%
Round 20 | Client 24 | Model: (ResNet8) | Acc: 36.62%
Round 20 | Client 25 | Model: (ResNet18) | Acc: 11.21%
Round 20 | Client 26 | Model: (MobileNetV2) | Acc: 11.86%
Round 20 | Client 27 | Model: (MobileNetV3) | Acc: 43.24%
Round 20 | Client 28 | Model: (LeNet) | Acc: 33.22%
Round 20 | Client 29 | Model: (AlexNet) | Acc: 38.16%
Round 20 | Client 30 | Model: (ShuffleNet) | Acc: 11.51%
Round 20 | Client 31 | Model: (SqueezeNet) | Acc: 17.64%
[Server] Aggregating by Dataset Name ...
[Server] Training Feature-Based Global Generator...
[Server] Global Inference Model Acc (MNIST) (Round 20): 98.75% (Tested on 9095 samples)
[Server] Global Inference Model Acc (EMNIST) (Round 20): 79.56% (Tested on 105779 samples)
[Server] Global Inference Model Acc (CIFAR10) (Round 20): 71.95% (Tested on 9100 samples)
[Server] Global Inference Model Acc (Mix) (Round 20): 80.41% (Tested on 123974 samples)
Selected client ids: [0, 1, 2, 3, 4, 5, 6, 7, 8, 9, 10, 11, 12, 13, 14, 15, 16, 17, 18, 19, 20, 21, 22, 23, 24, 25, 26, 27, 28, 29]
--- Round 21 ---
Round 21 | Client 0 | Model: (MLP) | Acc: 11.34%
Round 21 | Client 1 | Model: (CNN) | Acc: 97.01%
Round 21 | Client 2 | Model: (ResNet8) | Acc: 96.38%
Round 21 | Client 3 | Model: (ResNet18) | Acc: 95.02%
Round 21 | Client 4 | Model: (MobileNetV2) | Acc: 11.67%
Round 21 | Client 5 | Model: (MobileNetV3) | Acc: 89.74%
Round 21 | Client 6 | Model: (LeNet) | Acc: 96.83%
Round 21 | Client 7 | Model: (AlexNet) | Acc: 12.63%
Round 21 | Client 8 | Model: (ShuffleNet) | Acc: 27.06%
Round 21 | Client 9 | Model: (SqueezeNet) | Acc: 11.15%
Round 21 | Client 11 | Model: (MLP) | Acc: 5.86%
Round 21 | Client 12 | Model: (CNN) | Acc: 50.38%
Round 21 | Client 13 | Model: (ResNet8) | Acc: 55.48%
Round 21 | Client 14 | Model: (ResNet18) | Acc: 6.49%
Round 21 | Client 15 | Model: (MobileNetV2) | Acc: 5.82%
Round 21 | Client 16 | Model: (MobileNetV3) | Acc: 36.52%
Round 21 | Client 17 | Model: (LeNet) | Acc: 5.83%
Round 21 | Client 18 | Model: (AlexNet) | Acc: 2.86%
Round 21 | Client 19 | Model: (ShuffleNet) | Acc: 47.07%
Round 21 | Client 20 | Model: (SqueezeNet) | Acc: 5.79%
Round 21 | Client 22 | Model: (MLP) | Acc: 32.49%
Round 21 | Client 23 | Model: (CNN) | Acc: 54.18%
Round 21 | Client 24 | Model: (ResNet8) | Acc: 36.94%
Round 21 | Client 25 | Model: (ResNet18) | Acc: 11.21%
Round 21 | Client 26 | Model: (MobileNetV2) | Acc: 11.86%
Round 21 | Client 27 | Model: (MobileNetV3) | Acc: 44.21%
Round 21 | Client 28 | Model: (LeNet) | Acc: 32.45%
Round 21 | Client 29 | Model: (AlexNet) | Acc: 38.49%
Round 21 | Client 30 | Model: (ShuffleNet) | Acc: 11.51%
Round 21 | Client 31 | Model: (SqueezeNet) | Acc: 17.64%
[Server] Aggregating by Dataset Name ...
[Server] Training Feature-Based Global Generator...
[Server] Global Inference Model Acc (MNIST) (Round 21): 98.79% (Tested on 9095 samples)
[Server] Global Inference Model Acc (EMNIST) (Round 21): 78.43% (Tested on 105779 samples)
[Server] Global Inference Model Acc (CIFAR10) (Round 21): 71.05% (Tested on 9100 samples)
[Server] Global Inference Model Acc (Mix) (Round 21): 79.39% (Tested on 123974 samples)
Selected client ids: [0, 1, 2, 3, 4, 5, 6, 7, 8, 9, 10, 11, 12, 13, 14, 15, 16, 17, 18, 19, 20, 21, 22, 23, 24, 25, 26, 27, 28, 29]
--- Round 22 ---
Round 22 | Client 0 | Model: (MLP) | Acc: 11.34%
Round 22 | Client 1 | Model: (CNN) | Acc: 97.12%
Round 22 | Client 2 | Model: (ResNet8) | Acc: 96.49%
Round 22 | Client 3 | Model: (ResNet18) | Acc: 95.14%
Round 22 | Client 4 | Model: (MobileNetV2) | Acc: 11.67%
Round 22 | Client 5 | Model: (MobileNetV3) | Acc: 89.74%
Round 22 | Client 6 | Model: (LeNet) | Acc: 96.94%
Round 22 | Client 7 | Model: (AlexNet) | Acc: 12.63%
Round 22 | Client 8 | Model: (ShuffleNet) | Acc: 20.04%
Round 22 | Client 9 | Model: (SqueezeNet) | Acc: 11.15%
Round 22 | Client 11 | Model: (MLP) | Acc: 5.86%
Round 22 | Client 12 | Model: (CNN) | Acc: 52.02%
Round 22 | Client 13 | Model: (ResNet8) | Acc: 58.07%
Round 22 | Client 14 | Model: (ResNet18) | Acc: 6.49%
Round 22 | Client 15 | Model: (MobileNetV2) | Acc: 5.82%
Round 22 | Client 16 | Model: (MobileNetV3) | Acc: 37.04%
Round 22 | Client 17 | Model: (LeNet) | Acc: 5.83%
Round 22 | Client 18 | Model: (AlexNet) | Acc: 3.27%
Round 22 | Client 19 | Model: (ShuffleNet) | Acc: 47.04%
Round 22 | Client 20 | Model: (SqueezeNet) | Acc: 5.79%
Round 22 | Client 22 | Model: (MLP) | Acc: 33.93%
Round 22 | Client 23 | Model: (CNN) | Acc: 55.49%
Round 22 | Client 24 | Model: (ResNet8) | Acc: 37.79%
Round 22 | Client 25 | Model: (ResNet18) | Acc: 11.21%
Round 22 | Client 26 | Model: (MobileNetV2) | Acc: 11.86%
Round 22 | Client 27 | Model: (MobileNetV3) | Acc: 44.21%
Round 22 | Client 28 | Model: (LeNet) | Acc: 34.54%
Round 22 | Client 29 | Model: (AlexNet) | Acc: 37.84%
Round 22 | Client 30 | Model: (ShuffleNet) | Acc: 11.51%
Round 22 | Client 31 | Model: (SqueezeNet) | Acc: 18.09%
[Server] Aggregating by Dataset Name ...
[Server] Training Feature-Based Global Generator...
[Server] Global Inference Model Acc (MNIST) (Round 22): 99.21% (Tested on 9095 samples)
[Server] Global Inference Model Acc (EMNIST) (Round 22): 82.15% (Tested on 105779 samples)
[Server] Global Inference Model Acc (CIFAR10) (Round 22): 71.16% (Tested on 9100 samples)
[Server] Global Inference Model Acc (Mix) (Round 22): 82.59% (Tested on 123974 samples)
Selected client ids: [0, 1, 2, 3, 4, 5, 6, 7, 8, 9, 10, 11, 12, 13, 14, 15, 16, 17, 18, 19, 20, 21, 22, 23, 24, 25, 26, 27, 28, 29]
--- Round 23 ---
Round 23 | Client 0 | Model: (MLP) | Acc: 11.34%
Round 23 | Client 1 | Model: (CNN) | Acc: 97.45%
Round 23 | Client 2 | Model: (ResNet8) | Acc: 96.49%
Round 23 | Client 3 | Model: (ResNet18) | Acc: 95.48%
Round 23 | Client 4 | Model: (MobileNetV2) | Acc: 11.67%
Round 23 | Client 5 | Model: (MobileNetV3) | Acc: 90.52%
Round 23 | Client 6 | Model: (LeNet) | Acc: 96.94%
Round 23 | Client 7 | Model: (AlexNet) | Acc: 12.63%
Round 23 | Client 8 | Model: (ShuffleNet) | Acc: 36.19%
Round 23 | Client 9 | Model: (SqueezeNet) | Acc: 11.04%
Round 23 | Client 11 | Model: (MLP) | Acc: 5.86%
Round 23 | Client 12 | Model: (CNN) | Acc: 51.37%
Round 23 | Client 13 | Model: (ResNet8) | Acc: 55.74%
Round 23 | Client 14 | Model: (ResNet18) | Acc: 6.49%
Round 23 | Client 15 | Model: (MobileNetV2) | Acc: 5.82%
Round 23 | Client 16 | Model: (MobileNetV3) | Acc: 36.40%
Round 23 | Client 17 | Model: (LeNet) | Acc: 5.83%
Round 23 | Client 18 | Model: (AlexNet) | Acc: 2.86%
Round 23 | Client 19 | Model: (ShuffleNet) | Acc: 45.85%
Round 23 | Client 20 | Model: (SqueezeNet) | Acc: 5.79%
Round 23 | Client 22 | Model: (MLP) | Acc: 22.90%
Round 23 | Client 23 | Model: (CNN) | Acc: 54.51%
Round 23 | Client 24 | Model: (ResNet8) | Acc: 39.83%
Round 23 | Client 25 | Model: (ResNet18) | Acc: 11.21%
Round 23 | Client 26 | Model: (MobileNetV2) | Acc: 11.86%
Round 23 | Client 27 | Model: (MobileNetV3) | Acc: 43.78%
Round 23 | Client 28 | Model: (LeNet) | Acc: 34.87%
Round 23 | Client 29 | Model: (AlexNet) | Acc: 41.30%
Round 23 | Client 30 | Model: (ShuffleNet) | Acc: 11.51%
Round 23 | Client 31 | Model: (SqueezeNet) | Acc: 19.21%
[Server] Aggregating by Dataset Name ...
[Server] Training Feature-Based Global Generator...
[Server] Global Inference Model Acc (MNIST) (Round 23): 99.25% (Tested on 9095 samples)
[Server] Global Inference Model Acc (EMNIST) (Round 23): 81.31% (Tested on 105779 samples)
[Server] Global Inference Model Acc (CIFAR10) (Round 23): 71.65% (Tested on 9100 samples)
[Server] Global Inference Model Acc (Mix) (Round 23): 81.92% (Tested on 123974 samples)
Selected client ids: [0, 1, 2, 3, 4, 5, 6, 7, 8, 9, 10, 11, 12, 13, 14, 15, 16, 17, 18, 19, 20, 21, 22, 23, 24, 25, 26, 27, 28, 29]
--- Round 24 ---
Round 24 | Client 0 | Model: (MLP) | Acc: 11.34%
Round 24 | Client 1 | Model: (CNN) | Acc: 97.56%
Round 24 | Client 2 | Model: (ResNet8) | Acc: 96.83%
Round 24 | Client 3 | Model: (ResNet18) | Acc: 96.38%
Round 24 | Client 4 | Model: (MobileNetV2) | Acc: 11.67%
Round 24 | Client 5 | Model: (MobileNetV3) | Acc: 90.64%
Round 24 | Client 6 | Model: (LeNet) | Acc: 97.05%
Round 24 | Client 7 | Model: (AlexNet) | Acc: 12.63%
Round 24 | Client 8 | Model: (ShuffleNet) | Acc: 28.51%
Round 24 | Client 9 | Model: (SqueezeNet) | Acc: 11.04%
Round 24 | Client 11 | Model: (MLP) | Acc: 5.86%
Round 24 | Client 12 | Model: (CNN) | Acc: 50.88%
Round 24 | Client 13 | Model: (ResNet8) | Acc: 56.73%
Round 24 | Client 14 | Model: (ResNet18) | Acc: 6.49%
Round 24 | Client 15 | Model: (MobileNetV2) | Acc: 5.82%
Round 24 | Client 16 | Model: (MobileNetV3) | Acc: 37.70%
Round 24 | Client 17 | Model: (LeNet) | Acc: 5.83%
Round 24 | Client 18 | Model: (AlexNet) | Acc: 2.86%
Round 24 | Client 19 | Model: (ShuffleNet) | Acc: 47.53%
Round 24 | Client 20 | Model: (SqueezeNet) | Acc: 5.79%
Round 24 | Client 22 | Model: (MLP) | Acc: 24.22%
Round 24 | Client 23 | Model: (CNN) | Acc: 55.93%
Round 24 | Client 24 | Model: (ResNet8) | Acc: 39.40%
Round 24 | Client 25 | Model: (ResNet18) | Acc: 11.21%
Round 24 | Client 26 | Model: (MobileNetV2) | Acc: 11.86%
Round 24 | Client 27 | Model: (MobileNetV3) | Acc: 43.78%
Round 24 | Client 28 | Model: (LeNet) | Acc: 34.87%
Round 24 | Client 29 | Model: (AlexNet) | Acc: 35.14%
Round 24 | Client 30 | Model: (ShuffleNet) | Acc: 11.51%
Round 24 | Client 31 | Model: (SqueezeNet) | Acc: 17.53%
[Server] Aggregating by Dataset Name ...
[Server] Training Feature-Based Global Generator...
[Server] Global Inference Model Acc (MNIST) (Round 24): 99.30% (Tested on 9095 samples)
[Server] Global Inference Model Acc (EMNIST) (Round 24): 82.06% (Tested on 105779 samples)
[Server] Global Inference Model Acc (CIFAR10) (Round 24): 73.71% (Tested on 9100 samples)
[Server] Global Inference Model Acc (Mix) (Round 24): 82.71% (Tested on 123974 samples)
Selected client ids: [0, 1, 2, 3, 4, 5, 6, 7, 8, 9, 10, 11, 12, 13, 14, 15, 16, 17, 18, 19, 20, 21, 22, 23, 24, 25, 26, 27, 28, 29]
--- Round 25 ---
Round 25 | Client 0 | Model: (MLP) | Acc: 11.34%
Round 25 | Client 1 | Model: (CNN) | Acc: 97.23%
Round 25 | Client 2 | Model: (ResNet8) | Acc: 96.94%
Round 25 | Client 3 | Model: (ResNet18) | Acc: 95.36%
Round 25 | Client 4 | Model: (MobileNetV2) | Acc: 11.67%
Round 25 | Client 5 | Model: (MobileNetV3) | Acc: 90.86%
Round 25 | Client 6 | Model: (LeNet) | Acc: 96.83%
Round 25 | Client 7 | Model: (AlexNet) | Acc: 12.63%
Round 25 | Client 8 | Model: (ShuffleNet) | Acc: 56.24%
Round 25 | Client 9 | Model: (SqueezeNet) | Acc: 11.04%
Round 25 | Client 11 | Model: (MLP) | Acc: 5.86%
Round 25 | Client 12 | Model: (CNN) | Acc: 51.92%
Round 25 | Client 13 | Model: (ResNet8) | Acc: 55.82%
Round 25 | Client 14 | Model: (ResNet18) | Acc: 6.49%
Round 25 | Client 15 | Model: (MobileNetV2) | Acc: 5.82%
Round 25 | Client 16 | Model: (MobileNetV3) | Acc: 38.49%
Round 25 | Client 17 | Model: (LeNet) | Acc: 5.83%
Round 25 | Client 18 | Model: (AlexNet) | Acc: 3.27%
Round 25 | Client 19 | Model: (ShuffleNet) | Acc: 46.66%
Round 25 | Client 20 | Model: (SqueezeNet) | Acc: 5.79%
Round 25 | Client 22 | Model: (MLP) | Acc: 35.37%
Round 25 | Client 23 | Model: (CNN) | Acc: 54.62%
Round 25 | Client 24 | Model: (ResNet8) | Acc: 38.97%
Round 25 | Client 25 | Model: (ResNet18) | Acc: 11.21%
Round 25 | Client 26 | Model: (MobileNetV2) | Acc: 11.86%
Round 25 | Client 27 | Model: (MobileNetV3) | Acc: 44.31%
Round 25 | Client 28 | Model: (LeNet) | Acc: 35.53%
Round 25 | Client 29 | Model: (AlexNet) | Acc: 39.57%
Round 25 | Client 30 | Model: (ShuffleNet) | Acc: 11.51%
Round 25 | Client 31 | Model: (SqueezeNet) | Acc: 17.87%
[Server] Aggregating by Dataset Name ...
[Server] Training Feature-Based Global Generator...
[Server] Global Inference Model Acc (MNIST) (Round 25): 99.30% (Tested on 9095 samples)
[Server] Global Inference Model Acc (EMNIST) (Round 25): 81.85% (Tested on 105779 samples)
[Server] Global Inference Model Acc (CIFAR10) (Round 25): 72.68% (Tested on 9100 samples)
[Server] Global Inference Model Acc (Mix) (Round 25): 82.45% (Tested on 123974 samples)
Selected client ids: [0, 1, 2, 3, 4, 5, 6, 7, 8, 9, 10, 11, 12, 13, 14, 15, 16, 17, 18, 19, 20, 21, 22, 23, 24, 25, 26, 27, 28, 29]
--- Round 26 ---
Round 26 | Client 0 | Model: (MLP) | Acc: 11.34%
Round 26 | Client 1 | Model: (CNN) | Acc: 97.23%
Round 26 | Client 2 | Model: (ResNet8) | Acc: 96.60%
Round 26 | Client 3 | Model: (ResNet18) | Acc: 95.81%
Round 26 | Client 4 | Model: (MobileNetV2) | Acc: 11.67%
Round 26 | Client 5 | Model: (MobileNetV3) | Acc: 91.08%
Round 26 | Client 6 | Model: (LeNet) | Acc: 97.26%
Round 26 | Client 7 | Model: (AlexNet) | Acc: 12.63%
Round 26 | Client 8 | Model: (ShuffleNet) | Acc: 25.39%
Round 26 | Client 9 | Model: (SqueezeNet) | Acc: 11.15%
Round 26 | Client 11 | Model: (MLP) | Acc: 5.86%
Round 26 | Client 12 | Model: (CNN) | Acc: 52.13%
Round 26 | Client 13 | Model: (ResNet8) | Acc: 57.35%
Round 26 | Client 14 | Model: (ResNet18) | Acc: 6.49%
Round 26 | Client 15 | Model: (MobileNetV2) | Acc: 5.82%
Round 26 | Client 16 | Model: (MobileNetV3) | Acc: 39.50%
Round 26 | Client 17 | Model: (LeNet) | Acc: 5.83%
Round 26 | Client 18 | Model: (AlexNet) | Acc: 3.27%
Round 26 | Client 19 | Model: (ShuffleNet) | Acc: 48.80%
Round 26 | Client 20 | Model: (SqueezeNet) | Acc: 5.79%
Round 26 | Client 22 | Model: (MLP) | Acc: 34.65%
Round 26 | Client 23 | Model: (CNN) | Acc: 56.15%
Round 26 | Client 24 | Model: (ResNet8) | Acc: 42.93%
Round 26 | Client 25 | Model: (ResNet18) | Acc: 11.21%
Round 26 | Client 26 | Model: (MobileNetV2) | Acc: 11.86%
Round 26 | Client 27 | Model: (MobileNetV3) | Acc: 44.64%
Round 26 | Client 28 | Model: (LeNet) | Acc: 36.85%
Round 26 | Client 29 | Model: (AlexNet) | Acc: 40.65%
Round 26 | Client 30 | Model: (ShuffleNet) | Acc: 11.51%
Round 26 | Client 31 | Model: (SqueezeNet) | Acc: 16.63%
[Server] Aggregating by Dataset Name ...
[Server] Training Feature-Based Global Generator...
[Server] Global Inference Model Acc (MNIST) (Round 26): 98.63% (Tested on 9095 samples)
[Server] Global Inference Model Acc (EMNIST) (Round 26): 80.91% (Tested on 105779 samples)
[Server] Global Inference Model Acc (CIFAR10) (Round 26): 71.85% (Tested on 9100 samples)
[Server] Global Inference Model Acc (Mix) (Round 26): 81.55% (Tested on 123974 samples)
Selected client ids: [0, 1, 2, 3, 4, 5, 6, 7, 8, 9, 10, 11, 12, 13, 14, 15, 16, 17, 18, 19, 20, 21, 22, 23, 24, 25, 26, 27, 28, 29]
--- Round 27 ---
Round 27 | Client 0 | Model: (MLP) | Acc: 11.34%
Round 27 | Client 1 | Model: (CNN) | Acc: 97.23%
Round 27 | Client 2 | Model: (ResNet8) | Acc: 97.28%
Round 27 | Client 3 | Model: (ResNet18) | Acc: 95.70%
Round 27 | Client 4 | Model: (MobileNetV2) | Acc: 11.67%
Round 27 | Client 5 | Model: (MobileNetV3) | Acc: 91.19%
Round 27 | Client 6 | Model: (LeNet) | Acc: 96.83%
Round 27 | Client 7 | Model: (AlexNet) | Acc: 12.63%
Round 27 | Client 8 | Model: (ShuffleNet) | Acc: 45.88%
Round 27 | Client 9 | Model: (SqueezeNet) | Acc: 11.37%
Round 27 | Client 11 | Model: (MLP) | Acc: 5.86%
Round 27 | Client 12 | Model: (CNN) | Acc: 52.91%
Round 27 | Client 13 | Model: (ResNet8) | Acc: 57.46%
Round 27 | Client 14 | Model: (ResNet18) | Acc: 6.49%
Round 27 | Client 15 | Model: (MobileNetV2) | Acc: 5.82%
Round 27 | Client 16 | Model: (MobileNetV3) | Acc: 38.25%
Round 27 | Client 17 | Model: (LeNet) | Acc: 5.83%
Round 27 | Client 18 | Model: (AlexNet) | Acc: 3.27%
Round 27 | Client 19 | Model: (ShuffleNet) | Acc: 49.68%
Round 27 | Client 20 | Model: (SqueezeNet) | Acc: 5.79%
Round 27 | Client 22 | Model: (MLP) | Acc: 35.01%
Round 27 | Client 23 | Model: (CNN) | Acc: 56.81%
Round 27 | Client 24 | Model: (ResNet8) | Acc: 43.25%
Round 27 | Client 25 | Model: (ResNet18) | Acc: 11.21%
Round 27 | Client 26 | Model: (MobileNetV2) | Acc: 11.86%
Round 27 | Client 27 | Model: (MobileNetV3) | Acc: 43.24%
Round 27 | Client 28 | Model: (LeNet) | Acc: 36.08%
Round 27 | Client 29 | Model: (AlexNet) | Acc: 39.89%
Round 27 | Client 30 | Model: (ShuffleNet) | Acc: 19.41%
Round 27 | Client 31 | Model: (SqueezeNet) | Acc: 17.19%
[Server] Aggregating by Dataset Name ...
[Server] Training Feature-Based Global Generator...
[Server] Global Inference Model Acc (MNIST) (Round 27): 99.27% (Tested on 9095 samples)
[Server] Global Inference Model Acc (EMNIST) (Round 27): 81.55% (Tested on 105779 samples)
[Server] Global Inference Model Acc (CIFAR10) (Round 27): 73.36% (Tested on 9100 samples)
[Server] Global Inference Model Acc (Mix) (Round 27): 82.25% (Tested on 123974 samples)
Selected client ids: [0, 1, 2, 3, 4, 5, 6, 7, 8, 9, 10, 11, 12, 13, 14, 15, 16, 17, 18, 19, 20, 21, 22, 23, 24, 25, 26, 27, 28, 29]
--- Round 28 ---
Round 28 | Client 0 | Model: (MLP) | Acc: 11.34%
Round 28 | Client 1 | Model: (CNN) | Acc: 97.56%
Round 28 | Client 2 | Model: (ResNet8) | Acc: 97.28%
Round 28 | Client 3 | Model: (ResNet18) | Acc: 96.49%
Round 28 | Client 4 | Model: (MobileNetV2) | Acc: 11.67%
Round 28 | Client 5 | Model: (MobileNetV3) | Acc: 91.42%
Round 28 | Client 6 | Model: (LeNet) | Acc: 97.59%
Round 28 | Client 7 | Model: (AlexNet) | Acc: 12.63%
Round 28 | Client 8 | Model: (ShuffleNet) | Acc: 21.27%
Round 28 | Client 9 | Model: (SqueezeNet) | Acc: 11.15%
Round 28 | Client 11 | Model: (MLP) | Acc: 5.86%
Round 28 | Client 12 | Model: (CNN) | Acc: 51.73%
Round 28 | Client 13 | Model: (ResNet8) | Acc: 56.83%
Round 28 | Client 14 | Model: (ResNet18) | Acc: 6.49%
Round 28 | Client 15 | Model: (MobileNetV2) | Acc: 5.82%
Round 28 | Client 16 | Model: (MobileNetV3) | Acc: 39.76%
Round 28 | Client 17 | Model: (LeNet) | Acc: 5.83%
Round 28 | Client 18 | Model: (AlexNet) | Acc: 3.27%
Round 28 | Client 19 | Model: (ShuffleNet) | Acc: 49.76%
Round 28 | Client 20 | Model: (SqueezeNet) | Acc: 5.79%
Round 28 | Client 22 | Model: (MLP) | Acc: 36.81%
Round 28 | Client 23 | Model: (CNN) | Acc: 56.26%
Round 28 | Client 24 | Model: (ResNet8) | Acc: 43.36%
Round 28 | Client 25 | Model: (ResNet18) | Acc: 11.21%
Round 28 | Client 26 | Model: (MobileNetV2) | Acc: 11.86%
Round 28 | Client 27 | Model: (MobileNetV3) | Acc: 44.10%
Round 28 | Client 28 | Model: (LeNet) | Acc: 35.75%
Round 28 | Client 29 | Model: (AlexNet) | Acc: 40.22%
Round 28 | Client 30 | Model: (ShuffleNet) | Acc: 11.07%
Round 28 | Client 31 | Model: (SqueezeNet) | Acc: 17.98%
[Server] Aggregating by Dataset Name ...
[Server] Training Feature-Based Global Generator...
[Server] Global Inference Model Acc (MNIST) (Round 28): 99.32% (Tested on 9095 samples)
[Server] Global Inference Model Acc (EMNIST) (Round 28): 82.12% (Tested on 105779 samples)
[Server] Global Inference Model Acc (CIFAR10) (Round 28): 71.03% (Tested on 9100 samples)
[Server] Global Inference Model Acc (Mix) (Round 28): 82.57% (Tested on 123974 samples)
Selected client ids: [0, 1, 2, 3, 4, 5, 6, 7, 8, 9, 10, 11, 12, 13, 14, 15, 16, 17, 18, 19, 20, 21, 22, 23, 24, 25, 26, 27, 28, 29]
--- Round 29 ---
Round 29 | Client 0 | Model: (MLP) | Acc: 11.34%
Round 29 | Client 1 | Model: (CNN) | Acc: 97.34%
Round 29 | Client 2 | Model: (ResNet8) | Acc: 96.49%
Round 29 | Client 3 | Model: (ResNet18) | Acc: 96.72%
Round 29 | Client 4 | Model: (MobileNetV2) | Acc: 11.67%
Round 29 | Client 5 | Model: (MobileNetV3) | Acc: 91.08%
Round 29 | Client 6 | Model: (LeNet) | Acc: 97.05%
Round 29 | Client 7 | Model: (AlexNet) | Acc: 12.63%
Round 29 | Client 8 | Model: (ShuffleNet) | Acc: 36.97%
Round 29 | Client 9 | Model: (SqueezeNet) | Acc: 11.15%
Round 29 | Client 11 | Model: (MLP) | Acc: 5.86%
Round 29 | Client 12 | Model: (CNN) | Acc: 50.48%
Round 29 | Client 13 | Model: (ResNet8) | Acc: 57.68%
Round 29 | Client 14 | Model: (ResNet18) | Acc: 6.49%
Round 29 | Client 15 | Model: (MobileNetV2) | Acc: 5.82%
Round 29 | Client 16 | Model: (MobileNetV3) | Acc: 39.56%
Round 29 | Client 17 | Model: (LeNet) | Acc: 5.83%
Round 29 | Client 18 | Model: (AlexNet) | Acc: 3.27%
Round 29 | Client 19 | Model: (ShuffleNet) | Acc: 50.27%
Round 29 | Client 20 | Model: (SqueezeNet) | Acc: 5.79%
Round 29 | Client 22 | Model: (MLP) | Acc: 38.01%
Round 29 | Client 23 | Model: (CNN) | Acc: 58.57%
Round 29 | Client 24 | Model: (ResNet8) | Acc: 44.43%
Round 29 | Client 25 | Model: (ResNet18) | Acc: 11.21%
Round 29 | Client 26 | Model: (MobileNetV2) | Acc: 11.86%
Round 29 | Client 27 | Model: (MobileNetV3) | Acc: 45.17%
Round 29 | Client 28 | Model: (LeNet) | Acc: 37.18%
Round 29 | Client 29 | Model: (AlexNet) | Acc: 40.65%
Round 29 | Client 30 | Model: (ShuffleNet) | Acc: 11.07%
Round 29 | Client 31 | Model: (SqueezeNet) | Acc: 18.54%
[Server] Aggregating by Dataset Name ...
[Server] Training Feature-Based Global Generator...
[Server] Global Inference Model Acc (MNIST) (Round 29): 99.23% (Tested on 9095 samples)
[Server] Global Inference Model Acc (EMNIST) (Round 29): 81.92% (Tested on 105779 samples)
[Server] Global Inference Model Acc (CIFAR10) (Round 29): 75.87% (Tested on 9100 samples)
[Server] Global Inference Model Acc (Mix) (Round 29): 82.74% (Tested on 123974 samples)
Selected client ids: [0, 1, 2, 3, 4, 5, 6, 7, 8, 9, 10, 11, 12, 13, 14, 15, 16, 17, 18, 19, 20, 21, 22, 23, 24, 25, 26, 27, 28, 29]
--- Round 30 ---
Round 30 | Client 0 | Model: (MLP) | Acc: 11.34%
Round 30 | Client 1 | Model: (CNN) | Acc: 97.45%
Round 30 | Client 2 | Model: (ResNet8) | Acc: 97.17%
Round 30 | Client 3 | Model: (ResNet18) | Acc: 97.17%
Round 30 | Client 4 | Model: (MobileNetV2) | Acc: 11.67%
Round 30 | Client 5 | Model: (MobileNetV3) | Acc: 91.19%
Round 30 | Client 6 | Model: (LeNet) | Acc: 97.16%
Round 30 | Client 7 | Model: (AlexNet) | Acc: 12.63%
Round 30 | Client 8 | Model: (ShuffleNet) | Acc: 39.87%
Round 30 | Client 9 | Model: (SqueezeNet) | Acc: 11.15%
Round 30 | Client 11 | Model: (MLP) | Acc: 5.86%
Round 30 | Client 12 | Model: (CNN) | Acc: 52.88%
Round 30 | Client 13 | Model: (ResNet8) | Acc: 57.72%
Round 30 | Client 14 | Model: (ResNet18) | Acc: 6.49%
Round 30 | Client 15 | Model: (MobileNetV2) | Acc: 5.82%
Round 30 | Client 16 | Model: (MobileNetV3) | Acc: 39.66%
Round 30 | Client 17 | Model: (LeNet) | Acc: 5.83%
Round 30 | Client 18 | Model: (AlexNet) | Acc: 2.86%
Round 30 | Client 19 | Model: (ShuffleNet) | Acc: 47.30%
Round 30 | Client 20 | Model: (SqueezeNet) | Acc: 5.79%
Round 30 | Client 22 | Model: (MLP) | Acc: 37.77%
Round 30 | Client 23 | Model: (CNN) | Acc: 57.47%
Round 30 | Client 24 | Model: (ResNet8) | Acc: 45.18%
Round 30 | Client 25 | Model: (ResNet18) | Acc: 11.21%
Round 30 | Client 26 | Model: (MobileNetV2) | Acc: 11.86%
Round 30 | Client 27 | Model: (MobileNetV3) | Acc: 44.31%
Round 30 | Client 28 | Model: (LeNet) | Acc: 37.62%
Round 30 | Client 29 | Model: (AlexNet) | Acc: 42.27%
Round 30 | Client 30 | Model: (ShuffleNet) | Acc: 11.07%
Round 30 | Client 31 | Model: (SqueezeNet) | Acc: 17.53%
[Server] Aggregating by Dataset Name ...
[Server] Training Feature-Based Global Generator...
[Server] Global Inference Model Acc (MNIST) (Round 30): 98.57% (Tested on 9095 samples)
[Server] Global Inference Model Acc (EMNIST) (Round 30): 78.72% (Tested on 105779 samples)
[Server] Global Inference Model Acc (CIFAR10) (Round 30): 72.91% (Tested on 9100 samples)
[Server] Global Inference Model Acc (Mix) (Round 30): 79.75% (Tested on 123974 samples)
Saving FedTED_dir Server Checkpoints ...
[Server] All clients saved in logs/2026-05-12_17-34-01/FedTED_dir/clients_last_round_checkpoints/
==============================    Finished. Total Time: 5:34:54    ==============================
