Time: 2026-06-26 16:32:46
Log Dir: logs/2026-06-26_16-32-46/GeFL_DDPM_baseline_total_DI
================================================================================

==============================        Args        ==============================
  exp_timestamp: None
  exp_conf: ./configs/het-iid-exp.yaml
  device: cuda:1
  seed: 15698
  algorithm: GeFL_DDPM_baseline_total_DI
  num_new_clients: 1
  num_train_mnist: 10
  num_train_emnist: 10
  num_train_fashionmnist: 0
  num_train_cifar10: 10
  num_train_cifar100: 0
  num_train_usps: 0
  label_mapping: class_name
================================================================================
==============================    Exp Configs     ==============================
exp_name: model-heterogeneity
heterogeneous: true
dirichlet_alpha: 100
global_rounds: 50
local_epochs: 1
local_loss_fn: CrossEntropyLoss
local_optim: Adam
local_lr: 0.001
batch_size: 64
sample_frac: 1.0
test_interval: 1
metric_type: accuracy
global_feature_dim: 256
optim: Adam
optim_lr: 0.001
global_gen_epochs: 10
gen_noise_dim: 128
gen_optim: Adam
gen_optim_lr: 0.001
n_feat: 16
ddpm_guide_w: 0.0
global_feat_gen_epochs: 10
feat_gen_noise_dim: 128
feat_gen_optim: Adam
feat_gen_optim_lr: 0.001
feat_gen_div_beta: 1.0
public_data_ratio: 0.05
start_mapping_epoch: 25
gen_observer_weight: 0.0
index_matching: ddpm
aggregate_method: dataset_name
use_new_entropy_method: false
entropy_ratio: 0.75
cs_threshold: 0.9
global_model_epochs: 5
global_model_optim: Adam
global_model_optim_lr: 0.001
global_samples_per_class: 64

================================================================================

==================================================
Start 50 rounds training by GeFL_DDPM_baseline_total_DI
Selected client ids: [0, 1, 2, 3, 4, 5, 6, 7, 8, 9, 10, 11, 12, 13, 14, 15, 16, 17, 18, 19, 20, 21, 22, 23, 24, 25, 26, 27, 28, 29]
--- Round 1 ---
Client 0 (MNIST) | Target Loss: 1.0215
Client 1 (MNIST) | Target Loss: 1.4389
Client 2 (MNIST) | Target Loss: 0.8077
Client 3 (MNIST) | Target Loss: 0.4595
Client 4 (MNIST) | Target Loss: 1.7043
Client 5 (MNIST) | Target Loss: 1.7717
Client 6 (MNIST) | Target Loss: 1.3697
Client 7 (MNIST) | Target Loss: 1.2236
Client 8 (MNIST) | Target Loss: 1.7904
Client 9 (MNIST) | Target Loss: 1.7796
Client 11 (EMNIST) | Target Loss: 1.2260
Client 12 (EMNIST) | Target Loss: 1.3741
Client 13 (EMNIST) | Target Loss: 0.9200
Client 14 (EMNIST) | Target Loss: 0.7421
Client 15 (EMNIST) | Target Loss: 1.5037
Client 16 (EMNIST) | Target Loss: 2.0836
Client 17 (EMNIST) | Target Loss: 1.3210
Client 18 (EMNIST) | Target Loss: 1.2373
Client 19 (EMNIST) | Target Loss: 1.6859
Client 20 (EMNIST) | Target Loss: 1.6792
Client 22 (CIFAR10) | Target Loss: 2.0146
Client 23 (CIFAR10) | Target Loss: 1.8955
Client 24 (CIFAR10) | Target Loss: 1.8281
Client 25 (CIFAR10) | Target Loss: 1.9402
Client 26 (CIFAR10) | Target Loss: 2.2525
Client 27 (CIFAR10) | Target Loss: 1.9541
Client 28 (CIFAR10) | Target Loss: 2.1241
Client 29 (CIFAR10) | Target Loss: 2.1642
Client 30 (CIFAR10) | Target Loss: 2.2541
Client 31 (CIFAR10) | Target Loss: 2.2157
Selected client ids: [0, 1, 2, 3, 4, 5, 6, 7, 8, 9, 10, 11, 12, 13, 14, 15, 16, 17, 18, 19, 20, 21, 22, 23, 24, 25, 26, 27, 28, 29]
--- Round 2 ---
Client 0 (MNIST) | Target Loss: 0.4468
Client 1 (MNIST) | Target Loss: 0.4025
Client 2 (MNIST) | Target Loss: 0.1960
Client 3 (MNIST) | Target Loss: 0.1375
Client 4 (MNIST) | Target Loss: 0.7161
Client 5 (MNIST) | Target Loss: 1.2179
Client 6 (MNIST) | Target Loss: 0.4754
Client 7 (MNIST) | Target Loss: 0.2872
Client 8 (MNIST) | Target Loss: 0.9961
Client 9 (MNIST) | Target Loss: 0.8566
Client 11 (EMNIST) | Target Loss: 0.7468
Client 12 (EMNIST) | Target Loss: 0.6867
Client 13 (EMNIST) | Target Loss: 0.4965
Client 14 (EMNIST) | Target Loss: 0.4627
Client 15 (EMNIST) | Target Loss: 0.7597
Client 16 (EMNIST) | Target Loss: 1.2518
Client 17 (EMNIST) | Target Loss: 0.6337
Client 18 (EMNIST) | Target Loss: 0.5016
Client 19 (EMNIST) | Target Loss: 0.8369
Client 20 (EMNIST) | Target Loss: 0.8603
Client 22 (CIFAR10) | Target Loss: 1.7903
Client 23 (CIFAR10) | Target Loss: 1.5877
Client 24 (CIFAR10) | Target Loss: 1.5758
Client 25 (CIFAR10) | Target Loss: 1.7108
Client 26 (CIFAR10) | Target Loss: 2.0508
Client 27 (CIFAR10) | Target Loss: 1.7447
Client 28 (CIFAR10) | Target Loss: 1.8693
Client 29 (CIFAR10) | Target Loss: 1.8890
Client 30 (CIFAR10) | Target Loss: 2.0886
Client 31 (CIFAR10) | Target Loss: 2.0373
Selected client ids: [0, 1, 2, 3, 4, 5, 6, 7, 8, 9, 10, 11, 12, 13, 14, 15, 16, 17, 18, 19, 20, 21, 22, 23, 24, 25, 26, 27, 28, 29]
--- Round 3 ---
Client 0 (MNIST) | Target Loss: 0.3420
Client 1 (MNIST) | Target Loss: 0.1867
Client 2 (MNIST) | Target Loss: 0.1225
Client 3 (MNIST) | Target Loss: 0.1145
Client 4 (MNIST) | Target Loss: 0.3980
Client 5 (MNIST) | Target Loss: 0.9789
Client 6 (MNIST) | Target Loss: 0.2642
Client 7 (MNIST) | Target Loss: 0.1652
Client 8 (MNIST) | Target Loss: 0.6412
Client 9 (MNIST) | Target Loss: 0.5279
Client 11 (EMNIST) | Target Loss: 0.6433
Client 12 (EMNIST) | Target Loss: 0.5847
Client 13 (EMNIST) | Target Loss: 0.4446
Client 14 (EMNIST) | Target Loss: 0.4262
Client 15 (EMNIST) | Target Loss: 0.6370
Client 16 (EMNIST) | Target Loss: 1.0128
Client 17 (EMNIST) | Target Loss: 0.5430
Client 18 (EMNIST) | Target Loss: 0.4415
Client 19 (EMNIST) | Target Loss: 0.6874
Client 20 (EMNIST) | Target Loss: 0.7115
Client 22 (CIFAR10) | Target Loss: 1.6370
Client 23 (CIFAR10) | Target Loss: 1.4691
Client 24 (CIFAR10) | Target Loss: 1.4320
Client 25 (CIFAR10) | Target Loss: 1.5566
Client 26 (CIFAR10) | Target Loss: 1.8735
Client 27 (CIFAR10) | Target Loss: 1.6724
Client 28 (CIFAR10) | Target Loss: 1.7584
Client 29 (CIFAR10) | Target Loss: 1.7210
Client 30 (CIFAR10) | Target Loss: 1.9365
Client 31 (CIFAR10) | Target Loss: 1.9324
Selected client ids: [0, 1, 2, 3, 4, 5, 6, 7, 8, 9, 10, 11, 12, 13, 14, 15, 16, 17, 18, 19, 20, 21, 22, 23, 24, 25, 26, 27, 28, 29]
--- Round 4 ---
Client 0 (MNIST) | Target Loss: 0.2708
Client 1 (MNIST) | Target Loss: 0.1395
Client 2 (MNIST) | Target Loss: 0.0807
Client 3 (MNIST) | Target Loss: 0.1194
Client 4 (MNIST) | Target Loss: 0.2754
Client 5 (MNIST) | Target Loss: 0.8235
Client 6 (MNIST) | Target Loss: 0.1822
Client 7 (MNIST) | Target Loss: 0.1256
Client 8 (MNIST) | Target Loss: 0.8521
Client 9 (MNIST) | Target Loss: 0.3796
Client 11 (EMNIST) | Target Loss: 0.5917
Client 12 (EMNIST) | Target Loss: 0.5374
Client 13 (EMNIST) | Target Loss: 0.4154
Client 14 (EMNIST) | Target Loss: 0.3956
Client 15 (EMNIST) | Target Loss: 0.5852
Client 16 (EMNIST) | Target Loss: 0.8943
Client 17 (EMNIST) | Target Loss: 0.5009
Client 18 (EMNIST) | Target Loss: 0.4089
Client 19 (EMNIST) | Target Loss: 0.6126
Client 20 (EMNIST) | Target Loss: 0.6430
Client 22 (CIFAR10) | Target Loss: 1.5125
Client 23 (CIFAR10) | Target Loss: 1.3690
Client 24 (CIFAR10) | Target Loss: 1.3093
Client 25 (CIFAR10) | Target Loss: 1.4601
Client 26 (CIFAR10) | Target Loss: 1.7575
Client 27 (CIFAR10) | Target Loss: 1.6196
Client 28 (CIFAR10) | Target Loss: 1.6652
Client 29 (CIFAR10) | Target Loss: 1.6018
Client 30 (CIFAR10) | Target Loss: 1.8363
Client 31 (CIFAR10) | Target Loss: 1.8680
Selected client ids: [0, 1, 2, 3, 4, 5, 6, 7, 8, 9, 10, 11, 12, 13, 14, 15, 16, 17, 18, 19, 20, 21, 22, 23, 24, 25, 26, 27, 28, 29]
--- Round 5 ---
Client 0 (MNIST) | Target Loss: 0.2426
Client 1 (MNIST) | Target Loss: 0.1092
Client 2 (MNIST) | Target Loss: 0.0666
Client 3 (MNIST) | Target Loss: 0.1257
Client 4 (MNIST) | Target Loss: 0.2169
Client 5 (MNIST) | Target Loss: 0.7033
Client 6 (MNIST) | Target Loss: 0.1517
Client 7 (MNIST) | Target Loss: 0.0803
Client 8 (MNIST) | Target Loss: 0.5651
Client 9 (MNIST) | Target Loss: 0.3012
Client 11 (EMNIST) | Target Loss: 0.5526
Client 12 (EMNIST) | Target Loss: 0.5021
Client 13 (EMNIST) | Target Loss: 0.3940
Client 14 (EMNIST) | Target Loss: 0.3779
Client 15 (EMNIST) | Target Loss: 0.5589
Client 16 (EMNIST) | Target Loss: 0.8187
Client 17 (EMNIST) | Target Loss: 0.4685
Client 18 (EMNIST) | Target Loss: 0.3849
Client 19 (EMNIST) | Target Loss: 0.5691
Client 20 (EMNIST) | Target Loss: 0.5980
Client 22 (CIFAR10) | Target Loss: 1.3866
Client 23 (CIFAR10) | Target Loss: 1.3007
Client 24 (CIFAR10) | Target Loss: 1.2281
Client 25 (CIFAR10) | Target Loss: 1.3547
Client 26 (CIFAR10) | Target Loss: 1.6311
Client 27 (CIFAR10) | Target Loss: 1.5604
Client 28 (CIFAR10) | Target Loss: 1.5896
Client 29 (CIFAR10) | Target Loss: 1.5506
Client 30 (CIFAR10) | Target Loss: 1.7678
Client 31 (CIFAR10) | Target Loss: 1.7918
Selected client ids: [0, 1, 2, 3, 4, 5, 6, 7, 8, 9, 10, 11, 12, 13, 14, 15, 16, 17, 18, 19, 20, 21, 22, 23, 24, 25, 26, 27, 28, 29]
--- Round 6 ---
Client 0 (MNIST) | Target Loss: 0.2247
Client 1 (MNIST) | Target Loss: 0.0797
Client 2 (MNIST) | Target Loss: 0.0499
Client 3 (MNIST) | Target Loss: 0.0415
Client 4 (MNIST) | Target Loss: 0.1855
Client 5 (MNIST) | Target Loss: 0.6200
Client 6 (MNIST) | Target Loss: 0.1121
Client 7 (MNIST) | Target Loss: 0.0723
Client 8 (MNIST) | Target Loss: 0.9844
Client 9 (MNIST) | Target Loss: 0.2130
Client 11 (EMNIST) | Target Loss: 0.5212
Client 12 (EMNIST) | Target Loss: 0.4815
Client 13 (EMNIST) | Target Loss: 0.3756
Client 14 (EMNIST) | Target Loss: 0.3600
Client 15 (EMNIST) | Target Loss: 0.5254
Client 16 (EMNIST) | Target Loss: 0.7697
Client 17 (EMNIST) | Target Loss: 0.4464
Client 18 (EMNIST) | Target Loss: 0.3617
Client 19 (EMNIST) | Target Loss: 0.5407
Client 20 (EMNIST) | Target Loss: 0.5690
Client 22 (CIFAR10) | Target Loss: 1.2421
Client 23 (CIFAR10) | Target Loss: 1.2259
Client 24 (CIFAR10) | Target Loss: 1.1442
Client 25 (CIFAR10) | Target Loss: 1.2602
Client 26 (CIFAR10) | Target Loss: 1.5622
Client 27 (CIFAR10) | Target Loss: 1.5243
Client 28 (CIFAR10) | Target Loss: 1.5655
Client 29 (CIFAR10) | Target Loss: 1.4356
Client 30 (CIFAR10) | Target Loss: 1.6840
Client 31 (CIFAR10) | Target Loss: 1.6953
Selected client ids: [0, 1, 2, 3, 4, 5, 6, 7, 8, 9, 10, 11, 12, 13, 14, 15, 16, 17, 18, 19, 20, 21, 22, 23, 24, 25, 26, 27, 28, 29]
--- Round 7 ---
Client 0 (MNIST) | Target Loss: 0.1684
Client 1 (MNIST) | Target Loss: 0.0703
Client 2 (MNIST) | Target Loss: 0.0397
Client 3 (MNIST) | Target Loss: 0.0396
Client 4 (MNIST) | Target Loss: 0.1687
Client 5 (MNIST) | Target Loss: 0.5439
Client 6 (MNIST) | Target Loss: 0.1086
Client 7 (MNIST) | Target Loss: 0.0694
Client 8 (MNIST) | Target Loss: 0.7698
Client 9 (MNIST) | Target Loss: 0.1985
Client 11 (EMNIST) | Target Loss: 0.5035
Client 12 (EMNIST) | Target Loss: 0.4598
Client 13 (EMNIST) | Target Loss: 0.3592
Client 14 (EMNIST) | Target Loss: 0.3428
Client 15 (EMNIST) | Target Loss: 0.5042
Client 16 (EMNIST) | Target Loss: 0.7213
Client 17 (EMNIST) | Target Loss: 0.4280
Client 18 (EMNIST) | Target Loss: 0.3436
Client 19 (EMNIST) | Target Loss: 0.5153
Client 20 (EMNIST) | Target Loss: 0.5463
Client 22 (CIFAR10) | Target Loss: 1.1169
Client 23 (CIFAR10) | Target Loss: 1.1702
Client 24 (CIFAR10) | Target Loss: 1.0781
Client 25 (CIFAR10) | Target Loss: 1.1360
Client 26 (CIFAR10) | Target Loss: 1.4507
Client 27 (CIFAR10) | Target Loss: 1.4899
Client 28 (CIFAR10) | Target Loss: 1.4828
Client 29 (CIFAR10) | Target Loss: 1.3711
Client 30 (CIFAR10) | Target Loss: 1.6214
Client 31 (CIFAR10) | Target Loss: 1.6569
Selected client ids: [0, 1, 2, 3, 4, 5, 6, 7, 8, 9, 10, 11, 12, 13, 14, 15, 16, 17, 18, 19, 20, 21, 22, 23, 24, 25, 26, 27, 28, 29]
--- Round 8 ---
Client 0 (MNIST) | Target Loss: 0.1506
Client 1 (MNIST) | Target Loss: 0.0633
Client 2 (MNIST) | Target Loss: 0.0296
Client 3 (MNIST) | Target Loss: 0.0317
Client 4 (MNIST) | Target Loss: 0.1408
Client 5 (MNIST) | Target Loss: 0.4856
Client 6 (MNIST) | Target Loss: 0.0846
Client 7 (MNIST) | Target Loss: 0.0426
Client 8 (MNIST) | Target Loss: 0.9097
Client 9 (MNIST) | Target Loss: 0.1501
Client 11 (EMNIST) | Target Loss: 0.4776
Client 12 (EMNIST) | Target Loss: 0.4463
Client 13 (EMNIST) | Target Loss: 0.3472
Client 14 (EMNIST) | Target Loss: 0.3269
Client 15 (EMNIST) | Target Loss: 0.4837
Client 16 (EMNIST) | Target Loss: 0.7007
Client 17 (EMNIST) | Target Loss: 0.4145
Client 18 (EMNIST) | Target Loss: 0.3242
Client 19 (EMNIST) | Target Loss: 0.4954
Client 20 (EMNIST) | Target Loss: 0.5330
Client 22 (CIFAR10) | Target Loss: 1.0018
Client 23 (CIFAR10) | Target Loss: 1.1156
Client 24 (CIFAR10) | Target Loss: 0.9858
Client 25 (CIFAR10) | Target Loss: 1.0161
Client 26 (CIFAR10) | Target Loss: 1.4011
Client 27 (CIFAR10) | Target Loss: 1.4575
Client 28 (CIFAR10) | Target Loss: 1.4417
Client 29 (CIFAR10) | Target Loss: 1.3052
Client 30 (CIFAR10) | Target Loss: 1.5369
Client 31 (CIFAR10) | Target Loss: 1.5974
Selected client ids: [0, 1, 2, 3, 4, 5, 6, 7, 8, 9, 10, 11, 12, 13, 14, 15, 16, 17, 18, 19, 20, 21, 22, 23, 24, 25, 26, 27, 28, 29]
--- Round 9 ---
Client 0 (MNIST) | Target Loss: 0.1738
Client 1 (MNIST) | Target Loss: 0.0469
Client 2 (MNIST) | Target Loss: 0.0292
Client 3 (MNIST) | Target Loss: 0.0273
Client 4 (MNIST) | Target Loss: 0.1196
Client 5 (MNIST) | Target Loss: 0.4456
Client 6 (MNIST) | Target Loss: 0.0731
Client 7 (MNIST) | Target Loss: 0.0522
Client 8 (MNIST) | Target Loss: 0.7439
Client 9 (MNIST) | Target Loss: 0.1416
Client 11 (EMNIST) | Target Loss: 0.4639
Client 12 (EMNIST) | Target Loss: 0.4336
Client 13 (EMNIST) | Target Loss: 0.3316
Client 14 (EMNIST) | Target Loss: 0.3114
Client 15 (EMNIST) | Target Loss: 0.4726
Client 16 (EMNIST) | Target Loss: 0.6731
Client 17 (EMNIST) | Target Loss: 0.4019
Client 18 (EMNIST) | Target Loss: 0.3070
Client 19 (EMNIST) | Target Loss: 0.4791
Client 20 (EMNIST) | Target Loss: 0.5209
Client 22 (CIFAR10) | Target Loss: 0.9076
Client 23 (CIFAR10) | Target Loss: 1.0824
Client 24 (CIFAR10) | Target Loss: 0.9299
Client 25 (CIFAR10) | Target Loss: 0.9010
Client 26 (CIFAR10) | Target Loss: 1.3536
Client 27 (CIFAR10) | Target Loss: 1.4323
Client 28 (CIFAR10) | Target Loss: 1.3857
Client 29 (CIFAR10) | Target Loss: 1.2185
Client 30 (CIFAR10) | Target Loss: 1.4654
Client 31 (CIFAR10) | Target Loss: 1.5932
Selected client ids: [0, 1, 2, 3, 4, 5, 6, 7, 8, 9, 10, 11, 12, 13, 14, 15, 16, 17, 18, 19, 20, 21, 22, 23, 24, 25, 26, 27, 28, 29]
--- Round 10 ---
Client 0 (MNIST) | Target Loss: 0.1198
Client 1 (MNIST) | Target Loss: 0.0488
Client 2 (MNIST) | Target Loss: 0.0190
Client 3 (MNIST) | Target Loss: 0.0287
Client 4 (MNIST) | Target Loss: 0.1134
Client 5 (MNIST) | Target Loss: 0.4687
Client 6 (MNIST) | Target Loss: 0.0614
Client 7 (MNIST) | Target Loss: 0.0469
Client 8 (MNIST) | Target Loss: 0.6372
Client 9 (MNIST) | Target Loss: 0.1510
Client 11 (EMNIST) | Target Loss: 0.4562
Client 12 (EMNIST) | Target Loss: 0.4218
Client 13 (EMNIST) | Target Loss: 0.3199
Client 14 (EMNIST) | Target Loss: 0.3040
Client 15 (EMNIST) | Target Loss: 0.4620
Client 16 (EMNIST) | Target Loss: 0.6552
Client 17 (EMNIST) | Target Loss: 0.3906
Client 18 (EMNIST) | Target Loss: 0.2928
Client 19 (EMNIST) | Target Loss: 0.4673
Client 20 (EMNIST) | Target Loss: 0.5065
Client 22 (CIFAR10) | Target Loss: 0.7588
Client 23 (CIFAR10) | Target Loss: 1.0373
Client 24 (CIFAR10) | Target Loss: 0.8421
Client 25 (CIFAR10) | Target Loss: 0.8242
Client 26 (CIFAR10) | Target Loss: 1.3114
Client 27 (CIFAR10) | Target Loss: 1.3958
Client 28 (CIFAR10) | Target Loss: 1.3661
Client 29 (CIFAR10) | Target Loss: 1.1536
Client 30 (CIFAR10) | Target Loss: 1.4360
Client 31 (CIFAR10) | Target Loss: 1.4970
Selected client ids: [0, 1, 2, 3, 4, 5, 6, 7, 8, 9, 10, 11, 12, 13, 14, 15, 16, 17, 18, 19, 20, 21, 22, 23, 24, 25, 26, 27, 28, 29]
--- Round 11 ---
Client 0 (MNIST) | Target Loss: 0.0950
Client 1 (MNIST) | Target Loss: 0.0460
Client 2 (MNIST) | Target Loss: 0.0303
Client 3 (MNIST) | Target Loss: 0.0139
Client 4 (MNIST) | Target Loss: 0.1060
Client 5 (MNIST) | Target Loss: 0.4021
Client 6 (MNIST) | Target Loss: 0.0589
Client 7 (MNIST) | Target Loss: 0.0230
Client 8 (MNIST) | Target Loss: 0.6479
Client 9 (MNIST) | Target Loss: 0.1289
Client 11 (EMNIST) | Target Loss: 0.4374
Client 12 (EMNIST) | Target Loss: 0.4131
Client 13 (EMNIST) | Target Loss: 0.3055
Client 14 (EMNIST) | Target Loss: 0.2855
Client 15 (EMNIST) | Target Loss: 0.4460
Client 16 (EMNIST) | Target Loss: 0.6349
Client 17 (EMNIST) | Target Loss: 0.3806
Client 18 (EMNIST) | Target Loss: 0.2739
Client 19 (EMNIST) | Target Loss: 0.4509
Client 20 (EMNIST) | Target Loss: 0.4864
Client 22 (CIFAR10) | Target Loss: 0.7068
Client 23 (CIFAR10) | Target Loss: 0.9919
Client 24 (CIFAR10) | Target Loss: 0.7610
Client 25 (CIFAR10) | Target Loss: 0.6760
Client 26 (CIFAR10) | Target Loss: 1.2569
Client 27 (CIFAR10) | Target Loss: 1.3773
Client 28 (CIFAR10) | Target Loss: 1.3151
Client 29 (CIFAR10) | Target Loss: 1.0822
Client 30 (CIFAR10) | Target Loss: 1.4013
Client 31 (CIFAR10) | Target Loss: 1.5085
Selected client ids: [0, 1, 2, 3, 4, 5, 6, 7, 8, 9, 10, 11, 12, 13, 14, 15, 16, 17, 18, 19, 20, 21, 22, 23, 24, 25, 26, 27, 28, 29]
--- Round 12 ---
Client 0 (MNIST) | Target Loss: 0.0957
Client 1 (MNIST) | Target Loss: 0.0291
Client 2 (MNIST) | Target Loss: 0.0326
Client 3 (MNIST) | Target Loss: 0.0130
Client 4 (MNIST) | Target Loss: 0.0902
Client 5 (MNIST) | Target Loss: 0.3489
Client 6 (MNIST) | Target Loss: 0.0556
Client 7 (MNIST) | Target Loss: 0.0167
Client 8 (MNIST) | Target Loss: 0.5465
Client 9 (MNIST) | Target Loss: 0.0936
Client 11 (EMNIST) | Target Loss: 0.4306
Client 12 (EMNIST) | Target Loss: 0.4029
Client 13 (EMNIST) | Target Loss: 0.2921
Client 14 (EMNIST) | Target Loss: 0.2719
Client 15 (EMNIST) | Target Loss: 0.4381
Client 16 (EMNIST) | Target Loss: 0.6159
Client 17 (EMNIST) | Target Loss: 0.3706
Client 18 (EMNIST) | Target Loss: 0.2581
Client 19 (EMNIST) | Target Loss: 0.4417
Client 20 (EMNIST) | Target Loss: 0.4834
Client 22 (CIFAR10) | Target Loss: 0.5883
Client 23 (CIFAR10) | Target Loss: 0.9557
Client 24 (CIFAR10) | Target Loss: 0.6698
Client 25 (CIFAR10) | Target Loss: 0.5372
Client 26 (CIFAR10) | Target Loss: 1.1679
Client 27 (CIFAR10) | Target Loss: 1.3513
Client 28 (CIFAR10) | Target Loss: 1.2603
Client 29 (CIFAR10) | Target Loss: 0.9880
Client 30 (CIFAR10) | Target Loss: 1.3036
Client 31 (CIFAR10) | Target Loss: 1.4355
Selected client ids: [0, 1, 2, 3, 4, 5, 6, 7, 8, 9, 10, 11, 12, 13, 14, 15, 16, 17, 18, 19, 20, 21, 22, 23, 24, 25, 26, 27, 28, 29]
--- Round 13 ---
Client 0 (MNIST) | Target Loss: 0.1138
Client 1 (MNIST) | Target Loss: 0.0259
Client 2 (MNIST) | Target Loss: 0.0188
Client 3 (MNIST) | Target Loss: 0.0584
Client 4 (MNIST) | Target Loss: 0.1008
Client 5 (MNIST) | Target Loss: 0.3364
Client 6 (MNIST) | Target Loss: 0.0585
Client 7 (MNIST) | Target Loss: 0.0236
Client 8 (MNIST) | Target Loss: 0.4255
Client 9 (MNIST) | Target Loss: 0.1024
Client 11 (EMNIST) | Target Loss: 0.4210
Client 12 (EMNIST) | Target Loss: 0.3933
Client 13 (EMNIST) | Target Loss: 0.2763
Client 14 (EMNIST) | Target Loss: 0.2600
Client 15 (EMNIST) | Target Loss: 0.4255
Client 16 (EMNIST) | Target Loss: 0.6035
Client 17 (EMNIST) | Target Loss: 0.3611
Client 18 (EMNIST) | Target Loss: 0.2459
Client 19 (EMNIST) | Target Loss: 0.4324
Client 20 (EMNIST) | Target Loss: 0.4731
Client 22 (CIFAR10) | Target Loss: 0.5496
Client 23 (CIFAR10) | Target Loss: 0.9314
Client 24 (CIFAR10) | Target Loss: 0.5983
Client 25 (CIFAR10) | Target Loss: 0.4317
Client 26 (CIFAR10) | Target Loss: 1.0884
Client 27 (CIFAR10) | Target Loss: 1.3261
Client 28 (CIFAR10) | Target Loss: 1.2305
Client 29 (CIFAR10) | Target Loss: 0.9156
Client 30 (CIFAR10) | Target Loss: 1.2668
Client 31 (CIFAR10) | Target Loss: 1.3928
Selected client ids: [0, 1, 2, 3, 4, 5, 6, 7, 8, 9, 10, 11, 12, 13, 14, 15, 16, 17, 18, 19, 20, 21, 22, 23, 24, 25, 26, 27, 28, 29]
--- Round 14 ---
Client 0 (MNIST) | Target Loss: 0.0862
Client 1 (MNIST) | Target Loss: 0.0261
Client 2 (MNIST) | Target Loss: 0.0169
Client 3 (MNIST) | Target Loss: 0.0667
Client 4 (MNIST) | Target Loss: 0.0960
Client 5 (MNIST) | Target Loss: 0.3977
Client 6 (MNIST) | Target Loss: 0.0395
Client 7 (MNIST) | Target Loss: 0.0142
Client 8 (MNIST) | Target Loss: 0.7041
Client 9 (MNIST) | Target Loss: 0.0825
Client 11 (EMNIST) | Target Loss: 0.4120
Client 12 (EMNIST) | Target Loss: 0.3863
Client 13 (EMNIST) | Target Loss: 0.2638
Client 14 (EMNIST) | Target Loss: 0.2441
Client 15 (EMNIST) | Target Loss: 0.4126
Client 16 (EMNIST) | Target Loss: 0.5932
Client 17 (EMNIST) | Target Loss: 0.3547
Client 18 (EMNIST) | Target Loss: 0.2304
Client 19 (EMNIST) | Target Loss: 0.4217
Client 20 (EMNIST) | Target Loss: 0.4674
Client 22 (CIFAR10) | Target Loss: 0.4658
Client 23 (CIFAR10) | Target Loss: 0.8791
Client 24 (CIFAR10) | Target Loss: 0.4989
Client 25 (CIFAR10) | Target Loss: 0.3268
Client 26 (CIFAR10) | Target Loss: 1.0606
Client 27 (CIFAR10) | Target Loss: 1.3094
Client 28 (CIFAR10) | Target Loss: 1.1913
Client 29 (CIFAR10) | Target Loss: 0.8483
Client 30 (CIFAR10) | Target Loss: 1.2030
Client 31 (CIFAR10) | Target Loss: 1.3726
Selected client ids: [0, 1, 2, 3, 4, 5, 6, 7, 8, 9, 10, 11, 12, 13, 14, 15, 16, 17, 18, 19, 20, 21, 22, 23, 24, 25, 26, 27, 28, 29]
--- Round 15 ---
Client 0 (MNIST) | Target Loss: 0.0729
Client 1 (MNIST) | Target Loss: 0.0287
Client 2 (MNIST) | Target Loss: 0.0075
Client 3 (MNIST) | Target Loss: 0.0190
Client 4 (MNIST) | Target Loss: 0.0792
Client 5 (MNIST) | Target Loss: 0.3462
Client 6 (MNIST) | Target Loss: 0.0341
Client 7 (MNIST) | Target Loss: 0.0227
Client 8 (MNIST) | Target Loss: 0.5443
Client 9 (MNIST) | Target Loss: 0.0814
Client 11 (EMNIST) | Target Loss: 0.4003
Client 12 (EMNIST) | Target Loss: 0.3796
Client 13 (EMNIST) | Target Loss: 0.2491
Client 14 (EMNIST) | Target Loss: 0.2295
Client 15 (EMNIST) | Target Loss: 0.4116
Client 16 (EMNIST) | Target Loss: 0.5828
Client 17 (EMNIST) | Target Loss: 0.3460
Client 18 (EMNIST) | Target Loss: 0.2114
Client 19 (EMNIST) | Target Loss: 0.4152
Client 20 (EMNIST) | Target Loss: 0.4660
Client 22 (CIFAR10) | Target Loss: 0.4386
Client 23 (CIFAR10) | Target Loss: 0.8380
Client 24 (CIFAR10) | Target Loss: 0.4191
Client 25 (CIFAR10) | Target Loss: 0.2540
Client 26 (CIFAR10) | Target Loss: 0.9810
Client 27 (CIFAR10) | Target Loss: 1.2928
Client 28 (CIFAR10) | Target Loss: 1.1557
Client 29 (CIFAR10) | Target Loss: 0.7119
Client 30 (CIFAR10) | Target Loss: 1.1732
Client 31 (CIFAR10) | Target Loss: 1.3398
Selected client ids: [0, 1, 2, 3, 4, 5, 6, 7, 8, 9, 10, 11, 12, 13, 14, 15, 16, 17, 18, 19, 20, 21, 22, 23, 24, 25, 26, 27, 28, 29]
--- Round 16 ---
Client 0 (MNIST) | Target Loss: 0.0842
Client 1 (MNIST) | Target Loss: 0.0247
Client 2 (MNIST) | Target Loss: 0.0063
Client 3 (MNIST) | Target Loss: 0.0836
Client 4 (MNIST) | Target Loss: 0.0890
Client 5 (MNIST) | Target Loss: 0.2927
Client 6 (MNIST) | Target Loss: 0.0337
Client 7 (MNIST) | Target Loss: 0.0108
Client 8 (MNIST) | Target Loss: 1.2552
Client 9 (MNIST) | Target Loss: 0.0735
Client 11 (EMNIST) | Target Loss: 0.4014
Client 12 (EMNIST) | Target Loss: 0.3719
Client 13 (EMNIST) | Target Loss: 0.2359
Client 14 (EMNIST) | Target Loss: 0.2123
Client 15 (EMNIST) | Target Loss: 0.3968
Client 16 (EMNIST) | Target Loss: 0.5704
Client 17 (EMNIST) | Target Loss: 0.3415
Client 18 (EMNIST) | Target Loss: 0.2057
Client 19 (EMNIST) | Target Loss: 0.4076
Client 20 (EMNIST) | Target Loss: 0.4539
Client 22 (CIFAR10) | Target Loss: 0.3688
Client 23 (CIFAR10) | Target Loss: 0.8250
Client 24 (CIFAR10) | Target Loss: 0.3350
Client 25 (CIFAR10) | Target Loss: 0.2139
Client 26 (CIFAR10) | Target Loss: 0.9669
Client 27 (CIFAR10) | Target Loss: 1.2648
Client 28 (CIFAR10) | Target Loss: 1.1044
Client 29 (CIFAR10) | Target Loss: 0.6445
Client 30 (CIFAR10) | Target Loss: 1.1329
Client 31 (CIFAR10) | Target Loss: 1.3200
Selected client ids: [0, 1, 2, 3, 4, 5, 6, 7, 8, 9, 10, 11, 12, 13, 14, 15, 16, 17, 18, 19, 20, 21, 22, 23, 24, 25, 26, 27, 28, 29]
--- Round 17 ---
Client 0 (MNIST) | Target Loss: 0.0900
Client 1 (MNIST) | Target Loss: 0.0237
Client 2 (MNIST) | Target Loss: 0.0049
Client 3 (MNIST) | Target Loss: 0.0140
Client 4 (MNIST) | Target Loss: 0.0716
Client 5 (MNIST) | Target Loss: 0.2612
Client 6 (MNIST) | Target Loss: 0.0284
Client 7 (MNIST) | Target Loss: 0.0140
Client 8 (MNIST) | Target Loss: 0.9395
Client 9 (MNIST) | Target Loss: 0.0730
Client 11 (EMNIST) | Target Loss: 0.3921
Client 12 (EMNIST) | Target Loss: 0.3653
Client 13 (EMNIST) | Target Loss: 0.2203
Client 14 (EMNIST) | Target Loss: 0.1961
Client 15 (EMNIST) | Target Loss: 0.3945
Client 16 (EMNIST) | Target Loss: 0.5554
Client 17 (EMNIST) | Target Loss: 0.3344
Client 18 (EMNIST) | Target Loss: 0.1883
Client 19 (EMNIST) | Target Loss: 0.4018
Client 20 (EMNIST) | Target Loss: 0.4494
Client 22 (CIFAR10) | Target Loss: 0.3781
Client 23 (CIFAR10) | Target Loss: 0.7922
Client 24 (CIFAR10) | Target Loss: 0.2337
Client 25 (CIFAR10) | Target Loss: 0.1316
Client 26 (CIFAR10) | Target Loss: 0.9120
Client 27 (CIFAR10) | Target Loss: 1.2436
Client 28 (CIFAR10) | Target Loss: 1.0858
Client 29 (CIFAR10) | Target Loss: 0.5838
Client 30 (CIFAR10) | Target Loss: 1.0624
Client 31 (CIFAR10) | Target Loss: 1.2266
Selected client ids: [0, 1, 2, 3, 4, 5, 6, 7, 8, 9, 10, 11, 12, 13, 14, 15, 16, 17, 18, 19, 20, 21, 22, 23, 24, 25, 26, 27, 28, 29]
--- Round 18 ---
Client 0 (MNIST) | Target Loss: 0.0685
Client 1 (MNIST) | Target Loss: 0.0157
Client 2 (MNIST) | Target Loss: 0.0083
Client 3 (MNIST) | Target Loss: 0.0359
Client 4 (MNIST) | Target Loss: 0.0953
Client 5 (MNIST) | Target Loss: 0.2734
Client 6 (MNIST) | Target Loss: 0.0231
Client 7 (MNIST) | Target Loss: 0.0083
Client 8 (MNIST) | Target Loss: 0.7772
Client 9 (MNIST) | Target Loss: 0.0584
Client 11 (EMNIST) | Target Loss: 0.3812
Client 12 (EMNIST) | Target Loss: 0.3607
Client 13 (EMNIST) | Target Loss: 0.2063
Client 14 (EMNIST) | Target Loss: 0.1784
Client 15 (EMNIST) | Target Loss: 0.3892
Client 16 (EMNIST) | Target Loss: 0.5414
Client 17 (EMNIST) | Target Loss: 0.3285
Client 18 (EMNIST) | Target Loss: 0.1731
Client 19 (EMNIST) | Target Loss: 0.3928
Client 20 (EMNIST) | Target Loss: 0.4458
Client 22 (CIFAR10) | Target Loss: 0.2669
Client 23 (CIFAR10) | Target Loss: 0.7678
Client 24 (CIFAR10) | Target Loss: 0.2804
Client 25 (CIFAR10) | Target Loss: 0.1237
Client 26 (CIFAR10) | Target Loss: 0.8791
Client 27 (CIFAR10) | Target Loss: 1.2254
Client 28 (CIFAR10) | Target Loss: 1.0513
Client 29 (CIFAR10) | Target Loss: 0.4736
Client 30 (CIFAR10) | Target Loss: 1.0342
Client 31 (CIFAR10) | Target Loss: 1.2800
Selected client ids: [0, 1, 2, 3, 4, 5, 6, 7, 8, 9, 10, 11, 12, 13, 14, 15, 16, 17, 18, 19, 20, 21, 22, 23, 24, 25, 26, 27, 28, 29]
--- Round 19 ---
Client 0 (MNIST) | Target Loss: 0.0639
Client 1 (MNIST) | Target Loss: 0.0148
Client 2 (MNIST) | Target Loss: 0.0104
Client 3 (MNIST) | Target Loss: 0.0379
Client 4 (MNIST) | Target Loss: 0.0526
Client 5 (MNIST) | Target Loss: 0.2652
Client 6 (MNIST) | Target Loss: 0.0264
Client 7 (MNIST) | Target Loss: 0.0054
Client 8 (MNIST) | Target Loss: 0.6987
Client 9 (MNIST) | Target Loss: 0.0703
Client 11 (EMNIST) | Target Loss: 0.3903
Client 12 (EMNIST) | Target Loss: 0.3529
Client 13 (EMNIST) | Target Loss: 0.1900
Client 14 (EMNIST) | Target Loss: 0.1587
Client 15 (EMNIST) | Target Loss: 0.3844
Client 16 (EMNIST) | Target Loss: 0.5370
Client 17 (EMNIST) | Target Loss: 0.3209
Client 18 (EMNIST) | Target Loss: 0.1697
Client 19 (EMNIST) | Target Loss: 0.3873
Client 20 (EMNIST) | Target Loss: 0.4465
Client 22 (CIFAR10) | Target Loss: 0.2056
Client 23 (CIFAR10) | Target Loss: 0.7311
Client 24 (CIFAR10) | Target Loss: 0.1824
Client 25 (CIFAR10) | Target Loss: 0.0973
Client 26 (CIFAR10) | Target Loss: 0.8226
Client 27 (CIFAR10) | Target Loss: 1.2052
Client 28 (CIFAR10) | Target Loss: 1.0363
Client 29 (CIFAR10) | Target Loss: 0.4113
Client 30 (CIFAR10) | Target Loss: 1.0327
Client 31 (CIFAR10) | Target Loss: 1.1898
Selected client ids: [0, 1, 2, 3, 4, 5, 6, 7, 8, 9, 10, 11, 12, 13, 14, 15, 16, 17, 18, 19, 20, 21, 22, 23, 24, 25, 26, 27, 28, 29]
--- Round 20 ---
Client 0 (MNIST) | Target Loss: 0.0747
Client 1 (MNIST) | Target Loss: 0.0171
Client 2 (MNIST) | Target Loss: 0.0176
Client 3 (MNIST) | Target Loss: 0.0129
Client 4 (MNIST) | Target Loss: 0.0634
Client 5 (MNIST) | Target Loss: 0.2253
Client 6 (MNIST) | Target Loss: 0.0240
Client 7 (MNIST) | Target Loss: 0.0246
Client 8 (MNIST) | Target Loss: 0.6399
Client 9 (MNIST) | Target Loss: 0.0450
Client 11 (EMNIST) | Target Loss: 0.3759
Client 12 (EMNIST) | Target Loss: 0.3502
Client 13 (EMNIST) | Target Loss: 0.1720
Client 14 (EMNIST) | Target Loss: 0.1418
Client 15 (EMNIST) | Target Loss: 0.3764
Client 16 (EMNIST) | Target Loss: 0.5298
Client 17 (EMNIST) | Target Loss: 0.3171
Client 18 (EMNIST) | Target Loss: 0.1551
Client 19 (EMNIST) | Target Loss: 0.3824
Client 20 (EMNIST) | Target Loss: 0.4353
Client 22 (CIFAR10) | Target Loss: 0.2368
Client 23 (CIFAR10) | Target Loss: 0.6870
Client 24 (CIFAR10) | Target Loss: 0.1300
Client 25 (CIFAR10) | Target Loss: 0.1014
Client 26 (CIFAR10) | Target Loss: 0.7932
Client 27 (CIFAR10) | Target Loss: 1.1912
Client 28 (CIFAR10) | Target Loss: 0.9983
Client 29 (CIFAR10) | Target Loss: 0.3095
Client 30 (CIFAR10) | Target Loss: 1.0000
Client 31 (CIFAR10) | Target Loss: 1.1639
Selected client ids: [0, 1, 2, 3, 4, 5, 6, 7, 8, 9, 10, 11, 12, 13, 14, 15, 16, 17, 18, 19, 20, 21, 22, 23, 24, 25, 26, 27, 28, 29]
--- Round 21 ---
Client 0 (MNIST) | Target Loss: 0.0917
Client 1 (MNIST) | Target Loss: 0.0088
Client 2 (MNIST) | Target Loss: 0.0116
Client 3 (MNIST) | Target Loss: 0.0144
Client 4 (MNIST) | Target Loss: 0.0689
Client 5 (MNIST) | Target Loss: 0.2476
Client 6 (MNIST) | Target Loss: 0.0284
Client 7 (MNIST) | Target Loss: 0.0134
Client 8 (MNIST) | Target Loss: 0.5570
Client 9 (MNIST) | Target Loss: 0.0458
Client 11 (EMNIST) | Target Loss: 0.3778
Client 12 (EMNIST) | Target Loss: 0.3449
Client 13 (EMNIST) | Target Loss: 0.1611
Client 14 (EMNIST) | Target Loss: 0.1231
Client 15 (EMNIST) | Target Loss: 0.3712
Client 16 (EMNIST) | Target Loss: 0.5183
Client 17 (EMNIST) | Target Loss: 0.3109
Client 18 (EMNIST) | Target Loss: 0.1414
Client 19 (EMNIST) | Target Loss: 0.3737
Client 20 (EMNIST) | Target Loss: 0.4296
Client 22 (CIFAR10) | Target Loss: 0.2774
Client 23 (CIFAR10) | Target Loss: 0.6521
Client 24 (CIFAR10) | Target Loss: 0.0951
Client 25 (CIFAR10) | Target Loss: 0.1210
Client 26 (CIFAR10) | Target Loss: 0.7684
Client 27 (CIFAR10) | Target Loss: 1.1753
Client 28 (CIFAR10) | Target Loss: 0.9499
Client 29 (CIFAR10) | Target Loss: 0.2359
Client 30 (CIFAR10) | Target Loss: 0.9354
Client 31 (CIFAR10) | Target Loss: 1.1109
Selected client ids: [0, 1, 2, 3, 4, 5, 6, 7, 8, 9, 10, 11, 12, 13, 14, 15, 16, 17, 18, 19, 20, 21, 22, 23, 24, 25, 26, 27, 28, 29]
--- Round 22 ---
Client 0 (MNIST) | Target Loss: 0.0626
Client 1 (MNIST) | Target Loss: 0.0104
Client 2 (MNIST) | Target Loss: 0.0217
Client 3 (MNIST) | Target Loss: 0.0423
Client 4 (MNIST) | Target Loss: 0.0381
Client 5 (MNIST) | Target Loss: 0.2527
Client 6 (MNIST) | Target Loss: 0.0239
Client 7 (MNIST) | Target Loss: 0.0112
Client 8 (MNIST) | Target Loss: 0.5735
Client 9 (MNIST) | Target Loss: 0.0724
Client 11 (EMNIST) | Target Loss: 0.3710
Client 12 (EMNIST) | Target Loss: 0.3381
Client 13 (EMNIST) | Target Loss: 0.1417
Client 14 (EMNIST) | Target Loss: 0.1089
Client 15 (EMNIST) | Target Loss: 0.3669
Client 16 (EMNIST) | Target Loss: 0.5197
Client 17 (EMNIST) | Target Loss: 0.3079
Client 18 (EMNIST) | Target Loss: 0.1420
Client 19 (EMNIST) | Target Loss: 0.3674
Client 20 (EMNIST) | Target Loss: 0.4316
Client 22 (CIFAR10) | Target Loss: 0.1709
Client 23 (CIFAR10) | Target Loss: 0.6418
Client 24 (CIFAR10) | Target Loss: 0.0761
Client 25 (CIFAR10) | Target Loss: 0.0954
Client 26 (CIFAR10) | Target Loss: 0.6605
Client 27 (CIFAR10) | Target Loss: 1.1592
Client 28 (CIFAR10) | Target Loss: 0.9198
Client 29 (CIFAR10) | Target Loss: 0.1797
Client 30 (CIFAR10) | Target Loss: 0.9142
Client 31 (CIFAR10) | Target Loss: 1.0460
Selected client ids: [0, 1, 2, 3, 4, 5, 6, 7, 8, 9, 10, 11, 12, 13, 14, 15, 16, 17, 18, 19, 20, 21, 22, 23, 24, 25, 26, 27, 28, 29]
--- Round 23 ---
Client 0 (MNIST) | Target Loss: 0.0277
Client 1 (MNIST) | Target Loss: 0.0102
Client 2 (MNIST) | Target Loss: 0.0121
Client 3 (MNIST) | Target Loss: 0.0062
Client 4 (MNIST) | Target Loss: 0.0405
Client 5 (MNIST) | Target Loss: 0.2474
Client 6 (MNIST) | Target Loss: 0.0202
Client 7 (MNIST) | Target Loss: 0.0226
Client 8 (MNIST) | Target Loss: 0.4893
Client 9 (MNIST) | Target Loss: 0.0699
Client 11 (EMNIST) | Target Loss: 0.3620
Client 12 (EMNIST) | Target Loss: 0.3338
Client 13 (EMNIST) | Target Loss: 0.1291
Client 14 (EMNIST) | Target Loss: 0.0981
Client 15 (EMNIST) | Target Loss: 0.3599
Client 16 (EMNIST) | Target Loss: 0.5042
Client 17 (EMNIST) | Target Loss: 0.3027
Client 18 (EMNIST) | Target Loss: 0.1321
Client 19 (EMNIST) | Target Loss: 0.3676
Client 20 (EMNIST) | Target Loss: 0.4384
Client 22 (CIFAR10) | Target Loss: 0.1796
Client 23 (CIFAR10) | Target Loss: 0.6318
Client 24 (CIFAR10) | Target Loss: 0.0830
Client 25 (CIFAR10) | Target Loss: 0.0674
Client 26 (CIFAR10) | Target Loss: 0.6686
Client 27 (CIFAR10) | Target Loss: 1.1230
Client 28 (CIFAR10) | Target Loss: 0.8666
Client 29 (CIFAR10) | Target Loss: 0.1711
Client 30 (CIFAR10) | Target Loss: 0.9439
Client 31 (CIFAR10) | Target Loss: 1.0679
Selected client ids: [0, 1, 2, 3, 4, 5, 6, 7, 8, 9, 10, 11, 12, 13, 14, 15, 16, 17, 18, 19, 20, 21, 22, 23, 24, 25, 26, 27, 28, 29]
--- Round 24 ---
Client 0 (MNIST) | Target Loss: 0.0602
Client 1 (MNIST) | Target Loss: 0.0124
Client 2 (MNIST) | Target Loss: 0.0172
Client 3 (MNIST) | Target Loss: 0.0024
Client 4 (MNIST) | Target Loss: 0.0513
Client 5 (MNIST) | Target Loss: 0.2491
Client 6 (MNIST) | Target Loss: 0.0206
Client 7 (MNIST) | Target Loss: 0.0289
Client 8 (MNIST) | Target Loss: 0.5037
Client 9 (MNIST) | Target Loss: 0.0625
Client 11 (EMNIST) | Target Loss: 0.3625
Client 12 (EMNIST) | Target Loss: 0.3304
Client 13 (EMNIST) | Target Loss: 0.1234
Client 14 (EMNIST) | Target Loss: 0.0831
Client 15 (EMNIST) | Target Loss: 0.3566
Client 16 (EMNIST) | Target Loss: 0.4938
Client 17 (EMNIST) | Target Loss: 0.2975
Client 18 (EMNIST) | Target Loss: 0.1254
Client 19 (EMNIST) | Target Loss: 0.3608
Client 20 (EMNIST) | Target Loss: 0.4201
Client 22 (CIFAR10) | Target Loss: 0.1320
Client 23 (CIFAR10) | Target Loss: 0.5957
Client 24 (CIFAR10) | Target Loss: 0.0396
Client 25 (CIFAR10) | Target Loss: 0.0582
Client 26 (CIFAR10) | Target Loss: 0.5783
Client 27 (CIFAR10) | Target Loss: 1.1295
Client 28 (CIFAR10) | Target Loss: 0.8663
Client 29 (CIFAR10) | Target Loss: 0.1495
Client 30 (CIFAR10) | Target Loss: 0.8923
Client 31 (CIFAR10) | Target Loss: 0.9896
Selected client ids: [0, 1, 2, 3, 4, 5, 6, 7, 8, 9, 10, 11, 12, 13, 14, 15, 16, 17, 18, 19, 20, 21, 22, 23, 24, 25, 26, 27, 28, 29]
--- Round 25 ---
Client 0 (MNIST) | Target Loss: 0.0532
Client 1 (MNIST) | Target Loss: 0.0304
Client 2 (MNIST) | Target Loss: 0.0353
Client 3 (MNIST) | Target Loss: 0.0025
Client 4 (MNIST) | Target Loss: 0.0540
Client 5 (MNIST) | Target Loss: 0.2112
Client 6 (MNIST) | Target Loss: 0.0241
Client 7 (MNIST) | Target Loss: 0.0436
Client 8 (MNIST) | Target Loss: 0.4567
Client 9 (MNIST) | Target Loss: 0.0561
Client 11 (EMNIST) | Target Loss: 0.3621
Client 12 (EMNIST) | Target Loss: 0.3250
Client 13 (EMNIST) | Target Loss: 0.1104
Client 14 (EMNIST) | Target Loss: 0.0705
Client 15 (EMNIST) | Target Loss: 0.3533
Client 16 (EMNIST) | Target Loss: 0.4898
Client 17 (EMNIST) | Target Loss: 0.2933
Client 18 (EMNIST) | Target Loss: 0.1196
Client 19 (EMNIST) | Target Loss: 0.3559
Client 20 (EMNIST) | Target Loss: 0.4237
Client 22 (CIFAR10) | Target Loss: 0.1508
Client 23 (CIFAR10) | Target Loss: 0.5733
Client 24 (CIFAR10) | Target Loss: 0.0375
Client 25 (CIFAR10) | Target Loss: 0.0523
Client 26 (CIFAR10) | Target Loss: 0.6147
Client 27 (CIFAR10) | Target Loss: 1.1101
Client 28 (CIFAR10) | Target Loss: 0.8019
Client 29 (CIFAR10) | Target Loss: 0.1136
Client 30 (CIFAR10) | Target Loss: 0.7868
Client 31 (CIFAR10) | Target Loss: 0.9771
[Server] Performing Name-Based Label Mapping...
[Server] Name-based mapping completed. Found 72 unique global classes.

=========================================================================================================
Global ID  | Class Name           | Mapped Datasets (Local ID)
---------------------------------------------------------------------------------------------------------
0          | 0                    | MNIST(0), EMNIST(0)
1          | 1                    | MNIST(1), EMNIST(1)
2          | 2                    | MNIST(2), EMNIST(2)
3          | 3                    | MNIST(3), EMNIST(3)
4          | 4                    | MNIST(4), EMNIST(4)
5          | 5                    | MNIST(5), EMNIST(5)
6          | 6                    | MNIST(6), EMNIST(6)
7          | 7                    | MNIST(7), EMNIST(7)
8          | 8                    | MNIST(8), EMNIST(8)
9          | 9                    | MNIST(9), EMNIST(9)
10         | A                    | EMNIST(10)
11         | B                    | EMNIST(11)
12         | C                    | EMNIST(12)
13         | D                    | EMNIST(13)
14         | E                    | EMNIST(14)
15         | F                    | EMNIST(15)
16         | G                    | EMNIST(16)
17         | H                    | EMNIST(17)
18         | I                    | EMNIST(18)
19         | J                    | EMNIST(19)
20         | K                    | EMNIST(20)
21         | L                    | EMNIST(21)
22         | M                    | EMNIST(22)
23         | N                    | EMNIST(23)
24         | O                    | EMNIST(24)
25         | P                    | EMNIST(25)
26         | Q                    | EMNIST(26)
27         | R                    | EMNIST(27)
28         | S                    | EMNIST(28)
29         | T                    | EMNIST(29)
30         | U                    | EMNIST(30)
31         | V                    | EMNIST(31)
32         | W                    | EMNIST(32)
33         | X                    | EMNIST(33)
34         | Y                    | EMNIST(34)
35         | Z                    | EMNIST(35)
36         | a                    | EMNIST(36)
37         | airplane             | CIFAR10(0)
38         | automobile           | CIFAR10(1)
39         | b                    | EMNIST(37)
40         | bird                 | CIFAR10(2)
41         | c                    | EMNIST(38)
42         | cat                  | CIFAR10(3)
43         | d                    | EMNIST(39)
44         | deer                 | CIFAR10(4)
45         | dog                  | CIFAR10(5)
46         | e                    | EMNIST(40)
47         | f                    | EMNIST(41)
48         | frog                 | CIFAR10(6)
49         | g                    | EMNIST(42)
50         | h                    | EMNIST(43)
51         | horse                | CIFAR10(7)
52         | i                    | EMNIST(44)
53         | j                    | EMNIST(45)
54         | k                    | EMNIST(46)
55         | l                    | EMNIST(47)
56         | m                    | EMNIST(48)
57         | n                    | EMNIST(49)
58         | o                    | EMNIST(50)
59         | p                    | EMNIST(51)
60         | q                    | EMNIST(52)
61         | r                    | EMNIST(53)
62         | s                    | EMNIST(54)
63         | ship                 | CIFAR10(8)
64         | t                    | EMNIST(55)
65         | truck                | CIFAR10(9)
66         | u                    | EMNIST(56)
67         | v                    | EMNIST(57)
68         | w                    | EMNIST(58)
69         | x                    | EMNIST(59)
70         | y                    | EMNIST(60)
71         | z                    | EMNIST(61)
=========================================================================================================

[Testing] Training Per-Dataset Generators Offline (New Gen Method)...
--- DeepInversion Generator Configuration ---
    epochs: 20
    g_steps: 1500
    lr: 0.02
    ce: 1.0
    bn: 0.05
    tv: 0.005
    l2: 0.0
    adv: 0.0
    student_lr: 0.2
------------------------------------
    Dataset [MNIST] Generator | Epochs: 20 | Final Loss: 0.2487
    Dataset [EMNIST] Generator | Epochs: 20 | Final Loss: 2.0713
    Dataset [CIFAR10] Generator | Epochs: 20 | Final Loss: 0.2966
Initializing Global Inference Model with 72 classes...
Epoch 0 Loss: 3.3205
Epoch 1 Loss: 2.1142
Epoch 2 Loss: 1.3227
Epoch 3 Loss: 0.7738
Epoch 4 Loss: 0.4706
[Server] Global Inference Model Acc (MNIST) (Round 25): 54.50% (Tested on 9095 samples)
[Server] Global Inference Model Acc (EMNIST) (Round 25): 27.69% (Tested on 105779 samples)
[Server] Global Inference Model Acc (CIFAR10) (Round 25): 10.67% (Tested on 9100 samples)
[Server] Global Inference Model Acc (Mix) (Round 25): 28.40% (Tested on 123974 samples)
Selected client ids: [0, 1, 2, 3, 4, 5, 6, 7, 8, 9, 10, 11, 12, 13, 14, 15, 16, 17, 18, 19, 20, 21, 22, 23, 24, 25, 26, 27, 28, 29]
--- Round 26 ---
Client 0 (MNIST) | Target Loss: 0.0566
Client 1 (MNIST) | Target Loss: 0.0189
Client 2 (MNIST) | Target Loss: 0.0271
Client 3 (MNIST) | Target Loss: 0.0004
Client 4 (MNIST) | Target Loss: 0.0616
Client 5 (MNIST) | Target Loss: 0.2063
Client 6 (MNIST) | Target Loss: 0.0158
Client 7 (MNIST) | Target Loss: 0.0067
Client 8 (MNIST) | Target Loss: 0.4104
Client 9 (MNIST) | Target Loss: 0.0722
Client 11 (EMNIST) | Target Loss: 0.3614
Client 12 (EMNIST) | Target Loss: 0.3211
Client 13 (EMNIST) | Target Loss: 0.0983
Client 14 (EMNIST) | Target Loss: 0.0676
Client 15 (EMNIST) | Target Loss: 0.3512
Client 16 (EMNIST) | Target Loss: 0.4889
Client 17 (EMNIST) | Target Loss: 0.2904
Client 18 (EMNIST) | Target Loss: 0.1095
Client 19 (EMNIST) | Target Loss: 0.3492
Client 20 (EMNIST) | Target Loss: 0.4198
Client 22 (CIFAR10) | Target Loss: 0.2201
Client 23 (CIFAR10) | Target Loss: 0.5661
Client 24 (CIFAR10) | Target Loss: 0.1037
Client 25 (CIFAR10) | Target Loss: 0.0452
Client 26 (CIFAR10) | Target Loss: 0.5574
Client 27 (CIFAR10) | Target Loss: 1.0924
Client 28 (CIFAR10) | Target Loss: 0.7810
Client 29 (CIFAR10) | Target Loss: 0.0989
Client 30 (CIFAR10) | Target Loss: 0.8798
Client 31 (CIFAR10) | Target Loss: 0.9157
[Testing] Training Per-Dataset Generators Offline (New Gen Method)...
--- DeepInversion Generator Configuration ---
    epochs: 20
    g_steps: 1500
    lr: 0.02
    ce: 1.0
    bn: 0.05
    tv: 0.005
    l2: 0.0
    adv: 0.0
    student_lr: 0.2
------------------------------------
    Dataset [MNIST] Generator | Epochs: 20 | Final Loss: 0.2420
    Dataset [EMNIST] Generator | Epochs: 20 | Final Loss: 2.1144
    Dataset [CIFAR10] Generator | Epochs: 20 | Final Loss: 0.3073
Epoch 0 Loss: 1.2053
Epoch 1 Loss: 0.4326
Epoch 2 Loss: 0.2895
Epoch 3 Loss: 0.1746
Epoch 4 Loss: 0.1809
[Server] Global Inference Model Acc (MNIST) (Round 26): 57.14% (Tested on 9095 samples)
[Server] Global Inference Model Acc (EMNIST) (Round 26): 27.57% (Tested on 105779 samples)
[Server] Global Inference Model Acc (CIFAR10) (Round 26): 19.63% (Tested on 9100 samples)
[Server] Global Inference Model Acc (Mix) (Round 26): 29.16% (Tested on 123974 samples)
Selected client ids: [0, 1, 2, 3, 4, 5, 6, 7, 8, 9, 10, 11, 12, 13, 14, 15, 16, 17, 18, 19, 20, 21, 22, 23, 24, 25, 26, 27, 28, 29]
--- Round 27 ---
Client 0 (MNIST) | Target Loss: 0.0383
Client 1 (MNIST) | Target Loss: 0.0268
Client 2 (MNIST) | Target Loss: 0.0097
Client 3 (MNIST) | Target Loss: 0.0003
Client 4 (MNIST) | Target Loss: 0.0569
Client 5 (MNIST) | Target Loss: 0.2345
Client 6 (MNIST) | Target Loss: 0.0083
Client 7 (MNIST) | Target Loss: 0.0015
Client 8 (MNIST) | Target Loss: 0.3963
Client 9 (MNIST) | Target Loss: 0.0597
Client 11 (EMNIST) | Target Loss: 0.3531
Client 12 (EMNIST) | Target Loss: 0.3160
Client 13 (EMNIST) | Target Loss: 0.0904
Client 14 (EMNIST) | Target Loss: 0.0580
Client 15 (EMNIST) | Target Loss: 0.3433
Client 16 (EMNIST) | Target Loss: 0.4814
Client 17 (EMNIST) | Target Loss: 0.2855
Client 18 (EMNIST) | Target Loss: 0.1127
Client 19 (EMNIST) | Target Loss: 0.3470
Client 20 (EMNIST) | Target Loss: 0.4298
Client 22 (CIFAR10) | Target Loss: 0.2215
Client 23 (CIFAR10) | Target Loss: 0.5048
Client 24 (CIFAR10) | Target Loss: 0.0874
Client 25 (CIFAR10) | Target Loss: 0.0360
Client 26 (CIFAR10) | Target Loss: 0.5225
Client 27 (CIFAR10) | Target Loss: 1.0936
Client 28 (CIFAR10) | Target Loss: 0.7457
Client 29 (CIFAR10) | Target Loss: 0.0564
Client 30 (CIFAR10) | Target Loss: 0.7106
Client 31 (CIFAR10) | Target Loss: 0.9975
[Testing] Training Per-Dataset Generators Offline (New Gen Method)...
--- DeepInversion Generator Configuration ---
    epochs: 20
    g_steps: 1500
    lr: 0.02
    ce: 1.0
    bn: 0.05
    tv: 0.005
    l2: 0.0
    adv: 0.0
    student_lr: 0.2
------------------------------------
    Dataset [MNIST] Generator | Epochs: 20 | Final Loss: 0.2442
    Dataset [EMNIST] Generator | Epochs: 20 | Final Loss: 2.2239
    Dataset [CIFAR10] Generator | Epochs: 20 | Final Loss: 0.3035
Epoch 0 Loss: 0.8421
Epoch 1 Loss: 0.1938
Epoch 2 Loss: 0.1326
Epoch 3 Loss: 0.0822
Epoch 4 Loss: 0.0731
[Server] Global Inference Model Acc (MNIST) (Round 27): 59.44% (Tested on 9095 samples)
[Server] Global Inference Model Acc (EMNIST) (Round 27): 28.81% (Tested on 105779 samples)
[Server] Global Inference Model Acc (CIFAR10) (Round 27): 22.75% (Tested on 9100 samples)
[Server] Global Inference Model Acc (Mix) (Round 27): 30.61% (Tested on 123974 samples)
Selected client ids: [0, 1, 2, 3, 4, 5, 6, 7, 8, 9, 10, 11, 12, 13, 14, 15, 16, 17, 18, 19, 20, 21, 22, 23, 24, 25, 26, 27, 28, 29]
--- Round 28 ---
Client 0 (MNIST) | Target Loss: 0.0398
Client 1 (MNIST) | Target Loss: 0.0172
Client 2 (MNIST) | Target Loss: 0.0047
Client 3 (MNIST) | Target Loss: 0.0002
Client 4 (MNIST) | Target Loss: 0.0599
Client 5 (MNIST) | Target Loss: 0.2319
Client 6 (MNIST) | Target Loss: 0.0027
Client 7 (MNIST) | Target Loss: 0.0003
Client 8 (MNIST) | Target Loss: 0.3430
Client 9 (MNIST) | Target Loss: 0.0436
Client 11 (EMNIST) | Target Loss: 0.3486
Client 12 (EMNIST) | Target Loss: 0.3132
Client 13 (EMNIST) | Target Loss: 0.0858
Client 14 (EMNIST) | Target Loss: 0.0505
Client 15 (EMNIST) | Target Loss: 0.3411
Client 16 (EMNIST) | Target Loss: 0.4686
Client 17 (EMNIST) | Target Loss: 0.2813
Client 18 (EMNIST) | Target Loss: 0.0989
Client 19 (EMNIST) | Target Loss: 0.3440
Client 20 (EMNIST) | Target Loss: 0.4146
Client 22 (CIFAR10) | Target Loss: 0.1483
Client 23 (CIFAR10) | Target Loss: 0.5138
Client 24 (CIFAR10) | Target Loss: 0.0567
Client 25 (CIFAR10) | Target Loss: 0.0626
Client 26 (CIFAR10) | Target Loss: 0.5314
Client 27 (CIFAR10) | Target Loss: 1.0473
Client 28 (CIFAR10) | Target Loss: 0.7165
Client 29 (CIFAR10) | Target Loss: 0.1150
Client 30 (CIFAR10) | Target Loss: 0.6730
Client 31 (CIFAR10) | Target Loss: 0.9294
[Testing] Training Per-Dataset Generators Offline (New Gen Method)...
--- DeepInversion Generator Configuration ---
    epochs: 20
    g_steps: 1500
    lr: 0.02
    ce: 1.0
    bn: 0.05
    tv: 0.005
    l2: 0.0
    adv: 0.0
    student_lr: 0.2
------------------------------------
    Dataset [MNIST] Generator | Epochs: 20 | Final Loss: 0.2337
    Dataset [EMNIST] Generator | Epochs: 20 | Final Loss: 2.1980
    Dataset [CIFAR10] Generator | Epochs: 20 | Final Loss: 0.3020
Epoch 0 Loss: 0.6050
Epoch 1 Loss: 0.1195
Epoch 2 Loss: 0.0663
Epoch 3 Loss: 0.0491
Epoch 4 Loss: 0.0433
[Server] Global Inference Model Acc (MNIST) (Round 28): 64.84% (Tested on 9095 samples)
[Server] Global Inference Model Acc (EMNIST) (Round 28): 34.69% (Tested on 105779 samples)
[Server] Global Inference Model Acc (CIFAR10) (Round 28): 25.68% (Tested on 9100 samples)
[Server] Global Inference Model Acc (Mix) (Round 28): 36.24% (Tested on 123974 samples)
Selected client ids: [0, 1, 2, 3, 4, 5, 6, 7, 8, 9, 10, 11, 12, 13, 14, 15, 16, 17, 18, 19, 20, 21, 22, 23, 24, 25, 26, 27, 28, 29]
--- Round 29 ---
Client 0 (MNIST) | Target Loss: 0.0406
Client 1 (MNIST) | Target Loss: 0.0094
Client 2 (MNIST) | Target Loss: 0.0011
Client 3 (MNIST) | Target Loss: 0.0002
Client 4 (MNIST) | Target Loss: 0.0505
Client 5 (MNIST) | Target Loss: 0.2324
Client 6 (MNIST) | Target Loss: 0.0025
Client 7 (MNIST) | Target Loss: 0.0001
Client 8 (MNIST) | Target Loss: 0.3564
Client 9 (MNIST) | Target Loss: 0.0330
Client 11 (EMNIST) | Target Loss: 0.3533
Client 12 (EMNIST) | Target Loss: 0.3084
Client 13 (EMNIST) | Target Loss: 0.0803
Client 14 (EMNIST) | Target Loss: 0.0501
Client 15 (EMNIST) | Target Loss: 0.3389
Client 16 (EMNIST) | Target Loss: 0.4602
Client 17 (EMNIST) | Target Loss: 0.2791
Client 18 (EMNIST) | Target Loss: 0.1131
Client 19 (EMNIST) | Target Loss: 0.3385
Client 20 (EMNIST) | Target Loss: 0.4104
Client 22 (CIFAR10) | Target Loss: 0.1263
Client 23 (CIFAR10) | Target Loss: 0.5068
Client 24 (CIFAR10) | Target Loss: 0.0669
Client 25 (CIFAR10) | Target Loss: 0.0422
Client 26 (CIFAR10) | Target Loss: 0.4831
Client 27 (CIFAR10) | Target Loss: 1.0396
Client 28 (CIFAR10) | Target Loss: 0.6642
Client 29 (CIFAR10) | Target Loss: 0.0718
Client 30 (CIFAR10) | Target Loss: 0.6313
Client 31 (CIFAR10) | Target Loss: 0.8632
[Testing] Training Per-Dataset Generators Offline (New Gen Method)...
--- DeepInversion Generator Configuration ---
    epochs: 20
    g_steps: 1500
    lr: 0.02
    ce: 1.0
    bn: 0.05
    tv: 0.005
    l2: 0.0
    adv: 0.0
    student_lr: 0.2
------------------------------------
    Dataset [MNIST] Generator | Epochs: 20 | Final Loss: 0.2140
    Dataset [EMNIST] Generator | Epochs: 20 | Final Loss: 2.4844
    Dataset [CIFAR10] Generator | Epochs: 20 | Final Loss: 0.2911
Epoch 0 Loss: 0.5909
Epoch 1 Loss: 0.0892
Epoch 2 Loss: 0.0481
Epoch 3 Loss: 0.0494
Epoch 4 Loss: 0.0345
[Server] Global Inference Model Acc (MNIST) (Round 29): 75.88% (Tested on 9095 samples)
[Server] Global Inference Model Acc (EMNIST) (Round 29): 37.29% (Tested on 105779 samples)
[Server] Global Inference Model Acc (CIFAR10) (Round 29): 25.52% (Tested on 9100 samples)
[Server] Global Inference Model Acc (Mix) (Round 29): 39.25% (Tested on 123974 samples)
Selected client ids: [0, 1, 2, 3, 4, 5, 6, 7, 8, 9, 10, 11, 12, 13, 14, 15, 16, 17, 18, 19, 20, 21, 22, 23, 24, 25, 26, 27, 28, 29]
--- Round 30 ---
Client 0 (MNIST) | Target Loss: 0.0153
Client 1 (MNIST) | Target Loss: 0.0071
Client 2 (MNIST) | Target Loss: 0.0005
Client 3 (MNIST) | Target Loss: 0.0002
Client 4 (MNIST) | Target Loss: 0.0503
Client 5 (MNIST) | Target Loss: 0.1804
Client 6 (MNIST) | Target Loss: 0.0043
Client 7 (MNIST) | Target Loss: 0.0000
Client 8 (MNIST) | Target Loss: 0.3068
Client 9 (MNIST) | Target Loss: 0.0187
Client 11 (EMNIST) | Target Loss: 0.3530
Client 12 (EMNIST) | Target Loss: 0.3039
Client 13 (EMNIST) | Target Loss: 0.0739
Client 14 (EMNIST) | Target Loss: 0.0408
Client 15 (EMNIST) | Target Loss: 0.3307
Client 16 (EMNIST) | Target Loss: 0.4538
Client 17 (EMNIST) | Target Loss: 0.2739
Client 18 (EMNIST) | Target Loss: 0.0913
Client 19 (EMNIST) | Target Loss: 0.3381
Client 20 (EMNIST) | Target Loss: 0.4115
Client 22 (CIFAR10) | Target Loss: 0.1051
Client 23 (CIFAR10) | Target Loss: 0.4535
Client 24 (CIFAR10) | Target Loss: 0.0671
Client 25 (CIFAR10) | Target Loss: 0.0879
Client 26 (CIFAR10) | Target Loss: 0.4176
Client 27 (CIFAR10) | Target Loss: 1.0347
Client 28 (CIFAR10) | Target Loss: 0.6484
Client 29 (CIFAR10) | Target Loss: 0.0385
Client 30 (CIFAR10) | Target Loss: 0.7410
Client 31 (CIFAR10) | Target Loss: 0.9214
[Testing] Training Per-Dataset Generators Offline (New Gen Method)...
--- DeepInversion Generator Configuration ---
    epochs: 20
    g_steps: 1500
    lr: 0.02
    ce: 1.0
    bn: 0.05
    tv: 0.005
    l2: 0.0
    adv: 0.0
    student_lr: 0.2
------------------------------------
    Dataset [MNIST] Generator | Epochs: 20 | Final Loss: 0.2285
    Dataset [EMNIST] Generator | Epochs: 20 | Final Loss: 2.4194
    Dataset [CIFAR10] Generator | Epochs: 20 | Final Loss: 0.3195
Epoch 0 Loss: 0.4163
Epoch 1 Loss: 0.0907
Epoch 2 Loss: 0.0563
Epoch 3 Loss: 0.0265
Epoch 4 Loss: 0.0174
[Server] Global Inference Model Acc (MNIST) (Round 30): 67.32% (Tested on 9095 samples)
[Server] Global Inference Model Acc (EMNIST) (Round 30): 33.62% (Tested on 105779 samples)
[Server] Global Inference Model Acc (CIFAR10) (Round 30): 24.15% (Tested on 9100 samples)
[Server] Global Inference Model Acc (Mix) (Round 30): 35.40% (Tested on 123974 samples)
Selected client ids: [0, 1, 2, 3, 4, 5, 6, 7, 8, 9, 10, 11, 12, 13, 14, 15, 16, 17, 18, 19, 20, 21, 22, 23, 24, 25, 26, 27, 28, 29]
--- Round 31 ---
Client 0 (MNIST) | Target Loss: 0.0067
Client 1 (MNIST) | Target Loss: 0.0136
Client 2 (MNIST) | Target Loss: 0.0004
Client 3 (MNIST) | Target Loss: 0.0001
Client 4 (MNIST) | Target Loss: 0.0526
Client 5 (MNIST) | Target Loss: 0.1584
Client 6 (MNIST) | Target Loss: 0.0034
Client 7 (MNIST) | Target Loss: 0.0000
Client 8 (MNIST) | Target Loss: 0.2680
Client 9 (MNIST) | Target Loss: 0.0681
Client 11 (EMNIST) | Target Loss: 0.3469
Client 12 (EMNIST) | Target Loss: 0.3015
Client 13 (EMNIST) | Target Loss: 0.0660
Client 14 (EMNIST) | Target Loss: 0.0390
Client 15 (EMNIST) | Target Loss: 0.3288
Client 16 (EMNIST) | Target Loss: 0.4477
Client 17 (EMNIST) | Target Loss: 0.2742
Client 18 (EMNIST) | Target Loss: 0.0873
Client 19 (EMNIST) | Target Loss: 0.3335
Client 20 (EMNIST) | Target Loss: 0.4128
Client 22 (CIFAR10) | Target Loss: 0.1089
Client 23 (CIFAR10) | Target Loss: 0.4429
Client 24 (CIFAR10) | Target Loss: 0.0546
Client 25 (CIFAR10) | Target Loss: 0.0580
Client 26 (CIFAR10) | Target Loss: 0.4322
Client 27 (CIFAR10) | Target Loss: 1.0066
Client 28 (CIFAR10) | Target Loss: 0.6231
Client 29 (CIFAR10) | Target Loss: 0.0209
Client 30 (CIFAR10) | Target Loss: 0.7029
Client 31 (CIFAR10) | Target Loss: 0.7767
[Testing] Training Per-Dataset Generators Offline (New Gen Method)...
--- DeepInversion Generator Configuration ---
    epochs: 20
    g_steps: 1500
    lr: 0.02
    ce: 1.0
    bn: 0.05
    tv: 0.005
    l2: 0.0
    adv: 0.0
    student_lr: 0.2
------------------------------------
    Dataset [MNIST] Generator | Epochs: 20 | Final Loss: 0.2280
    Dataset [EMNIST] Generator | Epochs: 20 | Final Loss: 2.5880
    Dataset [CIFAR10] Generator | Epochs: 20 | Final Loss: 0.3204
Epoch 0 Loss: 0.4272
Epoch 1 Loss: 0.0757
Epoch 2 Loss: 0.0357
Epoch 3 Loss: 0.0189
Epoch 4 Loss: 0.0136
[Server] Global Inference Model Acc (MNIST) (Round 31): 76.71% (Tested on 9095 samples)
[Server] Global Inference Model Acc (EMNIST) (Round 31): 38.02% (Tested on 105779 samples)
[Server] Global Inference Model Acc (CIFAR10) (Round 31): 27.53% (Tested on 9100 samples)
[Server] Global Inference Model Acc (Mix) (Round 31): 40.09% (Tested on 123974 samples)
Selected client ids: [0, 1, 2, 3, 4, 5, 6, 7, 8, 9, 10, 11, 12, 13, 14, 15, 16, 17, 18, 19, 20, 21, 22, 23, 24, 25, 26, 27, 28, 29]
--- Round 32 ---
Client 0 (MNIST) | Target Loss: 0.0415
Client 1 (MNIST) | Target Loss: 0.0142
Client 2 (MNIST) | Target Loss: 0.0015
Client 3 (MNIST) | Target Loss: 0.0001
Client 4 (MNIST) | Target Loss: 0.0372
Client 5 (MNIST) | Target Loss: 0.1705
Client 6 (MNIST) | Target Loss: 0.0469
Client 7 (MNIST) | Target Loss: 0.0000
Client 8 (MNIST) | Target Loss: 0.5298
Client 9 (MNIST) | Target Loss: 0.0738
Client 11 (EMNIST) | Target Loss: 0.3466
Client 12 (EMNIST) | Target Loss: 0.2976
Client 13 (EMNIST) | Target Loss: 0.0612
Client 14 (EMNIST) | Target Loss: 0.0332
Client 15 (EMNIST) | Target Loss: 0.3258
Client 16 (EMNIST) | Target Loss: 0.4470
Client 17 (EMNIST) | Target Loss: 0.2712
Client 18 (EMNIST) | Target Loss: 0.0911
Client 19 (EMNIST) | Target Loss: 0.3279
Client 20 (EMNIST) | Target Loss: 0.4113
Client 22 (CIFAR10) | Target Loss: 0.1742
Client 23 (CIFAR10) | Target Loss: 0.4649
Client 24 (CIFAR10) | Target Loss: 0.0507
Client 25 (CIFAR10) | Target Loss: 0.0411
Client 26 (CIFAR10) | Target Loss: 0.4420
Client 27 (CIFAR10) | Target Loss: 1.0066
Client 28 (CIFAR10) | Target Loss: 0.5913
Client 29 (CIFAR10) | Target Loss: 0.0359
Client 30 (CIFAR10) | Target Loss: 0.6574
Client 31 (CIFAR10) | Target Loss: 0.7546
[Testing] Training Per-Dataset Generators Offline (New Gen Method)...
--- DeepInversion Generator Configuration ---
    epochs: 20
    g_steps: 1500
    lr: 0.02
    ce: 1.0
    bn: 0.05
    tv: 0.005
    l2: 0.0
    adv: 0.0
    student_lr: 0.2
------------------------------------
    Dataset [MNIST] Generator | Epochs: 20 | Final Loss: 0.2411
    Dataset [EMNIST] Generator | Epochs: 20 | Final Loss: 2.5738
    Dataset [CIFAR10] Generator | Epochs: 20 | Final Loss: 0.3184
Epoch 0 Loss: 0.3965
Epoch 1 Loss: 0.0617
Epoch 2 Loss: 0.0222
Epoch 3 Loss: 0.0166
Epoch 4 Loss: 0.0157
[Server] Global Inference Model Acc (MNIST) (Round 32): 74.23% (Tested on 9095 samples)
[Server] Global Inference Model Acc (EMNIST) (Round 32): 36.28% (Tested on 105779 samples)
[Server] Global Inference Model Acc (CIFAR10) (Round 32): 30.27% (Tested on 9100 samples)
[Server] Global Inference Model Acc (Mix) (Round 32): 38.62% (Tested on 123974 samples)
Selected client ids: [0, 1, 2, 3, 4, 5, 6, 7, 8, 9, 10, 11, 12, 13, 14, 15, 16, 17, 18, 19, 20, 21, 22, 23, 24, 25, 26, 27, 28, 29]
--- Round 33 ---
Client 0 (MNIST) | Target Loss: 0.0504
Client 1 (MNIST) | Target Loss: 0.0083
Client 2 (MNIST) | Target Loss: 0.0004
Client 3 (MNIST) | Target Loss: 0.0001
Client 4 (MNIST) | Target Loss: 0.0495
Client 5 (MNIST) | Target Loss: 0.1634
Client 6 (MNIST) | Target Loss: 0.0138
Client 7 (MNIST) | Target Loss: 0.0000
Client 8 (MNIST) | Target Loss: 0.4087
Client 9 (MNIST) | Target Loss: 0.0492
Client 11 (EMNIST) | Target Loss: 0.3448
Client 12 (EMNIST) | Target Loss: 0.2932
Client 13 (EMNIST) | Target Loss: 0.0538
Client 14 (EMNIST) | Target Loss: 0.0363
Client 15 (EMNIST) | Target Loss: 0.3225
Client 16 (EMNIST) | Target Loss: 0.4386
Client 17 (EMNIST) | Target Loss: 0.2650
Client 18 (EMNIST) | Target Loss: 0.0900
Client 19 (EMNIST) | Target Loss: 0.3271
Client 20 (EMNIST) | Target Loss: 0.3982
Client 22 (CIFAR10) | Target Loss: 0.0894
Client 23 (CIFAR10) | Target Loss: 0.3852
Client 24 (CIFAR10) | Target Loss: 0.0424
Client 25 (CIFAR10) | Target Loss: 0.0505
Client 26 (CIFAR10) | Target Loss: 0.4478
Client 27 (CIFAR10) | Target Loss: 0.9791
Client 28 (CIFAR10) | Target Loss: 0.5824
Client 29 (CIFAR10) | Target Loss: 0.1969
Client 30 (CIFAR10) | Target Loss: 0.6286
Client 31 (CIFAR10) | Target Loss: 0.7452
[Testing] Training Per-Dataset Generators Offline (New Gen Method)...
--- DeepInversion Generator Configuration ---
    epochs: 20
    g_steps: 1500
    lr: 0.02
    ce: 1.0
    bn: 0.05
    tv: 0.005
    l2: 0.0
    adv: 0.0
    student_lr: 0.2
------------------------------------
    Dataset [MNIST] Generator | Epochs: 20 | Final Loss: 0.2336
    Dataset [EMNIST] Generator | Epochs: 20 | Final Loss: 2.6521
    Dataset [CIFAR10] Generator | Epochs: 20 | Final Loss: 0.3254
Epoch 0 Loss: 0.3944
Epoch 1 Loss: 0.0850
Epoch 2 Loss: 0.0398
Epoch 3 Loss: 0.0108
Epoch 4 Loss: 0.0180
[Server] Global Inference Model Acc (MNIST) (Round 33): 59.45% (Tested on 9095 samples)
[Server] Global Inference Model Acc (EMNIST) (Round 33): 30.49% (Tested on 105779 samples)
[Server] Global Inference Model Acc (CIFAR10) (Round 33): 31.15% (Tested on 9100 samples)
[Server] Global Inference Model Acc (Mix) (Round 33): 32.67% (Tested on 123974 samples)
Selected client ids: [0, 1, 2, 3, 4, 5, 6, 7, 8, 9, 10, 11, 12, 13, 14, 15, 16, 17, 18, 19, 20, 21, 22, 23, 24, 25, 26, 27, 28, 29]
--- Round 34 ---
Client 0 (MNIST) | Target Loss: 0.0373
Client 1 (MNIST) | Target Loss: 0.0071
Client 2 (MNIST) | Target Loss: 0.0001
Client 3 (MNIST) | Target Loss: 0.0008
Client 4 (MNIST) | Target Loss: 0.0555
Client 5 (MNIST) | Target Loss: 0.1968
Client 6 (MNIST) | Target Loss: 0.0121
Client 7 (MNIST) | Target Loss: 0.0000
Client 8 (MNIST) | Target Loss: 0.4447
Client 9 (MNIST) | Target Loss: 0.0906
Client 11 (EMNIST) | Target Loss: 0.3328
Client 12 (EMNIST) | Target Loss: 0.2916
Client 13 (EMNIST) | Target Loss: 0.0541
Client 14 (EMNIST) | Target Loss: 0.0288
Client 15 (EMNIST) | Target Loss: 0.3241
Client 16 (EMNIST) | Target Loss: 0.4339
Client 17 (EMNIST) | Target Loss: 0.2627
Client 18 (EMNIST) | Target Loss: 0.0838
Client 19 (EMNIST) | Target Loss: 0.3253
Client 20 (EMNIST) | Target Loss: 0.4000
Client 22 (CIFAR10) | Target Loss: 0.0704
Client 23 (CIFAR10) | Target Loss: 0.3642
Client 24 (CIFAR10) | Target Loss: 0.0249
Client 25 (CIFAR10) | Target Loss: 0.0340
Client 26 (CIFAR10) | Target Loss: 0.4227
Client 27 (CIFAR10) | Target Loss: 0.9705
Client 28 (CIFAR10) | Target Loss: 0.5280
Client 29 (CIFAR10) | Target Loss: 0.0305
Client 30 (CIFAR10) | Target Loss: 0.5326
Client 31 (CIFAR10) | Target Loss: 0.6660
[Testing] Training Per-Dataset Generators Offline (New Gen Method)...
--- DeepInversion Generator Configuration ---
    epochs: 20
    g_steps: 1500
    lr: 0.02
    ce: 1.0
    bn: 0.05
    tv: 0.005
    l2: 0.0
    adv: 0.0
    student_lr: 0.2
------------------------------------
    Dataset [MNIST] Generator | Epochs: 20 | Final Loss: 0.2529
    Dataset [EMNIST] Generator | Epochs: 20 | Final Loss: 2.5473
    Dataset [CIFAR10] Generator | Epochs: 20 | Final Loss: 0.2995
Epoch 0 Loss: 0.3010
Epoch 1 Loss: 0.0728
Epoch 2 Loss: 0.0400
Epoch 3 Loss: 0.0123
Epoch 4 Loss: 0.0082
[Server] Global Inference Model Acc (MNIST) (Round 34): 69.28% (Tested on 9095 samples)
[Server] Global Inference Model Acc (EMNIST) (Round 34): 34.78% (Tested on 105779 samples)
[Server] Global Inference Model Acc (CIFAR10) (Round 34): 32.32% (Tested on 9100 samples)
[Server] Global Inference Model Acc (Mix) (Round 34): 37.13% (Tested on 123974 samples)
Selected client ids: [0, 1, 2, 3, 4, 5, 6, 7, 8, 9, 10, 11, 12, 13, 14, 15, 16, 17, 18, 19, 20, 21, 22, 23, 24, 25, 26, 27, 28, 29]
--- Round 35 ---
Client 0 (MNIST) | Target Loss: 0.0559
Client 1 (MNIST) | Target Loss: 0.0029
Client 2 (MNIST) | Target Loss: 0.0001
Client 3 (MNIST) | Target Loss: 0.1009
Client 4 (MNIST) | Target Loss: 0.0364
Client 5 (MNIST) | Target Loss: 0.2109
Client 6 (MNIST) | Target Loss: 0.0225
Client 7 (MNIST) | Target Loss: 0.0000
Client 8 (MNIST) | Target Loss: 0.3540
Client 9 (MNIST) | Target Loss: 0.0505
Client 11 (EMNIST) | Target Loss: 0.3375
Client 12 (EMNIST) | Target Loss: 0.2872
Client 13 (EMNIST) | Target Loss: 0.0439
Client 14 (EMNIST) | Target Loss: 0.0266
Client 15 (EMNIST) | Target Loss: 0.3208
Client 16 (EMNIST) | Target Loss: 0.4276
Client 17 (EMNIST) | Target Loss: 0.2582
Client 18 (EMNIST) | Target Loss: 0.0799
Client 19 (EMNIST) | Target Loss: 0.3179
Client 20 (EMNIST) | Target Loss: 0.4145
Client 22 (CIFAR10) | Target Loss: 0.0708
Client 23 (CIFAR10) | Target Loss: 0.3410
Client 24 (CIFAR10) | Target Loss: 0.0461
Client 25 (CIFAR10) | Target Loss: 0.0093
Client 26 (CIFAR10) | Target Loss: 0.4098
Client 27 (CIFAR10) | Target Loss: 0.9631
Client 28 (CIFAR10) | Target Loss: 0.4950
Client 29 (CIFAR10) | Target Loss: 0.0089
Client 30 (CIFAR10) | Target Loss: 0.6203
Client 31 (CIFAR10) | Target Loss: 0.7133
[Testing] Training Per-Dataset Generators Offline (New Gen Method)...
--- DeepInversion Generator Configuration ---
    epochs: 20
    g_steps: 1500
    lr: 0.02
    ce: 1.0
    bn: 0.05
    tv: 0.005
    l2: 0.0
    adv: 0.0
    student_lr: 0.2
------------------------------------
    Dataset [MNIST] Generator | Epochs: 20 | Final Loss: 0.2358
    Dataset [EMNIST] Generator | Epochs: 20 | Final Loss: 2.5992
    Dataset [CIFAR10] Generator | Epochs: 20 | Final Loss: 0.2900
Epoch 0 Loss: 0.3620
Epoch 1 Loss: 0.0712
Epoch 2 Loss: 0.0263
Epoch 3 Loss: 0.0203
Epoch 4 Loss: 0.0108
[Server] Global Inference Model Acc (MNIST) (Round 35): 78.09% (Tested on 9095 samples)
[Server] Global Inference Model Acc (EMNIST) (Round 35): 39.81% (Tested on 105779 samples)
[Server] Global Inference Model Acc (CIFAR10) (Round 35): 28.22% (Tested on 9100 samples)
[Server] Global Inference Model Acc (Mix) (Round 35): 41.77% (Tested on 123974 samples)
Selected client ids: [0, 1, 2, 3, 4, 5, 6, 7, 8, 9, 10, 11, 12, 13, 14, 15, 16, 17, 18, 19, 20, 21, 22, 23, 24, 25, 26, 27, 28, 29]
--- Round 36 ---
Client 0 (MNIST) | Target Loss: 0.0760
Client 1 (MNIST) | Target Loss: 0.0019
Client 2 (MNIST) | Target Loss: 0.0001
Client 3 (MNIST) | Target Loss: 0.0148
Client 4 (MNIST) | Target Loss: 0.0595
Client 5 (MNIST) | Target Loss: 0.2016
Client 6 (MNIST) | Target Loss: 0.0049
Client 7 (MNIST) | Target Loss: 0.0000
Client 8 (MNIST) | Target Loss: 0.3343
Client 9 (MNIST) | Target Loss: 0.0326
Client 11 (EMNIST) | Target Loss: 0.3434
Client 12 (EMNIST) | Target Loss: 0.2843
Client 13 (EMNIST) | Target Loss: 0.0504
Client 14 (EMNIST) | Target Loss: 0.0281
Client 15 (EMNIST) | Target Loss: 0.3121
Client 16 (EMNIST) | Target Loss: 0.4193
Client 17 (EMNIST) | Target Loss: 0.2577
Client 18 (EMNIST) | Target Loss: 0.0809
Client 19 (EMNIST) | Target Loss: 0.3180
Client 20 (EMNIST) | Target Loss: 0.3939
Client 22 (CIFAR10) | Target Loss: 0.0871
Client 23 (CIFAR10) | Target Loss: 0.3590
Client 24 (CIFAR10) | Target Loss: 0.0265
Client 25 (CIFAR10) | Target Loss: 0.0074
Client 26 (CIFAR10) | Target Loss: 0.3634
Client 27 (CIFAR10) | Target Loss: 0.9481
Client 28 (CIFAR10) | Target Loss: 0.4855
Client 29 (CIFAR10) | Target Loss: 0.0013
Client 30 (CIFAR10) | Target Loss: 0.5908
Client 31 (CIFAR10) | Target Loss: 0.6889
[Testing] Training Per-Dataset Generators Offline (New Gen Method)...
--- DeepInversion Generator Configuration ---
    epochs: 20
    g_steps: 1500
    lr: 0.02
    ce: 1.0
    bn: 0.05
    tv: 0.005
    l2: 0.0
    adv: 0.0
    student_lr: 0.2
------------------------------------
    Dataset [MNIST] Generator | Epochs: 20 | Final Loss: 0.2286
    Dataset [EMNIST] Generator | Epochs: 20 | Final Loss: 2.8972
    Dataset [CIFAR10] Generator | Epochs: 20 | Final Loss: 0.3038
Epoch 0 Loss: 0.3067
Epoch 1 Loss: 0.0674
Epoch 2 Loss: 0.0281
Epoch 3 Loss: 0.0145
Epoch 4 Loss: 0.0137
[Server] Global Inference Model Acc (MNIST) (Round 36): 78.68% (Tested on 9095 samples)
[Server] Global Inference Model Acc (EMNIST) (Round 36): 39.55% (Tested on 105779 samples)
[Server] Global Inference Model Acc (CIFAR10) (Round 36): 28.04% (Tested on 9100 samples)
[Server] Global Inference Model Acc (Mix) (Round 36): 41.58% (Tested on 123974 samples)
Selected client ids: [0, 1, 2, 3, 4, 5, 6, 7, 8, 9, 10, 11, 12, 13, 14, 15, 16, 17, 18, 19, 20, 21, 22, 23, 24, 25, 26, 27, 28, 29]
--- Round 37 ---
Client 0 (MNIST) | Target Loss: 0.0360
Client 1 (MNIST) | Target Loss: 0.0018
Client 2 (MNIST) | Target Loss: 0.0001
Client 3 (MNIST) | Target Loss: 0.0191
Client 4 (MNIST) | Target Loss: 0.0607
Client 5 (MNIST) | Target Loss: 0.1997
Client 6 (MNIST) | Target Loss: 0.0089
Client 7 (MNIST) | Target Loss: 0.0000
Client 8 (MNIST) | Target Loss: 0.9612
Client 9 (MNIST) | Target Loss: 0.0394
Client 11 (EMNIST) | Target Loss: 0.3374
Client 12 (EMNIST) | Target Loss: 0.2804
Client 13 (EMNIST) | Target Loss: 0.0382
Client 14 (EMNIST) | Target Loss: 0.0296
Client 15 (EMNIST) | Target Loss: 0.3075
Client 16 (EMNIST) | Target Loss: 0.4137
Client 17 (EMNIST) | Target Loss: 0.2538
Client 18 (EMNIST) | Target Loss: 0.0802
Client 19 (EMNIST) | Target Loss: 0.3127
Client 20 (EMNIST) | Target Loss: 0.4005
Client 22 (CIFAR10) | Target Loss: 0.1275
Client 23 (CIFAR10) | Target Loss: 0.3686
Client 24 (CIFAR10) | Target Loss: 0.0150
Client 25 (CIFAR10) | Target Loss: 0.0049
Client 26 (CIFAR10) | Target Loss: 0.4078
Client 27 (CIFAR10) | Target Loss: 0.9346
Client 28 (CIFAR10) | Target Loss: 0.4501
Client 29 (CIFAR10) | Target Loss: 0.0005
Client 30 (CIFAR10) | Target Loss: 0.5918
Client 31 (CIFAR10) | Target Loss: 0.5863
[Testing] Training Per-Dataset Generators Offline (New Gen Method)...
--- DeepInversion Generator Configuration ---
    epochs: 20
    g_steps: 1500
    lr: 0.02
    ce: 1.0
    bn: 0.05
    tv: 0.005
    l2: 0.0
    adv: 0.0
    student_lr: 0.2
------------------------------------
    Dataset [MNIST] Generator | Epochs: 20 | Final Loss: 0.2203
    Dataset [EMNIST] Generator | Epochs: 20 | Final Loss: 2.9070
    Dataset [CIFAR10] Generator | Epochs: 20 | Final Loss: 0.3048
Epoch 0 Loss: 0.3558
Epoch 1 Loss: 0.0492
Epoch 2 Loss: 0.0184
Epoch 3 Loss: 0.0130
Epoch 4 Loss: 0.0123
[Server] Global Inference Model Acc (MNIST) (Round 37): 82.88% (Tested on 9095 samples)
[Server] Global Inference Model Acc (EMNIST) (Round 37): 42.48% (Tested on 105779 samples)
[Server] Global Inference Model Acc (CIFAR10) (Round 37): 20.67% (Tested on 9100 samples)
[Server] Global Inference Model Acc (Mix) (Round 37): 43.84% (Tested on 123974 samples)
Selected client ids: [0, 1, 2, 3, 4, 5, 6, 7, 8, 9, 10, 11, 12, 13, 14, 15, 16, 17, 18, 19, 20, 21, 22, 23, 24, 25, 26, 27, 28, 29]
--- Round 38 ---
Client 0 (MNIST) | Target Loss: 0.0212
Client 1 (MNIST) | Target Loss: 0.0011
Client 2 (MNIST) | Target Loss: 0.0001
Client 3 (MNIST) | Target Loss: 0.0157
Client 4 (MNIST) | Target Loss: 0.0394
Client 5 (MNIST) | Target Loss: 0.1323
Client 6 (MNIST) | Target Loss: 0.0112
Client 7 (MNIST) | Target Loss: 0.0000
Client 8 (MNIST) | Target Loss: 0.7662
Client 9 (MNIST) | Target Loss: 0.0552
Client 11 (EMNIST) | Target Loss: 0.3372
Client 12 (EMNIST) | Target Loss: 0.2761
Client 13 (EMNIST) | Target Loss: 0.0398
Client 14 (EMNIST) | Target Loss: 0.0253
Client 15 (EMNIST) | Target Loss: 0.3077
Client 16 (EMNIST) | Target Loss: 0.4093
Client 17 (EMNIST) | Target Loss: 0.2534
Client 18 (EMNIST) | Target Loss: 0.0682
Client 19 (EMNIST) | Target Loss: 0.3087
Client 20 (EMNIST) | Target Loss: 0.4066
Client 22 (CIFAR10) | Target Loss: 0.0638
Client 23 (CIFAR10) | Target Loss: 0.3100
Client 24 (CIFAR10) | Target Loss: 0.0116
Client 25 (CIFAR10) | Target Loss: 0.0156
Client 26 (CIFAR10) | Target Loss: 0.3382
Client 27 (CIFAR10) | Target Loss: 0.9053
Client 28 (CIFAR10) | Target Loss: 0.4475
Client 29 (CIFAR10) | Target Loss: 0.0004
Client 30 (CIFAR10) | Target Loss: 0.5871
Client 31 (CIFAR10) | Target Loss: 0.6281
[Testing] Training Per-Dataset Generators Offline (New Gen Method)...
--- DeepInversion Generator Configuration ---
    epochs: 20
    g_steps: 1500
    lr: 0.02
    ce: 1.0
    bn: 0.05
    tv: 0.005
    l2: 0.0
    adv: 0.0
    student_lr: 0.2
------------------------------------
    Dataset [MNIST] Generator | Epochs: 20 | Final Loss: 0.2475
    Dataset [EMNIST] Generator | Epochs: 20 | Final Loss: 2.9516
    Dataset [CIFAR10] Generator | Epochs: 20 | Final Loss: 0.3034
Epoch 0 Loss: 0.3325
Epoch 1 Loss: 0.0461
Epoch 2 Loss: 0.0192
Epoch 3 Loss: 0.0090
Epoch 4 Loss: 0.0040
[Server] Global Inference Model Acc (MNIST) (Round 38): 79.38% (Tested on 9095 samples)
[Server] Global Inference Model Acc (EMNIST) (Round 38): 41.02% (Tested on 105779 samples)
[Server] Global Inference Model Acc (CIFAR10) (Round 38): 28.97% (Tested on 9100 samples)
[Server] Global Inference Model Acc (Mix) (Round 38): 42.95% (Tested on 123974 samples)
Selected client ids: [0, 1, 2, 3, 4, 5, 6, 7, 8, 9, 10, 11, 12, 13, 14, 15, 16, 17, 18, 19, 20, 21, 22, 23, 24, 25, 26, 27, 28, 29]
--- Round 39 ---
Client 0 (MNIST) | Target Loss: 0.0380
Client 1 (MNIST) | Target Loss: 0.0035
Client 2 (MNIST) | Target Loss: 0.0001
Client 3 (MNIST) | Target Loss: 0.0393
Client 4 (MNIST) | Target Loss: 0.0561
Client 5 (MNIST) | Target Loss: 0.1353
Client 6 (MNIST) | Target Loss: 0.0016
Client 7 (MNIST) | Target Loss: 0.0000
Client 8 (MNIST) | Target Loss: 0.6319
Client 9 (MNIST) | Target Loss: 0.0644
Client 11 (EMNIST) | Target Loss: 0.3325
Client 12 (EMNIST) | Target Loss: 0.2733
Client 13 (EMNIST) | Target Loss: 0.0379
Client 14 (EMNIST) | Target Loss: 0.0232
Client 15 (EMNIST) | Target Loss: 0.3049
Client 16 (EMNIST) | Target Loss: 0.4026
Client 17 (EMNIST) | Target Loss: 0.2485
Client 18 (EMNIST) | Target Loss: 0.0723
Client 19 (EMNIST) | Target Loss: 0.3084
Client 20 (EMNIST) | Target Loss: 0.3994
Client 22 (CIFAR10) | Target Loss: 0.0676
Client 23 (CIFAR10) | Target Loss: 0.3432
Client 24 (CIFAR10) | Target Loss: 0.0127
Client 25 (CIFAR10) | Target Loss: 0.0309
Client 26 (CIFAR10) | Target Loss: 0.3483
Client 27 (CIFAR10) | Target Loss: 0.8944
Client 28 (CIFAR10) | Target Loss: 0.4023
Client 29 (CIFAR10) | Target Loss: 0.0003
Client 30 (CIFAR10) | Target Loss: 0.4862
Client 31 (CIFAR10) | Target Loss: 0.5917
[Testing] Training Per-Dataset Generators Offline (New Gen Method)...
--- DeepInversion Generator Configuration ---
    epochs: 20
    g_steps: 1500
    lr: 0.02
    ce: 1.0
    bn: 0.05
    tv: 0.005
    l2: 0.0
    adv: 0.0
    student_lr: 0.2
------------------------------------
    Dataset [MNIST] Generator | Epochs: 20 | Final Loss: 0.2101
    Dataset [EMNIST] Generator | Epochs: 20 | Final Loss: 2.9306
    Dataset [CIFAR10] Generator | Epochs: 20 | Final Loss: 0.3229
Epoch 0 Loss: 0.3100
Epoch 1 Loss: 0.0464
Epoch 2 Loss: 0.0238
Epoch 3 Loss: 0.0208
Epoch 4 Loss: 0.0107
[Server] Global Inference Model Acc (MNIST) (Round 39): 80.35% (Tested on 9095 samples)
[Server] Global Inference Model Acc (EMNIST) (Round 39): 41.51% (Tested on 105779 samples)
[Server] Global Inference Model Acc (CIFAR10) (Round 39): 30.56% (Tested on 9100 samples)
[Server] Global Inference Model Acc (Mix) (Round 39): 43.56% (Tested on 123974 samples)
Selected client ids: [0, 1, 2, 3, 4, 5, 6, 7, 8, 9, 10, 11, 12, 13, 14, 15, 16, 17, 18, 19, 20, 21, 22, 23, 24, 25, 26, 27, 28, 29]
--- Round 40 ---
Client 0 (MNIST) | Target Loss: 0.0448
Client 1 (MNIST) | Target Loss: 0.0022
Client 2 (MNIST) | Target Loss: 0.0001
Client 3 (MNIST) | Target Loss: 0.0371
Client 4 (MNIST) | Target Loss: 0.0373
Client 5 (MNIST) | Target Loss: 0.1371
Client 6 (MNIST) | Target Loss: 0.0045
Client 7 (MNIST) | Target Loss: 0.0000
Client 8 (MNIST) | Target Loss: 0.5556
Client 9 (MNIST) | Target Loss: 0.0528
Client 11 (EMNIST) | Target Loss: 0.3328
Client 12 (EMNIST) | Target Loss: 0.2713
Client 13 (EMNIST) | Target Loss: 0.0365
Client 14 (EMNIST) | Target Loss: 0.0216
Client 15 (EMNIST) | Target Loss: 0.3042
Client 16 (EMNIST) | Target Loss: 0.3967
Client 17 (EMNIST) | Target Loss: 0.2477
Client 18 (EMNIST) | Target Loss: 0.0650
Client 19 (EMNIST) | Target Loss: 0.3043
Client 20 (EMNIST) | Target Loss: 0.4100
Client 22 (CIFAR10) | Target Loss: 0.1693
Client 23 (CIFAR10) | Target Loss: 0.3087
Client 24 (CIFAR10) | Target Loss: 0.0201
Client 25 (CIFAR10) | Target Loss: 0.0683
Client 26 (CIFAR10) | Target Loss: 0.3041
Client 27 (CIFAR10) | Target Loss: 0.8911
Client 28 (CIFAR10) | Target Loss: 0.3682
Client 29 (CIFAR10) | Target Loss: 0.0002
Client 30 (CIFAR10) | Target Loss: 0.5338
Client 31 (CIFAR10) | Target Loss: 0.5568
[Testing] Training Per-Dataset Generators Offline (New Gen Method)...
--- DeepInversion Generator Configuration ---
    epochs: 20
    g_steps: 1500
    lr: 0.02
    ce: 1.0
    bn: 0.05
    tv: 0.005
    l2: 0.0
    adv: 0.0
    student_lr: 0.2
------------------------------------
    Dataset [MNIST] Generator | Epochs: 20 | Final Loss: 0.2786
    Dataset [EMNIST] Generator | Epochs: 20 | Final Loss: 3.0958
    Dataset [CIFAR10] Generator | Epochs: 20 | Final Loss: 0.3432
Epoch 0 Loss: 0.3276
Epoch 1 Loss: 0.0576
Epoch 2 Loss: 0.0324
Epoch 3 Loss: 0.0205
Epoch 4 Loss: 0.0082
[Server] Global Inference Model Acc (MNIST) (Round 40): 82.32% (Tested on 9095 samples)
[Server] Global Inference Model Acc (EMNIST) (Round 40): 42.75% (Tested on 105779 samples)
[Server] Global Inference Model Acc (CIFAR10) (Round 40): 29.78% (Tested on 9100 samples)
[Server] Global Inference Model Acc (Mix) (Round 40): 44.70% (Tested on 123974 samples)
Selected client ids: [0, 1, 2, 3, 4, 5, 6, 7, 8, 9, 10, 11, 12, 13, 14, 15, 16, 17, 18, 19, 20, 21, 22, 23, 24, 25, 26, 27, 28, 29]
--- Round 41 ---
Client 0 (MNIST) | Target Loss: 0.0495
Client 1 (MNIST) | Target Loss: 0.0009
Client 2 (MNIST) | Target Loss: 0.0001
Client 3 (MNIST) | Target Loss: 0.0539
Client 4 (MNIST) | Target Loss: 0.0448
Client 5 (MNIST) | Target Loss: 0.1478
Client 6 (MNIST) | Target Loss: 0.0259
Client 7 (MNIST) | Target Loss: 0.0000
Client 8 (MNIST) | Target Loss: 0.4465
Client 9 (MNIST) | Target Loss: 0.0176
Client 11 (EMNIST) | Target Loss: 0.3314
Client 12 (EMNIST) | Target Loss: 0.2673
Client 13 (EMNIST) | Target Loss: 0.0273
Client 14 (EMNIST) | Target Loss: 0.0231
Client 15 (EMNIST) | Target Loss: 0.3044
Client 16 (EMNIST) | Target Loss: 0.3939
Client 17 (EMNIST) | Target Loss: 0.2438
Client 18 (EMNIST) | Target Loss: 0.0651
Client 19 (EMNIST) | Target Loss: 0.3030
Client 20 (EMNIST) | Target Loss: 0.3927
Client 22 (CIFAR10) | Target Loss: 0.1295
Client 23 (CIFAR10) | Target Loss: 0.2774
Client 24 (CIFAR10) | Target Loss: 0.1378
Client 25 (CIFAR10) | Target Loss: 0.0668
Client 26 (CIFAR10) | Target Loss: 0.2926
Client 27 (CIFAR10) | Target Loss: 0.8590
Client 28 (CIFAR10) | Target Loss: 0.3563
Client 29 (CIFAR10) | Target Loss: 0.0002
Client 30 (CIFAR10) | Target Loss: 0.5027
Client 31 (CIFAR10) | Target Loss: 0.6969
[Testing] Training Per-Dataset Generators Offline (New Gen Method)...
--- DeepInversion Generator Configuration ---
    epochs: 20
    g_steps: 1500
    lr: 0.02
    ce: 1.0
    bn: 0.05
    tv: 0.005
    l2: 0.0
    adv: 0.0
    student_lr: 0.2
------------------------------------
    Dataset [MNIST] Generator | Epochs: 20 | Final Loss: 0.2477
    Dataset [EMNIST] Generator | Epochs: 20 | Final Loss: 3.0598
    Dataset [CIFAR10] Generator | Epochs: 20 | Final Loss: 0.3375
Epoch 0 Loss: 0.2554
Epoch 1 Loss: 0.0555
Epoch 2 Loss: 0.0178
Epoch 3 Loss: 0.0061
Epoch 4 Loss: 0.0081
[Server] Global Inference Model Acc (MNIST) (Round 41): 72.58% (Tested on 9095 samples)
[Server] Global Inference Model Acc (EMNIST) (Round 41): 36.09% (Tested on 105779 samples)
[Server] Global Inference Model Acc (CIFAR10) (Round 41): 30.32% (Tested on 9100 samples)
[Server] Global Inference Model Acc (Mix) (Round 41): 38.35% (Tested on 123974 samples)
Selected client ids: [0, 1, 2, 3, 4, 5, 6, 7, 8, 9, 10, 11, 12, 13, 14, 15, 16, 17, 18, 19, 20, 21, 22, 23, 24, 25, 26, 27, 28, 29]
--- Round 42 ---
Client 0 (MNIST) | Target Loss: 0.0598
Client 1 (MNIST) | Target Loss: 0.0019
Client 2 (MNIST) | Target Loss: 0.0001
Client 3 (MNIST) | Target Loss: 0.0251
Client 4 (MNIST) | Target Loss: 0.0623
Client 5 (MNIST) | Target Loss: 0.1115
Client 6 (MNIST) | Target Loss: 0.0163
Client 7 (MNIST) | Target Loss: 0.0000
Client 8 (MNIST) | Target Loss: 0.9111
Client 9 (MNIST) | Target Loss: 0.0225
Client 11 (EMNIST) | Target Loss: 0.3399
Client 12 (EMNIST) | Target Loss: 0.2655
Client 13 (EMNIST) | Target Loss: 0.0374
Client 14 (EMNIST) | Target Loss: 0.0229
Client 15 (EMNIST) | Target Loss: 0.3080
Client 16 (EMNIST) | Target Loss: 0.3882
Client 17 (EMNIST) | Target Loss: 0.2424
Client 18 (EMNIST) | Target Loss: 0.0664
Client 19 (EMNIST) | Target Loss: 0.3011
Client 20 (EMNIST) | Target Loss: 0.3859
Client 22 (CIFAR10) | Target Loss: 0.1554
Client 23 (CIFAR10) | Target Loss: 0.2735
Client 24 (CIFAR10) | Target Loss: 0.1822
Client 25 (CIFAR10) | Target Loss: 0.0412
Client 26 (CIFAR10) | Target Loss: 0.2505
Client 27 (CIFAR10) | Target Loss: 0.8534
Client 28 (CIFAR10) | Target Loss: 0.3186
Client 29 (CIFAR10) | Target Loss: 0.0002
Client 30 (CIFAR10) | Target Loss: 0.5116
Client 31 (CIFAR10) | Target Loss: 0.4963
[Testing] Training Per-Dataset Generators Offline (New Gen Method)...
--- DeepInversion Generator Configuration ---
    epochs: 20
    g_steps: 1500
    lr: 0.02
    ce: 1.0
    bn: 0.05
    tv: 0.005
    l2: 0.0
    adv: 0.0
    student_lr: 0.2
------------------------------------
    Dataset [MNIST] Generator | Epochs: 20 | Final Loss: 0.2484
    Dataset [EMNIST] Generator | Epochs: 20 | Final Loss: 3.2379
    Dataset [CIFAR10] Generator | Epochs: 20 | Final Loss: 0.3395
Epoch 0 Loss: 0.3470
Epoch 1 Loss: 0.0400
Epoch 2 Loss: 0.0205
Epoch 3 Loss: 0.0257
Epoch 4 Loss: 0.0082
[Server] Global Inference Model Acc (MNIST) (Round 42): 80.89% (Tested on 9095 samples)
[Server] Global Inference Model Acc (EMNIST) (Round 42): 41.01% (Tested on 105779 samples)
[Server] Global Inference Model Acc (CIFAR10) (Round 42): 33.14% (Tested on 9100 samples)
[Server] Global Inference Model Acc (Mix) (Round 42): 43.36% (Tested on 123974 samples)
Selected client ids: [0, 1, 2, 3, 4, 5, 6, 7, 8, 9, 10, 11, 12, 13, 14, 15, 16, 17, 18, 19, 20, 21, 22, 23, 24, 25, 26, 27, 28, 29]
--- Round 43 ---
Client 0 (MNIST) | Target Loss: 0.0224
Client 1 (MNIST) | Target Loss: 0.0027
Client 2 (MNIST) | Target Loss: 0.0000
Client 3 (MNIST) | Target Loss: 0.0100
Client 4 (MNIST) | Target Loss: 0.0212
Client 5 (MNIST) | Target Loss: 0.1211
Client 6 (MNIST) | Target Loss: 0.0109
Client 7 (MNIST) | Target Loss: 0.0000
Client 8 (MNIST) | Target Loss: 0.6990
Client 9 (MNIST) | Target Loss: 0.0113
Client 11 (EMNIST) | Target Loss: 0.3303
Client 12 (EMNIST) | Target Loss: 0.2601
Client 13 (EMNIST) | Target Loss: 0.0295
Client 14 (EMNIST) | Target Loss: 0.0203
Client 15 (EMNIST) | Target Loss: 0.2998
Client 16 (EMNIST) | Target Loss: 0.3805
Client 17 (EMNIST) | Target Loss: 0.2373
Client 18 (EMNIST) | Target Loss: 0.0702
Client 19 (EMNIST) | Target Loss: 0.2999
Client 20 (EMNIST) | Target Loss: 0.4029
Client 22 (CIFAR10) | Target Loss: 0.0758
Client 23 (CIFAR10) | Target Loss: 0.2803
Client 24 (CIFAR10) | Target Loss: 0.0959
Client 25 (CIFAR10) | Target Loss: 0.0232
Client 26 (CIFAR10) | Target Loss: 0.3309
Client 27 (CIFAR10) | Target Loss: 0.8309
Client 28 (CIFAR10) | Target Loss: 0.3128
Client 29 (CIFAR10) | Target Loss: 0.0001
Client 30 (CIFAR10) | Target Loss: 0.4502
Client 31 (CIFAR10) | Target Loss: 0.4568
[Testing] Training Per-Dataset Generators Offline (New Gen Method)...
--- DeepInversion Generator Configuration ---
    epochs: 20
    g_steps: 1500
    lr: 0.02
    ce: 1.0
    bn: 0.05
    tv: 0.005
    l2: 0.0
    adv: 0.0
    student_lr: 0.2
------------------------------------
    Dataset [MNIST] Generator | Epochs: 20 | Final Loss: 0.2506
    Dataset [EMNIST] Generator | Epochs: 20 | Final Loss: 3.1761
    Dataset [CIFAR10] Generator | Epochs: 20 | Final Loss: 0.3353
Epoch 0 Loss: 0.3073
Epoch 1 Loss: 0.0382
Epoch 2 Loss: 0.0182
Epoch 3 Loss: 0.0091
Epoch 4 Loss: 0.0033
[Server] Global Inference Model Acc (MNIST) (Round 43): 80.93% (Tested on 9095 samples)
[Server] Global Inference Model Acc (EMNIST) (Round 43): 40.36% (Tested on 105779 samples)
[Server] Global Inference Model Acc (CIFAR10) (Round 43): 31.42% (Tested on 9100 samples)
[Server] Global Inference Model Acc (Mix) (Round 43): 42.68% (Tested on 123974 samples)
Selected client ids: [0, 1, 2, 3, 4, 5, 6, 7, 8, 9, 10, 11, 12, 13, 14, 15, 16, 17, 18, 19, 20, 21, 22, 23, 24, 25, 26, 27, 28, 29]
--- Round 44 ---
Client 0 (MNIST) | Target Loss: 0.0255
Client 1 (MNIST) | Target Loss: 0.0081
Client 2 (MNIST) | Target Loss: 0.0001
Client 3 (MNIST) | Target Loss: 0.0048
Client 4 (MNIST) | Target Loss: 0.0318
Client 5 (MNIST) | Target Loss: 0.1086
Client 6 (MNIST) | Target Loss: 0.0159
Client 7 (MNIST) | Target Loss: 0.0000
Client 8 (MNIST) | Target Loss: 0.6147
Client 9 (MNIST) | Target Loss: 0.0613
Client 11 (EMNIST) | Target Loss: 0.3431
Client 12 (EMNIST) | Target Loss: 0.2571
Client 13 (EMNIST) | Target Loss: 0.0294
Client 14 (EMNIST) | Target Loss: 0.0214
Client 15 (EMNIST) | Target Loss: 0.2900
Client 16 (EMNIST) | Target Loss: 0.3791
Client 17 (EMNIST) | Target Loss: 0.2372
Client 18 (EMNIST) | Target Loss: 0.0674
Client 19 (EMNIST) | Target Loss: 0.2943
Client 20 (EMNIST) | Target Loss: 0.3971
Client 22 (CIFAR10) | Target Loss: 0.0359
Client 23 (CIFAR10) | Target Loss: 0.2235
Client 24 (CIFAR10) | Target Loss: 0.0454
Client 25 (CIFAR10) | Target Loss: 0.0207
Client 26 (CIFAR10) | Target Loss: 0.2911
Client 27 (CIFAR10) | Target Loss: 0.8390
Client 28 (CIFAR10) | Target Loss: 0.3018
Client 29 (CIFAR10) | Target Loss: 0.0001
Client 30 (CIFAR10) | Target Loss: 0.4981
Client 31 (CIFAR10) | Target Loss: 0.5276
[Testing] Training Per-Dataset Generators Offline (New Gen Method)...
--- DeepInversion Generator Configuration ---
    epochs: 20
    g_steps: 1500
    lr: 0.02
    ce: 1.0
    bn: 0.05
    tv: 0.005
    l2: 0.0
    adv: 0.0
    student_lr: 0.2
------------------------------------
    Dataset [MNIST] Generator | Epochs: 20 | Final Loss: 0.2532
    Dataset [EMNIST] Generator | Epochs: 20 | Final Loss: 3.3530
    Dataset [CIFAR10] Generator | Epochs: 20 | Final Loss: 0.3223
Epoch 0 Loss: 0.2656
Epoch 1 Loss: 0.0418
Epoch 2 Loss: 0.0177
Epoch 3 Loss: 0.0092
Epoch 4 Loss: 0.0065
[Server] Global Inference Model Acc (MNIST) (Round 44): 71.59% (Tested on 9095 samples)
[Server] Global Inference Model Acc (EMNIST) (Round 44): 34.68% (Tested on 105779 samples)
[Server] Global Inference Model Acc (CIFAR10) (Round 44): 29.96% (Tested on 9100 samples)
[Server] Global Inference Model Acc (Mix) (Round 44): 37.04% (Tested on 123974 samples)
Selected client ids: [0, 1, 2, 3, 4, 5, 6, 7, 8, 9, 10, 11, 12, 13, 14, 15, 16, 17, 18, 19, 20, 21, 22, 23, 24, 25, 26, 27, 28, 29]
--- Round 45 ---
Client 0 (MNIST) | Target Loss: 0.0057
Client 1 (MNIST) | Target Loss: 0.0215
Client 2 (MNIST) | Target Loss: 0.0001
Client 3 (MNIST) | Target Loss: 0.0021
Client 4 (MNIST) | Target Loss: 0.0212
Client 5 (MNIST) | Target Loss: 0.1238
Client 6 (MNIST) | Target Loss: 0.0090
Client 7 (MNIST) | Target Loss: 0.0000
Client 8 (MNIST) | Target Loss: 0.5520
Client 9 (MNIST) | Target Loss: 0.0666
Client 11 (EMNIST) | Target Loss: 0.3159
Client 12 (EMNIST) | Target Loss: 0.2555
Client 13 (EMNIST) | Target Loss: 0.0287
Client 14 (EMNIST) | Target Loss: 0.0182
Client 15 (EMNIST) | Target Loss: 0.2924
Client 16 (EMNIST) | Target Loss: 0.3740
Client 17 (EMNIST) | Target Loss: 0.2367
Client 18 (EMNIST) | Target Loss: 0.0583
Client 19 (EMNIST) | Target Loss: 0.2907
Client 20 (EMNIST) | Target Loss: 0.3946
Client 22 (CIFAR10) | Target Loss: 0.0345
Client 23 (CIFAR10) | Target Loss: 0.1996
Client 24 (CIFAR10) | Target Loss: 0.0148
Client 25 (CIFAR10) | Target Loss: 0.0335
Client 26 (CIFAR10) | Target Loss: 0.2731
Client 27 (CIFAR10) | Target Loss: 0.8255
Client 28 (CIFAR10) | Target Loss: 0.2756
Client 29 (CIFAR10) | Target Loss: 0.0001
Client 30 (CIFAR10) | Target Loss: 0.5224
Client 31 (CIFAR10) | Target Loss: 0.5142
[Testing] Training Per-Dataset Generators Offline (New Gen Method)...
--- DeepInversion Generator Configuration ---
    epochs: 20
    g_steps: 1500
    lr: 0.02
    ce: 1.0
    bn: 0.05
    tv: 0.005
    l2: 0.0
    adv: 0.0
    student_lr: 0.2
------------------------------------
    Dataset [MNIST] Generator | Epochs: 20 | Final Loss: 0.2561
    Dataset [EMNIST] Generator | Epochs: 20 | Final Loss: 3.3675
    Dataset [CIFAR10] Generator | Epochs: 20 | Final Loss: 0.3624
Epoch 0 Loss: 0.2437
Epoch 1 Loss: 0.0455
Epoch 2 Loss: 0.0200
Epoch 3 Loss: 0.0139
Epoch 4 Loss: 0.0068
[Server] Global Inference Model Acc (MNIST) (Round 45): 81.41% (Tested on 9095 samples)
[Server] Global Inference Model Acc (EMNIST) (Round 45): 40.41% (Tested on 105779 samples)
[Server] Global Inference Model Acc (CIFAR10) (Round 45): 34.02% (Tested on 9100 samples)
[Server] Global Inference Model Acc (Mix) (Round 45): 42.95% (Tested on 123974 samples)
Selected client ids: [0, 1, 2, 3, 4, 5, 6, 7, 8, 9, 10, 11, 12, 13, 14, 15, 16, 17, 18, 19, 20, 21, 22, 23, 24, 25, 26, 27, 28, 29]
--- Round 46 ---
Client 0 (MNIST) | Target Loss: 0.0581
Client 1 (MNIST) | Target Loss: 0.0425
Client 2 (MNIST) | Target Loss: 0.0001
Client 3 (MNIST) | Target Loss: 0.0071
Client 4 (MNIST) | Target Loss: 0.0744
Client 5 (MNIST) | Target Loss: 0.1669
Client 6 (MNIST) | Target Loss: 0.0057
Client 7 (MNIST) | Target Loss: 0.0000
Client 8 (MNIST) | Target Loss: 0.4684
Client 9 (MNIST) | Target Loss: 0.0247
Client 11 (EMNIST) | Target Loss: 0.3256
Client 12 (EMNIST) | Target Loss: 0.2507
Client 13 (EMNIST) | Target Loss: 0.0290
Client 14 (EMNIST) | Target Loss: 0.0208
Client 15 (EMNIST) | Target Loss: 0.3016
Client 16 (EMNIST) | Target Loss: 0.3662
Client 17 (EMNIST) | Target Loss: 0.2314
Client 18 (EMNIST) | Target Loss: 0.0623
Client 19 (EMNIST) | Target Loss: 0.2880
Client 20 (EMNIST) | Target Loss: 0.4026
Client 22 (CIFAR10) | Target Loss: 0.0481
Client 23 (CIFAR10) | Target Loss: 0.2275
Client 24 (CIFAR10) | Target Loss: 0.0047
Client 25 (CIFAR10) | Target Loss: 0.0587
Client 26 (CIFAR10) | Target Loss: 0.3076
Client 27 (CIFAR10) | Target Loss: 0.8001
Client 28 (CIFAR10) | Target Loss: 0.2127
Client 29 (CIFAR10) | Target Loss: 0.0001
Client 30 (CIFAR10) | Target Loss: 0.4817
Client 31 (CIFAR10) | Target Loss: 0.4526
[Testing] Training Per-Dataset Generators Offline (New Gen Method)...
--- DeepInversion Generator Configuration ---
    epochs: 20
    g_steps: 1500
    lr: 0.02
    ce: 1.0
    bn: 0.05
    tv: 0.005
    l2: 0.0
    adv: 0.0
    student_lr: 0.2
------------------------------------
    Dataset [MNIST] Generator | Epochs: 20 | Final Loss: 0.2652
    Dataset [EMNIST] Generator | Epochs: 20 | Final Loss: 3.4407
    Dataset [CIFAR10] Generator | Epochs: 20 | Final Loss: 0.3368
Epoch 0 Loss: 0.2854
Epoch 1 Loss: 0.0487
Epoch 2 Loss: 0.0085
Epoch 3 Loss: 0.0030
Epoch 4 Loss: 0.0015
[Server] Global Inference Model Acc (MNIST) (Round 46): 83.68% (Tested on 9095 samples)
[Server] Global Inference Model Acc (EMNIST) (Round 46): 41.59% (Tested on 105779 samples)
[Server] Global Inference Model Acc (CIFAR10) (Round 46): 28.91% (Tested on 9100 samples)
[Server] Global Inference Model Acc (Mix) (Round 46): 43.74% (Tested on 123974 samples)
Selected client ids: [0, 1, 2, 3, 4, 5, 6, 7, 8, 9, 10, 11, 12, 13, 14, 15, 16, 17, 18, 19, 20, 21, 22, 23, 24, 25, 26, 27, 28, 29]
--- Round 47 ---
Client 0 (MNIST) | Target Loss: 0.0305
Client 1 (MNIST) | Target Loss: 0.0244
Client 2 (MNIST) | Target Loss: 0.0000
Client 3 (MNIST) | Target Loss: 0.0647
Client 4 (MNIST) | Target Loss: 0.0661
Client 5 (MNIST) | Target Loss: 0.1159
Client 6 (MNIST) | Target Loss: 0.0055
Client 7 (MNIST) | Target Loss: 0.0000
Client 8 (MNIST) | Target Loss: 0.4603
Client 9 (MNIST) | Target Loss: 0.0447
Client 11 (EMNIST) | Target Loss: 0.3310
Client 12 (EMNIST) | Target Loss: 0.2496
Client 13 (EMNIST) | Target Loss: 0.0277
Client 14 (EMNIST) | Target Loss: 0.0175
Client 15 (EMNIST) | Target Loss: 0.2816
Client 16 (EMNIST) | Target Loss: 0.3607
Client 17 (EMNIST) | Target Loss: 0.2313
Client 18 (EMNIST) | Target Loss: 0.0559
Client 19 (EMNIST) | Target Loss: 0.2877
Client 20 (EMNIST) | Target Loss: 0.3797
Client 22 (CIFAR10) | Target Loss: 0.0376
Client 23 (CIFAR10) | Target Loss: 0.1835
Client 24 (CIFAR10) | Target Loss: 0.0021
Client 25 (CIFAR10) | Target Loss: 0.0575
Client 26 (CIFAR10) | Target Loss: 0.2765
Client 27 (CIFAR10) | Target Loss: 0.7876
Client 28 (CIFAR10) | Target Loss: 0.2117
Client 29 (CIFAR10) | Target Loss: 0.0000
Client 30 (CIFAR10) | Target Loss: 0.5059
Client 31 (CIFAR10) | Target Loss: 0.4223
[Testing] Training Per-Dataset Generators Offline (New Gen Method)...
--- DeepInversion Generator Configuration ---
    epochs: 20
    g_steps: 1500
    lr: 0.02
    ce: 1.0
    bn: 0.05
    tv: 0.005
    l2: 0.0
    adv: 0.0
    student_lr: 0.2
------------------------------------
    Dataset [MNIST] Generator | Epochs: 20 | Final Loss: 0.3451
    Dataset [EMNIST] Generator | Epochs: 20 | Final Loss: 3.4731
    Dataset [CIFAR10] Generator | Epochs: 20 | Final Loss: 0.3525
Epoch 0 Loss: 0.2860
Epoch 1 Loss: 0.0286
Epoch 2 Loss: 0.0161
Epoch 3 Loss: 0.0122
Epoch 4 Loss: 0.0063
[Server] Global Inference Model Acc (MNIST) (Round 47): 86.61% (Tested on 9095 samples)
[Server] Global Inference Model Acc (EMNIST) (Round 47): 42.20% (Tested on 105779 samples)
[Server] Global Inference Model Acc (CIFAR10) (Round 47): 30.70% (Tested on 9100 samples)
[Server] Global Inference Model Acc (Mix) (Round 47): 44.61% (Tested on 123974 samples)
Selected client ids: [0, 1, 2, 3, 4, 5, 6, 7, 8, 9, 10, 11, 12, 13, 14, 15, 16, 17, 18, 19, 20, 21, 22, 23, 24, 25, 26, 27, 28, 29]
--- Round 48 ---
Client 0 (MNIST) | Target Loss: 0.0146
Client 1 (MNIST) | Target Loss: 0.0071
Client 2 (MNIST) | Target Loss: 0.0000
Client 3 (MNIST) | Target Loss: 0.0291
Client 4 (MNIST) | Target Loss: 0.0361
Client 5 (MNIST) | Target Loss: 0.1128
Client 6 (MNIST) | Target Loss: 0.0020
Client 7 (MNIST) | Target Loss: 0.0000
Client 8 (MNIST) | Target Loss: 0.4122
Client 9 (MNIST) | Target Loss: 0.0540
Client 11 (EMNIST) | Target Loss: 0.3164
Client 12 (EMNIST) | Target Loss: 0.2451
Client 13 (EMNIST) | Target Loss: 0.0260
Client 14 (EMNIST) | Target Loss: 0.0179
Client 15 (EMNIST) | Target Loss: 0.2903
Client 16 (EMNIST) | Target Loss: 0.3558
Client 17 (EMNIST) | Target Loss: 0.2266
Client 18 (EMNIST) | Target Loss: 0.0581
Client 19 (EMNIST) | Target Loss: 0.2848
Client 20 (EMNIST) | Target Loss: 0.4096
Client 22 (CIFAR10) | Target Loss: 0.1050
Client 23 (CIFAR10) | Target Loss: 0.1837
Client 24 (CIFAR10) | Target Loss: 0.0007
Client 25 (CIFAR10) | Target Loss: 0.0301
Client 26 (CIFAR10) | Target Loss: 0.2685
Client 27 (CIFAR10) | Target Loss: 0.7720
Client 28 (CIFAR10) | Target Loss: 0.2376
Client 29 (CIFAR10) | Target Loss: 0.0000
Client 30 (CIFAR10) | Target Loss: 0.3816
Client 31 (CIFAR10) | Target Loss: 0.3938
[Testing] Training Per-Dataset Generators Offline (New Gen Method)...
--- DeepInversion Generator Configuration ---
    epochs: 20
    g_steps: 1500
    lr: 0.02
    ce: 1.0
    bn: 0.05
    tv: 0.005
    l2: 0.0
    adv: 0.0
    student_lr: 0.2
------------------------------------
    Dataset [MNIST] Generator | Epochs: 20 | Final Loss: 0.2799
    Dataset [EMNIST] Generator | Epochs: 20 | Final Loss: 3.5578
    Dataset [CIFAR10] Generator | Epochs: 20 | Final Loss: 0.3312
Epoch 0 Loss: 0.2587
Epoch 1 Loss: 0.0542
Epoch 2 Loss: 0.0161
Epoch 3 Loss: 0.0068
Epoch 4 Loss: 0.0036
[Server] Global Inference Model Acc (MNIST) (Round 48): 79.10% (Tested on 9095 samples)
[Server] Global Inference Model Acc (EMNIST) (Round 48): 40.20% (Tested on 105779 samples)
[Server] Global Inference Model Acc (CIFAR10) (Round 48): 32.33% (Tested on 9100 samples)
[Server] Global Inference Model Acc (Mix) (Round 48): 42.47% (Tested on 123974 samples)
Selected client ids: [0, 1, 2, 3, 4, 5, 6, 7, 8, 9, 10, 11, 12, 13, 14, 15, 16, 17, 18, 19, 20, 21, 22, 23, 24, 25, 26, 27, 28, 29]
--- Round 49 ---
Client 0 (MNIST) | Target Loss: 0.0056
Client 1 (MNIST) | Target Loss: 0.0047
Client 2 (MNIST) | Target Loss: 0.0000
Client 3 (MNIST) | Target Loss: 0.0051
Client 4 (MNIST) | Target Loss: 0.0376
Client 5 (MNIST) | Target Loss: 0.1324
Client 6 (MNIST) | Target Loss: 0.0003
Client 7 (MNIST) | Target Loss: 0.0000
Client 8 (MNIST) | Target Loss: 1.2592
Client 9 (MNIST) | Target Loss: 0.0231
Client 11 (EMNIST) | Target Loss: 0.3217
Client 12 (EMNIST) | Target Loss: 0.2437
Client 13 (EMNIST) | Target Loss: 0.0215
Client 14 (EMNIST) | Target Loss: 0.0153
Client 15 (EMNIST) | Target Loss: 0.2784
Client 16 (EMNIST) | Target Loss: 0.3478
Client 17 (EMNIST) | Target Loss: 0.2261
Client 18 (EMNIST) | Target Loss: 0.0582
Client 19 (EMNIST) | Target Loss: 0.2840
Client 20 (EMNIST) | Target Loss: 0.4003
Client 22 (CIFAR10) | Target Loss: 0.0907
Client 23 (CIFAR10) | Target Loss: 0.1578
Client 24 (CIFAR10) | Target Loss: 0.0006
Client 25 (CIFAR10) | Target Loss: 0.0140
Client 26 (CIFAR10) | Target Loss: 0.2307
Client 27 (CIFAR10) | Target Loss: 0.7671
Client 28 (CIFAR10) | Target Loss: 0.2154
Client 29 (CIFAR10) | Target Loss: 0.0000
Client 30 (CIFAR10) | Target Loss: 0.4682
Client 31 (CIFAR10) | Target Loss: 0.4360
[Testing] Training Per-Dataset Generators Offline (New Gen Method)...
--- DeepInversion Generator Configuration ---
    epochs: 20
    g_steps: 1500
    lr: 0.02
    ce: 1.0
    bn: 0.05
    tv: 0.005
    l2: 0.0
    adv: 0.0
    student_lr: 0.2
------------------------------------
    Dataset [MNIST] Generator | Epochs: 20 | Final Loss: 0.3268
    Dataset [EMNIST] Generator | Epochs: 20 | Final Loss: 3.4980
    Dataset [CIFAR10] Generator | Epochs: 20 | Final Loss: 0.3600
Epoch 0 Loss: 0.2727
Epoch 1 Loss: 0.0414
Epoch 2 Loss: 0.0105
Epoch 3 Loss: 0.0088
Epoch 4 Loss: 0.0094
[Server] Global Inference Model Acc (MNIST) (Round 49): 79.41% (Tested on 9095 samples)
[Server] Global Inference Model Acc (EMNIST) (Round 49): 38.55% (Tested on 105779 samples)
[Server] Global Inference Model Acc (CIFAR10) (Round 49): 28.77% (Tested on 9100 samples)
[Server] Global Inference Model Acc (Mix) (Round 49): 40.83% (Tested on 123974 samples)
Selected client ids: [0, 1, 2, 3, 4, 5, 6, 7, 8, 9, 10, 11, 12, 13, 14, 15, 16, 17, 18, 19, 20, 21, 22, 23, 24, 25, 26, 27, 28, 29]
--- Round 50 ---
Client 0 (MNIST) | Target Loss: 0.0092
Client 1 (MNIST) | Target Loss: 0.0023
Client 2 (MNIST) | Target Loss: 0.0000
Client 3 (MNIST) | Target Loss: 0.0019
Client 4 (MNIST) | Target Loss: 0.0405
Client 5 (MNIST) | Target Loss: 0.0996
Client 6 (MNIST) | Target Loss: 0.0001
Client 7 (MNIST) | Target Loss: 0.0000
Client 8 (MNIST) | Target Loss: 0.8789
Client 9 (MNIST) | Target Loss: 0.0343
Client 11 (EMNIST) | Target Loss: 0.3163
Client 12 (EMNIST) | Target Loss: 0.2404
Client 13 (EMNIST) | Target Loss: 0.0258
Client 14 (EMNIST) | Target Loss: 0.0176
Client 15 (EMNIST) | Target Loss: 0.2753
Client 16 (EMNIST) | Target Loss: 0.3411
Client 17 (EMNIST) | Target Loss: 0.2217
Client 18 (EMNIST) | Target Loss: 0.0566
Client 19 (EMNIST) | Target Loss: 0.2826
Client 20 (EMNIST) | Target Loss: 0.3837
Client 22 (CIFAR10) | Target Loss: 0.1209
Client 23 (CIFAR10) | Target Loss: 0.1706
Client 24 (CIFAR10) | Target Loss: 0.0005
Client 25 (CIFAR10) | Target Loss: 0.0106
Client 26 (CIFAR10) | Target Loss: 0.1886
Client 27 (CIFAR10) | Target Loss: 0.7513
Client 28 (CIFAR10) | Target Loss: 0.1972
Client 29 (CIFAR10) | Target Loss: 0.0000
Client 30 (CIFAR10) | Target Loss: 0.3707
Client 31 (CIFAR10) | Target Loss: 0.4181
[Testing] Training Per-Dataset Generators Offline (New Gen Method)...
--- DeepInversion Generator Configuration ---
    epochs: 20
    g_steps: 1500
    lr: 0.02
    ce: 1.0
    bn: 0.05
    tv: 0.005
    l2: 0.0
    adv: 0.0
    student_lr: 0.2
------------------------------------
    Dataset [MNIST] Generator | Epochs: 20 | Final Loss: 0.3209
    Dataset [EMNIST] Generator | Epochs: 20 | Final Loss: 3.5985
    Dataset [CIFAR10] Generator | Epochs: 20 | Final Loss: 0.3522
Epoch 0 Loss: 0.2672
Epoch 1 Loss: 0.0628
Epoch 2 Loss: 0.0174
Epoch 3 Loss: 0.0075
Epoch 4 Loss: 0.0046
[Server] Global Inference Model Acc (MNIST) (Round 50): 74.91% (Tested on 9095 samples)
[Server] Global Inference Model Acc (EMNIST) (Round 50): 37.89% (Tested on 105779 samples)
[Server] Global Inference Model Acc (CIFAR10) (Round 50): 31.81% (Tested on 9100 samples)
[Server] Global Inference Model Acc (Mix) (Round 50): 40.16% (Tested on 123974 samples)
Saving checkpoints ...
[Server] Checkpoint saved to logs/2026-06-26_16-32-46/GeFL_DDPM_baseline_total_DI/server_checkpoints.pth
[Server] Inversion GAN for MNIST saved to logs/2026-06-26_16-32-46/GeFL_DDPM_baseline_total_DI/global_gans/MNIST_GAN.pth
[Server] Inversion GAN for EMNIST saved to logs/2026-06-26_16-32-46/GeFL_DDPM_baseline_total_DI/global_gans/EMNIST_GAN.pth
[Server] Inversion GAN for CIFAR10 saved to logs/2026-06-26_16-32-46/GeFL_DDPM_baseline_total_DI/global_gans/CIFAR10_GAN.pth
[Server] All 30 clients saved in logs/2026-06-26_16-32-46/GeFL_DDPM_baseline_total_DI/clients_last_round_checkpoints/
==============================    Finished. Total Time: 1 day, 11:51:46    ==============================
