
##################################################
Missing Link Threshold = 0.1
##################################################

==================================================
Label Mapping Summary:
Global ID = 3  | from: client_11: '3', client_12: '3', client_13: 's', client_17: 'C', client_18: '3', client_2: '3', client_20: '3', client_4: '3', client_7: '3'
Global ID = 6  | from: client_0: '2', client_1: '6', client_12: '6', client_14: '6', client_15: 'a', client_16: 'a', client_17: '2', client_18: 'b', client_19: '2', client_20: '2', client_24: 'airplane', client_25: 'bird', client_28: 'dog', client_3: '6', client_30: 'airplane', client_31: 'ship', client_4: '6', client_5: '2', client_7: '6', client_8: '6', client_9: '6'
Global ID = 10 | from: client_1: '5', client_11: 'S', client_12: '5', client_13: 'E', client_14: 'E', client_15: '5', client_17: 'S', client_18: 'e', client_19: '5', client_4: '5', client_6: '5', client_9: '5'
Global ID = 11 | from: client_11: 'E', client_13: 'p', client_16: '8', client_17: 'P', client_18: 'p', client_19: 'p', client_20: 'p'
Global ID = 13 | from: client_14: 'Q', client_17: 'Q'
Global ID = 15 | from: client_11: '0', client_12: '0', client_14: '0', client_15: 'Q', client_18: 'r', client_19: 'O', client_20: 'o', client_8: '0'
Global ID = 16 | from: client_11: 'B', client_15: 'B', client_17: 'B', client_18: 'B'
Global ID = 17 | from: client_14: 'W', client_15: 'w', client_16: 'w', client_17: 'w', client_18: 'w', client_25: 'dog'
Global ID = 18 | from: client_15: '4', client_17: '4', client_18: '4', client_19: 'v', client_4: '4', client_6: '4', client_7: '4', client_8: '4'
Global ID = 19 | from: client_11: 'R', client_20: 'R'
Global ID = 20 | from: client_13: 'H', client_15: 'H', client_19: 'H'
Global ID = 21 | from: client_14: 'c', client_15: 'C', client_19: 'J', client_20: 't'
Global ID = 22 | from: client_11: 'T', client_12: 'T', client_14: 'T', client_16: '7', client_17: '7', client_19: 't', client_6: '7', client_7: '7', client_8: '7'
Global ID = 23 | from: client_11: 'z', client_15: 'z'
Global ID = 24 | from: client_11: 'D', client_13: 'D', client_14: 'D', client_15: 'd', client_18: 'd', client_19: 'L', client_20: 'L'
Global ID = 25 | from: client_11: '9', client_12: 'q', client_13: 'q', client_15: 'N', client_16: '9', client_17: 'g', client_18: 'g', client_19: 'g', client_2: '9', client_20: 'q', client_31: 'horse', client_5: '9', client_9: '9'
Global ID = 27 | from: client_14: 'Y', client_18: 'y', client_19: 'y'
Global ID = 28 | from: client_14: '8', client_4: '8'
Global ID = 29 | from: client_17: 'k', client_18: 'k', client_20: 'K'
Global ID = 30 | from: client_11: 'n', client_13: 'n'
Global ID = 31 | from: client_11: 'I', client_12: 'l', client_13: 'i', client_14: 'V', client_15: '1', client_16: 'l', client_18: '1', client_19: 'i', client_20: 'v', client_23: 'cat', client_29: 'cat', client_3: '1', client_5: '1', client_8: '1'
Global ID = 32 | from: client_13: 'f', client_15: 'F', client_16: 'r', client_18: 'f'
Global ID = 34 | from: client_11: 'U', client_13: 'U', client_18: 'U'
Global ID = 35 | from: client_13: 'X', client_15: 'X', client_17: 'x'
Global ID = 36 | from: client_11: 'm', client_12: 'W', client_13: 'm', client_14: 'M', client_15: 'M', client_17: 'h', client_18: 'h', client_19: 'n', client_20: 'M', client_22: 'ship'
Global ID = 37 | from: client_13: 'G', client_17: 'G'
Global ID = 38 | from: client_11: 'A', client_12: 'N'
Global ID = 39 | from: client_22: 'airplane'
Global ID = 40 | from: client_22: 'truck'
Global ID = 41 | from: client_23: 'automobile'
Global ID = 42 | from: client_26: 'airplane'
Global ID = 43 | from: client_26: 'deer'
Global ID = 44 | from: client_26: 'dog'
Global ID = 45 | from: client_26: 'frog'
Global ID = 46 | from: client_27: 'bird'
Global ID = 47 | from: client_27: 'cat'
Global ID = 48 | from: client_27: 'deer'
Global ID = 49 | from: client_27: 'frog'
Global ID = 50 | from: client_27: 'horse'
Global ID = 51 | from: client_27: 'truck'
Global ID = 52 | from: client_28: 'deer'
Global ID = 53 | from: client_28: 'horse'
Global ID = 54 | from: client_29: 'frog'
Global ID = 55 | from: client_29: 'ship'
Global ID = 56 | from: client_30: 'cat'
Global ID = 57 | from: client_30: 'horse'
Global ID = 58 | from: client_31: 'frog'
Global ID = 59 | from: client_11: 'i'
Global ID = 60 | from: client_11: 'k'
Global ID = 61 | from: client_11: 'x'
Global ID = 62 | from: client_12: 'B'
Global ID = 63 | from: client_12: 'C'
Global ID = 64 | from: client_12: 'F'
Global ID = 65 | from: client_12: 'U'
Global ID = 66 | from: client_12: 'Z'
Global ID = 67 | from: client_12: 'b'
Global ID = 68 | from: client_12: 'c'
Global ID = 69 | from: client_12: 'i'
Global ID = 70 | from: client_12: 'j'
Global ID = 71 | from: client_12: 'u'
Global ID = 72 | from: client_12: 'w'
Global ID = 73 | from: client_13: 'F'
Global ID = 74 | from: client_13: 'L'
Global ID = 75 | from: client_13: 'V'
Global ID = 76 | from: client_13: 'u'
Global ID = 77 | from: client_14: 'I'
Global ID = 78 | from: client_14: 'm'
Global ID = 79 | from: client_15: 'A'
Global ID = 80 | from: client_15: 'G'
Global ID = 81 | from: client_15: 'I'
Global ID = 82 | from: client_15: 'S'
Global ID = 83 | from: client_15: 'Y'
Global ID = 84 | from: client_15: 't'
Global ID = 85 | from: client_15: 'y'
Global ID = 86 | from: client_16: '0'
Global ID = 87 | from: client_16: 'C'
Global ID = 88 | from: client_16: 'D'
Global ID = 89 | from: client_16: 'J'
Global ID = 90 | from: client_16: 'K'
Global ID = 91 | from: client_16: 'O'
Global ID = 92 | from: client_16: 'R'
Global ID = 93 | from: client_16: 'S'
Global ID = 94 | from: client_16: 'T'
Global ID = 95 | from: client_16: 'V'
Global ID = 96 | from: client_16: 'Y'
Global ID = 97 | from: client_16: 'Z'
Global ID = 98 | from: client_16: 'e'
Global ID = 99 | from: client_16: 'f'
Global ID = 100 | from: client_16: 'i'
Global ID = 101 | from: client_16: 'k'
Global ID = 102 | from: client_16: 'q'
Global ID = 103 | from: client_16: 's'
Global ID = 104 | from: client_17: '9'
Global ID = 105 | from: client_18: 'E'
Global ID = 106 | from: client_18: 'K'
Global ID = 107 | from: client_18: 'j'
Global ID = 108 | from: client_19: 'Z'
Global ID = 109 | from: client_19: 'z'
Global ID = 110 | from: client_20: 'A'
Global ID = 111 | from: client_20: 'T'
Global ID = 112 | from: client_20: 'X'
Global ID = 113 | from: client_20: 'x'
Global ID = 114 | from: client_8: '2'
==================================================


##################################################
Missing Link Threshold = 0.2
##################################################

==================================================
Label Mapping Summary:
Global ID = 3  | from: client_11: '3', client_12: '3', client_13: 's', client_17: 'C', client_18: '3', client_2: '3', client_20: '3', client_4: '3', client_7: '3'
Global ID = 6  | from: client_0: '2', client_1: '6', client_12: '6', client_14: '6', client_15: 'a', client_16: 'a', client_17: '2', client_18: 'b', client_19: '2', client_20: '2', client_24: 'airplane', client_25: 'bird', client_28: 'dog', client_3: '6', client_30: 'airplane', client_31: 'ship', client_4: '6', client_5: '2', client_7: '6', client_8: '6', client_9: '6'
Global ID = 10 | from: client_1: '5', client_11: 'S', client_12: '5', client_13: 'E', client_14: 'E', client_15: '5', client_17: 'S', client_18: 'e', client_19: '5', client_4: '5', client_6: '5', client_9: '5'
Global ID = 11 | from: client_11: 'E', client_13: 'p', client_16: '8', client_17: 'P', client_18: 'p', client_19: 'p', client_20: 'p'
Global ID = 13 | from: client_14: 'Q', client_17: 'Q'
Global ID = 15 | from: client_11: '0', client_12: '0', client_14: '0', client_15: 'Q', client_18: 'r', client_19: 'O', client_20: 'o', client_8: '0'
Global ID = 16 | from: client_11: 'B', client_15: 'B', client_17: 'B', client_18: 'B'
Global ID = 17 | from: client_14: 'W', client_15: 'w', client_16: 'w', client_17: 'w', client_18: 'w', client_25: 'dog'
Global ID = 18 | from: client_15: '4', client_17: '4', client_18: '4', client_19: 'v', client_4: '4', client_6: '4', client_7: '4', client_8: '4'
Global ID = 19 | from: client_11: 'R', client_20: 'R'
Global ID = 20 | from: client_13: 'H', client_15: 'H', client_19: 'H'
Global ID = 21 | from: client_14: 'c', client_15: 'C', client_19: 'J', client_20: 't'
Global ID = 22 | from: client_11: 'T', client_12: 'T', client_14: 'T', client_16: '7', client_17: '7', client_19: 't', client_6: '7', client_7: '7', client_8: '7'
Global ID = 23 | from: client_11: 'z', client_15: 'z'
Global ID = 24 | from: client_11: 'D', client_13: 'D', client_14: 'D', client_15: 'd', client_18: 'd', client_19: 'L', client_20: 'L'
Global ID = 25 | from: client_11: '9', client_12: 'q', client_13: 'q', client_15: 'N', client_16: '9', client_17: 'g', client_18: 'g', client_19: 'g', client_2: '9', client_20: 'q', client_31: 'horse', client_5: '9', client_9: '9'
Global ID = 27 | from: client_14: 'Y', client_18: 'y', client_19: 'y'
Global ID = 28 | from: client_14: '8', client_4: '8'
Global ID = 29 | from: client_17: 'k', client_18: 'k', client_20: 'K'
Global ID = 30 | from: client_11: 'n', client_13: 'n'
Global ID = 31 | from: client_11: 'I', client_12: 'l', client_13: 'i', client_14: 'V', client_15: '1', client_16: 'l', client_18: '1', client_19: 'i', client_20: 'v', client_23: 'cat', client_29: 'cat', client_3: '1', client_5: '1', client_8: '1'
Global ID = 32 | from: client_13: 'f', client_15: 'F', client_16: 'r', client_18: 'f'
Global ID = 34 | from: client_11: 'U', client_13: 'U', client_18: 'U'
Global ID = 35 | from: client_13: 'X', client_15: 'X', client_17: 'x'
Global ID = 36 | from: client_11: 'm', client_12: 'W', client_13: 'm', client_14: 'M', client_15: 'M', client_17: 'h', client_18: 'h', client_19: 'n', client_20: 'M', client_22: 'ship'
Global ID = 37 | from: client_13: 'G', client_17: 'G'
Global ID = 38 | from: client_11: 'A', client_12: 'N'
Global ID = 39 | from: client_22: 'airplane'
Global ID = 40 | from: client_22: 'truck'
Global ID = 41 | from: client_23: 'automobile'
Global ID = 42 | from: client_26: 'airplane'
Global ID = 43 | from: client_26: 'deer'
Global ID = 44 | from: client_26: 'dog'
Global ID = 45 | from: client_26: 'frog'
Global ID = 46 | from: client_27: 'bird'
Global ID = 47 | from: client_27: 'cat'
Global ID = 48 | from: client_27: 'deer'
Global ID = 49 | from: client_27: 'frog'
Global ID = 50 | from: client_27: 'horse'
Global ID = 51 | from: client_27: 'truck'
Global ID = 52 | from: client_28: 'deer'
Global ID = 53 | from: client_28: 'horse'
Global ID = 54 | from: client_29: 'frog'
Global ID = 55 | from: client_29: 'ship'
Global ID = 56 | from: client_30: 'cat'
Global ID = 57 | from: client_30: 'horse'
Global ID = 58 | from: client_31: 'frog'
Global ID = 59 | from: client_11: 'i'
Global ID = 60 | from: client_11: 'k'
Global ID = 61 | from: client_11: 'x'
Global ID = 62 | from: client_12: 'B'
Global ID = 63 | from: client_12: 'C'
Global ID = 64 | from: client_12: 'F'
Global ID = 65 | from: client_12: 'U'
Global ID = 66 | from: client_12: 'Z'
Global ID = 67 | from: client_12: 'b'
Global ID = 68 | from: client_12: 'c'
Global ID = 69 | from: client_12: 'i'
Global ID = 70 | from: client_12: 'j'
Global ID = 71 | from: client_12: 'u'
Global ID = 72 | from: client_12: 'w'
Global ID = 73 | from: client_13: 'F'
Global ID = 74 | from: client_13: 'L'
Global ID = 75 | from: client_13: 'V'
Global ID = 76 | from: client_13: 'u'
Global ID = 77 | from: client_14: 'I'
Global ID = 78 | from: client_14: 'm'
Global ID = 79 | from: client_15: 'A'
Global ID = 80 | from: client_15: 'G'
Global ID = 81 | from: client_15: 'I'
Global ID = 82 | from: client_15: 'S'
Global ID = 83 | from: client_15: 'Y'
Global ID = 84 | from: client_15: 't'
Global ID = 85 | from: client_15: 'y'
Global ID = 86 | from: client_16: '0'
Global ID = 87 | from: client_16: 'C'
Global ID = 88 | from: client_16: 'D'
Global ID = 89 | from: client_16: 'J'
Global ID = 90 | from: client_16: 'K'
Global ID = 91 | from: client_16: 'O'
Global ID = 92 | from: client_16: 'R'
Global ID = 93 | from: client_16: 'S'
Global ID = 94 | from: client_16: 'T'
Global ID = 95 | from: client_16: 'V'
Global ID = 96 | from: client_16: 'Y'
Global ID = 97 | from: client_16: 'Z'
Global ID = 98 | from: client_16: 'e'
Global ID = 99 | from: client_16: 'f'
Global ID = 100 | from: client_16: 'i'
Global ID = 101 | from: client_16: 'k'
Global ID = 102 | from: client_16: 'q'
Global ID = 103 | from: client_16: 's'
Global ID = 104 | from: client_17: '9'
Global ID = 105 | from: client_18: 'E'
Global ID = 106 | from: client_18: 'K'
Global ID = 107 | from: client_18: 'j'
Global ID = 108 | from: client_19: 'Z'
Global ID = 109 | from: client_19: 'z'
Global ID = 110 | from: client_20: 'A'
Global ID = 111 | from: client_20: 'T'
Global ID = 112 | from: client_20: 'X'
Global ID = 113 | from: client_20: 'x'
Global ID = 114 | from: client_8: '2'
==================================================


##################################################
Missing Link Threshold = 0.3
##################################################

==================================================
Label Mapping Summary:
Global ID = 3  | from: client_11: '3', client_12: '3', client_13: 's', client_17: 'C', client_18: '3', client_2: '3', client_20: '3', client_4: '3', client_7: '3'
Global ID = 6  | from: client_0: '2', client_1: '6', client_12: '6', client_14: '6', client_15: 'a', client_16: 'a', client_17: '2', client_18: 'b', client_19: '2', client_20: '2', client_24: 'airplane', client_25: 'bird', client_28: 'dog', client_3: '6', client_30: 'airplane', client_31: 'ship', client_4: '6', client_5: '2', client_7: '6', client_8: '6', client_9: '6'
Global ID = 10 | from: client_1: '5', client_11: 'S', client_12: '5', client_13: 'E', client_14: 'E', client_15: '5', client_17: 'S', client_18: 'e', client_19: '5', client_4: '5', client_6: '5', client_9: '5'
Global ID = 11 | from: client_11: 'E', client_13: 'p', client_16: '8', client_17: 'P', client_18: 'p', client_19: 'p', client_20: 'p'
Global ID = 13 | from: client_14: 'Q', client_17: 'Q'
Global ID = 15 | from: client_11: '0', client_12: '0', client_14: '0', client_15: 'Q', client_18: 'r', client_19: 'O', client_20: 'o', client_8: '0'
Global ID = 16 | from: client_11: 'B', client_15: 'B', client_17: 'B', client_18: 'B'
Global ID = 17 | from: client_14: 'W', client_15: 'w', client_16: 'w', client_17: 'w', client_18: 'w', client_25: 'dog'
Global ID = 18 | from: client_15: '4', client_17: '4', client_18: '4', client_19: 'v', client_4: '4', client_6: '4', client_7: '4', client_8: '4'
Global ID = 19 | from: client_11: 'R', client_20: 'R'
Global ID = 20 | from: client_13: 'H', client_15: 'H', client_19: 'H'
Global ID = 21 | from: client_14: 'c', client_15: 'C', client_19: 'J', client_20: 't'
Global ID = 22 | from: client_11: 'T', client_12: 'T', client_14: 'T', client_16: '7', client_17: '7', client_19: 't', client_6: '7', client_7: '7', client_8: '7'
Global ID = 23 | from: client_11: 'z', client_15: 'z'
Global ID = 24 | from: client_11: 'D', client_13: 'D', client_14: 'D', client_15: 'd', client_18: 'd', client_19: 'L', client_20: 'L'
Global ID = 25 | from: client_11: '9', client_12: 'q', client_13: 'q', client_15: 'N', client_16: '9', client_17: 'g', client_18: 'g', client_19: 'g', client_2: '9', client_20: 'q', client_31: 'horse', client_5: '9', client_9: '9'
Global ID = 27 | from: client_14: 'Y', client_18: 'y', client_19: 'y'
Global ID = 28 | from: client_14: '8', client_4: '8'
Global ID = 29 | from: client_17: 'k', client_18: 'k', client_20: 'K'
Global ID = 30 | from: client_11: 'n', client_13: 'n'
Global ID = 31 | from: client_11: 'I', client_12: 'l', client_13: 'i', client_14: 'V', client_15: '1', client_16: 'l', client_18: '1', client_19: 'i', client_20: 'v', client_23: 'cat', client_29: 'cat', client_3: '1', client_5: '1', client_8: '1'
Global ID = 32 | from: client_13: 'f', client_15: 'F', client_16: 'r', client_18: 'f'
Global ID = 34 | from: client_11: 'U', client_13: 'U', client_18: 'U'
Global ID = 35 | from: client_13: 'X', client_15: 'X', client_17: 'x'
Global ID = 36 | from: client_11: 'm', client_12: 'W', client_13: 'm', client_14: 'M', client_15: 'M', client_17: 'h', client_18: 'h', client_19: 'n', client_20: 'M', client_22: 'ship'
Global ID = 37 | from: client_13: 'G', client_17: 'G'
Global ID = 38 | from: client_11: 'A', client_12: 'N'
Global ID = 39 | from: client_22: 'airplane'
Global ID = 40 | from: client_22: 'truck'
Global ID = 41 | from: client_23: 'automobile'
Global ID = 42 | from: client_26: 'airplane'
Global ID = 43 | from: client_26: 'deer'
Global ID = 44 | from: client_26: 'dog'
Global ID = 45 | from: client_26: 'frog'
Global ID = 46 | from: client_27: 'bird'
Global ID = 47 | from: client_27: 'cat'
Global ID = 48 | from: client_27: 'deer'
Global ID = 49 | from: client_27: 'frog'
Global ID = 50 | from: client_27: 'horse'
Global ID = 51 | from: client_27: 'truck'
Global ID = 52 | from: client_28: 'deer'
Global ID = 53 | from: client_28: 'horse'
Global ID = 54 | from: client_29: 'frog'
Global ID = 55 | from: client_29: 'ship'
Global ID = 56 | from: client_30: 'cat'
Global ID = 57 | from: client_30: 'horse'
Global ID = 58 | from: client_31: 'frog'
Global ID = 59 | from: client_11: 'i'
Global ID = 60 | from: client_11: 'k'
Global ID = 61 | from: client_11: 'x'
Global ID = 62 | from: client_12: 'B'
Global ID = 63 | from: client_12: 'C'
Global ID = 64 | from: client_12: 'F'
Global ID = 65 | from: client_12: 'U'
Global ID = 66 | from: client_12: 'Z'
Global ID = 67 | from: client_12: 'b'
Global ID = 68 | from: client_12: 'c'
Global ID = 69 | from: client_12: 'i'
Global ID = 70 | from: client_12: 'j'
Global ID = 71 | from: client_12: 'u'
Global ID = 72 | from: client_12: 'w'
Global ID = 73 | from: client_13: 'F'
Global ID = 74 | from: client_13: 'L'
Global ID = 75 | from: client_13: 'V'
Global ID = 76 | from: client_13: 'u'
Global ID = 77 | from: client_14: 'I'
Global ID = 78 | from: client_14: 'm'
Global ID = 79 | from: client_15: 'A'
Global ID = 80 | from: client_15: 'G'
Global ID = 81 | from: client_15: 'I'
Global ID = 82 | from: client_15: 'S'
Global ID = 83 | from: client_15: 'Y'
Global ID = 84 | from: client_15: 't'
Global ID = 85 | from: client_15: 'y'
Global ID = 86 | from: client_16: '0'
Global ID = 87 | from: client_16: 'C'
Global ID = 88 | from: client_16: 'D'
Global ID = 89 | from: client_16: 'J'
Global ID = 90 | from: client_16: 'K'
Global ID = 91 | from: client_16: 'O'
Global ID = 92 | from: client_16: 'R'
Global ID = 93 | from: client_16: 'S'
Global ID = 94 | from: client_16: 'T'
Global ID = 95 | from: client_16: 'V'
Global ID = 96 | from: client_16: 'Y'
Global ID = 97 | from: client_16: 'Z'
Global ID = 98 | from: client_16: 'e'
Global ID = 99 | from: client_16: 'f'
Global ID = 100 | from: client_16: 'i'
Global ID = 101 | from: client_16: 'k'
Global ID = 102 | from: client_16: 'q'
Global ID = 103 | from: client_16: 's'
Global ID = 104 | from: client_17: '9'
Global ID = 105 | from: client_18: 'E'
Global ID = 106 | from: client_18: 'K'
Global ID = 107 | from: client_18: 'j'
Global ID = 108 | from: client_19: 'Z'
Global ID = 109 | from: client_19: 'z'
Global ID = 110 | from: client_20: 'A'
Global ID = 111 | from: client_20: 'T'
Global ID = 112 | from: client_20: 'X'
Global ID = 113 | from: client_20: 'x'
Global ID = 114 | from: client_8: '2'
==================================================


##################################################
Missing Link Threshold = 0.4
##################################################

==================================================
Label Mapping Summary:
Global ID = 3  | from: client_11: '3', client_12: '3', client_13: 's', client_17: 'C', client_18: '3', client_2: '3', client_20: '3', client_4: '3', client_7: '3'
Global ID = 6  | from: client_0: '2', client_1: '6', client_12: '6', client_14: '6', client_15: 'a', client_16: 'a', client_17: '2', client_18: 'b', client_19: '2', client_20: '2', client_24: 'airplane', client_25: 'bird', client_28: 'dog', client_3: '6', client_30: 'airplane', client_31: 'ship', client_4: '6', client_5: '2', client_7: '6', client_8: '6', client_9: '6'
Global ID = 10 | from: client_1: '5', client_11: 'S', client_12: '5', client_13: 'E', client_14: 'E', client_15: '5', client_17: 'S', client_18: 'e', client_19: '5', client_4: '5', client_6: '5', client_9: '5'
Global ID = 11 | from: client_11: 'E', client_13: 'p', client_16: '8', client_17: 'P', client_18: 'p', client_19: 'p', client_20: 'p'
Global ID = 13 | from: client_14: 'Q', client_17: 'Q'
Global ID = 15 | from: client_11: '0', client_12: '0', client_14: '0', client_15: 'Q', client_18: 'r', client_19: 'O', client_20: 'o', client_8: '0'
Global ID = 16 | from: client_11: 'B', client_15: 'B', client_17: 'B', client_18: 'B'
Global ID = 17 | from: client_14: 'W', client_15: 'w', client_16: 'w', client_17: 'w', client_18: 'w', client_25: 'dog'
Global ID = 18 | from: client_15: '4', client_17: '4', client_18: '4', client_19: 'v', client_4: '4', client_6: '4', client_7: '4', client_8: '4'
Global ID = 19 | from: client_11: 'R', client_20: 'R'
Global ID = 20 | from: client_13: 'H', client_15: 'H', client_19: 'H'
Global ID = 21 | from: client_14: 'c', client_15: 'C', client_19: 'J', client_20: 't'
Global ID = 22 | from: client_11: 'T', client_12: 'T', client_14: 'T', client_16: '7', client_17: '7', client_19: 't', client_6: '7', client_7: '7', client_8: '7'
Global ID = 23 | from: client_11: 'z', client_15: 'z'
Global ID = 24 | from: client_11: 'D', client_13: 'D', client_14: 'D', client_15: 'd', client_18: 'd', client_19: 'L', client_20: 'L'
Global ID = 25 | from: client_11: '9', client_12: 'q', client_13: 'q', client_15: 'N', client_16: '9', client_17: 'g', client_18: 'g', client_19: 'g', client_2: '9', client_20: 'q', client_31: 'horse', client_5: '9', client_9: '9'
Global ID = 27 | from: client_14: 'Y', client_18: 'y', client_19: 'y'
Global ID = 28 | from: client_14: '8', client_4: '8'
Global ID = 29 | from: client_17: 'k', client_18: 'k', client_20: 'K'
Global ID = 30 | from: client_11: 'n', client_13: 'n'
Global ID = 31 | from: client_11: 'I', client_12: 'l', client_13: 'i', client_14: 'V', client_15: '1', client_16: 'l', client_18: '1', client_19: 'i', client_20: 'v', client_23: 'cat', client_29: 'cat', client_3: '1', client_5: '1', client_8: '1'
Global ID = 32 | from: client_13: 'f', client_15: 'F', client_16: 'r', client_18: 'f'
Global ID = 34 | from: client_11: 'U', client_13: 'U', client_18: 'U'
Global ID = 35 | from: client_13: 'X', client_15: 'X', client_17: 'x'
Global ID = 36 | from: client_11: 'm', client_12: 'W', client_13: 'm', client_14: 'M', client_15: 'M', client_17: 'h', client_18: 'h', client_19: 'n', client_20: 'M', client_22: 'ship'
Global ID = 37 | from: client_13: 'G', client_17: 'G'
Global ID = 38 | from: client_11: 'A', client_12: 'N'
Global ID = 39 | from: client_22: 'airplane'
Global ID = 40 | from: client_22: 'truck'
Global ID = 41 | from: client_23: 'automobile'
Global ID = 42 | from: client_26: 'airplane'
Global ID = 43 | from: client_26: 'deer'
Global ID = 44 | from: client_26: 'dog'
Global ID = 45 | from: client_26: 'frog'
Global ID = 46 | from: client_27: 'bird'
Global ID = 47 | from: client_27: 'cat'
Global ID = 48 | from: client_27: 'deer'
Global ID = 49 | from: client_27: 'frog'
Global ID = 50 | from: client_27: 'horse'
Global ID = 51 | from: client_27: 'truck'
Global ID = 52 | from: client_28: 'deer'
Global ID = 53 | from: client_28: 'horse'
Global ID = 54 | from: client_29: 'frog'
Global ID = 55 | from: client_29: 'ship'
Global ID = 56 | from: client_30: 'cat'
Global ID = 57 | from: client_30: 'horse'
Global ID = 58 | from: client_31: 'frog'
Global ID = 59 | from: client_11: 'i'
Global ID = 60 | from: client_11: 'k'
Global ID = 61 | from: client_11: 'x'
Global ID = 62 | from: client_12: 'B'
Global ID = 63 | from: client_12: 'C'
Global ID = 64 | from: client_12: 'F'
Global ID = 65 | from: client_12: 'U'
Global ID = 66 | from: client_12: 'Z'
Global ID = 67 | from: client_12: 'b'
Global ID = 68 | from: client_12: 'c'
Global ID = 69 | from: client_12: 'i'
Global ID = 70 | from: client_12: 'j'
Global ID = 71 | from: client_12: 'u'
Global ID = 72 | from: client_12: 'w'
Global ID = 73 | from: client_13: 'F'
Global ID = 74 | from: client_13: 'L'
Global ID = 75 | from: client_13: 'V'
Global ID = 76 | from: client_13: 'u'
Global ID = 77 | from: client_14: 'I'
Global ID = 78 | from: client_14: 'm'
Global ID = 79 | from: client_15: 'A'
Global ID = 80 | from: client_15: 'G'
Global ID = 81 | from: client_15: 'I'
Global ID = 82 | from: client_15: 'S'
Global ID = 83 | from: client_15: 'Y'
Global ID = 84 | from: client_15: 't'
Global ID = 85 | from: client_15: 'y'
Global ID = 86 | from: client_16: '0'
Global ID = 87 | from: client_16: 'C'
Global ID = 88 | from: client_16: 'D'
Global ID = 89 | from: client_16: 'J'
Global ID = 90 | from: client_16: 'K'
Global ID = 91 | from: client_16: 'O'
Global ID = 92 | from: client_16: 'R'
Global ID = 93 | from: client_16: 'S'
Global ID = 94 | from: client_16: 'T'
Global ID = 95 | from: client_16: 'V'
Global ID = 96 | from: client_16: 'Y'
Global ID = 97 | from: client_16: 'Z'
Global ID = 98 | from: client_16: 'e'
Global ID = 99 | from: client_16: 'f'
Global ID = 100 | from: client_16: 'i'
Global ID = 101 | from: client_16: 'k'
Global ID = 102 | from: client_16: 'q'
Global ID = 103 | from: client_16: 's'
Global ID = 104 | from: client_17: '9'
Global ID = 105 | from: client_18: 'E'
Global ID = 106 | from: client_18: 'K'
Global ID = 107 | from: client_18: 'j'
Global ID = 108 | from: client_19: 'Z'
Global ID = 109 | from: client_19: 'z'
Global ID = 110 | from: client_20: 'A'
Global ID = 111 | from: client_20: 'T'
Global ID = 112 | from: client_20: 'X'
Global ID = 113 | from: client_20: 'x'
Global ID = 114 | from: client_8: '2'
==================================================


##################################################
Missing Link Threshold = 0.5
##################################################

==================================================
Label Mapping Summary:
Global ID = 0  | from: client_11: 'm', client_12: 'W', client_13: 'm', client_14: 'M', client_15: 'M', client_19: 'n', client_20: 'M'
Global ID = 3  | from: client_11: '3', client_12: '3', client_13: 's', client_17: 'C', client_18: '3', client_2: '3', client_20: '3', client_4: '3', client_7: '3'
Global ID = 6  | from: client_0: '2', client_1: '6', client_12: '6', client_14: '6', client_15: 'a', client_16: 'a', client_17: '2', client_18: 'b', client_19: '2', client_20: '2', client_24: 'airplane', client_25: 'bird', client_3: '6', client_30: 'airplane', client_4: '6', client_5: '2', client_7: '6', client_8: '6', client_9: '6'
Global ID = 10 | from: client_1: '5', client_11: 'S', client_12: '5', client_13: 'E', client_14: 'E', client_15: '5', client_17: 'S', client_18: 'e', client_19: '5', client_4: '5', client_6: '5', client_9: '5'
Global ID = 11 | from: client_13: 'p', client_17: 'P', client_18: 'p', client_19: 'p', client_20: 'p'
Global ID = 12 | from: client_11: 'I', client_12: 'l', client_13: 'i', client_15: '1', client_16: 'l', client_18: '1', client_19: 'i', client_23: 'cat', client_29: 'cat', client_3: '1', client_5: '1', client_8: '1'
Global ID = 13 | from: client_14: 'Q', client_17: 'Q'
Global ID = 15 | from: client_11: '0', client_12: '0', client_14: '0', client_15: 'Q', client_19: 'O', client_20: 'o', client_8: '0'
Global ID = 16 | from: client_11: 'B', client_15: 'B', client_17: 'B', client_18: 'B'
Global ID = 17 | from: client_14: 'W', client_15: 'w', client_16: 'w', client_17: 'w', client_18: 'w'
Global ID = 18 | from: client_15: '4', client_17: '4', client_18: '4', client_19: 'v', client_4: '4', client_6: '4', client_7: '4', client_8: '4'
Global ID = 19 | from: client_11: 'R', client_20: 'R'
Global ID = 20 | from: client_13: 'H', client_15: 'H', client_19: 'H'
Global ID = 21 | from: client_14: 'c', client_15: 'C'
Global ID = 22 | from: client_11: 'T', client_12: 'T', client_14: 'T', client_16: '7', client_17: '7', client_6: '7', client_7: '7', client_8: '7'
Global ID = 23 | from: client_11: 'z', client_15: 'z'
Global ID = 24 | from: client_11: 'D', client_13: 'D', client_14: 'D'
Global ID = 25 | from: client_11: '9', client_12: 'q', client_13: 'q', client_15: 'N', client_16: '9', client_17: 'g', client_18: 'g', client_19: 'g', client_2: '9', client_20: 'q', client_31: 'horse', client_5: '9', client_9: '9'
Global ID = 26 | from: client_15: 'd', client_18: 'd'
Global ID = 27 | from: client_14: 'Y', client_18: 'y'
Global ID = 28 | from: client_14: '8', client_4: '8'
Global ID = 29 | from: client_17: 'k', client_20: 'K'
Global ID = 30 | from: client_11: 'n', client_13: 'n'
Global ID = 31 | from: client_14: 'V', client_20: 'v'
Global ID = 32 | from: client_13: 'f', client_15: 'F', client_18: 'f'
Global ID = 33 | from: client_19: 'L', client_20: 'L'
Global ID = 34 | from: client_11: 'U', client_13: 'U', client_18: 'U'
Global ID = 35 | from: client_13: 'X', client_15: 'X', client_17: 'x'
Global ID = 36 | from: client_17: 'h', client_18: 'h'
Global ID = 37 | from: client_22: 'airplane'
Global ID = 38 | from: client_22: 'ship'
Global ID = 39 | from: client_22: 'truck'
Global ID = 40 | from: client_23: 'automobile'
Global ID = 41 | from: client_25: 'dog'
Global ID = 42 | from: client_26: 'airplane'
Global ID = 43 | from: client_26: 'deer'
Global ID = 44 | from: client_26: 'dog'
Global ID = 45 | from: client_26: 'frog'
Global ID = 46 | from: client_27: 'bird'
Global ID = 47 | from: client_27: 'cat'
Global ID = 48 | from: client_27: 'deer'
Global ID = 49 | from: client_27: 'frog'
Global ID = 50 | from: client_27: 'horse'
Global ID = 51 | from: client_27: 'truck'
Global ID = 52 | from: client_28: 'deer'
Global ID = 53 | from: client_28: 'dog'
Global ID = 54 | from: client_28: 'horse'
Global ID = 55 | from: client_29: 'frog'
Global ID = 56 | from: client_29: 'ship'
Global ID = 57 | from: client_30: 'cat'
Global ID = 58 | from: client_30: 'horse'
Global ID = 59 | from: client_31: 'frog'
Global ID = 60 | from: client_31: 'ship'
Global ID = 61 | from: client_11: 'A'
Global ID = 62 | from: client_11: 'E'
Global ID = 63 | from: client_11: 'i'
Global ID = 64 | from: client_11: 'k'
Global ID = 65 | from: client_11: 'x'
Global ID = 66 | from: client_12: 'B'
Global ID = 67 | from: client_12: 'C'
Global ID = 68 | from: client_12: 'F'
Global ID = 69 | from: client_12: 'N'
Global ID = 70 | from: client_12: 'U'
Global ID = 71 | from: client_12: 'Z'
Global ID = 72 | from: client_12: 'b'
Global ID = 73 | from: client_12: 'c'
Global ID = 74 | from: client_12: 'i'
Global ID = 75 | from: client_12: 'j'
Global ID = 76 | from: client_12: 'u'
Global ID = 77 | from: client_12: 'w'
Global ID = 78 | from: client_13: 'F'
Global ID = 79 | from: client_13: 'G'
Global ID = 80 | from: client_13: 'L'
Global ID = 81 | from: client_13: 'V'
Global ID = 82 | from: client_13: 'u'
Global ID = 83 | from: client_14: 'I'
Global ID = 84 | from: client_14: 'm'
Global ID = 85 | from: client_15: 'A'
Global ID = 86 | from: client_15: 'G'
Global ID = 87 | from: client_15: 'I'
Global ID = 88 | from: client_15: 'S'
Global ID = 89 | from: client_15: 'Y'
Global ID = 90 | from: client_15: 't'
Global ID = 91 | from: client_15: 'y'
Global ID = 92 | from: client_16: '0'
Global ID = 93 | from: client_16: '8'
Global ID = 94 | from: client_16: 'C'
Global ID = 95 | from: client_16: 'D'
Global ID = 96 | from: client_16: 'J'
Global ID = 97 | from: client_16: 'K'
Global ID = 98 | from: client_16: 'O'
Global ID = 99 | from: client_16: 'R'
Global ID = 100 | from: client_16: 'S'
Global ID = 101 | from: client_16: 'T'
Global ID = 102 | from: client_16: 'V'
Global ID = 103 | from: client_16: 'Y'
Global ID = 104 | from: client_16: 'Z'
Global ID = 105 | from: client_16: 'e'
Global ID = 106 | from: client_16: 'f'
Global ID = 107 | from: client_16: 'i'
Global ID = 108 | from: client_16: 'k'
Global ID = 109 | from: client_16: 'q'
Global ID = 110 | from: client_16: 'r'
Global ID = 111 | from: client_16: 's'
Global ID = 112 | from: client_17: '9'
Global ID = 113 | from: client_17: 'G'
Global ID = 114 | from: client_18: 'E'
Global ID = 115 | from: client_18: 'K'
Global ID = 116 | from: client_18: 'j'
Global ID = 117 | from: client_18: 'k'
Global ID = 118 | from: client_18: 'r'
Global ID = 119 | from: client_19: 'J'
Global ID = 120 | from: client_19: 'Z'
Global ID = 121 | from: client_19: 't'
Global ID = 122 | from: client_19: 'y'
Global ID = 123 | from: client_19: 'z'
Global ID = 124 | from: client_20: 'A'
Global ID = 125 | from: client_20: 'T'
Global ID = 126 | from: client_20: 'X'
Global ID = 127 | from: client_20: 't'
Global ID = 128 | from: client_20: 'x'
Global ID = 129 | from: client_8: '2'
==================================================


##################################################
Missing Link Threshold = 0.6
##################################################

==================================================
Label Mapping Summary:
Global ID = 0  | from: client_11: 'm', client_13: 'm', client_14: 'M', client_15: 'M', client_19: 'n', client_20: 'M'
Global ID = 3  | from: client_11: '3', client_12: '3', client_13: 's', client_18: '3', client_2: '3', client_20: '3', client_4: '3', client_7: '3'
Global ID = 6  | from: client_0: '2', client_1: '6', client_12: '6', client_14: '6', client_15: 'a', client_16: 'a', client_17: '2', client_18: 'b', client_19: '2', client_20: '2', client_24: 'airplane', client_25: 'bird', client_3: '6', client_30: 'airplane', client_4: '6', client_5: '2', client_7: '6', client_8: '6', client_9: '6'
Global ID = 7  | from: client_1: '5', client_11: 'S', client_12: '5', client_15: '5', client_17: 'S', client_19: '5', client_4: '5', client_6: '5', client_9: '5'
Global ID = 10 | from: client_13: 'E', client_14: 'E'
Global ID = 11 | from: client_13: 'p', client_17: 'P', client_18: 'p', client_20: 'p'
Global ID = 12 | from: client_11: 'I', client_12: 'l', client_13: 'i', client_15: '1', client_16: 'l', client_18: '1', client_19: 'i', client_23: 'cat', client_29: 'cat', client_3: '1', client_5: '1', client_8: '1'
Global ID = 13 | from: client_14: 'Q', client_17: 'Q'
Global ID = 15 | from: client_11: '0', client_12: '0', client_14: '0', client_19: 'O', client_20: 'o', client_8: '0'
Global ID = 16 | from: client_11: 'B', client_15: 'B', client_17: 'B', client_18: 'B'
Global ID = 17 | from: client_14: 'W', client_15: 'w', client_16: 'w', client_17: 'w'
Global ID = 18 | from: client_15: '4', client_17: '4', client_18: '4', client_4: '4', client_6: '4', client_7: '4', client_8: '4'
Global ID = 19 | from: client_11: 'R', client_20: 'R'
Global ID = 20 | from: client_13: 'H', client_15: 'H', client_19: 'H'
Global ID = 21 | from: client_14: 'c', client_15: 'C'
Global ID = 22 | from: client_11: 'T', client_12: 'T', client_14: 'T', client_16: '7', client_17: '7', client_6: '7', client_7: '7', client_8: '7'
Global ID = 23 | from: client_11: 'z', client_15: 'z'
Global ID = 24 | from: client_11: 'D', client_13: 'D', client_14: 'D'
Global ID = 25 | from: client_11: '9', client_12: 'q', client_13: 'q', client_16: '9', client_17: 'g', client_18: 'g', client_2: '9', client_20: 'q', client_31: 'horse', client_5: '9', client_9: '9'
Global ID = 26 | from: client_15: 'd', client_18: 'd'
Global ID = 27 | from: client_14: 'Y', client_18: 'y'
Global ID = 28 | from: client_14: '8', client_4: '8'
Global ID = 29 | from: client_17: 'k', client_20: 'K'
Global ID = 30 | from: client_11: 'n', client_13: 'n'
Global ID = 31 | from: client_14: 'V', client_20: 'v'
Global ID = 32 | from: client_13: 'f', client_18: 'f'
Global ID = 33 | from: client_19: 'L', client_20: 'L'
Global ID = 34 | from: client_11: 'U', client_13: 'U', client_18: 'U'
Global ID = 35 | from: client_13: 'X', client_15: 'X', client_17: 'x'
Global ID = 36 | from: client_22: 'airplane'
Global ID = 37 | from: client_22: 'ship'
Global ID = 38 | from: client_22: 'truck'
Global ID = 39 | from: client_23: 'automobile'
Global ID = 40 | from: client_25: 'dog'
Global ID = 41 | from: client_26: 'airplane'
Global ID = 42 | from: client_26: 'deer'
Global ID = 43 | from: client_26: 'dog'
Global ID = 44 | from: client_26: 'frog'
Global ID = 45 | from: client_27: 'bird'
Global ID = 46 | from: client_27: 'cat'
Global ID = 47 | from: client_27: 'deer'
Global ID = 48 | from: client_27: 'frog'
Global ID = 49 | from: client_27: 'horse'
Global ID = 50 | from: client_27: 'truck'
Global ID = 51 | from: client_28: 'deer'
Global ID = 52 | from: client_28: 'dog'
Global ID = 53 | from: client_28: 'horse'
Global ID = 54 | from: client_29: 'frog'
Global ID = 55 | from: client_29: 'ship'
Global ID = 56 | from: client_30: 'cat'
Global ID = 57 | from: client_30: 'horse'
Global ID = 58 | from: client_31: 'frog'
Global ID = 59 | from: client_31: 'ship'
Global ID = 60 | from: client_11: 'A'
Global ID = 61 | from: client_11: 'E'
Global ID = 62 | from: client_11: 'i'
Global ID = 63 | from: client_11: 'k'
Global ID = 64 | from: client_11: 'x'
Global ID = 65 | from: client_12: 'B'
Global ID = 66 | from: client_12: 'C'
Global ID = 67 | from: client_12: 'F'
Global ID = 68 | from: client_12: 'N'
Global ID = 69 | from: client_12: 'U'
Global ID = 70 | from: client_12: 'W'
Global ID = 71 | from: client_12: 'Z'
Global ID = 72 | from: client_12: 'b'
Global ID = 73 | from: client_12: 'c'
Global ID = 74 | from: client_12: 'i'
Global ID = 75 | from: client_12: 'j'
Global ID = 76 | from: client_12: 'u'
Global ID = 77 | from: client_12: 'w'
Global ID = 78 | from: client_13: 'F'
Global ID = 79 | from: client_13: 'G'
Global ID = 80 | from: client_13: 'L'
Global ID = 81 | from: client_13: 'V'
Global ID = 82 | from: client_13: 'u'
Global ID = 83 | from: client_14: 'I'
Global ID = 84 | from: client_14: 'm'
Global ID = 85 | from: client_15: 'A'
Global ID = 86 | from: client_15: 'F'
Global ID = 87 | from: client_15: 'G'
Global ID = 88 | from: client_15: 'I'
Global ID = 89 | from: client_15: 'N'
Global ID = 90 | from: client_15: 'Q'
Global ID = 91 | from: client_15: 'S'
Global ID = 92 | from: client_15: 'Y'
Global ID = 93 | from: client_15: 't'
Global ID = 94 | from: client_15: 'y'
Global ID = 95 | from: client_16: '0'
Global ID = 96 | from: client_16: '8'
Global ID = 97 | from: client_16: 'C'
Global ID = 98 | from: client_16: 'D'
Global ID = 99 | from: client_16: 'J'
Global ID = 100 | from: client_16: 'K'
Global ID = 101 | from: client_16: 'O'
Global ID = 102 | from: client_16: 'R'
Global ID = 103 | from: client_16: 'S'
Global ID = 104 | from: client_16: 'T'
Global ID = 105 | from: client_16: 'V'
Global ID = 106 | from: client_16: 'Y'
Global ID = 107 | from: client_16: 'Z'
Global ID = 108 | from: client_16: 'e'
Global ID = 109 | from: client_16: 'f'
Global ID = 110 | from: client_16: 'i'
Global ID = 111 | from: client_16: 'k'
Global ID = 112 | from: client_16: 'q'
Global ID = 113 | from: client_16: 'r'
Global ID = 114 | from: client_16: 's'
Global ID = 115 | from: client_17: '9'
Global ID = 116 | from: client_17: 'C'
Global ID = 117 | from: client_17: 'G'
Global ID = 118 | from: client_17: 'h'
Global ID = 119 | from: client_18: 'E'
Global ID = 120 | from: client_18: 'K'
Global ID = 121 | from: client_18: 'e'
Global ID = 122 | from: client_18: 'h'
Global ID = 123 | from: client_18: 'j'
Global ID = 124 | from: client_18: 'k'
Global ID = 125 | from: client_18: 'r'
Global ID = 126 | from: client_18: 'w'
Global ID = 127 | from: client_19: 'J'
Global ID = 128 | from: client_19: 'Z'
Global ID = 129 | from: client_19: 'g'
Global ID = 130 | from: client_19: 'p'
Global ID = 131 | from: client_19: 't'
Global ID = 132 | from: client_19: 'v'
Global ID = 133 | from: client_19: 'y'
Global ID = 134 | from: client_19: 'z'
Global ID = 135 | from: client_20: 'A'
Global ID = 136 | from: client_20: 'T'
Global ID = 137 | from: client_20: 'X'
Global ID = 138 | from: client_20: 't'
Global ID = 139 | from: client_20: 'x'
Global ID = 140 | from: client_8: '2'
==================================================


##################################################
Missing Link Threshold = 0.7
##################################################

==================================================
Label Mapping Summary:
Global ID = 0  | from: client_11: 'm', client_13: 'm', client_14: 'M', client_15: 'M', client_19: 'n', client_20: 'M'
Global ID = 3  | from: client_11: '3', client_12: '3', client_13: 's', client_18: '3', client_2: '3', client_20: '3', client_4: '3', client_7: '3'
Global ID = 6  | from: client_0: '2', client_1: '6', client_12: '6', client_14: '6', client_15: 'a', client_16: 'a', client_17: '2', client_18: 'b', client_19: '2', client_20: '2', client_24: 'airplane', client_25: 'bird', client_3: '6', client_30: 'airplane', client_4: '6', client_5: '2', client_7: '6', client_8: '6', client_9: '6'
Global ID = 7  | from: client_1: '5', client_11: 'S', client_12: '5', client_15: '5', client_17: 'S', client_19: '5', client_4: '5', client_6: '5', client_9: '5'
Global ID = 10 | from: client_13: 'E', client_14: 'E'
Global ID = 11 | from: client_13: 'p', client_17: 'P', client_18: 'p', client_20: 'p'
Global ID = 12 | from: client_11: 'I', client_12: 'l', client_13: 'i', client_15: '1', client_16: 'l', client_18: '1', client_19: 'i', client_23: 'cat', client_29: 'cat', client_3: '1', client_5: '1', client_8: '1'
Global ID = 13 | from: client_14: 'Q', client_17: 'Q'
Global ID = 15 | from: client_11: '0', client_12: '0', client_14: '0', client_19: 'O', client_20: 'o', client_8: '0'
Global ID = 16 | from: client_11: 'B', client_15: 'B', client_17: 'B', client_18: 'B'
Global ID = 17 | from: client_14: 'W', client_15: 'w', client_16: 'w', client_17: 'w'
Global ID = 18 | from: client_15: '4', client_17: '4', client_18: '4', client_4: '4', client_6: '4', client_7: '4', client_8: '4'
Global ID = 19 | from: client_11: 'R', client_20: 'R'
Global ID = 20 | from: client_13: 'H', client_15: 'H', client_19: 'H'
Global ID = 21 | from: client_14: 'c', client_15: 'C'
Global ID = 22 | from: client_11: 'T', client_12: 'T', client_14: 'T', client_16: '7', client_17: '7', client_6: '7', client_7: '7', client_8: '7'
Global ID = 23 | from: client_11: 'z', client_15: 'z'
Global ID = 24 | from: client_11: 'D', client_13: 'D', client_14: 'D'
Global ID = 25 | from: client_11: '9', client_12: 'q', client_13: 'q', client_16: '9', client_17: 'g', client_18: 'g', client_2: '9', client_20: 'q', client_31: 'horse', client_5: '9', client_9: '9'
Global ID = 26 | from: client_15: 'd', client_18: 'd'
Global ID = 27 | from: client_14: 'Y', client_18: 'y'
Global ID = 28 | from: client_14: '8', client_4: '8'
Global ID = 29 | from: client_17: 'k', client_20: 'K'
Global ID = 30 | from: client_11: 'n', client_13: 'n'
Global ID = 31 | from: client_14: 'V', client_20: 'v'
Global ID = 32 | from: client_13: 'f', client_18: 'f'
Global ID = 33 | from: client_19: 'L', client_20: 'L'
Global ID = 34 | from: client_11: 'U', client_13: 'U', client_18: 'U'
Global ID = 35 | from: client_13: 'X', client_15: 'X', client_17: 'x'
Global ID = 36 | from: client_22: 'airplane'
Global ID = 37 | from: client_22: 'ship'
Global ID = 38 | from: client_22: 'truck'
Global ID = 39 | from: client_23: 'automobile'
Global ID = 40 | from: client_25: 'dog'
Global ID = 41 | from: client_26: 'airplane'
Global ID = 42 | from: client_26: 'deer'
Global ID = 43 | from: client_26: 'dog'
Global ID = 44 | from: client_26: 'frog'
Global ID = 45 | from: client_27: 'bird'
Global ID = 46 | from: client_27: 'cat'
Global ID = 47 | from: client_27: 'deer'
Global ID = 48 | from: client_27: 'frog'
Global ID = 49 | from: client_27: 'horse'
Global ID = 50 | from: client_27: 'truck'
Global ID = 51 | from: client_28: 'deer'
Global ID = 52 | from: client_28: 'dog'
Global ID = 53 | from: client_28: 'horse'
Global ID = 54 | from: client_29: 'frog'
Global ID = 55 | from: client_29: 'ship'
Global ID = 56 | from: client_30: 'cat'
Global ID = 57 | from: client_30: 'horse'
Global ID = 58 | from: client_31: 'frog'
Global ID = 59 | from: client_31: 'ship'
Global ID = 60 | from: client_11: 'A'
Global ID = 61 | from: client_11: 'E'
Global ID = 62 | from: client_11: 'i'
Global ID = 63 | from: client_11: 'k'
Global ID = 64 | from: client_11: 'x'
Global ID = 65 | from: client_12: 'B'
Global ID = 66 | from: client_12: 'C'
Global ID = 67 | from: client_12: 'F'
Global ID = 68 | from: client_12: 'N'
Global ID = 69 | from: client_12: 'U'
Global ID = 70 | from: client_12: 'W'
Global ID = 71 | from: client_12: 'Z'
Global ID = 72 | from: client_12: 'b'
Global ID = 73 | from: client_12: 'c'
Global ID = 74 | from: client_12: 'i'
Global ID = 75 | from: client_12: 'j'
Global ID = 76 | from: client_12: 'u'
Global ID = 77 | from: client_12: 'w'
Global ID = 78 | from: client_13: 'F'
Global ID = 79 | from: client_13: 'G'
Global ID = 80 | from: client_13: 'L'
Global ID = 81 | from: client_13: 'V'
Global ID = 82 | from: client_13: 'u'
Global ID = 83 | from: client_14: 'I'
Global ID = 84 | from: client_14: 'm'
Global ID = 85 | from: client_15: 'A'
Global ID = 86 | from: client_15: 'F'
Global ID = 87 | from: client_15: 'G'
Global ID = 88 | from: client_15: 'I'
Global ID = 89 | from: client_15: 'N'
Global ID = 90 | from: client_15: 'Q'
Global ID = 91 | from: client_15: 'S'
Global ID = 92 | from: client_15: 'Y'
Global ID = 93 | from: client_15: 't'
Global ID = 94 | from: client_15: 'y'
Global ID = 95 | from: client_16: '0'
Global ID = 96 | from: client_16: '8'
Global ID = 97 | from: client_16: 'C'
Global ID = 98 | from: client_16: 'D'
Global ID = 99 | from: client_16: 'J'
Global ID = 100 | from: client_16: 'K'
Global ID = 101 | from: client_16: 'O'
Global ID = 102 | from: client_16: 'R'
Global ID = 103 | from: client_16: 'S'
Global ID = 104 | from: client_16: 'T'
Global ID = 105 | from: client_16: 'V'
Global ID = 106 | from: client_16: 'Y'
Global ID = 107 | from: client_16: 'Z'
Global ID = 108 | from: client_16: 'e'
Global ID = 109 | from: client_16: 'f'
Global ID = 110 | from: client_16: 'i'
Global ID = 111 | from: client_16: 'k'
Global ID = 112 | from: client_16: 'q'
Global ID = 113 | from: client_16: 'r'
Global ID = 114 | from: client_16: 's'
Global ID = 115 | from: client_17: '9'
Global ID = 116 | from: client_17: 'C'
Global ID = 117 | from: client_17: 'G'
Global ID = 118 | from: client_17: 'h'
Global ID = 119 | from: client_18: 'E'
Global ID = 120 | from: client_18: 'K'
Global ID = 121 | from: client_18: 'e'
Global ID = 122 | from: client_18: 'h'
Global ID = 123 | from: client_18: 'j'
Global ID = 124 | from: client_18: 'k'
Global ID = 125 | from: client_18: 'r'
Global ID = 126 | from: client_18: 'w'
Global ID = 127 | from: client_19: 'J'
Global ID = 128 | from: client_19: 'Z'
Global ID = 129 | from: client_19: 'g'
Global ID = 130 | from: client_19: 'p'
Global ID = 131 | from: client_19: 't'
Global ID = 132 | from: client_19: 'v'
Global ID = 133 | from: client_19: 'y'
Global ID = 134 | from: client_19: 'z'
Global ID = 135 | from: client_20: 'A'
Global ID = 136 | from: client_20: 'T'
Global ID = 137 | from: client_20: 'X'
Global ID = 138 | from: client_20: 't'
Global ID = 139 | from: client_20: 'x'
Global ID = 140 | from: client_8: '2'
==================================================


##################################################
Missing Link Threshold = 0.8
##################################################

==================================================
Label Mapping Summary:
Global ID = 0  | from: client_11: 'm', client_13: 'm', client_14: 'M', client_15: 'M', client_19: 'n', client_20: 'M'
Global ID = 3  | from: client_11: '3', client_12: '3', client_13: 's', client_18: '3', client_2: '3', client_20: '3', client_4: '3', client_7: '3'
Global ID = 6  | from: client_0: '2', client_1: '6', client_12: '6', client_14: '6', client_15: 'a', client_16: 'a', client_17: '2', client_18: 'b', client_19: '2', client_20: '2', client_24: 'airplane', client_25: 'bird', client_3: '6', client_30: 'airplane', client_4: '6', client_5: '2', client_7: '6', client_8: '6', client_9: '6'
Global ID = 7  | from: client_1: '5', client_11: 'S', client_12: '5', client_15: '5', client_17: 'S', client_19: '5', client_4: '5', client_6: '5', client_9: '5'
Global ID = 10 | from: client_13: 'E', client_14: 'E'
Global ID = 11 | from: client_13: 'p', client_17: 'P', client_18: 'p', client_20: 'p'
Global ID = 12 | from: client_11: 'I', client_12: 'l', client_13: 'i', client_15: '1', client_16: 'l', client_18: '1', client_19: 'i', client_23: 'cat', client_29: 'cat', client_3: '1', client_5: '1', client_8: '1'
Global ID = 13 | from: client_14: 'Q', client_17: 'Q'
Global ID = 15 | from: client_11: '0', client_12: '0', client_14: '0', client_19: 'O', client_20: 'o', client_8: '0'
Global ID = 16 | from: client_11: 'B', client_15: 'B', client_17: 'B', client_18: 'B'
Global ID = 17 | from: client_14: 'W', client_15: 'w', client_16: 'w', client_17: 'w'
Global ID = 18 | from: client_15: '4', client_17: '4', client_18: '4', client_4: '4', client_6: '4', client_7: '4', client_8: '4'
Global ID = 19 | from: client_11: 'R', client_20: 'R'
Global ID = 20 | from: client_13: 'H', client_15: 'H', client_19: 'H'
Global ID = 21 | from: client_14: 'c', client_15: 'C'
Global ID = 22 | from: client_11: 'T', client_12: 'T', client_14: 'T', client_16: '7', client_17: '7', client_6: '7', client_7: '7', client_8: '7'
Global ID = 23 | from: client_11: 'z', client_15: 'z'
Global ID = 24 | from: client_11: 'D', client_13: 'D', client_14: 'D'
Global ID = 25 | from: client_11: '9', client_12: 'q', client_13: 'q', client_16: '9', client_17: 'g', client_18: 'g', client_2: '9', client_20: 'q', client_31: 'horse', client_5: '9', client_9: '9'
Global ID = 26 | from: client_15: 'd', client_18: 'd'
Global ID = 27 | from: client_14: 'Y', client_18: 'y'
Global ID = 28 | from: client_14: '8', client_4: '8'
Global ID = 29 | from: client_17: 'k', client_20: 'K'
Global ID = 30 | from: client_11: 'n', client_13: 'n'
Global ID = 31 | from: client_14: 'V', client_20: 'v'
Global ID = 32 | from: client_13: 'f', client_18: 'f'
Global ID = 33 | from: client_19: 'L', client_20: 'L'
Global ID = 34 | from: client_11: 'U', client_13: 'U', client_18: 'U'
Global ID = 35 | from: client_13: 'X', client_15: 'X', client_17: 'x'
Global ID = 36 | from: client_22: 'airplane'
Global ID = 37 | from: client_22: 'ship'
Global ID = 38 | from: client_22: 'truck'
Global ID = 39 | from: client_23: 'automobile'
Global ID = 40 | from: client_25: 'dog'
Global ID = 41 | from: client_26: 'airplane'
Global ID = 42 | from: client_26: 'deer'
Global ID = 43 | from: client_26: 'dog'
Global ID = 44 | from: client_26: 'frog'
Global ID = 45 | from: client_27: 'bird'
Global ID = 46 | from: client_27: 'cat'
Global ID = 47 | from: client_27: 'deer'
Global ID = 48 | from: client_27: 'frog'
Global ID = 49 | from: client_27: 'horse'
Global ID = 50 | from: client_27: 'truck'
Global ID = 51 | from: client_28: 'deer'
Global ID = 52 | from: client_28: 'dog'
Global ID = 53 | from: client_28: 'horse'
Global ID = 54 | from: client_29: 'frog'
Global ID = 55 | from: client_29: 'ship'
Global ID = 56 | from: client_30: 'cat'
Global ID = 57 | from: client_30: 'horse'
Global ID = 58 | from: client_31: 'frog'
Global ID = 59 | from: client_31: 'ship'
Global ID = 60 | from: client_11: 'A'
Global ID = 61 | from: client_11: 'E'
Global ID = 62 | from: client_11: 'i'
Global ID = 63 | from: client_11: 'k'
Global ID = 64 | from: client_11: 'x'
Global ID = 65 | from: client_12: 'B'
Global ID = 66 | from: client_12: 'C'
Global ID = 67 | from: client_12: 'F'
Global ID = 68 | from: client_12: 'N'
Global ID = 69 | from: client_12: 'U'
Global ID = 70 | from: client_12: 'W'
Global ID = 71 | from: client_12: 'Z'
Global ID = 72 | from: client_12: 'b'
Global ID = 73 | from: client_12: 'c'
Global ID = 74 | from: client_12: 'i'
Global ID = 75 | from: client_12: 'j'
Global ID = 76 | from: client_12: 'u'
Global ID = 77 | from: client_12: 'w'
Global ID = 78 | from: client_13: 'F'
Global ID = 79 | from: client_13: 'G'
Global ID = 80 | from: client_13: 'L'
Global ID = 81 | from: client_13: 'V'
Global ID = 82 | from: client_13: 'u'
Global ID = 83 | from: client_14: 'I'
Global ID = 84 | from: client_14: 'm'
Global ID = 85 | from: client_15: 'A'
Global ID = 86 | from: client_15: 'F'
Global ID = 87 | from: client_15: 'G'
Global ID = 88 | from: client_15: 'I'
Global ID = 89 | from: client_15: 'N'
Global ID = 90 | from: client_15: 'Q'
Global ID = 91 | from: client_15: 'S'
Global ID = 92 | from: client_15: 'Y'
Global ID = 93 | from: client_15: 't'
Global ID = 94 | from: client_15: 'y'
Global ID = 95 | from: client_16: '0'
Global ID = 96 | from: client_16: '8'
Global ID = 97 | from: client_16: 'C'
Global ID = 98 | from: client_16: 'D'
Global ID = 99 | from: client_16: 'J'
Global ID = 100 | from: client_16: 'K'
Global ID = 101 | from: client_16: 'O'
Global ID = 102 | from: client_16: 'R'
Global ID = 103 | from: client_16: 'S'
Global ID = 104 | from: client_16: 'T'
Global ID = 105 | from: client_16: 'V'
Global ID = 106 | from: client_16: 'Y'
Global ID = 107 | from: client_16: 'Z'
Global ID = 108 | from: client_16: 'e'
Global ID = 109 | from: client_16: 'f'
Global ID = 110 | from: client_16: 'i'
Global ID = 111 | from: client_16: 'k'
Global ID = 112 | from: client_16: 'q'
Global ID = 113 | from: client_16: 'r'
Global ID = 114 | from: client_16: 's'
Global ID = 115 | from: client_17: '9'
Global ID = 116 | from: client_17: 'C'
Global ID = 117 | from: client_17: 'G'
Global ID = 118 | from: client_17: 'h'
Global ID = 119 | from: client_18: 'E'
Global ID = 120 | from: client_18: 'K'
Global ID = 121 | from: client_18: 'e'
Global ID = 122 | from: client_18: 'h'
Global ID = 123 | from: client_18: 'j'
Global ID = 124 | from: client_18: 'k'
Global ID = 125 | from: client_18: 'r'
Global ID = 126 | from: client_18: 'w'
Global ID = 127 | from: client_19: 'J'
Global ID = 128 | from: client_19: 'Z'
Global ID = 129 | from: client_19: 'g'
Global ID = 130 | from: client_19: 'p'
Global ID = 131 | from: client_19: 't'
Global ID = 132 | from: client_19: 'v'
Global ID = 133 | from: client_19: 'y'
Global ID = 134 | from: client_19: 'z'
Global ID = 135 | from: client_20: 'A'
Global ID = 136 | from: client_20: 'T'
Global ID = 137 | from: client_20: 'X'
Global ID = 138 | from: client_20: 't'
Global ID = 139 | from: client_20: 'x'
Global ID = 140 | from: client_8: '2'
==================================================


##################################################
Missing Link Threshold = 0.9
##################################################

==================================================
Label Mapping Summary:
Global ID = 0  | from: client_11: 'm', client_13: 'm', client_14: 'M', client_15: 'M', client_19: 'n', client_20: 'M'
Global ID = 3  | from: client_11: '3', client_12: '3', client_13: 's', client_18: '3', client_2: '3', client_20: '3', client_4: '3', client_7: '3'
Global ID = 6  | from: client_0: '2', client_1: '6', client_12: '6', client_14: '6', client_15: 'a', client_16: 'a', client_17: '2', client_18: 'b', client_19: '2', client_20: '2', client_24: 'airplane', client_25: 'bird', client_3: '6', client_30: 'airplane', client_4: '6', client_5: '2', client_7: '6', client_8: '6', client_9: '6'
Global ID = 7  | from: client_1: '5', client_11: 'S', client_12: '5', client_15: '5', client_17: 'S', client_19: '5', client_4: '5', client_6: '5', client_9: '5'
Global ID = 10 | from: client_13: 'E', client_14: 'E'
Global ID = 11 | from: client_13: 'p', client_17: 'P', client_18: 'p', client_20: 'p'
Global ID = 12 | from: client_11: 'I', client_12: 'l', client_13: 'i', client_15: '1', client_16: 'l', client_18: '1', client_19: 'i', client_23: 'cat', client_29: 'cat', client_3: '1', client_5: '1', client_8: '1'
Global ID = 13 | from: client_14: 'Q', client_17: 'Q'
Global ID = 15 | from: client_11: '0', client_12: '0', client_14: '0', client_19: 'O', client_20: 'o', client_8: '0'
Global ID = 16 | from: client_11: 'B', client_15: 'B', client_17: 'B', client_18: 'B'
Global ID = 17 | from: client_14: 'W', client_15: 'w', client_16: 'w', client_17: 'w'
Global ID = 18 | from: client_15: '4', client_17: '4', client_18: '4', client_4: '4', client_6: '4', client_7: '4', client_8: '4'
Global ID = 19 | from: client_11: 'R', client_20: 'R'
Global ID = 20 | from: client_13: 'H', client_15: 'H', client_19: 'H'
Global ID = 21 | from: client_14: 'c', client_15: 'C'
Global ID = 22 | from: client_11: 'T', client_12: 'T', client_14: 'T', client_16: '7', client_17: '7', client_6: '7', client_7: '7', client_8: '7'
Global ID = 23 | from: client_11: 'z', client_15: 'z'
Global ID = 24 | from: client_11: 'D', client_13: 'D', client_14: 'D'
Global ID = 25 | from: client_11: '9', client_12: 'q', client_13: 'q', client_16: '9', client_17: 'g', client_18: 'g', client_2: '9', client_20: 'q', client_31: 'horse', client_5: '9', client_9: '9'
Global ID = 26 | from: client_15: 'd', client_18: 'd'
Global ID = 27 | from: client_14: 'Y', client_18: 'y'
Global ID = 28 | from: client_14: '8', client_4: '8'
Global ID = 29 | from: client_17: 'k', client_20: 'K'
Global ID = 30 | from: client_11: 'n', client_13: 'n'
Global ID = 31 | from: client_14: 'V', client_20: 'v'
Global ID = 32 | from: client_13: 'f', client_18: 'f'
Global ID = 33 | from: client_19: 'L', client_20: 'L'
Global ID = 34 | from: client_11: 'U', client_13: 'U', client_18: 'U'
Global ID = 35 | from: client_13: 'X', client_15: 'X', client_17: 'x'
Global ID = 36 | from: client_22: 'airplane'
Global ID = 37 | from: client_22: 'ship'
Global ID = 38 | from: client_22: 'truck'
Global ID = 39 | from: client_23: 'automobile'
Global ID = 40 | from: client_25: 'dog'
Global ID = 41 | from: client_26: 'airplane'
Global ID = 42 | from: client_26: 'deer'
Global ID = 43 | from: client_26: 'dog'
Global ID = 44 | from: client_26: 'frog'
Global ID = 45 | from: client_27: 'bird'
Global ID = 46 | from: client_27: 'cat'
Global ID = 47 | from: client_27: 'deer'
Global ID = 48 | from: client_27: 'frog'
Global ID = 49 | from: client_27: 'horse'
Global ID = 50 | from: client_27: 'truck'
Global ID = 51 | from: client_28: 'deer'
Global ID = 52 | from: client_28: 'dog'
Global ID = 53 | from: client_28: 'horse'
Global ID = 54 | from: client_29: 'frog'
Global ID = 55 | from: client_29: 'ship'
Global ID = 56 | from: client_30: 'cat'
Global ID = 57 | from: client_30: 'horse'
Global ID = 58 | from: client_31: 'frog'
Global ID = 59 | from: client_31: 'ship'
Global ID = 60 | from: client_11: 'A'
Global ID = 61 | from: client_11: 'E'
Global ID = 62 | from: client_11: 'i'
Global ID = 63 | from: client_11: 'k'
Global ID = 64 | from: client_11: 'x'
Global ID = 65 | from: client_12: 'B'
Global ID = 66 | from: client_12: 'C'
Global ID = 67 | from: client_12: 'F'
Global ID = 68 | from: client_12: 'N'
Global ID = 69 | from: client_12: 'U'
Global ID = 70 | from: client_12: 'W'
Global ID = 71 | from: client_12: 'Z'
Global ID = 72 | from: client_12: 'b'
Global ID = 73 | from: client_12: 'c'
Global ID = 74 | from: client_12: 'i'
Global ID = 75 | from: client_12: 'j'
Global ID = 76 | from: client_12: 'u'
Global ID = 77 | from: client_12: 'w'
Global ID = 78 | from: client_13: 'F'
Global ID = 79 | from: client_13: 'G'
Global ID = 80 | from: client_13: 'L'
Global ID = 81 | from: client_13: 'V'
Global ID = 82 | from: client_13: 'u'
Global ID = 83 | from: client_14: 'I'
Global ID = 84 | from: client_14: 'm'
Global ID = 85 | from: client_15: 'A'
Global ID = 86 | from: client_15: 'F'
Global ID = 87 | from: client_15: 'G'
Global ID = 88 | from: client_15: 'I'
Global ID = 89 | from: client_15: 'N'
Global ID = 90 | from: client_15: 'Q'
Global ID = 91 | from: client_15: 'S'
Global ID = 92 | from: client_15: 'Y'
Global ID = 93 | from: client_15: 't'
Global ID = 94 | from: client_15: 'y'
Global ID = 95 | from: client_16: '0'
Global ID = 96 | from: client_16: '8'
Global ID = 97 | from: client_16: 'C'
Global ID = 98 | from: client_16: 'D'
Global ID = 99 | from: client_16: 'J'
Global ID = 100 | from: client_16: 'K'
Global ID = 101 | from: client_16: 'O'
Global ID = 102 | from: client_16: 'R'
Global ID = 103 | from: client_16: 'S'
Global ID = 104 | from: client_16: 'T'
Global ID = 105 | from: client_16: 'V'
Global ID = 106 | from: client_16: 'Y'
Global ID = 107 | from: client_16: 'Z'
Global ID = 108 | from: client_16: 'e'
Global ID = 109 | from: client_16: 'f'
Global ID = 110 | from: client_16: 'i'
Global ID = 111 | from: client_16: 'k'
Global ID = 112 | from: client_16: 'q'
Global ID = 113 | from: client_16: 'r'
Global ID = 114 | from: client_16: 's'
Global ID = 115 | from: client_17: '9'
Global ID = 116 | from: client_17: 'C'
Global ID = 117 | from: client_17: 'G'
Global ID = 118 | from: client_17: 'h'
Global ID = 119 | from: client_18: 'E'
Global ID = 120 | from: client_18: 'K'
Global ID = 121 | from: client_18: 'e'
Global ID = 122 | from: client_18: 'h'
Global ID = 123 | from: client_18: 'j'
Global ID = 124 | from: client_18: 'k'
Global ID = 125 | from: client_18: 'r'
Global ID = 126 | from: client_18: 'w'
Global ID = 127 | from: client_19: 'J'
Global ID = 128 | from: client_19: 'Z'
Global ID = 129 | from: client_19: 'g'
Global ID = 130 | from: client_19: 'p'
Global ID = 131 | from: client_19: 't'
Global ID = 132 | from: client_19: 'v'
Global ID = 133 | from: client_19: 'y'
Global ID = 134 | from: client_19: 'z'
Global ID = 135 | from: client_20: 'A'
Global ID = 136 | from: client_20: 'T'
Global ID = 137 | from: client_20: 'X'
Global ID = 138 | from: client_20: 't'
Global ID = 139 | from: client_20: 'x'
Global ID = 140 | from: client_8: '2'
==================================================


##################################################
Missing Link Threshold = 1.0
##################################################

==================================================
Label Mapping Summary:
Global ID = 0  | from: client_13: 'm', client_20: 'M'
Global ID = 1  | from: client_14: '6', client_7: '6'
Global ID = 2  | from: client_17: 'g', client_18: 'g'
Global ID = 3  | from: client_18: '3', client_7: '3'
Global ID = 4  | from: client_6: '7', client_7: '7'
Global ID = 5  | from: client_22: 'airplane'
Global ID = 6  | from: client_22: 'ship'
Global ID = 7  | from: client_22: 'truck'
Global ID = 8  | from: client_23: 'automobile'
Global ID = 9  | from: client_23: 'cat'
Global ID = 10 | from: client_24: 'airplane'
Global ID = 11 | from: client_25: 'bird'
Global ID = 12 | from: client_25: 'dog'
Global ID = 13 | from: client_26: 'airplane'
Global ID = 14 | from: client_26: 'deer'
Global ID = 15 | from: client_26: 'dog'
Global ID = 16 | from: client_26: 'frog'
Global ID = 17 | from: client_27: 'bird'
Global ID = 18 | from: client_27: 'cat'
Global ID = 19 | from: client_27: 'deer'
Global ID = 20 | from: client_27: 'frog'
Global ID = 21 | from: client_27: 'horse'
Global ID = 22 | from: client_27: 'truck'
Global ID = 23 | from: client_28: 'deer'
Global ID = 24 | from: client_28: 'dog'
Global ID = 25 | from: client_28: 'horse'
Global ID = 26 | from: client_29: 'cat'
Global ID = 27 | from: client_29: 'frog'
Global ID = 28 | from: client_29: 'ship'
Global ID = 29 | from: client_30: 'airplane'
Global ID = 30 | from: client_30: 'cat'
Global ID = 31 | from: client_30: 'horse'
Global ID = 32 | from: client_31: 'frog'
Global ID = 33 | from: client_31: 'horse'
Global ID = 34 | from: client_31: 'ship'
Global ID = 35 | from: client_11: '0'
Global ID = 36 | from: client_11: '3'
Global ID = 37 | from: client_11: '9'
Global ID = 38 | from: client_11: 'A'
Global ID = 39 | from: client_11: 'B'
Global ID = 40 | from: client_11: 'D'
Global ID = 41 | from: client_11: 'E'
Global ID = 42 | from: client_11: 'I'
Global ID = 43 | from: client_11: 'R'
Global ID = 44 | from: client_11: 'S'
Global ID = 45 | from: client_11: 'T'
Global ID = 46 | from: client_11: 'U'
Global ID = 47 | from: client_11: 'i'
Global ID = 48 | from: client_11: 'k'
Global ID = 49 | from: client_11: 'm'
Global ID = 50 | from: client_11: 'n'
Global ID = 51 | from: client_11: 'x'
Global ID = 52 | from: client_11: 'z'
Global ID = 53 | from: client_12: '0'
Global ID = 54 | from: client_12: '3'
Global ID = 55 | from: client_12: '5'
Global ID = 56 | from: client_12: '6'
Global ID = 57 | from: client_12: 'B'
Global ID = 58 | from: client_12: 'C'
Global ID = 59 | from: client_12: 'F'
Global ID = 60 | from: client_12: 'N'
Global ID = 61 | from: client_12: 'T'
Global ID = 62 | from: client_12: 'U'
Global ID = 63 | from: client_12: 'W'
Global ID = 64 | from: client_12: 'Z'
Global ID = 65 | from: client_12: 'b'
Global ID = 66 | from: client_12: 'c'
Global ID = 67 | from: client_12: 'i'
Global ID = 68 | from: client_12: 'j'
Global ID = 69 | from: client_12: 'l'
Global ID = 70 | from: client_12: 'q'
Global ID = 71 | from: client_12: 'u'
Global ID = 72 | from: client_12: 'w'
Global ID = 73 | from: client_13: 'D'
Global ID = 74 | from: client_13: 'E'
Global ID = 75 | from: client_13: 'F'
Global ID = 76 | from: client_13: 'G'
Global ID = 77 | from: client_13: 'H'
Global ID = 78 | from: client_13: 'L'
Global ID = 79 | from: client_13: 'U'
Global ID = 80 | from: client_13: 'V'
Global ID = 81 | from: client_13: 'X'
Global ID = 82 | from: client_13: 'f'
Global ID = 83 | from: client_13: 'i'
Global ID = 84 | from: client_13: 'n'
Global ID = 85 | from: client_13: 'p'
Global ID = 86 | from: client_13: 'q'
Global ID = 87 | from: client_13: 's'
Global ID = 88 | from: client_13: 'u'
Global ID = 89 | from: client_14: '0'
Global ID = 90 | from: client_14: '8'
Global ID = 91 | from: client_14: 'D'
Global ID = 92 | from: client_14: 'E'
Global ID = 93 | from: client_14: 'I'
Global ID = 94 | from: client_14: 'M'
Global ID = 95 | from: client_14: 'Q'
Global ID = 96 | from: client_14: 'T'
Global ID = 97 | from: client_14: 'V'
Global ID = 98 | from: client_14: 'W'
Global ID = 99 | from: client_14: 'Y'
Global ID = 100 | from: client_14: 'c'
Global ID = 101 | from: client_14: 'm'
Global ID = 102 | from: client_15: '1'
Global ID = 103 | from: client_15: '4'
Global ID = 104 | from: client_15: '5'
Global ID = 105 | from: client_15: 'A'
Global ID = 106 | from: client_15: 'B'
Global ID = 107 | from: client_15: 'C'
Global ID = 108 | from: client_15: 'F'
Global ID = 109 | from: client_15: 'G'
Global ID = 110 | from: client_15: 'H'
Global ID = 111 | from: client_15: 'I'
Global ID = 112 | from: client_15: 'M'
Global ID = 113 | from: client_15: 'N'
Global ID = 114 | from: client_15: 'Q'
Global ID = 115 | from: client_15: 'S'
Global ID = 116 | from: client_15: 'X'
Global ID = 117 | from: client_15: 'Y'
Global ID = 118 | from: client_15: 'a'
Global ID = 119 | from: client_15: 'd'
Global ID = 120 | from: client_15: 't'
Global ID = 121 | from: client_15: 'w'
Global ID = 122 | from: client_15: 'y'
Global ID = 123 | from: client_15: 'z'
Global ID = 124 | from: client_16: '0'
Global ID = 125 | from: client_16: '7'
Global ID = 126 | from: client_16: '8'
Global ID = 127 | from: client_16: '9'
Global ID = 128 | from: client_16: 'C'
Global ID = 129 | from: client_16: 'D'
Global ID = 130 | from: client_16: 'J'
Global ID = 131 | from: client_16: 'K'
Global ID = 132 | from: client_16: 'O'
Global ID = 133 | from: client_16: 'R'
Global ID = 134 | from: client_16: 'S'
Global ID = 135 | from: client_16: 'T'
Global ID = 136 | from: client_16: 'V'
Global ID = 137 | from: client_16: 'Y'
Global ID = 138 | from: client_16: 'Z'
Global ID = 139 | from: client_16: 'a'
Global ID = 140 | from: client_16: 'e'
Global ID = 141 | from: client_16: 'f'
Global ID = 142 | from: client_16: 'i'
Global ID = 143 | from: client_16: 'k'
Global ID = 144 | from: client_16: 'l'
Global ID = 145 | from: client_16: 'q'
Global ID = 146 | from: client_16: 'r'
Global ID = 147 | from: client_16: 's'
Global ID = 148 | from: client_16: 'w'
Global ID = 149 | from: client_17: '2'
Global ID = 150 | from: client_17: '4'
Global ID = 151 | from: client_17: '7'
Global ID = 152 | from: client_17: '9'
Global ID = 153 | from: client_17: 'B'
Global ID = 154 | from: client_17: 'C'
Global ID = 155 | from: client_17: 'G'
Global ID = 156 | from: client_17: 'P'
Global ID = 157 | from: client_17: 'Q'
Global ID = 158 | from: client_17: 'S'
Global ID = 159 | from: client_17: 'h'
Global ID = 160 | from: client_17: 'k'
Global ID = 161 | from: client_17: 'w'
Global ID = 162 | from: client_17: 'x'
Global ID = 163 | from: client_18: '1'
Global ID = 164 | from: client_18: '4'
Global ID = 165 | from: client_18: 'B'
Global ID = 166 | from: client_18: 'E'
Global ID = 167 | from: client_18: 'K'
Global ID = 168 | from: client_18: 'U'
Global ID = 169 | from: client_18: 'b'
Global ID = 170 | from: client_18: 'd'
Global ID = 171 | from: client_18: 'e'
Global ID = 172 | from: client_18: 'f'
Global ID = 173 | from: client_18: 'h'
Global ID = 174 | from: client_18: 'j'
Global ID = 175 | from: client_18: 'k'
Global ID = 176 | from: client_18: 'p'
Global ID = 177 | from: client_18: 'r'
Global ID = 178 | from: client_18: 'w'
Global ID = 179 | from: client_18: 'y'
Global ID = 180 | from: client_19: '2'
Global ID = 181 | from: client_19: '5'
Global ID = 182 | from: client_19: 'H'
Global ID = 183 | from: client_19: 'J'
Global ID = 184 | from: client_19: 'L'
Global ID = 185 | from: client_19: 'O'
Global ID = 186 | from: client_19: 'Z'
Global ID = 187 | from: client_19: 'g'
Global ID = 188 | from: client_19: 'i'
Global ID = 189 | from: client_19: 'n'
Global ID = 190 | from: client_19: 'p'
Global ID = 191 | from: client_19: 't'
Global ID = 192 | from: client_19: 'v'
Global ID = 193 | from: client_19: 'y'
Global ID = 194 | from: client_19: 'z'
Global ID = 195 | from: client_20: '2'
Global ID = 196 | from: client_20: '3'
Global ID = 197 | from: client_20: 'A'
Global ID = 198 | from: client_20: 'K'
Global ID = 199 | from: client_20: 'L'
Global ID = 200 | from: client_20: 'R'
Global ID = 201 | from: client_20: 'T'
Global ID = 202 | from: client_20: 'X'
Global ID = 203 | from: client_20: 'o'
Global ID = 204 | from: client_20: 'p'
Global ID = 205 | from: client_20: 'q'
Global ID = 206 | from: client_20: 't'
Global ID = 207 | from: client_20: 'v'
Global ID = 208 | from: client_20: 'x'
Global ID = 209 | from: client_0: '2'
Global ID = 210 | from: client_1: '5'
Global ID = 211 | from: client_1: '6'
Global ID = 212 | from: client_2: '3'
Global ID = 213 | from: client_2: '9'
Global ID = 214 | from: client_3: '1'
Global ID = 215 | from: client_3: '6'
Global ID = 216 | from: client_4: '3'
Global ID = 217 | from: client_4: '4'
Global ID = 218 | from: client_4: '5'
Global ID = 219 | from: client_4: '6'
Global ID = 220 | from: client_4: '8'
Global ID = 221 | from: client_5: '1'
Global ID = 222 | from: client_5: '2'
Global ID = 223 | from: client_5: '9'
Global ID = 224 | from: client_6: '4'
Global ID = 225 | from: client_6: '5'
Global ID = 226 | from: client_7: '4'
Global ID = 227 | from: client_8: '0'
Global ID = 228 | from: client_8: '1'
Global ID = 229 | from: client_8: '2'
Global ID = 230 | from: client_8: '4'
Global ID = 231 | from: client_8: '6'
Global ID = 232 | from: client_8: '7'
Global ID = 233 | from: client_9: '5'
Global ID = 234 | from: client_9: '6'
Global ID = 235 | from: client_9: '9'
==================================================

