Time: 2026-05-13 20:34:21
Log Dir: logs/2026-05-13_20-34-21/Ours
================================================================================

==============================        Args        ==============================
  exp_timestamp: None
  exp_conf: ./configs/het-iid-exp.yaml
  device: cuda:1
  seed: 15698
  algorithm: Ours
  num_new_clients: 1
  num_train_mnist: 10
  num_train_emnist: 10
  num_train_fashionmnist: 0
  num_train_cifar10: 10
  num_train_cifar100: 0
  num_train_usps: 0
================================================================================
==============================    Exp Configs     ==============================
exp_name: model-heterogeneity
heterogeneous: true
dirichlet_alpha: 100
global_rounds: 30
local_epochs: 1
local_loss_fn: CrossEntropyLoss
local_optim: Adam
local_lr: 0.001
batch_size: 64
sample_frac: 1.0
test_interval: 1
metric_type: accuracy
global_feature_dim: 256
optim: Adam
optim_lr: 0.001
global_gen_epochs: 10
gen_noise_dim: 128
gen_optim: Adam
gen_optim_lr: 0.001
global_feat_gen_epochs: 10
feat_gen_noise_dim: 128
feat_gen_optim: Adam
feat_gen_optim_lr: 0.001
feat_gen_div_beta: 1.0
public_data_ratio: 0.05
start_mapping_epoch: 1
gen_observer_weight: 0.0
index_matching: class_name
aggregate_method: dataset_name
use_new_entropy_method: true
entropy_ratio: 0.85
global_model_epochs: 5
global_model_optim: Adam
global_model_optim_lr: 0.0001
global_samples_per_class: 64
div_beta: 1.0

================================================================================

==================================================
Start 30 rounds training by Ours
Selected client ids: [0, 1, 2, 3, 4, 5, 6, 7, 8, 9, 10, 11, 12, 13, 14, 15, 16, 17, 18, 19, 20, 21, 22, 23, 24, 25, 26, 27, 28, 29]
--- Round 1 ---
Round 1 | Client 0 | Model: (MLP) | Acc: 83.86%
Round 1 | Client 1 | Model: (CNN) | Acc: 50.50%
Round 1 | Client 2 | Model: (ResNet8) | Acc: 82.11%
Round 1 | Client 3 | Model: (ResNet18) | Acc: 83.14%
Round 1 | Client 4 | Model: (MobileNetV2) | Acc: 54.39%
Round 1 | Client 5 | Model: (MobileNetV3) | Acc: 47.16%
Round 1 | Client 6 | Model: (LeNet) | Acc: 81.29%
Round 1 | Client 7 | Model: (AlexNet) | Acc: 86.32%
Round 1 | Client 8 | Model: (ShuffleNet) | Acc: 62.58%
Round 1 | Client 9 | Model: (SqueezeNet) | Acc: 51.58%
Round 1 | Client 11 | Model: (MLP) | Acc: 74.61%
Round 1 | Client 12 | Model: (CNN) | Acc: 74.77%
Round 1 | Client 13 | Model: (ResNet8) | Acc: 78.00%
Round 1 | Client 14 | Model: (ResNet18) | Acc: 81.02%
Round 1 | Client 15 | Model: (MobileNetV2) | Acc: 74.55%
Round 1 | Client 16 | Model: (MobileNetV3) | Acc: 32.23%
Round 1 | Client 17 | Model: (LeNet) | Acc: 77.22%
Round 1 | Client 18 | Model: (AlexNet) | Acc: 80.53%
Round 1 | Client 19 | Model: (ShuffleNet) | Acc: 70.96%
Round 1 | Client 20 | Model: (SqueezeNet) | Acc: 70.01%
Round 1 | Client 22 | Model: (MLP) | Acc: 30.22%
Round 1 | Client 23 | Model: (CNN) | Acc: 33.08%
Round 1 | Client 24 | Model: (ResNet8) | Acc: 32.23%
Round 1 | Client 25 | Model: (ResNet18) | Acc: 29.19%
Round 1 | Client 26 | Model: (MobileNetV2) | Acc: 15.95%
Round 1 | Client 27 | Model: (MobileNetV3) | Acc: 33.58%
Round 1 | Client 28 | Model: (LeNet) | Acc: 27.94%
Round 1 | Client 29 | Model: (AlexNet) | Acc: 26.59%
Round 1 | Client 30 | Model: (ShuffleNet) | Acc: 20.94%
Round 1 | Client 31 | Model: (SqueezeNet) | Acc: 14.72%
[Server] Aggregating by Dataset Name ...
[Server] Performing Name-Based Label Mapping...
[Server] Name-based mapping completed. Found 72 unique global classes.

=========================================================================================================
Global ID  | Class Name           | Mapped Datasets (Local ID)
---------------------------------------------------------------------------------------------------------
0          | 0                    | MNIST(0), EMNIST(0)
1          | 1                    | MNIST(1), EMNIST(1)
2          | 2                    | MNIST(2), EMNIST(2)
3          | 3                    | MNIST(3), EMNIST(3)
4          | 4                    | MNIST(4), EMNIST(4)
5          | 5                    | MNIST(5), EMNIST(5)
6          | 6                    | MNIST(6), EMNIST(6)
7          | 7                    | MNIST(7), EMNIST(7)
8          | 8                    | MNIST(8), EMNIST(8)
9          | 9                    | MNIST(9), EMNIST(9)
10         | A                    | EMNIST(10)
11         | B                    | EMNIST(11)
12         | C                    | EMNIST(12)
13         | D                    | EMNIST(13)
14         | E                    | EMNIST(14)
15         | F                    | EMNIST(15)
16         | G                    | EMNIST(16)
17         | H                    | EMNIST(17)
18         | I                    | EMNIST(18)
19         | J                    | EMNIST(19)
20         | K                    | EMNIST(20)
21         | L                    | EMNIST(21)
22         | M                    | EMNIST(22)
23         | N                    | EMNIST(23)
24         | O                    | EMNIST(24)
25         | P                    | EMNIST(25)
26         | Q                    | EMNIST(26)
27         | R                    | EMNIST(27)
28         | S                    | EMNIST(28)
29         | T                    | EMNIST(29)
30         | U                    | EMNIST(30)
31         | V                    | EMNIST(31)
32         | W                    | EMNIST(32)
33         | X                    | EMNIST(33)
34         | Y                    | EMNIST(34)
35         | Z                    | EMNIST(35)
36         | a                    | EMNIST(36)
37         | airplane             | CIFAR10(0)
38         | automobile           | CIFAR10(1)
39         | b                    | EMNIST(37)
40         | bird                 | CIFAR10(2)
41         | c                    | EMNIST(38)
42         | cat                  | CIFAR10(3)
43         | d                    | EMNIST(39)
44         | deer                 | CIFAR10(4)
45         | dog                  | CIFAR10(5)
46         | e                    | EMNIST(40)
47         | f                    | EMNIST(41)
48         | frog                 | CIFAR10(6)
49         | g                    | EMNIST(42)
50         | h                    | EMNIST(43)
51         | horse                | CIFAR10(7)
52         | i                    | EMNIST(44)
53         | j                    | EMNIST(45)
54         | k                    | EMNIST(46)
55         | l                    | EMNIST(47)
56         | m                    | EMNIST(48)
57         | n                    | EMNIST(49)
58         | o                    | EMNIST(50)
59         | p                    | EMNIST(51)
60         | q                    | EMNIST(52)
61         | r                    | EMNIST(53)
62         | s                    | EMNIST(54)
63         | ship                 | CIFAR10(8)
64         | t                    | EMNIST(55)
65         | truck                | CIFAR10(9)
66         | u                    | EMNIST(56)
67         | v                    | EMNIST(57)
68         | w                    | EMNIST(58)
69         | x                    | EMNIST(59)
70         | y                    | EMNIST(60)
71         | z                    | EMNIST(61)
=========================================================================================================

[Server] Training Image-Based Global Generator...
  Epoch 1/10 | Loss: 14.8171
  Epoch 2/10 | Loss: 12.5099
  Epoch 3/10 | Loss: 9.8151
  Epoch 4/10 | Loss: 11.6528
  Epoch 5/10 | Loss: 9.6709
  Epoch 6/10 | Loss: 9.4855
  Epoch 7/10 | Loss: 8.2651
  Epoch 8/10 | Loss: 8.0863
  Epoch 9/10 | Loss: 8.4006
  Epoch 10/10 | Loss: 8.1552
[Server] Image-Based Global Generator training finished.
[Server] Training Final Global Inference Model ...
Detected 72 global classes: [0, 1, 2, 3, 4, 5, 6, 7, 8, 9, 10, 11, 12, 13, 14, 15, 16, 17, 18, 19, 20, 21, 22, 23, 24, 25, 26, 27, 28, 29, 30, 31, 32, 33, 34, 35, 36, 37, 38, 39, 40, 41, 42, 43, 44, 45, 46, 47, 48, 49, 50, 51, 52, 53, 54, 55, 56, 57, 58, 59, 60, 61, 62, 63, 64, 65, 66, 67, 68, 69, 70, 71]
Initializing Global Inference Model with 72 classes...
Epoch 0 Loss: 8.5547
Epoch 1 Loss: 8.5144
Epoch 2 Loss: 8.5979
Epoch 3 Loss: 8.4354
Epoch 4 Loss: 8.5561
[Server] Global Inference Model Acc (MNIST) (Round 1): 0.71% (Tested on 9095 samples)
[Server] Global Inference Model Acc (EMNIST) (Round 1): 1.46% (Tested on 105779 samples)
[Server] Global Inference Model Acc (CIFAR10) (Round 1): 0.05% (Tested on 9100 samples)
[Server] Global Inference Model Acc (Mix) (Round 1): 1.30% (Tested on 123974 samples)
Selected client ids: [0, 1, 2, 3, 4, 5, 6, 7, 8, 9, 10, 11, 12, 13, 14, 15, 16, 17, 18, 19, 20, 21, 22, 23, 24, 25, 26, 27, 28, 29]
--- Round 2 ---
Round 2 | Client 0 | Model: (MLP) | Acc: 88.00%
Round 2 | Client 1 | Model: (CNN) | Acc: 83.39%
Round 2 | Client 2 | Model: (ResNet8) | Acc: 81.31%
Round 2 | Client 3 | Model: (ResNet18) | Acc: 95.93%
Round 2 | Client 4 | Model: (MobileNetV2) | Acc: 82.44%
Round 2 | Client 5 | Model: (MobileNetV3) | Acc: 54.85%
Round 2 | Client 6 | Model: (LeNet) | Acc: 90.92%
Round 2 | Client 7 | Model: (AlexNet) | Acc: 93.79%
Round 2 | Client 8 | Model: (ShuffleNet) | Acc: 73.27%
Round 2 | Client 9 | Model: (SqueezeNet) | Acc: 77.49%
Round 2 | Client 11 | Model: (MLP) | Acc: 76.41%
Round 2 | Client 12 | Model: (CNN) | Acc: 77.58%
Round 2 | Client 13 | Model: (ResNet8) | Acc: 82.54%
Round 2 | Client 14 | Model: (ResNet18) | Acc: 83.66%
Round 2 | Client 15 | Model: (MobileNetV2) | Acc: 77.36%
Round 2 | Client 16 | Model: (MobileNetV3) | Acc: 64.12%
Round 2 | Client 17 | Model: (LeNet) | Acc: 81.20%
Round 2 | Client 18 | Model: (AlexNet) | Acc: 83.89%
Round 2 | Client 19 | Model: (ShuffleNet) | Acc: 76.19%
Round 2 | Client 20 | Model: (SqueezeNet) | Acc: 73.72%
Round 2 | Client 22 | Model: (MLP) | Acc: 37.29%
Round 2 | Client 23 | Model: (CNN) | Acc: 38.79%
Round 2 | Client 24 | Model: (ResNet8) | Acc: 37.79%
Round 2 | Client 25 | Model: (ResNet18) | Acc: 31.30%
Round 2 | Client 26 | Model: (MobileNetV2) | Acc: 28.12%
Round 2 | Client 27 | Model: (MobileNetV3) | Acc: 36.05%
Round 2 | Client 28 | Model: (LeNet) | Acc: 36.08%
Round 2 | Client 29 | Model: (AlexNet) | Acc: 34.92%
Round 2 | Client 30 | Model: (ShuffleNet) | Acc: 23.36%
Round 2 | Client 31 | Model: (SqueezeNet) | Acc: 19.89%
[Server] Aggregating by Dataset Name ...
[Server] Training Image-Based Global Generator...
  Epoch 1/10 | Loss: 9.6205
  Epoch 2/10 | Loss: 9.8145
  Epoch 3/10 | Loss: 9.6157
  Epoch 4/10 | Loss: 9.8495
  Epoch 5/10 | Loss: 9.6777
  Epoch 6/10 | Loss: 8.8662
  Epoch 7/10 | Loss: 8.1943
  Epoch 8/10 | Loss: 8.0784
  Epoch 9/10 | Loss: 7.4434
  Epoch 10/10 | Loss: 7.9797
[Server] Image-Based Global Generator training finished.
[Server] Training Final Global Inference Model ...
Detected 72 global classes: [0, 1, 2, 3, 4, 5, 6, 7, 8, 9, 10, 11, 12, 13, 14, 15, 16, 17, 18, 19, 20, 21, 22, 23, 24, 25, 26, 27, 28, 29, 30, 31, 32, 33, 34, 35, 36, 37, 38, 39, 40, 41, 42, 43, 44, 45, 46, 47, 48, 49, 50, 51, 52, 53, 54, 55, 56, 57, 58, 59, 60, 61, 62, 63, 64, 65, 66, 67, 68, 69, 70, 71]
Epoch 0 Loss: 8.5051
Epoch 1 Loss: 8.5162
Epoch 2 Loss: 8.4609
Epoch 3 Loss: 8.4748
Epoch 4 Loss: 8.5032
[Server] Global Inference Model Acc (MNIST) (Round 2): 7.44% (Tested on 9095 samples)
[Server] Global Inference Model Acc (EMNIST) (Round 2): 4.88% (Tested on 105779 samples)
[Server] Global Inference Model Acc (CIFAR10) (Round 2): 0.00% (Tested on 9100 samples)
[Server] Global Inference Model Acc (Mix) (Round 2): 4.71% (Tested on 123974 samples)
Selected client ids: [0, 1, 2, 3, 4, 5, 6, 7, 8, 9, 10, 11, 12, 13, 14, 15, 16, 17, 18, 19, 20, 21, 22, 23, 24, 25, 26, 27, 28, 29]
--- Round 3 ---
Round 3 | Client 0 | Model: (MLP) | Acc: 90.51%
Round 3 | Client 1 | Model: (CNN) | Acc: 71.32%
Round 3 | Client 2 | Model: (ResNet8) | Acc: 91.17%
Round 3 | Client 3 | Model: (ResNet18) | Acc: 97.51%
Round 3 | Client 4 | Model: (MobileNetV2) | Acc: 83.83%
Round 3 | Client 5 | Model: (MobileNetV3) | Acc: 69.57%
Round 3 | Client 6 | Model: (LeNet) | Acc: 95.51%
Round 3 | Client 7 | Model: (AlexNet) | Acc: 96.00%
Round 3 | Client 8 | Model: (ShuffleNet) | Acc: 64.59%
Round 3 | Client 9 | Model: (SqueezeNet) | Acc: 83.61%
Round 3 | Client 11 | Model: (MLP) | Acc: 79.45%
Round 3 | Client 12 | Model: (CNN) | Acc: 77.80%
Round 3 | Client 13 | Model: (ResNet8) | Acc: 82.92%
Round 3 | Client 14 | Model: (ResNet18) | Acc: 85.18%
Round 3 | Client 15 | Model: (MobileNetV2) | Acc: 79.78%
Round 3 | Client 16 | Model: (MobileNetV3) | Acc: 67.27%
Round 3 | Client 17 | Model: (LeNet) | Acc: 82.61%
Round 3 | Client 18 | Model: (AlexNet) | Acc: 83.20%
Round 3 | Client 19 | Model: (ShuffleNet) | Acc: 77.58%
Round 3 | Client 20 | Model: (SqueezeNet) | Acc: 76.92%
Round 3 | Client 22 | Model: (MLP) | Acc: 35.85%
Round 3 | Client 23 | Model: (CNN) | Acc: 37.58%
Round 3 | Client 24 | Model: (ResNet8) | Acc: 32.87%
Round 3 | Client 25 | Model: (ResNet18) | Acc: 38.40%
Round 3 | Client 26 | Model: (MobileNetV2) | Acc: 31.79%
Round 3 | Client 27 | Model: (MobileNetV3) | Acc: 37.12%
Round 3 | Client 28 | Model: (LeNet) | Acc: 36.63%
Round 3 | Client 29 | Model: (AlexNet) | Acc: 36.76%
Round 3 | Client 30 | Model: (ShuffleNet) | Acc: 26.75%
Round 3 | Client 31 | Model: (SqueezeNet) | Acc: 20.90%
[Server] Aggregating by Dataset Name ...
[Server] Training Image-Based Global Generator...
  Epoch 1/10 | Loss: 8.9715
  Epoch 2/10 | Loss: 7.1659
  Epoch 3/10 | Loss: 7.6603
  Epoch 4/10 | Loss: 7.6521
  Epoch 5/10 | Loss: 7.5870
  Epoch 6/10 | Loss: 6.9330
  Epoch 7/10 | Loss: 7.0940
  Epoch 8/10 | Loss: 7.2627
  Epoch 9/10 | Loss: 7.2217
  Epoch 10/10 | Loss: 7.3519
[Server] Image-Based Global Generator training finished.
[Server] Training Final Global Inference Model ...
Detected 72 global classes: [0, 1, 2, 3, 4, 5, 6, 7, 8, 9, 10, 11, 12, 13, 14, 15, 16, 17, 18, 19, 20, 21, 22, 23, 24, 25, 26, 27, 28, 29, 30, 31, 32, 33, 34, 35, 36, 37, 38, 39, 40, 41, 42, 43, 44, 45, 46, 47, 48, 49, 50, 51, 52, 53, 54, 55, 56, 57, 58, 59, 60, 61, 62, 63, 64, 65, 66, 67, 68, 69, 70, 71]
Epoch 0 Loss: 8.5862
Epoch 1 Loss: 8.6124
Epoch 2 Loss: 8.5139
Epoch 3 Loss: 8.3697
Epoch 4 Loss: 8.5181
[Server] Global Inference Model Acc (MNIST) (Round 3): 10.28% (Tested on 9095 samples)
[Server] Global Inference Model Acc (EMNIST) (Round 3): 5.28% (Tested on 105779 samples)
[Server] Global Inference Model Acc (CIFAR10) (Round 3): 0.00% (Tested on 9100 samples)
[Server] Global Inference Model Acc (Mix) (Round 3): 5.26% (Tested on 123974 samples)
Selected client ids: [0, 1, 2, 3, 4, 5, 6, 7, 8, 9, 10, 11, 12, 13, 14, 15, 16, 17, 18, 19, 20, 21, 22, 23, 24, 25, 26, 27, 28, 29]
--- Round 4 ---
Round 4 | Client 0 | Model: (MLP) | Acc: 91.38%
Round 4 | Client 1 | Model: (CNN) | Acc: 91.25%
Round 4 | Client 2 | Model: (ResNet8) | Acc: 89.81%
Round 4 | Client 3 | Model: (ResNet18) | Acc: 94.46%
Round 4 | Client 4 | Model: (MobileNetV2) | Acc: 89.61%
Round 4 | Client 5 | Model: (MobileNetV3) | Acc: 60.65%
Round 4 | Client 6 | Model: (LeNet) | Acc: 94.97%
Round 4 | Client 7 | Model: (AlexNet) | Acc: 96.84%
Round 4 | Client 8 | Model: (ShuffleNet) | Acc: 68.49%
Round 4 | Client 9 | Model: (SqueezeNet) | Acc: 90.49%
Round 4 | Client 11 | Model: (MLP) | Acc: 79.49%
Round 4 | Client 12 | Model: (CNN) | Acc: 81.63%
Round 4 | Client 13 | Model: (ResNet8) | Acc: 82.80%
Round 4 | Client 14 | Model: (ResNet18) | Acc: 85.65%
Round 4 | Client 15 | Model: (MobileNetV2) | Acc: 80.84%
Round 4 | Client 16 | Model: (MobileNetV3) | Acc: 69.23%
Round 4 | Client 17 | Model: (LeNet) | Acc: 83.50%
Round 4 | Client 18 | Model: (AlexNet) | Acc: 84.15%
Round 4 | Client 19 | Model: (ShuffleNet) | Acc: 79.64%
Round 4 | Client 20 | Model: (SqueezeNet) | Acc: 78.73%
Round 4 | Client 22 | Model: (MLP) | Acc: 39.45%
Round 4 | Client 23 | Model: (CNN) | Acc: 43.74%
Round 4 | Client 24 | Model: (ResNet8) | Acc: 39.72%
Round 4 | Client 25 | Model: (ResNet18) | Acc: 47.28%
Round 4 | Client 26 | Model: (MobileNetV2) | Acc: 32.32%
Round 4 | Client 27 | Model: (MobileNetV3) | Acc: 40.45%
Round 4 | Client 28 | Model: (LeNet) | Acc: 39.38%
Round 4 | Client 29 | Model: (AlexNet) | Acc: 37.30%
Round 4 | Client 30 | Model: (ShuffleNet) | Acc: 31.80%
Round 4 | Client 31 | Model: (SqueezeNet) | Acc: 21.12%
[Server] Aggregating by Dataset Name ...
[Server] Training Image-Based Global Generator...
  Epoch 1/10 | Loss: 7.2223
  Epoch 2/10 | Loss: 7.5950
  Epoch 3/10 | Loss: 8.2680
  Epoch 4/10 | Loss: 7.9026
  Epoch 5/10 | Loss: 8.2495
  Epoch 6/10 | Loss: 7.6336
  Epoch 7/10 | Loss: 7.7983
  Epoch 8/10 | Loss: 7.3846
  Epoch 9/10 | Loss: 7.3364
  Epoch 10/10 | Loss: 7.2603
[Server] Image-Based Global Generator training finished.
[Server] Training Final Global Inference Model ...
Detected 72 global classes: [0, 1, 2, 3, 4, 5, 6, 7, 8, 9, 10, 11, 12, 13, 14, 15, 16, 17, 18, 19, 20, 21, 22, 23, 24, 25, 26, 27, 28, 29, 30, 31, 32, 33, 34, 35, 36, 37, 38, 39, 40, 41, 42, 43, 44, 45, 46, 47, 48, 49, 50, 51, 52, 53, 54, 55, 56, 57, 58, 59, 60, 61, 62, 63, 64, 65, 66, 67, 68, 69, 70, 71]
Epoch 0 Loss: 8.5443
Epoch 1 Loss: 8.3615
Epoch 2 Loss: 8.4395
Epoch 3 Loss: 8.1391
Epoch 4 Loss: 8.3050
[Server] Global Inference Model Acc (MNIST) (Round 4): 10.28% (Tested on 9095 samples)
[Server] Global Inference Model Acc (EMNIST) (Round 4): 5.28% (Tested on 105779 samples)
[Server] Global Inference Model Acc (CIFAR10) (Round 4): 0.00% (Tested on 9100 samples)
[Server] Global Inference Model Acc (Mix) (Round 4): 5.26% (Tested on 123974 samples)
Selected client ids: [0, 1, 2, 3, 4, 5, 6, 7, 8, 9, 10, 11, 12, 13, 14, 15, 16, 17, 18, 19, 20, 21, 22, 23, 24, 25, 26, 27, 28, 29]
--- Round 5 ---
Round 5 | Client 0 | Model: (MLP) | Acc: 90.19%
Round 5 | Client 1 | Model: (CNN) | Acc: 90.59%
Round 5 | Client 2 | Model: (ResNet8) | Acc: 91.39%
Round 5 | Client 3 | Model: (ResNet18) | Acc: 95.02%
Round 5 | Client 4 | Model: (MobileNetV2) | Acc: 89.51%
Round 5 | Client 5 | Model: (MobileNetV3) | Acc: 79.49%
Round 5 | Client 6 | Model: (LeNet) | Acc: 96.50%
Round 5 | Client 7 | Model: (AlexNet) | Acc: 95.89%
Round 5 | Client 8 | Model: (ShuffleNet) | Acc: 68.49%
Round 5 | Client 9 | Model: (SqueezeNet) | Acc: 89.95%
Round 5 | Client 11 | Model: (MLP) | Acc: 79.29%
Round 5 | Client 12 | Model: (CNN) | Acc: 78.88%
Round 5 | Client 13 | Model: (ResNet8) | Acc: 83.99%
Round 5 | Client 14 | Model: (ResNet18) | Acc: 85.68%
Round 5 | Client 15 | Model: (MobileNetV2) | Acc: 81.21%
Round 5 | Client 16 | Model: (MobileNetV3) | Acc: 70.01%
Round 5 | Client 17 | Model: (LeNet) | Acc: 82.98%
Round 5 | Client 18 | Model: (AlexNet) | Acc: 84.79%
Round 5 | Client 19 | Model: (ShuffleNet) | Acc: 80.59%
Round 5 | Client 20 | Model: (SqueezeNet) | Acc: 80.79%
Round 5 | Client 22 | Model: (MLP) | Acc: 40.53%
Round 5 | Client 23 | Model: (CNN) | Acc: 49.23%
Round 5 | Client 24 | Model: (ResNet8) | Acc: 42.29%
Round 5 | Client 25 | Model: (ResNet18) | Acc: 45.50%
Round 5 | Client 26 | Model: (MobileNetV2) | Acc: 35.15%
Round 5 | Client 27 | Model: (MobileNetV3) | Acc: 41.52%
Round 5 | Client 28 | Model: (LeNet) | Acc: 39.82%
Round 5 | Client 29 | Model: (AlexNet) | Acc: 42.92%
Round 5 | Client 30 | Model: (ShuffleNet) | Acc: 33.77%
Round 5 | Client 31 | Model: (SqueezeNet) | Acc: 24.83%
[Server] Aggregating by Dataset Name ...
[Server] Training Image-Based Global Generator...
  Epoch 1/10 | Loss: 7.4910
  Epoch 2/10 | Loss: 7.7302
  Epoch 3/10 | Loss: 7.3516
  Epoch 4/10 | Loss: 7.8078
  Epoch 5/10 | Loss: 7.5049
  Epoch 6/10 | Loss: 7.4862
  Epoch 7/10 | Loss: 6.9061
  Epoch 8/10 | Loss: 6.9520
  Epoch 9/10 | Loss: 7.0335
  Epoch 10/10 | Loss: 7.4131
[Server] Image-Based Global Generator training finished.
[Server] Training Final Global Inference Model ...
Detected 72 global classes: [0, 1, 2, 3, 4, 5, 6, 7, 8, 9, 10, 11, 12, 13, 14, 15, 16, 17, 18, 19, 20, 21, 22, 23, 24, 25, 26, 27, 28, 29, 30, 31, 32, 33, 34, 35, 36, 37, 38, 39, 40, 41, 42, 43, 44, 45, 46, 47, 48, 49, 50, 51, 52, 53, 54, 55, 56, 57, 58, 59, 60, 61, 62, 63, 64, 65, 66, 67, 68, 69, 70, 71]
Epoch 0 Loss: 8.0461
Epoch 1 Loss: 8.1855
Epoch 2 Loss: 8.2328
Epoch 3 Loss: 7.9128
Epoch 4 Loss: 8.0643
[Server] Global Inference Model Acc (MNIST) (Round 5): 10.28% (Tested on 9095 samples)
[Server] Global Inference Model Acc (EMNIST) (Round 5): 5.28% (Tested on 105779 samples)
[Server] Global Inference Model Acc (CIFAR10) (Round 5): 0.00% (Tested on 9100 samples)
[Server] Global Inference Model Acc (Mix) (Round 5): 5.26% (Tested on 123974 samples)
Selected client ids: [0, 1, 2, 3, 4, 5, 6, 7, 8, 9, 10, 11, 12, 13, 14, 15, 16, 17, 18, 19, 20, 21, 22, 23, 24, 25, 26, 27, 28, 29]
--- Round 6 ---
Round 6 | Client 0 | Model: (MLP) | Acc: 90.95%
Round 6 | Client 1 | Model: (CNN) | Acc: 82.06%
Round 6 | Client 2 | Model: (ResNet8) | Acc: 96.49%
Round 6 | Client 3 | Model: (ResNet18) | Acc: 97.29%
Round 6 | Client 4 | Model: (MobileNetV2) | Acc: 91.65%
Round 6 | Client 5 | Model: (MobileNetV3) | Acc: 80.16%
Round 6 | Client 6 | Model: (LeNet) | Acc: 97.48%
Round 6 | Client 7 | Model: (AlexNet) | Acc: 96.74%
Round 6 | Client 8 | Model: (ShuffleNet) | Acc: 68.93%
Round 6 | Client 9 | Model: (SqueezeNet) | Acc: 91.15%
Round 6 | Client 11 | Model: (MLP) | Acc: 80.55%
Round 6 | Client 12 | Model: (CNN) | Acc: 81.96%
Round 6 | Client 13 | Model: (ResNet8) | Acc: 84.43%
Round 6 | Client 14 | Model: (ResNet18) | Acc: 85.38%
Round 6 | Client 15 | Model: (MobileNetV2) | Acc: 82.41%
Round 6 | Client 16 | Model: (MobileNetV3) | Acc: 66.28%
Round 6 | Client 17 | Model: (LeNet) | Acc: 83.58%
Round 6 | Client 18 | Model: (AlexNet) | Acc: 84.50%
Round 6 | Client 19 | Model: (ShuffleNet) | Acc: 81.42%
Round 6 | Client 20 | Model: (SqueezeNet) | Acc: 80.54%
Round 6 | Client 22 | Model: (MLP) | Acc: 38.49%
Round 6 | Client 23 | Model: (CNN) | Acc: 50.55%
Round 6 | Client 24 | Model: (ResNet8) | Acc: 52.03%
Round 6 | Client 25 | Model: (ResNet18) | Acc: 49.61%
Round 6 | Client 26 | Model: (MobileNetV2) | Acc: 34.73%
Round 6 | Client 27 | Model: (MobileNetV3) | Acc: 43.03%
Round 6 | Client 28 | Model: (LeNet) | Acc: 41.69%
Round 6 | Client 29 | Model: (AlexNet) | Acc: 42.59%
Round 6 | Client 30 | Model: (ShuffleNet) | Acc: 32.79%
Round 6 | Client 31 | Model: (SqueezeNet) | Acc: 26.74%
[Server] Aggregating by Dataset Name ...
[Server] Training Image-Based Global Generator...
  Epoch 1/10 | Loss: 6.8795
  Epoch 2/10 | Loss: 6.4830
  Epoch 3/10 | Loss: 7.0762
  Epoch 4/10 | Loss: 6.5052
  Epoch 5/10 | Loss: 6.5130
  Epoch 6/10 | Loss: 6.4972
  Epoch 7/10 | Loss: 6.5579
  Epoch 8/10 | Loss: 6.2753
  Epoch 9/10 | Loss: 6.1358
  Epoch 10/10 | Loss: 6.2536
[Server] Image-Based Global Generator training finished.
[Server] Training Final Global Inference Model ...
Detected 72 global classes: [0, 1, 2, 3, 4, 5, 6, 7, 8, 9, 10, 11, 12, 13, 14, 15, 16, 17, 18, 19, 20, 21, 22, 23, 24, 25, 26, 27, 28, 29, 30, 31, 32, 33, 34, 35, 36, 37, 38, 39, 40, 41, 42, 43, 44, 45, 46, 47, 48, 49, 50, 51, 52, 53, 54, 55, 56, 57, 58, 59, 60, 61, 62, 63, 64, 65, 66, 67, 68, 69, 70, 71]
Epoch 0 Loss: 7.9779
Epoch 1 Loss: 8.1827
Epoch 2 Loss: 8.1867
Epoch 3 Loss: 8.0188
Epoch 4 Loss: 7.9716
[Server] Global Inference Model Acc (MNIST) (Round 6): 10.28% (Tested on 9095 samples)
[Server] Global Inference Model Acc (EMNIST) (Round 6): 5.28% (Tested on 105779 samples)
[Server] Global Inference Model Acc (CIFAR10) (Round 6): 0.00% (Tested on 9100 samples)
[Server] Global Inference Model Acc (Mix) (Round 6): 5.26% (Tested on 123974 samples)
Selected client ids: [0, 1, 2, 3, 4, 5, 6, 7, 8, 9, 10, 11, 12, 13, 14, 15, 16, 17, 18, 19, 20, 21, 22, 23, 24, 25, 26, 27, 28, 29]
--- Round 7 ---
Round 7 | Client 0 | Model: (MLP) | Acc: 92.58%
Round 7 | Client 1 | Model: (CNN) | Acc: 95.02%
Round 7 | Client 2 | Model: (ResNet8) | Acc: 95.13%
Round 7 | Client 3 | Model: (ResNet18) | Acc: 98.08%
Round 7 | Client 4 | Model: (MobileNetV2) | Acc: 93.58%
Round 7 | Client 5 | Model: (MobileNetV3) | Acc: 71.46%
Round 7 | Client 6 | Model: (LeNet) | Acc: 96.50%
Round 7 | Client 7 | Model: (AlexNet) | Acc: 96.84%
Round 7 | Client 8 | Model: (ShuffleNet) | Acc: 69.27%
Round 7 | Client 9 | Model: (SqueezeNet) | Acc: 91.58%
Round 7 | Client 11 | Model: (MLP) | Acc: 79.20%
Round 7 | Client 12 | Model: (CNN) | Acc: 83.95%
Round 7 | Client 13 | Model: (ResNet8) | Acc: 85.45%
Round 7 | Client 14 | Model: (ResNet18) | Acc: 86.31%
Round 7 | Client 15 | Model: (MobileNetV2) | Acc: 82.80%
Round 7 | Client 16 | Model: (MobileNetV3) | Acc: 72.25%
Round 7 | Client 17 | Model: (LeNet) | Acc: 83.64%
Round 7 | Client 18 | Model: (AlexNet) | Acc: 84.90%
Round 7 | Client 19 | Model: (ShuffleNet) | Acc: 81.54%
Round 7 | Client 20 | Model: (SqueezeNet) | Acc: 78.06%
Round 7 | Client 22 | Model: (MLP) | Acc: 40.53%
Round 7 | Client 23 | Model: (CNN) | Acc: 49.56%
Round 7 | Client 24 | Model: (ResNet8) | Acc: 51.71%
Round 7 | Client 25 | Model: (ResNet18) | Acc: 54.83%
Round 7 | Client 26 | Model: (MobileNetV2) | Acc: 36.94%
Round 7 | Client 27 | Model: (MobileNetV3) | Acc: 41.63%
Round 7 | Client 28 | Model: (LeNet) | Acc: 43.89%
Round 7 | Client 29 | Model: (AlexNet) | Acc: 48.22%
Round 7 | Client 30 | Model: (ShuffleNet) | Acc: 33.00%
Round 7 | Client 31 | Model: (SqueezeNet) | Acc: 28.43%
[Server] Aggregating by Dataset Name ...
[Server] Training Image-Based Global Generator...
  Epoch 1/10 | Loss: 6.2162
  Epoch 2/10 | Loss: 6.0584
  Epoch 3/10 | Loss: 6.3098
  Epoch 4/10 | Loss: 6.1026
  Epoch 5/10 | Loss: 5.4453
  Epoch 6/10 | Loss: 6.0010
  Epoch 7/10 | Loss: 5.8388
  Epoch 8/10 | Loss: 5.4819
  Epoch 9/10 | Loss: 5.5357
  Epoch 10/10 | Loss: 5.4919
[Server] Image-Based Global Generator training finished.
[Server] Training Final Global Inference Model ...
Detected 72 global classes: [0, 1, 2, 3, 4, 5, 6, 7, 8, 9, 10, 11, 12, 13, 14, 15, 16, 17, 18, 19, 20, 21, 22, 23, 24, 25, 26, 27, 28, 29, 30, 31, 32, 33, 34, 35, 36, 37, 38, 39, 40, 41, 42, 43, 44, 45, 46, 47, 48, 49, 50, 51, 52, 53, 54, 55, 56, 57, 58, 59, 60, 61, 62, 63, 64, 65, 66, 67, 68, 69, 70, 71]
Epoch 0 Loss: 8.3895
Epoch 1 Loss: 8.1259
Epoch 2 Loss: 8.0799
Epoch 3 Loss: 8.1293
Epoch 4 Loss: 7.8677
[Server] Global Inference Model Acc (MNIST) (Round 7): 11.35% (Tested on 9095 samples)
[Server] Global Inference Model Acc (EMNIST) (Round 7): 6.92% (Tested on 105779 samples)
[Server] Global Inference Model Acc (CIFAR10) (Round 7): 0.00% (Tested on 9100 samples)
[Server] Global Inference Model Acc (Mix) (Round 7): 6.73% (Tested on 123974 samples)
Selected client ids: [0, 1, 2, 3, 4, 5, 6, 7, 8, 9, 10, 11, 12, 13, 14, 15, 16, 17, 18, 19, 20, 21, 22, 23, 24, 25, 26, 27, 28, 29]
--- Round 8 ---
Round 8 | Client 0 | Model: (MLP) | Acc: 93.13%
Round 8 | Client 1 | Model: (CNN) | Acc: 94.46%
Round 8 | Client 2 | Model: (ResNet8) | Acc: 96.26%
Round 8 | Client 3 | Model: (ResNet18) | Acc: 98.53%
Round 8 | Client 4 | Model: (MobileNetV2) | Acc: 93.15%
Round 8 | Client 5 | Model: (MobileNetV3) | Acc: 85.40%
Round 8 | Client 6 | Model: (LeNet) | Acc: 97.16%
Round 8 | Client 7 | Model: (AlexNet) | Acc: 98.00%
Round 8 | Client 8 | Model: (ShuffleNet) | Acc: 69.49%
Round 8 | Client 9 | Model: (SqueezeNet) | Acc: 95.63%
Round 8 | Client 11 | Model: (MLP) | Acc: 79.71%
Round 8 | Client 12 | Model: (CNN) | Acc: 81.90%
Round 8 | Client 13 | Model: (ResNet8) | Acc: 84.92%
Round 8 | Client 14 | Model: (ResNet18) | Acc: 85.87%
Round 8 | Client 15 | Model: (MobileNetV2) | Acc: 82.67%
Round 8 | Client 16 | Model: (MobileNetV3) | Acc: 75.44%
Round 8 | Client 17 | Model: (LeNet) | Acc: 83.92%
Round 8 | Client 18 | Model: (AlexNet) | Acc: 84.67%
Round 8 | Client 19 | Model: (ShuffleNet) | Acc: 81.97%
Round 8 | Client 20 | Model: (SqueezeNet) | Acc: 81.85%
Round 8 | Client 22 | Model: (MLP) | Acc: 41.25%
Round 8 | Client 23 | Model: (CNN) | Acc: 38.68%
Round 8 | Client 24 | Model: (ResNet8) | Acc: 56.64%
Round 8 | Client 25 | Model: (ResNet18) | Acc: 47.39%
Round 8 | Client 26 | Model: (MobileNetV2) | Acc: 36.20%
Round 8 | Client 27 | Model: (MobileNetV3) | Acc: 41.85%
Round 8 | Client 28 | Model: (LeNet) | Acc: 44.11%
Round 8 | Client 29 | Model: (AlexNet) | Acc: 48.32%
Round 8 | Client 30 | Model: (ShuffleNet) | Acc: 35.31%
Round 8 | Client 31 | Model: (SqueezeNet) | Acc: 28.88%
[Server] Aggregating by Dataset Name ...
[Server] Training Image-Based Global Generator...
  Epoch 1/10 | Loss: 5.5963
  Epoch 2/10 | Loss: 5.6569
  Epoch 3/10 | Loss: 6.1678
  Epoch 4/10 | Loss: 5.6385
  Epoch 5/10 | Loss: 5.9821
  Epoch 6/10 | Loss: 5.0279
  Epoch 7/10 | Loss: 5.3026
  Epoch 8/10 | Loss: 5.3021
  Epoch 9/10 | Loss: 4.5985
  Epoch 10/10 | Loss: 5.0824
[Server] Image-Based Global Generator training finished.
[Server] Training Final Global Inference Model ...
Detected 72 global classes: [0, 1, 2, 3, 4, 5, 6, 7, 8, 9, 10, 11, 12, 13, 14, 15, 16, 17, 18, 19, 20, 21, 22, 23, 24, 25, 26, 27, 28, 29, 30, 31, 32, 33, 34, 35, 36, 37, 38, 39, 40, 41, 42, 43, 44, 45, 46, 47, 48, 49, 50, 51, 52, 53, 54, 55, 56, 57, 58, 59, 60, 61, 62, 63, 64, 65, 66, 67, 68, 69, 70, 71]
Epoch 0 Loss: 7.9703
Epoch 1 Loss: 7.9153
Epoch 2 Loss: 7.9536
Epoch 3 Loss: 7.7976
Epoch 4 Loss: 7.6942
[Server] Global Inference Model Acc (MNIST) (Round 8): 9.82% (Tested on 9095 samples)
[Server] Global Inference Model Acc (EMNIST) (Round 8): 4.83% (Tested on 105779 samples)
[Server] Global Inference Model Acc (CIFAR10) (Round 8): 0.00% (Tested on 9100 samples)
[Server] Global Inference Model Acc (Mix) (Round 8): 4.84% (Tested on 123974 samples)
Selected client ids: [0, 1, 2, 3, 4, 5, 6, 7, 8, 9, 10, 11, 12, 13, 14, 15, 16, 17, 18, 19, 20, 21, 22, 23, 24, 25, 26, 27, 28, 29]
--- Round 9 ---
Round 9 | Client 0 | Model: (MLP) | Acc: 93.24%
Round 9 | Client 1 | Model: (CNN) | Acc: 87.04%
Round 9 | Client 2 | Model: (ResNet8) | Acc: 98.41%
Round 9 | Client 3 | Model: (ResNet18) | Acc: 98.76%
Round 9 | Client 4 | Model: (MobileNetV2) | Acc: 93.90%
Round 9 | Client 5 | Model: (MobileNetV3) | Acc: 84.17%
Round 9 | Client 6 | Model: (LeNet) | Acc: 97.92%
Round 9 | Client 7 | Model: (AlexNet) | Acc: 98.00%
Round 9 | Client 8 | Model: (ShuffleNet) | Acc: 68.93%
Round 9 | Client 9 | Model: (SqueezeNet) | Acc: 95.85%
Round 9 | Client 11 | Model: (MLP) | Acc: 80.23%
Round 9 | Client 12 | Model: (CNN) | Acc: 83.13%
Round 9 | Client 13 | Model: (ResNet8) | Acc: 84.80%
Round 9 | Client 14 | Model: (ResNet18) | Acc: 85.56%
Round 9 | Client 15 | Model: (MobileNetV2) | Acc: 82.55%
Round 9 | Client 16 | Model: (MobileNetV3) | Acc: 62.20%
Round 9 | Client 17 | Model: (LeNet) | Acc: 84.06%
Round 9 | Client 18 | Model: (AlexNet) | Acc: 84.54%
Round 9 | Client 19 | Model: (ShuffleNet) | Acc: 81.52%
Round 9 | Client 20 | Model: (SqueezeNet) | Acc: 81.80%
Round 9 | Client 22 | Model: (MLP) | Acc: 40.89%
Round 9 | Client 23 | Model: (CNN) | Acc: 51.65%
Round 9 | Client 24 | Model: (ResNet8) | Acc: 54.07%
Round 9 | Client 25 | Model: (ResNet18) | Acc: 53.50%
Round 9 | Client 26 | Model: (MobileNetV2) | Acc: 37.36%
Round 9 | Client 27 | Model: (MobileNetV3) | Acc: 45.39%
Round 9 | Client 28 | Model: (LeNet) | Acc: 46.31%
Round 9 | Client 29 | Model: (AlexNet) | Acc: 50.05%
Round 9 | Client 30 | Model: (ShuffleNet) | Acc: 34.43%
Round 9 | Client 31 | Model: (SqueezeNet) | Acc: 32.70%
[Server] Aggregating by Dataset Name ...
[Server] Training Image-Based Global Generator...
  Epoch 1/10 | Loss: 5.3121
  Epoch 2/10 | Loss: 5.2778
  Epoch 3/10 | Loss: 4.9732
  Epoch 4/10 | Loss: 5.0694
  Epoch 5/10 | Loss: 5.0682
  Epoch 6/10 | Loss: 4.3524
  Epoch 7/10 | Loss: 4.4597
  Epoch 8/10 | Loss: 4.9196
  Epoch 9/10 | Loss: 3.9607
  Epoch 10/10 | Loss: 4.5381
[Server] Image-Based Global Generator training finished.
[Server] Training Final Global Inference Model ...
Detected 72 global classes: [0, 1, 2, 3, 4, 5, 6, 7, 8, 9, 10, 11, 12, 13, 14, 15, 16, 17, 18, 19, 20, 21, 22, 23, 24, 25, 26, 27, 28, 29, 30, 31, 32, 33, 34, 35, 36, 37, 38, 39, 40, 41, 42, 43, 44, 45, 46, 47, 48, 49, 50, 51, 52, 53, 54, 55, 56, 57, 58, 59, 60, 61, 62, 63, 64, 65, 66, 67, 68, 69, 70, 71]
Epoch 0 Loss: 7.7413
Epoch 1 Loss: 7.7232
Epoch 2 Loss: 7.5507
Epoch 3 Loss: 7.7882
Epoch 4 Loss: 7.1388
[Server] Global Inference Model Acc (MNIST) (Round 9): 9.82% (Tested on 9095 samples)
[Server] Global Inference Model Acc (EMNIST) (Round 9): 4.83% (Tested on 105779 samples)
[Server] Global Inference Model Acc (CIFAR10) (Round 9): 0.02% (Tested on 9100 samples)
[Server] Global Inference Model Acc (Mix) (Round 9): 4.84% (Tested on 123974 samples)
Selected client ids: [0, 1, 2, 3, 4, 5, 6, 7, 8, 9, 10, 11, 12, 13, 14, 15, 16, 17, 18, 19, 20, 21, 22, 23, 24, 25, 26, 27, 28, 29]
--- Round 10 ---
Round 10 | Client 0 | Model: (MLP) | Acc: 94.87%
Round 10 | Client 1 | Model: (CNN) | Acc: 90.81%
Round 10 | Client 2 | Model: (ResNet8) | Acc: 76.22%
Round 10 | Client 3 | Model: (ResNet18) | Acc: 97.85%
Round 10 | Client 4 | Model: (MobileNetV2) | Acc: 93.36%
Round 10 | Client 5 | Model: (MobileNetV3) | Acc: 79.38%
Round 10 | Client 6 | Model: (LeNet) | Acc: 97.59%
Round 10 | Client 7 | Model: (AlexNet) | Acc: 98.00%
Round 10 | Client 8 | Model: (ShuffleNet) | Acc: 70.60%
Round 10 | Client 9 | Model: (SqueezeNet) | Acc: 97.05%
Round 10 | Client 11 | Model: (MLP) | Acc: 79.54%
Round 10 | Client 12 | Model: (CNN) | Acc: 82.96%
Round 10 | Client 13 | Model: (ResNet8) | Acc: 85.76%
Round 10 | Client 14 | Model: (ResNet18) | Acc: 86.13%
Round 10 | Client 15 | Model: (MobileNetV2) | Acc: 83.19%
Round 10 | Client 16 | Model: (MobileNetV3) | Acc: 67.52%
Round 10 | Client 17 | Model: (LeNet) | Acc: 84.21%
Round 10 | Client 18 | Model: (AlexNet) | Acc: 84.43%
Round 10 | Client 19 | Model: (ShuffleNet) | Acc: 82.75%
Round 10 | Client 20 | Model: (SqueezeNet) | Acc: 81.84%
Round 10 | Client 22 | Model: (MLP) | Acc: 40.89%
Round 10 | Client 23 | Model: (CNN) | Acc: 55.49%
Round 10 | Client 24 | Model: (ResNet8) | Acc: 48.39%
Round 10 | Client 25 | Model: (ResNet18) | Acc: 56.16%
Round 10 | Client 26 | Model: (MobileNetV2) | Acc: 40.50%
Round 10 | Client 27 | Model: (MobileNetV3) | Acc: 43.13%
Round 10 | Client 28 | Model: (LeNet) | Acc: 47.63%
Round 10 | Client 29 | Model: (AlexNet) | Acc: 50.27%
Round 10 | Client 30 | Model: (ShuffleNet) | Acc: 37.61%
Round 10 | Client 31 | Model: (SqueezeNet) | Acc: 32.25%
[Server] Aggregating by Dataset Name ...
[Server] Training Image-Based Global Generator...
  Epoch 1/10 | Loss: 4.5949
  Epoch 2/10 | Loss: 4.8686
  Epoch 3/10 | Loss: 4.2334
  Epoch 4/10 | Loss: 4.5887
  Epoch 5/10 | Loss: 4.3199
  Epoch 6/10 | Loss: 4.1435
  Epoch 7/10 | Loss: 4.1909
  Epoch 8/10 | Loss: 4.0496
  Epoch 9/10 | Loss: 4.0114
  Epoch 10/10 | Loss: 4.0697
[Server] Image-Based Global Generator training finished.
[Server] Training Final Global Inference Model ...
Detected 72 global classes: [0, 1, 2, 3, 4, 5, 6, 7, 8, 9, 10, 11, 12, 13, 14, 15, 16, 17, 18, 19, 20, 21, 22, 23, 24, 25, 26, 27, 28, 29, 30, 31, 32, 33, 34, 35, 36, 37, 38, 39, 40, 41, 42, 43, 44, 45, 46, 47, 48, 49, 50, 51, 52, 53, 54, 55, 56, 57, 58, 59, 60, 61, 62, 63, 64, 65, 66, 67, 68, 69, 70, 71]
Epoch 0 Loss: 7.6476
Epoch 1 Loss: 7.3591
Epoch 2 Loss: 7.2442
Epoch 3 Loss: 6.9660
Epoch 4 Loss: 6.7820
[Server] Global Inference Model Acc (MNIST) (Round 10): 9.76% (Tested on 9095 samples)
[Server] Global Inference Model Acc (EMNIST) (Round 10): 4.84% (Tested on 105779 samples)
[Server] Global Inference Model Acc (CIFAR10) (Round 10): 0.07% (Tested on 9100 samples)
[Server] Global Inference Model Acc (Mix) (Round 10): 4.85% (Tested on 123974 samples)
Selected client ids: [0, 1, 2, 3, 4, 5, 6, 7, 8, 9, 10, 11, 12, 13, 14, 15, 16, 17, 18, 19, 20, 21, 22, 23, 24, 25, 26, 27, 28, 29]
--- Round 11 ---
Round 11 | Client 0 | Model: (MLP) | Acc: 94.00%
Round 11 | Client 1 | Model: (CNN) | Acc: 89.37%
Round 11 | Client 2 | Model: (ResNet8) | Acc: 97.40%
Round 11 | Client 3 | Model: (ResNet18) | Acc: 97.06%
Round 11 | Client 4 | Model: (MobileNetV2) | Acc: 93.04%
Round 11 | Client 5 | Model: (MobileNetV3) | Acc: 80.71%
Round 11 | Client 6 | Model: (LeNet) | Acc: 97.70%
Round 11 | Client 7 | Model: (AlexNet) | Acc: 98.11%
Round 11 | Client 8 | Model: (ShuffleNet) | Acc: 71.27%
Round 11 | Client 9 | Model: (SqueezeNet) | Acc: 96.61%
Round 11 | Client 11 | Model: (MLP) | Acc: 80.28%
Round 11 | Client 12 | Model: (CNN) | Acc: 83.69%
Round 11 | Client 13 | Model: (ResNet8) | Acc: 85.18%
Round 11 | Client 14 | Model: (ResNet18) | Acc: 85.41%
Round 11 | Client 15 | Model: (MobileNetV2) | Acc: 83.13%
Round 11 | Client 16 | Model: (MobileNetV3) | Acc: 66.02%
Round 11 | Client 17 | Model: (LeNet) | Acc: 84.04%
Round 11 | Client 18 | Model: (AlexNet) | Acc: 84.25%
Round 11 | Client 19 | Model: (ShuffleNet) | Acc: 83.05%
Round 11 | Client 20 | Model: (SqueezeNet) | Acc: 81.07%
Round 11 | Client 22 | Model: (MLP) | Acc: 40.17%
Round 11 | Client 23 | Model: (CNN) | Acc: 55.93%
Round 11 | Client 24 | Model: (ResNet8) | Acc: 54.82%
Round 11 | Client 25 | Model: (ResNet18) | Acc: 56.49%
Round 11 | Client 26 | Model: (MobileNetV2) | Acc: 38.82%
Round 11 | Client 27 | Model: (MobileNetV3) | Acc: 46.03%
Round 11 | Client 28 | Model: (LeNet) | Acc: 47.19%
Round 11 | Client 29 | Model: (AlexNet) | Acc: 52.00%
Round 11 | Client 30 | Model: (ShuffleNet) | Acc: 36.51%
Round 11 | Client 31 | Model: (SqueezeNet) | Acc: 30.45%
[Server] Aggregating by Dataset Name ...
[Server] Training Image-Based Global Generator...
  Epoch 1/10 | Loss: 4.1408
  Epoch 2/10 | Loss: 3.9385
  Epoch 3/10 | Loss: 4.0037
  Epoch 4/10 | Loss: 3.7751
  Epoch 5/10 | Loss: 3.6923
  Epoch 6/10 | Loss: 3.3878
  Epoch 7/10 | Loss: 3.4805
  Epoch 8/10 | Loss: 3.2506
  Epoch 9/10 | Loss: 3.2462
  Epoch 10/10 | Loss: 3.1826
[Server] Image-Based Global Generator training finished.
[Server] Training Final Global Inference Model ...
Detected 72 global classes: [0, 1, 2, 3, 4, 5, 6, 7, 8, 9, 10, 11, 12, 13, 14, 15, 16, 17, 18, 19, 20, 21, 22, 23, 24, 25, 26, 27, 28, 29, 30, 31, 32, 33, 34, 35, 36, 37, 38, 39, 40, 41, 42, 43, 44, 45, 46, 47, 48, 49, 50, 51, 52, 53, 54, 55, 56, 57, 58, 59, 60, 61, 62, 63, 64, 65, 66, 67, 68, 69, 70, 71]
Epoch 0 Loss: 6.8452
Epoch 1 Loss: 6.7488
Epoch 2 Loss: 6.8461
Epoch 3 Loss: 6.3702
Epoch 4 Loss: 6.5515
[Server] Global Inference Model Acc (MNIST) (Round 11): 9.90% (Tested on 9095 samples)
[Server] Global Inference Model Acc (EMNIST) (Round 11): 4.84% (Tested on 105779 samples)
[Server] Global Inference Model Acc (CIFAR10) (Round 11): 0.00% (Tested on 9100 samples)
[Server] Global Inference Model Acc (Mix) (Round 11): 4.86% (Tested on 123974 samples)
Selected client ids: [0, 1, 2, 3, 4, 5, 6, 7, 8, 9, 10, 11, 12, 13, 14, 15, 16, 17, 18, 19, 20, 21, 22, 23, 24, 25, 26, 27, 28, 29]
--- Round 12 ---
Round 12 | Client 0 | Model: (MLP) | Acc: 94.33%
Round 12 | Client 1 | Model: (CNN) | Acc: 94.57%
Round 12 | Client 2 | Model: (ResNet8) | Acc: 91.05%
Round 12 | Client 3 | Model: (ResNet18) | Acc: 98.42%
Round 12 | Client 4 | Model: (MobileNetV2) | Acc: 93.79%
Round 12 | Client 5 | Model: (MobileNetV3) | Acc: 85.06%
Round 12 | Client 6 | Model: (LeNet) | Acc: 97.16%
Round 12 | Client 7 | Model: (AlexNet) | Acc: 98.42%
Round 12 | Client 8 | Model: (ShuffleNet) | Acc: 69.15%
Round 12 | Client 9 | Model: (SqueezeNet) | Acc: 94.64%
Round 12 | Client 11 | Model: (MLP) | Acc: 80.27%
Round 12 | Client 12 | Model: (CNN) | Acc: 83.54%
Round 12 | Client 13 | Model: (ResNet8) | Acc: 84.68%
Round 12 | Client 14 | Model: (ResNet18) | Acc: 86.20%
Round 12 | Client 15 | Model: (MobileNetV2) | Acc: 82.96%
Round 12 | Client 16 | Model: (MobileNetV3) | Acc: 71.56%
Round 12 | Client 17 | Model: (LeNet) | Acc: 84.21%
Round 12 | Client 18 | Model: (AlexNet) | Acc: 84.04%
Round 12 | Client 19 | Model: (ShuffleNet) | Acc: 82.63%
Round 12 | Client 20 | Model: (SqueezeNet) | Acc: 82.10%
Round 12 | Client 22 | Model: (MLP) | Acc: 41.01%
Round 12 | Client 23 | Model: (CNN) | Acc: 52.20%
Round 12 | Client 24 | Model: (ResNet8) | Acc: 49.68%
Round 12 | Client 25 | Model: (ResNet18) | Acc: 57.16%
Round 12 | Client 26 | Model: (MobileNetV2) | Acc: 38.20%
Round 12 | Client 27 | Model: (MobileNetV3) | Acc: 43.99%
Round 12 | Client 28 | Model: (LeNet) | Acc: 48.51%
Round 12 | Client 29 | Model: (AlexNet) | Acc: 51.24%
Round 12 | Client 30 | Model: (ShuffleNet) | Acc: 36.95%
Round 12 | Client 31 | Model: (SqueezeNet) | Acc: 31.80%
[Server] Aggregating by Dataset Name ...
[Server] Training Image-Based Global Generator...
  Epoch 1/10 | Loss: 3.2951
  Epoch 2/10 | Loss: 3.4321
  Epoch 3/10 | Loss: 3.4333
  Epoch 4/10 | Loss: 4.0893
  Epoch 5/10 | Loss: 3.3522
  Epoch 6/10 | Loss: 3.3547
  Epoch 7/10 | Loss: 3.2263
  Epoch 8/10 | Loss: 3.2725
  Epoch 9/10 | Loss: 3.2565
  Epoch 10/10 | Loss: 2.7114
[Server] Image-Based Global Generator training finished.
[Server] Training Final Global Inference Model ...
Detected 72 global classes: [0, 1, 2, 3, 4, 5, 6, 7, 8, 9, 10, 11, 12, 13, 14, 15, 16, 17, 18, 19, 20, 21, 22, 23, 24, 25, 26, 27, 28, 29, 30, 31, 32, 33, 34, 35, 36, 37, 38, 39, 40, 41, 42, 43, 44, 45, 46, 47, 48, 49, 50, 51, 52, 53, 54, 55, 56, 57, 58, 59, 60, 61, 62, 63, 64, 65, 66, 67, 68, 69, 70, 71]
Epoch 0 Loss: 7.0665
Epoch 1 Loss: 6.6892
Epoch 2 Loss: 6.1684
Epoch 3 Loss: 6.3136
Epoch 4 Loss: 6.0434
[Server] Global Inference Model Acc (MNIST) (Round 12): 15.50% (Tested on 9095 samples)
[Server] Global Inference Model Acc (EMNIST) (Round 12): 6.12% (Tested on 105779 samples)
[Server] Global Inference Model Acc (CIFAR10) (Round 12): 0.02% (Tested on 9100 samples)
[Server] Global Inference Model Acc (Mix) (Round 12): 6.36% (Tested on 123974 samples)
Selected client ids: [0, 1, 2, 3, 4, 5, 6, 7, 8, 9, 10, 11, 12, 13, 14, 15, 16, 17, 18, 19, 20, 21, 22, 23, 24, 25, 26, 27, 28, 29]
--- Round 13 ---
Round 13 | Client 0 | Model: (MLP) | Acc: 95.31%
Round 13 | Client 1 | Model: (CNN) | Acc: 81.51%
Round 13 | Client 2 | Model: (ResNet8) | Acc: 95.81%
Round 13 | Client 3 | Model: (ResNet18) | Acc: 97.51%
Round 13 | Client 4 | Model: (MobileNetV2) | Acc: 94.65%
Round 13 | Client 5 | Model: (MobileNetV3) | Acc: 88.85%
Round 13 | Client 6 | Model: (LeNet) | Acc: 98.36%
Round 13 | Client 7 | Model: (AlexNet) | Acc: 98.63%
Round 13 | Client 8 | Model: (ShuffleNet) | Acc: 71.83%
Round 13 | Client 9 | Model: (SqueezeNet) | Acc: 94.75%
Round 13 | Client 11 | Model: (MLP) | Acc: 80.32%
Round 13 | Client 12 | Model: (CNN) | Acc: 83.71%
Round 13 | Client 13 | Model: (ResNet8) | Acc: 85.08%
Round 13 | Client 14 | Model: (ResNet18) | Acc: 86.36%
Round 13 | Client 15 | Model: (MobileNetV2) | Acc: 83.57%
Round 13 | Client 16 | Model: (MobileNetV3) | Acc: 76.41%
Round 13 | Client 17 | Model: (LeNet) | Acc: 84.83%
Round 13 | Client 18 | Model: (AlexNet) | Acc: 83.99%
Round 13 | Client 19 | Model: (ShuffleNet) | Acc: 82.35%
Round 13 | Client 20 | Model: (SqueezeNet) | Acc: 82.78%
Round 13 | Client 22 | Model: (MLP) | Acc: 40.41%
Round 13 | Client 23 | Model: (CNN) | Acc: 51.54%
Round 13 | Client 24 | Model: (ResNet8) | Acc: 58.14%
Round 13 | Client 25 | Model: (ResNet18) | Acc: 53.83%
Round 13 | Client 26 | Model: (MobileNetV2) | Acc: 42.71%
Round 13 | Client 27 | Model: (MobileNetV3) | Acc: 45.71%
Round 13 | Client 28 | Model: (LeNet) | Acc: 49.28%
Round 13 | Client 29 | Model: (AlexNet) | Acc: 55.14%
Round 13 | Client 30 | Model: (ShuffleNet) | Acc: 37.06%
Round 13 | Client 31 | Model: (SqueezeNet) | Acc: 33.15%
[Server] Aggregating by Dataset Name ...
[Server] Training Image-Based Global Generator...
  Epoch 1/10 | Loss: 2.9054
  Epoch 2/10 | Loss: 2.8859
  Epoch 3/10 | Loss: 2.8486
  Epoch 4/10 | Loss: 2.7834
  Epoch 5/10 | Loss: 2.9209
  Epoch 6/10 | Loss: 2.6484
  Epoch 7/10 | Loss: 2.7557
  Epoch 8/10 | Loss: 3.1050
  Epoch 9/10 | Loss: 3.0464
  Epoch 10/10 | Loss: 2.4743
[Server] Image-Based Global Generator training finished.
[Server] Training Final Global Inference Model ...
Detected 72 global classes: [0, 1, 2, 3, 4, 5, 6, 7, 8, 9, 10, 11, 12, 13, 14, 15, 16, 17, 18, 19, 20, 21, 22, 23, 24, 25, 26, 27, 28, 29, 30, 31, 32, 33, 34, 35, 36, 37, 38, 39, 40, 41, 42, 43, 44, 45, 46, 47, 48, 49, 50, 51, 52, 53, 54, 55, 56, 57, 58, 59, 60, 61, 62, 63, 64, 65, 66, 67, 68, 69, 70, 71]
Epoch 0 Loss: 6.1502
Epoch 1 Loss: 6.2986
Epoch 2 Loss: 6.1773
Epoch 3 Loss: 5.7258
Epoch 4 Loss: 5.9766
[Server] Global Inference Model Acc (MNIST) (Round 13): 16.25% (Tested on 9095 samples)
[Server] Global Inference Model Acc (EMNIST) (Round 13): 8.19% (Tested on 105779 samples)
[Server] Global Inference Model Acc (CIFAR10) (Round 13): 0.37% (Tested on 9100 samples)
[Server] Global Inference Model Acc (Mix) (Round 13): 8.21% (Tested on 123974 samples)
Selected client ids: [0, 1, 2, 3, 4, 5, 6, 7, 8, 9, 10, 11, 12, 13, 14, 15, 16, 17, 18, 19, 20, 21, 22, 23, 24, 25, 26, 27, 28, 29]
--- Round 14 ---
Round 14 | Client 0 | Model: (MLP) | Acc: 93.68%
Round 14 | Client 1 | Model: (CNN) | Acc: 87.82%
Round 14 | Client 2 | Model: (ResNet8) | Acc: 98.30%
Round 14 | Client 3 | Model: (ResNet18) | Acc: 97.40%
Round 14 | Client 4 | Model: (MobileNetV2) | Acc: 93.47%
Round 14 | Client 5 | Model: (MobileNetV3) | Acc: 87.85%
Round 14 | Client 6 | Model: (LeNet) | Acc: 98.25%
Round 14 | Client 7 | Model: (AlexNet) | Acc: 97.89%
Round 14 | Client 8 | Model: (ShuffleNet) | Acc: 71.60%
Round 14 | Client 9 | Model: (SqueezeNet) | Acc: 96.50%
Round 14 | Client 11 | Model: (MLP) | Acc: 81.12%
Round 14 | Client 12 | Model: (CNN) | Acc: 84.82%
Round 14 | Client 13 | Model: (ResNet8) | Acc: 84.66%
Round 14 | Client 14 | Model: (ResNet18) | Acc: 85.93%
Round 14 | Client 15 | Model: (MobileNetV2) | Acc: 83.41%
Round 14 | Client 16 | Model: (MobileNetV3) | Acc: 74.87%
Round 14 | Client 17 | Model: (LeNet) | Acc: 83.94%
Round 14 | Client 18 | Model: (AlexNet) | Acc: 83.97%
Round 14 | Client 19 | Model: (ShuffleNet) | Acc: 83.11%
Round 14 | Client 20 | Model: (SqueezeNet) | Acc: 81.96%
Round 14 | Client 22 | Model: (MLP) | Acc: 41.85%
Round 14 | Client 23 | Model: (CNN) | Acc: 55.93%
Round 14 | Client 24 | Model: (ResNet8) | Acc: 51.61%
Round 14 | Client 25 | Model: (ResNet18) | Acc: 57.94%
Round 14 | Client 26 | Model: (MobileNetV2) | Acc: 39.66%
Round 14 | Client 27 | Model: (MobileNetV3) | Acc: 46.14%
Round 14 | Client 28 | Model: (LeNet) | Acc: 49.72%
Round 14 | Client 29 | Model: (AlexNet) | Acc: 55.89%
Round 14 | Client 30 | Model: (ShuffleNet) | Acc: 38.16%
Round 14 | Client 31 | Model: (SqueezeNet) | Acc: 34.72%
[Server] Aggregating by Dataset Name ...
[Server] Training Image-Based Global Generator...
  Epoch 1/10 | Loss: 2.8590
  Epoch 2/10 | Loss: 2.8112
  Epoch 3/10 | Loss: 2.5794
  Epoch 4/10 | Loss: 2.6350
  Epoch 5/10 | Loss: 2.7153
  Epoch 6/10 | Loss: 2.3710
  Epoch 7/10 | Loss: 2.3584
  Epoch 8/10 | Loss: 2.4284
  Epoch 9/10 | Loss: 2.3381
  Epoch 10/10 | Loss: 2.2511
[Server] Image-Based Global Generator training finished.
[Server] Training Final Global Inference Model ...
Detected 72 global classes: [0, 1, 2, 3, 4, 5, 6, 7, 8, 9, 10, 11, 12, 13, 14, 15, 16, 17, 18, 19, 20, 21, 22, 23, 24, 25, 26, 27, 28, 29, 30, 31, 32, 33, 34, 35, 36, 37, 38, 39, 40, 41, 42, 43, 44, 45, 46, 47, 48, 49, 50, 51, 52, 53, 54, 55, 56, 57, 58, 59, 60, 61, 62, 63, 64, 65, 66, 67, 68, 69, 70, 71]
Epoch 0 Loss: 6.2632
Epoch 1 Loss: 5.5596
Epoch 2 Loss: 6.1935
Epoch 3 Loss: 5.2582
Epoch 4 Loss: 5.0425
[Server] Global Inference Model Acc (MNIST) (Round 14): 17.49% (Tested on 9095 samples)
[Server] Global Inference Model Acc (EMNIST) (Round 14): 7.32% (Tested on 105779 samples)
[Server] Global Inference Model Acc (CIFAR10) (Round 14): 0.12% (Tested on 9100 samples)
[Server] Global Inference Model Acc (Mix) (Round 14): 7.54% (Tested on 123974 samples)
Selected client ids: [0, 1, 2, 3, 4, 5, 6, 7, 8, 9, 10, 11, 12, 13, 14, 15, 16, 17, 18, 19, 20, 21, 22, 23, 24, 25, 26, 27, 28, 29]
--- Round 15 ---
Round 15 | Client 0 | Model: (MLP) | Acc: 94.33%
Round 15 | Client 1 | Model: (CNN) | Acc: 79.07%
Round 15 | Client 2 | Model: (ResNet8) | Acc: 95.47%
Round 15 | Client 3 | Model: (ResNet18) | Acc: 98.08%
Round 15 | Client 4 | Model: (MobileNetV2) | Acc: 94.97%
Round 15 | Client 5 | Model: (MobileNetV3) | Acc: 84.73%
Round 15 | Client 6 | Model: (LeNet) | Acc: 98.36%
Round 15 | Client 7 | Model: (AlexNet) | Acc: 97.05%
Round 15 | Client 8 | Model: (ShuffleNet) | Acc: 64.70%
Round 15 | Client 9 | Model: (SqueezeNet) | Acc: 96.39%
Round 15 | Client 11 | Model: (MLP) | Acc: 80.20%
Round 15 | Client 12 | Model: (CNN) | Acc: 83.94%
Round 15 | Client 13 | Model: (ResNet8) | Acc: 84.86%
Round 15 | Client 14 | Model: (ResNet18) | Acc: 84.82%
Round 15 | Client 15 | Model: (MobileNetV2) | Acc: 83.82%
Round 15 | Client 16 | Model: (MobileNetV3) | Acc: 69.09%
Round 15 | Client 17 | Model: (LeNet) | Acc: 84.11%
Round 15 | Client 18 | Model: (AlexNet) | Acc: 83.75%
Round 15 | Client 19 | Model: (ShuffleNet) | Acc: 83.15%
Round 15 | Client 20 | Model: (SqueezeNet) | Acc: 82.95%
Round 15 | Client 22 | Model: (MLP) | Acc: 41.97%
Round 15 | Client 23 | Model: (CNN) | Acc: 39.89%
Round 15 | Client 24 | Model: (ResNet8) | Acc: 59.42%
Round 15 | Client 25 | Model: (ResNet18) | Acc: 56.71%
Round 15 | Client 26 | Model: (MobileNetV2) | Acc: 41.97%
Round 15 | Client 27 | Model: (MobileNetV3) | Acc: 45.39%
Round 15 | Client 28 | Model: (LeNet) | Acc: 50.83%
Round 15 | Client 29 | Model: (AlexNet) | Acc: 56.32%
Round 15 | Client 30 | Model: (ShuffleNet) | Acc: 37.39%
Round 15 | Client 31 | Model: (SqueezeNet) | Acc: 37.87%
[Server] Aggregating by Dataset Name ...
[Server] Training Image-Based Global Generator...
  Epoch 1/10 | Loss: 2.3959
  Epoch 2/10 | Loss: 2.3597
  Epoch 3/10 | Loss: 2.4043
  Epoch 4/10 | Loss: 2.2991
  Epoch 5/10 | Loss: 2.5950
  Epoch 6/10 | Loss: 2.0082
  Epoch 7/10 | Loss: 2.3167
  Epoch 8/10 | Loss: 2.4887
  Epoch 9/10 | Loss: 1.9552
  Epoch 10/10 | Loss: 2.0904
[Server] Image-Based Global Generator training finished.
[Server] Training Final Global Inference Model ...
Detected 72 global classes: [0, 1, 2, 3, 4, 5, 6, 7, 8, 9, 10, 11, 12, 13, 14, 15, 16, 17, 18, 19, 20, 21, 22, 23, 24, 25, 26, 27, 28, 29, 30, 31, 32, 33, 34, 35, 36, 37, 38, 39, 40, 41, 42, 43, 44, 45, 46, 47, 48, 49, 50, 51, 52, 53, 54, 55, 56, 57, 58, 59, 60, 61, 62, 63, 64, 65, 66, 67, 68, 69, 70, 71]
Epoch 0 Loss: 5.4523
Epoch 1 Loss: 5.5010
Epoch 2 Loss: 5.1157
Epoch 3 Loss: 5.3736
Epoch 4 Loss: 4.2676
[Server] Global Inference Model Acc (MNIST) (Round 15): 28.04% (Tested on 9095 samples)
[Server] Global Inference Model Acc (EMNIST) (Round 15): 14.05% (Tested on 105779 samples)
[Server] Global Inference Model Acc (CIFAR10) (Round 15): 0.33% (Tested on 9100 samples)
[Server] Global Inference Model Acc (Mix) (Round 15): 14.07% (Tested on 123974 samples)
Selected client ids: [0, 1, 2, 3, 4, 5, 6, 7, 8, 9, 10, 11, 12, 13, 14, 15, 16, 17, 18, 19, 20, 21, 22, 23, 24, 25, 26, 27, 28, 29]
--- Round 16 ---
Round 16 | Client 0 | Model: (MLP) | Acc: 94.44%
Round 16 | Client 1 | Model: (CNN) | Acc: 91.36%
Round 16 | Client 2 | Model: (ResNet8) | Acc: 97.62%
Round 16 | Client 3 | Model: (ResNet18) | Acc: 98.30%
Round 16 | Client 4 | Model: (MobileNetV2) | Acc: 96.15%
Round 16 | Client 5 | Model: (MobileNetV3) | Acc: 89.30%
Round 16 | Client 6 | Model: (LeNet) | Acc: 98.36%
Round 16 | Client 7 | Model: (AlexNet) | Acc: 98.32%
Round 16 | Client 8 | Model: (ShuffleNet) | Acc: 65.48%
Round 16 | Client 9 | Model: (SqueezeNet) | Acc: 97.27%
Round 16 | Client 11 | Model: (MLP) | Acc: 80.09%
Round 16 | Client 12 | Model: (CNN) | Acc: 84.89%
Round 16 | Client 13 | Model: (ResNet8) | Acc: 85.24%
Round 16 | Client 14 | Model: (ResNet18) | Acc: 84.74%
Round 16 | Client 15 | Model: (MobileNetV2) | Acc: 84.17%
Round 16 | Client 16 | Model: (MobileNetV3) | Acc: 77.28%
Round 16 | Client 17 | Model: (LeNet) | Acc: 84.03%
Round 16 | Client 18 | Model: (AlexNet) | Acc: 83.52%
Round 16 | Client 19 | Model: (ShuffleNet) | Acc: 83.55%
Round 16 | Client 20 | Model: (SqueezeNet) | Acc: 83.08%
Round 16 | Client 22 | Model: (MLP) | Acc: 40.53%
Round 16 | Client 23 | Model: (CNN) | Acc: 50.33%
Round 16 | Client 24 | Model: (ResNet8) | Acc: 54.82%
Round 16 | Client 25 | Model: (ResNet18) | Acc: 58.38%
Round 16 | Client 26 | Model: (MobileNetV2) | Acc: 39.66%
Round 16 | Client 27 | Model: (MobileNetV3) | Acc: 46.14%
Round 16 | Client 28 | Model: (LeNet) | Acc: 50.83%
Round 16 | Client 29 | Model: (AlexNet) | Acc: 54.38%
Round 16 | Client 30 | Model: (ShuffleNet) | Acc: 37.28%
Round 16 | Client 31 | Model: (SqueezeNet) | Acc: 32.58%
[Server] Aggregating by Dataset Name ...
[Server] Training Image-Based Global Generator...
  Epoch 1/10 | Loss: 2.0414
  Epoch 2/10 | Loss: 1.9982
  Epoch 3/10 | Loss: 1.9114
  Epoch 4/10 | Loss: 2.0432
  Epoch 5/10 | Loss: 2.0448
  Epoch 6/10 | Loss: 1.7126
  Epoch 7/10 | Loss: 1.9459
  Epoch 8/10 | Loss: 1.8688
  Epoch 9/10 | Loss: 1.8199
  Epoch 10/10 | Loss: 1.7616
[Server] Image-Based Global Generator training finished.
[Server] Training Final Global Inference Model ...
Detected 72 global classes: [0, 1, 2, 3, 4, 5, 6, 7, 8, 9, 10, 11, 12, 13, 14, 15, 16, 17, 18, 19, 20, 21, 22, 23, 24, 25, 26, 27, 28, 29, 30, 31, 32, 33, 34, 35, 36, 37, 38, 39, 40, 41, 42, 43, 44, 45, 46, 47, 48, 49, 50, 51, 52, 53, 54, 55, 56, 57, 58, 59, 60, 61, 62, 63, 64, 65, 66, 67, 68, 69, 70, 71]
Epoch 0 Loss: 4.8760
Epoch 1 Loss: 4.5741
Epoch 2 Loss: 4.5966
Epoch 3 Loss: 4.4095
Epoch 4 Loss: 4.5187
[Server] Global Inference Model Acc (MNIST) (Round 16): 16.43% (Tested on 9095 samples)
[Server] Global Inference Model Acc (EMNIST) (Round 16): 9.46% (Tested on 105779 samples)
[Server] Global Inference Model Acc (CIFAR10) (Round 16): 1.40% (Tested on 9100 samples)
[Server] Global Inference Model Acc (Mix) (Round 16): 9.38% (Tested on 123974 samples)
Selected client ids: [0, 1, 2, 3, 4, 5, 6, 7, 8, 9, 10, 11, 12, 13, 14, 15, 16, 17, 18, 19, 20, 21, 22, 23, 24, 25, 26, 27, 28, 29]
--- Round 17 ---
Round 17 | Client 0 | Model: (MLP) | Acc: 94.55%
Round 17 | Client 1 | Model: (CNN) | Acc: 79.96%
Round 17 | Client 2 | Model: (ResNet8) | Acc: 97.51%
Round 17 | Client 3 | Model: (ResNet18) | Acc: 99.10%
Round 17 | Client 4 | Model: (MobileNetV2) | Acc: 94.97%
Round 17 | Client 5 | Model: (MobileNetV3) | Acc: 91.08%
Round 17 | Client 6 | Model: (LeNet) | Acc: 97.92%
Round 17 | Client 7 | Model: (AlexNet) | Acc: 98.53%
Round 17 | Client 8 | Model: (ShuffleNet) | Acc: 69.49%
Round 17 | Client 9 | Model: (SqueezeNet) | Acc: 96.94%
Round 17 | Client 11 | Model: (MLP) | Acc: 80.48%
Round 17 | Client 12 | Model: (CNN) | Acc: 84.82%
Round 17 | Client 13 | Model: (ResNet8) | Acc: 84.75%
Round 17 | Client 14 | Model: (ResNet18) | Acc: 85.65%
Round 17 | Client 15 | Model: (MobileNetV2) | Acc: 82.82%
Round 17 | Client 16 | Model: (MobileNetV3) | Acc: 71.03%
Round 17 | Client 17 | Model: (LeNet) | Acc: 84.71%
Round 17 | Client 18 | Model: (AlexNet) | Acc: 83.72%
Round 17 | Client 19 | Model: (ShuffleNet) | Acc: 83.16%
Round 17 | Client 20 | Model: (SqueezeNet) | Acc: 82.53%
Round 17 | Client 22 | Model: (MLP) | Acc: 42.93%
Round 17 | Client 23 | Model: (CNN) | Acc: 60.00%
Round 17 | Client 24 | Model: (ResNet8) | Acc: 56.32%
Round 17 | Client 25 | Model: (ResNet18) | Acc: 58.49%
Round 17 | Client 26 | Model: (MobileNetV2) | Acc: 42.18%
Round 17 | Client 27 | Model: (MobileNetV3) | Acc: 45.06%
Round 17 | Client 28 | Model: (LeNet) | Acc: 51.38%
Round 17 | Client 29 | Model: (AlexNet) | Acc: 55.14%
Round 17 | Client 30 | Model: (ShuffleNet) | Acc: 40.02%
Round 17 | Client 31 | Model: (SqueezeNet) | Acc: 30.79%
[Server] Aggregating by Dataset Name ...
[Server] Training Image-Based Global Generator...
  Epoch 1/10 | Loss: 1.7647
  Epoch 2/10 | Loss: 1.6487
  Epoch 3/10 | Loss: 1.6642
  Epoch 4/10 | Loss: 1.6618
  Epoch 5/10 | Loss: 1.5445
  Epoch 6/10 | Loss: 1.4714
  Epoch 7/10 | Loss: 1.5759
  Epoch 8/10 | Loss: 1.5561
  Epoch 9/10 | Loss: 1.4563
  Epoch 10/10 | Loss: 1.3225
[Server] Image-Based Global Generator training finished.
[Server] Training Final Global Inference Model ...
Detected 72 global classes: [0, 1, 2, 3, 4, 5, 6, 7, 8, 9, 10, 11, 12, 13, 14, 15, 16, 17, 18, 19, 20, 21, 22, 23, 24, 25, 26, 27, 28, 29, 30, 31, 32, 33, 34, 35, 36, 37, 38, 39, 40, 41, 42, 43, 44, 45, 46, 47, 48, 49, 50, 51, 52, 53, 54, 55, 56, 57, 58, 59, 60, 61, 62, 63, 64, 65, 66, 67, 68, 69, 70, 71]
Epoch 0 Loss: 4.5827
Epoch 1 Loss: 3.7932
Epoch 2 Loss: 4.3531
Epoch 3 Loss: 3.6904
Epoch 4 Loss: 3.5247
[Server] Global Inference Model Acc (MNIST) (Round 17): 21.10% (Tested on 9095 samples)
[Server] Global Inference Model Acc (EMNIST) (Round 17): 11.47% (Tested on 105779 samples)
[Server] Global Inference Model Acc (CIFAR10) (Round 17): 0.65% (Tested on 9100 samples)
[Server] Global Inference Model Acc (Mix) (Round 17): 11.38% (Tested on 123974 samples)
Selected client ids: [0, 1, 2, 3, 4, 5, 6, 7, 8, 9, 10, 11, 12, 13, 14, 15, 16, 17, 18, 19, 20, 21, 22, 23, 24, 25, 26, 27, 28, 29]
--- Round 18 ---
Round 18 | Client 0 | Model: (MLP) | Acc: 94.33%
Round 18 | Client 1 | Model: (CNN) | Acc: 94.24%
Round 18 | Client 2 | Model: (ResNet8) | Acc: 82.45%
Round 18 | Client 3 | Model: (ResNet18) | Acc: 98.87%
Round 18 | Client 4 | Model: (MobileNetV2) | Acc: 95.18%
Round 18 | Client 5 | Model: (MobileNetV3) | Acc: 88.41%
Round 18 | Client 6 | Model: (LeNet) | Acc: 97.70%
Round 18 | Client 7 | Model: (AlexNet) | Acc: 98.74%
Round 18 | Client 8 | Model: (ShuffleNet) | Acc: 69.60%
Round 18 | Client 9 | Model: (SqueezeNet) | Acc: 97.05%
Round 18 | Client 11 | Model: (MLP) | Acc: 80.55%
Round 18 | Client 12 | Model: (CNN) | Acc: 85.32%
Round 18 | Client 13 | Model: (ResNet8) | Acc: 84.14%
Round 18 | Client 14 | Model: (ResNet18) | Acc: 85.06%
Round 18 | Client 15 | Model: (MobileNetV2) | Acc: 84.34%
Round 18 | Client 16 | Model: (MobileNetV3) | Acc: 77.61%
Round 18 | Client 17 | Model: (LeNet) | Acc: 84.16%
Round 18 | Client 18 | Model: (AlexNet) | Acc: 83.72%
Round 18 | Client 19 | Model: (ShuffleNet) | Acc: 82.72%
Round 18 | Client 20 | Model: (SqueezeNet) | Acc: 82.41%
Round 18 | Client 22 | Model: (MLP) | Acc: 40.65%
Round 18 | Client 23 | Model: (CNN) | Acc: 58.79%
Round 18 | Client 24 | Model: (ResNet8) | Acc: 50.96%
Round 18 | Client 25 | Model: (ResNet18) | Acc: 50.72%
Round 18 | Client 26 | Model: (MobileNetV2) | Acc: 42.50%
Round 18 | Client 27 | Model: (MobileNetV3) | Acc: 45.06%
Round 18 | Client 28 | Model: (LeNet) | Acc: 53.03%
Round 18 | Client 29 | Model: (AlexNet) | Acc: 55.03%
Round 18 | Client 30 | Model: (ShuffleNet) | Acc: 39.14%
Round 18 | Client 31 | Model: (SqueezeNet) | Acc: 33.71%
[Server] Aggregating by Dataset Name ...
[Server] Training Image-Based Global Generator...
  Epoch 1/10 | Loss: 1.6512
  Epoch 2/10 | Loss: 1.4568
  Epoch 3/10 | Loss: 1.6664
  Epoch 4/10 | Loss: 1.5747
  Epoch 5/10 | Loss: 1.5212
  Epoch 6/10 | Loss: 1.4820
  Epoch 7/10 | Loss: 1.3680
  Epoch 8/10 | Loss: 1.3151
  Epoch 9/10 | Loss: 1.3036
  Epoch 10/10 | Loss: 1.2776
[Server] Image-Based Global Generator training finished.
[Server] Training Final Global Inference Model ...
Detected 72 global classes: [0, 1, 2, 3, 4, 5, 6, 7, 8, 9, 10, 11, 12, 13, 14, 15, 16, 17, 18, 19, 20, 21, 22, 23, 24, 25, 26, 27, 28, 29, 30, 31, 32, 33, 34, 35, 36, 37, 38, 39, 40, 41, 42, 43, 44, 45, 46, 47, 48, 49, 50, 51, 52, 53, 54, 55, 56, 57, 58, 59, 60, 61, 62, 63, 64, 65, 66, 67, 68, 69, 70, 71]
Epoch 0 Loss: 3.7545
Epoch 1 Loss: 3.4945
Epoch 2 Loss: 3.9095
Epoch 3 Loss: 2.9594
Epoch 4 Loss: 3.1207
[Server] Global Inference Model Acc (MNIST) (Round 18): 22.30% (Tested on 9095 samples)
[Server] Global Inference Model Acc (EMNIST) (Round 18): 11.06% (Tested on 105779 samples)
[Server] Global Inference Model Acc (CIFAR10) (Round 18): 1.52% (Tested on 9100 samples)
[Server] Global Inference Model Acc (Mix) (Round 18): 11.19% (Tested on 123974 samples)
Selected client ids: [0, 1, 2, 3, 4, 5, 6, 7, 8, 9, 10, 11, 12, 13, 14, 15, 16, 17, 18, 19, 20, 21, 22, 23, 24, 25, 26, 27, 28, 29]
--- Round 19 ---
Round 19 | Client 0 | Model: (MLP) | Acc: 92.69%
Round 19 | Client 1 | Model: (CNN) | Acc: 95.57%
Round 19 | Client 2 | Model: (ResNet8) | Acc: 91.85%
Round 19 | Client 3 | Model: (ResNet18) | Acc: 98.64%
Round 19 | Client 4 | Model: (MobileNetV2) | Acc: 94.43%
Round 19 | Client 5 | Model: (MobileNetV3) | Acc: 91.53%
Round 19 | Client 6 | Model: (LeNet) | Acc: 97.37%
Round 19 | Client 7 | Model: (AlexNet) | Acc: 98.11%
Round 19 | Client 8 | Model: (ShuffleNet) | Acc: 68.04%
Round 19 | Client 9 | Model: (SqueezeNet) | Acc: 96.39%
Round 19 | Client 11 | Model: (MLP) | Acc: 80.53%
Round 19 | Client 12 | Model: (CNN) | Acc: 84.52%
Round 19 | Client 13 | Model: (ResNet8) | Acc: 83.86%
Round 19 | Client 14 | Model: (ResNet18) | Acc: 84.79%
Round 19 | Client 15 | Model: (MobileNetV2) | Acc: 84.37%
Round 19 | Client 16 | Model: (MobileNetV3) | Acc: 76.04%
Round 19 | Client 17 | Model: (LeNet) | Acc: 84.28%
Round 19 | Client 18 | Model: (AlexNet) | Acc: 83.19%
Round 19 | Client 19 | Model: (ShuffleNet) | Acc: 83.19%
Round 19 | Client 20 | Model: (SqueezeNet) | Acc: 81.95%
Round 19 | Client 22 | Model: (MLP) | Acc: 41.73%
Round 19 | Client 23 | Model: (CNN) | Acc: 61.10%
Round 19 | Client 24 | Model: (ResNet8) | Acc: 49.25%
Round 19 | Client 25 | Model: (ResNet18) | Acc: 60.04%
Round 19 | Client 26 | Model: (MobileNetV2) | Acc: 42.39%
Round 19 | Client 27 | Model: (MobileNetV3) | Acc: 45.49%
Round 19 | Client 28 | Model: (LeNet) | Acc: 53.58%
Round 19 | Client 29 | Model: (AlexNet) | Acc: 55.03%
Round 19 | Client 30 | Model: (ShuffleNet) | Acc: 38.82%
Round 19 | Client 31 | Model: (SqueezeNet) | Acc: 36.07%
[Server] Aggregating by Dataset Name ...
[Server] Training Image-Based Global Generator...
  Epoch 1/10 | Loss: 1.3365
  Epoch 2/10 | Loss: 1.3483
  Epoch 3/10 | Loss: 1.3988
  Epoch 4/10 | Loss: 1.4095
  Epoch 5/10 | Loss: 1.3927
  Epoch 6/10 | Loss: 1.3552
  Epoch 7/10 | Loss: 1.3993
  Epoch 8/10 | Loss: 1.2702
  Epoch 9/10 | Loss: 1.3017
  Epoch 10/10 | Loss: 1.3324
[Server] Image-Based Global Generator training finished.
[Server] Training Final Global Inference Model ...
Detected 72 global classes: [0, 1, 2, 3, 4, 5, 6, 7, 8, 9, 10, 11, 12, 13, 14, 15, 16, 17, 18, 19, 20, 21, 22, 23, 24, 25, 26, 27, 28, 29, 30, 31, 32, 33, 34, 35, 36, 37, 38, 39, 40, 41, 42, 43, 44, 45, 46, 47, 48, 49, 50, 51, 52, 53, 54, 55, 56, 57, 58, 59, 60, 61, 62, 63, 64, 65, 66, 67, 68, 69, 70, 71]
Epoch 0 Loss: 2.9880
Epoch 1 Loss: 3.0334
Epoch 2 Loss: 2.9696
Epoch 3 Loss: 2.8845
Epoch 4 Loss: 2.3584
[Server] Global Inference Model Acc (MNIST) (Round 19): 27.75% (Tested on 9095 samples)
[Server] Global Inference Model Acc (EMNIST) (Round 19): 13.78% (Tested on 105779 samples)
[Server] Global Inference Model Acc (CIFAR10) (Round 19): 2.78% (Tested on 9100 samples)
[Server] Global Inference Model Acc (Mix) (Round 19): 13.99% (Tested on 123974 samples)
Selected client ids: [0, 1, 2, 3, 4, 5, 6, 7, 8, 9, 10, 11, 12, 13, 14, 15, 16, 17, 18, 19, 20, 21, 22, 23, 24, 25, 26, 27, 28, 29]
--- Round 20 ---
Round 20 | Client 0 | Model: (MLP) | Acc: 95.42%
Round 20 | Client 1 | Model: (CNN) | Acc: 84.83%
Round 20 | Client 2 | Model: (ResNet8) | Acc: 95.36%
Round 20 | Client 3 | Model: (ResNet18) | Acc: 99.32%
Round 20 | Client 4 | Model: (MobileNetV2) | Acc: 94.97%
Round 20 | Client 5 | Model: (MobileNetV3) | Acc: 89.74%
Round 20 | Client 6 | Model: (LeNet) | Acc: 98.69%
Round 20 | Client 7 | Model: (AlexNet) | Acc: 98.63%
Round 20 | Client 8 | Model: (ShuffleNet) | Acc: 68.71%
Round 20 | Client 9 | Model: (SqueezeNet) | Acc: 96.39%
Round 20 | Client 11 | Model: (MLP) | Acc: 79.89%
Round 20 | Client 12 | Model: (CNN) | Acc: 85.44%
Round 20 | Client 13 | Model: (ResNet8) | Acc: 83.98%
Round 20 | Client 14 | Model: (ResNet18) | Acc: 84.42%
Round 20 | Client 15 | Model: (MobileNetV2) | Acc: 83.72%
Round 20 | Client 16 | Model: (MobileNetV3) | Acc: 78.92%
Round 20 | Client 17 | Model: (LeNet) | Acc: 84.41%
Round 20 | Client 18 | Model: (AlexNet) | Acc: 83.36%
Round 20 | Client 19 | Model: (ShuffleNet) | Acc: 83.74%
Round 20 | Client 20 | Model: (SqueezeNet) | Acc: 82.61%
Round 20 | Client 22 | Model: (MLP) | Acc: 39.33%
Round 20 | Client 23 | Model: (CNN) | Acc: 58.02%
Round 20 | Client 24 | Model: (ResNet8) | Acc: 56.96%
Round 20 | Client 25 | Model: (ResNet18) | Acc: 57.16%
Round 20 | Client 26 | Model: (MobileNetV2) | Acc: 39.87%
Round 20 | Client 27 | Model: (MobileNetV3) | Acc: 45.28%
Round 20 | Client 28 | Model: (LeNet) | Acc: 52.04%
Round 20 | Client 29 | Model: (AlexNet) | Acc: 56.54%
Round 20 | Client 30 | Model: (ShuffleNet) | Acc: 40.46%
Round 20 | Client 31 | Model: (SqueezeNet) | Acc: 37.98%
[Server] Aggregating by Dataset Name ...
[Server] Training Image-Based Global Generator...
  Epoch 1/10 | Loss: 1.2121
  Epoch 2/10 | Loss: 1.4226
  Epoch 3/10 | Loss: 1.0383
  Epoch 4/10 | Loss: 1.1262
  Epoch 5/10 | Loss: 1.2246
  Epoch 6/10 | Loss: 1.1390
  Epoch 7/10 | Loss: 1.2284
  Epoch 8/10 | Loss: 1.2321
  Epoch 9/10 | Loss: 1.0314
  Epoch 10/10 | Loss: 1.1762
[Server] Image-Based Global Generator training finished.
[Server] Training Final Global Inference Model ...
Detected 72 global classes: [0, 1, 2, 3, 4, 5, 6, 7, 8, 9, 10, 11, 12, 13, 14, 15, 16, 17, 18, 19, 20, 21, 22, 23, 24, 25, 26, 27, 28, 29, 30, 31, 32, 33, 34, 35, 36, 37, 38, 39, 40, 41, 42, 43, 44, 45, 46, 47, 48, 49, 50, 51, 52, 53, 54, 55, 56, 57, 58, 59, 60, 61, 62, 63, 64, 65, 66, 67, 68, 69, 70, 71]
Epoch 0 Loss: 2.5513
Epoch 1 Loss: 2.3095
Epoch 2 Loss: 2.0486
Epoch 3 Loss: 1.9541
Epoch 4 Loss: 2.3745
[Server] Global Inference Model Acc (MNIST) (Round 20): 29.73% (Tested on 9095 samples)
[Server] Global Inference Model Acc (EMNIST) (Round 20): 13.21% (Tested on 105779 samples)
[Server] Global Inference Model Acc (CIFAR10) (Round 20): 4.74% (Tested on 9100 samples)
[Server] Global Inference Model Acc (Mix) (Round 20): 13.80% (Tested on 123974 samples)
Selected client ids: [0, 1, 2, 3, 4, 5, 6, 7, 8, 9, 10, 11, 12, 13, 14, 15, 16, 17, 18, 19, 20, 21, 22, 23, 24, 25, 26, 27, 28, 29]
--- Round 21 ---
Round 21 | Client 0 | Model: (MLP) | Acc: 96.40%
Round 21 | Client 1 | Model: (CNN) | Acc: 96.23%
Round 21 | Client 2 | Model: (ResNet8) | Acc: 97.28%
Round 21 | Client 3 | Model: (ResNet18) | Acc: 97.74%
Round 21 | Client 4 | Model: (MobileNetV2) | Acc: 95.61%
Round 21 | Client 5 | Model: (MobileNetV3) | Acc: 91.64%
Round 21 | Client 6 | Model: (LeNet) | Acc: 98.91%
Round 21 | Client 7 | Model: (AlexNet) | Acc: 97.79%
Round 21 | Client 8 | Model: (ShuffleNet) | Acc: 69.15%
Round 21 | Client 9 | Model: (SqueezeNet) | Acc: 96.61%
Round 21 | Client 11 | Model: (MLP) | Acc: 80.10%
Round 21 | Client 12 | Model: (CNN) | Acc: 83.68%
Round 21 | Client 13 | Model: (ResNet8) | Acc: 84.74%
Round 21 | Client 14 | Model: (ResNet18) | Acc: 84.35%
Round 21 | Client 15 | Model: (MobileNetV2) | Acc: 84.10%
Round 21 | Client 16 | Model: (MobileNetV3) | Acc: 78.37%
Round 21 | Client 17 | Model: (LeNet) | Acc: 84.16%
Round 21 | Client 18 | Model: (AlexNet) | Acc: 83.03%
Round 21 | Client 19 | Model: (ShuffleNet) | Acc: 83.60%
Round 21 | Client 20 | Model: (SqueezeNet) | Acc: 83.28%
Round 21 | Client 22 | Model: (MLP) | Acc: 41.13%
Round 21 | Client 23 | Model: (CNN) | Acc: 46.04%
Round 21 | Client 24 | Model: (ResNet8) | Acc: 59.64%
Round 21 | Client 25 | Model: (ResNet18) | Acc: 59.71%
Round 21 | Client 26 | Model: (MobileNetV2) | Acc: 40.92%
Round 21 | Client 27 | Model: (MobileNetV3) | Acc: 46.57%
Round 21 | Client 28 | Model: (LeNet) | Acc: 52.59%
Round 21 | Client 29 | Model: (AlexNet) | Acc: 53.84%
Round 21 | Client 30 | Model: (ShuffleNet) | Acc: 38.38%
Round 21 | Client 31 | Model: (SqueezeNet) | Acc: 35.39%
[Server] Aggregating by Dataset Name ...
[Server] Training Image-Based Global Generator...
  Epoch 1/10 | Loss: 1.2519
  Epoch 2/10 | Loss: 1.3330
  Epoch 3/10 | Loss: 1.1552
  Epoch 4/10 | Loss: 1.1143
  Epoch 5/10 | Loss: 1.2001
  Epoch 6/10 | Loss: 1.1348
  Epoch 7/10 | Loss: 1.1084
  Epoch 8/10 | Loss: 1.0391
  Epoch 9/10 | Loss: 0.9753
  Epoch 10/10 | Loss: 1.2585
[Server] Image-Based Global Generator training finished.
[Server] Training Final Global Inference Model ...
Detected 72 global classes: [0, 1, 2, 3, 4, 5, 6, 7, 8, 9, 10, 11, 12, 13, 14, 15, 16, 17, 18, 19, 20, 21, 22, 23, 24, 25, 26, 27, 28, 29, 30, 31, 32, 33, 34, 35, 36, 37, 38, 39, 40, 41, 42, 43, 44, 45, 46, 47, 48, 49, 50, 51, 52, 53, 54, 55, 56, 57, 58, 59, 60, 61, 62, 63, 64, 65, 66, 67, 68, 69, 70, 71]
Epoch 0 Loss: 1.8836
Epoch 1 Loss: 1.7386
Epoch 2 Loss: 1.9735
Epoch 3 Loss: 1.9171
Epoch 4 Loss: 1.9039
[Server] Global Inference Model Acc (MNIST) (Round 21): 25.61% (Tested on 9095 samples)
[Server] Global Inference Model Acc (EMNIST) (Round 21): 10.39% (Tested on 105779 samples)
[Server] Global Inference Model Acc (CIFAR10) (Round 21): 7.40% (Tested on 9100 samples)
[Server] Global Inference Model Acc (Mix) (Round 21): 11.29% (Tested on 123974 samples)
Selected client ids: [0, 1, 2, 3, 4, 5, 6, 7, 8, 9, 10, 11, 12, 13, 14, 15, 16, 17, 18, 19, 20, 21, 22, 23, 24, 25, 26, 27, 28, 29]
--- Round 22 ---
Round 22 | Client 0 | Model: (MLP) | Acc: 95.97%
Round 22 | Client 1 | Model: (CNN) | Acc: 97.67%
Round 22 | Client 2 | Model: (ResNet8) | Acc: 97.28%
Round 22 | Client 3 | Model: (ResNet18) | Acc: 98.19%
Round 22 | Client 4 | Model: (MobileNetV2) | Acc: 95.72%
Round 22 | Client 5 | Model: (MobileNetV3) | Acc: 89.19%
Round 22 | Client 6 | Model: (LeNet) | Acc: 98.25%
Round 22 | Client 7 | Model: (AlexNet) | Acc: 98.32%
Round 22 | Client 8 | Model: (ShuffleNet) | Acc: 69.82%
Round 22 | Client 9 | Model: (SqueezeNet) | Acc: 97.92%
Round 22 | Client 11 | Model: (MLP) | Acc: 80.03%
Round 22 | Client 12 | Model: (CNN) | Acc: 84.15%
Round 22 | Client 13 | Model: (ResNet8) | Acc: 84.32%
Round 22 | Client 14 | Model: (ResNet18) | Acc: 84.57%
Round 22 | Client 15 | Model: (MobileNetV2) | Acc: 84.26%
Round 22 | Client 16 | Model: (MobileNetV3) | Acc: 58.89%
Round 22 | Client 17 | Model: (LeNet) | Acc: 84.59%
Round 22 | Client 18 | Model: (AlexNet) | Acc: 81.71%
Round 22 | Client 19 | Model: (ShuffleNet) | Acc: 83.82%
Round 22 | Client 20 | Model: (SqueezeNet) | Acc: 82.78%
Round 22 | Client 22 | Model: (MLP) | Acc: 42.93%
Round 22 | Client 23 | Model: (CNN) | Acc: 50.88%
Round 22 | Client 24 | Model: (ResNet8) | Acc: 52.78%
Round 22 | Client 25 | Model: (ResNet18) | Acc: 57.71%
Round 22 | Client 26 | Model: (MobileNetV2) | Acc: 40.50%
Round 22 | Client 27 | Model: (MobileNetV3) | Acc: 47.10%
Round 22 | Client 28 | Model: (LeNet) | Acc: 51.60%
Round 22 | Client 29 | Model: (AlexNet) | Acc: 55.89%
Round 22 | Client 30 | Model: (ShuffleNet) | Acc: 39.91%
Round 22 | Client 31 | Model: (SqueezeNet) | Acc: 36.85%
[Server] Aggregating by Dataset Name ...
[Server] Training Image-Based Global Generator...
  Epoch 1/10 | Loss: 1.1369
  Epoch 2/10 | Loss: 1.2096
  Epoch 3/10 | Loss: 1.0884
  Epoch 4/10 | Loss: 1.1629
  Epoch 5/10 | Loss: 1.0780
  Epoch 6/10 | Loss: 0.9914
  Epoch 7/10 | Loss: 1.0278
  Epoch 8/10 | Loss: 1.1120
  Epoch 9/10 | Loss: 1.0847
  Epoch 10/10 | Loss: 0.9670
[Server] Image-Based Global Generator training finished.
[Server] Training Final Global Inference Model ...
Detected 72 global classes: [0, 1, 2, 3, 4, 5, 6, 7, 8, 9, 10, 11, 12, 13, 14, 15, 16, 17, 18, 19, 20, 21, 22, 23, 24, 25, 26, 27, 28, 29, 30, 31, 32, 33, 34, 35, 36, 37, 38, 39, 40, 41, 42, 43, 44, 45, 46, 47, 48, 49, 50, 51, 52, 53, 54, 55, 56, 57, 58, 59, 60, 61, 62, 63, 64, 65, 66, 67, 68, 69, 70, 71]
Epoch 0 Loss: 1.5710
Epoch 1 Loss: 1.6432
Epoch 2 Loss: 1.4307
Epoch 3 Loss: 1.3733
Epoch 4 Loss: 1.4887
[Server] Global Inference Model Acc (MNIST) (Round 22): 35.10% (Tested on 9095 samples)
[Server] Global Inference Model Acc (EMNIST) (Round 22): 16.41% (Tested on 105779 samples)
[Server] Global Inference Model Acc (CIFAR10) (Round 22): 4.47% (Tested on 9100 samples)
[Server] Global Inference Model Acc (Mix) (Round 22): 16.91% (Tested on 123974 samples)
Selected client ids: [0, 1, 2, 3, 4, 5, 6, 7, 8, 9, 10, 11, 12, 13, 14, 15, 16, 17, 18, 19, 20, 21, 22, 23, 24, 25, 26, 27, 28, 29]
--- Round 23 ---
Round 23 | Client 0 | Model: (MLP) | Acc: 94.87%
Round 23 | Client 1 | Model: (CNN) | Acc: 72.09%
Round 23 | Client 2 | Model: (ResNet8) | Acc: 97.96%
Round 23 | Client 3 | Model: (ResNet18) | Acc: 98.98%
Round 23 | Client 4 | Model: (MobileNetV2) | Acc: 94.33%
Round 23 | Client 5 | Model: (MobileNetV3) | Acc: 90.41%
Round 23 | Client 6 | Model: (LeNet) | Acc: 97.92%
Round 23 | Client 7 | Model: (AlexNet) | Acc: 98.00%
Round 23 | Client 8 | Model: (ShuffleNet) | Acc: 68.49%
Round 23 | Client 9 | Model: (SqueezeNet) | Acc: 98.25%
Round 23 | Client 11 | Model: (MLP) | Acc: 80.15%
Round 23 | Client 12 | Model: (CNN) | Acc: 84.75%
Round 23 | Client 13 | Model: (ResNet8) | Acc: 84.22%
Round 23 | Client 14 | Model: (ResNet18) | Acc: 84.59%
Round 23 | Client 15 | Model: (MobileNetV2) | Acc: 84.09%
Round 23 | Client 16 | Model: (MobileNetV3) | Acc: 66.65%
Round 23 | Client 17 | Model: (LeNet) | Acc: 84.02%
Round 23 | Client 18 | Model: (AlexNet) | Acc: 82.99%
Round 23 | Client 19 | Model: (ShuffleNet) | Acc: 83.39%
Round 23 | Client 20 | Model: (SqueezeNet) | Acc: 83.29%
Round 23 | Client 22 | Model: (MLP) | Acc: 40.89%
Round 23 | Client 23 | Model: (CNN) | Acc: 55.71%
Round 23 | Client 24 | Model: (ResNet8) | Acc: 56.32%
Round 23 | Client 25 | Model: (ResNet18) | Acc: 60.82%
Round 23 | Client 26 | Model: (MobileNetV2) | Acc: 40.40%
Round 23 | Client 27 | Model: (MobileNetV3) | Acc: 47.42%
Round 23 | Client 28 | Model: (LeNet) | Acc: 53.25%
Round 23 | Client 29 | Model: (AlexNet) | Acc: 54.38%
Round 23 | Client 30 | Model: (ShuffleNet) | Acc: 38.38%
Round 23 | Client 31 | Model: (SqueezeNet) | Acc: 35.28%
[Server] Aggregating by Dataset Name ...
[Server] Training Image-Based Global Generator...
  Epoch 1/10 | Loss: 1.0717
  Epoch 2/10 | Loss: 1.2044
  Epoch 3/10 | Loss: 1.0395
  Epoch 4/10 | Loss: 1.1274
  Epoch 5/10 | Loss: 1.0478
  Epoch 6/10 | Loss: 1.1077
  Epoch 7/10 | Loss: 1.0794
  Epoch 8/10 | Loss: 1.0345
  Epoch 9/10 | Loss: 0.9114
  Epoch 10/10 | Loss: 0.9926
[Server] Image-Based Global Generator training finished.
[Server] Training Final Global Inference Model ...
Detected 72 global classes: [0, 1, 2, 3, 4, 5, 6, 7, 8, 9, 10, 11, 12, 13, 14, 15, 16, 17, 18, 19, 20, 21, 22, 23, 24, 25, 26, 27, 28, 29, 30, 31, 32, 33, 34, 35, 36, 37, 38, 39, 40, 41, 42, 43, 44, 45, 46, 47, 48, 49, 50, 51, 52, 53, 54, 55, 56, 57, 58, 59, 60, 61, 62, 63, 64, 65, 66, 67, 68, 69, 70, 71]
Epoch 0 Loss: 1.6029
Epoch 1 Loss: 1.4010
Epoch 2 Loss: 1.3233
Epoch 3 Loss: 1.0590
Epoch 4 Loss: 1.6192
[Server] Global Inference Model Acc (MNIST) (Round 23): 29.40% (Tested on 9095 samples)
[Server] Global Inference Model Acc (EMNIST) (Round 23): 12.76% (Tested on 105779 samples)
[Server] Global Inference Model Acc (CIFAR10) (Round 23): 3.70% (Tested on 9100 samples)
[Server] Global Inference Model Acc (Mix) (Round 23): 13.31% (Tested on 123974 samples)
Selected client ids: [0, 1, 2, 3, 4, 5, 6, 7, 8, 9, 10, 11, 12, 13, 14, 15, 16, 17, 18, 19, 20, 21, 22, 23, 24, 25, 26, 27, 28, 29]
--- Round 24 ---
Round 24 | Client 0 | Model: (MLP) | Acc: 91.38%
Round 24 | Client 1 | Model: (CNN) | Acc: 58.36%
Round 24 | Client 2 | Model: (ResNet8) | Acc: 97.62%
Round 24 | Client 3 | Model: (ResNet18) | Acc: 98.42%
Round 24 | Client 4 | Model: (MobileNetV2) | Acc: 94.86%
Round 24 | Client 5 | Model: (MobileNetV3) | Acc: 91.75%
Round 24 | Client 6 | Model: (LeNet) | Acc: 98.58%
Round 24 | Client 7 | Model: (AlexNet) | Acc: 98.53%
Round 24 | Client 8 | Model: (ShuffleNet) | Acc: 67.37%
Round 24 | Client 9 | Model: (SqueezeNet) | Acc: 97.05%
Round 24 | Client 11 | Model: (MLP) | Acc: 80.23%
Round 24 | Client 12 | Model: (CNN) | Acc: 85.12%
Round 24 | Client 13 | Model: (ResNet8) | Acc: 83.00%
Round 24 | Client 14 | Model: (ResNet18) | Acc: 84.37%
Round 24 | Client 15 | Model: (MobileNetV2) | Acc: 83.87%
Round 24 | Client 16 | Model: (MobileNetV3) | Acc: 61.59%
Round 24 | Client 17 | Model: (LeNet) | Acc: 84.30%
Round 24 | Client 18 | Model: (AlexNet) | Acc: 82.91%
Round 24 | Client 19 | Model: (ShuffleNet) | Acc: 83.39%
Round 24 | Client 20 | Model: (SqueezeNet) | Acc: 83.52%
Round 24 | Client 22 | Model: (MLP) | Acc: 42.21%
Round 24 | Client 23 | Model: (CNN) | Acc: 52.31%
Round 24 | Client 24 | Model: (ResNet8) | Acc: 56.53%
Round 24 | Client 25 | Model: (ResNet18) | Acc: 58.93%
Round 24 | Client 26 | Model: (MobileNetV2) | Acc: 39.66%
Round 24 | Client 27 | Model: (MobileNetV3) | Acc: 45.82%
Round 24 | Client 28 | Model: (LeNet) | Acc: 53.69%
Round 24 | Client 29 | Model: (AlexNet) | Acc: 54.70%
Round 24 | Client 30 | Model: (ShuffleNet) | Acc: 39.91%
Round 24 | Client 31 | Model: (SqueezeNet) | Acc: 34.38%
[Server] Aggregating by Dataset Name ...
[Server] Training Image-Based Global Generator...
  Epoch 1/10 | Loss: 1.1850
  Epoch 2/10 | Loss: 1.1245
  Epoch 3/10 | Loss: 0.9484
  Epoch 4/10 | Loss: 0.9217
  Epoch 5/10 | Loss: 0.9697
  Epoch 6/10 | Loss: 0.9081
  Epoch 7/10 | Loss: 1.0068
  Epoch 8/10 | Loss: 0.8066
  Epoch 9/10 | Loss: 0.9207
  Epoch 10/10 | Loss: 0.8384
[Server] Image-Based Global Generator training finished.
[Server] Training Final Global Inference Model ...
Detected 72 global classes: [0, 1, 2, 3, 4, 5, 6, 7, 8, 9, 10, 11, 12, 13, 14, 15, 16, 17, 18, 19, 20, 21, 22, 23, 24, 25, 26, 27, 28, 29, 30, 31, 32, 33, 34, 35, 36, 37, 38, 39, 40, 41, 42, 43, 44, 45, 46, 47, 48, 49, 50, 51, 52, 53, 54, 55, 56, 57, 58, 59, 60, 61, 62, 63, 64, 65, 66, 67, 68, 69, 70, 71]
Epoch 0 Loss: 0.9804
Epoch 1 Loss: 1.1880
Epoch 2 Loss: 1.2734
Epoch 3 Loss: 0.9935
Epoch 4 Loss: 0.9003
[Server] Global Inference Model Acc (MNIST) (Round 24): 28.28% (Tested on 9095 samples)
[Server] Global Inference Model Acc (EMNIST) (Round 24): 12.46% (Tested on 105779 samples)
[Server] Global Inference Model Acc (CIFAR10) (Round 24): 2.58% (Tested on 9100 samples)
[Server] Global Inference Model Acc (Mix) (Round 24): 12.89% (Tested on 123974 samples)
Selected client ids: [0, 1, 2, 3, 4, 5, 6, 7, 8, 9, 10, 11, 12, 13, 14, 15, 16, 17, 18, 19, 20, 21, 22, 23, 24, 25, 26, 27, 28, 29]
--- Round 25 ---
Round 25 | Client 0 | Model: (MLP) | Acc: 94.44%
Round 25 | Client 1 | Model: (CNN) | Acc: 96.68%
Round 25 | Client 2 | Model: (ResNet8) | Acc: 98.53%
Round 25 | Client 3 | Model: (ResNet18) | Acc: 96.83%
Round 25 | Client 4 | Model: (MobileNetV2) | Acc: 95.07%
Round 25 | Client 5 | Model: (MobileNetV3) | Acc: 89.74%
Round 25 | Client 6 | Model: (LeNet) | Acc: 98.14%
Round 25 | Client 7 | Model: (AlexNet) | Acc: 96.42%
Round 25 | Client 8 | Model: (ShuffleNet) | Acc: 69.93%
Round 25 | Client 9 | Model: (SqueezeNet) | Acc: 97.60%
Round 25 | Client 11 | Model: (MLP) | Acc: 80.32%
Round 25 | Client 12 | Model: (CNN) | Acc: 84.70%
Round 25 | Client 13 | Model: (ResNet8) | Acc: 83.98%
Round 25 | Client 14 | Model: (ResNet18) | Acc: 83.83%
Round 25 | Client 15 | Model: (MobileNetV2) | Acc: 84.57%
Round 25 | Client 16 | Model: (MobileNetV3) | Acc: 78.18%
Round 25 | Client 17 | Model: (LeNet) | Acc: 83.93%
Round 25 | Client 18 | Model: (AlexNet) | Acc: 82.52%
Round 25 | Client 19 | Model: (ShuffleNet) | Acc: 83.43%
Round 25 | Client 20 | Model: (SqueezeNet) | Acc: 82.85%
Round 25 | Client 22 | Model: (MLP) | Acc: 41.13%
Round 25 | Client 23 | Model: (CNN) | Acc: 61.32%
Round 25 | Client 24 | Model: (ResNet8) | Acc: 57.07%
Round 25 | Client 25 | Model: (ResNet18) | Acc: 59.93%
Round 25 | Client 26 | Model: (MobileNetV2) | Acc: 40.50%
Round 25 | Client 27 | Model: (MobileNetV3) | Acc: 45.92%
Round 25 | Client 28 | Model: (LeNet) | Acc: 53.47%
Round 25 | Client 29 | Model: (AlexNet) | Acc: 55.89%
Round 25 | Client 30 | Model: (ShuffleNet) | Acc: 39.25%
Round 25 | Client 31 | Model: (SqueezeNet) | Acc: 41.01%
[Server] Aggregating by Dataset Name ...
[Server] Training Image-Based Global Generator...
  Epoch 1/10 | Loss: 0.8936
  Epoch 2/10 | Loss: 0.7938
  Epoch 3/10 | Loss: 0.7904
  Epoch 4/10 | Loss: 0.8136
  Epoch 5/10 | Loss: 0.8599
  Epoch 6/10 | Loss: 0.7565
  Epoch 7/10 | Loss: 0.8438
  Epoch 8/10 | Loss: 0.8116
  Epoch 9/10 | Loss: 0.8659
  Epoch 10/10 | Loss: 0.7616
[Server] Image-Based Global Generator training finished.
[Server] Training Final Global Inference Model ...
Detected 72 global classes: [0, 1, 2, 3, 4, 5, 6, 7, 8, 9, 10, 11, 12, 13, 14, 15, 16, 17, 18, 19, 20, 21, 22, 23, 24, 25, 26, 27, 28, 29, 30, 31, 32, 33, 34, 35, 36, 37, 38, 39, 40, 41, 42, 43, 44, 45, 46, 47, 48, 49, 50, 51, 52, 53, 54, 55, 56, 57, 58, 59, 60, 61, 62, 63, 64, 65, 66, 67, 68, 69, 70, 71]
Epoch 0 Loss: 0.9780
Epoch 1 Loss: 0.8324
Epoch 2 Loss: 0.7860
Epoch 3 Loss: 0.7893
Epoch 4 Loss: 0.7220
[Server] Global Inference Model Acc (MNIST) (Round 25): 31.81% (Tested on 9095 samples)
[Server] Global Inference Model Acc (EMNIST) (Round 25): 14.50% (Tested on 105779 samples)
[Server] Global Inference Model Acc (CIFAR10) (Round 25): 1.82% (Tested on 9100 samples)
[Server] Global Inference Model Acc (Mix) (Round 25): 14.84% (Tested on 123974 samples)
Selected client ids: [0, 1, 2, 3, 4, 5, 6, 7, 8, 9, 10, 11, 12, 13, 14, 15, 16, 17, 18, 19, 20, 21, 22, 23, 24, 25, 26, 27, 28, 29]
--- Round 26 ---
Round 26 | Client 0 | Model: (MLP) | Acc: 95.42%
Round 26 | Client 1 | Model: (CNN) | Acc: 84.27%
Round 26 | Client 2 | Model: (ResNet8) | Acc: 98.64%
Round 26 | Client 3 | Model: (ResNet18) | Acc: 97.96%
Round 26 | Client 4 | Model: (MobileNetV2) | Acc: 94.43%
Round 26 | Client 5 | Model: (MobileNetV3) | Acc: 90.41%
Round 26 | Client 6 | Model: (LeNet) | Acc: 97.81%
Round 26 | Client 7 | Model: (AlexNet) | Acc: 98.63%
Round 26 | Client 8 | Model: (ShuffleNet) | Acc: 69.60%
Round 26 | Client 9 | Model: (SqueezeNet) | Acc: 96.94%
Round 26 | Client 11 | Model: (MLP) | Acc: 80.61%
Round 26 | Client 12 | Model: (CNN) | Acc: 84.89%
Round 26 | Client 13 | Model: (ResNet8) | Acc: 83.76%
Round 26 | Client 14 | Model: (ResNet18) | Acc: 83.83%
Round 26 | Client 15 | Model: (MobileNetV2) | Acc: 83.74%
Round 26 | Client 16 | Model: (MobileNetV3) | Acc: 77.88%
Round 26 | Client 17 | Model: (LeNet) | Acc: 84.38%
Round 26 | Client 18 | Model: (AlexNet) | Acc: 82.55%
Round 26 | Client 19 | Model: (ShuffleNet) | Acc: 83.57%
Round 26 | Client 20 | Model: (SqueezeNet) | Acc: 83.58%
Round 26 | Client 22 | Model: (MLP) | Acc: 38.25%
Round 26 | Client 23 | Model: (CNN) | Acc: 40.22%
Round 26 | Client 24 | Model: (ResNet8) | Acc: 55.67%
Round 26 | Client 25 | Model: (ResNet18) | Acc: 59.16%
Round 26 | Client 26 | Model: (MobileNetV2) | Acc: 40.19%
Round 26 | Client 27 | Model: (MobileNetV3) | Acc: 45.39%
Round 26 | Client 28 | Model: (LeNet) | Acc: 53.80%
Round 26 | Client 29 | Model: (AlexNet) | Acc: 53.51%
Round 26 | Client 30 | Model: (ShuffleNet) | Acc: 37.28%
Round 26 | Client 31 | Model: (SqueezeNet) | Acc: 38.43%
[Server] Aggregating by Dataset Name ...
[Server] Training Image-Based Global Generator...
  Epoch 1/10 | Loss: 0.9765
  Epoch 2/10 | Loss: 1.0034
  Epoch 3/10 | Loss: 0.8623
  Epoch 4/10 | Loss: 0.8310
  Epoch 5/10 | Loss: 0.7808
  Epoch 6/10 | Loss: 0.6914
  Epoch 7/10 | Loss: 0.9386
  Epoch 8/10 | Loss: 0.7890
  Epoch 9/10 | Loss: 0.8399
  Epoch 10/10 | Loss: 0.6638
[Server] Image-Based Global Generator training finished.
[Server] Training Final Global Inference Model ...
Detected 72 global classes: [0, 1, 2, 3, 4, 5, 6, 7, 8, 9, 10, 11, 12, 13, 14, 15, 16, 17, 18, 19, 20, 21, 22, 23, 24, 25, 26, 27, 28, 29, 30, 31, 32, 33, 34, 35, 36, 37, 38, 39, 40, 41, 42, 43, 44, 45, 46, 47, 48, 49, 50, 51, 52, 53, 54, 55, 56, 57, 58, 59, 60, 61, 62, 63, 64, 65, 66, 67, 68, 69, 70, 71]
Epoch 0 Loss: 1.1231
Epoch 1 Loss: 0.8359
Epoch 2 Loss: 0.6679
Epoch 3 Loss: 0.6216
Epoch 4 Loss: 0.5758
[Server] Global Inference Model Acc (MNIST) (Round 26): 30.47% (Tested on 9095 samples)
[Server] Global Inference Model Acc (EMNIST) (Round 26): 14.26% (Tested on 105779 samples)
[Server] Global Inference Model Acc (CIFAR10) (Round 26): 7.98% (Tested on 9100 samples)
[Server] Global Inference Model Acc (Mix) (Round 26): 14.99% (Tested on 123974 samples)
Selected client ids: [0, 1, 2, 3, 4, 5, 6, 7, 8, 9, 10, 11, 12, 13, 14, 15, 16, 17, 18, 19, 20, 21, 22, 23, 24, 25, 26, 27, 28, 29]
--- Round 27 ---
Round 27 | Client 0 | Model: (MLP) | Acc: 94.55%
Round 27 | Client 1 | Model: (CNN) | Acc: 92.47%
Round 27 | Client 2 | Model: (ResNet8) | Acc: 98.75%
Round 27 | Client 3 | Model: (ResNet18) | Acc: 99.10%
Round 27 | Client 4 | Model: (MobileNetV2) | Acc: 96.04%
Round 27 | Client 5 | Model: (MobileNetV3) | Acc: 90.97%
Round 27 | Client 6 | Model: (LeNet) | Acc: 98.47%
Round 27 | Client 7 | Model: (AlexNet) | Acc: 98.53%
Round 27 | Client 8 | Model: (ShuffleNet) | Acc: 71.38%
Round 27 | Client 9 | Model: (SqueezeNet) | Acc: 97.92%
Round 27 | Client 11 | Model: (MLP) | Acc: 80.42%
Round 27 | Client 12 | Model: (CNN) | Acc: 85.43%
Round 27 | Client 13 | Model: (ResNet8) | Acc: 82.69%
Round 27 | Client 14 | Model: (ResNet18) | Acc: 83.83%
Round 27 | Client 15 | Model: (MobileNetV2) | Acc: 84.36%
Round 27 | Client 16 | Model: (MobileNetV3) | Acc: 78.87%
Round 27 | Client 17 | Model: (LeNet) | Acc: 84.06%
Round 27 | Client 18 | Model: (AlexNet) | Acc: 82.29%
Round 27 | Client 19 | Model: (ShuffleNet) | Acc: 84.03%
Round 27 | Client 20 | Model: (SqueezeNet) | Acc: 83.21%
Round 27 | Client 22 | Model: (MLP) | Acc: 40.65%
Round 27 | Client 23 | Model: (CNN) | Acc: 56.26%
Round 27 | Client 24 | Model: (ResNet8) | Acc: 53.64%
Round 27 | Client 25 | Model: (ResNet18) | Acc: 58.60%
Round 27 | Client 26 | Model: (MobileNetV2) | Acc: 38.72%
Round 27 | Client 27 | Model: (MobileNetV3) | Acc: 47.32%
Round 27 | Client 28 | Model: (LeNet) | Acc: 51.82%
Round 27 | Client 29 | Model: (AlexNet) | Acc: 54.16%
Round 27 | Client 30 | Model: (ShuffleNet) | Acc: 38.38%
Round 27 | Client 31 | Model: (SqueezeNet) | Acc: 37.08%
[Server] Aggregating by Dataset Name ...
[Server] Training Image-Based Global Generator...
  Epoch 1/10 | Loss: 1.0255
  Epoch 2/10 | Loss: 1.0813
  Epoch 3/10 | Loss: 0.6847
  Epoch 4/10 | Loss: 1.0869
  Epoch 5/10 | Loss: 0.6154
  Epoch 6/10 | Loss: 0.7753
  Epoch 7/10 | Loss: 0.9294
  Epoch 8/10 | Loss: 0.7691
  Epoch 9/10 | Loss: 0.7624
  Epoch 10/10 | Loss: 0.6187
[Server] Image-Based Global Generator training finished.
[Server] Training Final Global Inference Model ...
Detected 72 global classes: [0, 1, 2, 3, 4, 5, 6, 7, 8, 9, 10, 11, 12, 13, 14, 15, 16, 17, 18, 19, 20, 21, 22, 23, 24, 25, 26, 27, 28, 29, 30, 31, 32, 33, 34, 35, 36, 37, 38, 39, 40, 41, 42, 43, 44, 45, 46, 47, 48, 49, 50, 51, 52, 53, 54, 55, 56, 57, 58, 59, 60, 61, 62, 63, 64, 65, 66, 67, 68, 69, 70, 71]
Epoch 0 Loss: 0.5147
Epoch 1 Loss: 0.6534
Epoch 2 Loss: 0.5920
Epoch 3 Loss: 0.4027
Epoch 4 Loss: 0.5414
[Server] Global Inference Model Acc (MNIST) (Round 27): 27.76% (Tested on 9095 samples)
[Server] Global Inference Model Acc (EMNIST) (Round 27): 11.14% (Tested on 105779 samples)
[Server] Global Inference Model Acc (CIFAR10) (Round 27): 7.11% (Tested on 9100 samples)
[Server] Global Inference Model Acc (Mix) (Round 27): 12.07% (Tested on 123974 samples)
Selected client ids: [0, 1, 2, 3, 4, 5, 6, 7, 8, 9, 10, 11, 12, 13, 14, 15, 16, 17, 18, 19, 20, 21, 22, 23, 24, 25, 26, 27, 28, 29]
--- Round 28 ---
Round 28 | Client 0 | Model: (MLP) | Acc: 94.66%
Round 28 | Client 1 | Model: (CNN) | Acc: 96.79%
Round 28 | Client 2 | Model: (ResNet8) | Acc: 98.75%
Round 28 | Client 3 | Model: (ResNet18) | Acc: 98.53%
Round 28 | Client 4 | Model: (MobileNetV2) | Acc: 95.18%
Round 28 | Client 5 | Model: (MobileNetV3) | Acc: 90.08%
Round 28 | Client 6 | Model: (LeNet) | Acc: 98.47%
Round 28 | Client 7 | Model: (AlexNet) | Acc: 98.42%
Round 28 | Client 8 | Model: (ShuffleNet) | Acc: 70.38%
Round 28 | Client 9 | Model: (SqueezeNet) | Acc: 96.83%
Round 28 | Client 11 | Model: (MLP) | Acc: 80.22%
Round 28 | Client 12 | Model: (CNN) | Acc: 84.84%
Round 28 | Client 13 | Model: (ResNet8) | Acc: 82.92%
Round 28 | Client 14 | Model: (ResNet18) | Acc: 83.79%
Round 28 | Client 15 | Model: (MobileNetV2) | Acc: 84.60%
Round 28 | Client 16 | Model: (MobileNetV3) | Acc: 76.74%
Round 28 | Client 17 | Model: (LeNet) | Acc: 83.86%
Round 28 | Client 18 | Model: (AlexNet) | Acc: 82.19%
Round 28 | Client 19 | Model: (ShuffleNet) | Acc: 83.32%
Round 28 | Client 20 | Model: (SqueezeNet) | Acc: 83.36%
Round 28 | Client 22 | Model: (MLP) | Acc: 40.17%
Round 28 | Client 23 | Model: (CNN) | Acc: 61.76%
Round 28 | Client 24 | Model: (ResNet8) | Acc: 57.82%
Round 28 | Client 25 | Model: (ResNet18) | Acc: 62.71%
Round 28 | Client 26 | Model: (MobileNetV2) | Acc: 41.55%
Round 28 | Client 27 | Model: (MobileNetV3) | Acc: 47.10%
Round 28 | Client 28 | Model: (LeNet) | Acc: 53.58%
Round 28 | Client 29 | Model: (AlexNet) | Acc: 54.70%
Round 28 | Client 30 | Model: (ShuffleNet) | Acc: 40.02%
Round 28 | Client 31 | Model: (SqueezeNet) | Acc: 37.75%
[Server] Aggregating by Dataset Name ...
[Server] Training Image-Based Global Generator...
  Epoch 1/10 | Loss: 0.7699
  Epoch 2/10 | Loss: 0.8937
  Epoch 3/10 | Loss: 0.7311
  Epoch 4/10 | Loss: 0.8104
  Epoch 5/10 | Loss: 0.7733
  Epoch 6/10 | Loss: 0.7831
  Epoch 7/10 | Loss: 0.6700
  Epoch 8/10 | Loss: 0.8135
  Epoch 9/10 | Loss: 0.6688
  Epoch 10/10 | Loss: 0.6926
[Server] Image-Based Global Generator training finished.
[Server] Training Final Global Inference Model ...
Detected 72 global classes: [0, 1, 2, 3, 4, 5, 6, 7, 8, 9, 10, 11, 12, 13, 14, 15, 16, 17, 18, 19, 20, 21, 22, 23, 24, 25, 26, 27, 28, 29, 30, 31, 32, 33, 34, 35, 36, 37, 38, 39, 40, 41, 42, 43, 44, 45, 46, 47, 48, 49, 50, 51, 52, 53, 54, 55, 56, 57, 58, 59, 60, 61, 62, 63, 64, 65, 66, 67, 68, 69, 70, 71]
Epoch 0 Loss: 0.5853
Epoch 1 Loss: 0.5352
Epoch 2 Loss: 0.7401
Epoch 3 Loss: 0.3810
Epoch 4 Loss: 0.4899
[Server] Global Inference Model Acc (MNIST) (Round 28): 21.65% (Tested on 9095 samples)
[Server] Global Inference Model Acc (EMNIST) (Round 28): 7.21% (Tested on 105779 samples)
[Server] Global Inference Model Acc (CIFAR10) (Round 28): 7.38% (Tested on 9100 samples)
[Server] Global Inference Model Acc (Mix) (Round 28): 8.28% (Tested on 123974 samples)
Selected client ids: [0, 1, 2, 3, 4, 5, 6, 7, 8, 9, 10, 11, 12, 13, 14, 15, 16, 17, 18, 19, 20, 21, 22, 23, 24, 25, 26, 27, 28, 29]
--- Round 29 ---
Round 29 | Client 0 | Model: (MLP) | Acc: 94.66%
Round 29 | Client 1 | Model: (CNN) | Acc: 94.80%
Round 29 | Client 2 | Model: (ResNet8) | Acc: 98.87%
Round 29 | Client 3 | Model: (ResNet18) | Acc: 99.21%
Round 29 | Client 4 | Model: (MobileNetV2) | Acc: 96.36%
Round 29 | Client 5 | Model: (MobileNetV3) | Acc: 90.41%
Round 29 | Client 6 | Model: (LeNet) | Acc: 97.70%
Round 29 | Client 7 | Model: (AlexNet) | Acc: 98.32%
Round 29 | Client 8 | Model: (ShuffleNet) | Acc: 71.16%
Round 29 | Client 9 | Model: (SqueezeNet) | Acc: 97.16%
Round 29 | Client 11 | Model: (MLP) | Acc: 79.95%
Round 29 | Client 12 | Model: (CNN) | Acc: 85.40%
Round 29 | Client 13 | Model: (ResNet8) | Acc: 83.47%
Round 29 | Client 14 | Model: (ResNet18) | Acc: 83.87%
Round 29 | Client 15 | Model: (MobileNetV2) | Acc: 84.76%
Round 29 | Client 16 | Model: (MobileNetV3) | Acc: 77.69%
Round 29 | Client 17 | Model: (LeNet) | Acc: 84.07%
Round 29 | Client 18 | Model: (AlexNet) | Acc: 82.46%
Round 29 | Client 19 | Model: (ShuffleNet) | Acc: 83.76%
Round 29 | Client 20 | Model: (SqueezeNet) | Acc: 83.50%
Round 29 | Client 22 | Model: (MLP) | Acc: 40.77%
Round 29 | Client 23 | Model: (CNN) | Acc: 59.67%
Round 29 | Client 24 | Model: (ResNet8) | Acc: 60.49%
Round 29 | Client 25 | Model: (ResNet18) | Acc: 62.04%
Round 29 | Client 26 | Model: (MobileNetV2) | Acc: 40.08%
Round 29 | Client 27 | Model: (MobileNetV3) | Acc: 47.32%
Round 29 | Client 28 | Model: (LeNet) | Acc: 55.12%
Round 29 | Client 29 | Model: (AlexNet) | Acc: 57.08%
Round 29 | Client 30 | Model: (ShuffleNet) | Acc: 36.29%
Round 29 | Client 31 | Model: (SqueezeNet) | Acc: 40.00%
[Server] Aggregating by Dataset Name ...
[Server] Training Image-Based Global Generator...
  Epoch 1/10 | Loss: 0.7841
  Epoch 2/10 | Loss: 0.8422
  Epoch 3/10 | Loss: 0.7338
  Epoch 4/10 | Loss: 0.6759
  Epoch 5/10 | Loss: 0.7070
  Epoch 6/10 | Loss: 0.6479
  Epoch 7/10 | Loss: 0.7231
  Epoch 8/10 | Loss: 0.6452
  Epoch 9/10 | Loss: 0.6810
  Epoch 10/10 | Loss: 0.6809
[Server] Image-Based Global Generator training finished.
[Server] Training Final Global Inference Model ...
Detected 72 global classes: [0, 1, 2, 3, 4, 5, 6, 7, 8, 9, 10, 11, 12, 13, 14, 15, 16, 17, 18, 19, 20, 21, 22, 23, 24, 25, 26, 27, 28, 29, 30, 31, 32, 33, 34, 35, 36, 37, 38, 39, 40, 41, 42, 43, 44, 45, 46, 47, 48, 49, 50, 51, 52, 53, 54, 55, 56, 57, 58, 59, 60, 61, 62, 63, 64, 65, 66, 67, 68, 69, 70, 71]
Epoch 0 Loss: 0.4427
Epoch 1 Loss: 0.3197
Epoch 2 Loss: 0.3938
Epoch 3 Loss: 0.3759
Epoch 4 Loss: 0.3710
[Server] Global Inference Model Acc (MNIST) (Round 29): 26.63% (Tested on 9095 samples)
[Server] Global Inference Model Acc (EMNIST) (Round 29): 10.47% (Tested on 105779 samples)
[Server] Global Inference Model Acc (CIFAR10) (Round 29): 7.53% (Tested on 9100 samples)
[Server] Global Inference Model Acc (Mix) (Round 29): 11.44% (Tested on 123974 samples)
Selected client ids: [0, 1, 2, 3, 4, 5, 6, 7, 8, 9, 10, 11, 12, 13, 14, 15, 16, 17, 18, 19, 20, 21, 22, 23, 24, 25, 26, 27, 28, 29]
--- Round 30 ---
Round 30 | Client 0 | Model: (MLP) | Acc: 95.64%
Round 30 | Client 1 | Model: (CNN) | Acc: 94.02%
Round 30 | Client 2 | Model: (ResNet8) | Acc: 98.53%
Round 30 | Client 3 | Model: (ResNet18) | Acc: 98.87%
Round 30 | Client 4 | Model: (MobileNetV2) | Acc: 94.43%
Round 30 | Client 5 | Model: (MobileNetV3) | Acc: 92.64%
Round 30 | Client 6 | Model: (LeNet) | Acc: 98.14%
Round 30 | Client 7 | Model: (AlexNet) | Acc: 98.53%
Round 30 | Client 8 | Model: (ShuffleNet) | Acc: 71.38%
Round 30 | Client 9 | Model: (SqueezeNet) | Acc: 97.49%
Round 30 | Client 11 | Model: (MLP) | Acc: 80.47%
Round 30 | Client 12 | Model: (CNN) | Acc: 84.89%
Round 30 | Client 13 | Model: (ResNet8) | Acc: 83.04%
Round 30 | Client 14 | Model: (ResNet18) | Acc: 84.01%
Round 30 | Client 15 | Model: (MobileNetV2) | Acc: 84.40%
Round 30 | Client 16 | Model: (MobileNetV3) | Acc: 79.34%
Round 30 | Client 17 | Model: (LeNet) | Acc: 83.49%
Round 30 | Client 18 | Model: (AlexNet) | Acc: 82.60%
Round 30 | Client 19 | Model: (ShuffleNet) | Acc: 83.60%
Round 30 | Client 20 | Model: (SqueezeNet) | Acc: 83.07%
Round 30 | Client 22 | Model: (MLP) | Acc: 41.01%
Round 30 | Client 23 | Model: (CNN) | Acc: 63.85%
Round 30 | Client 24 | Model: (ResNet8) | Acc: 59.96%
Round 30 | Client 25 | Model: (ResNet18) | Acc: 62.04%
Round 30 | Client 26 | Model: (MobileNetV2) | Acc: 40.92%
Round 30 | Client 27 | Model: (MobileNetV3) | Acc: 45.39%
Round 30 | Client 28 | Model: (LeNet) | Acc: 53.80%
Round 30 | Client 29 | Model: (AlexNet) | Acc: 52.22%
Round 30 | Client 30 | Model: (ShuffleNet) | Acc: 37.94%
Round 30 | Client 31 | Model: (SqueezeNet) | Acc: 40.45%
[Server] Aggregating by Dataset Name ...
[Server] Training Image-Based Global Generator...
  Epoch 1/10 | Loss: 0.8387
  Epoch 2/10 | Loss: 0.7976
  Epoch 3/10 | Loss: 0.8629
  Epoch 4/10 | Loss: 0.7257
  Epoch 5/10 | Loss: 0.6726
  Epoch 6/10 | Loss: 0.6578
  Epoch 7/10 | Loss: 0.7186
  Epoch 8/10 | Loss: 0.7630
  Epoch 9/10 | Loss: 0.5414
  Epoch 10/10 | Loss: 0.6016
[Server] Image-Based Global Generator training finished.
[Server] Training Final Global Inference Model ...
Detected 72 global classes: [0, 1, 2, 3, 4, 5, 6, 7, 8, 9, 10, 11, 12, 13, 14, 15, 16, 17, 18, 19, 20, 21, 22, 23, 24, 25, 26, 27, 28, 29, 30, 31, 32, 33, 34, 35, 36, 37, 38, 39, 40, 41, 42, 43, 44, 45, 46, 47, 48, 49, 50, 51, 52, 53, 54, 55, 56, 57, 58, 59, 60, 61, 62, 63, 64, 65, 66, 67, 68, 69, 70, 71]
Epoch 0 Loss: 0.4897
Epoch 1 Loss: 0.3917
Epoch 2 Loss: 0.3763
Epoch 3 Loss: 0.4038
Epoch 4 Loss: 0.3578
[Server] Global Inference Model Acc (MNIST) (Round 30): 27.60% (Tested on 9095 samples)
[Server] Global Inference Model Acc (EMNIST) (Round 30): 10.78% (Tested on 105779 samples)
[Server] Global Inference Model Acc (CIFAR10) (Round 30): 7.05% (Tested on 9100 samples)
[Server] Global Inference Model Acc (Mix) (Round 30): 11.74% (Tested on 123974 samples)
Saving UDON Server Checkpoints ...
[Server] All clients saved in logs/2026-05-13_20-34-21/Ours/clients_last_round_checkpoints/
==============================    Finished. Total Time: 1:18:36    ==============================
