Time: 2026-04-16 08:44:08
Log Dir: /home/unshun/multi-FL/logs/Local_iid_hom_gb40/new_client_2026-04-16_08-44-08/
================================================================================Loading checkpoints from logs/Local_iid_hom_gb40/Local/
Method selected: NAYER
Loaded CNN for MNIST from client_model_MNIST_c5_CNN.pth
Loaded CNN for MNIST from client_model_MNIST_c0_CNN.pth
Loaded CNN for MNIST from client_model_MNIST_c8_CNN.pth
Loaded CNN for MNIST from client_model_MNIST_c6_CNN.pth
Loaded CNN for MNIST from client_model_MNIST_c4_CNN.pth
Loaded CNN for MNIST from client_model_MNIST_c9_CNN.pth
Loaded CNN for MNIST from client_model_MNIST_c3_CNN.pth
Loaded CNN for MNIST from client_model_MNIST_c1_CNN.pth
Loaded CNN for MNIST from client_model_MNIST_c2_CNN.pth
Loaded CNN for MNIST from client_model_MNIST_c7_CNN.pth
Loaded CNN for EMNIST from client_model_EMNIST_c20_CNN.pth
Loaded CNN for EMNIST from client_model_EMNIST_c13_CNN.pth
Loaded CNN for EMNIST from client_model_EMNIST_c16_CNN.pth
Loaded CNN for EMNIST from client_model_EMNIST_c18_CNN.pth
Loaded CNN for EMNIST from client_model_EMNIST_c11_CNN.pth
Loaded CNN for EMNIST from client_model_EMNIST_c12_CNN.pth
Loaded CNN for EMNIST from client_model_EMNIST_c17_CNN.pth
Loaded CNN for EMNIST from client_model_EMNIST_c14_CNN.pth
Loaded CNN for EMNIST from client_model_EMNIST_c19_CNN.pth
Loaded CNN for EMNIST from client_model_EMNIST_c15_CNN.pth
WARNING: No models loaded for dataset: FashionMNIST.
WARNING: No models loaded for dataset: CIFAR100.

========================================
>>> [METHOD: SYNTHETIC] Starting Synthetic Label Mapping...
========================================
>>> Target Methods to Run: ['NAYER']
>>> [Syn] Loaded client data distributions directly from server checkpoint.

########################################
>>> [Syn] Running Method: NAYER
########################################

>>> Syn-NAYER Training Old Generators...
[Testing] Training Per-Dataset Generators Offline (Old Gen Method) using NAYER...
--- NAYER Generator Configuration ---
    epochs: 120
    g_loops: 2
    g_steps: 30
    g_life: 10
    kd_steps: 400
    warmup: 20
    gwp_loops: 10
    lr_g: 0.004
    ce: 0.5
    bn: 10.0
    adv: 1.33
    student_lr: 0.2
------------------------------------
    -> Loading CLIP ViT-B/32 label embeddings for 10 classes...
    -> [Epoch 0] Student Test Accuracy for MNIST: 9.74%
    -> [Epoch 1] Student Test Accuracy for MNIST: 9.74%
    -> [Epoch 2] Student Test Accuracy for MNIST: 9.74%
    -> [Epoch 3] Student Test Accuracy for MNIST: 9.74%
    -> [Epoch 4] Student Test Accuracy for MNIST: 9.74%
    -> [Epoch 5] Student Test Accuracy for MNIST: 9.74%
    -> [Epoch 6] Student Test Accuracy for MNIST: 9.74%
    -> [Epoch 7] Student Test Accuracy for MNIST: 9.74%
    -> [Epoch 8] Student Test Accuracy for MNIST: 9.74%
    -> [Epoch 9] Student Test Accuracy for MNIST: 9.74%
    -> [Epoch 10] Student Test Accuracy for MNIST: 9.74%
    -> [Epoch 11] Student Test Accuracy for MNIST: 9.74%
    -> [Epoch 12] Student Test Accuracy for MNIST: 9.74%
    -> [Epoch 13] Student Test Accuracy for MNIST: 9.74%
    -> [Epoch 14] Student Test Accuracy for MNIST: 9.74%
    -> [Epoch 15] Student Test Accuracy for MNIST: 9.74%
    -> [Epoch 16] Student Test Accuracy for MNIST: 9.74%
    -> [Epoch 17] Student Test Accuracy for MNIST: 9.74%
    -> [Epoch 18] Student Test Accuracy for MNIST: 9.74%
    -> [Epoch 19] Student Test Accuracy for MNIST: 9.74%
    -> [Epoch 20] Student Test Accuracy for MNIST: 9.74%
    -> [Epoch 21] Student Test Accuracy for MNIST: 9.74%
    -> [Epoch 22] Student Test Accuracy for MNIST: 9.74%
    -> [Epoch 23] Student Test Accuracy for MNIST: 9.74%
    -> [Epoch 24] Student Test Accuracy for MNIST: 9.74%
    -> [Epoch 25] Student Test Accuracy for MNIST: 9.74%
    -> [Epoch 26] Student Test Accuracy for MNIST: 9.74%
    -> [Epoch 27] Student Test Accuracy for MNIST: 9.74%
    -> [Epoch 28] Student Test Accuracy for MNIST: 9.74%
    -> [Epoch 29] Student Test Accuracy for MNIST: 9.74%
    -> [Epoch 30] Student Test Accuracy for MNIST: 9.74%
    -> [Epoch 31] Student Test Accuracy for MNIST: 9.74%
    -> [Epoch 32] Student Test Accuracy for MNIST: 9.74%
    -> [Epoch 33] Student Test Accuracy for MNIST: 9.74%
    -> [Epoch 34] Student Test Accuracy for MNIST: 9.74%
    -> [Epoch 35] Student Test Accuracy for MNIST: 9.74%
    -> [Epoch 36] Student Test Accuracy for MNIST: 9.74%
    -> [Epoch 37] Student Test Accuracy for MNIST: 9.74%
    -> [Epoch 38] Student Test Accuracy for MNIST: 9.74%
    -> [Epoch 39] Student Test Accuracy for MNIST: 9.74%
    -> [Epoch 40] Student Test Accuracy for MNIST: 9.74%
    -> [Epoch 41] Student Test Accuracy for MNIST: 9.74%
    -> [Epoch 42] Student Test Accuracy for MNIST: 9.74%
    -> [Epoch 43] Student Test Accuracy for MNIST: 9.74%
    -> [Epoch 44] Student Test Accuracy for MNIST: 9.74%
    -> [Epoch 45] Student Test Accuracy for MNIST: 9.74%
    -> [Epoch 46] Student Test Accuracy for MNIST: 9.74%
    -> [Epoch 47] Student Test Accuracy for MNIST: 9.74%
    -> [Epoch 48] Student Test Accuracy for MNIST: 9.74%
    -> [Epoch 49] Student Test Accuracy for MNIST: 9.74%
    -> [Epoch 50] Student Test Accuracy for MNIST: 9.74%
    -> [Epoch 51] Student Test Accuracy for MNIST: 9.74%
    -> [Epoch 52] Student Test Accuracy for MNIST: 9.74%
    -> [Epoch 53] Student Test Accuracy for MNIST: 9.74%
    -> [Epoch 54] Student Test Accuracy for MNIST: 9.74%
    -> [Epoch 55] Student Test Accuracy for MNIST: 9.74%
    -> [Epoch 56] Student Test Accuracy for MNIST: 9.74%
    -> [Epoch 57] Student Test Accuracy for MNIST: 9.74%
    -> [Epoch 58] Student Test Accuracy for MNIST: 9.74%
    -> [Epoch 59] Student Test Accuracy for MNIST: 9.74%
    -> [Epoch 60] Student Test Accuracy for MNIST: 9.74%
    -> [Epoch 61] Student Test Accuracy for MNIST: 9.74%
    -> [Epoch 62] Student Test Accuracy for MNIST: 9.74%
    -> [Epoch 63] Student Test Accuracy for MNIST: 9.74%
    -> [Epoch 64] Student Test Accuracy for MNIST: 9.74%
    -> [Epoch 65] Student Test Accuracy for MNIST: 9.74%
    -> [Epoch 66] Student Test Accuracy for MNIST: 9.74%
    -> [Epoch 67] Student Test Accuracy for MNIST: 9.74%
    -> [Epoch 68] Student Test Accuracy for MNIST: 9.74%
    -> [Epoch 69] Student Test Accuracy for MNIST: 9.74%
    -> [Epoch 70] Student Test Accuracy for MNIST: 9.74%
    -> [Epoch 71] Student Test Accuracy for MNIST: 9.74%
    -> [Epoch 72] Student Test Accuracy for MNIST: 9.74%
    -> [Epoch 73] Student Test Accuracy for MNIST: 9.74%
    -> [Epoch 74] Student Test Accuracy for MNIST: 9.74%
    -> [Epoch 75] Student Test Accuracy for MNIST: 9.74%
    -> [Epoch 76] Student Test Accuracy for MNIST: 9.74%
    -> [Epoch 77] Student Test Accuracy for MNIST: 9.74%
    -> [Epoch 78] Student Test Accuracy for MNIST: 9.74%
    -> [Epoch 79] Student Test Accuracy for MNIST: 9.74%
    -> [Epoch 80] Student Test Accuracy for MNIST: 9.74%
    -> [Epoch 81] Student Test Accuracy for MNIST: 9.74%
    -> [Epoch 82] Student Test Accuracy for MNIST: 9.74%
    -> [Epoch 83] Student Test Accuracy for MNIST: 9.74%
    -> [Epoch 84] Student Test Accuracy for MNIST: 9.74%
    -> [Epoch 85] Student Test Accuracy for MNIST: 9.74%
    -> [Epoch 86] Student Test Accuracy for MNIST: 9.74%
    -> [Epoch 87] Student Test Accuracy for MNIST: 9.74%
    -> [Epoch 88] Student Test Accuracy for MNIST: 9.74%
    -> [Epoch 89] Student Test Accuracy for MNIST: 9.74%
    -> [Epoch 90] Student Test Accuracy for MNIST: 9.74%
    -> [Epoch 91] Student Test Accuracy for MNIST: 9.74%
    -> [Epoch 92] Student Test Accuracy for MNIST: 9.74%
    -> [Epoch 93] Student Test Accuracy for MNIST: 9.74%
    -> [Epoch 94] Student Test Accuracy for MNIST: 9.74%
    -> [Epoch 95] Student Test Accuracy for MNIST: 9.74%
    -> [Epoch 96] Student Test Accuracy for MNIST: 9.74%
    -> [Epoch 97] Student Test Accuracy for MNIST: 9.74%
    -> [Epoch 98] Student Test Accuracy for MNIST: 9.74%
    -> [Epoch 99] Student Test Accuracy for MNIST: 9.74%
    -> [Epoch 100] Student Test Accuracy for MNIST: 9.74%
    -> [Epoch 101] Student Test Accuracy for MNIST: 9.74%
    -> [Epoch 102] Student Test Accuracy for MNIST: 9.74%
    -> [Epoch 103] Student Test Accuracy for MNIST: 9.74%
    -> [Epoch 104] Student Test Accuracy for MNIST: 9.74%
    -> [Epoch 105] Student Test Accuracy for MNIST: 9.74%
    -> [Epoch 106] Student Test Accuracy for MNIST: 9.74%
    -> [Epoch 107] Student Test Accuracy for MNIST: 9.74%
    -> [Epoch 108] Student Test Accuracy for MNIST: 9.74%
    -> [Epoch 109] Student Test Accuracy for MNIST: 9.74%
    -> [Epoch 110] Student Test Accuracy for MNIST: 9.74%
    -> [Epoch 111] Student Test Accuracy for MNIST: 9.74%
    -> [Epoch 112] Student Test Accuracy for MNIST: 9.74%
    -> [Epoch 113] Student Test Accuracy for MNIST: 9.74%
    -> [Epoch 114] Student Test Accuracy for MNIST: 9.74%
    -> [Epoch 115] Student Test Accuracy for MNIST: 9.74%
    -> [Epoch 116] Student Test Accuracy for MNIST: 9.74%
    -> [Epoch 117] Student Test Accuracy for MNIST: 9.74%
    -> [Epoch 118] Student Test Accuracy for MNIST: 9.74%
    -> [Epoch 119] Student Test Accuracy for MNIST: 9.74%
    Dataset [MNIST] Generator | Epochs: 120 | Final Loss: 112.2708
    -> Student Accuracy per Epoch saved to /home/unshun/multi-FL/logs/Local_iid_hom_gb40/new_client_2026-04-16_08-44-08/NAYER_MNIST_student_acc.csv
-> [New] Gen images saved to /home/unshun/multi-FL/logs/Local_iid_hom_gb40/new_client_2026-04-16_08-44-08/NAYER_MNIST__gen_img_old.png
    -> Loading CLIP ViT-B/32 label embeddings for 62 classes...
    -> [Epoch 0] Student Test Accuracy for EMNIST: 4.74%
    -> [Epoch 1] Student Test Accuracy for EMNIST: 6.03%
    -> [Epoch 2] Student Test Accuracy for EMNIST: 0.56%
    -> [Epoch 3] Student Test Accuracy for EMNIST: 4.96%
    -> [Epoch 4] Student Test Accuracy for EMNIST: 1.37%
    -> [Epoch 5] Student Test Accuracy for EMNIST: 4.97%
    -> [Epoch 6] Student Test Accuracy for EMNIST: 4.61%
    -> [Epoch 7] Student Test Accuracy for EMNIST: 0.68%
    -> [Epoch 8] Student Test Accuracy for EMNIST: 4.95%
    -> [Epoch 9] Student Test Accuracy for EMNIST: 0.38%
    -> [Epoch 10] Student Test Accuracy for EMNIST: 4.78%
    -> [Epoch 11] Student Test Accuracy for EMNIST: 0.99%
    -> [Epoch 12] Student Test Accuracy for EMNIST: 0.78%
    -> [Epoch 13] Student Test Accuracy for EMNIST: 2.46%
    -> [Epoch 14] Student Test Accuracy for EMNIST: 0.56%
    -> [Epoch 15] Student Test Accuracy for EMNIST: 2.73%
    -> [Epoch 16] Student Test Accuracy for EMNIST: 0.58%
    -> [Epoch 17] Student Test Accuracy for EMNIST: 0.55%
    -> [Epoch 18] Student Test Accuracy for EMNIST: 0.58%
    -> [Epoch 19] Student Test Accuracy for EMNIST: 0.57%
    -> [Epoch 20] Student Test Accuracy for EMNIST: 0.65%
    -> [Epoch 21] Student Test Accuracy for EMNIST: 0.56%
    -> [Epoch 22] Student Test Accuracy for EMNIST: 0.56%
    -> [Epoch 23] Student Test Accuracy for EMNIST: 0.45%
    -> [Epoch 24] Student Test Accuracy for EMNIST: 0.56%
    -> [Epoch 25] Student Test Accuracy for EMNIST: 0.66%
    -> [Epoch 26] Student Test Accuracy for EMNIST: 0.56%
    -> [Epoch 27] Student Test Accuracy for EMNIST: 0.58%
    -> [Epoch 28] Student Test Accuracy for EMNIST: 0.70%
    -> [Epoch 29] Student Test Accuracy for EMNIST: 0.69%
    -> [Epoch 30] Student Test Accuracy for EMNIST: 0.55%
    -> [Epoch 31] Student Test Accuracy for EMNIST: 0.56%
    -> [Epoch 32] Student Test Accuracy for EMNIST: 0.56%
    -> [Epoch 33] Student Test Accuracy for EMNIST: 0.71%
    -> [Epoch 34] Student Test Accuracy for EMNIST: 1.42%
    -> [Epoch 35] Student Test Accuracy for EMNIST: 0.70%
    -> [Epoch 36] Student Test Accuracy for EMNIST: 0.70%
    -> [Epoch 37] Student Test Accuracy for EMNIST: 0.38%
    -> [Epoch 38] Student Test Accuracy for EMNIST: 0.59%
    -> [Epoch 39] Student Test Accuracy for EMNIST: 0.70%
    -> [Epoch 40] Student Test Accuracy for EMNIST: 0.71%
    -> [Epoch 41] Student Test Accuracy for EMNIST: 0.70%
    -> [Epoch 42] Student Test Accuracy for EMNIST: 0.77%
    -> [Epoch 43] Student Test Accuracy for EMNIST: 0.71%
    -> [Epoch 44] Student Test Accuracy for EMNIST: 0.77%
    -> [Epoch 45] Student Test Accuracy for EMNIST: 0.70%
    -> [Epoch 46] Student Test Accuracy for EMNIST: 0.70%
    -> [Epoch 47] Student Test Accuracy for EMNIST: 0.70%
    -> [Epoch 48] Student Test Accuracy for EMNIST: 0.70%
    -> [Epoch 49] Student Test Accuracy for EMNIST: 0.70%
    -> [Epoch 50] Student Test Accuracy for EMNIST: 0.70%
    -> [Epoch 51] Student Test Accuracy for EMNIST: 1.54%
    -> [Epoch 52] Student Test Accuracy for EMNIST: 0.70%
    -> [Epoch 53] Student Test Accuracy for EMNIST: 0.82%
    -> [Epoch 54] Student Test Accuracy for EMNIST: 0.72%
    -> [Epoch 55] Student Test Accuracy for EMNIST: 1.13%
    -> [Epoch 56] Student Test Accuracy for EMNIST: 0.70%
    -> [Epoch 57] Student Test Accuracy for EMNIST: 0.70%
    -> [Epoch 58] Student Test Accuracy for EMNIST: 1.47%
    -> [Epoch 59] Student Test Accuracy for EMNIST: 1.31%
    -> [Epoch 60] Student Test Accuracy for EMNIST: 0.70%
    -> [Epoch 61] Student Test Accuracy for EMNIST: 0.71%
    -> [Epoch 62] Student Test Accuracy for EMNIST: 0.79%
    -> [Epoch 63] Student Test Accuracy for EMNIST: 0.69%
    -> [Epoch 64] Student Test Accuracy for EMNIST: 0.70%
    -> [Epoch 65] Student Test Accuracy for EMNIST: 0.80%
    -> [Epoch 66] Student Test Accuracy for EMNIST: 0.70%
    -> [Epoch 67] Student Test Accuracy for EMNIST: 0.70%
    -> [Epoch 68] Student Test Accuracy for EMNIST: 0.70%
    -> [Epoch 69] Student Test Accuracy for EMNIST: 0.70%
    -> [Epoch 70] Student Test Accuracy for EMNIST: 0.70%
    -> [Epoch 71] Student Test Accuracy for EMNIST: 0.70%
    -> [Epoch 72] Student Test Accuracy for EMNIST: 4.70%
    -> [Epoch 73] Student Test Accuracy for EMNIST: 1.87%
    -> [Epoch 74] Student Test Accuracy for EMNIST: 0.70%
    -> [Epoch 75] Student Test Accuracy for EMNIST: 1.43%
    -> [Epoch 76] Student Test Accuracy for EMNIST: 0.70%
    -> [Epoch 77] Student Test Accuracy for EMNIST: 0.75%
    -> [Epoch 78] Student Test Accuracy for EMNIST: 0.84%
    -> [Epoch 79] Student Test Accuracy for EMNIST: 0.71%
    -> [Epoch 80] Student Test Accuracy for EMNIST: 0.75%
    -> [Epoch 81] Student Test Accuracy for EMNIST: 0.85%
    -> [Epoch 82] Student Test Accuracy for EMNIST: 0.56%
    -> [Epoch 83] Student Test Accuracy for EMNIST: 1.76%
    -> [Epoch 84] Student Test Accuracy for EMNIST: 4.73%
    -> [Epoch 85] Student Test Accuracy for EMNIST: 2.50%
    -> [Epoch 86] Student Test Accuracy for EMNIST: 0.72%
    -> [Epoch 87] Student Test Accuracy for EMNIST: 0.88%
    -> [Epoch 88] Student Test Accuracy for EMNIST: 1.20%
    -> [Epoch 89] Student Test Accuracy for EMNIST: 1.27%
    -> [Epoch 90] Student Test Accuracy for EMNIST: 1.50%
    -> [Epoch 91] Student Test Accuracy for EMNIST: 0.70%
    -> [Epoch 92] Student Test Accuracy for EMNIST: 0.38%
    -> [Epoch 93] Student Test Accuracy for EMNIST: 0.76%
    -> [Epoch 94] Student Test Accuracy for EMNIST: 0.75%
    -> [Epoch 95] Student Test Accuracy for EMNIST: 0.76%
    -> [Epoch 96] Student Test Accuracy for EMNIST: 0.71%
    -> [Epoch 97] Student Test Accuracy for EMNIST: 0.70%
    -> [Epoch 98] Student Test Accuracy for EMNIST: 0.70%
    -> [Epoch 99] Student Test Accuracy for EMNIST: 0.70%
    -> [Epoch 100] Student Test Accuracy for EMNIST: 0.75%
    -> [Epoch 101] Student Test Accuracy for EMNIST: 0.78%
    -> [Epoch 102] Student Test Accuracy for EMNIST: 1.56%
    -> [Epoch 103] Student Test Accuracy for EMNIST: 0.85%
    -> [Epoch 104] Student Test Accuracy for EMNIST: 3.60%
    -> [Epoch 105] Student Test Accuracy for EMNIST: 1.03%
    -> [Epoch 106] Student Test Accuracy for EMNIST: 0.69%
    -> [Epoch 107] Student Test Accuracy for EMNIST: 0.96%
    -> [Epoch 108] Student Test Accuracy for EMNIST: 6.38%
    -> [Epoch 109] Student Test Accuracy for EMNIST: 1.34%
    -> [Epoch 110] Student Test Accuracy for EMNIST: 0.83%
    -> [Epoch 111] Student Test Accuracy for EMNIST: 1.13%
    -> [Epoch 112] Student Test Accuracy for EMNIST: 0.58%
    -> [Epoch 113] Student Test Accuracy for EMNIST: 5.19%
    -> [Epoch 114] Student Test Accuracy for EMNIST: 1.43%
    -> [Epoch 115] Student Test Accuracy for EMNIST: 1.42%
    -> [Epoch 116] Student Test Accuracy for EMNIST: 0.38%
    -> [Epoch 117] Student Test Accuracy for EMNIST: 5.35%
    -> [Epoch 118] Student Test Accuracy for EMNIST: 3.27%
    -> [Epoch 119] Student Test Accuracy for EMNIST: 0.82%
    Dataset [EMNIST] Generator | Epochs: 120 | Final Loss: 232.8911
    -> Student Accuracy per Epoch saved to /home/unshun/multi-FL/logs/Local_iid_hom_gb40/new_client_2026-04-16_08-44-08/NAYER_EMNIST_student_acc.csv
-> [New] Gen images saved to /home/unshun/multi-FL/logs/Local_iid_hom_gb40/new_client_2026-04-16_08-44-08/NAYER_EMNIST__gen_img_old.png
Exp: Old Gen + Old Ent (0.1)
dynamic_entropy_ratio: 0.1
Exp: Old Gen + Old Ent (0.15)
dynamic_entropy_ratio: 0.15
Exp: Old Gen + Old Ent (0.2)
dynamic_entropy_ratio: 0.2
Exp: Old Gen + Old Ent (0.25)
dynamic_entropy_ratio: 0.25
Exp: Old Gen + Old Ent (0.3)
dynamic_entropy_ratio: 0.3
Exp: Old Gen + Old Ent (0.35)
dynamic_entropy_ratio: 0.35
Exp: Old Gen + Old Ent (0.4)
dynamic_entropy_ratio: 0.4
Exp: Old Gen + Old Ent (0.45)
dynamic_entropy_ratio: 0.45
Exp: Old Gen + Old Ent (0.5)
dynamic_entropy_ratio: 0.5
Exp: Old Gen + Old Ent (0.55)
dynamic_entropy_ratio: 0.55
Exp: Old Gen + Old Ent (0.6)
dynamic_entropy_ratio: 0.6
Exp: Old Gen + Old Ent (0.65)
dynamic_entropy_ratio: 0.65
Exp: Old Gen + Old Ent (0.7)
dynamic_entropy_ratio: 0.7
Exp: Old Gen + Old Ent (0.75)
dynamic_entropy_ratio: 0.75
Exp: Old Gen + Old Ent (0.8)
dynamic_entropy_ratio: 0.8
Exp: Old Gen + Old Ent (0.85)
dynamic_entropy_ratio: 0.85
Exp: Old Gen + Old Ent (0.9)
dynamic_entropy_ratio: 0.9
Exp: Old Gen + Old Ent (0.95)
dynamic_entropy_ratio: 0.95
Exp: Old Gen + Old Ent (1.0)
dynamic_entropy_ratio: 1.0
Exp: Old Gen + New Ent (0.1)
dynamic_entropy_ratio: 0.1
Exp: Old Gen + New Ent (0.15)
dynamic_entropy_ratio: 0.15
Exp: Old Gen + New Ent (0.2)
dynamic_entropy_ratio: 0.2
Exp: Old Gen + New Ent (0.25)
dynamic_entropy_ratio: 0.25
Exp: Old Gen + New Ent (0.3)
dynamic_entropy_ratio: 0.3
Exp: Old Gen + New Ent (0.35)
dynamic_entropy_ratio: 0.35
Exp: Old Gen + New Ent (0.4)
dynamic_entropy_ratio: 0.4
Exp: Old Gen + New Ent (0.45)
dynamic_entropy_ratio: 0.45
Exp: Old Gen + New Ent (0.5)
dynamic_entropy_ratio: 0.5
Exp: Old Gen + New Ent (0.55)
dynamic_entropy_ratio: 0.55
Exp: Old Gen + New Ent (0.6)
dynamic_entropy_ratio: 0.6
Exp: Old Gen + New Ent (0.65)
dynamic_entropy_ratio: 0.65
Exp: Old Gen + New Ent (0.7)
dynamic_entropy_ratio: 0.7
Exp: Old Gen + New Ent (0.75)
dynamic_entropy_ratio: 0.75
Exp: Old Gen + New Ent (0.8)
dynamic_entropy_ratio: 0.8
Exp: Old Gen + New Ent (0.85)
dynamic_entropy_ratio: 0.85
Exp: Old Gen + New Ent (0.9)
dynamic_entropy_ratio: 0.9
Exp: Old Gen + New Ent (0.95)
dynamic_entropy_ratio: 0.95
Exp: Old Gen + New Ent (1.0)
dynamic_entropy_ratio: 1.0
