Time: 2026-04-18 23:03:42
Log Dir: /home/unshun/multi-FL/logs/2026-04-17_17-19-36/Ours/new_client_2026-04-18_23-03-42/baseline_single_dataset
================================================================================
============================== New Client: baseline ==============================
  Target Model: logs/2026-04-17_17-19-36/Ours/config_checkpoints.pth
  Dataset Mode: single
  Output Dir:   /home/unshun/multi-FL/logs/2026-04-17_17-19-36/Ours/new_client_2026-04-18_23-03-42/baseline_single_dataset
================================================================================

==================================================
Dataset: MNIST | Client ID: 10
==================================================

  [ResNet18] Training...
    Epoch 0 (init) | Acc: 10.28%
    Epoch 1/30 | CE: 0.5208 | Acc: 86.96%
    Epoch 2/30 | CE: 0.1523 | Acc: 91.93%
    Epoch 3/30 | CE: 0.1077 | Acc: 96.35%
    Epoch 4/30 | CE: 0.0875 | Acc: 91.93%
    Epoch 5/30 | CE: 0.0579 | Acc: 97.79%
    Epoch 6/30 | CE: 0.0505 | Acc: 96.80%
    Epoch 7/30 | CE: 0.0308 | Acc: 96.24%
    Epoch 8/30 | CE: 0.0307 | Acc: 98.01%
    Epoch 9/30 | CE: 0.0377 | Acc: 98.12%
    Epoch 10/30 | CE: 0.0201 | Acc: 96.69%
    Epoch 11/30 | CE: 0.0271 | Acc: 96.57%
    Epoch 12/30 | CE: 0.0340 | Acc: 95.80%
    Epoch 13/30 | CE: 0.0380 | Acc: 98.34%
    Epoch 14/30 | CE: 0.0394 | Acc: 98.23%
    Epoch 15/30 | CE: 0.0117 | Acc: 97.46%
    Epoch 16/30 | CE: 0.0119 | Acc: 98.01%
    Epoch 17/30 | CE: 0.0094 | Acc: 98.01%
    Epoch 18/30 | CE: 0.0193 | Acc: 97.35%
    Epoch 19/30 | CE: 0.0128 | Acc: 98.12%
    Epoch 20/30 | CE: 0.0446 | Acc: 98.01%
    Epoch 21/30 | CE: 0.0294 | Acc: 97.68%
    Epoch 22/30 | CE: 0.0106 | Acc: 97.79%
    Epoch 23/30 | CE: 0.0155 | Acc: 97.68%
    Epoch 24/30 | CE: 0.0181 | Acc: 98.12%
    Epoch 25/30 | CE: 0.0040 | Acc: 97.90%
    Epoch 26/30 | CE: 0.0012 | Acc: 98.78%
    Epoch 27/30 | CE: 0.0003 | Acc: 98.56%
    Epoch 28/30 | CE: 0.0003 | Acc: 98.67%
    Epoch 29/30 | CE: 0.0006 | Acc: 98.67%
    Epoch 30/30 | CE: 0.0034 | Acc: 98.56%
Accuracy history saved to /home/unshun/multi-FL/logs/2026-04-17_17-19-36/Ours/new_client_2026-04-18_23-03-42/baseline_single_dataset/MNIST_newclient_history.csv

==================================================
Dataset: FashionMNIST | Client ID: 21
==================================================

  [ResNet18] Training...
    Epoch 0 (init) | Acc: 10.00%
    Epoch 1/30 | CE: 0.8174 | Acc: 67.22%
    Epoch 2/30 | CE: 0.5594 | Acc: 76.56%
    Epoch 3/30 | CE: 0.4857 | Acc: 83.78%
    Epoch 4/30 | CE: 0.3970 | Acc: 74.89%
    Epoch 5/30 | CE: 0.3555 | Acc: 81.33%
    Epoch 6/30 | CE: 0.3224 | Acc: 84.44%
    Epoch 7/30 | CE: 0.2901 | Acc: 87.67%
    Epoch 8/30 | CE: 0.2523 | Acc: 84.67%
    Epoch 9/30 | CE: 0.2261 | Acc: 86.22%
    Epoch 10/30 | CE: 0.1928 | Acc: 84.11%
    Epoch 11/30 | CE: 0.1875 | Acc: 77.44%
    Epoch 12/30 | CE: 0.1750 | Acc: 86.22%
    Epoch 13/30 | CE: 0.1641 | Acc: 86.56%
    Epoch 14/30 | CE: 0.0959 | Acc: 86.44%
    Epoch 15/30 | CE: 0.0883 | Acc: 86.67%
    Epoch 16/30 | CE: 0.0888 | Acc: 87.22%
    Epoch 17/30 | CE: 0.0714 | Acc: 88.22%
    Epoch 18/30 | CE: 0.0662 | Acc: 86.56%
    Epoch 19/30 | CE: 0.2071 | Acc: 87.44%
    Epoch 20/30 | CE: 0.0752 | Acc: 87.78%
    Epoch 21/30 | CE: 0.0715 | Acc: 85.78%
    Epoch 22/30 | CE: 0.0347 | Acc: 87.11%
    Epoch 23/30 | CE: 0.0522 | Acc: 88.11%
    Epoch 24/30 | CE: 0.0331 | Acc: 88.44%
    Epoch 25/30 | CE: 0.0343 | Acc: 86.89%
    Epoch 26/30 | CE: 0.0200 | Acc: 87.11%
    Epoch 27/30 | CE: 0.0175 | Acc: 86.78%
    Epoch 28/30 | CE: 0.0223 | Acc: 88.44%
    Epoch 29/30 | CE: 0.0228 | Acc: 86.67%
    Epoch 30/30 | CE: 0.0448 | Acc: 87.00%
Accuracy history saved to /home/unshun/multi-FL/logs/2026-04-17_17-19-36/Ours/new_client_2026-04-18_23-03-42/baseline_single_dataset/FashionMNIST_newclient_history.csv

==================================================
Dataset: EMNIST | Client ID: 32
==================================================

  [ResNet18] Training...
    Epoch 0 (init) | Acc: 1.27%
    Epoch 1/30 | CE: 0.7588 | Acc: 80.57%
    Epoch 2/30 | CE: 0.4792 | Acc: 84.24%
    Epoch 3/30 | CE: 0.4351 | Acc: 84.71%
    Epoch 4/30 | CE: 0.4065 | Acc: 84.36%
    Epoch 5/30 | CE: 0.3874 | Acc: 85.16%
    Epoch 6/30 | CE: 0.3685 | Acc: 84.89%
    Epoch 7/30 | CE: 0.3548 | Acc: 85.13%
    Epoch 8/30 | CE: 0.3359 | Acc: 84.56%
    Epoch 9/30 | CE: 0.3238 | Acc: 85.30%
    Epoch 10/30 | CE: 0.3101 | Acc: 85.40%
    Epoch 11/30 | CE: 0.2938 | Acc: 85.24%
    Epoch 12/30 | CE: 0.2811 | Acc: 85.51%
    Epoch 13/30 | CE: 0.2674 | Acc: 85.19%
    Epoch 14/30 | CE: 0.2528 | Acc: 85.49%
    Epoch 15/30 | CE: 0.2381 | Acc: 85.36%
    Epoch 16/30 | CE: 0.2211 | Acc: 84.48%
    Epoch 17/30 | CE: 0.2031 | Acc: 84.21%
    Epoch 18/30 | CE: 0.1883 | Acc: 83.96%
    Epoch 19/30 | CE: 0.1707 | Acc: 84.38%
    Epoch 20/30 | CE: 0.1506 | Acc: 83.53%
    Epoch 21/30 | CE: 0.1350 | Acc: 83.65%
    Epoch 22/30 | CE: 0.1205 | Acc: 83.64%
    Epoch 23/30 | CE: 0.1040 | Acc: 83.39%
    Epoch 24/30 | CE: 0.0911 | Acc: 83.83%
    Epoch 25/30 | CE: 0.0804 | Acc: 83.64%
    Epoch 26/30 | CE: 0.0723 | Acc: 83.03%
    Epoch 27/30 | CE: 0.0642 | Acc: 83.20%
    Epoch 28/30 | CE: 0.0554 | Acc: 83.39%
    Epoch 29/30 | CE: 0.0504 | Acc: 83.19%
    Epoch 30/30 | CE: 0.0446 | Acc: 82.81%
Accuracy history saved to /home/unshun/multi-FL/logs/2026-04-17_17-19-36/Ours/new_client_2026-04-18_23-03-42/baseline_single_dataset/EMNIST_newclient_history.csv

============================== Finished. Total Time: 0:15:04 ==============================
