Time: 2026-06-20 15:26:41
Log Dir: logs/2026-06-20_15-26-41/GeFL_DDIM_baseline_total
================================================================================

==============================        Args        ==============================
  exp_timestamp: None
  exp_conf: ./configs/het-iid-exp.yaml
  device: cuda:1
  seed: 15698
  algorithm: GeFL_DDIM_baseline_total
  num_new_clients: 1
  num_train_mnist: 10
  num_train_emnist: 10
  num_train_fashionmnist: 0
  num_train_cifar10: 0
  num_train_cifar100: 0
  num_train_usps: 0
  label_mapping: class_name
================================================================================
==============================    Exp Configs     ==============================
exp_name: model-heterogeneity
heterogeneous: true
dirichlet_alpha: 100
global_rounds: 30
local_epochs: 1
local_loss_fn: CrossEntropyLoss
local_optim: Adam
local_lr: 0.001
batch_size: 64
sample_frac: 1.0
test_interval: 1
metric_type: accuracy
global_feature_dim: 256
optim: Adam
optim_lr: 0.001
global_gen_epochs: 10
gen_noise_dim: 128
gen_optim: Adam
gen_optim_lr: 0.001
global_feat_gen_epochs: 10
feat_gen_noise_dim: 128
feat_gen_optim: Adam
feat_gen_optim_lr: 0.001
feat_gen_div_beta: 1.0
public_data_ratio: 0.05
start_mapping_epoch: 20
gen_observer_weight: 0.0
index_matching: ddpm
aggregate_method: dataset_name
use_new_entropy_method: true
entropy_ratio: 0.7
cs_threshold: 0.9
global_model_epochs: 5
global_model_optim: Adam
global_model_optim_lr: 0.001
global_samples_per_class: 64

================================================================================

==================================================
Start 30 rounds training by GeFL_DDIM_baseline_total
Selected client ids: [0, 1, 2, 3, 4, 5, 6, 7, 8, 9, 10, 11, 12, 13, 14, 15, 16, 17, 18, 19]
--- Round 1 ---
Client 0 (MNIST) | Target Loss: 1.0155 | DDIM Loss: 0.1229
Client 1 (MNIST) | Target Loss: 1.4477 | DDIM Loss: 0.1125
Client 2 (MNIST) | Target Loss: 0.8633 | DDIM Loss: 0.1109
Client 3 (MNIST) | Target Loss: 0.4429 | DDIM Loss: 0.1138
Client 4 (MNIST) | Target Loss: 1.6371 | DDIM Loss: 0.1105
Client 5 (MNIST) | Target Loss: 1.7502 | DDIM Loss: 0.1142
Client 6 (MNIST) | Target Loss: 1.4890 | DDIM Loss: 0.1089
Client 7 (MNIST) | Target Loss: 1.3619 | DDIM Loss: 0.1084
Client 8 (MNIST) | Target Loss: 1.7075 | DDIM Loss: 0.1192
Client 9 (MNIST) | Target Loss: 1.9422 | DDIM Loss: 0.1130
Client 11 (EMNIST) | Target Loss: 1.2016 | DDIM Loss: 0.0321
Client 12 (EMNIST) | Target Loss: 1.3124 | DDIM Loss: 0.0326
Client 13 (EMNIST) | Target Loss: 0.9189 | DDIM Loss: 0.0315
Client 14 (EMNIST) | Target Loss: 0.7588 | DDIM Loss: 0.0311
Client 15 (EMNIST) | Target Loss: 1.4689 | DDIM Loss: 0.0348
Client 16 (EMNIST) | Target Loss: 2.0775 | DDIM Loss: 0.0305
Client 17 (EMNIST) | Target Loss: 1.2492 | DDIM Loss: 0.0313
Client 18 (EMNIST) | Target Loss: 1.1952 | DDIM Loss: 0.0325
Client 19 (EMNIST) | Target Loss: 1.6406 | DDIM Loss: 0.0321
Client 20 (EMNIST) | Target Loss: 1.8232 | DDIM Loss: 0.0317
Selected client ids: [0, 1, 2, 3, 4, 5, 6, 7, 8, 9, 10, 11, 12, 13, 14, 15, 16, 17, 18, 19]
--- Round 2 ---
Client 0 (MNIST) | Target Loss: 0.4496 | DDIM Loss: 0.0711
Client 1 (MNIST) | Target Loss: 0.4311 | DDIM Loss: 0.0711
Client 2 (MNIST) | Target Loss: 0.1827 | DDIM Loss: 0.0693
Client 3 (MNIST) | Target Loss: 0.1337 | DDIM Loss: 0.0720
Client 4 (MNIST) | Target Loss: 0.6157 | DDIM Loss: 0.0705
Client 5 (MNIST) | Target Loss: 1.2103 | DDIM Loss: 0.0706
Client 6 (MNIST) | Target Loss: 0.4914 | DDIM Loss: 0.0688
Client 7 (MNIST) | Target Loss: 0.3115 | DDIM Loss: 0.0674
Client 8 (MNIST) | Target Loss: 0.9241 | DDIM Loss: 0.0731
Client 9 (MNIST) | Target Loss: 1.0822 | DDIM Loss: 0.0685
Client 11 (EMNIST) | Target Loss: 0.7355 | DDIM Loss: 0.0223
Client 12 (EMNIST) | Target Loss: 0.6721 | DDIM Loss: 0.0211
Client 13 (EMNIST) | Target Loss: 0.5012 | DDIM Loss: 0.0221
Client 14 (EMNIST) | Target Loss: 0.4680 | DDIM Loss: 0.0221
Client 15 (EMNIST) | Target Loss: 0.7542 | DDIM Loss: 0.0212
Client 16 (EMNIST) | Target Loss: 1.2621 | DDIM Loss: 0.0212
Client 17 (EMNIST) | Target Loss: 0.6063 | DDIM Loss: 0.0211
Client 18 (EMNIST) | Target Loss: 0.4916 | DDIM Loss: 0.0207
Client 19 (EMNIST) | Target Loss: 0.8284 | DDIM Loss: 0.0225
Client 20 (EMNIST) | Target Loss: 0.8532 | DDIM Loss: 0.0220
Selected client ids: [0, 1, 2, 3, 4, 5, 6, 7, 8, 9, 10, 11, 12, 13, 14, 15, 16, 17, 18, 19]
--- Round 3 ---
Client 0 (MNIST) | Target Loss: 0.3223 | DDIM Loss: 0.0332
Client 1 (MNIST) | Target Loss: 0.2271 | DDIM Loss: 0.0340
Client 2 (MNIST) | Target Loss: 0.1255 | DDIM Loss: 0.0346
Client 3 (MNIST) | Target Loss: 0.1161 | DDIM Loss: 0.0336
Client 4 (MNIST) | Target Loss: 0.3632 | DDIM Loss: 0.0331
Client 5 (MNIST) | Target Loss: 0.9963 | DDIM Loss: 0.0337
Client 6 (MNIST) | Target Loss: 0.2694 | DDIM Loss: 0.0329
Client 7 (MNIST) | Target Loss: 0.1791 | DDIM Loss: 0.0330
Client 8 (MNIST) | Target Loss: 0.5564 | DDIM Loss: 0.0335
Client 9 (MNIST) | Target Loss: 0.6832 | DDIM Loss: 0.0339
Client 11 (EMNIST) | Target Loss: 0.6418 | DDIM Loss: 0.0147
Client 12 (EMNIST) | Target Loss: 0.5737 | DDIM Loss: 0.0146
Client 13 (EMNIST) | Target Loss: 0.4480 | DDIM Loss: 0.0145
Client 14 (EMNIST) | Target Loss: 0.4233 | DDIM Loss: 0.0144
Client 15 (EMNIST) | Target Loss: 0.6441 | DDIM Loss: 0.0145
Client 16 (EMNIST) | Target Loss: 1.0098 | DDIM Loss: 0.0147
Client 17 (EMNIST) | Target Loss: 0.5184 | DDIM Loss: 0.0148
Client 18 (EMNIST) | Target Loss: 0.4358 | DDIM Loss: 0.0147
Client 19 (EMNIST) | Target Loss: 0.6839 | DDIM Loss: 0.0146
Client 20 (EMNIST) | Target Loss: 0.6949 | DDIM Loss: 0.0148
Selected client ids: [0, 1, 2, 3, 4, 5, 6, 7, 8, 9, 10, 11, 12, 13, 14, 15, 16, 17, 18, 19]
--- Round 4 ---
Client 0 (MNIST) | Target Loss: 0.2672 | DDIM Loss: 0.0283
Client 1 (MNIST) | Target Loss: 0.1530 | DDIM Loss: 0.0282
Client 2 (MNIST) | Target Loss: 0.0958 | DDIM Loss: 0.0288
Client 3 (MNIST) | Target Loss: 0.1054 | DDIM Loss: 0.0286
Client 4 (MNIST) | Target Loss: 0.2470 | DDIM Loss: 0.0278
Client 5 (MNIST) | Target Loss: 0.8483 | DDIM Loss: 0.0281
Client 6 (MNIST) | Target Loss: 0.1874 | DDIM Loss: 0.0282
Client 7 (MNIST) | Target Loss: 0.1120 | DDIM Loss: 0.0278
Client 8 (MNIST) | Target Loss: 0.5879 | DDIM Loss: 0.0279
Client 9 (MNIST) | Target Loss: 0.5023 | DDIM Loss: 0.0270
Client 11 (EMNIST) | Target Loss: 0.5867 | DDIM Loss: 0.0118
Client 12 (EMNIST) | Target Loss: 0.5286 | DDIM Loss: 0.0116
Client 13 (EMNIST) | Target Loss: 0.4187 | DDIM Loss: 0.0117
Client 14 (EMNIST) | Target Loss: 0.3955 | DDIM Loss: 0.0116
Client 15 (EMNIST) | Target Loss: 0.6002 | DDIM Loss: 0.0115
Client 16 (EMNIST) | Target Loss: 0.8744 | DDIM Loss: 0.0115
Client 17 (EMNIST) | Target Loss: 0.4773 | DDIM Loss: 0.0116
Client 18 (EMNIST) | Target Loss: 0.4021 | DDIM Loss: 0.0118
Client 19 (EMNIST) | Target Loss: 0.6161 | DDIM Loss: 0.0116
Client 20 (EMNIST) | Target Loss: 0.6294 | DDIM Loss: 0.0117
Selected client ids: [0, 1, 2, 3, 4, 5, 6, 7, 8, 9, 10, 11, 12, 13, 14, 15, 16, 17, 18, 19]
--- Round 5 ---
Client 0 (MNIST) | Target Loss: 0.2176 | DDIM Loss: 0.0244
Client 1 (MNIST) | Target Loss: 0.1203 | DDIM Loss: 0.0234
Client 2 (MNIST) | Target Loss: 0.0697 | DDIM Loss: 0.0236
Client 3 (MNIST) | Target Loss: 0.0792 | DDIM Loss: 0.0235
Client 4 (MNIST) | Target Loss: 0.1962 | DDIM Loss: 0.0244
Client 5 (MNIST) | Target Loss: 0.7234 | DDIM Loss: 0.0316
Client 6 (MNIST) | Target Loss: 0.1558 | DDIM Loss: 0.0234
Client 7 (MNIST) | Target Loss: 0.0978 | DDIM Loss: 0.0253
Client 8 (MNIST) | Target Loss: 0.3742 | DDIM Loss: 0.0240
Client 9 (MNIST) | Target Loss: 0.3464 | DDIM Loss: 0.0242
Client 11 (EMNIST) | Target Loss: 0.5440 | DDIM Loss: 0.0107
Client 12 (EMNIST) | Target Loss: 0.4966 | DDIM Loss: 0.0105
Client 13 (EMNIST) | Target Loss: 0.3964 | DDIM Loss: 0.0105
Client 14 (EMNIST) | Target Loss: 0.3789 | DDIM Loss: 0.0105
Client 15 (EMNIST) | Target Loss: 0.5606 | DDIM Loss: 0.0105
Client 16 (EMNIST) | Target Loss: 0.8068 | DDIM Loss: 0.0105
Client 17 (EMNIST) | Target Loss: 0.4475 | DDIM Loss: 0.0106
Client 18 (EMNIST) | Target Loss: 0.3796 | DDIM Loss: 0.0106
Client 19 (EMNIST) | Target Loss: 0.5756 | DDIM Loss: 0.0106
Client 20 (EMNIST) | Target Loss: 0.5964 | DDIM Loss: 0.0106
Selected client ids: [0, 1, 2, 3, 4, 5, 6, 7, 8, 9, 10, 11, 12, 13, 14, 15, 16, 17, 18, 19]
--- Round 6 ---
Client 0 (MNIST) | Target Loss: 0.1963 | DDIM Loss: 0.0214
Client 1 (MNIST) | Target Loss: 0.0969 | DDIM Loss: 0.0206
Client 2 (MNIST) | Target Loss: 0.0510 | DDIM Loss: 0.0207
Client 3 (MNIST) | Target Loss: 0.0980 | DDIM Loss: 0.0248
Client 4 (MNIST) | Target Loss: 0.1825 | DDIM Loss: 0.0211
Client 5 (MNIST) | Target Loss: 0.6448 | DDIM Loss: 0.0278
Client 6 (MNIST) | Target Loss: 0.1214 | DDIM Loss: 0.0202
Client 7 (MNIST) | Target Loss: 0.0872 | DDIM Loss: 0.0209
Client 8 (MNIST) | Target Loss: 0.3013 | DDIM Loss: 0.0216
Client 9 (MNIST) | Target Loss: 0.2724 | DDIM Loss: 0.0211
Client 11 (EMNIST) | Target Loss: 0.5191 | DDIM Loss: 0.0101
Client 12 (EMNIST) | Target Loss: 0.4735 | DDIM Loss: 0.0101
Client 13 (EMNIST) | Target Loss: 0.3781 | DDIM Loss: 0.0100
Client 14 (EMNIST) | Target Loss: 0.3594 | DDIM Loss: 0.0100
Client 15 (EMNIST) | Target Loss: 0.5365 | DDIM Loss: 0.0101
Client 16 (EMNIST) | Target Loss: 0.7533 | DDIM Loss: 0.0100
Client 17 (EMNIST) | Target Loss: 0.4319 | DDIM Loss: 0.0103
Client 18 (EMNIST) | Target Loss: 0.3547 | DDIM Loss: 0.0101
Client 19 (EMNIST) | Target Loss: 0.5448 | DDIM Loss: 0.0102
Client 20 (EMNIST) | Target Loss: 0.5559 | DDIM Loss: 0.0101
Selected client ids: [0, 1, 2, 3, 4, 5, 6, 7, 8, 9, 10, 11, 12, 13, 14, 15, 16, 17, 18, 19]
--- Round 7 ---
Client 0 (MNIST) | Target Loss: 0.1672 | DDIM Loss: 0.0188
Client 1 (MNIST) | Target Loss: 0.0869 | DDIM Loss: 0.0189
Client 2 (MNIST) | Target Loss: 0.0399 | DDIM Loss: 0.0197
Client 3 (MNIST) | Target Loss: 0.0402 | DDIM Loss: 0.0219
Client 4 (MNIST) | Target Loss: 0.1811 | DDIM Loss: 0.0191
Client 5 (MNIST) | Target Loss: 0.5941 | DDIM Loss: 0.0277
Client 6 (MNIST) | Target Loss: 0.0987 | DDIM Loss: 0.0193
Client 7 (MNIST) | Target Loss: 0.0704 | DDIM Loss: 0.0194
Client 8 (MNIST) | Target Loss: 0.9649 | DDIM Loss: 0.0206
Client 9 (MNIST) | Target Loss: 0.2248 | DDIM Loss: 0.0189
Client 11 (EMNIST) | Target Loss: 0.4978 | DDIM Loss: 0.0097
Client 12 (EMNIST) | Target Loss: 0.4547 | DDIM Loss: 0.0096
Client 13 (EMNIST) | Target Loss: 0.3595 | DDIM Loss: 0.0097
Client 14 (EMNIST) | Target Loss: 0.3406 | DDIM Loss: 0.0097
Client 15 (EMNIST) | Target Loss: 0.5142 | DDIM Loss: 0.0097
Client 16 (EMNIST) | Target Loss: 0.7204 | DDIM Loss: 0.0098
Client 17 (EMNIST) | Target Loss: 0.4141 | DDIM Loss: 0.0096
Client 18 (EMNIST) | Target Loss: 0.3361 | DDIM Loss: 0.0098
Client 19 (EMNIST) | Target Loss: 0.5260 | DDIM Loss: 0.0097
Client 20 (EMNIST) | Target Loss: 0.5422 | DDIM Loss: 0.0098
Selected client ids: [0, 1, 2, 3, 4, 5, 6, 7, 8, 9, 10, 11, 12, 13, 14, 15, 16, 17, 18, 19]
--- Round 8 ---
Client 0 (MNIST) | Target Loss: 0.1625 | DDIM Loss: 0.0181
Client 1 (MNIST) | Target Loss: 0.0748 | DDIM Loss: 0.0177
Client 2 (MNIST) | Target Loss: 0.0483 | DDIM Loss: 0.0178
Client 3 (MNIST) | Target Loss: 0.0488 | DDIM Loss: 0.0179
Client 4 (MNIST) | Target Loss: 0.1702 | DDIM Loss: 0.0177
Client 5 (MNIST) | Target Loss: 0.5291 | DDIM Loss: 0.0193
Client 6 (MNIST) | Target Loss: 0.0842 | DDIM Loss: 0.0176
Client 7 (MNIST) | Target Loss: 0.0493 | DDIM Loss: 0.0172
Client 8 (MNIST) | Target Loss: 0.7114 | DDIM Loss: 0.0173
Client 9 (MNIST) | Target Loss: 0.2026 | DDIM Loss: 0.0180
Client 11 (EMNIST) | Target Loss: 0.4768 | DDIM Loss: 0.0095
Client 12 (EMNIST) | Target Loss: 0.4401 | DDIM Loss: 0.0095
Client 13 (EMNIST) | Target Loss: 0.3475 | DDIM Loss: 0.0095
Client 14 (EMNIST) | Target Loss: 0.3248 | DDIM Loss: 0.0095
Client 15 (EMNIST) | Target Loss: 0.4912 | DDIM Loss: 0.0095
Client 16 (EMNIST) | Target Loss: 0.6933 | DDIM Loss: 0.0094
Client 17 (EMNIST) | Target Loss: 0.4019 | DDIM Loss: 0.0094
Client 18 (EMNIST) | Target Loss: 0.3184 | DDIM Loss: 0.0095
Client 19 (EMNIST) | Target Loss: 0.5052 | DDIM Loss: 0.0097
Client 20 (EMNIST) | Target Loss: 0.5257 | DDIM Loss: 0.0095
Selected client ids: [0, 1, 2, 3, 4, 5, 6, 7, 8, 9, 10, 11, 12, 13, 14, 15, 16, 17, 18, 19]
--- Round 9 ---
Client 0 (MNIST) | Target Loss: 0.1522 | DDIM Loss: 0.0167
Client 1 (MNIST) | Target Loss: 0.0609 | DDIM Loss: 0.0166
Client 2 (MNIST) | Target Loss: 0.0502 | DDIM Loss: 0.0166
Client 3 (MNIST) | Target Loss: 0.0725 | DDIM Loss: 0.0162
Client 4 (MNIST) | Target Loss: 0.1159 | DDIM Loss: 0.0167
Client 5 (MNIST) | Target Loss: 0.4943 | DDIM Loss: 0.0159
Client 6 (MNIST) | Target Loss: 0.0727 | DDIM Loss: 0.0168
Client 7 (MNIST) | Target Loss: 0.0312 | DDIM Loss: 0.0163
Client 8 (MNIST) | Target Loss: 0.6226 | DDIM Loss: 0.0171
Client 9 (MNIST) | Target Loss: 0.1966 | DDIM Loss: 0.0170
Client 11 (EMNIST) | Target Loss: 0.4613 | DDIM Loss: 0.0094
Client 12 (EMNIST) | Target Loss: 0.4296 | DDIM Loss: 0.0093
Client 13 (EMNIST) | Target Loss: 0.3345 | DDIM Loss: 0.0096
Client 14 (EMNIST) | Target Loss: 0.3138 | DDIM Loss: 0.0092
Client 15 (EMNIST) | Target Loss: 0.4751 | DDIM Loss: 0.0094
Client 16 (EMNIST) | Target Loss: 0.6691 | DDIM Loss: 0.0093
Client 17 (EMNIST) | Target Loss: 0.3894 | DDIM Loss: 0.0094
Client 18 (EMNIST) | Target Loss: 0.3019 | DDIM Loss: 0.0094
Client 19 (EMNIST) | Target Loss: 0.4863 | DDIM Loss: 0.0093
Client 20 (EMNIST) | Target Loss: 0.5145 | DDIM Loss: 0.0094
Selected client ids: [0, 1, 2, 3, 4, 5, 6, 7, 8, 9, 10, 11, 12, 13, 14, 15, 16, 17, 18, 19]
--- Round 10 ---
Client 0 (MNIST) | Target Loss: 0.1286 | DDIM Loss: 0.0163
Client 1 (MNIST) | Target Loss: 0.0359 | DDIM Loss: 0.0151
Client 2 (MNIST) | Target Loss: 0.0339 | DDIM Loss: 0.0164
Client 3 (MNIST) | Target Loss: 0.0278 | DDIM Loss: 0.0181
Client 4 (MNIST) | Target Loss: 0.1402 | DDIM Loss: 0.0156
Client 5 (MNIST) | Target Loss: 0.4627 | DDIM Loss: 0.0152
Client 6 (MNIST) | Target Loss: 0.0692 | DDIM Loss: 0.0158
Client 7 (MNIST) | Target Loss: 0.0486 | DDIM Loss: 0.0167
Client 8 (MNIST) | Target Loss: 0.5727 | DDIM Loss: 0.0238
Client 9 (MNIST) | Target Loss: 0.1210 | DDIM Loss: 0.0164
Client 11 (EMNIST) | Target Loss: 0.4467 | DDIM Loss: 0.0093
Client 12 (EMNIST) | Target Loss: 0.4166 | DDIM Loss: 0.0091
Client 13 (EMNIST) | Target Loss: 0.3196 | DDIM Loss: 0.0092
Client 14 (EMNIST) | Target Loss: 0.3008 | DDIM Loss: 0.0092
Client 15 (EMNIST) | Target Loss: 0.4646 | DDIM Loss: 0.0092
Client 16 (EMNIST) | Target Loss: 0.6472 | DDIM Loss: 0.0091
Client 17 (EMNIST) | Target Loss: 0.3771 | DDIM Loss: 0.0092
Client 18 (EMNIST) | Target Loss: 0.2857 | DDIM Loss: 0.0091
Client 19 (EMNIST) | Target Loss: 0.4711 | DDIM Loss: 0.0092
Client 20 (EMNIST) | Target Loss: 0.4960 | DDIM Loss: 0.0092
Selected client ids: [0, 1, 2, 3, 4, 5, 6, 7, 8, 9, 10, 11, 12, 13, 14, 15, 16, 17, 18, 19]
--- Round 11 ---
Client 0 (MNIST) | Target Loss: 0.1425 | DDIM Loss: 0.0158
Client 1 (MNIST) | Target Loss: 0.0388 | DDIM Loss: 0.0158
Client 2 (MNIST) | Target Loss: 0.0138 | DDIM Loss: 0.0147
Client 3 (MNIST) | Target Loss: 0.0210 | DDIM Loss: 0.0147
Client 4 (MNIST) | Target Loss: 0.1202 | DDIM Loss: 0.0163
Client 5 (MNIST) | Target Loss: 0.4209 | DDIM Loss: 0.0149
Client 6 (MNIST) | Target Loss: 0.0591 | DDIM Loss: 0.0145
Client 7 (MNIST) | Target Loss: 0.0230 | DDIM Loss: 0.0148
Client 8 (MNIST) | Target Loss: 0.4602 | DDIM Loss: 0.0145
Client 9 (MNIST) | Target Loss: 0.1624 | DDIM Loss: 0.0156
Client 11 (EMNIST) | Target Loss: 0.4390 | DDIM Loss: 0.0090
Client 12 (EMNIST) | Target Loss: 0.4074 | DDIM Loss: 0.0092
Client 13 (EMNIST) | Target Loss: 0.3064 | DDIM Loss: 0.0091
Client 14 (EMNIST) | Target Loss: 0.2866 | DDIM Loss: 0.0090
Client 15 (EMNIST) | Target Loss: 0.4482 | DDIM Loss: 0.0090
Client 16 (EMNIST) | Target Loss: 0.6334 | DDIM Loss: 0.0090
Client 17 (EMNIST) | Target Loss: 0.3679 | DDIM Loss: 0.0091
Client 18 (EMNIST) | Target Loss: 0.2681 | DDIM Loss: 0.0090
Client 19 (EMNIST) | Target Loss: 0.4602 | DDIM Loss: 0.0090
Client 20 (EMNIST) | Target Loss: 0.4920 | DDIM Loss: 0.0091
Selected client ids: [0, 1, 2, 3, 4, 5, 6, 7, 8, 9, 10, 11, 12, 13, 14, 15, 16, 17, 18, 19]
--- Round 12 ---
Client 0 (MNIST) | Target Loss: 0.1161 | DDIM Loss: 0.0146
Client 1 (MNIST) | Target Loss: 0.0475 | DDIM Loss: 0.0142
Client 2 (MNIST) | Target Loss: 0.0216 | DDIM Loss: 0.0144
Client 3 (MNIST) | Target Loss: 0.0208 | DDIM Loss: 0.0141
Client 4 (MNIST) | Target Loss: 0.1025 | DDIM Loss: 0.0144
Client 5 (MNIST) | Target Loss: 0.3918 | DDIM Loss: 0.0148
Client 6 (MNIST) | Target Loss: 0.0567 | DDIM Loss: 0.0147
Client 7 (MNIST) | Target Loss: 0.0404 | DDIM Loss: 0.0144
Client 8 (MNIST) | Target Loss: 0.3982 | DDIM Loss: 0.0142
Client 9 (MNIST) | Target Loss: 0.0966 | DDIM Loss: 0.0146
Client 11 (EMNIST) | Target Loss: 0.4281 | DDIM Loss: 0.0089
Client 12 (EMNIST) | Target Loss: 0.3967 | DDIM Loss: 0.0089
Client 13 (EMNIST) | Target Loss: 0.2947 | DDIM Loss: 0.0089
Client 14 (EMNIST) | Target Loss: 0.2725 | DDIM Loss: 0.0090
Client 15 (EMNIST) | Target Loss: 0.4393 | DDIM Loss: 0.0090
Client 16 (EMNIST) | Target Loss: 0.6187 | DDIM Loss: 0.0089
Client 17 (EMNIST) | Target Loss: 0.3597 | DDIM Loss: 0.0089
Client 18 (EMNIST) | Target Loss: 0.2559 | DDIM Loss: 0.0090
Client 19 (EMNIST) | Target Loss: 0.4507 | DDIM Loss: 0.0090
Client 20 (EMNIST) | Target Loss: 0.4799 | DDIM Loss: 0.0090
Selected client ids: [0, 1, 2, 3, 4, 5, 6, 7, 8, 9, 10, 11, 12, 13, 14, 15, 16, 17, 18, 19]
--- Round 13 ---
Client 0 (MNIST) | Target Loss: 0.0947 | DDIM Loss: 0.0140
Client 1 (MNIST) | Target Loss: 0.0261 | DDIM Loss: 0.0144
Client 2 (MNIST) | Target Loss: 0.0154 | DDIM Loss: 0.0141
Client 3 (MNIST) | Target Loss: 0.0138 | DDIM Loss: 0.0134
Client 4 (MNIST) | Target Loss: 0.1010 | DDIM Loss: 0.0145
Client 5 (MNIST) | Target Loss: 0.3301 | DDIM Loss: 0.0135
Client 6 (MNIST) | Target Loss: 0.0449 | DDIM Loss: 0.0139
Client 7 (MNIST) | Target Loss: 0.0271 | DDIM Loss: 0.0143
Client 8 (MNIST) | Target Loss: 0.3593 | DDIM Loss: 0.0134
Client 9 (MNIST) | Target Loss: 0.1034 | DDIM Loss: 0.0140
Client 11 (EMNIST) | Target Loss: 0.4199 | DDIM Loss: 0.0089
Client 12 (EMNIST) | Target Loss: 0.3888 | DDIM Loss: 0.0088
Client 13 (EMNIST) | Target Loss: 0.2806 | DDIM Loss: 0.0089
Client 14 (EMNIST) | Target Loss: 0.2578 | DDIM Loss: 0.0089
Client 15 (EMNIST) | Target Loss: 0.4290 | DDIM Loss: 0.0089
Client 16 (EMNIST) | Target Loss: 0.5978 | DDIM Loss: 0.0089
Client 17 (EMNIST) | Target Loss: 0.3505 | DDIM Loss: 0.0089
Client 18 (EMNIST) | Target Loss: 0.2427 | DDIM Loss: 0.0088
Client 19 (EMNIST) | Target Loss: 0.4375 | DDIM Loss: 0.0089
Client 20 (EMNIST) | Target Loss: 0.4671 | DDIM Loss: 0.0089
Selected client ids: [0, 1, 2, 3, 4, 5, 6, 7, 8, 9, 10, 11, 12, 13, 14, 15, 16, 17, 18, 19]
--- Round 14 ---
Client 0 (MNIST) | Target Loss: 0.0848 | DDIM Loss: 0.0134
Client 1 (MNIST) | Target Loss: 0.0324 | DDIM Loss: 0.0134
Client 2 (MNIST) | Target Loss: 0.0138 | DDIM Loss: 0.0136
Client 3 (MNIST) | Target Loss: 0.0381 | DDIM Loss: 0.0137
Client 4 (MNIST) | Target Loss: 0.1028 | DDIM Loss: 0.0138
Client 5 (MNIST) | Target Loss: 0.3170 | DDIM Loss: 0.0158
Client 6 (MNIST) | Target Loss: 0.0403 | DDIM Loss: 0.0140
Client 7 (MNIST) | Target Loss: 0.0216 | DDIM Loss: 0.0139
Client 8 (MNIST) | Target Loss: 0.5174 | DDIM Loss: 0.0198
Client 9 (MNIST) | Target Loss: 0.0789 | DDIM Loss: 0.0133
Client 11 (EMNIST) | Target Loss: 0.4111 | DDIM Loss: 0.0089
Client 12 (EMNIST) | Target Loss: 0.3828 | DDIM Loss: 0.0087
Client 13 (EMNIST) | Target Loss: 0.2680 | DDIM Loss: 0.0089
Client 14 (EMNIST) | Target Loss: 0.2464 | DDIM Loss: 0.0087
Client 15 (EMNIST) | Target Loss: 0.4183 | DDIM Loss: 0.0089
Client 16 (EMNIST) | Target Loss: 0.5885 | DDIM Loss: 0.0089
Client 17 (EMNIST) | Target Loss: 0.3470 | DDIM Loss: 0.0089
Client 18 (EMNIST) | Target Loss: 0.2314 | DDIM Loss: 0.0089
Client 19 (EMNIST) | Target Loss: 0.4247 | DDIM Loss: 0.0089
Client 20 (EMNIST) | Target Loss: 0.4724 | DDIM Loss: 0.0088
Selected client ids: [0, 1, 2, 3, 4, 5, 6, 7, 8, 9, 10, 11, 12, 13, 14, 15, 16, 17, 18, 19]
--- Round 15 ---
Client 0 (MNIST) | Target Loss: 0.0802 | DDIM Loss: 0.0137
Client 1 (MNIST) | Target Loss: 0.0220 | DDIM Loss: 0.0131
Client 2 (MNIST) | Target Loss: 0.0077 | DDIM Loss: 0.0141
Client 3 (MNIST) | Target Loss: 0.0655 | DDIM Loss: 0.0134
Client 4 (MNIST) | Target Loss: 0.0981 | DDIM Loss: 0.0138
Client 5 (MNIST) | Target Loss: 0.3200 | DDIM Loss: 0.0126
Client 6 (MNIST) | Target Loss: 0.0379 | DDIM Loss: 0.0128
Client 7 (MNIST) | Target Loss: 0.0276 | DDIM Loss: 0.0158
Client 8 (MNIST) | Target Loss: 0.9499 | DDIM Loss: 0.0125
Client 9 (MNIST) | Target Loss: 0.0642 | DDIM Loss: 0.0135
Client 11 (EMNIST) | Target Loss: 0.4053 | DDIM Loss: 0.0088
Client 12 (EMNIST) | Target Loss: 0.3749 | DDIM Loss: 0.0087
Client 13 (EMNIST) | Target Loss: 0.2525 | DDIM Loss: 0.0088
Client 14 (EMNIST) | Target Loss: 0.2282 | DDIM Loss: 0.0087
Client 15 (EMNIST) | Target Loss: 0.4120 | DDIM Loss: 0.0086
Client 16 (EMNIST) | Target Loss: 0.5812 | DDIM Loss: 0.0087
Client 17 (EMNIST) | Target Loss: 0.3383 | DDIM Loss: 0.0088
Client 18 (EMNIST) | Target Loss: 0.2142 | DDIM Loss: 0.0087
Client 19 (EMNIST) | Target Loss: 0.4247 | DDIM Loss: 0.0086
Client 20 (EMNIST) | Target Loss: 0.4585 | DDIM Loss: 0.0088
Selected client ids: [0, 1, 2, 3, 4, 5, 6, 7, 8, 9, 10, 11, 12, 13, 14, 15, 16, 17, 18, 19]
--- Round 16 ---
Client 0 (MNIST) | Target Loss: 0.0929 | DDIM Loss: 0.0135
Client 1 (MNIST) | Target Loss: 0.0185 | DDIM Loss: 0.0123
Client 2 (MNIST) | Target Loss: 0.0046 | DDIM Loss: 0.0128
Client 3 (MNIST) | Target Loss: 0.0620 | DDIM Loss: 0.0135
Client 4 (MNIST) | Target Loss: 0.0686 | DDIM Loss: 0.0132
Client 5 (MNIST) | Target Loss: 0.3512 | DDIM Loss: 0.0126
Client 6 (MNIST) | Target Loss: 0.0381 | DDIM Loss: 0.0128
Client 7 (MNIST) | Target Loss: 0.0162 | DDIM Loss: 0.0127
Client 8 (MNIST) | Target Loss: 0.6858 | DDIM Loss: 0.0129
Client 9 (MNIST) | Target Loss: 0.0795 | DDIM Loss: 0.0129
Client 11 (EMNIST) | Target Loss: 0.3967 | DDIM Loss: 0.0087
Client 12 (EMNIST) | Target Loss: 0.3708 | DDIM Loss: 0.0087
Client 13 (EMNIST) | Target Loss: 0.2371 | DDIM Loss: 0.0087
Client 14 (EMNIST) | Target Loss: 0.2106 | DDIM Loss: 0.0086
Client 15 (EMNIST) | Target Loss: 0.4016 | DDIM Loss: 0.0087
Client 16 (EMNIST) | Target Loss: 0.5692 | DDIM Loss: 0.0086
Client 17 (EMNIST) | Target Loss: 0.3315 | DDIM Loss: 0.0086
Client 18 (EMNIST) | Target Loss: 0.2050 | DDIM Loss: 0.0087
Client 19 (EMNIST) | Target Loss: 0.4107 | DDIM Loss: 0.0087
Client 20 (EMNIST) | Target Loss: 0.4529 | DDIM Loss: 0.0088
Selected client ids: [0, 1, 2, 3, 4, 5, 6, 7, 8, 9, 10, 11, 12, 13, 14, 15, 16, 17, 18, 19]
--- Round 17 ---
Client 0 (MNIST) | Target Loss: 0.0673 | DDIM Loss: 0.0131
Client 1 (MNIST) | Target Loss: 0.0128 | DDIM Loss: 0.0131
Client 2 (MNIST) | Target Loss: 0.0118 | DDIM Loss: 0.0124
Client 3 (MNIST) | Target Loss: 0.0155 | DDIM Loss: 0.0135
Client 4 (MNIST) | Target Loss: 0.0732 | DDIM Loss: 0.0126
Client 5 (MNIST) | Target Loss: 0.3201 | DDIM Loss: 0.0179
Client 6 (MNIST) | Target Loss: 0.0297 | DDIM Loss: 0.0125
Client 7 (MNIST) | Target Loss: 0.0418 | DDIM Loss: 0.0123
Client 8 (MNIST) | Target Loss: 0.5843 | DDIM Loss: 0.0124
Client 9 (MNIST) | Target Loss: 0.1142 | DDIM Loss: 0.0124
Client 11 (EMNIST) | Target Loss: 0.3903 | DDIM Loss: 0.0086
Client 12 (EMNIST) | Target Loss: 0.3614 | DDIM Loss: 0.0086
Client 13 (EMNIST) | Target Loss: 0.2251 | DDIM Loss: 0.0087
Client 14 (EMNIST) | Target Loss: 0.1961 | DDIM Loss: 0.0086
Client 15 (EMNIST) | Target Loss: 0.3979 | DDIM Loss: 0.0086
Client 16 (EMNIST) | Target Loss: 0.5563 | DDIM Loss: 0.0086
Client 17 (EMNIST) | Target Loss: 0.3212 | DDIM Loss: 0.0086
Client 18 (EMNIST) | Target Loss: 0.1907 | DDIM Loss: 0.0086
Client 19 (EMNIST) | Target Loss: 0.4058 | DDIM Loss: 0.0086
Client 20 (EMNIST) | Target Loss: 0.4505 | DDIM Loss: 0.0087
Selected client ids: [0, 1, 2, 3, 4, 5, 6, 7, 8, 9, 10, 11, 12, 13, 14, 15, 16, 17, 18, 19]
--- Round 18 ---
Client 0 (MNIST) | Target Loss: 0.0894 | DDIM Loss: 0.0130
Client 1 (MNIST) | Target Loss: 0.0146 | DDIM Loss: 0.0138
Client 2 (MNIST) | Target Loss: 0.0368 | DDIM Loss: 0.0129
Client 3 (MNIST) | Target Loss: 0.0117 | DDIM Loss: 0.0135
Client 4 (MNIST) | Target Loss: 0.0707 | DDIM Loss: 0.0127
Client 5 (MNIST) | Target Loss: 0.2710 | DDIM Loss: 0.0160
Client 6 (MNIST) | Target Loss: 0.0397 | DDIM Loss: 0.0127
Client 7 (MNIST) | Target Loss: 0.0063 | DDIM Loss: 0.0126
Client 8 (MNIST) | Target Loss: 0.4943 | DDIM Loss: 0.0212
Client 9 (MNIST) | Target Loss: 0.0831 | DDIM Loss: 0.0138
Client 11 (EMNIST) | Target Loss: 0.3932 | DDIM Loss: 0.0086
Client 12 (EMNIST) | Target Loss: 0.3577 | DDIM Loss: 0.0085
Client 13 (EMNIST) | Target Loss: 0.2107 | DDIM Loss: 0.0085
Client 14 (EMNIST) | Target Loss: 0.1760 | DDIM Loss: 0.0085
Client 15 (EMNIST) | Target Loss: 0.3929 | DDIM Loss: 0.0086
Client 16 (EMNIST) | Target Loss: 0.5450 | DDIM Loss: 0.0085
Client 17 (EMNIST) | Target Loss: 0.3167 | DDIM Loss: 0.0086
Client 18 (EMNIST) | Target Loss: 0.1804 | DDIM Loss: 0.0085
Client 19 (EMNIST) | Target Loss: 0.4000 | DDIM Loss: 0.0085
Client 20 (EMNIST) | Target Loss: 0.4420 | DDIM Loss: 0.0086
Selected client ids: [0, 1, 2, 3, 4, 5, 6, 7, 8, 9, 10, 11, 12, 13, 14, 15, 16, 17, 18, 19]
--- Round 19 ---
Client 0 (MNIST) | Target Loss: 0.0629 | DDIM Loss: 0.0129
Client 1 (MNIST) | Target Loss: 0.0269 | DDIM Loss: 0.0120
Client 2 (MNIST) | Target Loss: 0.0372 | DDIM Loss: 0.0164
Client 3 (MNIST) | Target Loss: 0.0058 | DDIM Loss: 0.0186
Client 4 (MNIST) | Target Loss: 0.0554 | DDIM Loss: 0.0131
Client 5 (MNIST) | Target Loss: 0.2962 | DDIM Loss: 0.0117
Client 6 (MNIST) | Target Loss: 0.0306 | DDIM Loss: 0.0132
Client 7 (MNIST) | Target Loss: 0.0012 | DDIM Loss: 0.0127
Client 8 (MNIST) | Target Loss: 1.1931 | DDIM Loss: 0.0123
Client 9 (MNIST) | Target Loss: 0.0589 | DDIM Loss: 0.0128
Client 11 (EMNIST) | Target Loss: 0.3796 | DDIM Loss: 0.0086
Client 12 (EMNIST) | Target Loss: 0.3504 | DDIM Loss: 0.0085
Client 13 (EMNIST) | Target Loss: 0.1922 | DDIM Loss: 0.0086
Client 14 (EMNIST) | Target Loss: 0.1600 | DDIM Loss: 0.0085
Client 15 (EMNIST) | Target Loss: 0.3855 | DDIM Loss: 0.0085
Client 16 (EMNIST) | Target Loss: 0.5364 | DDIM Loss: 0.0085
Client 17 (EMNIST) | Target Loss: 0.3145 | DDIM Loss: 0.0086
Client 18 (EMNIST) | Target Loss: 0.1753 | DDIM Loss: 0.0086
Client 19 (EMNIST) | Target Loss: 0.3922 | DDIM Loss: 0.0086
Client 20 (EMNIST) | Target Loss: 0.4405 | DDIM Loss: 0.0086
Selected client ids: [0, 1, 2, 3, 4, 5, 6, 7, 8, 9, 10, 11, 12, 13, 14, 15, 16, 17, 18, 19]
--- Round 20 ---
Client 0 (MNIST) | Target Loss: 0.0731 | DDIM Loss: 0.0119
Client 1 (MNIST) | Target Loss: 0.0176 | DDIM Loss: 0.0120
Client 2 (MNIST) | Target Loss: 0.0201 | DDIM Loss: 0.0113
Client 3 (MNIST) | Target Loss: 0.0048 | DDIM Loss: 0.0116
Client 4 (MNIST) | Target Loss: 0.0607 | DDIM Loss: 0.0120
Client 5 (MNIST) | Target Loss: 0.2684 | DDIM Loss: 0.0116
Client 6 (MNIST) | Target Loss: 0.0198 | DDIM Loss: 0.0114
Client 7 (MNIST) | Target Loss: 0.0002 | DDIM Loss: 0.0125
Client 8 (MNIST) | Target Loss: 0.8605 | DDIM Loss: 0.0130
Client 9 (MNIST) | Target Loss: 0.0744 | DDIM Loss: 0.0121
Client 11 (EMNIST) | Target Loss: 0.3839 | DDIM Loss: 0.0085
Client 12 (EMNIST) | Target Loss: 0.3451 | DDIM Loss: 0.0084
Client 13 (EMNIST) | Target Loss: 0.1805 | DDIM Loss: 0.0085
Client 14 (EMNIST) | Target Loss: 0.1386 | DDIM Loss: 0.0084
Client 15 (EMNIST) | Target Loss: 0.3753 | DDIM Loss: 0.0084
Client 16 (EMNIST) | Target Loss: 0.5287 | DDIM Loss: 0.0085
Client 17 (EMNIST) | Target Loss: 0.3074 | DDIM Loss: 0.0086
Client 18 (EMNIST) | Target Loss: 0.1634 | DDIM Loss: 0.0084
Client 19 (EMNIST) | Target Loss: 0.3846 | DDIM Loss: 0.0085
Client 20 (EMNIST) | Target Loss: 0.4375 | DDIM Loss: 0.0086
[Server] Performing Name-Based Label Mapping...
[Server] Name-based mapping completed. Found 62 unique global classes.

=========================================================================================================
Global ID  | Class Name           | Mapped Datasets (Local ID)
---------------------------------------------------------------------------------------------------------
0          | 0                    | MNIST(0), EMNIST(0)
1          | 1                    | MNIST(1), EMNIST(1)
2          | 2                    | MNIST(2), EMNIST(2)
3          | 3                    | MNIST(3), EMNIST(3)
4          | 4                    | MNIST(4), EMNIST(4)
5          | 5                    | MNIST(5), EMNIST(5)
6          | 6                    | MNIST(6), EMNIST(6)
7          | 7                    | MNIST(7), EMNIST(7)
8          | 8                    | MNIST(8), EMNIST(8)
9          | 9                    | MNIST(9), EMNIST(9)
10         | A                    | EMNIST(10)
11         | B                    | EMNIST(11)
12         | C                    | EMNIST(12)
13         | D                    | EMNIST(13)
14         | E                    | EMNIST(14)
15         | F                    | EMNIST(15)
16         | G                    | EMNIST(16)
17         | H                    | EMNIST(17)
18         | I                    | EMNIST(18)
19         | J                    | EMNIST(19)
20         | K                    | EMNIST(20)
21         | L                    | EMNIST(21)
22         | M                    | EMNIST(22)
23         | N                    | EMNIST(23)
24         | O                    | EMNIST(24)
25         | P                    | EMNIST(25)
26         | Q                    | EMNIST(26)
27         | R                    | EMNIST(27)
28         | S                    | EMNIST(28)
29         | T                    | EMNIST(29)
30         | U                    | EMNIST(30)
31         | V                    | EMNIST(31)
32         | W                    | EMNIST(32)
33         | X                    | EMNIST(33)
34         | Y                    | EMNIST(34)
35         | Z                    | EMNIST(35)
36         | a                    | EMNIST(36)
37         | b                    | EMNIST(37)
38         | c                    | EMNIST(38)
39         | d                    | EMNIST(39)
40         | e                    | EMNIST(40)
41         | f                    | EMNIST(41)
42         | g                    | EMNIST(42)
43         | h                    | EMNIST(43)
44         | i                    | EMNIST(44)
45         | j                    | EMNIST(45)
46         | k                    | EMNIST(46)
47         | l                    | EMNIST(47)
48         | m                    | EMNIST(48)
49         | n                    | EMNIST(49)
50         | o                    | EMNIST(50)
51         | p                    | EMNIST(51)
52         | q                    | EMNIST(52)
53         | r                    | EMNIST(53)
54         | s                    | EMNIST(54)
55         | t                    | EMNIST(55)
56         | u                    | EMNIST(56)
57         | v                    | EMNIST(57)
58         | w                    | EMNIST(58)
59         | x                    | EMNIST(59)
60         | y                    | EMNIST(60)
61         | z                    | EMNIST(61)
=========================================================================================================

Initializing Global Inference Model with 62 classes...
Epoch 0 Loss: 2.7277
Epoch 1 Loss: 1.4292
Epoch 2 Loss: 1.0312
Epoch 3 Loss: 0.8155
Epoch 4 Loss: 0.6528
[Server] Global Inference Model Acc (MNIST) (Round 20): 0.03% (Tested on 9095 samples)
[Server] Global Inference Model Acc (EMNIST) (Round 20): 0.28% (Tested on 105779 samples)
[Server] Global Inference Model Acc (Mix) (Round 20): 0.26% (Tested on 114874 samples)
Selected client ids: [0, 1, 2, 3, 4, 5, 6, 7, 8, 9, 10, 11, 12, 13, 14, 15, 16, 17, 18, 19]
--- Round 21 ---
Client 0 (MNIST) | Target Loss: 0.0000 | DDIM Loss: 0.0117
Client 1 (MNIST) | Target Loss: 0.0000 | DDIM Loss: 0.0115
Client 2 (MNIST) | Target Loss: 0.0000 | DDIM Loss: 0.0118
Client 3 (MNIST) | Target Loss: 0.0000 | DDIM Loss: 0.0144
Client 4 (MNIST) | Target Loss: 0.0000 | DDIM Loss: 0.0119
Client 5 (MNIST) | Target Loss: 0.0000 | DDIM Loss: 0.0163
Client 6 (MNIST) | Target Loss: 0.0000 | DDIM Loss: 0.0119
Client 7 (MNIST) | Target Loss: 0.0000 | DDIM Loss: 0.0114
Client 8 (MNIST) | Target Loss: 0.0000 | DDIM Loss: 0.0126
Client 9 (MNIST) | Target Loss: 0.0000 | DDIM Loss: 0.0119
Client 11 (EMNIST) | Target Loss: 0.0000 | DDIM Loss: 0.0084
Client 12 (EMNIST) | Target Loss: 0.0000 | DDIM Loss: 0.0084
Client 13 (EMNIST) | Target Loss: 0.0000 | DDIM Loss: 0.0084
Client 14 (EMNIST) | Target Loss: 0.0000 | DDIM Loss: 0.0084
Client 15 (EMNIST) | Target Loss: 0.0000 | DDIM Loss: 0.0084
Client 16 (EMNIST) | Target Loss: 0.0000 | DDIM Loss: 0.0083
Client 17 (EMNIST) | Target Loss: 0.0000 | DDIM Loss: 0.0084
Client 18 (EMNIST) | Target Loss: 0.0000 | DDIM Loss: 0.0084
Client 19 (EMNIST) | Target Loss: 0.0000 | DDIM Loss: 0.0085
Client 20 (EMNIST) | Target Loss: 0.0000 | DDIM Loss: 0.0085
Epoch 0 Loss: 0.9511
Epoch 1 Loss: 0.6075
Epoch 2 Loss: 0.4348
Epoch 3 Loss: 0.3644
Epoch 4 Loss: 0.2726
[Server] Global Inference Model Acc (MNIST) (Round 21): 0.20% (Tested on 9095 samples)
[Server] Global Inference Model Acc (EMNIST) (Round 21): 0.30% (Tested on 105779 samples)
[Server] Global Inference Model Acc (Mix) (Round 21): 0.29% (Tested on 114874 samples)
Selected client ids: [0, 1, 2, 3, 4, 5, 6, 7, 8, 9, 10, 11, 12, 13, 14, 15, 16, 17, 18, 19]
--- Round 22 ---
Client 0 (MNIST) | Target Loss: 0.0000 | DDIM Loss: 0.0116
Client 1 (MNIST) | Target Loss: 0.0000 | DDIM Loss: 0.0116
Client 2 (MNIST) | Target Loss: 0.0000 | DDIM Loss: 0.0117
Client 3 (MNIST) | Target Loss: 0.0000 | DDIM Loss: 0.0158
Client 4 (MNIST) | Target Loss: 0.0000 | DDIM Loss: 0.0117
Client 5 (MNIST) | Target Loss: 0.0000 | DDIM Loss: 0.0119
Client 6 (MNIST) | Target Loss: 0.0000 | DDIM Loss: 0.0120
Client 7 (MNIST) | Target Loss: 0.0000 | DDIM Loss: 0.0113
Client 8 (MNIST) | Target Loss: 0.0000 | DDIM Loss: 0.0127
Client 9 (MNIST) | Target Loss: 0.0000 | DDIM Loss: 0.0123
Client 11 (EMNIST) | Target Loss: 0.0000 | DDIM Loss: 0.0084
Client 12 (EMNIST) | Target Loss: 0.0000 | DDIM Loss: 0.0084
Client 13 (EMNIST) | Target Loss: 0.0000 | DDIM Loss: 0.0084
Client 14 (EMNIST) | Target Loss: 0.0000 | DDIM Loss: 0.0083
Client 15 (EMNIST) | Target Loss: 0.0000 | DDIM Loss: 0.0084
Client 16 (EMNIST) | Target Loss: 0.0000 | DDIM Loss: 0.0083
Client 17 (EMNIST) | Target Loss: 0.0000 | DDIM Loss: 0.0085
Client 18 (EMNIST) | Target Loss: 0.0000 | DDIM Loss: 0.0084
Client 19 (EMNIST) | Target Loss: 0.0000 | DDIM Loss: 0.0084
Client 20 (EMNIST) | Target Loss: 0.0000 | DDIM Loss: 0.0084
Epoch 0 Loss: 0.7583
Epoch 1 Loss: 0.4402
Epoch 2 Loss: 0.2917
Epoch 3 Loss: 0.2102
Epoch 4 Loss: 0.1720
[Server] Global Inference Model Acc (MNIST) (Round 22): 0.03% (Tested on 9095 samples)
[Server] Global Inference Model Acc (EMNIST) (Round 22): 0.26% (Tested on 105779 samples)
[Server] Global Inference Model Acc (Mix) (Round 22): 0.24% (Tested on 114874 samples)
Selected client ids: [0, 1, 2, 3, 4, 5, 6, 7, 8, 9, 10, 11, 12, 13, 14, 15, 16, 17, 18, 19]
--- Round 23 ---
Client 0 (MNIST) | Target Loss: 0.0000 | DDIM Loss: 0.0117
Client 1 (MNIST) | Target Loss: 0.0000 | DDIM Loss: 0.0117
Client 2 (MNIST) | Target Loss: 0.0000 | DDIM Loss: 0.0113
Client 3 (MNIST) | Target Loss: 0.0000 | DDIM Loss: 0.0112
Client 4 (MNIST) | Target Loss: 0.0000 | DDIM Loss: 0.0124
Client 5 (MNIST) | Target Loss: 0.0000 | DDIM Loss: 0.0112
Client 6 (MNIST) | Target Loss: 0.0000 | DDIM Loss: 0.0115
Client 7 (MNIST) | Target Loss: 0.0000 | DDIM Loss: 0.0137
Client 8 (MNIST) | Target Loss: 0.0000 | DDIM Loss: 0.0117
Client 9 (MNIST) | Target Loss: 0.0000 | DDIM Loss: 0.0114
Client 11 (EMNIST) | Target Loss: 0.0000 | DDIM Loss: 0.0084
Client 12 (EMNIST) | Target Loss: 0.0000 | DDIM Loss: 0.0083
Client 13 (EMNIST) | Target Loss: 0.0000 | DDIM Loss: 0.0084
Client 14 (EMNIST) | Target Loss: 0.0000 | DDIM Loss: 0.0084
Client 15 (EMNIST) | Target Loss: 0.0000 | DDIM Loss: 0.0083
Client 16 (EMNIST) | Target Loss: 0.0000 | DDIM Loss: 0.0083
Client 17 (EMNIST) | Target Loss: 0.0000 | DDIM Loss: 0.0084
Client 18 (EMNIST) | Target Loss: 0.0000 | DDIM Loss: 0.0084
Client 19 (EMNIST) | Target Loss: 0.0000 | DDIM Loss: 0.0083
Client 20 (EMNIST) | Target Loss: 0.0000 | DDIM Loss: 0.0084
Epoch 0 Loss: 0.7436
Epoch 1 Loss: 0.3489
Epoch 2 Loss: 0.2212
Epoch 3 Loss: 0.1424
Epoch 4 Loss: 0.1426
[Server] Global Inference Model Acc (MNIST) (Round 23): 1.44% (Tested on 9095 samples)
[Server] Global Inference Model Acc (EMNIST) (Round 23): 0.60% (Tested on 105779 samples)
[Server] Global Inference Model Acc (Mix) (Round 23): 0.67% (Tested on 114874 samples)
Selected client ids: [0, 1, 2, 3, 4, 5, 6, 7, 8, 9, 10, 11, 12, 13, 14, 15, 16, 17, 18, 19]
--- Round 24 ---
Client 0 (MNIST) | Target Loss: 0.0000 | DDIM Loss: 0.0128
Client 1 (MNIST) | Target Loss: 0.0000 | DDIM Loss: 0.0122
Client 2 (MNIST) | Target Loss: 0.0000 | DDIM Loss: 0.0114
Client 3 (MNIST) | Target Loss: 0.0000 | DDIM Loss: 0.0110
Client 4 (MNIST) | Target Loss: 0.0000 | DDIM Loss: 0.0113
Client 5 (MNIST) | Target Loss: 0.0000 | DDIM Loss: 0.0108
Client 6 (MNIST) | Target Loss: 0.0000 | DDIM Loss: 0.0115
Client 7 (MNIST) | Target Loss: 0.0000 | DDIM Loss: 0.0112
Client 8 (MNIST) | Target Loss: 0.0000 | DDIM Loss: 0.0113
Client 9 (MNIST) | Target Loss: 0.0000 | DDIM Loss: 0.0111
Client 11 (EMNIST) | Target Loss: 0.0000 | DDIM Loss: 0.0083
Client 12 (EMNIST) | Target Loss: 0.0000 | DDIM Loss: 0.0084
Client 13 (EMNIST) | Target Loss: 0.0000 | DDIM Loss: 0.0084
Client 14 (EMNIST) | Target Loss: 0.0000 | DDIM Loss: 0.0083
Client 15 (EMNIST) | Target Loss: 0.0000 | DDIM Loss: 0.0083
Client 16 (EMNIST) | Target Loss: 0.0000 | DDIM Loss: 0.0083
Client 17 (EMNIST) | Target Loss: 0.0000 | DDIM Loss: 0.0083
Client 18 (EMNIST) | Target Loss: 0.0000 | DDIM Loss: 0.0082
Client 19 (EMNIST) | Target Loss: 0.0000 | DDIM Loss: 0.0083
Client 20 (EMNIST) | Target Loss: 0.0000 | DDIM Loss: 0.0083
Epoch 0 Loss: 0.7740
Epoch 1 Loss: 0.3759
Epoch 2 Loss: 0.2067
Epoch 3 Loss: 0.1270
Epoch 4 Loss: 0.0914
[Server] Global Inference Model Acc (MNIST) (Round 24): 0.19% (Tested on 9095 samples)
[Server] Global Inference Model Acc (EMNIST) (Round 24): 3.09% (Tested on 105779 samples)
[Server] Global Inference Model Acc (Mix) (Round 24): 2.86% (Tested on 114874 samples)
Selected client ids: [0, 1, 2, 3, 4, 5, 6, 7, 8, 9, 10, 11, 12, 13, 14, 15, 16, 17, 18, 19]
--- Round 25 ---
Client 0 (MNIST) | Target Loss: 0.0000 | DDIM Loss: 0.0114
Client 1 (MNIST) | Target Loss: 0.0000 | DDIM Loss: 0.0110
Client 2 (MNIST) | Target Loss: 0.0000 | DDIM Loss: 0.0113
Client 3 (MNIST) | Target Loss: 0.0000 | DDIM Loss: 0.0122
Client 4 (MNIST) | Target Loss: 0.0000 | DDIM Loss: 0.0113
Client 5 (MNIST) | Target Loss: 0.0000 | DDIM Loss: 0.0110
Client 6 (MNIST) | Target Loss: 0.0000 | DDIM Loss: 0.0121
Client 7 (MNIST) | Target Loss: 0.0000 | DDIM Loss: 0.0113
Client 8 (MNIST) | Target Loss: 0.0000 | DDIM Loss: 0.0163
Client 9 (MNIST) | Target Loss: 0.0000 | DDIM Loss: 0.0113
Client 11 (EMNIST) | Target Loss: 0.0000 | DDIM Loss: 0.0084
Client 12 (EMNIST) | Target Loss: 0.0000 | DDIM Loss: 0.0083
Client 13 (EMNIST) | Target Loss: 0.0000 | DDIM Loss: 0.0083
Client 14 (EMNIST) | Target Loss: 0.0000 | DDIM Loss: 0.0082
Client 15 (EMNIST) | Target Loss: 0.0000 | DDIM Loss: 0.0083
Client 16 (EMNIST) | Target Loss: 0.0000 | DDIM Loss: 0.0082
Client 17 (EMNIST) | Target Loss: 0.0000 | DDIM Loss: 0.0083
Client 18 (EMNIST) | Target Loss: 0.0000 | DDIM Loss: 0.0083
Client 19 (EMNIST) | Target Loss: 0.0000 | DDIM Loss: 0.0082
Client 20 (EMNIST) | Target Loss: 0.0000 | DDIM Loss: 0.0083
Epoch 0 Loss: 0.6731
Epoch 1 Loss: 0.2429
Epoch 2 Loss: 0.1440
Epoch 3 Loss: 0.0745
Epoch 4 Loss: 0.0448
[Server] Global Inference Model Acc (MNIST) (Round 25): 0.05% (Tested on 9095 samples)
[Server] Global Inference Model Acc (EMNIST) (Round 25): 0.34% (Tested on 105779 samples)
[Server] Global Inference Model Acc (Mix) (Round 25): 0.32% (Tested on 114874 samples)
Selected client ids: [0, 1, 2, 3, 4, 5, 6, 7, 8, 9, 10, 11, 12, 13, 14, 15, 16, 17, 18, 19]
--- Round 26 ---
Client 0 (MNIST) | Target Loss: 0.0000 | DDIM Loss: 0.0114
Client 1 (MNIST) | Target Loss: 0.0000 | DDIM Loss: 0.0104
Client 2 (MNIST) | Target Loss: 0.0000 | DDIM Loss: 0.0112
Client 3 (MNIST) | Target Loss: 0.0000 | DDIM Loss: 0.0189
Client 4 (MNIST) | Target Loss: 0.0000 | DDIM Loss: 0.0112
Client 5 (MNIST) | Target Loss: 0.0000 | DDIM Loss: 0.0114
Client 6 (MNIST) | Target Loss: 0.0000 | DDIM Loss: 0.0109
Client 7 (MNIST) | Target Loss: 0.0000 | DDIM Loss: 0.0113
Client 8 (MNIST) | Target Loss: 0.0000 | DDIM Loss: 0.0108
Client 9 (MNIST) | Target Loss: 0.0000 | DDIM Loss: 0.0115
Client 11 (EMNIST) | Target Loss: 0.0000 | DDIM Loss: 0.0084
Client 12 (EMNIST) | Target Loss: 0.0000 | DDIM Loss: 0.0082
Client 13 (EMNIST) | Target Loss: 0.0000 | DDIM Loss: 0.0082
Client 14 (EMNIST) | Target Loss: 0.0000 | DDIM Loss: 0.0083
Client 15 (EMNIST) | Target Loss: 0.0000 | DDIM Loss: 0.0082
Client 16 (EMNIST) | Target Loss: 0.0000 | DDIM Loss: 0.0082
Client 17 (EMNIST) | Target Loss: 0.0000 | DDIM Loss: 0.0085
Client 18 (EMNIST) | Target Loss: 0.0000 | DDIM Loss: 0.0082
Client 19 (EMNIST) | Target Loss: 0.0000 | DDIM Loss: 0.0083
Client 20 (EMNIST) | Target Loss: 0.0000 | DDIM Loss: 0.0083
Epoch 0 Loss: 0.6610
Epoch 1 Loss: 0.2805
Epoch 2 Loss: 0.1482
Epoch 3 Loss: 0.0829
Epoch 4 Loss: 0.0654
[Server] Global Inference Model Acc (MNIST) (Round 26): 0.01% (Tested on 9095 samples)
[Server] Global Inference Model Acc (EMNIST) (Round 26): 0.33% (Tested on 105779 samples)
[Server] Global Inference Model Acc (Mix) (Round 26): 0.30% (Tested on 114874 samples)
Selected client ids: [0, 1, 2, 3, 4, 5, 6, 7, 8, 9, 10, 11, 12, 13, 14, 15, 16, 17, 18, 19]
--- Round 27 ---
Client 0 (MNIST) | Target Loss: 0.0000 | DDIM Loss: 0.0111
Client 1 (MNIST) | Target Loss: 0.0000 | DDIM Loss: 0.0120
Client 2 (MNIST) | Target Loss: 0.0000 | DDIM Loss: 0.0110
Client 3 (MNIST) | Target Loss: 0.0000 | DDIM Loss: 0.0114
Client 4 (MNIST) | Target Loss: 0.0000 | DDIM Loss: 0.0121
Client 5 (MNIST) | Target Loss: 0.0000 | DDIM Loss: 0.0107
Client 6 (MNIST) | Target Loss: 0.0000 | DDIM Loss: 0.0109
Client 7 (MNIST) | Target Loss: 0.0000 | DDIM Loss: 0.0113
Client 8 (MNIST) | Target Loss: 0.0000 | DDIM Loss: 0.0107
Client 9 (MNIST) | Target Loss: 0.0000 | DDIM Loss: 0.0115
Client 11 (EMNIST) | Target Loss: 0.0000 | DDIM Loss: 0.0082
Client 12 (EMNIST) | Target Loss: 0.0000 | DDIM Loss: 0.0082
Client 13 (EMNIST) | Target Loss: 0.0000 | DDIM Loss: 0.0082
Client 14 (EMNIST) | Target Loss: 0.0000 | DDIM Loss: 0.0082
Client 15 (EMNIST) | Target Loss: 0.0000 | DDIM Loss: 0.0083
Client 16 (EMNIST) | Target Loss: 0.0000 | DDIM Loss: 0.0081
Client 17 (EMNIST) | Target Loss: 0.0000 | DDIM Loss: 0.0082
Client 18 (EMNIST) | Target Loss: 0.0000 | DDIM Loss: 0.0082
Client 19 (EMNIST) | Target Loss: 0.0000 | DDIM Loss: 0.0082
Client 20 (EMNIST) | Target Loss: 0.0000 | DDIM Loss: 0.0083
Epoch 0 Loss: 0.6420
Epoch 1 Loss: 0.2552
Epoch 2 Loss: 0.1485
Epoch 3 Loss: 0.0844
Epoch 4 Loss: 0.0570
[Server] Global Inference Model Acc (MNIST) (Round 27): 0.07% (Tested on 9095 samples)
[Server] Global Inference Model Acc (EMNIST) (Round 27): 0.29% (Tested on 105779 samples)
[Server] Global Inference Model Acc (Mix) (Round 27): 0.27% (Tested on 114874 samples)
Selected client ids: [0, 1, 2, 3, 4, 5, 6, 7, 8, 9, 10, 11, 12, 13, 14, 15, 16, 17, 18, 19]
--- Round 28 ---
Client 0 (MNIST) | Target Loss: 0.0000 | DDIM Loss: 0.0113
Client 1 (MNIST) | Target Loss: 0.0000 | DDIM Loss: 0.0106
Client 2 (MNIST) | Target Loss: 0.0000 | DDIM Loss: 0.0110
Client 3 (MNIST) | Target Loss: 0.0000 | DDIM Loss: 0.0102
Client 4 (MNIST) | Target Loss: 0.0000 | DDIM Loss: 0.0109
Client 5 (MNIST) | Target Loss: 0.0000 | DDIM Loss: 0.0107
Client 6 (MNIST) | Target Loss: 0.0000 | DDIM Loss: 0.0108
Client 7 (MNIST) | Target Loss: 0.0000 | DDIM Loss: 0.0107
Client 8 (MNIST) | Target Loss: 0.0000 | DDIM Loss: 0.0106
Client 9 (MNIST) | Target Loss: 0.0000 | DDIM Loss: 0.0106
Client 11 (EMNIST) | Target Loss: 0.0000 | DDIM Loss: 0.0082
Client 12 (EMNIST) | Target Loss: 0.0000 | DDIM Loss: 0.0082
Client 13 (EMNIST) | Target Loss: 0.0000 | DDIM Loss: 0.0082
Client 14 (EMNIST) | Target Loss: 0.0000 | DDIM Loss: 0.0082
Client 15 (EMNIST) | Target Loss: 0.0000 | DDIM Loss: 0.0082
Client 16 (EMNIST) | Target Loss: 0.0000 | DDIM Loss: 0.0081
Client 17 (EMNIST) | Target Loss: 0.0000 | DDIM Loss: 0.0082
Client 18 (EMNIST) | Target Loss: 0.0000 | DDIM Loss: 0.0082
Client 19 (EMNIST) | Target Loss: 0.0000 | DDIM Loss: 0.0081
Client 20 (EMNIST) | Target Loss: 0.0000 | DDIM Loss: 0.0083
Epoch 0 Loss: 0.5596
Epoch 1 Loss: 0.2344
Epoch 2 Loss: 0.1300
Epoch 3 Loss: 0.0607
Epoch 4 Loss: 0.0336
[Server] Global Inference Model Acc (MNIST) (Round 28): 0.01% (Tested on 9095 samples)
[Server] Global Inference Model Acc (EMNIST) (Round 28): 0.27% (Tested on 105779 samples)
[Server] Global Inference Model Acc (Mix) (Round 28): 0.25% (Tested on 114874 samples)
Selected client ids: [0, 1, 2, 3, 4, 5, 6, 7, 8, 9, 10, 11, 12, 13, 14, 15, 16, 17, 18, 19]
--- Round 29 ---
Client 0 (MNIST) | Target Loss: 0.0000 | DDIM Loss: 0.0107
Client 1 (MNIST) | Target Loss: 0.0000 | DDIM Loss: 0.0109
Client 2 (MNIST) | Target Loss: 0.0000 | DDIM Loss: 0.0107
Client 3 (MNIST) | Target Loss: 0.0000 | DDIM Loss: 0.0103
Client 4 (MNIST) | Target Loss: 0.0000 | DDIM Loss: 0.0110
Client 5 (MNIST) | Target Loss: 0.0000 | DDIM Loss: 0.0107
Client 6 (MNIST) | Target Loss: 0.0000 | DDIM Loss: 0.0109
Client 7 (MNIST) | Target Loss: 0.0000 | DDIM Loss: 0.0108
Client 8 (MNIST) | Target Loss: 0.0000 | DDIM Loss: 0.0125
Client 9 (MNIST) | Target Loss: 0.0000 | DDIM Loss: 0.0112
Client 11 (EMNIST) | Target Loss: 0.0000 | DDIM Loss: 0.0082
Client 12 (EMNIST) | Target Loss: 0.0000 | DDIM Loss: 0.0081
Client 13 (EMNIST) | Target Loss: 0.0000 | DDIM Loss: 0.0081
Client 14 (EMNIST) | Target Loss: 0.0000 | DDIM Loss: 0.0081
Client 15 (EMNIST) | Target Loss: 0.0000 | DDIM Loss: 0.0081
Client 16 (EMNIST) | Target Loss: 0.0000 | DDIM Loss: 0.0081
Client 17 (EMNIST) | Target Loss: 0.0000 | DDIM Loss: 0.0082
Client 18 (EMNIST) | Target Loss: 0.0000 | DDIM Loss: 0.0081
Client 19 (EMNIST) | Target Loss: 0.0000 | DDIM Loss: 0.0081
Client 20 (EMNIST) | Target Loss: 0.0000 | DDIM Loss: 0.0082
Epoch 0 Loss: 0.5203
Epoch 1 Loss: 0.2201
Epoch 2 Loss: 0.1342
Epoch 3 Loss: 0.0777
Epoch 4 Loss: 0.0319
[Server] Global Inference Model Acc (MNIST) (Round 29): 0.02% (Tested on 9095 samples)
[Server] Global Inference Model Acc (EMNIST) (Round 29): 0.23% (Tested on 105779 samples)
[Server] Global Inference Model Acc (Mix) (Round 29): 0.21% (Tested on 114874 samples)
Selected client ids: [0, 1, 2, 3, 4, 5, 6, 7, 8, 9, 10, 11, 12, 13, 14, 15, 16, 17, 18, 19]
--- Round 30 ---
Client 0 (MNIST) | Target Loss: 0.0000 | DDIM Loss: 0.0111
Client 1 (MNIST) | Target Loss: 0.0000 | DDIM Loss: 0.0109
Client 2 (MNIST) | Target Loss: 0.0000 | DDIM Loss: 0.0114
Client 3 (MNIST) | Target Loss: 0.0000 | DDIM Loss: 0.0110
Client 4 (MNIST) | Target Loss: 0.0000 | DDIM Loss: 0.0113
Client 5 (MNIST) | Target Loss: 0.0000 | DDIM Loss: 0.0114
Client 6 (MNIST) | Target Loss: 0.0000 | DDIM Loss: 0.0123
Client 7 (MNIST) | Target Loss: 0.0000 | DDIM Loss: 0.0125
Client 8 (MNIST) | Target Loss: 0.0000 | DDIM Loss: 0.0118
Client 9 (MNIST) | Target Loss: 0.0000 | DDIM Loss: 0.0117
Client 11 (EMNIST) | Target Loss: 0.0000 | DDIM Loss: 0.0082
Client 12 (EMNIST) | Target Loss: 0.0000 | DDIM Loss: 0.0081
Client 13 (EMNIST) | Target Loss: 0.0000 | DDIM Loss: 0.0081
Client 14 (EMNIST) | Target Loss: 0.0000 | DDIM Loss: 0.0081
Client 15 (EMNIST) | Target Loss: 0.0000 | DDIM Loss: 0.0080
Client 16 (EMNIST) | Target Loss: 0.0000 | DDIM Loss: 0.0081
Client 17 (EMNIST) | Target Loss: 0.0000 | DDIM Loss: 0.0081
Client 18 (EMNIST) | Target Loss: 0.0000 | DDIM Loss: 0.0081
Client 19 (EMNIST) | Target Loss: 0.0000 | DDIM Loss: 0.0081
Client 20 (EMNIST) | Target Loss: 0.0000 | DDIM Loss: 0.0081
Epoch 0 Loss: 0.6008
Epoch 1 Loss: 0.2293
Epoch 2 Loss: 0.1224
Epoch 3 Loss: 0.0605
Epoch 4 Loss: 0.0384
[Server] Global Inference Model Acc (MNIST) (Round 30): 0.02% (Tested on 9095 samples)
[Server] Global Inference Model Acc (EMNIST) (Round 30): 0.22% (Tested on 105779 samples)
[Server] Global Inference Model Acc (Mix) (Round 30): 0.20% (Tested on 114874 samples)
Saving checkpoints ...
[Server] Checkpoint saved to logs/2026-06-20_15-26-41/GeFL_DDIM_baseline_total/server_checkpoints.pth
[Server] Global DDPM for MNIST saved to logs/2026-06-20_15-26-41/GeFL_DDIM_baseline_total/global_gans/MNIST_DDPM.pth
[Server] Global DDPM for EMNIST saved to logs/2026-06-20_15-26-41/GeFL_DDIM_baseline_total/global_gans/EMNIST_DDPM.pth
[Server] All 20 clients saved in logs/2026-06-20_15-26-41/GeFL_DDIM_baseline_total/clients_last_round_checkpoints/
==============================    Finished. Total Time: 11:45:30    ==============================
