Time: 2026-03-26 07:35:40
Log Dir: logs/2026-03-26_07-35-40/Local
================================================================================

==============================        Args        ==============================
  exp_timestamp: None
  exp_conf: ./configs/het-exp.yaml
  device: cuda:1
  seed: 15698
  algorithm: Local
  num_new_clients: 1
  num_train_mnist: 10
  num_train_emnist: 10
  num_train_fashionmnist: 0
  num_train_cifar10: 10
  num_train_cifar100: 0
  num_train_usps: 0
================================================================================
==============================    Exp Configs     ==============================
exp_name: model-heterogeneity
heterogeneous: true
dirichlet_alpha: 10.0
global_rounds: 40
local_epochs: 1
local_loss_fn: CrossEntropyLoss
local_optim: Adam
local_lr: 0.001
batch_size: 64
sample_frac: 1.0
test_interval: 1
metric_type: accuracy
global_feature_dim: 256
optim: Adam
optim_lr: 0.001
global_gen_epochs: 10
gen_noise_dim: 128
gen_optim: Adam
gen_optim_lr: 0.001
global_feat_gen_epochs: 10
feat_gen_noise_dim: 128
feat_gen_optim: Adam
feat_gen_optim_lr: 0.001
feat_gen_div_beta: 1.0
public_data_ratio: 0.05
start_mapping_epoch: 1
gen_observer_weight: 1.0
index_matching: class_name
global_model_epochs: 15
global_model_optim: Adam
global_model_optim_lr: 0.001

================================================================================

==================================================
Start 40 rounds training by Local
Selected client ids: [0, 1, 2, 3, 4, 5, 6, 7, 8, 9, 10, 11, 12, 13, 14, 15, 16, 17, 18, 19, 20, 21, 22, 23, 24, 25, 26, 27, 28, 29]
--- Round 1 ---
Round 1 | Client 0 | Model: (MLP) | Acc: 83.55%
Round 1 | Client 1 | Model: (CNN) | Acc: 78.23%
Round 1 | Client 2 | Model: (ResNet8) | Acc: 52.55%
Round 1 | Client 3 | Model: (ResNet18) | Acc: 84.42%
Round 1 | Client 4 | Model: (MobileNetV2) | Acc: 70.62%
Round 1 | Client 5 | Model: (MobileNetV3) | Acc: 51.38%
Round 1 | Client 6 | Model: (LeNet) | Acc: 76.73%
Round 1 | Client 7 | Model: (AlexNet) | Acc: 76.72%
Round 1 | Client 8 | Model: (ShuffleNet) | Acc: 58.64%
Round 1 | Client 9 | Model: (SqueezeNet) | Acc: 47.87%
Round 1 | Client 11 | Model: (MLP) | Acc: 75.83%
Round 1 | Client 12 | Model: (CNN) | Acc: 73.41%
Round 1 | Client 13 | Model: (ResNet8) | Acc: 80.70%
Round 1 | Client 14 | Model: (ResNet18) | Acc: 82.29%
Round 1 | Client 15 | Model: (MobileNetV2) | Acc: 73.81%
Round 1 | Client 16 | Model: (MobileNetV3) | Acc: 50.73%
Round 1 | Client 17 | Model: (LeNet) | Acc: 75.82%
Round 1 | Client 18 | Model: (AlexNet) | Acc: 82.58%
Round 1 | Client 19 | Model: (ShuffleNet) | Acc: 69.17%
Round 1 | Client 20 | Model: (SqueezeNet) | Acc: 68.94%
Round 1 | Client 22 | Model: (MLP) | Acc: 36.79%
Round 1 | Client 23 | Model: (CNN) | Acc: 39.35%
Round 1 | Client 24 | Model: (ResNet8) | Acc: 28.06%
Round 1 | Client 25 | Model: (ResNet18) | Acc: 36.43%
Round 1 | Client 26 | Model: (MobileNetV2) | Acc: 15.70%
Round 1 | Client 27 | Model: (MobileNetV3) | Acc: 35.52%
Round 1 | Client 28 | Model: (LeNet) | Acc: 26.90%
Round 1 | Client 29 | Model: (AlexNet) | Acc: 33.20%
Round 1 | Client 30 | Model: (ShuffleNet) | Acc: 21.29%
Round 1 | Client 31 | Model: (SqueezeNet) | Acc: 23.40%
[Server] Performing Name-Based Label Mapping...
[Server] Name-based mapping completed. Found 72 unique global classes.

=========================================================================================================
Global ID  | Class Name           | Mapped Datasets (Local ID)
---------------------------------------------------------------------------------------------------------
0          | 0                    | MNIST(0), EMNIST(0)
1          | 1                    | MNIST(1), EMNIST(1)
2          | 2                    | MNIST(2), EMNIST(2)
3          | 3                    | MNIST(3), EMNIST(3)
4          | 4                    | MNIST(4), EMNIST(4)
5          | 5                    | MNIST(5), EMNIST(5)
6          | 6                    | MNIST(6), EMNIST(6)
7          | 7                    | MNIST(7), EMNIST(7)
8          | 8                    | MNIST(8), EMNIST(8)
9          | 9                    | MNIST(9), EMNIST(9)
10         | A                    | EMNIST(10)
11         | B                    | EMNIST(11)
12         | C                    | EMNIST(12)
13         | D                    | EMNIST(13)
14         | E                    | EMNIST(14)
15         | F                    | EMNIST(15)
16         | G                    | EMNIST(16)
17         | H                    | EMNIST(17)
18         | I                    | EMNIST(18)
19         | J                    | EMNIST(19)
20         | K                    | EMNIST(20)
21         | L                    | EMNIST(21)
22         | M                    | EMNIST(22)
23         | N                    | EMNIST(23)
24         | O                    | EMNIST(24)
25         | P                    | EMNIST(25)
26         | Q                    | EMNIST(26)
27         | R                    | EMNIST(27)
28         | S                    | EMNIST(28)
29         | T                    | EMNIST(29)
30         | U                    | EMNIST(30)
31         | V                    | EMNIST(31)
32         | W                    | EMNIST(32)
33         | X                    | EMNIST(33)
34         | Y                    | EMNIST(34)
35         | Z                    | EMNIST(35)
36         | a                    | EMNIST(36)
37         | airplane             | CIFAR10(0)
38         | automobile           | CIFAR10(1)
39         | b                    | EMNIST(37)
40         | bird                 | CIFAR10(2)
41         | c                    | EMNIST(38)
42         | cat                  | CIFAR10(3)
43         | d                    | EMNIST(39)
44         | deer                 | CIFAR10(4)
45         | dog                  | CIFAR10(5)
46         | e                    | EMNIST(40)
47         | f                    | EMNIST(41)
48         | frog                 | CIFAR10(6)
49         | g                    | EMNIST(42)
50         | h                    | EMNIST(43)
51         | horse                | CIFAR10(7)
52         | i                    | EMNIST(44)
53         | j                    | EMNIST(45)
54         | k                    | EMNIST(46)
55         | l                    | EMNIST(47)
56         | m                    | EMNIST(48)
57         | n                    | EMNIST(49)
58         | o                    | EMNIST(50)
59         | p                    | EMNIST(51)
60         | q                    | EMNIST(52)
61         | r                    | EMNIST(53)
62         | s                    | EMNIST(54)
63         | ship                 | CIFAR10(8)
64         | t                    | EMNIST(55)
65         | truck                | CIFAR10(9)
66         | u                    | EMNIST(56)
67         | v                    | EMNIST(57)
68         | w                    | EMNIST(58)
69         | x                    | EMNIST(59)
70         | y                    | EMNIST(60)
71         | z                    | EMNIST(61)
=========================================================================================================

Selected client ids: [0, 1, 2, 3, 4, 5, 6, 7, 8, 9, 10, 11, 12, 13, 14, 15, 16, 17, 18, 19, 20, 21, 22, 23, 24, 25, 26, 27, 28, 29]
--- Round 2 ---
Round 2 | Client 0 | Model: (MLP) | Acc: 88.00%
Round 2 | Client 1 | Model: (CNN) | Acc: 78.34%
Round 2 | Client 2 | Model: (ResNet8) | Acc: 63.11%
Round 2 | Client 3 | Model: (ResNet18) | Acc: 94.32%
Round 2 | Client 4 | Model: (MobileNetV2) | Acc: 86.08%
Round 2 | Client 5 | Model: (MobileNetV3) | Acc: 53.56%
Round 2 | Client 6 | Model: (LeNet) | Acc: 92.64%
Round 2 | Client 7 | Model: (AlexNet) | Acc: 93.03%
Round 2 | Client 8 | Model: (ShuffleNet) | Acc: 75.35%
Round 2 | Client 9 | Model: (SqueezeNet) | Acc: 80.44%
Round 2 | Client 11 | Model: (MLP) | Acc: 77.21%
Round 2 | Client 12 | Model: (CNN) | Acc: 78.78%
Round 2 | Client 13 | Model: (ResNet8) | Acc: 83.22%
Round 2 | Client 14 | Model: (ResNet18) | Acc: 83.66%
Round 2 | Client 15 | Model: (MobileNetV2) | Acc: 80.22%
Round 2 | Client 16 | Model: (MobileNetV3) | Acc: 66.79%
Round 2 | Client 17 | Model: (LeNet) | Acc: 79.11%
Round 2 | Client 18 | Model: (AlexNet) | Acc: 83.53%
Round 2 | Client 19 | Model: (ShuffleNet) | Acc: 76.08%
Round 2 | Client 20 | Model: (SqueezeNet) | Acc: 75.25%
Round 2 | Client 22 | Model: (MLP) | Acc: 38.57%
Round 2 | Client 23 | Model: (CNN) | Acc: 25.00%
Round 2 | Client 24 | Model: (ResNet8) | Acc: 40.20%
Round 2 | Client 25 | Model: (ResNet18) | Acc: 29.38%
Round 2 | Client 26 | Model: (MobileNetV2) | Acc: 29.57%
Round 2 | Client 27 | Model: (MobileNetV3) | Acc: 39.42%
Round 2 | Client 28 | Model: (LeNet) | Acc: 35.50%
Round 2 | Client 29 | Model: (AlexNet) | Acc: 32.90%
Round 2 | Client 30 | Model: (ShuffleNet) | Acc: 24.26%
Round 2 | Client 31 | Model: (SqueezeNet) | Acc: 26.31%
Selected client ids: [0, 1, 2, 3, 4, 5, 6, 7, 8, 9, 10, 11, 12, 13, 14, 15, 16, 17, 18, 19, 20, 21, 22, 23, 24, 25, 26, 27, 28, 29]
--- Round 3 ---
Round 3 | Client 0 | Model: (MLP) | Acc: 85.56%
Round 3 | Client 1 | Model: (CNN) | Acc: 89.34%
Round 3 | Client 2 | Model: (ResNet8) | Acc: 88.47%
Round 3 | Client 3 | Model: (ResNet18) | Acc: 94.81%
Round 3 | Client 4 | Model: (MobileNetV2) | Acc: 87.63%
Round 3 | Client 5 | Model: (MobileNetV3) | Acc: 74.89%
Round 3 | Client 6 | Model: (LeNet) | Acc: 94.02%
Round 3 | Client 7 | Model: (AlexNet) | Acc: 94.56%
Round 3 | Client 8 | Model: (ShuffleNet) | Acc: 84.45%
Round 3 | Client 9 | Model: (SqueezeNet) | Acc: 88.42%
Round 3 | Client 11 | Model: (MLP) | Acc: 79.39%
Round 3 | Client 12 | Model: (CNN) | Acc: 82.09%
Round 3 | Client 13 | Model: (ResNet8) | Acc: 83.74%
Round 3 | Client 14 | Model: (ResNet18) | Acc: 83.93%
Round 3 | Client 15 | Model: (MobileNetV2) | Acc: 81.47%
Round 3 | Client 16 | Model: (MobileNetV3) | Acc: 69.23%
Round 3 | Client 17 | Model: (LeNet) | Acc: 81.87%
Round 3 | Client 18 | Model: (AlexNet) | Acc: 83.78%
Round 3 | Client 19 | Model: (ShuffleNet) | Acc: 78.48%
Round 3 | Client 20 | Model: (SqueezeNet) | Acc: 78.48%
Round 3 | Client 22 | Model: (MLP) | Acc: 40.95%
Round 3 | Client 23 | Model: (CNN) | Acc: 44.79%
Round 3 | Client 24 | Model: (ResNet8) | Acc: 48.22%
Round 3 | Client 25 | Model: (ResNet18) | Acc: 42.20%
Round 3 | Client 26 | Model: (MobileNetV2) | Acc: 29.68%
Round 3 | Client 27 | Model: (MobileNetV3) | Acc: 43.99%
Round 3 | Client 28 | Model: (LeNet) | Acc: 41.23%
Round 3 | Client 29 | Model: (AlexNet) | Acc: 38.85%
Round 3 | Client 30 | Model: (ShuffleNet) | Acc: 28.25%
Round 3 | Client 31 | Model: (SqueezeNet) | Acc: 26.43%
Selected client ids: [0, 1, 2, 3, 4, 5, 6, 7, 8, 9, 10, 11, 12, 13, 14, 15, 16, 17, 18, 19, 20, 21, 22, 23, 24, 25, 26, 27, 28, 29]
--- Round 4 ---
Round 4 | Client 0 | Model: (MLP) | Acc: 86.73%
Round 4 | Client 1 | Model: (CNN) | Acc: 94.50%
Round 4 | Client 2 | Model: (ResNet8) | Acc: 94.54%
Round 4 | Client 3 | Model: (ResNet18) | Acc: 94.20%
Round 4 | Client 4 | Model: (MobileNetV2) | Acc: 90.41%
Round 4 | Client 5 | Model: (MobileNetV3) | Acc: 76.15%
Round 4 | Client 6 | Model: (LeNet) | Acc: 93.81%
Round 4 | Client 7 | Model: (AlexNet) | Acc: 96.18%
Round 4 | Client 8 | Model: (ShuffleNet) | Acc: 88.71%
Round 4 | Client 9 | Model: (SqueezeNet) | Acc: 88.42%
Round 4 | Client 11 | Model: (MLP) | Acc: 79.22%
Round 4 | Client 12 | Model: (CNN) | Acc: 80.15%
Round 4 | Client 13 | Model: (ResNet8) | Acc: 85.86%
Round 4 | Client 14 | Model: (ResNet18) | Acc: 84.58%
Round 4 | Client 15 | Model: (MobileNetV2) | Acc: 82.44%
Round 4 | Client 16 | Model: (MobileNetV3) | Acc: 70.25%
Round 4 | Client 17 | Model: (LeNet) | Acc: 81.34%
Round 4 | Client 18 | Model: (AlexNet) | Acc: 84.67%
Round 4 | Client 19 | Model: (ShuffleNet) | Acc: 78.90%
Round 4 | Client 20 | Model: (SqueezeNet) | Acc: 78.85%
Round 4 | Client 22 | Model: (MLP) | Acc: 40.12%
Round 4 | Client 23 | Model: (CNN) | Acc: 50.58%
Round 4 | Client 24 | Model: (ResNet8) | Acc: 44.77%
Round 4 | Client 25 | Model: (ResNet18) | Acc: 44.87%
Round 4 | Client 26 | Model: (MobileNetV2) | Acc: 33.98%
Round 4 | Client 27 | Model: (MobileNetV3) | Acc: 45.21%
Round 4 | Client 28 | Model: (LeNet) | Acc: 39.69%
Round 4 | Client 29 | Model: (AlexNet) | Acc: 45.61%
Round 4 | Client 30 | Model: (ShuffleNet) | Acc: 31.32%
Round 4 | Client 31 | Model: (SqueezeNet) | Acc: 27.36%
Selected client ids: [0, 1, 2, 3, 4, 5, 6, 7, 8, 9, 10, 11, 12, 13, 14, 15, 16, 17, 18, 19, 20, 21, 22, 23, 24, 25, 26, 27, 28, 29]
--- Round 5 ---
Round 5 | Client 0 | Model: (MLP) | Acc: 91.72%
Round 5 | Client 1 | Model: (CNN) | Acc: 91.02%
Round 5 | Client 2 | Model: (ResNet8) | Acc: 93.20%
Round 5 | Client 3 | Model: (ResNet18) | Acc: 97.95%
Round 5 | Client 4 | Model: (MobileNetV2) | Acc: 87.73%
Round 5 | Client 5 | Model: (MobileNetV3) | Acc: 80.28%
Round 5 | Client 6 | Model: (LeNet) | Acc: 95.62%
Round 5 | Client 7 | Model: (AlexNet) | Acc: 96.66%
Round 5 | Client 8 | Model: (ShuffleNet) | Acc: 89.75%
Round 5 | Client 9 | Model: (SqueezeNet) | Acc: 94.21%
Round 5 | Client 11 | Model: (MLP) | Acc: 79.34%
Round 5 | Client 12 | Model: (CNN) | Acc: 82.60%
Round 5 | Client 13 | Model: (ResNet8) | Acc: 84.31%
Round 5 | Client 14 | Model: (ResNet18) | Acc: 84.16%
Round 5 | Client 15 | Model: (MobileNetV2) | Acc: 80.88%
Round 5 | Client 16 | Model: (MobileNetV3) | Acc: 74.40%
Round 5 | Client 17 | Model: (LeNet) | Acc: 82.97%
Round 5 | Client 18 | Model: (AlexNet) | Acc: 84.58%
Round 5 | Client 19 | Model: (ShuffleNet) | Acc: 79.49%
Round 5 | Client 20 | Model: (SqueezeNet) | Acc: 79.58%
Round 5 | Client 22 | Model: (MLP) | Acc: 43.10%
Round 5 | Client 23 | Model: (CNN) | Acc: 50.93%
Round 5 | Client 24 | Model: (ResNet8) | Acc: 53.34%
Round 5 | Client 25 | Model: (ResNet18) | Acc: 50.21%
Round 5 | Client 26 | Model: (MobileNetV2) | Acc: 33.23%
Round 5 | Client 27 | Model: (MobileNetV3) | Acc: 45.21%
Round 5 | Client 28 | Model: (LeNet) | Acc: 42.34%
Round 5 | Client 29 | Model: (AlexNet) | Acc: 42.48%
Round 5 | Client 30 | Model: (ShuffleNet) | Acc: 33.06%
Round 5 | Client 31 | Model: (SqueezeNet) | Acc: 30.27%
Selected client ids: [0, 1, 2, 3, 4, 5, 6, 7, 8, 9, 10, 11, 12, 13, 14, 15, 16, 17, 18, 19, 20, 21, 22, 23, 24, 25, 26, 27, 28, 29]
--- Round 6 ---
Round 6 | Client 0 | Model: (MLP) | Acc: 93.10%
Round 6 | Client 1 | Model: (CNN) | Acc: 89.23%
Round 6 | Client 2 | Model: (ResNet8) | Acc: 95.87%
Round 6 | Client 3 | Model: (ResNet18) | Acc: 97.71%
Round 6 | Client 4 | Model: (MobileNetV2) | Acc: 93.61%
Round 6 | Client 5 | Model: (MobileNetV3) | Acc: 82.11%
Round 6 | Client 6 | Model: (LeNet) | Acc: 95.20%
Round 6 | Client 7 | Model: (AlexNet) | Acc: 97.71%
Round 6 | Client 8 | Model: (ShuffleNet) | Acc: 90.55%
Round 6 | Client 9 | Model: (SqueezeNet) | Acc: 93.88%
Round 6 | Client 11 | Model: (MLP) | Acc: 79.29%
Round 6 | Client 12 | Model: (CNN) | Acc: 83.10%
Round 6 | Client 13 | Model: (ResNet8) | Acc: 85.47%
Round 6 | Client 14 | Model: (ResNet18) | Acc: 84.78%
Round 6 | Client 15 | Model: (MobileNetV2) | Acc: 83.41%
Round 6 | Client 16 | Model: (MobileNetV3) | Acc: 75.33%
Round 6 | Client 17 | Model: (LeNet) | Acc: 82.33%
Round 6 | Client 18 | Model: (AlexNet) | Acc: 85.02%
Round 6 | Client 19 | Model: (ShuffleNet) | Acc: 80.26%
Round 6 | Client 20 | Model: (SqueezeNet) | Acc: 80.82%
Round 6 | Client 22 | Model: (MLP) | Acc: 42.86%
Round 6 | Client 23 | Model: (CNN) | Acc: 51.16%
Round 6 | Client 24 | Model: (ResNet8) | Acc: 51.00%
Round 6 | Client 25 | Model: (ResNet18) | Acc: 50.53%
Round 6 | Client 26 | Model: (MobileNetV2) | Acc: 35.70%
Round 6 | Client 27 | Model: (MobileNetV3) | Acc: 47.44%
Round 6 | Client 28 | Model: (LeNet) | Acc: 44.76%
Round 6 | Client 29 | Model: (AlexNet) | Acc: 46.42%
Round 6 | Client 30 | Model: (ShuffleNet) | Acc: 35.21%
Round 6 | Client 31 | Model: (SqueezeNet) | Acc: 35.51%
Selected client ids: [0, 1, 2, 3, 4, 5, 6, 7, 8, 9, 10, 11, 12, 13, 14, 15, 16, 17, 18, 19, 20, 21, 22, 23, 24, 25, 26, 27, 28, 29]
--- Round 7 ---
Round 7 | Client 0 | Model: (MLP) | Acc: 92.78%
Round 7 | Client 1 | Model: (CNN) | Acc: 90.80%
Round 7 | Client 2 | Model: (ResNet8) | Acc: 92.11%
Round 7 | Client 3 | Model: (ResNet18) | Acc: 91.55%
Round 7 | Client 4 | Model: (MobileNetV2) | Acc: 94.54%
Round 7 | Client 5 | Model: (MobileNetV3) | Acc: 82.11%
Round 7 | Client 6 | Model: (LeNet) | Acc: 96.37%
Round 7 | Client 7 | Model: (AlexNet) | Acc: 98.00%
Round 7 | Client 8 | Model: (ShuffleNet) | Acc: 90.21%
Round 7 | Client 9 | Model: (SqueezeNet) | Acc: 94.32%
Round 7 | Client 11 | Model: (MLP) | Acc: 81.44%
Round 7 | Client 12 | Model: (CNN) | Acc: 83.45%
Round 7 | Client 13 | Model: (ResNet8) | Acc: 85.86%
Round 7 | Client 14 | Model: (ResNet18) | Acc: 85.62%
Round 7 | Client 15 | Model: (MobileNetV2) | Acc: 84.01%
Round 7 | Client 16 | Model: (MobileNetV3) | Acc: 76.36%
Round 7 | Client 17 | Model: (LeNet) | Acc: 82.47%
Round 7 | Client 18 | Model: (AlexNet) | Acc: 85.20%
Round 7 | Client 19 | Model: (ShuffleNet) | Acc: 80.03%
Round 7 | Client 20 | Model: (SqueezeNet) | Acc: 80.58%
Round 7 | Client 22 | Model: (MLP) | Acc: 42.50%
Round 7 | Client 23 | Model: (CNN) | Acc: 53.82%
Round 7 | Client 24 | Model: (ResNet8) | Acc: 51.45%
Round 7 | Client 25 | Model: (ResNet18) | Acc: 49.15%
Round 7 | Client 26 | Model: (MobileNetV2) | Acc: 35.91%
Round 7 | Client 27 | Model: (MobileNetV3) | Acc: 45.99%
Round 7 | Client 28 | Model: (LeNet) | Acc: 44.21%
Round 7 | Client 29 | Model: (AlexNet) | Acc: 49.34%
Round 7 | Client 30 | Model: (ShuffleNet) | Acc: 35.62%
Round 7 | Client 31 | Model: (SqueezeNet) | Acc: 33.76%
Selected client ids: [0, 1, 2, 3, 4, 5, 6, 7, 8, 9, 10, 11, 12, 13, 14, 15, 16, 17, 18, 19, 20, 21, 22, 23, 24, 25, 26, 27, 28, 29]
--- Round 8 ---
Round 8 | Client 0 | Model: (MLP) | Acc: 90.98%
Round 8 | Client 1 | Model: (CNN) | Acc: 95.74%
Round 8 | Client 2 | Model: (ResNet8) | Acc: 85.92%
Round 8 | Client 3 | Model: (ResNet18) | Acc: 98.55%
Round 8 | Client 4 | Model: (MobileNetV2) | Acc: 94.74%
Round 8 | Client 5 | Model: (MobileNetV3) | Acc: 79.82%
Round 8 | Client 6 | Model: (LeNet) | Acc: 97.65%
Round 8 | Client 7 | Model: (AlexNet) | Acc: 96.85%
Round 8 | Client 8 | Model: (ShuffleNet) | Acc: 92.28%
Round 8 | Client 9 | Model: (SqueezeNet) | Acc: 94.75%
Round 8 | Client 11 | Model: (MLP) | Acc: 81.11%
Round 8 | Client 12 | Model: (CNN) | Acc: 84.05%
Round 8 | Client 13 | Model: (ResNet8) | Acc: 86.48%
Round 8 | Client 14 | Model: (ResNet18) | Acc: 85.03%
Round 8 | Client 15 | Model: (MobileNetV2) | Acc: 84.39%
Round 8 | Client 16 | Model: (MobileNetV3) | Acc: 74.84%
Round 8 | Client 17 | Model: (LeNet) | Acc: 83.49%
Round 8 | Client 18 | Model: (AlexNet) | Acc: 85.45%
Round 8 | Client 19 | Model: (ShuffleNet) | Acc: 80.68%
Round 8 | Client 20 | Model: (SqueezeNet) | Acc: 81.04%
Round 8 | Client 22 | Model: (MLP) | Acc: 39.88%
Round 8 | Client 23 | Model: (CNN) | Acc: 51.39%
Round 8 | Client 24 | Model: (ResNet8) | Acc: 53.67%
Round 8 | Client 25 | Model: (ResNet18) | Acc: 54.17%
Round 8 | Client 26 | Model: (MobileNetV2) | Acc: 36.99%
Round 8 | Client 27 | Model: (MobileNetV3) | Acc: 47.33%
Round 8 | Client 28 | Model: (LeNet) | Acc: 45.42%
Round 8 | Client 29 | Model: (AlexNet) | Acc: 53.18%
Round 8 | Client 30 | Model: (ShuffleNet) | Acc: 37.77%
Round 8 | Client 31 | Model: (SqueezeNet) | Acc: 34.34%
Selected client ids: [0, 1, 2, 3, 4, 5, 6, 7, 8, 9, 10, 11, 12, 13, 14, 15, 16, 17, 18, 19, 20, 21, 22, 23, 24, 25, 26, 27, 28, 29]
--- Round 9 ---
Round 9 | Client 0 | Model: (MLP) | Acc: 93.52%
Round 9 | Client 1 | Model: (CNN) | Acc: 96.97%
Round 9 | Client 2 | Model: (ResNet8) | Acc: 96.24%
Round 9 | Client 3 | Model: (ResNet18) | Acc: 97.83%
Round 9 | Client 4 | Model: (MobileNetV2) | Acc: 95.36%
Round 9 | Client 5 | Model: (MobileNetV3) | Acc: 85.32%
Round 9 | Client 6 | Model: (LeNet) | Acc: 97.55%
Round 9 | Client 7 | Model: (AlexNet) | Acc: 97.90%
Round 9 | Client 8 | Model: (ShuffleNet) | Acc: 92.28%
Round 9 | Client 9 | Model: (SqueezeNet) | Acc: 96.28%
Round 9 | Client 11 | Model: (MLP) | Acc: 81.21%
Round 9 | Client 12 | Model: (CNN) | Acc: 83.81%
Round 9 | Client 13 | Model: (ResNet8) | Acc: 85.38%
Round 9 | Client 14 | Model: (ResNet18) | Acc: 84.95%
Round 9 | Client 15 | Model: (MobileNetV2) | Acc: 85.22%
Round 9 | Client 16 | Model: (MobileNetV3) | Acc: 77.53%
Round 9 | Client 17 | Model: (LeNet) | Acc: 83.07%
Round 9 | Client 18 | Model: (AlexNet) | Acc: 84.50%
Round 9 | Client 19 | Model: (ShuffleNet) | Acc: 80.89%
Round 9 | Client 20 | Model: (SqueezeNet) | Acc: 82.47%
Round 9 | Client 22 | Model: (MLP) | Acc: 40.24%
Round 9 | Client 23 | Model: (CNN) | Acc: 57.64%
Round 9 | Client 24 | Model: (ResNet8) | Acc: 56.35%
Round 9 | Client 25 | Model: (ResNet18) | Acc: 51.18%
Round 9 | Client 26 | Model: (MobileNetV2) | Acc: 37.63%
Round 9 | Client 27 | Model: (MobileNetV3) | Acc: 48.00%
Round 9 | Client 28 | Model: (LeNet) | Acc: 44.65%
Round 9 | Client 29 | Model: (AlexNet) | Acc: 53.68%
Round 9 | Client 30 | Model: (ShuffleNet) | Acc: 37.46%
Round 9 | Client 31 | Model: (SqueezeNet) | Acc: 37.37%
Selected client ids: [0, 1, 2, 3, 4, 5, 6, 7, 8, 9, 10, 11, 12, 13, 14, 15, 16, 17, 18, 19, 20, 21, 22, 23, 24, 25, 26, 27, 28, 29]
--- Round 10 ---
Round 10 | Client 0 | Model: (MLP) | Acc: 93.84%
Round 10 | Client 1 | Model: (CNN) | Acc: 71.94%
Round 10 | Client 2 | Model: (ResNet8) | Acc: 96.60%
Round 10 | Client 3 | Model: (ResNet18) | Acc: 97.58%
Round 10 | Client 4 | Model: (MobileNetV2) | Acc: 95.36%
Round 10 | Client 5 | Model: (MobileNetV3) | Acc: 88.30%
Round 10 | Client 6 | Model: (LeNet) | Acc: 96.91%
Round 10 | Client 7 | Model: (AlexNet) | Acc: 98.28%
Round 10 | Client 8 | Model: (ShuffleNet) | Acc: 91.13%
Round 10 | Client 9 | Model: (SqueezeNet) | Acc: 96.83%
Round 10 | Client 11 | Model: (MLP) | Acc: 81.35%
Round 10 | Client 12 | Model: (CNN) | Acc: 85.10%
Round 10 | Client 13 | Model: (ResNet8) | Acc: 85.71%
Round 10 | Client 14 | Model: (ResNet18) | Acc: 85.49%
Round 10 | Client 15 | Model: (MobileNetV2) | Acc: 84.57%
Round 10 | Client 16 | Model: (MobileNetV3) | Acc: 76.40%
Round 10 | Client 17 | Model: (LeNet) | Acc: 82.85%
Round 10 | Client 18 | Model: (AlexNet) | Acc: 85.35%
Round 10 | Client 19 | Model: (ShuffleNet) | Acc: 81.88%
Round 10 | Client 20 | Model: (SqueezeNet) | Acc: 82.16%
Round 10 | Client 22 | Model: (MLP) | Acc: 42.38%
Round 10 | Client 23 | Model: (CNN) | Acc: 56.13%
Round 10 | Client 24 | Model: (ResNet8) | Acc: 58.57%
Round 10 | Client 25 | Model: (ResNet18) | Acc: 56.41%
Round 10 | Client 26 | Model: (MobileNetV2) | Acc: 33.87%
Round 10 | Client 27 | Model: (MobileNetV3) | Acc: 49.11%
Round 10 | Client 28 | Model: (LeNet) | Acc: 47.63%
Round 10 | Client 29 | Model: (AlexNet) | Acc: 52.47%
Round 10 | Client 30 | Model: (ShuffleNet) | Acc: 36.23%
Round 10 | Client 31 | Model: (SqueezeNet) | Acc: 37.49%
Selected client ids: [0, 1, 2, 3, 4, 5, 6, 7, 8, 9, 10, 11, 12, 13, 14, 15, 16, 17, 18, 19, 20, 21, 22, 23, 24, 25, 26, 27, 28, 29]
--- Round 11 ---
Round 11 | Client 0 | Model: (MLP) | Acc: 92.99%
Round 11 | Client 1 | Model: (CNN) | Acc: 95.51%
Round 11 | Client 2 | Model: (ResNet8) | Acc: 95.27%
Round 11 | Client 3 | Model: (ResNet18) | Acc: 97.22%
Round 11 | Client 4 | Model: (MobileNetV2) | Acc: 95.57%
Round 11 | Client 5 | Model: (MobileNetV3) | Acc: 89.22%
Round 11 | Client 6 | Model: (LeNet) | Acc: 97.87%
Round 11 | Client 7 | Model: (AlexNet) | Acc: 98.38%
Round 11 | Client 8 | Model: (ShuffleNet) | Acc: 92.51%
Round 11 | Client 9 | Model: (SqueezeNet) | Acc: 96.07%
Round 11 | Client 11 | Model: (MLP) | Acc: 80.55%
Round 11 | Client 12 | Model: (CNN) | Acc: 84.83%
Round 11 | Client 13 | Model: (ResNet8) | Acc: 86.03%
Round 11 | Client 14 | Model: (ResNet18) | Acc: 85.55%
Round 11 | Client 15 | Model: (MobileNetV2) | Acc: 84.46%
Round 11 | Client 16 | Model: (MobileNetV3) | Acc: 78.23%
Round 11 | Client 17 | Model: (LeNet) | Acc: 83.30%
Round 11 | Client 18 | Model: (AlexNet) | Acc: 84.93%
Round 11 | Client 19 | Model: (ShuffleNet) | Acc: 81.58%
Round 11 | Client 20 | Model: (SqueezeNet) | Acc: 82.66%
Round 11 | Client 22 | Model: (MLP) | Acc: 42.38%
Round 11 | Client 23 | Model: (CNN) | Acc: 54.98%
Round 11 | Client 24 | Model: (ResNet8) | Acc: 56.90%
Round 11 | Client 25 | Model: (ResNet18) | Acc: 55.45%
Round 11 | Client 26 | Model: (MobileNetV2) | Acc: 38.71%
Round 11 | Client 27 | Model: (MobileNetV3) | Acc: 49.55%
Round 11 | Client 28 | Model: (LeNet) | Acc: 45.87%
Round 11 | Client 29 | Model: (AlexNet) | Acc: 56.41%
Round 11 | Client 30 | Model: (ShuffleNet) | Acc: 35.72%
Round 11 | Client 31 | Model: (SqueezeNet) | Acc: 40.28%
Selected client ids: [0, 1, 2, 3, 4, 5, 6, 7, 8, 9, 10, 11, 12, 13, 14, 15, 16, 17, 18, 19, 20, 21, 22, 23, 24, 25, 26, 27, 28, 29]
--- Round 12 ---
Round 12 | Client 0 | Model: (MLP) | Acc: 93.21%
Round 12 | Client 1 | Model: (CNN) | Acc: 92.59%
Round 12 | Client 2 | Model: (ResNet8) | Acc: 96.84%
Round 12 | Client 3 | Model: (ResNet18) | Acc: 97.46%
Round 12 | Client 4 | Model: (MobileNetV2) | Acc: 94.43%
Round 12 | Client 5 | Model: (MobileNetV3) | Acc: 84.63%
Round 12 | Client 6 | Model: (LeNet) | Acc: 97.87%
Round 12 | Client 7 | Model: (AlexNet) | Acc: 98.38%
Round 12 | Client 8 | Model: (ShuffleNet) | Acc: 92.05%
Round 12 | Client 9 | Model: (SqueezeNet) | Acc: 95.74%
Round 12 | Client 11 | Model: (MLP) | Acc: 81.84%
Round 12 | Client 12 | Model: (CNN) | Acc: 84.82%
Round 12 | Client 13 | Model: (ResNet8) | Acc: 86.39%
Round 12 | Client 14 | Model: (ResNet18) | Acc: 85.26%
Round 12 | Client 15 | Model: (MobileNetV2) | Acc: 84.06%
Round 12 | Client 16 | Model: (MobileNetV3) | Acc: 78.28%
Round 12 | Client 17 | Model: (LeNet) | Acc: 82.80%
Round 12 | Client 18 | Model: (AlexNet) | Acc: 84.41%
Round 12 | Client 19 | Model: (ShuffleNet) | Acc: 82.26%
Round 12 | Client 20 | Model: (SqueezeNet) | Acc: 82.64%
Round 12 | Client 22 | Model: (MLP) | Acc: 42.02%
Round 12 | Client 23 | Model: (CNN) | Acc: 48.96%
Round 12 | Client 24 | Model: (ResNet8) | Acc: 39.87%
Round 12 | Client 25 | Model: (ResNet18) | Acc: 54.59%
Round 12 | Client 26 | Model: (MobileNetV2) | Acc: 37.74%
Round 12 | Client 27 | Model: (MobileNetV3) | Acc: 48.55%
Round 12 | Client 28 | Model: (LeNet) | Acc: 44.98%
Round 12 | Client 29 | Model: (AlexNet) | Acc: 55.60%
Round 12 | Client 30 | Model: (ShuffleNet) | Acc: 37.15%
Round 12 | Client 31 | Model: (SqueezeNet) | Acc: 39.46%
Selected client ids: [0, 1, 2, 3, 4, 5, 6, 7, 8, 9, 10, 11, 12, 13, 14, 15, 16, 17, 18, 19, 20, 21, 22, 23, 24, 25, 26, 27, 28, 29]
--- Round 13 ---
Round 13 | Client 0 | Model: (MLP) | Acc: 93.42%
Round 13 | Client 1 | Model: (CNN) | Acc: 95.96%
Round 13 | Client 2 | Model: (ResNet8) | Acc: 96.84%
Round 13 | Client 3 | Model: (ResNet18) | Acc: 98.79%
Round 13 | Client 4 | Model: (MobileNetV2) | Acc: 94.43%
Round 13 | Client 5 | Model: (MobileNetV3) | Acc: 89.79%
Round 13 | Client 6 | Model: (LeNet) | Acc: 98.19%
Round 13 | Client 7 | Model: (AlexNet) | Acc: 97.61%
Round 13 | Client 8 | Model: (ShuffleNet) | Acc: 92.40%
Round 13 | Client 9 | Model: (SqueezeNet) | Acc: 95.96%
Round 13 | Client 11 | Model: (MLP) | Acc: 81.19%
Round 13 | Client 12 | Model: (CNN) | Acc: 85.02%
Round 13 | Client 13 | Model: (ResNet8) | Acc: 85.09%
Round 13 | Client 14 | Model: (ResNet18) | Acc: 84.59%
Round 13 | Client 15 | Model: (MobileNetV2) | Acc: 85.10%
Round 13 | Client 16 | Model: (MobileNetV3) | Acc: 78.22%
Round 13 | Client 17 | Model: (LeNet) | Acc: 82.78%
Round 13 | Client 18 | Model: (AlexNet) | Acc: 84.34%
Round 13 | Client 19 | Model: (ShuffleNet) | Acc: 81.96%
Round 13 | Client 20 | Model: (SqueezeNet) | Acc: 82.63%
Round 13 | Client 22 | Model: (MLP) | Acc: 41.31%
Round 13 | Client 23 | Model: (CNN) | Acc: 41.44%
Round 13 | Client 24 | Model: (ResNet8) | Acc: 60.91%
Round 13 | Client 25 | Model: (ResNet18) | Acc: 57.91%
Round 13 | Client 26 | Model: (MobileNetV2) | Acc: 39.03%
Round 13 | Client 27 | Model: (MobileNetV3) | Acc: 51.78%
Round 13 | Client 28 | Model: (LeNet) | Acc: 47.19%
Round 13 | Client 29 | Model: (AlexNet) | Acc: 57.72%
Round 13 | Client 30 | Model: (ShuffleNet) | Acc: 38.79%
Round 13 | Client 31 | Model: (SqueezeNet) | Acc: 38.65%
Selected client ids: [0, 1, 2, 3, 4, 5, 6, 7, 8, 9, 10, 11, 12, 13, 14, 15, 16, 17, 18, 19, 20, 21, 22, 23, 24, 25, 26, 27, 28, 29]
--- Round 14 ---
Round 14 | Client 0 | Model: (MLP) | Acc: 93.52%
Round 14 | Client 1 | Model: (CNN) | Acc: 97.31%
Round 14 | Client 2 | Model: (ResNet8) | Acc: 96.12%
Round 14 | Client 3 | Model: (ResNet18) | Acc: 98.19%
Round 14 | Client 4 | Model: (MobileNetV2) | Acc: 89.59%
Round 14 | Client 5 | Model: (MobileNetV3) | Acc: 81.19%
Round 14 | Client 6 | Model: (LeNet) | Acc: 97.55%
Round 14 | Client 7 | Model: (AlexNet) | Acc: 98.28%
Round 14 | Client 8 | Model: (ShuffleNet) | Acc: 93.43%
Round 14 | Client 9 | Model: (SqueezeNet) | Acc: 96.83%
Round 14 | Client 11 | Model: (MLP) | Acc: 81.26%
Round 14 | Client 12 | Model: (CNN) | Acc: 84.19%
Round 14 | Client 13 | Model: (ResNet8) | Acc: 85.45%
Round 14 | Client 14 | Model: (ResNet18) | Acc: 85.88%
Round 14 | Client 15 | Model: (MobileNetV2) | Acc: 85.51%
Round 14 | Client 16 | Model: (MobileNetV3) | Acc: 76.83%
Round 14 | Client 17 | Model: (LeNet) | Acc: 83.50%
Round 14 | Client 18 | Model: (AlexNet) | Acc: 84.94%
Round 14 | Client 19 | Model: (ShuffleNet) | Acc: 82.14%
Round 14 | Client 20 | Model: (SqueezeNet) | Acc: 83.45%
Round 14 | Client 22 | Model: (MLP) | Acc: 43.81%
Round 14 | Client 23 | Model: (CNN) | Acc: 52.66%
Round 14 | Client 24 | Model: (ResNet8) | Acc: 56.57%
Round 14 | Client 25 | Model: (ResNet18) | Acc: 59.40%
Round 14 | Client 26 | Model: (MobileNetV2) | Acc: 39.14%
Round 14 | Client 27 | Model: (MobileNetV3) | Acc: 50.11%
Round 14 | Client 28 | Model: (LeNet) | Acc: 50.39%
Round 14 | Client 29 | Model: (AlexNet) | Acc: 57.62%
Round 14 | Client 30 | Model: (ShuffleNet) | Acc: 37.67%
Round 14 | Client 31 | Model: (SqueezeNet) | Acc: 39.46%
Selected client ids: [0, 1, 2, 3, 4, 5, 6, 7, 8, 9, 10, 11, 12, 13, 14, 15, 16, 17, 18, 19, 20, 21, 22, 23, 24, 25, 26, 27, 28, 29]
--- Round 15 ---
Round 15 | Client 0 | Model: (MLP) | Acc: 93.42%
Round 15 | Client 1 | Model: (CNN) | Acc: 76.66%
Round 15 | Client 2 | Model: (ResNet8) | Acc: 96.60%
Round 15 | Client 3 | Model: (ResNet18) | Acc: 96.86%
Round 15 | Client 4 | Model: (MobileNetV2) | Acc: 94.12%
Round 15 | Client 5 | Model: (MobileNetV3) | Acc: 85.09%
Round 15 | Client 6 | Model: (LeNet) | Acc: 97.55%
Round 15 | Client 7 | Model: (AlexNet) | Acc: 97.81%
Round 15 | Client 8 | Model: (ShuffleNet) | Acc: 93.32%
Round 15 | Client 9 | Model: (SqueezeNet) | Acc: 97.16%
Round 15 | Client 11 | Model: (MLP) | Acc: 81.11%
Round 15 | Client 12 | Model: (CNN) | Acc: 85.60%
Round 15 | Client 13 | Model: (ResNet8) | Acc: 85.13%
Round 15 | Client 14 | Model: (ResNet18) | Acc: 85.30%
Round 15 | Client 15 | Model: (MobileNetV2) | Acc: 85.73%
Round 15 | Client 16 | Model: (MobileNetV3) | Acc: 77.36%
Round 15 | Client 17 | Model: (LeNet) | Acc: 83.64%
Round 15 | Client 18 | Model: (AlexNet) | Acc: 84.25%
Round 15 | Client 19 | Model: (ShuffleNet) | Acc: 82.23%
Round 15 | Client 20 | Model: (SqueezeNet) | Acc: 83.06%
Round 15 | Client 22 | Model: (MLP) | Acc: 39.29%
Round 15 | Client 23 | Model: (CNN) | Acc: 52.89%
Round 15 | Client 24 | Model: (ResNet8) | Acc: 58.80%
Round 15 | Client 25 | Model: (ResNet18) | Acc: 54.81%
Round 15 | Client 26 | Model: (MobileNetV2) | Acc: 36.67%
Round 15 | Client 27 | Model: (MobileNetV3) | Acc: 50.22%
Round 15 | Client 28 | Model: (LeNet) | Acc: 48.62%
Round 15 | Client 29 | Model: (AlexNet) | Acc: 58.12%
Round 15 | Client 30 | Model: (ShuffleNet) | Acc: 38.49%
Round 15 | Client 31 | Model: (SqueezeNet) | Acc: 39.00%
Selected client ids: [0, 1, 2, 3, 4, 5, 6, 7, 8, 9, 10, 11, 12, 13, 14, 15, 16, 17, 18, 19, 20, 21, 22, 23, 24, 25, 26, 27, 28, 29]
--- Round 16 ---
Round 16 | Client 0 | Model: (MLP) | Acc: 95.65%
Round 16 | Client 1 | Model: (CNN) | Acc: 95.62%
Round 16 | Client 2 | Model: (ResNet8) | Acc: 97.45%
Round 16 | Client 3 | Model: (ResNet18) | Acc: 95.77%
Round 16 | Client 4 | Model: (MobileNetV2) | Acc: 95.88%
Round 16 | Client 5 | Model: (MobileNetV3) | Acc: 77.75%
Round 16 | Client 6 | Model: (LeNet) | Acc: 97.55%
Round 16 | Client 7 | Model: (AlexNet) | Acc: 98.38%
Round 16 | Client 8 | Model: (ShuffleNet) | Acc: 92.97%
Round 16 | Client 9 | Model: (SqueezeNet) | Acc: 97.49%
Round 16 | Client 11 | Model: (MLP) | Acc: 81.56%
Round 16 | Client 12 | Model: (CNN) | Acc: 84.28%
Round 16 | Client 13 | Model: (ResNet8) | Acc: 84.64%
Round 16 | Client 14 | Model: (ResNet18) | Acc: 84.82%
Round 16 | Client 15 | Model: (MobileNetV2) | Acc: 85.43%
Round 16 | Client 16 | Model: (MobileNetV3) | Acc: 79.66%
Round 16 | Client 17 | Model: (LeNet) | Acc: 83.38%
Round 16 | Client 18 | Model: (AlexNet) | Acc: 84.76%
Round 16 | Client 19 | Model: (ShuffleNet) | Acc: 82.34%
Round 16 | Client 20 | Model: (SqueezeNet) | Acc: 83.36%
Round 16 | Client 22 | Model: (MLP) | Acc: 40.48%
Round 16 | Client 23 | Model: (CNN) | Acc: 58.68%
Round 16 | Client 24 | Model: (ResNet8) | Acc: 55.68%
Round 16 | Client 25 | Model: (ResNet18) | Acc: 53.10%
Round 16 | Client 26 | Model: (MobileNetV2) | Acc: 36.13%
Round 16 | Client 27 | Model: (MobileNetV3) | Acc: 49.55%
Round 16 | Client 28 | Model: (LeNet) | Acc: 50.28%
Round 16 | Client 29 | Model: (AlexNet) | Acc: 59.43%
Round 16 | Client 30 | Model: (ShuffleNet) | Acc: 36.75%
Round 16 | Client 31 | Model: (SqueezeNet) | Acc: 39.70%
Selected client ids: [0, 1, 2, 3, 4, 5, 6, 7, 8, 9, 10, 11, 12, 13, 14, 15, 16, 17, 18, 19, 20, 21, 22, 23, 24, 25, 26, 27, 28, 29]
--- Round 17 ---
Round 17 | Client 0 | Model: (MLP) | Acc: 95.12%
Round 17 | Client 1 | Model: (CNN) | Acc: 94.73%
Round 17 | Client 2 | Model: (ResNet8) | Acc: 95.39%
Round 17 | Client 3 | Model: (ResNet18) | Acc: 96.98%
Round 17 | Client 4 | Model: (MobileNetV2) | Acc: 95.67%
Round 17 | Client 5 | Model: (MobileNetV3) | Acc: 85.78%
Round 17 | Client 6 | Model: (LeNet) | Acc: 97.44%
Round 17 | Client 7 | Model: (AlexNet) | Acc: 98.76%
Round 17 | Client 8 | Model: (ShuffleNet) | Acc: 94.12%
Round 17 | Client 9 | Model: (SqueezeNet) | Acc: 96.17%
Round 17 | Client 11 | Model: (MLP) | Acc: 81.66%
Round 17 | Client 12 | Model: (CNN) | Acc: 85.72%
Round 17 | Client 13 | Model: (ResNet8) | Acc: 84.69%
Round 17 | Client 14 | Model: (ResNet18) | Acc: 83.72%
Round 17 | Client 15 | Model: (MobileNetV2) | Acc: 85.96%
Round 17 | Client 16 | Model: (MobileNetV3) | Acc: 77.63%
Round 17 | Client 17 | Model: (LeNet) | Acc: 83.72%
Round 17 | Client 18 | Model: (AlexNet) | Acc: 83.96%
Round 17 | Client 19 | Model: (ShuffleNet) | Acc: 82.28%
Round 17 | Client 20 | Model: (SqueezeNet) | Acc: 83.25%
Round 17 | Client 22 | Model: (MLP) | Acc: 43.81%
Round 17 | Client 23 | Model: (CNN) | Acc: 56.94%
Round 17 | Client 24 | Model: (ResNet8) | Acc: 62.25%
Round 17 | Client 25 | Model: (ResNet18) | Acc: 57.80%
Round 17 | Client 26 | Model: (MobileNetV2) | Acc: 38.82%
Round 17 | Client 27 | Model: (MobileNetV3) | Acc: 50.33%
Round 17 | Client 28 | Model: (LeNet) | Acc: 51.38%
Round 17 | Client 29 | Model: (AlexNet) | Acc: 57.92%
Round 17 | Client 30 | Model: (ShuffleNet) | Acc: 39.51%
Round 17 | Client 31 | Model: (SqueezeNet) | Acc: 40.98%
Selected client ids: [0, 1, 2, 3, 4, 5, 6, 7, 8, 9, 10, 11, 12, 13, 14, 15, 16, 17, 18, 19, 20, 21, 22, 23, 24, 25, 26, 27, 28, 29]
--- Round 18 ---
Round 18 | Client 0 | Model: (MLP) | Acc: 93.74%
Round 18 | Client 1 | Model: (CNN) | Acc: 95.40%
Round 18 | Client 2 | Model: (ResNet8) | Acc: 97.69%
Round 18 | Client 3 | Model: (ResNet18) | Acc: 98.43%
Round 18 | Client 4 | Model: (MobileNetV2) | Acc: 95.15%
Round 18 | Client 5 | Model: (MobileNetV3) | Acc: 91.40%
Round 18 | Client 6 | Model: (LeNet) | Acc: 98.19%
Round 18 | Client 7 | Model: (AlexNet) | Acc: 97.81%
Round 18 | Client 8 | Model: (ShuffleNet) | Acc: 92.97%
Round 18 | Client 9 | Model: (SqueezeNet) | Acc: 97.05%
Round 18 | Client 11 | Model: (MLP) | Acc: 81.15%
Round 18 | Client 12 | Model: (CNN) | Acc: 84.17%
Round 18 | Client 13 | Model: (ResNet8) | Acc: 85.41%
Round 18 | Client 14 | Model: (ResNet18) | Acc: 84.86%
Round 18 | Client 15 | Model: (MobileNetV2) | Acc: 85.80%
Round 18 | Client 16 | Model: (MobileNetV3) | Acc: 78.77%
Round 18 | Client 17 | Model: (LeNet) | Acc: 82.35%
Round 18 | Client 18 | Model: (AlexNet) | Acc: 84.33%
Round 18 | Client 19 | Model: (ShuffleNet) | Acc: 81.95%
Round 18 | Client 20 | Model: (SqueezeNet) | Acc: 82.93%
Round 18 | Client 22 | Model: (MLP) | Acc: 41.31%
Round 18 | Client 23 | Model: (CNN) | Acc: 47.22%
Round 18 | Client 24 | Model: (ResNet8) | Acc: 57.35%
Round 18 | Client 25 | Model: (ResNet18) | Acc: 59.83%
Round 18 | Client 26 | Model: (MobileNetV2) | Acc: 36.45%
Round 18 | Client 27 | Model: (MobileNetV3) | Acc: 51.78%
Round 18 | Client 28 | Model: (LeNet) | Acc: 51.05%
Round 18 | Client 29 | Model: (AlexNet) | Acc: 57.21%
Round 18 | Client 30 | Model: (ShuffleNet) | Acc: 38.79%
Round 18 | Client 31 | Model: (SqueezeNet) | Acc: 42.03%
Selected client ids: [0, 1, 2, 3, 4, 5, 6, 7, 8, 9, 10, 11, 12, 13, 14, 15, 16, 17, 18, 19, 20, 21, 22, 23, 24, 25, 26, 27, 28, 29]
--- Round 19 ---
Round 19 | Client 0 | Model: (MLP) | Acc: 91.51%
Round 19 | Client 1 | Model: (CNN) | Acc: 96.52%
Round 19 | Client 2 | Model: (ResNet8) | Acc: 95.39%
Round 19 | Client 3 | Model: (ResNet18) | Acc: 98.55%
Round 19 | Client 4 | Model: (MobileNetV2) | Acc: 95.46%
Round 19 | Client 5 | Model: (MobileNetV3) | Acc: 87.61%
Round 19 | Client 6 | Model: (LeNet) | Acc: 97.97%
Round 19 | Client 7 | Model: (AlexNet) | Acc: 98.28%
Round 19 | Client 8 | Model: (ShuffleNet) | Acc: 94.59%
Round 19 | Client 9 | Model: (SqueezeNet) | Acc: 97.05%
Round 19 | Client 11 | Model: (MLP) | Acc: 81.28%
Round 19 | Client 12 | Model: (CNN) | Acc: 84.37%
Round 19 | Client 13 | Model: (ResNet8) | Acc: 84.96%
Round 19 | Client 14 | Model: (ResNet18) | Acc: 84.24%
Round 19 | Client 15 | Model: (MobileNetV2) | Acc: 85.57%
Round 19 | Client 16 | Model: (MobileNetV3) | Acc: 80.21%
Round 19 | Client 17 | Model: (LeNet) | Acc: 82.61%
Round 19 | Client 18 | Model: (AlexNet) | Acc: 84.41%
Round 19 | Client 19 | Model: (ShuffleNet) | Acc: 82.78%
Round 19 | Client 20 | Model: (SqueezeNet) | Acc: 83.72%
Round 19 | Client 22 | Model: (MLP) | Acc: 46.31%
Round 19 | Client 23 | Model: (CNN) | Acc: 52.20%
Round 19 | Client 24 | Model: (ResNet8) | Acc: 56.46%
Round 19 | Client 25 | Model: (ResNet18) | Acc: 60.15%
Round 19 | Client 26 | Model: (MobileNetV2) | Acc: 38.06%
Round 19 | Client 27 | Model: (MobileNetV3) | Acc: 51.89%
Round 19 | Client 28 | Model: (LeNet) | Acc: 50.83%
Round 19 | Client 29 | Model: (AlexNet) | Acc: 58.93%
Round 19 | Client 30 | Model: (ShuffleNet) | Acc: 38.18%
Round 19 | Client 31 | Model: (SqueezeNet) | Acc: 40.16%
Selected client ids: [0, 1, 2, 3, 4, 5, 6, 7, 8, 9, 10, 11, 12, 13, 14, 15, 16, 17, 18, 19, 20, 21, 22, 23, 24, 25, 26, 27, 28, 29]
--- Round 20 ---
Round 20 | Client 0 | Model: (MLP) | Acc: 94.59%
Round 20 | Client 1 | Model: (CNN) | Acc: 95.96%
Round 20 | Client 2 | Model: (ResNet8) | Acc: 96.84%
Round 20 | Client 3 | Model: (ResNet18) | Acc: 97.34%
Round 20 | Client 4 | Model: (MobileNetV2) | Acc: 95.46%
Round 20 | Client 5 | Model: (MobileNetV3) | Acc: 90.48%
Round 20 | Client 6 | Model: (LeNet) | Acc: 97.65%
Round 20 | Client 7 | Model: (AlexNet) | Acc: 98.28%
Round 20 | Client 8 | Model: (ShuffleNet) | Acc: 93.32%
Round 20 | Client 9 | Model: (SqueezeNet) | Acc: 96.17%
Round 20 | Client 11 | Model: (MLP) | Acc: 81.23%
Round 20 | Client 12 | Model: (CNN) | Acc: 84.84%
Round 20 | Client 13 | Model: (ResNet8) | Acc: 83.80%
Round 20 | Client 14 | Model: (ResNet18) | Acc: 84.50%
Round 20 | Client 15 | Model: (MobileNetV2) | Acc: 85.88%
Round 20 | Client 16 | Model: (MobileNetV3) | Acc: 79.79%
Round 20 | Client 17 | Model: (LeNet) | Acc: 83.14%
Round 20 | Client 18 | Model: (AlexNet) | Acc: 83.95%
Round 20 | Client 19 | Model: (ShuffleNet) | Acc: 82.06%
Round 20 | Client 20 | Model: (SqueezeNet) | Acc: 82.95%
Round 20 | Client 22 | Model: (MLP) | Acc: 43.57%
Round 20 | Client 23 | Model: (CNN) | Acc: 48.03%
Round 20 | Client 24 | Model: (ResNet8) | Acc: 60.58%
Round 20 | Client 25 | Model: (ResNet18) | Acc: 60.04%
Round 20 | Client 26 | Model: (MobileNetV2) | Acc: 37.63%
Round 20 | Client 27 | Model: (MobileNetV3) | Acc: 51.00%
Round 20 | Client 28 | Model: (LeNet) | Acc: 51.16%
Round 20 | Client 29 | Model: (AlexNet) | Acc: 57.92%
Round 20 | Client 30 | Model: (ShuffleNet) | Acc: 38.89%
Round 20 | Client 31 | Model: (SqueezeNet) | Acc: 39.12%
Selected client ids: [0, 1, 2, 3, 4, 5, 6, 7, 8, 9, 10, 11, 12, 13, 14, 15, 16, 17, 18, 19, 20, 21, 22, 23, 24, 25, 26, 27, 28, 29]
--- Round 21 ---
Round 21 | Client 0 | Model: (MLP) | Acc: 94.48%
Round 21 | Client 1 | Model: (CNN) | Acc: 72.62%
Round 21 | Client 2 | Model: (ResNet8) | Acc: 97.57%
Round 21 | Client 3 | Model: (ResNet18) | Acc: 98.07%
Round 21 | Client 4 | Model: (MobileNetV2) | Acc: 96.29%
Round 21 | Client 5 | Model: (MobileNetV3) | Acc: 89.11%
Round 21 | Client 6 | Model: (LeNet) | Acc: 98.08%
Round 21 | Client 7 | Model: (AlexNet) | Acc: 97.71%
Round 21 | Client 8 | Model: (ShuffleNet) | Acc: 93.55%
Round 21 | Client 9 | Model: (SqueezeNet) | Acc: 97.05%
Round 21 | Client 11 | Model: (MLP) | Acc: 81.42%
Round 21 | Client 12 | Model: (CNN) | Acc: 85.70%
Round 21 | Client 13 | Model: (ResNet8) | Acc: 83.97%
Round 21 | Client 14 | Model: (ResNet18) | Acc: 84.04%
Round 21 | Client 15 | Model: (MobileNetV2) | Acc: 85.38%
Round 21 | Client 16 | Model: (MobileNetV3) | Acc: 79.32%
Round 21 | Client 17 | Model: (LeNet) | Acc: 82.73%
Round 21 | Client 18 | Model: (AlexNet) | Acc: 83.48%
Round 21 | Client 19 | Model: (ShuffleNet) | Acc: 82.37%
Round 21 | Client 20 | Model: (SqueezeNet) | Acc: 83.10%
Round 21 | Client 22 | Model: (MLP) | Acc: 42.38%
Round 21 | Client 23 | Model: (CNN) | Acc: 53.82%
Round 21 | Client 24 | Model: (ResNet8) | Acc: 57.68%
Round 21 | Client 25 | Model: (ResNet18) | Acc: 58.65%
Round 21 | Client 26 | Model: (MobileNetV2) | Acc: 38.92%
Round 21 | Client 27 | Model: (MobileNetV3) | Acc: 51.11%
Round 21 | Client 28 | Model: (LeNet) | Acc: 47.85%
Round 21 | Client 29 | Model: (AlexNet) | Acc: 59.03%
Round 21 | Client 30 | Model: (ShuffleNet) | Acc: 36.95%
Round 21 | Client 31 | Model: (SqueezeNet) | Acc: 41.21%
Selected client ids: [0, 1, 2, 3, 4, 5, 6, 7, 8, 9, 10, 11, 12, 13, 14, 15, 16, 17, 18, 19, 20, 21, 22, 23, 24, 25, 26, 27, 28, 29]
--- Round 22 ---
Round 22 | Client 0 | Model: (MLP) | Acc: 94.80%
Round 22 | Client 1 | Model: (CNN) | Acc: 84.96%
Round 22 | Client 2 | Model: (ResNet8) | Acc: 95.27%
Round 22 | Client 3 | Model: (ResNet18) | Acc: 99.15%
Round 22 | Client 4 | Model: (MobileNetV2) | Acc: 95.88%
Round 22 | Client 5 | Model: (MobileNetV3) | Acc: 79.70%
Round 22 | Client 6 | Model: (LeNet) | Acc: 98.19%
Round 22 | Client 7 | Model: (AlexNet) | Acc: 98.76%
Round 22 | Client 8 | Model: (ShuffleNet) | Acc: 94.01%
Round 22 | Client 9 | Model: (SqueezeNet) | Acc: 97.49%
Round 22 | Client 11 | Model: (MLP) | Acc: 81.48%
Round 22 | Client 12 | Model: (CNN) | Acc: 85.27%
Round 22 | Client 13 | Model: (ResNet8) | Acc: 85.04%
Round 22 | Client 14 | Model: (ResNet18) | Acc: 83.67%
Round 22 | Client 15 | Model: (MobileNetV2) | Acc: 85.75%
Round 22 | Client 16 | Model: (MobileNetV3) | Acc: 80.14%
Round 22 | Client 17 | Model: (LeNet) | Acc: 83.13%
Round 22 | Client 18 | Model: (AlexNet) | Acc: 83.46%
Round 22 | Client 19 | Model: (ShuffleNet) | Acc: 82.28%
Round 22 | Client 20 | Model: (SqueezeNet) | Acc: 83.94%
Round 22 | Client 22 | Model: (MLP) | Acc: 43.93%
Round 22 | Client 23 | Model: (CNN) | Acc: 56.83%
Round 22 | Client 24 | Model: (ResNet8) | Acc: 61.25%
Round 22 | Client 25 | Model: (ResNet18) | Acc: 61.54%
Round 22 | Client 26 | Model: (MobileNetV2) | Acc: 37.96%
Round 22 | Client 27 | Model: (MobileNetV3) | Acc: 52.67%
Round 22 | Client 28 | Model: (LeNet) | Acc: 48.51%
Round 22 | Client 29 | Model: (AlexNet) | Acc: 59.03%
Round 22 | Client 30 | Model: (ShuffleNet) | Acc: 38.89%
Round 22 | Client 31 | Model: (SqueezeNet) | Acc: 41.09%
Selected client ids: [0, 1, 2, 3, 4, 5, 6, 7, 8, 9, 10, 11, 12, 13, 14, 15, 16, 17, 18, 19, 20, 21, 22, 23, 24, 25, 26, 27, 28, 29]
--- Round 23 ---
Round 23 | Client 0 | Model: (MLP) | Acc: 94.69%
Round 23 | Client 1 | Model: (CNN) | Acc: 95.74%
Round 23 | Client 2 | Model: (ResNet8) | Acc: 93.08%
Round 23 | Client 3 | Model: (ResNet18) | Acc: 98.07%
Round 23 | Client 4 | Model: (MobileNetV2) | Acc: 95.67%
Round 23 | Client 5 | Model: (MobileNetV3) | Acc: 80.62%
Round 23 | Client 6 | Model: (LeNet) | Acc: 97.55%
Round 23 | Client 7 | Model: (AlexNet) | Acc: 97.33%
Round 23 | Client 8 | Model: (ShuffleNet) | Acc: 93.89%
Round 23 | Client 9 | Model: (SqueezeNet) | Acc: 97.92%
Round 23 | Client 11 | Model: (MLP) | Acc: 81.62%
Round 23 | Client 12 | Model: (CNN) | Acc: 84.54%
Round 23 | Client 13 | Model: (ResNet8) | Acc: 84.20%
Round 23 | Client 14 | Model: (ResNet18) | Acc: 83.78%
Round 23 | Client 15 | Model: (MobileNetV2) | Acc: 86.00%
Round 23 | Client 16 | Model: (MobileNetV3) | Acc: 78.91%
Round 23 | Client 17 | Model: (LeNet) | Acc: 82.79%
Round 23 | Client 18 | Model: (AlexNet) | Acc: 84.22%
Round 23 | Client 19 | Model: (ShuffleNet) | Acc: 82.87%
Round 23 | Client 20 | Model: (SqueezeNet) | Acc: 83.63%
Round 23 | Client 22 | Model: (MLP) | Acc: 42.86%
Round 23 | Client 23 | Model: (CNN) | Acc: 57.64%
Round 23 | Client 24 | Model: (ResNet8) | Acc: 59.35%
Round 23 | Client 25 | Model: (ResNet18) | Acc: 63.14%
Round 23 | Client 26 | Model: (MobileNetV2) | Acc: 39.68%
Round 23 | Client 27 | Model: (MobileNetV3) | Acc: 52.00%
Round 23 | Client 28 | Model: (LeNet) | Acc: 52.15%
Round 23 | Client 29 | Model: (AlexNet) | Acc: 59.54%
Round 23 | Client 30 | Model: (ShuffleNet) | Acc: 39.41%
Round 23 | Client 31 | Model: (SqueezeNet) | Acc: 39.58%
Selected client ids: [0, 1, 2, 3, 4, 5, 6, 7, 8, 9, 10, 11, 12, 13, 14, 15, 16, 17, 18, 19, 20, 21, 22, 23, 24, 25, 26, 27, 28, 29]
--- Round 24 ---
Round 24 | Client 0 | Model: (MLP) | Acc: 91.72%
Round 24 | Client 1 | Model: (CNN) | Acc: 80.92%
Round 24 | Client 2 | Model: (ResNet8) | Acc: 96.60%
Round 24 | Client 3 | Model: (ResNet18) | Acc: 98.55%
Round 24 | Client 4 | Model: (MobileNetV2) | Acc: 97.42%
Round 24 | Client 5 | Model: (MobileNetV3) | Acc: 84.63%
Round 24 | Client 6 | Model: (LeNet) | Acc: 98.40%
Round 24 | Client 7 | Model: (AlexNet) | Acc: 98.47%
Round 24 | Client 8 | Model: (ShuffleNet) | Acc: 94.93%
Round 24 | Client 9 | Model: (SqueezeNet) | Acc: 96.17%
Round 24 | Client 11 | Model: (MLP) | Acc: 81.67%
Round 24 | Client 12 | Model: (CNN) | Acc: 85.08%
Round 24 | Client 13 | Model: (ResNet8) | Acc: 83.03%
Round 24 | Client 14 | Model: (ResNet18) | Acc: 84.30%
Round 24 | Client 15 | Model: (MobileNetV2) | Acc: 86.42%
Round 24 | Client 16 | Model: (MobileNetV3) | Acc: 80.14%
Round 24 | Client 17 | Model: (LeNet) | Acc: 82.75%
Round 24 | Client 18 | Model: (AlexNet) | Acc: 83.55%
Round 24 | Client 19 | Model: (ShuffleNet) | Acc: 82.90%
Round 24 | Client 20 | Model: (SqueezeNet) | Acc: 84.03%
Round 24 | Client 22 | Model: (MLP) | Acc: 42.26%
Round 24 | Client 23 | Model: (CNN) | Acc: 46.18%
Round 24 | Client 24 | Model: (ResNet8) | Acc: 55.46%
Round 24 | Client 25 | Model: (ResNet18) | Acc: 61.97%
Round 24 | Client 26 | Model: (MobileNetV2) | Acc: 40.75%
Round 24 | Client 27 | Model: (MobileNetV3) | Acc: 51.78%
Round 24 | Client 28 | Model: (LeNet) | Acc: 50.17%
Round 24 | Client 29 | Model: (AlexNet) | Acc: 59.84%
Round 24 | Client 30 | Model: (ShuffleNet) | Acc: 37.36%
Round 24 | Client 31 | Model: (SqueezeNet) | Acc: 42.03%
Selected client ids: [0, 1, 2, 3, 4, 5, 6, 7, 8, 9, 10, 11, 12, 13, 14, 15, 16, 17, 18, 19, 20, 21, 22, 23, 24, 25, 26, 27, 28, 29]
--- Round 25 ---
Round 25 | Client 0 | Model: (MLP) | Acc: 95.12%
Round 25 | Client 1 | Model: (CNN) | Acc: 90.57%
Round 25 | Client 2 | Model: (ResNet8) | Acc: 96.72%
Round 25 | Client 3 | Model: (ResNet18) | Acc: 98.19%
Round 25 | Client 4 | Model: (MobileNetV2) | Acc: 96.08%
Round 25 | Client 5 | Model: (MobileNetV3) | Acc: 90.02%
Round 25 | Client 6 | Model: (LeNet) | Acc: 97.87%
Round 25 | Client 7 | Model: (AlexNet) | Acc: 98.66%
Round 25 | Client 8 | Model: (ShuffleNet) | Acc: 94.12%
Round 25 | Client 9 | Model: (SqueezeNet) | Acc: 97.38%
Round 25 | Client 11 | Model: (MLP) | Acc: 80.41%
Round 25 | Client 12 | Model: (CNN) | Acc: 85.51%
Round 25 | Client 13 | Model: (ResNet8) | Acc: 83.24%
Round 25 | Client 14 | Model: (ResNet18) | Acc: 82.86%
Round 25 | Client 15 | Model: (MobileNetV2) | Acc: 86.08%
Round 25 | Client 16 | Model: (MobileNetV3) | Acc: 79.32%
Round 25 | Client 17 | Model: (LeNet) | Acc: 83.29%
Round 25 | Client 18 | Model: (AlexNet) | Acc: 83.89%
Round 25 | Client 19 | Model: (ShuffleNet) | Acc: 82.27%
Round 25 | Client 20 | Model: (SqueezeNet) | Acc: 83.67%
Round 25 | Client 22 | Model: (MLP) | Acc: 43.81%
Round 25 | Client 23 | Model: (CNN) | Acc: 61.46%
Round 25 | Client 24 | Model: (ResNet8) | Acc: 55.35%
Round 25 | Client 25 | Model: (ResNet18) | Acc: 61.43%
Round 25 | Client 26 | Model: (MobileNetV2) | Acc: 42.69%
Round 25 | Client 27 | Model: (MobileNetV3) | Acc: 51.45%
Round 25 | Client 28 | Model: (LeNet) | Acc: 50.06%
Round 25 | Client 29 | Model: (AlexNet) | Acc: 59.54%
Round 25 | Client 30 | Model: (ShuffleNet) | Acc: 40.63%
Round 25 | Client 31 | Model: (SqueezeNet) | Acc: 42.14%
Selected client ids: [0, 1, 2, 3, 4, 5, 6, 7, 8, 9, 10, 11, 12, 13, 14, 15, 16, 17, 18, 19, 20, 21, 22, 23, 24, 25, 26, 27, 28, 29]
--- Round 26 ---
Round 26 | Client 0 | Model: (MLP) | Acc: 95.44%
Round 26 | Client 1 | Model: (CNN) | Acc: 93.71%
Round 26 | Client 2 | Model: (ResNet8) | Acc: 97.21%
Round 26 | Client 3 | Model: (ResNet18) | Acc: 97.71%
Round 26 | Client 4 | Model: (MobileNetV2) | Acc: 96.70%
Round 26 | Client 5 | Model: (MobileNetV3) | Acc: 73.51%
Round 26 | Client 6 | Model: (LeNet) | Acc: 98.19%
Round 26 | Client 7 | Model: (AlexNet) | Acc: 98.19%
Round 26 | Client 8 | Model: (ShuffleNet) | Acc: 94.47%
Round 26 | Client 9 | Model: (SqueezeNet) | Acc: 97.49%
Round 26 | Client 11 | Model: (MLP) | Acc: 81.82%
Round 26 | Client 12 | Model: (CNN) | Acc: 84.97%
Round 26 | Client 13 | Model: (ResNet8) | Acc: 83.43%
Round 26 | Client 14 | Model: (ResNet18) | Acc: 83.89%
Round 26 | Client 15 | Model: (MobileNetV2) | Acc: 86.21%
Round 26 | Client 16 | Model: (MobileNetV3) | Acc: 79.69%
Round 26 | Client 17 | Model: (LeNet) | Acc: 83.11%
Round 26 | Client 18 | Model: (AlexNet) | Acc: 83.89%
Round 26 | Client 19 | Model: (ShuffleNet) | Acc: 82.73%
Round 26 | Client 20 | Model: (SqueezeNet) | Acc: 84.04%
Round 26 | Client 22 | Model: (MLP) | Acc: 43.21%
Round 26 | Client 23 | Model: (CNN) | Acc: 56.60%
Round 26 | Client 24 | Model: (ResNet8) | Acc: 53.67%
Round 26 | Client 25 | Model: (ResNet18) | Acc: 63.57%
Round 26 | Client 26 | Model: (MobileNetV2) | Acc: 42.26%
Round 26 | Client 27 | Model: (MobileNetV3) | Acc: 54.34%
Round 26 | Client 28 | Model: (LeNet) | Acc: 50.83%
Round 26 | Client 29 | Model: (AlexNet) | Acc: 57.11%
Round 26 | Client 30 | Model: (ShuffleNet) | Acc: 39.82%
Round 26 | Client 31 | Model: (SqueezeNet) | Acc: 40.86%
Selected client ids: [0, 1, 2, 3, 4, 5, 6, 7, 8, 9, 10, 11, 12, 13, 14, 15, 16, 17, 18, 19, 20, 21, 22, 23, 24, 25, 26, 27, 28, 29]
--- Round 27 ---
Round 27 | Client 0 | Model: (MLP) | Acc: 96.82%
Round 27 | Client 1 | Model: (CNN) | Acc: 97.31%
Round 27 | Client 2 | Model: (ResNet8) | Acc: 97.82%
Round 27 | Client 3 | Model: (ResNet18) | Acc: 97.95%
Round 27 | Client 4 | Model: (MobileNetV2) | Acc: 96.80%
Round 27 | Client 5 | Model: (MobileNetV3) | Acc: 90.94%
Round 27 | Client 6 | Model: (LeNet) | Acc: 97.76%
Round 27 | Client 7 | Model: (AlexNet) | Acc: 98.95%
Round 27 | Client 8 | Model: (ShuffleNet) | Acc: 94.70%
Round 27 | Client 9 | Model: (SqueezeNet) | Acc: 95.96%
Round 27 | Client 11 | Model: (MLP) | Acc: 81.41%
Round 27 | Client 12 | Model: (CNN) | Acc: 86.13%
Round 27 | Client 13 | Model: (ResNet8) | Acc: 83.96%
Round 27 | Client 14 | Model: (ResNet18) | Acc: 84.13%
Round 27 | Client 15 | Model: (MobileNetV2) | Acc: 86.15%
Round 27 | Client 16 | Model: (MobileNetV3) | Acc: 80.39%
Round 27 | Client 17 | Model: (LeNet) | Acc: 82.93%
Round 27 | Client 18 | Model: (AlexNet) | Acc: 84.20%
Round 27 | Client 19 | Model: (ShuffleNet) | Acc: 82.65%
Round 27 | Client 20 | Model: (SqueezeNet) | Acc: 83.36%
Round 27 | Client 22 | Model: (MLP) | Acc: 41.90%
Round 27 | Client 23 | Model: (CNN) | Acc: 52.08%
Round 27 | Client 24 | Model: (ResNet8) | Acc: 57.13%
Round 27 | Client 25 | Model: (ResNet18) | Acc: 62.18%
Round 27 | Client 26 | Model: (MobileNetV2) | Acc: 39.89%
Round 27 | Client 27 | Model: (MobileNetV3) | Acc: 51.78%
Round 27 | Client 28 | Model: (LeNet) | Acc: 49.39%
Round 27 | Client 29 | Model: (AlexNet) | Acc: 57.52%
Round 27 | Client 30 | Model: (ShuffleNet) | Acc: 39.82%
Round 27 | Client 31 | Model: (SqueezeNet) | Acc: 43.31%
Selected client ids: [0, 1, 2, 3, 4, 5, 6, 7, 8, 9, 10, 11, 12, 13, 14, 15, 16, 17, 18, 19, 20, 21, 22, 23, 24, 25, 26, 27, 28, 29]
--- Round 28 ---
Round 28 | Client 0 | Model: (MLP) | Acc: 95.54%
Round 28 | Client 1 | Model: (CNN) | Acc: 97.42%
Round 28 | Client 2 | Model: (ResNet8) | Acc: 98.79%
Round 28 | Client 3 | Model: (ResNet18) | Acc: 97.58%
Round 28 | Client 4 | Model: (MobileNetV2) | Acc: 97.63%
Round 28 | Client 5 | Model: (MobileNetV3) | Acc: 86.70%
Round 28 | Client 6 | Model: (LeNet) | Acc: 97.65%
Round 28 | Client 7 | Model: (AlexNet) | Acc: 98.57%
Round 28 | Client 8 | Model: (ShuffleNet) | Acc: 95.16%
Round 28 | Client 9 | Model: (SqueezeNet) | Acc: 98.03%
Round 28 | Client 11 | Model: (MLP) | Acc: 80.82%
Round 28 | Client 12 | Model: (CNN) | Acc: 84.99%
Round 28 | Client 13 | Model: (ResNet8) | Acc: 84.49%
Round 28 | Client 14 | Model: (ResNet18) | Acc: 84.00%
Round 28 | Client 15 | Model: (MobileNetV2) | Acc: 85.97%
Round 28 | Client 16 | Model: (MobileNetV3) | Acc: 80.91%
Round 28 | Client 17 | Model: (LeNet) | Acc: 83.05%
Round 28 | Client 18 | Model: (AlexNet) | Acc: 83.81%
Round 28 | Client 19 | Model: (ShuffleNet) | Acc: 82.97%
Round 28 | Client 20 | Model: (SqueezeNet) | Acc: 84.22%
Round 28 | Client 22 | Model: (MLP) | Acc: 42.98%
Round 28 | Client 23 | Model: (CNN) | Acc: 59.72%
Round 28 | Client 24 | Model: (ResNet8) | Acc: 58.80%
Round 28 | Client 25 | Model: (ResNet18) | Acc: 64.10%
Round 28 | Client 26 | Model: (MobileNetV2) | Acc: 39.89%
Round 28 | Client 27 | Model: (MobileNetV3) | Acc: 52.56%
Round 28 | Client 28 | Model: (LeNet) | Acc: 49.83%
Round 28 | Client 29 | Model: (AlexNet) | Acc: 57.92%
Round 28 | Client 30 | Model: (ShuffleNet) | Acc: 38.79%
Round 28 | Client 31 | Model: (SqueezeNet) | Acc: 40.05%
Selected client ids: [0, 1, 2, 3, 4, 5, 6, 7, 8, 9, 10, 11, 12, 13, 14, 15, 16, 17, 18, 19, 20, 21, 22, 23, 24, 25, 26, 27, 28, 29]
--- Round 29 ---
Round 29 | Client 0 | Model: (MLP) | Acc: 95.75%
Round 29 | Client 1 | Model: (CNN) | Acc: 97.76%
Round 29 | Client 2 | Model: (ResNet8) | Acc: 98.79%
Round 29 | Client 3 | Model: (ResNet18) | Acc: 97.71%
Round 29 | Client 4 | Model: (MobileNetV2) | Acc: 96.49%
Round 29 | Client 5 | Model: (MobileNetV3) | Acc: 76.38%
Round 29 | Client 6 | Model: (LeNet) | Acc: 97.12%
Round 29 | Client 7 | Model: (AlexNet) | Acc: 98.38%
Round 29 | Client 8 | Model: (ShuffleNet) | Acc: 93.89%
Round 29 | Client 9 | Model: (SqueezeNet) | Acc: 97.60%
Round 29 | Client 11 | Model: (MLP) | Acc: 81.34%
Round 29 | Client 12 | Model: (CNN) | Acc: 84.83%
Round 29 | Client 13 | Model: (ResNet8) | Acc: 84.09%
Round 29 | Client 14 | Model: (ResNet18) | Acc: 83.72%
Round 29 | Client 15 | Model: (MobileNetV2) | Acc: 86.08%
Round 29 | Client 16 | Model: (MobileNetV3) | Acc: 79.58%
Round 29 | Client 17 | Model: (LeNet) | Acc: 82.78%
Round 29 | Client 18 | Model: (AlexNet) | Acc: 83.98%
Round 29 | Client 19 | Model: (ShuffleNet) | Acc: 82.41%
Round 29 | Client 20 | Model: (SqueezeNet) | Acc: 82.83%
Round 29 | Client 22 | Model: (MLP) | Acc: 42.74%
Round 29 | Client 23 | Model: (CNN) | Acc: 53.47%
Round 29 | Client 24 | Model: (ResNet8) | Acc: 62.14%
Round 29 | Client 25 | Model: (ResNet18) | Acc: 62.39%
Round 29 | Client 26 | Model: (MobileNetV2) | Acc: 41.08%
Round 29 | Client 27 | Model: (MobileNetV3) | Acc: 53.23%
Round 29 | Client 28 | Model: (LeNet) | Acc: 50.28%
Round 29 | Client 29 | Model: (AlexNet) | Acc: 60.04%
Round 29 | Client 30 | Model: (ShuffleNet) | Acc: 38.59%
Round 29 | Client 31 | Model: (SqueezeNet) | Acc: 42.49%
Selected client ids: [0, 1, 2, 3, 4, 5, 6, 7, 8, 9, 10, 11, 12, 13, 14, 15, 16, 17, 18, 19, 20, 21, 22, 23, 24, 25, 26, 27, 28, 29]
--- Round 30 ---
Round 30 | Client 0 | Model: (MLP) | Acc: 94.59%
Round 30 | Client 1 | Model: (CNN) | Acc: 98.09%
Round 30 | Client 2 | Model: (ResNet8) | Acc: 98.67%
Round 30 | Client 3 | Model: (ResNet18) | Acc: 98.67%
Round 30 | Client 4 | Model: (MobileNetV2) | Acc: 97.32%
Round 30 | Client 5 | Model: (MobileNetV3) | Acc: 84.29%
Round 30 | Client 6 | Model: (LeNet) | Acc: 97.97%
Round 30 | Client 7 | Model: (AlexNet) | Acc: 98.85%
Round 30 | Client 8 | Model: (ShuffleNet) | Acc: 94.59%
Round 30 | Client 9 | Model: (SqueezeNet) | Acc: 97.81%
Round 30 | Client 11 | Model: (MLP) | Acc: 81.13%
Round 30 | Client 12 | Model: (CNN) | Acc: 86.01%
Round 30 | Client 13 | Model: (ResNet8) | Acc: 83.30%
Round 30 | Client 14 | Model: (ResNet18) | Acc: 83.28%
Round 30 | Client 15 | Model: (MobileNetV2) | Acc: 85.66%
Round 30 | Client 16 | Model: (MobileNetV3) | Acc: 79.96%
Round 30 | Client 17 | Model: (LeNet) | Acc: 82.17%
Round 30 | Client 18 | Model: (AlexNet) | Acc: 83.26%
Round 30 | Client 19 | Model: (ShuffleNet) | Acc: 82.39%
Round 30 | Client 20 | Model: (SqueezeNet) | Acc: 83.41%
Round 30 | Client 22 | Model: (MLP) | Acc: 42.14%
Round 30 | Client 23 | Model: (CNN) | Acc: 49.19%
Round 30 | Client 24 | Model: (ResNet8) | Acc: 60.47%
Round 30 | Client 25 | Model: (ResNet18) | Acc: 61.86%
Round 30 | Client 26 | Model: (MobileNetV2) | Acc: 41.72%
Round 30 | Client 27 | Model: (MobileNetV3) | Acc: 51.00%
Round 30 | Client 28 | Model: (LeNet) | Acc: 50.06%
Round 30 | Client 29 | Model: (AlexNet) | Acc: 58.63%
Round 30 | Client 30 | Model: (ShuffleNet) | Acc: 37.15%
Round 30 | Client 31 | Model: (SqueezeNet) | Acc: 41.33%
Selected client ids: [0, 1, 2, 3, 4, 5, 6, 7, 8, 9, 10, 11, 12, 13, 14, 15, 16, 17, 18, 19, 20, 21, 22, 23, 24, 25, 26, 27, 28, 29]
--- Round 31 ---
Round 31 | Client 0 | Model: (MLP) | Acc: 95.44%
Round 31 | Client 1 | Model: (CNN) | Acc: 97.64%
Round 31 | Client 2 | Model: (ResNet8) | Acc: 98.67%
Round 31 | Client 3 | Model: (ResNet18) | Acc: 98.67%
Round 31 | Client 4 | Model: (MobileNetV2) | Acc: 97.63%
Round 31 | Client 5 | Model: (MobileNetV3) | Acc: 87.61%
Round 31 | Client 6 | Model: (LeNet) | Acc: 98.08%
Round 31 | Client 7 | Model: (AlexNet) | Acc: 99.14%
Round 31 | Client 8 | Model: (ShuffleNet) | Acc: 94.01%
Round 31 | Client 9 | Model: (SqueezeNet) | Acc: 97.27%
Round 31 | Client 11 | Model: (MLP) | Acc: 81.39%
Round 31 | Client 12 | Model: (CNN) | Acc: 85.56%
Round 31 | Client 13 | Model: (ResNet8) | Acc: 83.66%
Round 31 | Client 14 | Model: (ResNet18) | Acc: 83.86%
Round 31 | Client 15 | Model: (MobileNetV2) | Acc: 85.53%
Round 31 | Client 16 | Model: (MobileNetV3) | Acc: 78.66%
Round 31 | Client 17 | Model: (LeNet) | Acc: 82.39%
Round 31 | Client 18 | Model: (AlexNet) | Acc: 83.13%
Round 31 | Client 19 | Model: (ShuffleNet) | Acc: 83.08%
Round 31 | Client 20 | Model: (SqueezeNet) | Acc: 84.02%
Round 31 | Client 22 | Model: (MLP) | Acc: 44.88%
Round 31 | Client 23 | Model: (CNN) | Acc: 50.00%
Round 31 | Client 24 | Model: (ResNet8) | Acc: 62.36%
Round 31 | Client 25 | Model: (ResNet18) | Acc: 63.78%
Round 31 | Client 26 | Model: (MobileNetV2) | Acc: 39.78%
Round 31 | Client 27 | Model: (MobileNetV3) | Acc: 54.34%
Round 31 | Client 28 | Model: (LeNet) | Acc: 50.06%
Round 31 | Client 29 | Model: (AlexNet) | Acc: 57.11%
Round 31 | Client 30 | Model: (ShuffleNet) | Acc: 38.89%
Round 31 | Client 31 | Model: (SqueezeNet) | Acc: 39.70%
Selected client ids: [0, 1, 2, 3, 4, 5, 6, 7, 8, 9, 10, 11, 12, 13, 14, 15, 16, 17, 18, 19, 20, 21, 22, 23, 24, 25, 26, 27, 28, 29]
--- Round 32 ---
Round 32 | Client 0 | Model: (MLP) | Acc: 95.33%
Round 32 | Client 1 | Model: (CNN) | Acc: 97.98%
Round 32 | Client 2 | Model: (ResNet8) | Acc: 98.42%
Round 32 | Client 3 | Model: (ResNet18) | Acc: 98.67%
Round 32 | Client 4 | Model: (MobileNetV2) | Acc: 97.11%
Round 32 | Client 5 | Model: (MobileNetV3) | Acc: 93.69%
Round 32 | Client 6 | Model: (LeNet) | Acc: 98.29%
Round 32 | Client 7 | Model: (AlexNet) | Acc: 99.05%
Round 32 | Client 8 | Model: (ShuffleNet) | Acc: 94.70%
Round 32 | Client 9 | Model: (SqueezeNet) | Acc: 97.60%
Round 32 | Client 11 | Model: (MLP) | Acc: 81.36%
Round 32 | Client 12 | Model: (CNN) | Acc: 85.26%
Round 32 | Client 13 | Model: (ResNet8) | Acc: 82.80%
Round 32 | Client 14 | Model: (ResNet18) | Acc: 83.00%
Round 32 | Client 15 | Model: (MobileNetV2) | Acc: 86.01%
Round 32 | Client 16 | Model: (MobileNetV3) | Acc: 80.05%
Round 32 | Client 17 | Model: (LeNet) | Acc: 82.75%
Round 32 | Client 18 | Model: (AlexNet) | Acc: 83.39%
Round 32 | Client 19 | Model: (ShuffleNet) | Acc: 82.67%
Round 32 | Client 20 | Model: (SqueezeNet) | Acc: 83.83%
Round 32 | Client 22 | Model: (MLP) | Acc: 43.45%
Round 32 | Client 23 | Model: (CNN) | Acc: 51.27%
Round 32 | Client 24 | Model: (ResNet8) | Acc: 63.03%
Round 32 | Client 25 | Model: (ResNet18) | Acc: 64.21%
Round 32 | Client 26 | Model: (MobileNetV2) | Acc: 39.03%
Round 32 | Client 27 | Model: (MobileNetV3) | Acc: 51.56%
Round 32 | Client 28 | Model: (LeNet) | Acc: 50.06%
Round 32 | Client 29 | Model: (AlexNet) | Acc: 60.54%
Round 32 | Client 30 | Model: (ShuffleNet) | Acc: 39.71%
Round 32 | Client 31 | Model: (SqueezeNet) | Acc: 41.44%
Selected client ids: [0, 1, 2, 3, 4, 5, 6, 7, 8, 9, 10, 11, 12, 13, 14, 15, 16, 17, 18, 19, 20, 21, 22, 23, 24, 25, 26, 27, 28, 29]
--- Round 33 ---
Round 33 | Client 0 | Model: (MLP) | Acc: 95.44%
Round 33 | Client 1 | Model: (CNN) | Acc: 97.19%
Round 33 | Client 2 | Model: (ResNet8) | Acc: 98.42%
Round 33 | Client 3 | Model: (ResNet18) | Acc: 98.91%
Round 33 | Client 4 | Model: (MobileNetV2) | Acc: 96.60%
Round 33 | Client 5 | Model: (MobileNetV3) | Acc: 87.39%
Round 33 | Client 6 | Model: (LeNet) | Acc: 97.44%
Round 33 | Client 7 | Model: (AlexNet) | Acc: 99.05%
Round 33 | Client 8 | Model: (ShuffleNet) | Acc: 94.47%
Round 33 | Client 9 | Model: (SqueezeNet) | Acc: 98.14%
Round 33 | Client 11 | Model: (MLP) | Acc: 81.38%
Round 33 | Client 12 | Model: (CNN) | Acc: 84.70%
Round 33 | Client 13 | Model: (ResNet8) | Acc: 83.70%
Round 33 | Client 14 | Model: (ResNet18) | Acc: 83.27%
Round 33 | Client 15 | Model: (MobileNetV2) | Acc: 85.80%
Round 33 | Client 16 | Model: (MobileNetV3) | Acc: 80.46%
Round 33 | Client 17 | Model: (LeNet) | Acc: 82.79%
Round 33 | Client 18 | Model: (AlexNet) | Acc: 83.34%
Round 33 | Client 19 | Model: (ShuffleNet) | Acc: 82.96%
Round 33 | Client 20 | Model: (SqueezeNet) | Acc: 83.59%
Round 33 | Client 22 | Model: (MLP) | Acc: 44.29%
Round 33 | Client 23 | Model: (CNN) | Acc: 56.71%
Round 33 | Client 24 | Model: (ResNet8) | Acc: 60.36%
Round 33 | Client 25 | Model: (ResNet18) | Acc: 66.24%
Round 33 | Client 26 | Model: (MobileNetV2) | Acc: 40.22%
Round 33 | Client 27 | Model: (MobileNetV3) | Acc: 54.12%
Round 33 | Client 28 | Model: (LeNet) | Acc: 49.94%
Round 33 | Client 29 | Model: (AlexNet) | Acc: 57.42%
Round 33 | Client 30 | Model: (ShuffleNet) | Acc: 40.84%
Round 33 | Client 31 | Model: (SqueezeNet) | Acc: 39.00%
Selected client ids: [0, 1, 2, 3, 4, 5, 6, 7, 8, 9, 10, 11, 12, 13, 14, 15, 16, 17, 18, 19, 20, 21, 22, 23, 24, 25, 26, 27, 28, 29]
--- Round 34 ---
Round 34 | Client 0 | Model: (MLP) | Acc: 95.01%
Round 34 | Client 1 | Model: (CNN) | Acc: 76.43%
Round 34 | Client 2 | Model: (ResNet8) | Acc: 98.42%
Round 34 | Client 3 | Model: (ResNet18) | Acc: 99.03%
Round 34 | Client 4 | Model: (MobileNetV2) | Acc: 97.01%
Round 34 | Client 5 | Model: (MobileNetV3) | Acc: 93.23%
Round 34 | Client 6 | Model: (LeNet) | Acc: 97.97%
Round 34 | Client 7 | Model: (AlexNet) | Acc: 99.05%
Round 34 | Client 8 | Model: (ShuffleNet) | Acc: 95.74%
Round 34 | Client 9 | Model: (SqueezeNet) | Acc: 97.70%
Round 34 | Client 11 | Model: (MLP) | Acc: 81.10%
Round 34 | Client 12 | Model: (CNN) | Acc: 84.44%
Round 34 | Client 13 | Model: (ResNet8) | Acc: 84.01%
Round 34 | Client 14 | Model: (ResNet18) | Acc: 82.84%
Round 34 | Client 15 | Model: (MobileNetV2) | Acc: 85.81%
Round 34 | Client 16 | Model: (MobileNetV3) | Acc: 79.73%
Round 34 | Client 17 | Model: (LeNet) | Acc: 82.35%
Round 34 | Client 18 | Model: (AlexNet) | Acc: 82.91%
Round 34 | Client 19 | Model: (ShuffleNet) | Acc: 82.42%
Round 34 | Client 20 | Model: (SqueezeNet) | Acc: 83.64%
Round 34 | Client 22 | Model: (MLP) | Acc: 43.57%
Round 34 | Client 23 | Model: (CNN) | Acc: 53.59%
Round 34 | Client 24 | Model: (ResNet8) | Acc: 63.81%
Round 34 | Client 25 | Model: (ResNet18) | Acc: 65.71%
Round 34 | Client 26 | Model: (MobileNetV2) | Acc: 40.32%
Round 34 | Client 27 | Model: (MobileNetV3) | Acc: 51.11%
Round 34 | Client 28 | Model: (LeNet) | Acc: 48.95%
Round 34 | Client 29 | Model: (AlexNet) | Acc: 55.10%
Round 34 | Client 30 | Model: (ShuffleNet) | Acc: 38.18%
Round 34 | Client 31 | Model: (SqueezeNet) | Acc: 42.61%
Selected client ids: [0, 1, 2, 3, 4, 5, 6, 7, 8, 9, 10, 11, 12, 13, 14, 15, 16, 17, 18, 19, 20, 21, 22, 23, 24, 25, 26, 27, 28, 29]
--- Round 35 ---
Round 35 | Client 0 | Model: (MLP) | Acc: 95.54%
Round 35 | Client 1 | Model: (CNN) | Acc: 96.86%
Round 35 | Client 2 | Model: (ResNet8) | Acc: 98.54%
Round 35 | Client 3 | Model: (ResNet18) | Acc: 99.03%
Round 35 | Client 4 | Model: (MobileNetV2) | Acc: 97.42%
Round 35 | Client 5 | Model: (MobileNetV3) | Acc: 90.25%
Round 35 | Client 6 | Model: (LeNet) | Acc: 98.29%
Round 35 | Client 7 | Model: (AlexNet) | Acc: 99.05%
Round 35 | Client 8 | Model: (ShuffleNet) | Acc: 95.16%
Round 35 | Client 9 | Model: (SqueezeNet) | Acc: 98.25%
Round 35 | Client 11 | Model: (MLP) | Acc: 80.70%
Round 35 | Client 12 | Model: (CNN) | Acc: 85.92%
Round 35 | Client 13 | Model: (ResNet8) | Acc: 83.52%
Round 35 | Client 14 | Model: (ResNet18) | Acc: 83.90%
Round 35 | Client 15 | Model: (MobileNetV2) | Acc: 86.20%
Round 35 | Client 16 | Model: (MobileNetV3) | Acc: 79.96%
Round 35 | Client 17 | Model: (LeNet) | Acc: 82.83%
Round 35 | Client 18 | Model: (AlexNet) | Acc: 83.01%
Round 35 | Client 19 | Model: (ShuffleNet) | Acc: 82.49%
Round 35 | Client 20 | Model: (SqueezeNet) | Acc: 83.53%
Round 35 | Client 22 | Model: (MLP) | Acc: 42.14%
Round 35 | Client 23 | Model: (CNN) | Acc: 49.42%
Round 35 | Client 24 | Model: (ResNet8) | Acc: 64.70%
Round 35 | Client 25 | Model: (ResNet18) | Acc: 61.11%
Round 35 | Client 26 | Model: (MobileNetV2) | Acc: 38.92%
Round 35 | Client 27 | Model: (MobileNetV3) | Acc: 51.78%
Round 35 | Client 28 | Model: (LeNet) | Acc: 47.96%
Round 35 | Client 29 | Model: (AlexNet) | Acc: 59.74%
Round 35 | Client 30 | Model: (ShuffleNet) | Acc: 40.12%
Round 35 | Client 31 | Model: (SqueezeNet) | Acc: 44.00%
Selected client ids: [0, 1, 2, 3, 4, 5, 6, 7, 8, 9, 10, 11, 12, 13, 14, 15, 16, 17, 18, 19, 20, 21, 22, 23, 24, 25, 26, 27, 28, 29]
--- Round 36 ---
Round 36 | Client 0 | Model: (MLP) | Acc: 96.07%
Round 36 | Client 1 | Model: (CNN) | Acc: 96.97%
Round 36 | Client 2 | Model: (ResNet8) | Acc: 98.54%
Round 36 | Client 3 | Model: (ResNet18) | Acc: 99.15%
Round 36 | Client 4 | Model: (MobileNetV2) | Acc: 97.22%
Round 36 | Client 5 | Model: (MobileNetV3) | Acc: 88.30%
Round 36 | Client 6 | Model: (LeNet) | Acc: 98.08%
Round 36 | Client 7 | Model: (AlexNet) | Acc: 99.05%
Round 36 | Client 8 | Model: (ShuffleNet) | Acc: 95.05%
Round 36 | Client 9 | Model: (SqueezeNet) | Acc: 95.85%
Round 36 | Client 11 | Model: (MLP) | Acc: 81.04%
Round 36 | Client 12 | Model: (CNN) | Acc: 85.22%
Round 36 | Client 13 | Model: (ResNet8) | Acc: 84.02%
Round 36 | Client 14 | Model: (ResNet18) | Acc: 82.76%
Round 36 | Client 15 | Model: (MobileNetV2) | Acc: 85.95%
Round 36 | Client 16 | Model: (MobileNetV3) | Acc: 80.16%
Round 36 | Client 17 | Model: (LeNet) | Acc: 82.49%
Round 36 | Client 18 | Model: (AlexNet) | Acc: 83.45%
Round 36 | Client 19 | Model: (ShuffleNet) | Acc: 82.97%
Round 36 | Client 20 | Model: (SqueezeNet) | Acc: 83.19%
Round 36 | Client 22 | Model: (MLP) | Acc: 42.62%
Round 36 | Client 23 | Model: (CNN) | Acc: 56.83%
Round 36 | Client 24 | Model: (ResNet8) | Acc: 61.25%
Round 36 | Client 25 | Model: (ResNet18) | Acc: 58.97%
Round 36 | Client 26 | Model: (MobileNetV2) | Acc: 39.14%
Round 36 | Client 27 | Model: (MobileNetV3) | Acc: 54.01%
Round 36 | Client 28 | Model: (LeNet) | Acc: 48.40%
Round 36 | Client 29 | Model: (AlexNet) | Acc: 59.54%
Round 36 | Client 30 | Model: (ShuffleNet) | Acc: 39.10%
Round 36 | Client 31 | Model: (SqueezeNet) | Acc: 42.14%
Selected client ids: [0, 1, 2, 3, 4, 5, 6, 7, 8, 9, 10, 11, 12, 13, 14, 15, 16, 17, 18, 19, 20, 21, 22, 23, 24, 25, 26, 27, 28, 29]
--- Round 37 ---
Round 37 | Client 0 | Model: (MLP) | Acc: 94.59%
Round 37 | Client 1 | Model: (CNN) | Acc: 52.75%
Round 37 | Client 2 | Model: (ResNet8) | Acc: 98.42%
Round 37 | Client 3 | Model: (ResNet18) | Acc: 99.15%
Round 37 | Client 4 | Model: (MobileNetV2) | Acc: 94.74%
Round 37 | Client 5 | Model: (MobileNetV3) | Acc: 93.00%
Round 37 | Client 6 | Model: (LeNet) | Acc: 97.01%
Round 37 | Client 7 | Model: (AlexNet) | Acc: 99.05%
Round 37 | Client 8 | Model: (ShuffleNet) | Acc: 96.31%
Round 37 | Client 9 | Model: (SqueezeNet) | Acc: 97.92%
Round 37 | Client 11 | Model: (MLP) | Acc: 81.19%
Round 37 | Client 12 | Model: (CNN) | Acc: 86.18%
Round 37 | Client 13 | Model: (ResNet8) | Acc: 82.84%
Round 37 | Client 14 | Model: (ResNet18) | Acc: 83.96%
Round 37 | Client 15 | Model: (MobileNetV2) | Acc: 86.51%
Round 37 | Client 16 | Model: (MobileNetV3) | Acc: 80.28%
Round 37 | Client 17 | Model: (LeNet) | Acc: 81.83%
Round 37 | Client 18 | Model: (AlexNet) | Acc: 83.08%
Round 37 | Client 19 | Model: (ShuffleNet) | Acc: 82.59%
Round 37 | Client 20 | Model: (SqueezeNet) | Acc: 83.93%
Round 37 | Client 22 | Model: (MLP) | Acc: 45.12%
Round 37 | Client 23 | Model: (CNN) | Acc: 58.68%
Round 37 | Client 24 | Model: (ResNet8) | Acc: 62.92%
Round 37 | Client 25 | Model: (ResNet18) | Acc: 63.35%
Round 37 | Client 26 | Model: (MobileNetV2) | Acc: 42.58%
Round 37 | Client 27 | Model: (MobileNetV3) | Acc: 53.67%
Round 37 | Client 28 | Model: (LeNet) | Acc: 47.52%
Round 37 | Client 29 | Model: (AlexNet) | Acc: 56.31%
Round 37 | Client 30 | Model: (ShuffleNet) | Acc: 38.79%
Round 37 | Client 31 | Model: (SqueezeNet) | Acc: 41.09%
Selected client ids: [0, 1, 2, 3, 4, 5, 6, 7, 8, 9, 10, 11, 12, 13, 14, 15, 16, 17, 18, 19, 20, 21, 22, 23, 24, 25, 26, 27, 28, 29]
--- Round 38 ---
Round 38 | Client 0 | Model: (MLP) | Acc: 95.33%
Round 38 | Client 1 | Model: (CNN) | Acc: 91.47%
Round 38 | Client 2 | Model: (ResNet8) | Acc: 98.54%
Round 38 | Client 3 | Model: (ResNet18) | Acc: 99.15%
Round 38 | Client 4 | Model: (MobileNetV2) | Acc: 97.42%
Round 38 | Client 5 | Model: (MobileNetV3) | Acc: 89.22%
Round 38 | Client 6 | Model: (LeNet) | Acc: 97.97%
Round 38 | Client 7 | Model: (AlexNet) | Acc: 99.05%
Round 38 | Client 8 | Model: (ShuffleNet) | Acc: 95.62%
Round 38 | Client 9 | Model: (SqueezeNet) | Acc: 98.03%
Round 38 | Client 11 | Model: (MLP) | Acc: 81.69%
Round 38 | Client 12 | Model: (CNN) | Acc: 84.90%
Round 38 | Client 13 | Model: (ResNet8) | Acc: 82.96%
Round 38 | Client 14 | Model: (ResNet18) | Acc: 83.80%
Round 38 | Client 15 | Model: (MobileNetV2) | Acc: 85.76%
Round 38 | Client 16 | Model: (MobileNetV3) | Acc: 78.60%
Round 38 | Client 17 | Model: (LeNet) | Acc: 82.46%
Round 38 | Client 18 | Model: (AlexNet) | Acc: 83.35%
Round 38 | Client 19 | Model: (ShuffleNet) | Acc: 82.90%
Round 38 | Client 20 | Model: (SqueezeNet) | Acc: 84.13%
Round 38 | Client 22 | Model: (MLP) | Acc: 43.21%
Round 38 | Client 23 | Model: (CNN) | Acc: 51.62%
Round 38 | Client 24 | Model: (ResNet8) | Acc: 63.36%
Round 38 | Client 25 | Model: (ResNet18) | Acc: 64.85%
Round 38 | Client 26 | Model: (MobileNetV2) | Acc: 40.32%
Round 38 | Client 27 | Model: (MobileNetV3) | Acc: 54.45%
Round 38 | Client 28 | Model: (LeNet) | Acc: 48.51%
Round 38 | Client 29 | Model: (AlexNet) | Acc: 57.92%
Round 38 | Client 30 | Model: (ShuffleNet) | Acc: 39.00%
Round 38 | Client 31 | Model: (SqueezeNet) | Acc: 44.70%
Selected client ids: [0, 1, 2, 3, 4, 5, 6, 7, 8, 9, 10, 11, 12, 13, 14, 15, 16, 17, 18, 19, 20, 21, 22, 23, 24, 25, 26, 27, 28, 29]
--- Round 39 ---
Round 39 | Client 0 | Model: (MLP) | Acc: 93.21%
Round 39 | Client 1 | Model: (CNN) | Acc: 83.16%
Round 39 | Client 2 | Model: (ResNet8) | Acc: 98.42%
Round 39 | Client 3 | Model: (ResNet18) | Acc: 99.15%
Round 39 | Client 4 | Model: (MobileNetV2) | Acc: 97.42%
Round 39 | Client 5 | Model: (MobileNetV3) | Acc: 82.45%
Round 39 | Client 6 | Model: (LeNet) | Acc: 97.97%
Round 39 | Client 7 | Model: (AlexNet) | Acc: 99.05%
Round 39 | Client 8 | Model: (ShuffleNet) | Acc: 95.62%
Round 39 | Client 9 | Model: (SqueezeNet) | Acc: 98.58%
Round 39 | Client 11 | Model: (MLP) | Acc: 81.50%
Round 39 | Client 12 | Model: (CNN) | Acc: 85.43%
Round 39 | Client 13 | Model: (ResNet8) | Acc: 83.64%
Round 39 | Client 14 | Model: (ResNet18) | Acc: 83.30%
Round 39 | Client 15 | Model: (MobileNetV2) | Acc: 86.68%
Round 39 | Client 16 | Model: (MobileNetV3) | Acc: 80.21%
Round 39 | Client 17 | Model: (LeNet) | Acc: 81.85%
Round 39 | Client 18 | Model: (AlexNet) | Acc: 83.40%
Round 39 | Client 19 | Model: (ShuffleNet) | Acc: 82.81%
Round 39 | Client 20 | Model: (SqueezeNet) | Acc: 84.49%
Round 39 | Client 22 | Model: (MLP) | Acc: 44.29%
Round 39 | Client 23 | Model: (CNN) | Acc: 58.91%
Round 39 | Client 24 | Model: (ResNet8) | Acc: 63.81%
Round 39 | Client 25 | Model: (ResNet18) | Acc: 64.32%
Round 39 | Client 26 | Model: (MobileNetV2) | Acc: 38.39%
Round 39 | Client 27 | Model: (MobileNetV3) | Acc: 52.90%
Round 39 | Client 28 | Model: (LeNet) | Acc: 47.96%
Round 39 | Client 29 | Model: (AlexNet) | Acc: 58.73%
Round 39 | Client 30 | Model: (ShuffleNet) | Acc: 41.25%
Round 39 | Client 31 | Model: (SqueezeNet) | Acc: 43.31%
Selected client ids: [0, 1, 2, 3, 4, 5, 6, 7, 8, 9, 10, 11, 12, 13, 14, 15, 16, 17, 18, 19, 20, 21, 22, 23, 24, 25, 26, 27, 28, 29]
--- Round 40 ---
Round 40 | Client 0 | Model: (MLP) | Acc: 94.59%
Round 40 | Client 1 | Model: (CNN) | Acc: 93.94%
Round 40 | Client 2 | Model: (ResNet8) | Acc: 98.42%
Round 40 | Client 3 | Model: (ResNet18) | Acc: 99.15%
Round 40 | Client 4 | Model: (MobileNetV2) | Acc: 96.91%
Round 40 | Client 5 | Model: (MobileNetV3) | Acc: 90.25%
Round 40 | Client 6 | Model: (LeNet) | Acc: 98.19%
Round 40 | Client 7 | Model: (AlexNet) | Acc: 99.05%
Round 40 | Client 8 | Model: (ShuffleNet) | Acc: 96.08%
Round 40 | Client 9 | Model: (SqueezeNet) | Acc: 97.27%
Round 40 | Client 11 | Model: (MLP) | Acc: 81.49%
Round 40 | Client 12 | Model: (CNN) | Acc: 85.04%
Round 40 | Client 13 | Model: (ResNet8) | Acc: 83.37%
Round 40 | Client 14 | Model: (ResNet18) | Acc: 83.60%
Round 40 | Client 15 | Model: (MobileNetV2) | Acc: 86.08%
Round 40 | Client 16 | Model: (MobileNetV3) | Acc: 80.28%
Round 40 | Client 17 | Model: (LeNet) | Acc: 82.74%
Round 40 | Client 18 | Model: (AlexNet) | Acc: 82.65%
Round 40 | Client 19 | Model: (ShuffleNet) | Acc: 82.54%
Round 40 | Client 20 | Model: (SqueezeNet) | Acc: 84.17%
Round 40 | Client 22 | Model: (MLP) | Acc: 42.14%
Round 40 | Client 23 | Model: (CNN) | Acc: 56.60%
Round 40 | Client 24 | Model: (ResNet8) | Acc: 64.03%
Round 40 | Client 25 | Model: (ResNet18) | Acc: 64.85%
Round 40 | Client 26 | Model: (MobileNetV2) | Acc: 39.03%
Round 40 | Client 27 | Model: (MobileNetV3) | Acc: 51.11%
Round 40 | Client 28 | Model: (LeNet) | Acc: 48.29%
Round 40 | Client 29 | Model: (AlexNet) | Acc: 57.92%
Round 40 | Client 30 | Model: (ShuffleNet) | Acc: 39.30%
Round 40 | Client 31 | Model: (SqueezeNet) | Acc: 42.14%
Saving checkpoints ...
[Server] Checkpoint saved to logs/2026-03-26_07-35-40/Local/server_checkpoints.pth
[Server] All 30 clients saved in logs/2026-03-26_07-35-40/Local/clients_last_round(40)_checkpoints/
==============================    Finished. Total Time: 2:18:06    ==============================
