Time: 2026-06-17 13:55:17
Log Dir: logs/2026-06-17_13-55-17/GeFL_DDPM_baseline_total_public
================================================================================

==============================        Args        ==============================
  exp_timestamp: None
  exp_conf: ./configs/het-iid-exp.yaml
  device: cuda:0
  seed: 15698
  algorithm: GeFL_DDPM_baseline_total_public
  num_new_clients: 1
  num_train_mnist: 10
  num_train_emnist: 10
  num_train_fashionmnist: 0
  num_train_cifar10: 10
  num_train_cifar100: 0
  num_train_usps: 0
  label_mapping: independent
================================================================================
==============================    Exp Configs     ==============================
exp_name: model-heterogeneity
heterogeneous: true
dirichlet_alpha: 100
global_rounds: 50
local_epochs: 1
local_loss_fn: CrossEntropyLoss
local_optim: Adam
local_lr: 0.001
batch_size: 64
sample_frac: 1.0
test_interval: 1
metric_type: accuracy
global_feature_dim: 256
optim: Adam
optim_lr: 0.001
global_gen_epochs: 10
gen_noise_dim: 128
gen_optim: Adam
gen_optim_lr: 0.001
global_feat_gen_epochs: 10
feat_gen_noise_dim: 128
feat_gen_optim: Adam
feat_gen_optim_lr: 0.001
feat_gen_div_beta: 1.0
public_data_ratio: 0.05
start_mapping_epoch: 20
gen_observer_weight: 0.0
index_matching: ddpm
aggregate_method: dataset_name
use_new_entropy_method: true
entropy_ratio: 0.7
cs_threshold: 0.9
global_model_epochs: 5
global_model_optim: Adam
global_model_optim_lr: 0.001
global_samples_per_class: 64

================================================================================

==================================================
Start 50 rounds training by GeFL_DDPM_baseline_total_public
Selected client ids: [0, 1, 2, 3, 4, 5, 6, 7, 8, 9, 10, 11, 12, 13, 14, 15, 16, 17, 18, 19, 20, 21, 22, 23, 24, 25, 26, 27, 28, 29]
Selected client ids: [0, 1, 2, 3, 4, 5, 6, 7, 8, 9, 10, 11, 12, 13, 14, 15, 16, 17, 18, 19, 20, 21, 22, 23, 24, 25, 26, 27, 28, 29]
Selected client ids: [0, 1, 2, 3, 4, 5, 6, 7, 8, 9, 10, 11, 12, 13, 14, 15, 16, 17, 18, 19, 20, 21, 22, 23, 24, 25, 26, 27, 28, 29]
Selected client ids: [0, 1, 2, 3, 4, 5, 6, 7, 8, 9, 10, 11, 12, 13, 14, 15, 16, 17, 18, 19, 20, 21, 22, 23, 24, 25, 26, 27, 28, 29]
Selected client ids: [0, 1, 2, 3, 4, 5, 6, 7, 8, 9, 10, 11, 12, 13, 14, 15, 16, 17, 18, 19, 20, 21, 22, 23, 24, 25, 26, 27, 28, 29]
Selected client ids: [0, 1, 2, 3, 4, 5, 6, 7, 8, 9, 10, 11, 12, 13, 14, 15, 16, 17, 18, 19, 20, 21, 22, 23, 24, 25, 26, 27, 28, 29]
Selected client ids: [0, 1, 2, 3, 4, 5, 6, 7, 8, 9, 10, 11, 12, 13, 14, 15, 16, 17, 18, 19, 20, 21, 22, 23, 24, 25, 26, 27, 28, 29]
Selected client ids: [0, 1, 2, 3, 4, 5, 6, 7, 8, 9, 10, 11, 12, 13, 14, 15, 16, 17, 18, 19, 20, 21, 22, 23, 24, 25, 26, 27, 28, 29]
Selected client ids: [0, 1, 2, 3, 4, 5, 6, 7, 8, 9, 10, 11, 12, 13, 14, 15, 16, 17, 18, 19, 20, 21, 22, 23, 24, 25, 26, 27, 28, 29]
Selected client ids: [0, 1, 2, 3, 4, 5, 6, 7, 8, 9, 10, 11, 12, 13, 14, 15, 16, 17, 18, 19, 20, 21, 22, 23, 24, 25, 26, 27, 28, 29]
Selected client ids: [0, 1, 2, 3, 4, 5, 6, 7, 8, 9, 10, 11, 12, 13, 14, 15, 16, 17, 18, 19, 20, 21, 22, 23, 24, 25, 26, 27, 28, 29]
Selected client ids: [0, 1, 2, 3, 4, 5, 6, 7, 8, 9, 10, 11, 12, 13, 14, 15, 16, 17, 18, 19, 20, 21, 22, 23, 24, 25, 26, 27, 28, 29]
Selected client ids: [0, 1, 2, 3, 4, 5, 6, 7, 8, 9, 10, 11, 12, 13, 14, 15, 16, 17, 18, 19, 20, 21, 22, 23, 24, 25, 26, 27, 28, 29]
Selected client ids: [0, 1, 2, 3, 4, 5, 6, 7, 8, 9, 10, 11, 12, 13, 14, 15, 16, 17, 18, 19, 20, 21, 22, 23, 24, 25, 26, 27, 28, 29]
Selected client ids: [0, 1, 2, 3, 4, 5, 6, 7, 8, 9, 10, 11, 12, 13, 14, 15, 16, 17, 18, 19, 20, 21, 22, 23, 24, 25, 26, 27, 28, 29]
Selected client ids: [0, 1, 2, 3, 4, 5, 6, 7, 8, 9, 10, 11, 12, 13, 14, 15, 16, 17, 18, 19, 20, 21, 22, 23, 24, 25, 26, 27, 28, 29]
Selected client ids: [0, 1, 2, 3, 4, 5, 6, 7, 8, 9, 10, 11, 12, 13, 14, 15, 16, 17, 18, 19, 20, 21, 22, 23, 24, 25, 26, 27, 28, 29]
Selected client ids: [0, 1, 2, 3, 4, 5, 6, 7, 8, 9, 10, 11, 12, 13, 14, 15, 16, 17, 18, 19, 20, 21, 22, 23, 24, 25, 26, 27, 28, 29]
Selected client ids: [0, 1, 2, 3, 4, 5, 6, 7, 8, 9, 10, 11, 12, 13, 14, 15, 16, 17, 18, 19, 20, 21, 22, 23, 24, 25, 26, 27, 28, 29]
Selected client ids: [0, 1, 2, 3, 4, 5, 6, 7, 8, 9, 10, 11, 12, 13, 14, 15, 16, 17, 18, 19, 20, 21, 22, 23, 24, 25, 26, 27, 28, 29]
[Server] Performing Independent Label Mapping (All Different)...

==================================================
Label Mapping Summary:
Global ID = 0  | from: MNIST: '0'
Global ID = 1  | from: MNIST: '1'
Global ID = 2  | from: MNIST: '2'
Global ID = 3  | from: MNIST: '3'
Global ID = 4  | from: MNIST: '4'
Global ID = 5  | from: MNIST: '5'
Global ID = 6  | from: MNIST: '6'
Global ID = 7  | from: MNIST: '7'
Global ID = 8  | from: MNIST: '8'
Global ID = 9  | from: MNIST: '9'
Global ID = 10 | from: EMNIST: '0'
Global ID = 11 | from: EMNIST: '1'
Global ID = 12 | from: EMNIST: '2'
Global ID = 13 | from: EMNIST: '3'
Global ID = 14 | from: EMNIST: '4'
Global ID = 15 | from: EMNIST: '5'
Global ID = 16 | from: EMNIST: '6'
Global ID = 17 | from: EMNIST: '7'
Global ID = 18 | from: EMNIST: '8'
Global ID = 19 | from: EMNIST: '9'
Global ID = 20 | from: EMNIST: 'A'
Global ID = 21 | from: EMNIST: 'B'
Global ID = 22 | from: EMNIST: 'C'
Global ID = 23 | from: EMNIST: 'D'
Global ID = 24 | from: EMNIST: 'E'
Global ID = 25 | from: EMNIST: 'F'
Global ID = 26 | from: EMNIST: 'G'
Global ID = 27 | from: EMNIST: 'H'
Global ID = 28 | from: EMNIST: 'I'
Global ID = 29 | from: EMNIST: 'J'
Global ID = 30 | from: EMNIST: 'K'
Global ID = 31 | from: EMNIST: 'L'
Global ID = 32 | from: EMNIST: 'M'
Global ID = 33 | from: EMNIST: 'N'
Global ID = 34 | from: EMNIST: 'O'
Global ID = 35 | from: EMNIST: 'P'
Global ID = 36 | from: EMNIST: 'Q'
Global ID = 37 | from: EMNIST: 'R'
Global ID = 38 | from: EMNIST: 'S'
Global ID = 39 | from: EMNIST: 'T'
Global ID = 40 | from: EMNIST: 'U'
Global ID = 41 | from: EMNIST: 'V'
Global ID = 42 | from: EMNIST: 'W'
Global ID = 43 | from: EMNIST: 'X'
Global ID = 44 | from: EMNIST: 'Y'
Global ID = 45 | from: EMNIST: 'Z'
Global ID = 46 | from: EMNIST: 'a'
Global ID = 47 | from: EMNIST: 'b'
Global ID = 48 | from: EMNIST: 'c'
Global ID = 49 | from: EMNIST: 'd'
Global ID = 50 | from: EMNIST: 'e'
Global ID = 51 | from: EMNIST: 'f'
Global ID = 52 | from: EMNIST: 'g'
Global ID = 53 | from: EMNIST: 'h'
Global ID = 54 | from: EMNIST: 'i'
Global ID = 55 | from: EMNIST: 'j'
Global ID = 56 | from: EMNIST: 'k'
Global ID = 57 | from: EMNIST: 'l'
Global ID = 58 | from: EMNIST: 'm'
Global ID = 59 | from: EMNIST: 'n'
Global ID = 60 | from: EMNIST: 'o'
Global ID = 61 | from: EMNIST: 'p'
Global ID = 62 | from: EMNIST: 'q'
Global ID = 63 | from: EMNIST: 'r'
Global ID = 64 | from: EMNIST: 's'
Global ID = 65 | from: EMNIST: 't'
Global ID = 66 | from: EMNIST: 'u'
Global ID = 67 | from: EMNIST: 'v'
Global ID = 68 | from: EMNIST: 'w'
Global ID = 69 | from: EMNIST: 'x'
Global ID = 70 | from: EMNIST: 'y'
Global ID = 71 | from: EMNIST: 'z'
Global ID = 72 | from: CIFAR10: 'airplane'
Global ID = 73 | from: CIFAR10: 'automobile'
Global ID = 74 | from: CIFAR10: 'bird'
Global ID = 75 | from: CIFAR10: 'cat'
Global ID = 76 | from: CIFAR10: 'deer'
Global ID = 77 | from: CIFAR10: 'dog'
Global ID = 78 | from: CIFAR10: 'frog'
Global ID = 79 | from: CIFAR10: 'horse'
Global ID = 80 | from: CIFAR10: 'ship'
Global ID = 81 | from: CIFAR10: 'truck'
==================================================

Initializing Global Inference Model with 82 classes...
Epoch 0 Loss: 3.0372
Epoch 1 Loss: 1.6218
Epoch 2 Loss: 1.2333
Epoch 3 Loss: 1.0146
Epoch 4 Loss: 0.8943
[Server] Global Inference Model Acc (MNIST) (Round 20): 26.85% (Tested on 9095 samples)
[Server] Global Inference Model Acc (EMNIST) (Round 20): 56.62% (Tested on 105779 samples)
[Server] Global Inference Model Acc (CIFAR10) (Round 20): 27.18% (Tested on 9100 samples)
[Server] Global Inference Model Acc (Mix) (Round 20): 52.27% (Tested on 123974 samples)
Selected client ids: [0, 1, 2, 3, 4, 5, 6, 7, 8, 9, 10, 11, 12, 13, 14, 15, 16, 17, 18, 19, 20, 21, 22, 23, 24, 25, 26, 27, 28, 29]
Epoch 0 Loss: 1.0282
Epoch 1 Loss: 0.8555
Epoch 2 Loss: 0.7527
Epoch 3 Loss: 0.6847
Epoch 4 Loss: 0.6403
[Server] Global Inference Model Acc (MNIST) (Round 21): 87.15% (Tested on 9095 samples)
[Server] Global Inference Model Acc (EMNIST) (Round 21): 68.66% (Tested on 105779 samples)
[Server] Global Inference Model Acc (CIFAR10) (Round 21): 35.47% (Tested on 9100 samples)
[Server] Global Inference Model Acc (Mix) (Round 21): 67.58% (Tested on 123974 samples)
Selected client ids: [0, 1, 2, 3, 4, 5, 6, 7, 8, 9, 10, 11, 12, 13, 14, 15, 16, 17, 18, 19, 20, 21, 22, 23, 24, 25, 26, 27, 28, 29]
Epoch 0 Loss: 0.9158
Epoch 1 Loss: 0.7298
Epoch 2 Loss: 0.6494
Epoch 3 Loss: 0.5836
Epoch 4 Loss: 0.5251
[Server] Global Inference Model Acc (MNIST) (Round 22): 51.92% (Tested on 9095 samples)
[Server] Global Inference Model Acc (EMNIST) (Round 22): 61.56% (Tested on 105779 samples)
[Server] Global Inference Model Acc (CIFAR10) (Round 22): 41.11% (Tested on 9100 samples)
[Server] Global Inference Model Acc (Mix) (Round 22): 59.35% (Tested on 123974 samples)
Selected client ids: [0, 1, 2, 3, 4, 5, 6, 7, 8, 9, 10, 11, 12, 13, 14, 15, 16, 17, 18, 19, 20, 21, 22, 23, 24, 25, 26, 27, 28, 29]
Epoch 0 Loss: 0.8284
Epoch 1 Loss: 0.6436
Epoch 2 Loss: 0.5632
Epoch 3 Loss: 0.4987
Epoch 4 Loss: 0.4561
[Server] Global Inference Model Acc (MNIST) (Round 23): 90.98% (Tested on 9095 samples)
[Server] Global Inference Model Acc (EMNIST) (Round 23): 72.02% (Tested on 105779 samples)
[Server] Global Inference Model Acc (CIFAR10) (Round 23): 41.41% (Tested on 9100 samples)
[Server] Global Inference Model Acc (Mix) (Round 23): 71.16% (Tested on 123974 samples)
Selected client ids: [0, 1, 2, 3, 4, 5, 6, 7, 8, 9, 10, 11, 12, 13, 14, 15, 16, 17, 18, 19, 20, 21, 22, 23, 24, 25, 26, 27, 28, 29]
Epoch 0 Loss: 0.8043
Epoch 1 Loss: 0.6042
Epoch 2 Loss: 0.5230
Epoch 3 Loss: 0.4587
Epoch 4 Loss: 0.3920
[Server] Global Inference Model Acc (MNIST) (Round 24): 95.71% (Tested on 9095 samples)
[Server] Global Inference Model Acc (EMNIST) (Round 24): 66.98% (Tested on 105779 samples)
[Server] Global Inference Model Acc (CIFAR10) (Round 24): 46.92% (Tested on 9100 samples)
[Server] Global Inference Model Acc (Mix) (Round 24): 67.61% (Tested on 123974 samples)
Selected client ids: [0, 1, 2, 3, 4, 5, 6, 7, 8, 9, 10, 11, 12, 13, 14, 15, 16, 17, 18, 19, 20, 21, 22, 23, 24, 25, 26, 27, 28, 29]
Epoch 0 Loss: 0.7965
Epoch 1 Loss: 0.5712
Epoch 2 Loss: 0.4979
Epoch 3 Loss: 0.4178
Epoch 4 Loss: 0.3657
[Server] Global Inference Model Acc (MNIST) (Round 25): 95.79% (Tested on 9095 samples)
[Server] Global Inference Model Acc (EMNIST) (Round 25): 75.22% (Tested on 105779 samples)
[Server] Global Inference Model Acc (CIFAR10) (Round 25): 47.51% (Tested on 9100 samples)
[Server] Global Inference Model Acc (Mix) (Round 25): 74.69% (Tested on 123974 samples)
Selected client ids: [0, 1, 2, 3, 4, 5, 6, 7, 8, 9, 10, 11, 12, 13, 14, 15, 16, 17, 18, 19, 20, 21, 22, 23, 24, 25, 26, 27, 28, 29]
Epoch 0 Loss: 0.8117
Epoch 1 Loss: 0.5430
Epoch 2 Loss: 0.4620
Epoch 3 Loss: 0.3816
Epoch 4 Loss: 0.2983
[Server] Global Inference Model Acc (MNIST) (Round 26): 92.45% (Tested on 9095 samples)
[Server] Global Inference Model Acc (EMNIST) (Round 26): 75.44% (Tested on 105779 samples)
[Server] Global Inference Model Acc (CIFAR10) (Round 26): 48.54% (Tested on 9100 samples)
[Server] Global Inference Model Acc (Mix) (Round 26): 74.71% (Tested on 123974 samples)
Selected client ids: [0, 1, 2, 3, 4, 5, 6, 7, 8, 9, 10, 11, 12, 13, 14, 15, 16, 17, 18, 19, 20, 21, 22, 23, 24, 25, 26, 27, 28, 29]
Epoch 0 Loss: 0.8093
Epoch 1 Loss: 0.5375
Epoch 2 Loss: 0.4264
Epoch 3 Loss: 0.3500
Epoch 4 Loss: 0.3015
[Server] Global Inference Model Acc (MNIST) (Round 27): 96.86% (Tested on 9095 samples)
[Server] Global Inference Model Acc (EMNIST) (Round 27): 72.47% (Tested on 105779 samples)
[Server] Global Inference Model Acc (CIFAR10) (Round 27): 47.43% (Tested on 9100 samples)
[Server] Global Inference Model Acc (Mix) (Round 27): 72.42% (Tested on 123974 samples)
Selected client ids: [0, 1, 2, 3, 4, 5, 6, 7, 8, 9, 10, 11, 12, 13, 14, 15, 16, 17, 18, 19, 20, 21, 22, 23, 24, 25, 26, 27, 28, 29]
Epoch 0 Loss: 0.8000
Epoch 1 Loss: 0.5134
Epoch 2 Loss: 0.3961
Epoch 3 Loss: 0.3087
Epoch 4 Loss: 0.2687
[Server] Global Inference Model Acc (MNIST) (Round 28): 90.90% (Tested on 9095 samples)
[Server] Global Inference Model Acc (EMNIST) (Round 28): 76.43% (Tested on 105779 samples)
[Server] Global Inference Model Acc (CIFAR10) (Round 28): 47.05% (Tested on 9100 samples)
[Server] Global Inference Model Acc (Mix) (Round 28): 75.33% (Tested on 123974 samples)
Selected client ids: [0, 1, 2, 3, 4, 5, 6, 7, 8, 9, 10, 11, 12, 13, 14, 15, 16, 17, 18, 19, 20, 21, 22, 23, 24, 25, 26, 27, 28, 29]
Epoch 0 Loss: 0.7678
Epoch 1 Loss: 0.4985
Epoch 2 Loss: 0.3963
Epoch 3 Loss: 0.3274
Epoch 4 Loss: 0.2678
[Server] Global Inference Model Acc (MNIST) (Round 29): 97.68% (Tested on 9095 samples)
[Server] Global Inference Model Acc (EMNIST) (Round 29): 70.75% (Tested on 105779 samples)
[Server] Global Inference Model Acc (CIFAR10) (Round 29): 51.75% (Tested on 9100 samples)
[Server] Global Inference Model Acc (Mix) (Round 29): 71.33% (Tested on 123974 samples)
Selected client ids: [0, 1, 2, 3, 4, 5, 6, 7, 8, 9, 10, 11, 12, 13, 14, 15, 16, 17, 18, 19, 20, 21, 22, 23, 24, 25, 26, 27, 28, 29]
Epoch 0 Loss: 0.7647
Epoch 1 Loss: 0.4807
Epoch 2 Loss: 0.3765
Epoch 3 Loss: 0.2917
Epoch 4 Loss: 0.2464
[Server] Global Inference Model Acc (MNIST) (Round 30): 69.85% (Tested on 9095 samples)
[Server] Global Inference Model Acc (EMNIST) (Round 30): 71.38% (Tested on 105779 samples)
[Server] Global Inference Model Acc (CIFAR10) (Round 30): 53.99% (Tested on 9100 samples)
[Server] Global Inference Model Acc (Mix) (Round 30): 69.99% (Tested on 123974 samples)
Selected client ids: [0, 1, 2, 3, 4, 5, 6, 7, 8, 9, 10, 11, 12, 13, 14, 15, 16, 17, 18, 19, 20, 21, 22, 23, 24, 25, 26, 27, 28, 29]
Epoch 0 Loss: 0.7829
Epoch 1 Loss: 0.4849
Epoch 2 Loss: 0.3631
Epoch 3 Loss: 0.3062
Epoch 4 Loss: 0.2325
[Server] Global Inference Model Acc (MNIST) (Round 31): 97.72% (Tested on 9095 samples)
[Server] Global Inference Model Acc (EMNIST) (Round 31): 72.69% (Tested on 105779 samples)
[Server] Global Inference Model Acc (CIFAR10) (Round 31): 53.96% (Tested on 9100 samples)
[Server] Global Inference Model Acc (Mix) (Round 31): 73.15% (Tested on 123974 samples)
Selected client ids: [0, 1, 2, 3, 4, 5, 6, 7, 8, 9, 10, 11, 12, 13, 14, 15, 16, 17, 18, 19, 20, 21, 22, 23, 24, 25, 26, 27, 28, 29]
Epoch 0 Loss: 0.7434
Epoch 1 Loss: 0.4538
Epoch 2 Loss: 0.3405
Epoch 3 Loss: 0.2495
Epoch 4 Loss: 0.2003
[Server] Global Inference Model Acc (MNIST) (Round 32): 93.28% (Tested on 9095 samples)
[Server] Global Inference Model Acc (EMNIST) (Round 32): 70.53% (Tested on 105779 samples)
[Server] Global Inference Model Acc (CIFAR10) (Round 32): 50.82% (Tested on 9100 samples)
[Server] Global Inference Model Acc (Mix) (Round 32): 70.75% (Tested on 123974 samples)
Selected client ids: [0, 1, 2, 3, 4, 5, 6, 7, 8, 9, 10, 11, 12, 13, 14, 15, 16, 17, 18, 19, 20, 21, 22, 23, 24, 25, 26, 27, 28, 29]
Epoch 0 Loss: 0.7432
Epoch 1 Loss: 0.4528
Epoch 2 Loss: 0.3361
Epoch 3 Loss: 0.2440
Epoch 4 Loss: 0.1942
[Server] Global Inference Model Acc (MNIST) (Round 33): 98.03% (Tested on 9095 samples)
[Server] Global Inference Model Acc (EMNIST) (Round 33): 76.77% (Tested on 105779 samples)
[Server] Global Inference Model Acc (CIFAR10) (Round 33): 56.08% (Tested on 9100 samples)
[Server] Global Inference Model Acc (Mix) (Round 33): 76.81% (Tested on 123974 samples)
Selected client ids: [0, 1, 2, 3, 4, 5, 6, 7, 8, 9, 10, 11, 12, 13, 14, 15, 16, 17, 18, 19, 20, 21, 22, 23, 24, 25, 26, 27, 28, 29]
Epoch 0 Loss: 0.7598
Epoch 1 Loss: 0.4580
Epoch 2 Loss: 0.3386
Epoch 3 Loss: 0.2599
Epoch 4 Loss: 0.2096
[Server] Global Inference Model Acc (MNIST) (Round 34): 94.52% (Tested on 9095 samples)
[Server] Global Inference Model Acc (EMNIST) (Round 34): 73.56% (Tested on 105779 samples)
[Server] Global Inference Model Acc (CIFAR10) (Round 34): 56.37% (Tested on 9100 samples)
[Server] Global Inference Model Acc (Mix) (Round 34): 73.84% (Tested on 123974 samples)
Selected client ids: [0, 1, 2, 3, 4, 5, 6, 7, 8, 9, 10, 11, 12, 13, 14, 15, 16, 17, 18, 19, 20, 21, 22, 23, 24, 25, 26, 27, 28, 29]
Epoch 0 Loss: 0.7525
Epoch 1 Loss: 0.4548
Epoch 2 Loss: 0.3324
Epoch 3 Loss: 0.2463
Epoch 4 Loss: 0.1815
[Server] Global Inference Model Acc (MNIST) (Round 35): 97.79% (Tested on 9095 samples)
[Server] Global Inference Model Acc (EMNIST) (Round 35): 76.36% (Tested on 105779 samples)
[Server] Global Inference Model Acc (CIFAR10) (Round 35): 56.87% (Tested on 9100 samples)
[Server] Global Inference Model Acc (Mix) (Round 35): 76.50% (Tested on 123974 samples)
Selected client ids: [0, 1, 2, 3, 4, 5, 6, 7, 8, 9, 10, 11, 12, 13, 14, 15, 16, 17, 18, 19, 20, 21, 22, 23, 24, 25, 26, 27, 28, 29]
Epoch 0 Loss: 0.7492
Epoch 1 Loss: 0.4323
Epoch 2 Loss: 0.3068
Epoch 3 Loss: 0.2382
Epoch 4 Loss: 0.1789
[Server] Global Inference Model Acc (MNIST) (Round 36): 96.45% (Tested on 9095 samples)
[Server] Global Inference Model Acc (EMNIST) (Round 36): 73.44% (Tested on 105779 samples)
[Server] Global Inference Model Acc (CIFAR10) (Round 36): 58.48% (Tested on 9100 samples)
[Server] Global Inference Model Acc (Mix) (Round 36): 74.03% (Tested on 123974 samples)
Selected client ids: [0, 1, 2, 3, 4, 5, 6, 7, 8, 9, 10, 11, 12, 13, 14, 15, 16, 17, 18, 19, 20, 21, 22, 23, 24, 25, 26, 27, 28, 29]
Epoch 0 Loss: 0.7492
Epoch 1 Loss: 0.4137
Epoch 2 Loss: 0.2948
Epoch 3 Loss: 0.2162
Epoch 4 Loss: 0.1546
[Server] Global Inference Model Acc (MNIST) (Round 37): 97.13% (Tested on 9095 samples)
[Server] Global Inference Model Acc (EMNIST) (Round 37): 75.24% (Tested on 105779 samples)
[Server] Global Inference Model Acc (CIFAR10) (Round 37): 59.33% (Tested on 9100 samples)
[Server] Global Inference Model Acc (Mix) (Round 37): 75.68% (Tested on 123974 samples)
Selected client ids: [0, 1, 2, 3, 4, 5, 6, 7, 8, 9, 10, 11, 12, 13, 14, 15, 16, 17, 18, 19, 20, 21, 22, 23, 24, 25, 26, 27, 28, 29]
Epoch 0 Loss: 0.7275
Epoch 1 Loss: 0.4001
Epoch 2 Loss: 0.2820
Epoch 3 Loss: 0.2087
Epoch 4 Loss: 0.1575
[Server] Global Inference Model Acc (MNIST) (Round 38): 97.30% (Tested on 9095 samples)
[Server] Global Inference Model Acc (EMNIST) (Round 38): 75.62% (Tested on 105779 samples)
[Server] Global Inference Model Acc (CIFAR10) (Round 38): 56.93% (Tested on 9100 samples)
[Server] Global Inference Model Acc (Mix) (Round 38): 75.83% (Tested on 123974 samples)
Selected client ids: [0, 1, 2, 3, 4, 5, 6, 7, 8, 9, 10, 11, 12, 13, 14, 15, 16, 17, 18, 19, 20, 21, 22, 23, 24, 25, 26, 27, 28, 29]
Epoch 0 Loss: 0.7855
Epoch 1 Loss: 0.4348
Epoch 2 Loss: 0.3057
Epoch 3 Loss: 0.2200
Epoch 4 Loss: 0.1719
[Server] Global Inference Model Acc (MNIST) (Round 39): 14.07% (Tested on 9095 samples)
[Server] Global Inference Model Acc (EMNIST) (Round 39): 63.17% (Tested on 105779 samples)
[Server] Global Inference Model Acc (CIFAR10) (Round 39): 58.35% (Tested on 9100 samples)
[Server] Global Inference Model Acc (Mix) (Round 39): 59.21% (Tested on 123974 samples)
Selected client ids: [0, 1, 2, 3, 4, 5, 6, 7, 8, 9, 10, 11, 12, 13, 14, 15, 16, 17, 18, 19, 20, 21, 22, 23, 24, 25, 26, 27, 28, 29]
Epoch 0 Loss: 0.7346
Epoch 1 Loss: 0.4052
Epoch 2 Loss: 0.2812
Epoch 3 Loss: 0.2050
Epoch 4 Loss: 0.1391
[Server] Global Inference Model Acc (MNIST) (Round 40): 96.17% (Tested on 9095 samples)
[Server] Global Inference Model Acc (EMNIST) (Round 40): 65.22% (Tested on 105779 samples)
[Server] Global Inference Model Acc (CIFAR10) (Round 40): 56.43% (Tested on 9100 samples)
[Server] Global Inference Model Acc (Mix) (Round 40): 66.85% (Tested on 123974 samples)
Saving checkpoints ...
[Server] Checkpoint saved to logs/2026-06-17_13-55-17/GeFL_DDPM_baseline_total_public/server_checkpoints.pth
[Server] Global DDPM for MNIST saved to logs/2026-06-17_13-55-17/GeFL_DDPM_baseline_total_public/global_gans/MNIST_DDPM.pth
[Server] Global DDPM for EMNIST saved to logs/2026-06-17_13-55-17/GeFL_DDPM_baseline_total_public/global_gans/EMNIST_DDPM.pth
[Server] Global DDPM for CIFAR10 saved to logs/2026-06-17_13-55-17/GeFL_DDPM_baseline_total_public/global_gans/CIFAR10_DDPM.pth
[Server] All 30 clients saved in logs/2026-06-17_13-55-17/GeFL_DDPM_baseline_total_public/clients_last_round_checkpoints/
Selected client ids: [0, 1, 2, 3, 4, 5, 6, 7, 8, 9, 10, 11, 12, 13, 14, 15, 16, 17, 18, 19, 20, 21, 22, 23, 24, 25, 26, 27, 28, 29]
Epoch 0 Loss: 0.7520
Epoch 1 Loss: 0.4000
Epoch 2 Loss: 0.2827
Epoch 3 Loss: 0.2077
Epoch 4 Loss: 0.1370
[Server] Global Inference Model Acc (MNIST) (Round 41): 97.52% (Tested on 9095 samples)
[Server] Global Inference Model Acc (EMNIST) (Round 41): 76.68% (Tested on 105779 samples)
[Server] Global Inference Model Acc (CIFAR10) (Round 41): 58.74% (Tested on 9100 samples)
[Server] Global Inference Model Acc (Mix) (Round 41): 76.89% (Tested on 123974 samples)
Selected client ids: [0, 1, 2, 3, 4, 5, 6, 7, 8, 9, 10, 11, 12, 13, 14, 15, 16, 17, 18, 19, 20, 21, 22, 23, 24, 25, 26, 27, 28, 29]
Epoch 0 Loss: 0.7340
Epoch 1 Loss: 0.3995
Epoch 2 Loss: 0.2799
Epoch 3 Loss: 0.1997
Epoch 4 Loss: 0.1330
[Server] Global Inference Model Acc (MNIST) (Round 42): 94.81% (Tested on 9095 samples)
[Server] Global Inference Model Acc (EMNIST) (Round 42): 73.78% (Tested on 105779 samples)
[Server] Global Inference Model Acc (CIFAR10) (Round 42): 58.45% (Tested on 9100 samples)
[Server] Global Inference Model Acc (Mix) (Round 42): 74.20% (Tested on 123974 samples)
Selected client ids: [0, 1, 2, 3, 4, 5, 6, 7, 8, 9, 10, 11, 12, 13, 14, 15, 16, 17, 18, 19, 20, 21, 22, 23, 24, 25, 26, 27, 28, 29]
Epoch 0 Loss: 0.7281
Epoch 1 Loss: 0.3858
Epoch 2 Loss: 0.2645
Epoch 3 Loss: 0.1797
Epoch 4 Loss: 0.1210
[Server] Global Inference Model Acc (MNIST) (Round 43): 98.03% (Tested on 9095 samples)
[Server] Global Inference Model Acc (EMNIST) (Round 43): 76.43% (Tested on 105779 samples)
[Server] Global Inference Model Acc (CIFAR10) (Round 43): 60.71% (Tested on 9100 samples)
[Server] Global Inference Model Acc (Mix) (Round 43): 76.87% (Tested on 123974 samples)
Selected client ids: [0, 1, 2, 3, 4, 5, 6, 7, 8, 9, 10, 11, 12, 13, 14, 15, 16, 17, 18, 19, 20, 21, 22, 23, 24, 25, 26, 27, 28, 29]
Epoch 0 Loss: 0.7503
Epoch 1 Loss: 0.3917
Epoch 2 Loss: 0.2636
Epoch 3 Loss: 0.1849
Epoch 4 Loss: 0.1190
[Server] Global Inference Model Acc (MNIST) (Round 44): 98.54% (Tested on 9095 samples)
[Server] Global Inference Model Acc (EMNIST) (Round 44): 75.45% (Tested on 105779 samples)
[Server] Global Inference Model Acc (CIFAR10) (Round 44): 61.23% (Tested on 9100 samples)
[Server] Global Inference Model Acc (Mix) (Round 44): 76.10% (Tested on 123974 samples)
Selected client ids: [0, 1, 2, 3, 4, 5, 6, 7, 8, 9, 10, 11, 12, 13, 14, 15, 16, 17, 18, 19, 20, 21, 22, 23, 24, 25, 26, 27, 28, 29]
Epoch 0 Loss: 0.7360
Epoch 1 Loss: 0.3762
Epoch 2 Loss: 0.2395
Epoch 3 Loss: 0.1583
Epoch 4 Loss: 0.1227
[Server] Global Inference Model Acc (MNIST) (Round 45): 98.48% (Tested on 9095 samples)
[Server] Global Inference Model Acc (EMNIST) (Round 45): 75.08% (Tested on 105779 samples)
[Server] Global Inference Model Acc (CIFAR10) (Round 45): 60.78% (Tested on 9100 samples)
[Server] Global Inference Model Acc (Mix) (Round 45): 75.75% (Tested on 123974 samples)
Selected client ids: [0, 1, 2, 3, 4, 5, 6, 7, 8, 9, 10, 11, 12, 13, 14, 15, 16, 17, 18, 19, 20, 21, 22, 23, 24, 25, 26, 27, 28, 29]
Epoch 0 Loss: 0.7238
Epoch 1 Loss: 0.3643
Epoch 2 Loss: 0.2543
Epoch 3 Loss: 0.1757
Epoch 4 Loss: 0.1154
[Server] Global Inference Model Acc (MNIST) (Round 46): 97.43% (Tested on 9095 samples)
[Server] Global Inference Model Acc (EMNIST) (Round 46): 77.72% (Tested on 105779 samples)
[Server] Global Inference Model Acc (CIFAR10) (Round 46): 61.20% (Tested on 9100 samples)
[Server] Global Inference Model Acc (Mix) (Round 46): 77.96% (Tested on 123974 samples)
Selected client ids: [0, 1, 2, 3, 4, 5, 6, 7, 8, 9, 10, 11, 12, 13, 14, 15, 16, 17, 18, 19, 20, 21, 22, 23, 24, 25, 26, 27, 28, 29]
Epoch 0 Loss: 0.7288
Epoch 1 Loss: 0.3552
Epoch 2 Loss: 0.2331
Epoch 3 Loss: 0.1488
Epoch 4 Loss: 0.1011
[Server] Global Inference Model Acc (MNIST) (Round 47): 98.61% (Tested on 9095 samples)
[Server] Global Inference Model Acc (EMNIST) (Round 47): 76.59% (Tested on 105779 samples)
[Server] Global Inference Model Acc (CIFAR10) (Round 47): 62.00% (Tested on 9100 samples)
[Server] Global Inference Model Acc (Mix) (Round 47): 77.13% (Tested on 123974 samples)
Selected client ids: [0, 1, 2, 3, 4, 5, 6, 7, 8, 9, 10, 11, 12, 13, 14, 15, 16, 17, 18, 19, 20, 21, 22, 23, 24, 25, 26, 27, 28, 29]
Epoch 0 Loss: 0.7266
Epoch 1 Loss: 0.3629
Epoch 2 Loss: 0.2346
Epoch 3 Loss: 0.1595
Epoch 4 Loss: 0.0922
[Server] Global Inference Model Acc (MNIST) (Round 48): 98.00% (Tested on 9095 samples)
[Server] Global Inference Model Acc (EMNIST) (Round 48): 75.63% (Tested on 105779 samples)
[Server] Global Inference Model Acc (CIFAR10) (Round 48): 62.96% (Tested on 9100 samples)
[Server] Global Inference Model Acc (Mix) (Round 48): 76.34% (Tested on 123974 samples)
Selected client ids: [0, 1, 2, 3, 4, 5, 6, 7, 8, 9, 10, 11, 12, 13, 14, 15, 16, 17, 18, 19, 20, 21, 22, 23, 24, 25, 26, 27, 28, 29]
Epoch 0 Loss: 0.7164
Epoch 1 Loss: 0.3615
Epoch 2 Loss: 0.2346
Epoch 3 Loss: 0.1616
Epoch 4 Loss: 0.1018
[Server] Global Inference Model Acc (MNIST) (Round 49): 96.61% (Tested on 9095 samples)
[Server] Global Inference Model Acc (EMNIST) (Round 49): 75.08% (Tested on 105779 samples)
[Server] Global Inference Model Acc (CIFAR10) (Round 49): 63.14% (Tested on 9100 samples)
[Server] Global Inference Model Acc (Mix) (Round 49): 75.79% (Tested on 123974 samples)
Selected client ids: [0, 1, 2, 3, 4, 5, 6, 7, 8, 9, 10, 11, 12, 13, 14, 15, 16, 17, 18, 19, 20, 21, 22, 23, 24, 25, 26, 27, 28, 29]
Epoch 0 Loss: 0.6899
Epoch 1 Loss: 0.3357
Epoch 2 Loss: 0.2094
Epoch 3 Loss: 0.1291
Epoch 4 Loss: 0.0678
[Server] Global Inference Model Acc (MNIST) (Round 50): 97.57% (Tested on 9095 samples)
[Server] Global Inference Model Acc (EMNIST) (Round 50): 73.31% (Tested on 105779 samples)
[Server] Global Inference Model Acc (CIFAR10) (Round 50): 63.59% (Tested on 9100 samples)
[Server] Global Inference Model Acc (Mix) (Round 50): 74.38% (Tested on 123974 samples)
Saving checkpoints ...
[Server] Checkpoint saved to logs/2026-06-17_13-55-17/GeFL_DDPM_baseline_total_public/server_checkpoints.pth
[Server] Global DDPM for MNIST saved to logs/2026-06-17_13-55-17/GeFL_DDPM_baseline_total_public/global_gans/MNIST_DDPM.pth
[Server] Global DDPM for EMNIST saved to logs/2026-06-17_13-55-17/GeFL_DDPM_baseline_total_public/global_gans/EMNIST_DDPM.pth
[Server] Global DDPM for CIFAR10 saved to logs/2026-06-17_13-55-17/GeFL_DDPM_baseline_total_public/global_gans/CIFAR10_DDPM.pth
[Server] All 30 clients saved in logs/2026-06-17_13-55-17/GeFL_DDPM_baseline_total_public/clients_last_round_checkpoints/
==============================    Finished. Total Time: 0:19:22    ==============================
