Time: 2026-06-16 00:35:08
Log Dir: logs/2026-06-16_00-35-08/BaseFL_public
================================================================================

==============================        Args        ==============================
  exp_timestamp: None
  exp_conf: ./configs/het-iid-exp.yaml
  device: cuda:1
  seed: 15698
  algorithm: BaseFL_public
  num_new_clients: 1
  num_train_mnist: 10
  num_train_emnist: 10
  num_train_fashionmnist: 0
  num_train_cifar10: 10
  num_train_cifar100: 0
  num_train_usps: 0
  label_mapping: image-bi
================================================================================
==============================    Exp Configs     ==============================
exp_name: model-heterogeneity
heterogeneous: true
dirichlet_alpha: 100
global_rounds: 30
local_epochs: 1
local_loss_fn: CrossEntropyLoss
local_optim: Adam
local_lr: 0.001
batch_size: 64
sample_frac: 1.0
test_interval: 1
metric_type: accuracy
global_feature_dim: 256
optim: Adam
optim_lr: 0.001
global_gen_epochs: 10
gen_noise_dim: 128
gen_optim: Adam
gen_optim_lr: 0.001
global_feat_gen_epochs: 10
feat_gen_noise_dim: 128
feat_gen_optim: Adam
feat_gen_optim_lr: 0.001
feat_gen_div_beta: 1.0
public_data_ratio: 0.05
start_mapping_epoch: 1
gen_observer_weight: 0.0
index_matching: identical
aggregate_method: dataset_name
use_new_entropy_method: true
entropy_ratio: 0.7
cs_threshold: 0.9
global_model_epochs: 5
global_model_optim: Adam
global_model_optim_lr: 0.001
global_samples_per_class: 64

================================================================================

==================================================
Start 30 rounds training by BaseFL_public
Selected client ids: [0, 1, 2, 3, 4, 5, 6, 7, 8, 9, 10, 11, 12, 13, 14, 15, 16, 17, 18, 19, 20, 21, 22, 23, 24, 25, 26, 27, 28, 29]
--- Round 1 ---
[Server] Aggregating by Dataset Name ...
[Server] Performing Identical Label Mapping (All Same by Local ID)...

==================================================
Label Mapping Summary:
Global ID = 0  | from: CIFAR10: 'airplane', EMNIST: '0', MNIST: '0'
Global ID = 1  | from: CIFAR10: 'automobile', EMNIST: '1', MNIST: '1'
Global ID = 2  | from: CIFAR10: 'bird', EMNIST: '2', MNIST: '2'
Global ID = 3  | from: CIFAR10: 'cat', EMNIST: '3', MNIST: '3'
Global ID = 4  | from: CIFAR10: 'deer', EMNIST: '4', MNIST: '4'
Global ID = 5  | from: CIFAR10: 'dog', EMNIST: '5', MNIST: '5'
Global ID = 6  | from: CIFAR10: 'frog', EMNIST: '6', MNIST: '6'
Global ID = 7  | from: CIFAR10: 'horse', EMNIST: '7', MNIST: '7'
Global ID = 8  | from: CIFAR10: 'ship', EMNIST: '8', MNIST: '8'
Global ID = 9  | from: CIFAR10: 'truck', EMNIST: '9', MNIST: '9'
Global ID = 10 | from: EMNIST: 'A'
Global ID = 11 | from: EMNIST: 'B'
Global ID = 12 | from: EMNIST: 'C'
Global ID = 13 | from: EMNIST: 'D'
Global ID = 14 | from: EMNIST: 'E'
Global ID = 15 | from: EMNIST: 'F'
Global ID = 16 | from: EMNIST: 'G'
Global ID = 17 | from: EMNIST: 'H'
Global ID = 18 | from: EMNIST: 'I'
Global ID = 19 | from: EMNIST: 'J'
Global ID = 20 | from: EMNIST: 'K'
Global ID = 21 | from: EMNIST: 'L'
Global ID = 22 | from: EMNIST: 'M'
Global ID = 23 | from: EMNIST: 'N'
Global ID = 24 | from: EMNIST: 'O'
Global ID = 25 | from: EMNIST: 'P'
Global ID = 26 | from: EMNIST: 'Q'
Global ID = 27 | from: EMNIST: 'R'
Global ID = 28 | from: EMNIST: 'S'
Global ID = 29 | from: EMNIST: 'T'
Global ID = 30 | from: EMNIST: 'U'
Global ID = 31 | from: EMNIST: 'V'
Global ID = 32 | from: EMNIST: 'W'
Global ID = 33 | from: EMNIST: 'X'
Global ID = 34 | from: EMNIST: 'Y'
Global ID = 35 | from: EMNIST: 'Z'
Global ID = 36 | from: EMNIST: 'a'
Global ID = 37 | from: EMNIST: 'b'
Global ID = 38 | from: EMNIST: 'c'
Global ID = 39 | from: EMNIST: 'd'
Global ID = 40 | from: EMNIST: 'e'
Global ID = 41 | from: EMNIST: 'f'
Global ID = 42 | from: EMNIST: 'g'
Global ID = 43 | from: EMNIST: 'h'
Global ID = 44 | from: EMNIST: 'i'
Global ID = 45 | from: EMNIST: 'j'
Global ID = 46 | from: EMNIST: 'k'
Global ID = 47 | from: EMNIST: 'l'
Global ID = 48 | from: EMNIST: 'm'
Global ID = 49 | from: EMNIST: 'n'
Global ID = 50 | from: EMNIST: 'o'
Global ID = 51 | from: EMNIST: 'p'
Global ID = 52 | from: EMNIST: 'q'
Global ID = 53 | from: EMNIST: 'r'
Global ID = 54 | from: EMNIST: 's'
Global ID = 55 | from: EMNIST: 't'
Global ID = 56 | from: EMNIST: 'u'
Global ID = 57 | from: EMNIST: 'v'
Global ID = 58 | from: EMNIST: 'w'
Global ID = 59 | from: EMNIST: 'x'
Global ID = 60 | from: EMNIST: 'y'
Global ID = 61 | from: EMNIST: 'z'
==================================================

Initializing Global Inference Model with 62 classes...
[Server] Global Inference Model Acc (MNIST) (Round 1): 91.69% (Tested on 9095 samples)
[Server] Global Inference Model Acc (EMNIST) (Round 1): 69.68% (Tested on 105779 samples)
[Server] Global Inference Model Acc (CIFAR10) (Round 1): 24.51% (Tested on 9100 samples)
[Server] Global Inference Model Acc (Mix) (Round 1): 67.98% (Tested on 123974 samples)
Selected client ids: [0, 1, 2, 3, 4, 5, 6, 7, 8, 9, 10, 11, 12, 13, 14, 15, 16, 17, 18, 19, 20, 21, 22, 23, 24, 25, 26, 27, 28, 29]
--- Round 2 ---
[Server] Aggregating by Dataset Name ...
[Server] Global Inference Model Acc (MNIST) (Round 2): 88.59% (Tested on 9095 samples)
[Server] Global Inference Model Acc (EMNIST) (Round 2): 66.94% (Tested on 105779 samples)
[Server] Global Inference Model Acc (CIFAR10) (Round 2): 35.25% (Tested on 9100 samples)
[Server] Global Inference Model Acc (Mix) (Round 2): 66.20% (Tested on 123974 samples)
Selected client ids: [0, 1, 2, 3, 4, 5, 6, 7, 8, 9, 10, 11, 12, 13, 14, 15, 16, 17, 18, 19, 20, 21, 22, 23, 24, 25, 26, 27, 28, 29]
--- Round 3 ---
[Server] Aggregating by Dataset Name ...
[Server] Global Inference Model Acc (MNIST) (Round 3): 95.51% (Tested on 9095 samples)
[Server] Global Inference Model Acc (EMNIST) (Round 3): 68.89% (Tested on 105779 samples)
[Server] Global Inference Model Acc (CIFAR10) (Round 3): 38.12% (Tested on 9100 samples)
[Server] Global Inference Model Acc (Mix) (Round 3): 68.59% (Tested on 123974 samples)
Selected client ids: [0, 1, 2, 3, 4, 5, 6, 7, 8, 9, 10, 11, 12, 13, 14, 15, 16, 17, 18, 19, 20, 21, 22, 23, 24, 25, 26, 27, 28, 29]
--- Round 4 ---
[Server] Aggregating by Dataset Name ...
[Server] Global Inference Model Acc (MNIST) (Round 4): 95.39% (Tested on 9095 samples)
[Server] Global Inference Model Acc (EMNIST) (Round 4): 72.73% (Tested on 105779 samples)
[Server] Global Inference Model Acc (CIFAR10) (Round 4): 43.32% (Tested on 9100 samples)
[Server] Global Inference Model Acc (Mix) (Round 4): 72.23% (Tested on 123974 samples)
Selected client ids: [0, 1, 2, 3, 4, 5, 6, 7, 8, 9, 10, 11, 12, 13, 14, 15, 16, 17, 18, 19, 20, 21, 22, 23, 24, 25, 26, 27, 28, 29]
--- Round 5 ---
[Server] Aggregating by Dataset Name ...
[Server] Global Inference Model Acc (MNIST) (Round 5): 96.64% (Tested on 9095 samples)
[Server] Global Inference Model Acc (EMNIST) (Round 5): 75.77% (Tested on 105779 samples)
[Server] Global Inference Model Acc (CIFAR10) (Round 5): 42.69% (Tested on 9100 samples)
[Server] Global Inference Model Acc (Mix) (Round 5): 74.88% (Tested on 123974 samples)
Selected client ids: [0, 1, 2, 3, 4, 5, 6, 7, 8, 9, 10, 11, 12, 13, 14, 15, 16, 17, 18, 19, 20, 21, 22, 23, 24, 25, 26, 27, 28, 29]
--- Round 6 ---
[Server] Aggregating by Dataset Name ...
[Server] Global Inference Model Acc (MNIST) (Round 6): 94.72% (Tested on 9095 samples)
[Server] Global Inference Model Acc (EMNIST) (Round 6): 68.04% (Tested on 105779 samples)
[Server] Global Inference Model Acc (CIFAR10) (Round 6): 45.41% (Tested on 9100 samples)
[Server] Global Inference Model Acc (Mix) (Round 6): 68.34% (Tested on 123974 samples)
Selected client ids: [0, 1, 2, 3, 4, 5, 6, 7, 8, 9, 10, 11, 12, 13, 14, 15, 16, 17, 18, 19, 20, 21, 22, 23, 24, 25, 26, 27, 28, 29]
--- Round 7 ---
[Server] Aggregating by Dataset Name ...
[Server] Global Inference Model Acc (MNIST) (Round 7): 96.73% (Tested on 9095 samples)
[Server] Global Inference Model Acc (EMNIST) (Round 7): 77.30% (Tested on 105779 samples)
[Server] Global Inference Model Acc (CIFAR10) (Round 7): 48.07% (Tested on 9100 samples)
[Server] Global Inference Model Acc (Mix) (Round 7): 76.58% (Tested on 123974 samples)
Selected client ids: [0, 1, 2, 3, 4, 5, 6, 7, 8, 9, 10, 11, 12, 13, 14, 15, 16, 17, 18, 19, 20, 21, 22, 23, 24, 25, 26, 27, 28, 29]
--- Round 8 ---
[Server] Aggregating by Dataset Name ...
[Server] Global Inference Model Acc (MNIST) (Round 8): 95.28% (Tested on 9095 samples)
[Server] Global Inference Model Acc (EMNIST) (Round 8): 71.22% (Tested on 105779 samples)
[Server] Global Inference Model Acc (CIFAR10) (Round 8): 51.75% (Tested on 9100 samples)
[Server] Global Inference Model Acc (Mix) (Round 8): 71.56% (Tested on 123974 samples)
Selected client ids: [0, 1, 2, 3, 4, 5, 6, 7, 8, 9, 10, 11, 12, 13, 14, 15, 16, 17, 18, 19, 20, 21, 22, 23, 24, 25, 26, 27, 28, 29]
--- Round 9 ---
[Server] Aggregating by Dataset Name ...
[Server] Global Inference Model Acc (MNIST) (Round 9): 96.99% (Tested on 9095 samples)
[Server] Global Inference Model Acc (EMNIST) (Round 9): 77.16% (Tested on 105779 samples)
[Server] Global Inference Model Acc (CIFAR10) (Round 9): 50.20% (Tested on 9100 samples)
[Server] Global Inference Model Acc (Mix) (Round 9): 76.63% (Tested on 123974 samples)
Selected client ids: [0, 1, 2, 3, 4, 5, 6, 7, 8, 9, 10, 11, 12, 13, 14, 15, 16, 17, 18, 19, 20, 21, 22, 23, 24, 25, 26, 27, 28, 29]
--- Round 10 ---
[Server] Aggregating by Dataset Name ...
[Server] Global Inference Model Acc (MNIST) (Round 10): 96.69% (Tested on 9095 samples)
[Server] Global Inference Model Acc (EMNIST) (Round 10): 73.98% (Tested on 105779 samples)
[Server] Global Inference Model Acc (CIFAR10) (Round 10): 54.71% (Tested on 9100 samples)
[Server] Global Inference Model Acc (Mix) (Round 10): 74.23% (Tested on 123974 samples)
Selected client ids: [0, 1, 2, 3, 4, 5, 6, 7, 8, 9, 10, 11, 12, 13, 14, 15, 16, 17, 18, 19, 20, 21, 22, 23, 24, 25, 26, 27, 28, 29]
--- Round 11 ---
[Server] Aggregating by Dataset Name ...
[Server] Global Inference Model Acc (MNIST) (Round 11): 96.02% (Tested on 9095 samples)
[Server] Global Inference Model Acc (EMNIST) (Round 11): 76.06% (Tested on 105779 samples)
[Server] Global Inference Model Acc (CIFAR10) (Round 11): 54.24% (Tested on 9100 samples)
[Server] Global Inference Model Acc (Mix) (Round 11): 75.93% (Tested on 123974 samples)
Selected client ids: [0, 1, 2, 3, 4, 5, 6, 7, 8, 9, 10, 11, 12, 13, 14, 15, 16, 17, 18, 19, 20, 21, 22, 23, 24, 25, 26, 27, 28, 29]
--- Round 12 ---
[Server] Aggregating by Dataset Name ...
[Server] Global Inference Model Acc (MNIST) (Round 12): 97.60% (Tested on 9095 samples)
[Server] Global Inference Model Acc (EMNIST) (Round 12): 76.28% (Tested on 105779 samples)
[Server] Global Inference Model Acc (CIFAR10) (Round 12): 56.22% (Tested on 9100 samples)
[Server] Global Inference Model Acc (Mix) (Round 12): 76.37% (Tested on 123974 samples)
Selected client ids: [0, 1, 2, 3, 4, 5, 6, 7, 8, 9, 10, 11, 12, 13, 14, 15, 16, 17, 18, 19, 20, 21, 22, 23, 24, 25, 26, 27, 28, 29]
--- Round 13 ---
[Server] Aggregating by Dataset Name ...
[Server] Global Inference Model Acc (MNIST) (Round 13): 95.92% (Tested on 9095 samples)
[Server] Global Inference Model Acc (EMNIST) (Round 13): 73.84% (Tested on 105779 samples)
[Server] Global Inference Model Acc (CIFAR10) (Round 13): 52.67% (Tested on 9100 samples)
[Server] Global Inference Model Acc (Mix) (Round 13): 73.91% (Tested on 123974 samples)
Selected client ids: [0, 1, 2, 3, 4, 5, 6, 7, 8, 9, 10, 11, 12, 13, 14, 15, 16, 17, 18, 19, 20, 21, 22, 23, 24, 25, 26, 27, 28, 29]
--- Round 14 ---
[Server] Aggregating by Dataset Name ...
[Server] Global Inference Model Acc (MNIST) (Round 14): 97.52% (Tested on 9095 samples)
[Server] Global Inference Model Acc (EMNIST) (Round 14): 75.38% (Tested on 105779 samples)
[Server] Global Inference Model Acc (CIFAR10) (Round 14): 58.09% (Tested on 9100 samples)
[Server] Global Inference Model Acc (Mix) (Round 14): 75.73% (Tested on 123974 samples)
Selected client ids: [0, 1, 2, 3, 4, 5, 6, 7, 8, 9, 10, 11, 12, 13, 14, 15, 16, 17, 18, 19, 20, 21, 22, 23, 24, 25, 26, 27, 28, 29]
--- Round 15 ---
[Server] Aggregating by Dataset Name ...
[Server] Global Inference Model Acc (MNIST) (Round 15): 96.77% (Tested on 9095 samples)
[Server] Global Inference Model Acc (EMNIST) (Round 15): 70.99% (Tested on 105779 samples)
[Server] Global Inference Model Acc (CIFAR10) (Round 15): 57.15% (Tested on 9100 samples)
[Server] Global Inference Model Acc (Mix) (Round 15): 71.86% (Tested on 123974 samples)
Selected client ids: [0, 1, 2, 3, 4, 5, 6, 7, 8, 9, 10, 11, 12, 13, 14, 15, 16, 17, 18, 19, 20, 21, 22, 23, 24, 25, 26, 27, 28, 29]
--- Round 16 ---
[Server] Aggregating by Dataset Name ...
[Server] Global Inference Model Acc (MNIST) (Round 16): 97.64% (Tested on 9095 samples)
[Server] Global Inference Model Acc (EMNIST) (Round 16): 74.72% (Tested on 105779 samples)
[Server] Global Inference Model Acc (CIFAR10) (Round 16): 58.65% (Tested on 9100 samples)
[Server] Global Inference Model Acc (Mix) (Round 16): 75.22% (Tested on 123974 samples)
Selected client ids: [0, 1, 2, 3, 4, 5, 6, 7, 8, 9, 10, 11, 12, 13, 14, 15, 16, 17, 18, 19, 20, 21, 22, 23, 24, 25, 26, 27, 28, 29]
--- Round 17 ---
[Server] Aggregating by Dataset Name ...
[Server] Global Inference Model Acc (MNIST) (Round 17): 95.89% (Tested on 9095 samples)
[Server] Global Inference Model Acc (EMNIST) (Round 17): 75.87% (Tested on 105779 samples)
[Server] Global Inference Model Acc (CIFAR10) (Round 17): 59.90% (Tested on 9100 samples)
[Server] Global Inference Model Acc (Mix) (Round 17): 76.17% (Tested on 123974 samples)
Selected client ids: [0, 1, 2, 3, 4, 5, 6, 7, 8, 9, 10, 11, 12, 13, 14, 15, 16, 17, 18, 19, 20, 21, 22, 23, 24, 25, 26, 27, 28, 29]
--- Round 18 ---
[Server] Aggregating by Dataset Name ...
[Server] Global Inference Model Acc (MNIST) (Round 18): 97.97% (Tested on 9095 samples)
[Server] Global Inference Model Acc (EMNIST) (Round 18): 77.09% (Tested on 105779 samples)
[Server] Global Inference Model Acc (CIFAR10) (Round 18): 57.71% (Tested on 9100 samples)
[Server] Global Inference Model Acc (Mix) (Round 18): 77.20% (Tested on 123974 samples)
Selected client ids: [0, 1, 2, 3, 4, 5, 6, 7, 8, 9, 10, 11, 12, 13, 14, 15, 16, 17, 18, 19, 20, 21, 22, 23, 24, 25, 26, 27, 28, 29]
--- Round 19 ---
[Server] Aggregating by Dataset Name ...
[Server] Global Inference Model Acc (MNIST) (Round 19): 97.84% (Tested on 9095 samples)
[Server] Global Inference Model Acc (EMNIST) (Round 19): 76.85% (Tested on 105779 samples)
[Server] Global Inference Model Acc (CIFAR10) (Round 19): 59.02% (Tested on 9100 samples)
[Server] Global Inference Model Acc (Mix) (Round 19): 77.09% (Tested on 123974 samples)
Selected client ids: [0, 1, 2, 3, 4, 5, 6, 7, 8, 9, 10, 11, 12, 13, 14, 15, 16, 17, 18, 19, 20, 21, 22, 23, 24, 25, 26, 27, 28, 29]
--- Round 20 ---
[Server] Aggregating by Dataset Name ...
[Server] Global Inference Model Acc (MNIST) (Round 20): 97.27% (Tested on 9095 samples)
[Server] Global Inference Model Acc (EMNIST) (Round 20): 75.28% (Tested on 105779 samples)
[Server] Global Inference Model Acc (CIFAR10) (Round 20): 58.86% (Tested on 9100 samples)
[Server] Global Inference Model Acc (Mix) (Round 20): 75.69% (Tested on 123974 samples)
Selected client ids: [0, 1, 2, 3, 4, 5, 6, 7, 8, 9, 10, 11, 12, 13, 14, 15, 16, 17, 18, 19, 20, 21, 22, 23, 24, 25, 26, 27, 28, 29]
--- Round 21 ---
[Server] Aggregating by Dataset Name ...
[Server] Global Inference Model Acc (MNIST) (Round 21): 97.63% (Tested on 9095 samples)
[Server] Global Inference Model Acc (EMNIST) (Round 21): 75.53% (Tested on 105779 samples)
[Server] Global Inference Model Acc (CIFAR10) (Round 21): 60.70% (Tested on 9100 samples)
[Server] Global Inference Model Acc (Mix) (Round 21): 76.06% (Tested on 123974 samples)
Selected client ids: [0, 1, 2, 3, 4, 5, 6, 7, 8, 9, 10, 11, 12, 13, 14, 15, 16, 17, 18, 19, 20, 21, 22, 23, 24, 25, 26, 27, 28, 29]
--- Round 22 ---
[Server] Aggregating by Dataset Name ...
[Server] Global Inference Model Acc (MNIST) (Round 22): 95.37% (Tested on 9095 samples)
[Server] Global Inference Model Acc (EMNIST) (Round 22): 72.69% (Tested on 105779 samples)
[Server] Global Inference Model Acc (CIFAR10) (Round 22): 58.67% (Tested on 9100 samples)
[Server] Global Inference Model Acc (Mix) (Round 22): 73.32% (Tested on 123974 samples)
Selected client ids: [0, 1, 2, 3, 4, 5, 6, 7, 8, 9, 10, 11, 12, 13, 14, 15, 16, 17, 18, 19, 20, 21, 22, 23, 24, 25, 26, 27, 28, 29]
--- Round 23 ---
[Server] Aggregating by Dataset Name ...
[Server] Global Inference Model Acc (MNIST) (Round 23): 97.91% (Tested on 9095 samples)
[Server] Global Inference Model Acc (EMNIST) (Round 23): 75.76% (Tested on 105779 samples)
[Server] Global Inference Model Acc (CIFAR10) (Round 23): 61.53% (Tested on 9100 samples)
[Server] Global Inference Model Acc (Mix) (Round 23): 76.34% (Tested on 123974 samples)
Selected client ids: [0, 1, 2, 3, 4, 5, 6, 7, 8, 9, 10, 11, 12, 13, 14, 15, 16, 17, 18, 19, 20, 21, 22, 23, 24, 25, 26, 27, 28, 29]
--- Round 24 ---
[Server] Aggregating by Dataset Name ...
[Server] Global Inference Model Acc (MNIST) (Round 24): 97.81% (Tested on 9095 samples)
[Server] Global Inference Model Acc (EMNIST) (Round 24): 77.52% (Tested on 105779 samples)
[Server] Global Inference Model Acc (CIFAR10) (Round 24): 61.60% (Tested on 9100 samples)
[Server] Global Inference Model Acc (Mix) (Round 24): 77.84% (Tested on 123974 samples)
Selected client ids: [0, 1, 2, 3, 4, 5, 6, 7, 8, 9, 10, 11, 12, 13, 14, 15, 16, 17, 18, 19, 20, 21, 22, 23, 24, 25, 26, 27, 28, 29]
--- Round 25 ---
[Server] Aggregating by Dataset Name ...
[Server] Global Inference Model Acc (MNIST) (Round 25): 97.77% (Tested on 9095 samples)
[Server] Global Inference Model Acc (EMNIST) (Round 25): 76.02% (Tested on 105779 samples)
[Server] Global Inference Model Acc (CIFAR10) (Round 25): 62.26% (Tested on 9100 samples)
[Server] Global Inference Model Acc (Mix) (Round 25): 76.61% (Tested on 123974 samples)
Selected client ids: [0, 1, 2, 3, 4, 5, 6, 7, 8, 9, 10, 11, 12, 13, 14, 15, 16, 17, 18, 19, 20, 21, 22, 23, 24, 25, 26, 27, 28, 29]
--- Round 26 ---
[Server] Aggregating by Dataset Name ...
[Server] Global Inference Model Acc (MNIST) (Round 26): 97.69% (Tested on 9095 samples)
[Server] Global Inference Model Acc (EMNIST) (Round 26): 75.64% (Tested on 105779 samples)
[Server] Global Inference Model Acc (CIFAR10) (Round 26): 62.43% (Tested on 9100 samples)
[Server] Global Inference Model Acc (Mix) (Round 26): 76.28% (Tested on 123974 samples)
Selected client ids: [0, 1, 2, 3, 4, 5, 6, 7, 8, 9, 10, 11, 12, 13, 14, 15, 16, 17, 18, 19, 20, 21, 22, 23, 24, 25, 26, 27, 28, 29]
--- Round 27 ---
[Server] Aggregating by Dataset Name ...
[Server] Global Inference Model Acc (MNIST) (Round 27): 98.05% (Tested on 9095 samples)
[Server] Global Inference Model Acc (EMNIST) (Round 27): 76.33% (Tested on 105779 samples)
[Server] Global Inference Model Acc (CIFAR10) (Round 27): 62.57% (Tested on 9100 samples)
[Server] Global Inference Model Acc (Mix) (Round 27): 76.91% (Tested on 123974 samples)
Selected client ids: [0, 1, 2, 3, 4, 5, 6, 7, 8, 9, 10, 11, 12, 13, 14, 15, 16, 17, 18, 19, 20, 21, 22, 23, 24, 25, 26, 27, 28, 29]
--- Round 28 ---
[Server] Aggregating by Dataset Name ...
[Server] Global Inference Model Acc (MNIST) (Round 28): 97.53% (Tested on 9095 samples)
[Server] Global Inference Model Acc (EMNIST) (Round 28): 77.00% (Tested on 105779 samples)
[Server] Global Inference Model Acc (CIFAR10) (Round 28): 62.82% (Tested on 9100 samples)
[Server] Global Inference Model Acc (Mix) (Round 28): 77.47% (Tested on 123974 samples)
Selected client ids: [0, 1, 2, 3, 4, 5, 6, 7, 8, 9, 10, 11, 12, 13, 14, 15, 16, 17, 18, 19, 20, 21, 22, 23, 24, 25, 26, 27, 28, 29]
--- Round 29 ---
[Server] Aggregating by Dataset Name ...
[Server] Global Inference Model Acc (MNIST) (Round 29): 97.23% (Tested on 9095 samples)
[Server] Global Inference Model Acc (EMNIST) (Round 29): 76.12% (Tested on 105779 samples)
[Server] Global Inference Model Acc (CIFAR10) (Round 29): 64.14% (Tested on 9100 samples)
[Server] Global Inference Model Acc (Mix) (Round 29): 76.79% (Tested on 123974 samples)
Selected client ids: [0, 1, 2, 3, 4, 5, 6, 7, 8, 9, 10, 11, 12, 13, 14, 15, 16, 17, 18, 19, 20, 21, 22, 23, 24, 25, 26, 27, 28, 29]
--- Round 30 ---
[Server] Aggregating by Dataset Name ...
[Server] Global Inference Model Acc (MNIST) (Round 30): 97.81% (Tested on 9095 samples)
[Server] Global Inference Model Acc (EMNIST) (Round 30): 77.93% (Tested on 105779 samples)
[Server] Global Inference Model Acc (CIFAR10) (Round 30): 63.70% (Tested on 9100 samples)
[Server] Global Inference Model Acc (Mix) (Round 30): 78.34% (Tested on 123974 samples)
Saving BaseFL Public Dataset Server Checkpoints ...
[Server] All clients saved in logs/2026-06-16_00-35-08/BaseFL_public/clients_last_round_checkpoints/
==============================    Finished. Total Time: 0:26:16    ==============================
