Time: 2026-04-18 22:08:41
Log Dir: /home/unshun/multi-FL/logs/2026-04-18_15-23-13/UDON/new_client_2026-04-18_22-08-41/our_finetune_global_single_dataset
================================================================================
============================== New Client: our_finetune_global ==============================
  Target Model: logs/2026-04-18_15-23-13/UDON/config_checkpoints.pth
  Dataset Mode: single
  Output Dir:   /home/unshun/multi-FL/logs/2026-04-18_15-23-13/UDON/new_client_2026-04-18_22-08-41/our_finetune_global_single_dataset
================================================================================
[Init] Server Global Model parameters from: logs/2026-04-18_15-23-13/UDON/server_global_model.pth

==================================================
Dataset: MNIST | Client ID: 10
==================================================

  [ResNet18] Training...
    Epoch 0 | Acc: 79.23%
    Epoch 1/30 | CE Loss: 0.1293 | Acc: 97.90%
    Epoch 2/30 | CE Loss: 0.0120 | Acc: 98.67%
    Epoch 3/30 | CE Loss: 0.0029 | Acc: 98.56%
    Epoch 4/30 | CE Loss: 0.0012 | Acc: 98.67%
    Epoch 5/30 | CE Loss: 0.0007 | Acc: 98.67%
    Epoch 6/30 | CE Loss: 0.0005 | Acc: 98.67%
    Epoch 7/30 | CE Loss: 0.0003 | Acc: 98.67%
    Epoch 8/30 | CE Loss: 0.0002 | Acc: 98.67%
    Epoch 9/30 | CE Loss: 0.0003 | Acc: 98.67%
    Epoch 10/30 | CE Loss: 0.0002 | Acc: 98.67%
    Epoch 11/30 | CE Loss: 0.0001 | Acc: 98.67%
    Epoch 12/30 | CE Loss: 0.0001 | Acc: 98.67%
    Epoch 13/30 | CE Loss: 0.0001 | Acc: 98.78%
    Epoch 14/30 | CE Loss: 0.0006 | Acc: 98.78%
    Epoch 15/30 | CE Loss: 0.0118 | Acc: 98.67%
    Epoch 16/30 | CE Loss: 0.0005 | Acc: 98.56%
    Epoch 17/30 | CE Loss: 0.0002 | Acc: 98.56%
    Epoch 18/30 | CE Loss: 0.0001 | Acc: 98.56%
    Epoch 19/30 | CE Loss: 0.0001 | Acc: 98.78%
    Epoch 20/30 | CE Loss: 0.0001 | Acc: 98.56%
    Epoch 21/30 | CE Loss: 0.0000 | Acc: 98.67%
    Epoch 22/30 | CE Loss: 0.0000 | Acc: 98.78%
    Epoch 23/30 | CE Loss: 0.0000 | Acc: 98.67%
    Epoch 24/30 | CE Loss: 0.0000 | Acc: 98.78%
    Epoch 25/30 | CE Loss: 0.0000 | Acc: 98.67%
    Epoch 26/30 | CE Loss: 0.0000 | Acc: 98.67%
    Epoch 27/30 | CE Loss: 0.0001 | Acc: 98.67%
    Epoch 28/30 | CE Loss: 0.0000 | Acc: 98.67%
    Epoch 29/30 | CE Loss: 0.0000 | Acc: 98.67%
    Epoch 30/30 | CE Loss: 0.0000 | Acc: 98.67%
Accuracy history saved to /home/unshun/multi-FL/logs/2026-04-18_15-23-13/UDON/new_client_2026-04-18_22-08-41/our_finetune_global_single_dataset/MNIST_newclient_history.csv

==================================================
Dataset: FashionMNIST | Client ID: 21
==================================================

  [ResNet18] Training...
    Epoch 0 | Acc: 63.00%
    Epoch 1/30 | CE Loss: 0.4257 | Acc: 87.67%
    Epoch 2/30 | CE Loss: 0.2454 | Acc: 87.78%
    Epoch 3/30 | CE Loss: 0.1731 | Acc: 88.44%
    Epoch 4/30 | CE Loss: 0.1150 | Acc: 88.33%
    Epoch 5/30 | CE Loss: 0.0650 | Acc: 88.56%
    Epoch 6/30 | CE Loss: 0.0423 | Acc: 88.11%
    Epoch 7/30 | CE Loss: 0.0197 | Acc: 88.67%
    Epoch 8/30 | CE Loss: 0.0100 | Acc: 88.78%
    Epoch 9/30 | CE Loss: 0.0155 | Acc: 88.00%
    Epoch 10/30 | CE Loss: 0.0042 | Acc: 88.78%
    Epoch 11/30 | CE Loss: 0.0022 | Acc: 89.22%
    Epoch 12/30 | CE Loss: 0.0014 | Acc: 89.11%
    Epoch 13/30 | CE Loss: 0.0010 | Acc: 89.11%
    Epoch 14/30 | CE Loss: 0.0008 | Acc: 88.89%
    Epoch 15/30 | CE Loss: 0.0006 | Acc: 89.00%
    Epoch 16/30 | CE Loss: 0.0005 | Acc: 89.33%
    Epoch 17/30 | CE Loss: 0.0004 | Acc: 88.78%
    Epoch 18/30 | CE Loss: 0.0003 | Acc: 89.00%
    Epoch 19/30 | CE Loss: 0.0003 | Acc: 89.00%
    Epoch 20/30 | CE Loss: 0.0003 | Acc: 89.22%
    Epoch 21/30 | CE Loss: 0.0002 | Acc: 88.89%
    Epoch 22/30 | CE Loss: 0.0002 | Acc: 89.44%
    Epoch 23/30 | CE Loss: 0.0002 | Acc: 89.00%
    Epoch 24/30 | CE Loss: 0.0002 | Acc: 89.44%
    Epoch 25/30 | CE Loss: 0.0002 | Acc: 89.11%
    Epoch 26/30 | CE Loss: 0.0018 | Acc: 88.78%
    Epoch 27/30 | CE Loss: 0.0906 | Acc: 88.00%
    Epoch 28/30 | CE Loss: 0.0344 | Acc: 89.33%
    Epoch 29/30 | CE Loss: 0.0075 | Acc: 88.67%
    Epoch 30/30 | CE Loss: 0.0025 | Acc: 88.56%
Accuracy history saved to /home/unshun/multi-FL/logs/2026-04-18_15-23-13/UDON/new_client_2026-04-18_22-08-41/our_finetune_global_single_dataset/FashionMNIST_newclient_history.csv

==================================================
Dataset: EMNIST | Client ID: 32
==================================================

  [ResNet18] Training...
    Epoch 0 | Acc: 80.87%
    Epoch 1/30 | CE Loss: 0.4246 | Acc: 86.01%
    Epoch 2/30 | CE Loss: 0.3382 | Acc: 86.20%
    Epoch 3/30 | CE Loss: 0.2911 | Acc: 85.99%
    Epoch 4/30 | CE Loss: 0.2539 | Acc: 85.95%
    Epoch 5/30 | CE Loss: 0.2183 | Acc: 85.70%
    Epoch 6/30 | CE Loss: 0.1804 | Acc: 85.30%
    Epoch 7/30 | CE Loss: 0.1426 | Acc: 84.61%
    Epoch 8/30 | CE Loss: 0.1088 | Acc: 84.16%
    Epoch 9/30 | CE Loss: 0.0777 | Acc: 83.99%
    Epoch 10/30 | CE Loss: 0.0579 | Acc: 84.47%
    Epoch 11/30 | CE Loss: 0.0405 | Acc: 84.17%
    Epoch 12/30 | CE Loss: 0.0328 | Acc: 84.10%
    Epoch 13/30 | CE Loss: 0.0283 | Acc: 84.67%
    Epoch 14/30 | CE Loss: 0.0205 | Acc: 84.22%
    Epoch 15/30 | CE Loss: 0.0198 | Acc: 83.90%
    Epoch 16/30 | CE Loss: 0.0184 | Acc: 83.74%
    Epoch 17/30 | CE Loss: 0.0163 | Acc: 83.83%
    Epoch 18/30 | CE Loss: 0.0152 | Acc: 84.04%
    Epoch 19/30 | CE Loss: 0.0151 | Acc: 83.96%
    Epoch 20/30 | CE Loss: 0.0136 | Acc: 84.46%
    Epoch 21/30 | CE Loss: 0.0153 | Acc: 84.07%
    Epoch 22/30 | CE Loss: 0.0139 | Acc: 83.31%
    Epoch 23/30 | CE Loss: 0.0123 | Acc: 84.10%
    Epoch 24/30 | CE Loss: 0.0101 | Acc: 83.66%
    Epoch 25/30 | CE Loss: 0.0143 | Acc: 83.64%
    Epoch 26/30 | CE Loss: 0.0143 | Acc: 83.82%
    Epoch 27/30 | CE Loss: 0.0099 | Acc: 83.79%
    Epoch 28/30 | CE Loss: 0.0108 | Acc: 83.66%
    Epoch 29/30 | CE Loss: 0.0100 | Acc: 83.85%
    Epoch 30/30 | CE Loss: 0.0145 | Acc: 83.91%
Accuracy history saved to /home/unshun/multi-FL/logs/2026-04-18_15-23-13/UDON/new_client_2026-04-18_22-08-41/our_finetune_global_single_dataset/EMNIST_newclient_history.csv

============================== Finished. Total Time: 0:14:57 ==============================
