Time: 2026-06-19 12:23:21
Log Dir: logs/2026-06-19_12-23-21/GeFL_DDPM_baseline_total_gan
================================================================================

==============================        Args        ==============================
  exp_timestamp: None
  exp_conf: ./configs/het-iid-exp.yaml
  device: cuda:1
  seed: 15698
  algorithm: GeFL_DDPM_baseline_total_gan
  num_new_clients: 1
  num_train_mnist: 10
  num_train_emnist: 10
  num_train_fashionmnist: 0
  num_train_cifar10: 10
  num_train_cifar100: 0
  num_train_usps: 0
  label_mapping: image-bi
================================================================================
==============================    Exp Configs     ==============================
exp_name: model-heterogeneity
heterogeneous: true
dirichlet_alpha: 100
global_rounds: 40
local_epochs: 1
local_loss_fn: CrossEntropyLoss
local_optim: Adam
local_lr: 0.001
batch_size: 64
sample_frac: 1.0
test_interval: 1
metric_type: accuracy
global_feature_dim: 256
optim: Adam
optim_lr: 0.001
global_gen_epochs: 10
gen_noise_dim: 128
gen_optim: Adam
gen_optim_lr: 0.001
global_feat_gen_epochs: 10
feat_gen_noise_dim: 128
feat_gen_optim: Adam
feat_gen_optim_lr: 0.001
feat_gen_div_beta: 1.0
public_data_ratio: 0.05
start_mapping_epoch: 20
gen_observer_weight: 0.0
index_matching: ddpm
aggregate_method: dataset_name
use_new_entropy_method: true
entropy_ratio: 0.7
cs_threshold: 0.9
global_model_epochs: 5
global_model_optim: Adam
global_model_optim_lr: 0.001
global_samples_per_class: 64

================================================================================

==================================================
Start 40 rounds training by GeFL_DDPM_baseline_total_gan
Selected client ids: [0, 1, 2, 3, 4, 5, 6, 7, 8, 9, 10, 11, 12, 13, 14, 15, 16, 17, 18, 19, 20, 21, 22, 23, 24, 25, 26, 27, 28, 29]
--- Round 1 ---
Client 0 (MNIST) | Target Loss: 0.9820 | G Loss: 2.3939 | D Loss: 0.3262
Client 1 (MNIST) | Target Loss: 1.4843 | G Loss: 2.8133 | D Loss: 0.2860
Client 2 (MNIST) | Target Loss: 0.8274 | G Loss: 2.9106 | D Loss: 0.2799
Client 3 (MNIST) | Target Loss: 0.4776 | G Loss: 2.8606 | D Loss: 0.2983
Client 4 (MNIST) | Target Loss: 1.6307 | G Loss: 2.7323 | D Loss: 0.3001
Client 5 (MNIST) | Target Loss: 1.7751 | G Loss: 2.7044 | D Loss: 0.3070
Client 6 (MNIST) | Target Loss: 1.2701 | G Loss: 2.4829 | D Loss: 0.3143
Client 7 (MNIST) | Target Loss: 1.3376 | G Loss: 2.4542 | D Loss: 0.3244
Client 8 (MNIST) | Target Loss: 1.7548 | G Loss: 2.5057 | D Loss: 0.3213
Client 9 (MNIST) | Target Loss: 1.7184 | G Loss: 2.6232 | D Loss: 0.3028
Client 11 (EMNIST) | Target Loss: 1.2249 | G Loss: 2.1093 | D Loss: 0.3110
Client 12 (EMNIST) | Target Loss: 1.3411 | G Loss: 2.1565 | D Loss: 0.3119
Client 13 (EMNIST) | Target Loss: 0.9339 | G Loss: 2.1010 | D Loss: 0.3135
Client 14 (EMNIST) | Target Loss: 0.7370 | G Loss: 2.1188 | D Loss: 0.3124
Client 15 (EMNIST) | Target Loss: 1.4854 | G Loss: 2.0804 | D Loss: 0.3201
Client 16 (EMNIST) | Target Loss: 2.0702 | G Loss: 2.0462 | D Loss: 0.3221
Client 17 (EMNIST) | Target Loss: 1.1893 | G Loss: 2.0663 | D Loss: 0.3221
Client 18 (EMNIST) | Target Loss: 1.3099 | G Loss: 2.0715 | D Loss: 0.3230
Client 19 (EMNIST) | Target Loss: 1.7236 | G Loss: 2.0248 | D Loss: 0.3324
Client 20 (EMNIST) | Target Loss: 1.6384 | G Loss: 2.1085 | D Loss: 0.3099
Client 22 (CIFAR10) | Target Loss: 2.0153 | G Loss: 2.4481 | D Loss: 0.3842
Client 23 (CIFAR10) | Target Loss: 1.9288 | G Loss: 2.4671 | D Loss: 0.3790
Client 24 (CIFAR10) | Target Loss: 1.8610 | G Loss: 2.4070 | D Loss: 0.3806
Client 25 (CIFAR10) | Target Loss: 1.9161 | G Loss: 2.8303 | D Loss: 0.3360
Client 26 (CIFAR10) | Target Loss: 2.1891 | G Loss: 2.6876 | D Loss: 0.3609
Client 27 (CIFAR10) | Target Loss: 1.9885 | G Loss: 2.7193 | D Loss: 0.3531
Client 28 (CIFAR10) | Target Loss: 2.1837 | G Loss: 2.6292 | D Loss: 0.3562
Client 29 (CIFAR10) | Target Loss: 2.1353 | G Loss: 2.6117 | D Loss: 0.3748
Client 30 (CIFAR10) | Target Loss: 2.2405 | G Loss: 3.3434 | D Loss: 0.2893
Client 31 (CIFAR10) | Target Loss: 2.1661 | G Loss: 2.3861 | D Loss: 0.3727
Selected client ids: [0, 1, 2, 3, 4, 5, 6, 7, 8, 9, 10, 11, 12, 13, 14, 15, 16, 17, 18, 19, 20, 21, 22, 23, 24, 25, 26, 27, 28, 29]
--- Round 2 ---
Client 0 (MNIST) | Target Loss: 0.4102 | G Loss: 2.1033 | D Loss: 0.4387
Client 1 (MNIST) | Target Loss: 0.4535 | G Loss: 2.2318 | D Loss: 0.4102
Client 2 (MNIST) | Target Loss: 0.1823 | G Loss: 2.1156 | D Loss: 0.4293
Client 3 (MNIST) | Target Loss: 0.1340 | G Loss: 2.1979 | D Loss: 0.4083
Client 4 (MNIST) | Target Loss: 0.6864 | G Loss: 1.9408 | D Loss: 0.4571
Client 5 (MNIST) | Target Loss: 1.2179 | G Loss: 2.1392 | D Loss: 0.4121
Client 6 (MNIST) | Target Loss: 0.3683 | G Loss: 2.1362 | D Loss: 0.4176
Client 7 (MNIST) | Target Loss: 0.3875 | G Loss: 2.0225 | D Loss: 0.4430
Client 8 (MNIST) | Target Loss: 1.0715 | G Loss: 2.0484 | D Loss: 0.4322
Client 9 (MNIST) | Target Loss: 0.7258 | G Loss: 2.0596 | D Loss: 0.4214
Client 11 (EMNIST) | Target Loss: 0.7457 | G Loss: 2.5156 | D Loss: 0.2830
Client 12 (EMNIST) | Target Loss: 0.6775 | G Loss: 2.4283 | D Loss: 0.3106
Client 13 (EMNIST) | Target Loss: 0.5062 | G Loss: 2.4760 | D Loss: 0.3022
Client 14 (EMNIST) | Target Loss: 0.4607 | G Loss: 2.3483 | D Loss: 0.3099
Client 15 (EMNIST) | Target Loss: 0.7535 | G Loss: 2.3552 | D Loss: 0.3098
Client 16 (EMNIST) | Target Loss: 1.2281 | G Loss: 2.5061 | D Loss: 0.2998
Client 17 (EMNIST) | Target Loss: 0.6016 | G Loss: 2.4312 | D Loss: 0.2954
Client 18 (EMNIST) | Target Loss: 0.4982 | G Loss: 2.2659 | D Loss: 0.3174
Client 19 (EMNIST) | Target Loss: 0.8275 | G Loss: 2.3730 | D Loss: 0.3045
Client 20 (EMNIST) | Target Loss: 0.8071 | G Loss: 2.5078 | D Loss: 0.2837
Client 22 (CIFAR10) | Target Loss: 1.7780 | G Loss: 2.8830 | D Loss: 0.3936
Client 23 (CIFAR10) | Target Loss: 1.6188 | G Loss: 3.0721 | D Loss: 0.3611
Client 24 (CIFAR10) | Target Loss: 1.5903 | G Loss: 2.8678 | D Loss: 0.3888
Client 25 (CIFAR10) | Target Loss: 1.6662 | G Loss: 3.0062 | D Loss: 0.3756
Client 26 (CIFAR10) | Target Loss: 1.9538 | G Loss: 3.0024 | D Loss: 0.3743
Client 27 (CIFAR10) | Target Loss: 1.7518 | G Loss: 3.1231 | D Loss: 0.3581
Client 28 (CIFAR10) | Target Loss: 1.9269 | G Loss: 2.8261 | D Loss: 0.4046
Client 29 (CIFAR10) | Target Loss: 1.8404 | G Loss: 2.9589 | D Loss: 0.3707
Client 30 (CIFAR10) | Target Loss: 2.1004 | G Loss: 3.0329 | D Loss: 0.3818
Client 31 (CIFAR10) | Target Loss: 1.9889 | G Loss: 2.9254 | D Loss: 0.3911
Selected client ids: [0, 1, 2, 3, 4, 5, 6, 7, 8, 9, 10, 11, 12, 13, 14, 15, 16, 17, 18, 19, 20, 21, 22, 23, 24, 25, 26, 27, 28, 29]
--- Round 3 ---
Client 0 (MNIST) | Target Loss: 0.3429 | G Loss: 1.4326 | D Loss: 0.5205
Client 1 (MNIST) | Target Loss: 0.2148 | G Loss: 1.4523 | D Loss: 0.5085
Client 2 (MNIST) | Target Loss: 0.1331 | G Loss: 1.4366 | D Loss: 0.5136
Client 3 (MNIST) | Target Loss: 0.1156 | G Loss: 1.4995 | D Loss: 0.5001
Client 4 (MNIST) | Target Loss: 0.4044 | G Loss: 1.4503 | D Loss: 0.5033
Client 5 (MNIST) | Target Loss: 0.9561 | G Loss: 1.4606 | D Loss: 0.5089
Client 6 (MNIST) | Target Loss: 0.2247 | G Loss: 1.4812 | D Loss: 0.5046
Client 7 (MNIST) | Target Loss: 0.1907 | G Loss: 1.4476 | D Loss: 0.5165
Client 8 (MNIST) | Target Loss: 1.1306 | G Loss: 1.4810 | D Loss: 0.5010
Client 9 (MNIST) | Target Loss: 0.5044 | G Loss: 1.4757 | D Loss: 0.5020
Client 11 (EMNIST) | Target Loss: 0.6440 | G Loss: 3.5360 | D Loss: 0.1948
Client 12 (EMNIST) | Target Loss: 0.5802 | G Loss: 3.3366 | D Loss: 0.2230
Client 13 (EMNIST) | Target Loss: 0.4460 | G Loss: 3.5108 | D Loss: 0.1993
Client 14 (EMNIST) | Target Loss: 0.4215 | G Loss: 3.2808 | D Loss: 0.2251
Client 15 (EMNIST) | Target Loss: 0.6355 | G Loss: 3.4422 | D Loss: 0.2094
Client 16 (EMNIST) | Target Loss: 0.9850 | G Loss: 3.5214 | D Loss: 0.1982
Client 17 (EMNIST) | Target Loss: 0.5184 | G Loss: 3.4421 | D Loss: 0.2123
Client 18 (EMNIST) | Target Loss: 0.4382 | G Loss: 3.4291 | D Loss: 0.2068
Client 19 (EMNIST) | Target Loss: 0.6771 | G Loss: 3.3561 | D Loss: 0.2117
Client 20 (EMNIST) | Target Loss: 0.6717 | G Loss: 3.2299 | D Loss: 0.2278
Client 22 (CIFAR10) | Target Loss: 1.6230 | G Loss: 2.8756 | D Loss: 0.4060
Client 23 (CIFAR10) | Target Loss: 1.4810 | G Loss: 2.9138 | D Loss: 0.3998
Client 24 (CIFAR10) | Target Loss: 1.4397 | G Loss: 2.8887 | D Loss: 0.4069
Client 25 (CIFAR10) | Target Loss: 1.5302 | G Loss: 2.9604 | D Loss: 0.3855
Client 26 (CIFAR10) | Target Loss: 1.8148 | G Loss: 2.8729 | D Loss: 0.3966
Client 27 (CIFAR10) | Target Loss: 1.6939 | G Loss: 2.8956 | D Loss: 0.4029
Client 28 (CIFAR10) | Target Loss: 1.7608 | G Loss: 2.9709 | D Loss: 0.3897
Client 29 (CIFAR10) | Target Loss: 1.6865 | G Loss: 2.8545 | D Loss: 0.4028
Client 30 (CIFAR10) | Target Loss: 1.9676 | G Loss: 2.9520 | D Loss: 0.3931
Client 31 (CIFAR10) | Target Loss: 1.9386 | G Loss: 2.8771 | D Loss: 0.4006
Selected client ids: [0, 1, 2, 3, 4, 5, 6, 7, 8, 9, 10, 11, 12, 13, 14, 15, 16, 17, 18, 19, 20, 21, 22, 23, 24, 25, 26, 27, 28, 29]
--- Round 4 ---
Client 0 (MNIST) | Target Loss: 0.2702 | G Loss: 1.4265 | D Loss: 0.5011
Client 1 (MNIST) | Target Loss: 0.1478 | G Loss: 1.4286 | D Loss: 0.5010
Client 2 (MNIST) | Target Loss: 0.0908 | G Loss: 1.4779 | D Loss: 0.4813
Client 3 (MNIST) | Target Loss: 0.1313 | G Loss: 1.4922 | D Loss: 0.4842
Client 4 (MNIST) | Target Loss: 0.2684 | G Loss: 1.4955 | D Loss: 0.4799
Client 5 (MNIST) | Target Loss: 0.7656 | G Loss: 1.4788 | D Loss: 0.4919
Client 6 (MNIST) | Target Loss: 0.1727 | G Loss: 1.4811 | D Loss: 0.4868
Client 7 (MNIST) | Target Loss: 0.1330 | G Loss: 1.4430 | D Loss: 0.4999
Client 8 (MNIST) | Target Loss: 0.9839 | G Loss: 1.4840 | D Loss: 0.4808
Client 9 (MNIST) | Target Loss: 0.3495 | G Loss: 1.4621 | D Loss: 0.4933
Client 11 (EMNIST) | Target Loss: 0.5872 | G Loss: 4.7755 | D Loss: 0.1113
Client 12 (EMNIST) | Target Loss: 0.5307 | G Loss: 4.5583 | D Loss: 0.1228
Client 13 (EMNIST) | Target Loss: 0.4176 | G Loss: 4.5476 | D Loss: 0.1285
Client 14 (EMNIST) | Target Loss: 0.3944 | G Loss: 4.5454 | D Loss: 0.1245
Client 15 (EMNIST) | Target Loss: 0.5854 | G Loss: 4.4933 | D Loss: 0.1248
Client 16 (EMNIST) | Target Loss: 0.8750 | G Loss: 4.6308 | D Loss: 0.1278
Client 17 (EMNIST) | Target Loss: 0.4747 | G Loss: 4.4543 | D Loss: 0.1364
Client 18 (EMNIST) | Target Loss: 0.4077 | G Loss: 4.5104 | D Loss: 0.1298
Client 19 (EMNIST) | Target Loss: 0.6053 | G Loss: 4.3434 | D Loss: 0.1459
Client 20 (EMNIST) | Target Loss: 0.6059 | G Loss: 4.2822 | D Loss: 0.1438
Client 22 (CIFAR10) | Target Loss: 1.4977 | G Loss: 2.8724 | D Loss: 0.3668
Client 23 (CIFAR10) | Target Loss: 1.3752 | G Loss: 2.8688 | D Loss: 0.3539
Client 24 (CIFAR10) | Target Loss: 1.3005 | G Loss: 2.8740 | D Loss: 0.3738
Client 25 (CIFAR10) | Target Loss: 1.4074 | G Loss: 2.8414 | D Loss: 0.3692
Client 26 (CIFAR10) | Target Loss: 1.6931 | G Loss: 2.9245 | D Loss: 0.3531
Client 27 (CIFAR10) | Target Loss: 1.6234 | G Loss: 2.9146 | D Loss: 0.3521
Client 28 (CIFAR10) | Target Loss: 1.6817 | G Loss: 2.9010 | D Loss: 0.3649
Client 29 (CIFAR10) | Target Loss: 1.5286 | G Loss: 2.9450 | D Loss: 0.3556
Client 30 (CIFAR10) | Target Loss: 1.8735 | G Loss: 2.9658 | D Loss: 0.3451
Client 31 (CIFAR10) | Target Loss: 1.8402 | G Loss: 2.8724 | D Loss: 0.3605
Selected client ids: [0, 1, 2, 3, 4, 5, 6, 7, 8, 9, 10, 11, 12, 13, 14, 15, 16, 17, 18, 19, 20, 21, 22, 23, 24, 25, 26, 27, 28, 29]
--- Round 5 ---
Client 0 (MNIST) | Target Loss: 0.2177 | G Loss: 1.5600 | D Loss: 0.4771
Client 1 (MNIST) | Target Loss: 0.1173 | G Loss: 1.5545 | D Loss: 0.4812
Client 2 (MNIST) | Target Loss: 0.0738 | G Loss: 1.5839 | D Loss: 0.4663
Client 3 (MNIST) | Target Loss: 0.0867 | G Loss: 1.5137 | D Loss: 0.4892
Client 4 (MNIST) | Target Loss: 0.2324 | G Loss: 1.5385 | D Loss: 0.4784
Client 5 (MNIST) | Target Loss: 0.6355 | G Loss: 1.4580 | D Loss: 0.5047
Client 6 (MNIST) | Target Loss: 0.1364 | G Loss: 1.5450 | D Loss: 0.4800
Client 7 (MNIST) | Target Loss: 0.0986 | G Loss: 1.5075 | D Loss: 0.4935
Client 8 (MNIST) | Target Loss: 0.8948 | G Loss: 1.5368 | D Loss: 0.4820
Client 9 (MNIST) | Target Loss: 0.3039 | G Loss: 1.5633 | D Loss: 0.4745
Client 11 (EMNIST) | Target Loss: 0.5500 | G Loss: 5.0771 | D Loss: 0.1012
Client 12 (EMNIST) | Target Loss: 0.5001 | G Loss: 4.9501 | D Loss: 0.1117
Client 13 (EMNIST) | Target Loss: 0.3948 | G Loss: 5.0995 | D Loss: 0.0996
Client 14 (EMNIST) | Target Loss: 0.3740 | G Loss: 4.8772 | D Loss: 0.1158
Client 15 (EMNIST) | Target Loss: 0.5503 | G Loss: 5.0617 | D Loss: 0.1114
Client 16 (EMNIST) | Target Loss: 0.8065 | G Loss: 4.9669 | D Loss: 0.1070
Client 17 (EMNIST) | Target Loss: 0.4488 | G Loss: 5.0479 | D Loss: 0.1245
Client 18 (EMNIST) | Target Loss: 0.3798 | G Loss: 5.3294 | D Loss: 0.0948
Client 19 (EMNIST) | Target Loss: 0.5702 | G Loss: 4.9183 | D Loss: 0.1130
Client 20 (EMNIST) | Target Loss: 0.5697 | G Loss: 4.9981 | D Loss: 0.1082
Client 22 (CIFAR10) | Target Loss: 1.3785 | G Loss: 2.6966 | D Loss: 0.4066
Client 23 (CIFAR10) | Target Loss: 1.3125 | G Loss: 2.6988 | D Loss: 0.3958
Client 24 (CIFAR10) | Target Loss: 1.2368 | G Loss: 2.6720 | D Loss: 0.3991
Client 25 (CIFAR10) | Target Loss: 1.3306 | G Loss: 2.6536 | D Loss: 0.4042
Client 26 (CIFAR10) | Target Loss: 1.6138 | G Loss: 2.6640 | D Loss: 0.3982
Client 27 (CIFAR10) | Target Loss: 1.5955 | G Loss: 2.5774 | D Loss: 0.4042
Client 28 (CIFAR10) | Target Loss: 1.6220 | G Loss: 2.6157 | D Loss: 0.4048
Client 29 (CIFAR10) | Target Loss: 1.4285 | G Loss: 2.6587 | D Loss: 0.4011
Client 30 (CIFAR10) | Target Loss: 1.7873 | G Loss: 2.5772 | D Loss: 0.4062
Client 31 (CIFAR10) | Target Loss: 1.8061 | G Loss: 2.7307 | D Loss: 0.4059
Selected client ids: [0, 1, 2, 3, 4, 5, 6, 7, 8, 9, 10, 11, 12, 13, 14, 15, 16, 17, 18, 19, 20, 21, 22, 23, 24, 25, 26, 27, 28, 29]
--- Round 6 ---
Client 0 (MNIST) | Target Loss: 0.1863 | G Loss: 1.9396 | D Loss: 0.4125
Client 1 (MNIST) | Target Loss: 0.0957 | G Loss: 1.9869 | D Loss: 0.4033
Client 2 (MNIST) | Target Loss: 0.0541 | G Loss: 1.9494 | D Loss: 0.3926
Client 3 (MNIST) | Target Loss: 0.0963 | G Loss: 1.9557 | D Loss: 0.4087
Client 4 (MNIST) | Target Loss: 0.1943 | G Loss: 1.9853 | D Loss: 0.3963
Client 5 (MNIST) | Target Loss: 0.5666 | G Loss: 1.9608 | D Loss: 0.3971
Client 6 (MNIST) | Target Loss: 0.1157 | G Loss: 1.9968 | D Loss: 0.3977
Client 7 (MNIST) | Target Loss: 0.0713 | G Loss: 1.9959 | D Loss: 0.3916
Client 8 (MNIST) | Target Loss: 0.7650 | G Loss: 1.7286 | D Loss: 0.4558
Client 9 (MNIST) | Target Loss: 0.2331 | G Loss: 1.9300 | D Loss: 0.4024
Client 11 (EMNIST) | Target Loss: 0.5201 | G Loss: 5.4952 | D Loss: 0.0837
Client 12 (EMNIST) | Target Loss: 0.4780 | G Loss: 5.3648 | D Loss: 0.0956
Client 13 (EMNIST) | Target Loss: 0.3788 | G Loss: 5.5245 | D Loss: 0.0804
Client 14 (EMNIST) | Target Loss: 0.3565 | G Loss: 5.2497 | D Loss: 0.0891
Client 15 (EMNIST) | Target Loss: 0.5280 | G Loss: 5.2634 | D Loss: 0.0867
Client 16 (EMNIST) | Target Loss: 0.7561 | G Loss: 5.0530 | D Loss: 0.1091
Client 17 (EMNIST) | Target Loss: 0.4282 | G Loss: 5.2205 | D Loss: 0.1094
Client 18 (EMNIST) | Target Loss: 0.3589 | G Loss: 5.4711 | D Loss: 0.0872
Client 19 (EMNIST) | Target Loss: 0.5358 | G Loss: 5.1723 | D Loss: 0.0902
Client 20 (EMNIST) | Target Loss: 0.5444 | G Loss: 5.2176 | D Loss: 0.1024
Client 22 (CIFAR10) | Target Loss: 1.2137 | G Loss: 2.2907 | D Loss: 0.4296
Client 23 (CIFAR10) | Target Loss: 1.2585 | G Loss: 2.3899 | D Loss: 0.4225
Client 24 (CIFAR10) | Target Loss: 1.1446 | G Loss: 2.3127 | D Loss: 0.4383
Client 25 (CIFAR10) | Target Loss: 1.2113 | G Loss: 2.3286 | D Loss: 0.4255
Client 26 (CIFAR10) | Target Loss: 1.5078 | G Loss: 2.2579 | D Loss: 0.4370
Client 27 (CIFAR10) | Target Loss: 1.5496 | G Loss: 2.2674 | D Loss: 0.4337
Client 28 (CIFAR10) | Target Loss: 1.5593 | G Loss: 2.2935 | D Loss: 0.4338
Client 29 (CIFAR10) | Target Loss: 1.3443 | G Loss: 2.3454 | D Loss: 0.4238
Client 30 (CIFAR10) | Target Loss: 1.7123 | G Loss: 2.2773 | D Loss: 0.4291
Client 31 (CIFAR10) | Target Loss: 1.7329 | G Loss: 2.3123 | D Loss: 0.4356
Selected client ids: [0, 1, 2, 3, 4, 5, 6, 7, 8, 9, 10, 11, 12, 13, 14, 15, 16, 17, 18, 19, 20, 21, 22, 23, 24, 25, 26, 27, 28, 29]
--- Round 7 ---
Client 0 (MNIST) | Target Loss: 0.1790 | G Loss: 2.5888 | D Loss: 0.2953
Client 1 (MNIST) | Target Loss: 0.0828 | G Loss: 2.4253 | D Loss: 0.3269
Client 2 (MNIST) | Target Loss: 0.0436 | G Loss: 2.5803 | D Loss: 0.2889
Client 3 (MNIST) | Target Loss: 0.1154 | G Loss: 2.4920 | D Loss: 0.2974
Client 4 (MNIST) | Target Loss: 0.1799 | G Loss: 2.5844 | D Loss: 0.2930
Client 5 (MNIST) | Target Loss: 0.5112 | G Loss: 2.4517 | D Loss: 0.3072
Client 6 (MNIST) | Target Loss: 0.0908 | G Loss: 2.5581 | D Loss: 0.3009
Client 7 (MNIST) | Target Loss: 0.0623 | G Loss: 2.5423 | D Loss: 0.3100
Client 8 (MNIST) | Target Loss: 0.7292 | G Loss: 2.4620 | D Loss: 0.3124
Client 9 (MNIST) | Target Loss: 0.1825 | G Loss: 2.4335 | D Loss: 0.3259
Client 11 (EMNIST) | Target Loss: 0.5007 | G Loss: 5.8791 | D Loss: 0.0727
Client 12 (EMNIST) | Target Loss: 0.4569 | G Loss: 6.0476 | D Loss: 0.0653
Client 13 (EMNIST) | Target Loss: 0.3619 | G Loss: 6.0334 | D Loss: 0.0606
Client 14 (EMNIST) | Target Loss: 0.3403 | G Loss: 6.0001 | D Loss: 0.0611
Client 15 (EMNIST) | Target Loss: 0.5058 | G Loss: 6.1977 | D Loss: 0.0509
Client 16 (EMNIST) | Target Loss: 0.7208 | G Loss: 5.6068 | D Loss: 0.0705
Client 17 (EMNIST) | Target Loss: 0.4107 | G Loss: 5.9284 | D Loss: 0.0590
Client 18 (EMNIST) | Target Loss: 0.3407 | G Loss: 5.8448 | D Loss: 0.0645
Client 19 (EMNIST) | Target Loss: 0.5148 | G Loss: 6.0933 | D Loss: 0.0519
Client 20 (EMNIST) | Target Loss: 0.5317 | G Loss: 6.1034 | D Loss: 0.0523
Client 22 (CIFAR10) | Target Loss: 1.1015 | G Loss: 2.1057 | D Loss: 0.4487
Client 23 (CIFAR10) | Target Loss: 1.2056 | G Loss: 2.1168 | D Loss: 0.4418
Client 24 (CIFAR10) | Target Loss: 1.0414 | G Loss: 2.1550 | D Loss: 0.4439
Client 25 (CIFAR10) | Target Loss: 1.1025 | G Loss: 2.1326 | D Loss: 0.4531
Client 26 (CIFAR10) | Target Loss: 1.4492 | G Loss: 2.1405 | D Loss: 0.4443
Client 27 (CIFAR10) | Target Loss: 1.5131 | G Loss: 2.0982 | D Loss: 0.4513
Client 28 (CIFAR10) | Target Loss: 1.5048 | G Loss: 2.1451 | D Loss: 0.4401
Client 29 (CIFAR10) | Target Loss: 1.2803 | G Loss: 2.1196 | D Loss: 0.4421
Client 30 (CIFAR10) | Target Loss: 1.6367 | G Loss: 2.1322 | D Loss: 0.4394
Client 31 (CIFAR10) | Target Loss: 1.7043 | G Loss: 2.1374 | D Loss: 0.4434
Selected client ids: [0, 1, 2, 3, 4, 5, 6, 7, 8, 9, 10, 11, 12, 13, 14, 15, 16, 17, 18, 19, 20, 21, 22, 23, 24, 25, 26, 27, 28, 29]
--- Round 8 ---
Client 0 (MNIST) | Target Loss: 0.1459 | G Loss: 2.6186 | D Loss: 0.3061
Client 1 (MNIST) | Target Loss: 0.0603 | G Loss: 2.9191 | D Loss: 0.2299
Client 2 (MNIST) | Target Loss: 0.0384 | G Loss: 2.8219 | D Loss: 0.2600
Client 3 (MNIST) | Target Loss: 0.0778 | G Loss: 2.8228 | D Loss: 0.2474
Client 4 (MNIST) | Target Loss: 0.1334 | G Loss: 2.6781 | D Loss: 0.2806
Client 5 (MNIST) | Target Loss: 0.4638 | G Loss: 2.8840 | D Loss: 0.2630
Client 6 (MNIST) | Target Loss: 0.0841 | G Loss: 2.5088 | D Loss: 0.3266
Client 7 (MNIST) | Target Loss: 0.0428 | G Loss: 2.9911 | D Loss: 0.2355
Client 8 (MNIST) | Target Loss: 0.6873 | G Loss: 2.5861 | D Loss: 0.3026
Client 9 (MNIST) | Target Loss: 0.1606 | G Loss: 2.9349 | D Loss: 0.2464
Client 11 (EMNIST) | Target Loss: 0.4809 | G Loss: 5.7676 | D Loss: 0.0650
Client 12 (EMNIST) | Target Loss: 0.4427 | G Loss: 5.7644 | D Loss: 0.0645
Client 13 (EMNIST) | Target Loss: 0.3479 | G Loss: 5.7383 | D Loss: 0.0744
Client 14 (EMNIST) | Target Loss: 0.3262 | G Loss: 5.5421 | D Loss: 0.0756
Client 15 (EMNIST) | Target Loss: 0.4852 | G Loss: 5.9044 | D Loss: 0.0697
Client 16 (EMNIST) | Target Loss: 0.6969 | G Loss: 5.3960 | D Loss: 0.0801
Client 17 (EMNIST) | Target Loss: 0.3989 | G Loss: 6.0752 | D Loss: 0.0521
Client 18 (EMNIST) | Target Loss: 0.3243 | G Loss: 5.9523 | D Loss: 0.0582
Client 19 (EMNIST) | Target Loss: 0.4911 | G Loss: 5.6414 | D Loss: 0.0688
Client 20 (EMNIST) | Target Loss: 0.5096 | G Loss: 6.3380 | D Loss: 0.0458
Client 22 (CIFAR10) | Target Loss: 0.9769 | G Loss: 2.1414 | D Loss: 0.4167
Client 23 (CIFAR10) | Target Loss: 1.1452 | G Loss: 2.1834 | D Loss: 0.4097
Client 24 (CIFAR10) | Target Loss: 0.9525 | G Loss: 2.1935 | D Loss: 0.4192
Client 25 (CIFAR10) | Target Loss: 1.0043 | G Loss: 2.1277 | D Loss: 0.4256
Client 26 (CIFAR10) | Target Loss: 1.4036 | G Loss: 2.2179 | D Loss: 0.4081
Client 27 (CIFAR10) | Target Loss: 1.4875 | G Loss: 2.1110 | D Loss: 0.4206
Client 28 (CIFAR10) | Target Loss: 1.4638 | G Loss: 2.1466 | D Loss: 0.4148
Client 29 (CIFAR10) | Target Loss: 1.1641 | G Loss: 2.2176 | D Loss: 0.4024
Client 30 (CIFAR10) | Target Loss: 1.5512 | G Loss: 2.1821 | D Loss: 0.4067
Client 31 (CIFAR10) | Target Loss: 1.6202 | G Loss: 2.1538 | D Loss: 0.4171
Selected client ids: [0, 1, 2, 3, 4, 5, 6, 7, 8, 9, 10, 11, 12, 13, 14, 15, 16, 17, 18, 19, 20, 21, 22, 23, 24, 25, 26, 27, 28, 29]
--- Round 9 ---
Client 0 (MNIST) | Target Loss: 0.1723 | G Loss: 3.7010 | D Loss: 0.1228
Client 1 (MNIST) | Target Loss: 0.0569 | G Loss: 3.0120 | D Loss: 0.2232
Client 2 (MNIST) | Target Loss: 0.0300 | G Loss: 3.2160 | D Loss: 0.1941
Client 3 (MNIST) | Target Loss: 0.0353 | G Loss: 3.3480 | D Loss: 0.2003
Client 4 (MNIST) | Target Loss: 0.1227 | G Loss: 3.8337 | D Loss: 0.1280
Client 5 (MNIST) | Target Loss: 0.4032 | G Loss: 2.9974 | D Loss: 0.2257
Client 6 (MNIST) | Target Loss: 0.0800 | G Loss: 3.2095 | D Loss: 0.2111
Client 7 (MNIST) | Target Loss: 0.0593 | G Loss: 3.1639 | D Loss: 0.2024
Client 8 (MNIST) | Target Loss: 1.6879 | G Loss: 3.7567 | D Loss: 0.1280
Client 9 (MNIST) | Target Loss: 0.2005 | G Loss: 3.3022 | D Loss: 0.1806
Client 11 (EMNIST) | Target Loss: 0.4611 | G Loss: 6.0310 | D Loss: 0.0583
Client 12 (EMNIST) | Target Loss: 0.4296 | G Loss: 6.5060 | D Loss: 0.0466
Client 13 (EMNIST) | Target Loss: 0.3343 | G Loss: 5.9054 | D Loss: 0.0653
Client 14 (EMNIST) | Target Loss: 0.3133 | G Loss: 6.6421 | D Loss: 0.0365
Client 15 (EMNIST) | Target Loss: 0.4750 | G Loss: 6.1277 | D Loss: 0.0544
Client 16 (EMNIST) | Target Loss: 0.6774 | G Loss: 5.7098 | D Loss: 0.0674
Client 17 (EMNIST) | Target Loss: 0.3857 | G Loss: 6.9779 | D Loss: 0.0305
Client 18 (EMNIST) | Target Loss: 0.3062 | G Loss: 6.1462 | D Loss: 0.0532
Client 19 (EMNIST) | Target Loss: 0.4763 | G Loss: 6.3909 | D Loss: 0.0514
Client 20 (EMNIST) | Target Loss: 0.4994 | G Loss: 6.5712 | D Loss: 0.0508
Client 22 (CIFAR10) | Target Loss: 0.8606 | G Loss: 2.2622 | D Loss: 0.3803
Client 23 (CIFAR10) | Target Loss: 1.1036 | G Loss: 2.2418 | D Loss: 0.4019
Client 24 (CIFAR10) | Target Loss: 0.8832 | G Loss: 2.3015 | D Loss: 0.3826
Client 25 (CIFAR10) | Target Loss: 0.8831 | G Loss: 2.2680 | D Loss: 0.3954
Client 26 (CIFAR10) | Target Loss: 1.3518 | G Loss: 2.2273 | D Loss: 0.3861
Client 27 (CIFAR10) | Target Loss: 1.4678 | G Loss: 2.2874 | D Loss: 0.3863
Client 28 (CIFAR10) | Target Loss: 1.4040 | G Loss: 2.2626 | D Loss: 0.3858
Client 29 (CIFAR10) | Target Loss: 1.0437 | G Loss: 2.2690 | D Loss: 0.3777
Client 30 (CIFAR10) | Target Loss: 1.5202 | G Loss: 2.2905 | D Loss: 0.3834
Client 31 (CIFAR10) | Target Loss: 1.5852 | G Loss: 2.2921 | D Loss: 0.3891
Selected client ids: [0, 1, 2, 3, 4, 5, 6, 7, 8, 9, 10, 11, 12, 13, 14, 15, 16, 17, 18, 19, 20, 21, 22, 23, 24, 25, 26, 27, 28, 29]
--- Round 10 ---
Client 0 (MNIST) | Target Loss: 0.1085 | G Loss: 2.7698 | D Loss: 0.2808
Client 1 (MNIST) | Target Loss: 0.0461 | G Loss: 3.2970 | D Loss: 0.2059
Client 2 (MNIST) | Target Loss: 0.0210 | G Loss: 3.4003 | D Loss: 0.1917
Client 3 (MNIST) | Target Loss: 0.0266 | G Loss: 3.1383 | D Loss: 0.2350
Client 4 (MNIST) | Target Loss: 0.1144 | G Loss: 3.1760 | D Loss: 0.2190
Client 5 (MNIST) | Target Loss: 0.3818 | G Loss: 3.7283 | D Loss: 0.1525
Client 6 (MNIST) | Target Loss: 0.0646 | G Loss: 3.3660 | D Loss: 0.1949
Client 7 (MNIST) | Target Loss: 0.0357 | G Loss: 3.1905 | D Loss: 0.2155
Client 8 (MNIST) | Target Loss: 1.3954 | G Loss: 2.1926 | D Loss: 0.3970
Client 9 (MNIST) | Target Loss: 0.1239 | G Loss: 3.0924 | D Loss: 0.2323
Client 11 (EMNIST) | Target Loss: 0.4444 | G Loss: 6.7794 | D Loss: 0.0345
Client 12 (EMNIST) | Target Loss: 0.4176 | G Loss: 6.3455 | D Loss: 0.0453
Client 13 (EMNIST) | Target Loss: 0.3215 | G Loss: 6.7175 | D Loss: 0.0329
Client 14 (EMNIST) | Target Loss: 0.3003 | G Loss: 5.9367 | D Loss: 0.0680
Client 15 (EMNIST) | Target Loss: 0.4573 | G Loss: 6.1529 | D Loss: 0.0485
Client 16 (EMNIST) | Target Loss: 0.6633 | G Loss: 5.9740 | D Loss: 0.0493
Client 17 (EMNIST) | Target Loss: 0.3753 | G Loss: 6.2585 | D Loss: 0.0604
Client 18 (EMNIST) | Target Loss: 0.2898 | G Loss: 6.4919 | D Loss: 0.0443
Client 19 (EMNIST) | Target Loss: 0.4615 | G Loss: 6.7337 | D Loss: 0.0373
Client 20 (EMNIST) | Target Loss: 0.4845 | G Loss: 6.2786 | D Loss: 0.0528
Client 22 (CIFAR10) | Target Loss: 0.7394 | G Loss: 2.3206 | D Loss: 0.3788
Client 23 (CIFAR10) | Target Loss: 1.0562 | G Loss: 2.2457 | D Loss: 0.3750
Client 24 (CIFAR10) | Target Loss: 0.7969 | G Loss: 2.2830 | D Loss: 0.3797
Client 25 (CIFAR10) | Target Loss: 0.7711 | G Loss: 2.2315 | D Loss: 0.3819
Client 26 (CIFAR10) | Target Loss: 1.2918 | G Loss: 2.2622 | D Loss: 0.3970
Client 27 (CIFAR10) | Target Loss: 1.4605 | G Loss: 2.2775 | D Loss: 0.3633
Client 28 (CIFAR10) | Target Loss: 1.3572 | G Loss: 2.3363 | D Loss: 0.3698
Client 29 (CIFAR10) | Target Loss: 0.9605 | G Loss: 2.2194 | D Loss: 0.3847
Client 30 (CIFAR10) | Target Loss: 1.4500 | G Loss: 2.2594 | D Loss: 0.3726
Client 31 (CIFAR10) | Target Loss: 1.5536 | G Loss: 2.2369 | D Loss: 0.3835
Selected client ids: [0, 1, 2, 3, 4, 5, 6, 7, 8, 9, 10, 11, 12, 13, 14, 15, 16, 17, 18, 19, 20, 21, 22, 23, 24, 25, 26, 27, 28, 29]
--- Round 11 ---
Client 0 (MNIST) | Target Loss: 0.0994 | G Loss: 2.8594 | D Loss: 0.2665
Client 1 (MNIST) | Target Loss: 0.0332 | G Loss: 3.1069 | D Loss: 0.2336
Client 2 (MNIST) | Target Loss: 0.0346 | G Loss: 2.6498 | D Loss: 0.2970
Client 3 (MNIST) | Target Loss: 0.0243 | G Loss: 3.2336 | D Loss: 0.2222
Client 4 (MNIST) | Target Loss: 0.1082 | G Loss: 3.2240 | D Loss: 0.2175
Client 5 (MNIST) | Target Loss: 0.3566 | G Loss: 2.6520 | D Loss: 0.2982
Client 6 (MNIST) | Target Loss: 0.0548 | G Loss: 2.8793 | D Loss: 0.2637
Client 7 (MNIST) | Target Loss: 0.0200 | G Loss: 2.8417 | D Loss: 0.2712
Client 8 (MNIST) | Target Loss: 1.2180 | G Loss: 3.7120 | D Loss: 0.1505
Client 9 (MNIST) | Target Loss: 0.1329 | G Loss: 3.1365 | D Loss: 0.2464
Client 11 (EMNIST) | Target Loss: 0.4390 | G Loss: 6.2796 | D Loss: 0.0494
Client 12 (EMNIST) | Target Loss: 0.4075 | G Loss: 6.3912 | D Loss: 0.0412
Client 13 (EMNIST) | Target Loss: 0.3077 | G Loss: 6.8761 | D Loss: 0.0420
Client 14 (EMNIST) | Target Loss: 0.2863 | G Loss: 6.1879 | D Loss: 0.0512
Client 15 (EMNIST) | Target Loss: 0.4482 | G Loss: 6.3389 | D Loss: 0.0504
Client 16 (EMNIST) | Target Loss: 0.6401 | G Loss: 6.1434 | D Loss: 0.0474
Client 17 (EMNIST) | Target Loss: 0.3665 | G Loss: 6.0124 | D Loss: 0.0562
Client 18 (EMNIST) | Target Loss: 0.2741 | G Loss: 5.9786 | D Loss: 0.0518
Client 19 (EMNIST) | Target Loss: 0.4527 | G Loss: 6.1742 | D Loss: 0.0473
Client 20 (EMNIST) | Target Loss: 0.4835 | G Loss: 6.6908 | D Loss: 0.0418
Client 22 (CIFAR10) | Target Loss: 0.6636 | G Loss: 2.2278 | D Loss: 0.3803
Client 23 (CIFAR10) | Target Loss: 1.0284 | G Loss: 2.1388 | D Loss: 0.3935
Client 24 (CIFAR10) | Target Loss: 0.7423 | G Loss: 2.1676 | D Loss: 0.3875
Client 25 (CIFAR10) | Target Loss: 0.6514 | G Loss: 2.1583 | D Loss: 0.3838
Client 26 (CIFAR10) | Target Loss: 1.2194 | G Loss: 2.2371 | D Loss: 0.3608
Client 27 (CIFAR10) | Target Loss: 1.4222 | G Loss: 2.2058 | D Loss: 0.3728
Client 28 (CIFAR10) | Target Loss: 1.3134 | G Loss: 2.2086 | D Loss: 0.3796
Client 29 (CIFAR10) | Target Loss: 0.8919 | G Loss: 2.1116 | D Loss: 0.3924
Client 30 (CIFAR10) | Target Loss: 1.3732 | G Loss: 2.2046 | D Loss: 0.3752
Client 31 (CIFAR10) | Target Loss: 1.5569 | G Loss: 2.1620 | D Loss: 0.3829
Selected client ids: [0, 1, 2, 3, 4, 5, 6, 7, 8, 9, 10, 11, 12, 13, 14, 15, 16, 17, 18, 19, 20, 21, 22, 23, 24, 25, 26, 27, 28, 29]
--- Round 12 ---
Client 0 (MNIST) | Target Loss: 0.1037 | G Loss: 3.1601 | D Loss: 0.2441
Client 1 (MNIST) | Target Loss: 0.0224 | G Loss: 3.3078 | D Loss: 0.2139
Client 2 (MNIST) | Target Loss: 0.0334 | G Loss: 3.5935 | D Loss: 0.1783
Client 3 (MNIST) | Target Loss: 0.0154 | G Loss: 3.1883 | D Loss: 0.2291
Client 4 (MNIST) | Target Loss: 0.0983 | G Loss: 3.0711 | D Loss: 0.2570
Client 5 (MNIST) | Target Loss: 0.3378 | G Loss: 3.4619 | D Loss: 0.1982
Client 6 (MNIST) | Target Loss: 0.0527 | G Loss: 3.2739 | D Loss: 0.2192
Client 7 (MNIST) | Target Loss: 0.0202 | G Loss: 3.4485 | D Loss: 0.2000
Client 8 (MNIST) | Target Loss: 1.1152 | G Loss: 2.9513 | D Loss: 0.2663
Client 9 (MNIST) | Target Loss: 0.1126 | G Loss: 3.5698 | D Loss: 0.1773
Client 11 (EMNIST) | Target Loss: 0.4291 | G Loss: 7.1117 | D Loss: 0.0310
Client 12 (EMNIST) | Target Loss: 0.3970 | G Loss: 6.9216 | D Loss: 0.0327
Client 13 (EMNIST) | Target Loss: 0.2943 | G Loss: 7.1260 | D Loss: 0.0306
Client 14 (EMNIST) | Target Loss: 0.2705 | G Loss: 7.2298 | D Loss: 0.0304
Client 15 (EMNIST) | Target Loss: 0.4343 | G Loss: 6.9476 | D Loss: 0.0236
Client 16 (EMNIST) | Target Loss: 0.6222 | G Loss: 6.2600 | D Loss: 0.0465
Client 17 (EMNIST) | Target Loss: 0.3563 | G Loss: 7.1606 | D Loss: 0.0304
Client 18 (EMNIST) | Target Loss: 0.2626 | G Loss: 6.8907 | D Loss: 0.0290
Client 19 (EMNIST) | Target Loss: 0.4409 | G Loss: 6.7075 | D Loss: 0.0345
Client 20 (EMNIST) | Target Loss: 0.4746 | G Loss: 7.2145 | D Loss: 0.0301
Client 22 (CIFAR10) | Target Loss: 0.6147 | G Loss: 2.1614 | D Loss: 0.3827
Client 23 (CIFAR10) | Target Loss: 0.9741 | G Loss: 2.1723 | D Loss: 0.3820
Client 24 (CIFAR10) | Target Loss: 0.6202 | G Loss: 2.1555 | D Loss: 0.3860
Client 25 (CIFAR10) | Target Loss: 0.4677 | G Loss: 2.0720 | D Loss: 0.3974
Client 26 (CIFAR10) | Target Loss: 1.1756 | G Loss: 2.0622 | D Loss: 0.3886
Client 27 (CIFAR10) | Target Loss: 1.3985 | G Loss: 2.1073 | D Loss: 0.3926
Client 28 (CIFAR10) | Target Loss: 1.2804 | G Loss: 2.1265 | D Loss: 0.3777
Client 29 (CIFAR10) | Target Loss: 0.7999 | G Loss: 2.1831 | D Loss: 0.3787
Client 30 (CIFAR10) | Target Loss: 1.3190 | G Loss: 2.0983 | D Loss: 0.3910
Client 31 (CIFAR10) | Target Loss: 1.5248 | G Loss: 2.1117 | D Loss: 0.3893
Selected client ids: [0, 1, 2, 3, 4, 5, 6, 7, 8, 9, 10, 11, 12, 13, 14, 15, 16, 17, 18, 19, 20, 21, 22, 23, 24, 25, 26, 27, 28, 29]
--- Round 13 ---
Client 0 (MNIST) | Target Loss: 0.1541 | G Loss: 3.1171 | D Loss: 0.2388
Client 1 (MNIST) | Target Loss: 0.0256 | G Loss: 2.4996 | D Loss: 0.3274
Client 2 (MNIST) | Target Loss: 0.0171 | G Loss: 2.5214 | D Loss: 0.3198
Client 3 (MNIST) | Target Loss: 0.0417 | G Loss: 2.6743 | D Loss: 0.2974
Client 4 (MNIST) | Target Loss: 0.0891 | G Loss: 3.8393 | D Loss: 0.1522
Client 5 (MNIST) | Target Loss: 0.3482 | G Loss: 2.3328 | D Loss: 0.3565
Client 6 (MNIST) | Target Loss: 0.0449 | G Loss: 2.3707 | D Loss: 0.3448
Client 7 (MNIST) | Target Loss: 0.0324 | G Loss: 2.8494 | D Loss: 0.2789
Client 8 (MNIST) | Target Loss: 1.0634 | G Loss: 3.1121 | D Loss: 0.2383
Client 9 (MNIST) | Target Loss: 0.0728 | G Loss: 3.1911 | D Loss: 0.2212
Client 11 (EMNIST) | Target Loss: 0.4174 | G Loss: 6.7388 | D Loss: 0.0357
Client 12 (EMNIST) | Target Loss: 0.3894 | G Loss: 6.6825 | D Loss: 0.0337
Client 13 (EMNIST) | Target Loss: 0.2826 | G Loss: 6.4070 | D Loss: 0.0387
Client 14 (EMNIST) | Target Loss: 0.2592 | G Loss: 6.3709 | D Loss: 0.0405
Client 15 (EMNIST) | Target Loss: 0.4244 | G Loss: 6.2821 | D Loss: 0.0436
Client 16 (EMNIST) | Target Loss: 0.6119 | G Loss: 5.9379 | D Loss: 0.0457
Client 17 (EMNIST) | Target Loss: 0.3525 | G Loss: 5.5539 | D Loss: 0.0792
Client 18 (EMNIST) | Target Loss: 0.2443 | G Loss: 6.8222 | D Loss: 0.0363
Client 19 (EMNIST) | Target Loss: 0.4287 | G Loss: 6.2565 | D Loss: 0.0514
Client 20 (EMNIST) | Target Loss: 0.4608 | G Loss: 7.3186 | D Loss: 0.0238
Client 22 (CIFAR10) | Target Loss: 0.5035 | G Loss: 2.0372 | D Loss: 0.3993
Client 23 (CIFAR10) | Target Loss: 0.9721 | G Loss: 2.0694 | D Loss: 0.4020
Client 24 (CIFAR10) | Target Loss: 0.5372 | G Loss: 2.0733 | D Loss: 0.4054
Client 25 (CIFAR10) | Target Loss: 0.3822 | G Loss: 2.0630 | D Loss: 0.3986
Client 26 (CIFAR10) | Target Loss: 1.1221 | G Loss: 2.0276 | D Loss: 0.3941
Client 27 (CIFAR10) | Target Loss: 1.3581 | G Loss: 2.0011 | D Loss: 0.3953
Client 28 (CIFAR10) | Target Loss: 1.2392 | G Loss: 2.0332 | D Loss: 0.3892
Client 29 (CIFAR10) | Target Loss: 0.7167 | G Loss: 2.0132 | D Loss: 0.4093
Client 30 (CIFAR10) | Target Loss: 1.3230 | G Loss: 2.0999 | D Loss: 0.3926
Client 31 (CIFAR10) | Target Loss: 1.4836 | G Loss: 2.0589 | D Loss: 0.4024
Selected client ids: [0, 1, 2, 3, 4, 5, 6, 7, 8, 9, 10, 11, 12, 13, 14, 15, 16, 17, 18, 19, 20, 21, 22, 23, 24, 25, 26, 27, 28, 29]
--- Round 14 ---
Client 0 (MNIST) | Target Loss: 0.0790 | G Loss: 4.0889 | D Loss: 0.1194
Client 1 (MNIST) | Target Loss: 0.0370 | G Loss: 3.7799 | D Loss: 0.1578
Client 2 (MNIST) | Target Loss: 0.0222 | G Loss: 3.9226 | D Loss: 0.1411
Client 3 (MNIST) | Target Loss: 0.0497 | G Loss: 3.3719 | D Loss: 0.2137
Client 4 (MNIST) | Target Loss: 0.0837 | G Loss: 3.4469 | D Loss: 0.1947
Client 5 (MNIST) | Target Loss: 0.3293 | G Loss: 3.6588 | D Loss: 0.1608
Client 6 (MNIST) | Target Loss: 0.0429 | G Loss: 4.1550 | D Loss: 0.1149
Client 7 (MNIST) | Target Loss: 0.0199 | G Loss: 3.7956 | D Loss: 0.1596
Client 8 (MNIST) | Target Loss: 0.9678 | G Loss: 3.3857 | D Loss: 0.2008
Client 9 (MNIST) | Target Loss: 0.0744 | G Loss: 3.6780 | D Loss: 0.1702
Client 11 (EMNIST) | Target Loss: 0.4162 | G Loss: 6.1526 | D Loss: 0.0434
Client 12 (EMNIST) | Target Loss: 0.3821 | G Loss: 6.8976 | D Loss: 0.0345
Client 13 (EMNIST) | Target Loss: 0.2680 | G Loss: 7.1246 | D Loss: 0.0266
Client 14 (EMNIST) | Target Loss: 0.2461 | G Loss: 6.3091 | D Loss: 0.0372
Client 15 (EMNIST) | Target Loss: 0.4114 | G Loss: 6.4736 | D Loss: 0.0368
Client 16 (EMNIST) | Target Loss: 0.6010 | G Loss: 6.3367 | D Loss: 0.0346
Client 17 (EMNIST) | Target Loss: 0.3414 | G Loss: 6.5578 | D Loss: 0.0368
Client 18 (EMNIST) | Target Loss: 0.2321 | G Loss: 7.2453 | D Loss: 0.0216
Client 19 (EMNIST) | Target Loss: 0.4213 | G Loss: 6.2242 | D Loss: 0.0440
Client 20 (EMNIST) | Target Loss: 0.4552 | G Loss: 7.2243 | D Loss: 0.0251
Client 22 (CIFAR10) | Target Loss: 0.4203 | G Loss: 2.0030 | D Loss: 0.3894
Client 23 (CIFAR10) | Target Loss: 0.9222 | G Loss: 2.0104 | D Loss: 0.3836
Client 24 (CIFAR10) | Target Loss: 0.4350 | G Loss: 2.0669 | D Loss: 0.3931
Client 25 (CIFAR10) | Target Loss: 0.2932 | G Loss: 1.9806 | D Loss: 0.3974
Client 26 (CIFAR10) | Target Loss: 1.0762 | G Loss: 2.0023 | D Loss: 0.3942
Client 27 (CIFAR10) | Target Loss: 1.3566 | G Loss: 1.9401 | D Loss: 0.4001
Client 28 (CIFAR10) | Target Loss: 1.1903 | G Loss: 2.0855 | D Loss: 0.3841
Client 29 (CIFAR10) | Target Loss: 0.6212 | G Loss: 1.9866 | D Loss: 0.3979
Client 30 (CIFAR10) | Target Loss: 1.2741 | G Loss: 2.0080 | D Loss: 0.3954
Client 31 (CIFAR10) | Target Loss: 1.4255 | G Loss: 1.9707 | D Loss: 0.4131
Selected client ids: [0, 1, 2, 3, 4, 5, 6, 7, 8, 9, 10, 11, 12, 13, 14, 15, 16, 17, 18, 19, 20, 21, 22, 23, 24, 25, 26, 27, 28, 29]
--- Round 15 ---
Client 0 (MNIST) | Target Loss: 0.1274 | G Loss: 3.2330 | D Loss: 0.2316
Client 1 (MNIST) | Target Loss: 0.0230 | G Loss: 3.0206 | D Loss: 0.2561
Client 2 (MNIST) | Target Loss: 0.0169 | G Loss: 2.9487 | D Loss: 0.2476
Client 3 (MNIST) | Target Loss: 0.0259 | G Loss: 4.2474 | D Loss: 0.1110
Client 4 (MNIST) | Target Loss: 0.0798 | G Loss: 3.1748 | D Loss: 0.2342
Client 5 (MNIST) | Target Loss: 0.2758 | G Loss: 3.1570 | D Loss: 0.2364
Client 6 (MNIST) | Target Loss: 0.0322 | G Loss: 2.7838 | D Loss: 0.2754
Client 7 (MNIST) | Target Loss: 0.0207 | G Loss: 3.6126 | D Loss: 0.1842
Client 8 (MNIST) | Target Loss: 0.9072 | G Loss: 3.0963 | D Loss: 0.2520
Client 9 (MNIST) | Target Loss: 0.0824 | G Loss: 3.6910 | D Loss: 0.1777
Client 11 (EMNIST) | Target Loss: 0.4053 | G Loss: 6.4153 | D Loss: 0.0437
Client 12 (EMNIST) | Target Loss: 0.3773 | G Loss: 6.9055 | D Loss: 0.0309
Client 13 (EMNIST) | Target Loss: 0.2526 | G Loss: 6.9788 | D Loss: 0.0274
Client 14 (EMNIST) | Target Loss: 0.2282 | G Loss: 7.2104 | D Loss: 0.0293
Client 15 (EMNIST) | Target Loss: 0.4071 | G Loss: 7.2773 | D Loss: 0.0275
Client 16 (EMNIST) | Target Loss: 0.5796 | G Loss: 6.5941 | D Loss: 0.0362
Client 17 (EMNIST) | Target Loss: 0.3325 | G Loss: 6.4222 | D Loss: 0.0402
Client 18 (EMNIST) | Target Loss: 0.2201 | G Loss: 6.7839 | D Loss: 0.0341
Client 19 (EMNIST) | Target Loss: 0.4147 | G Loss: 7.0198 | D Loss: 0.0283
Client 20 (EMNIST) | Target Loss: 0.4481 | G Loss: 6.4784 | D Loss: 0.0419
Client 22 (CIFAR10) | Target Loss: 0.4137 | G Loss: 1.9067 | D Loss: 0.3912
Client 23 (CIFAR10) | Target Loss: 0.8796 | G Loss: 2.0035 | D Loss: 0.3844
Client 24 (CIFAR10) | Target Loss: 0.3796 | G Loss: 1.9930 | D Loss: 0.4119
Client 25 (CIFAR10) | Target Loss: 0.2447 | G Loss: 1.9503 | D Loss: 0.3965
Client 26 (CIFAR10) | Target Loss: 1.0258 | G Loss: 1.9985 | D Loss: 0.3891
Client 27 (CIFAR10) | Target Loss: 1.3211 | G Loss: 2.0021 | D Loss: 0.3830
Client 28 (CIFAR10) | Target Loss: 1.1436 | G Loss: 2.0235 | D Loss: 0.3924
Client 29 (CIFAR10) | Target Loss: 0.5499 | G Loss: 1.9788 | D Loss: 0.3846
Client 30 (CIFAR10) | Target Loss: 1.2230 | G Loss: 1.9937 | D Loss: 0.3935
Client 31 (CIFAR10) | Target Loss: 1.3956 | G Loss: 1.9560 | D Loss: 0.3949
Selected client ids: [0, 1, 2, 3, 4, 5, 6, 7, 8, 9, 10, 11, 12, 13, 14, 15, 16, 17, 18, 19, 20, 21, 22, 23, 24, 25, 26, 27, 28, 29]
--- Round 16 ---
Client 0 (MNIST) | Target Loss: 0.0650 | G Loss: 4.5029 | D Loss: 0.0928
Client 1 (MNIST) | Target Loss: 0.0210 | G Loss: 4.3178 | D Loss: 0.1012
Client 2 (MNIST) | Target Loss: 0.0080 | G Loss: 4.5538 | D Loss: 0.0844
Client 3 (MNIST) | Target Loss: 0.0428 | G Loss: 4.1457 | D Loss: 0.1275
Client 4 (MNIST) | Target Loss: 0.0853 | G Loss: 4.3649 | D Loss: 0.1078
Client 5 (MNIST) | Target Loss: 0.3018 | G Loss: 4.5639 | D Loss: 0.0890
Client 6 (MNIST) | Target Loss: 0.0481 | G Loss: 4.4667 | D Loss: 0.0895
Client 7 (MNIST) | Target Loss: 0.0134 | G Loss: 4.2637 | D Loss: 0.1155
Client 8 (MNIST) | Target Loss: 1.4112 | G Loss: 4.1143 | D Loss: 0.1217
Client 9 (MNIST) | Target Loss: 0.0737 | G Loss: 4.2458 | D Loss: 0.1174
Client 11 (EMNIST) | Target Loss: 0.3962 | G Loss: 7.6015 | D Loss: 0.0211
Client 12 (EMNIST) | Target Loss: 0.3671 | G Loss: 6.6707 | D Loss: 0.0341
Client 13 (EMNIST) | Target Loss: 0.2389 | G Loss: 6.9565 | D Loss: 0.0327
Client 14 (EMNIST) | Target Loss: 0.2104 | G Loss: 7.4867 | D Loss: 0.0242
Client 15 (EMNIST) | Target Loss: 0.4023 | G Loss: 6.7677 | D Loss: 0.0302
Client 16 (EMNIST) | Target Loss: 0.5766 | G Loss: 6.8874 | D Loss: 0.0308
Client 17 (EMNIST) | Target Loss: 0.3272 | G Loss: 7.3309 | D Loss: 0.0243
Client 18 (EMNIST) | Target Loss: 0.2098 | G Loss: 7.5105 | D Loss: 0.0203
Client 19 (EMNIST) | Target Loss: 0.4090 | G Loss: 7.0090 | D Loss: 0.0241
Client 20 (EMNIST) | Target Loss: 0.4500 | G Loss: 7.6873 | D Loss: 0.0181
Client 22 (CIFAR10) | Target Loss: 0.2883 | G Loss: 1.9522 | D Loss: 0.3835
Client 23 (CIFAR10) | Target Loss: 0.8702 | G Loss: 1.9870 | D Loss: 0.3925
Client 24 (CIFAR10) | Target Loss: 0.2648 | G Loss: 1.9910 | D Loss: 0.3854
Client 25 (CIFAR10) | Target Loss: 0.1939 | G Loss: 2.0127 | D Loss: 0.3897
Client 26 (CIFAR10) | Target Loss: 0.9804 | G Loss: 1.9547 | D Loss: 0.3944
Client 27 (CIFAR10) | Target Loss: 1.2907 | G Loss: 1.9727 | D Loss: 0.3944
Client 28 (CIFAR10) | Target Loss: 1.1055 | G Loss: 1.9771 | D Loss: 0.3835
Client 29 (CIFAR10) | Target Loss: 0.4440 | G Loss: 1.9687 | D Loss: 0.3822
Client 30 (CIFAR10) | Target Loss: 1.1655 | G Loss: 2.0206 | D Loss: 0.3949
Client 31 (CIFAR10) | Target Loss: 1.3619 | G Loss: 1.9263 | D Loss: 0.4087
Selected client ids: [0, 1, 2, 3, 4, 5, 6, 7, 8, 9, 10, 11, 12, 13, 14, 15, 16, 17, 18, 19, 20, 21, 22, 23, 24, 25, 26, 27, 28, 29]
--- Round 17 ---
Client 0 (MNIST) | Target Loss: 0.0607 | G Loss: 2.8901 | D Loss: 0.2843
Client 1 (MNIST) | Target Loss: 0.0186 | G Loss: 3.5546 | D Loss: 0.2085
Client 2 (MNIST) | Target Loss: 0.0078 | G Loss: 3.0383 | D Loss: 0.2663
Client 3 (MNIST) | Target Loss: 0.0301 | G Loss: 3.5829 | D Loss: 0.2131
Client 4 (MNIST) | Target Loss: 0.0732 | G Loss: 3.7013 | D Loss: 0.1847
Client 5 (MNIST) | Target Loss: 0.2844 | G Loss: 2.8775 | D Loss: 0.2817
Client 6 (MNIST) | Target Loss: 0.0283 | G Loss: 3.6850 | D Loss: 0.1756
Client 7 (MNIST) | Target Loss: 0.0096 | G Loss: 3.1125 | D Loss: 0.2565
Client 8 (MNIST) | Target Loss: 1.2294 | G Loss: 3.5647 | D Loss: 0.2113
Client 9 (MNIST) | Target Loss: 0.0958 | G Loss: 3.1436 | D Loss: 0.2475
Client 11 (EMNIST) | Target Loss: 0.3913 | G Loss: 7.0571 | D Loss: 0.0290
Client 12 (EMNIST) | Target Loss: 0.3640 | G Loss: 6.8247 | D Loss: 0.0316
Client 13 (EMNIST) | Target Loss: 0.2229 | G Loss: 7.2815 | D Loss: 0.0307
Client 14 (EMNIST) | Target Loss: 0.1956 | G Loss: 7.4598 | D Loss: 0.0274
Client 15 (EMNIST) | Target Loss: 0.3949 | G Loss: 7.0343 | D Loss: 0.0295
Client 16 (EMNIST) | Target Loss: 0.5630 | G Loss: 6.5212 | D Loss: 0.0367
Client 17 (EMNIST) | Target Loss: 0.3190 | G Loss: 6.5299 | D Loss: 0.0427
Client 18 (EMNIST) | Target Loss: 0.1932 | G Loss: 6.9669 | D Loss: 0.0298
Client 19 (EMNIST) | Target Loss: 0.3976 | G Loss: 6.8804 | D Loss: 0.0346
Client 20 (EMNIST) | Target Loss: 0.4427 | G Loss: 7.2008 | D Loss: 0.0283
Client 22 (CIFAR10) | Target Loss: 0.2893 | G Loss: 1.9212 | D Loss: 0.3967
Client 23 (CIFAR10) | Target Loss: 0.8599 | G Loss: 1.9426 | D Loss: 0.3927
Client 24 (CIFAR10) | Target Loss: 0.2186 | G Loss: 1.9668 | D Loss: 0.3882
Client 25 (CIFAR10) | Target Loss: 0.1501 | G Loss: 1.9207 | D Loss: 0.4056
Client 26 (CIFAR10) | Target Loss: 0.9095 | G Loss: 1.9467 | D Loss: 0.4062
Client 27 (CIFAR10) | Target Loss: 1.2847 | G Loss: 1.9694 | D Loss: 0.3891
Client 28 (CIFAR10) | Target Loss: 1.0715 | G Loss: 1.9621 | D Loss: 0.3801
Client 29 (CIFAR10) | Target Loss: 0.3514 | G Loss: 1.9387 | D Loss: 0.3963
Client 30 (CIFAR10) | Target Loss: 1.1437 | G Loss: 1.9276 | D Loss: 0.4100
Client 31 (CIFAR10) | Target Loss: 1.3485 | G Loss: 1.9349 | D Loss: 0.3959
Selected client ids: [0, 1, 2, 3, 4, 5, 6, 7, 8, 9, 10, 11, 12, 13, 14, 15, 16, 17, 18, 19, 20, 21, 22, 23, 24, 25, 26, 27, 28, 29]
--- Round 18 ---
Client 0 (MNIST) | Target Loss: 0.0711 | G Loss: 3.1015 | D Loss: 0.2397
Client 1 (MNIST) | Target Loss: 0.0141 | G Loss: 4.5648 | D Loss: 0.1031
Client 2 (MNIST) | Target Loss: 0.0077 | G Loss: 3.2530 | D Loss: 0.2265
Client 3 (MNIST) | Target Loss: 0.0285 | G Loss: 3.8085 | D Loss: 0.1789
Client 4 (MNIST) | Target Loss: 0.0647 | G Loss: 3.4765 | D Loss: 0.2109
Client 5 (MNIST) | Target Loss: 0.2553 | G Loss: 3.7214 | D Loss: 0.1832
Client 6 (MNIST) | Target Loss: 0.0263 | G Loss: 3.1271 | D Loss: 0.2483
Client 7 (MNIST) | Target Loss: 0.0114 | G Loss: 3.6745 | D Loss: 0.1881
Client 8 (MNIST) | Target Loss: 1.1076 | G Loss: 4.0363 | D Loss: 0.1497
Client 9 (MNIST) | Target Loss: 0.0698 | G Loss: 3.8340 | D Loss: 0.1576
Client 11 (EMNIST) | Target Loss: 0.3889 | G Loss: 6.7759 | D Loss: 0.0333
Client 12 (EMNIST) | Target Loss: 0.3570 | G Loss: 7.1441 | D Loss: 0.0275
Client 13 (EMNIST) | Target Loss: 0.2079 | G Loss: 7.9792 | D Loss: 0.0183
Client 14 (EMNIST) | Target Loss: 0.1766 | G Loss: 7.8115 | D Loss: 0.0199
Client 15 (EMNIST) | Target Loss: 0.3863 | G Loss: 8.7595 | D Loss: 0.0088
Client 16 (EMNIST) | Target Loss: 0.5551 | G Loss: 6.9313 | D Loss: 0.0287
Client 17 (EMNIST) | Target Loss: 0.3147 | G Loss: 7.1534 | D Loss: 0.0255
Client 18 (EMNIST) | Target Loss: 0.1914 | G Loss: 7.1531 | D Loss: 0.0252
Client 19 (EMNIST) | Target Loss: 0.3928 | G Loss: 7.4886 | D Loss: 0.0196
Client 20 (EMNIST) | Target Loss: 0.4352 | G Loss: 7.3819 | D Loss: 0.0219
Client 22 (CIFAR10) | Target Loss: 0.2409 | G Loss: 1.9188 | D Loss: 0.3955
Client 23 (CIFAR10) | Target Loss: 0.8005 | G Loss: 1.9403 | D Loss: 0.3795
Client 24 (CIFAR10) | Target Loss: 0.1558 | G Loss: 1.9123 | D Loss: 0.3870
Client 25 (CIFAR10) | Target Loss: 0.1131 | G Loss: 1.9120 | D Loss: 0.3951
Client 26 (CIFAR10) | Target Loss: 0.8561 | G Loss: 1.9399 | D Loss: 0.3831
Client 27 (CIFAR10) | Target Loss: 1.2697 | G Loss: 1.9287 | D Loss: 0.3896
Client 28 (CIFAR10) | Target Loss: 1.0385 | G Loss: 1.9289 | D Loss: 0.3773
Client 29 (CIFAR10) | Target Loss: 0.2765 | G Loss: 1.9215 | D Loss: 0.3954
Client 30 (CIFAR10) | Target Loss: 1.1674 | G Loss: 1.8931 | D Loss: 0.3868
Client 31 (CIFAR10) | Target Loss: 1.2972 | G Loss: 1.8854 | D Loss: 0.4080
Selected client ids: [0, 1, 2, 3, 4, 5, 6, 7, 8, 9, 10, 11, 12, 13, 14, 15, 16, 17, 18, 19, 20, 21, 22, 23, 24, 25, 26, 27, 28, 29]
--- Round 19 ---
Client 0 (MNIST) | Target Loss: 0.0551 | G Loss: 4.7668 | D Loss: 0.0943
Client 1 (MNIST) | Target Loss: 0.0145 | G Loss: 4.5457 | D Loss: 0.1089
Client 2 (MNIST) | Target Loss: 0.0195 | G Loss: 4.6622 | D Loss: 0.1034
Client 3 (MNIST) | Target Loss: 0.0171 | G Loss: 4.9454 | D Loss: 0.0788
Client 4 (MNIST) | Target Loss: 0.0688 | G Loss: 4.9134 | D Loss: 0.0886
Client 5 (MNIST) | Target Loss: 0.2697 | G Loss: 4.2959 | D Loss: 0.1292
Client 6 (MNIST) | Target Loss: 0.0169 | G Loss: 4.0159 | D Loss: 0.1691
Client 7 (MNIST) | Target Loss: 0.0149 | G Loss: 4.4971 | D Loss: 0.1178
Client 8 (MNIST) | Target Loss: 1.0286 | G Loss: 2.9967 | D Loss: 0.2805
Client 9 (MNIST) | Target Loss: 0.0681 | G Loss: 4.6662 | D Loss: 0.1054
Client 11 (EMNIST) | Target Loss: 0.3736 | G Loss: 8.5722 | D Loss: 0.0089
Client 12 (EMNIST) | Target Loss: 0.3516 | G Loss: 6.9477 | D Loss: 0.0331
Client 13 (EMNIST) | Target Loss: 0.1927 | G Loss: 6.9841 | D Loss: 0.0318
Client 14 (EMNIST) | Target Loss: 0.1584 | G Loss: 8.1003 | D Loss: 0.0139
Client 15 (EMNIST) | Target Loss: 0.3802 | G Loss: 7.2475 | D Loss: 0.0259
Client 16 (EMNIST) | Target Loss: 0.5452 | G Loss: 7.0014 | D Loss: 0.0301
Client 17 (EMNIST) | Target Loss: 0.3085 | G Loss: 7.3950 | D Loss: 0.0268
Client 18 (EMNIST) | Target Loss: 0.1725 | G Loss: 7.2631 | D Loss: 0.0233
Client 19 (EMNIST) | Target Loss: 0.3855 | G Loss: 6.9077 | D Loss: 0.0346
Client 20 (EMNIST) | Target Loss: 0.4340 | G Loss: 7.0724 | D Loss: 0.0252
Client 22 (CIFAR10) | Target Loss: 0.3259 | G Loss: 1.8901 | D Loss: 0.3795
Client 23 (CIFAR10) | Target Loss: 0.7574 | G Loss: 1.9198 | D Loss: 0.3826
Client 24 (CIFAR10) | Target Loss: 0.1166 | G Loss: 1.9329 | D Loss: 0.3807
Client 25 (CIFAR10) | Target Loss: 0.1013 | G Loss: 1.9020 | D Loss: 0.3952
Client 26 (CIFAR10) | Target Loss: 0.8359 | G Loss: 1.9215 | D Loss: 0.3878
Client 27 (CIFAR10) | Target Loss: 1.2393 | G Loss: 1.9448 | D Loss: 0.3856
Client 28 (CIFAR10) | Target Loss: 1.0000 | G Loss: 1.9405 | D Loss: 0.3620
Client 29 (CIFAR10) | Target Loss: 0.2436 | G Loss: 1.9481 | D Loss: 0.3763
Client 30 (CIFAR10) | Target Loss: 1.0349 | G Loss: 1.9289 | D Loss: 0.3884
Client 31 (CIFAR10) | Target Loss: 1.2326 | G Loss: 1.9230 | D Loss: 0.3944
Selected client ids: [0, 1, 2, 3, 4, 5, 6, 7, 8, 9, 10, 11, 12, 13, 14, 15, 16, 17, 18, 19, 20, 21, 22, 23, 24, 25, 26, 27, 28, 29]
--- Round 20 ---
Client 0 (MNIST) | Target Loss: 0.0285 | G Loss: 5.8580 | D Loss: 0.0062
Client 1 (MNIST) | Target Loss: 0.0097 | G Loss: 5.8036 | D Loss: 0.0061
Client 2 (MNIST) | Target Loss: 0.0289 | G Loss: 5.8110 | D Loss: 0.0060
Client 3 (MNIST) | Target Loss: 0.0359 | G Loss: 5.2362 | D Loss: 0.0621
Client 4 (MNIST) | Target Loss: 0.0465 | G Loss: 5.8760 | D Loss: 0.0057
Client 5 (MNIST) | Target Loss: 0.2366 | G Loss: 5.8916 | D Loss: 0.0064
Client 6 (MNIST) | Target Loss: 0.0204 | G Loss: 5.0111 | D Loss: 0.0592
Client 7 (MNIST) | Target Loss: 0.0160 | G Loss: 5.3624 | D Loss: 0.0937
Client 8 (MNIST) | Target Loss: 0.9681 | G Loss: 5.0596 | D Loss: 0.0600
Client 9 (MNIST) | Target Loss: 0.0409 | G Loss: 5.1133 | D Loss: 0.1044
Client 11 (EMNIST) | Target Loss: 0.3737 | G Loss: 7.0970 | D Loss: 0.0338
Client 12 (EMNIST) | Target Loss: 0.3447 | G Loss: 7.1831 | D Loss: 0.0320
Client 13 (EMNIST) | Target Loss: 0.1787 | G Loss: 7.3531 | D Loss: 0.0222
Client 14 (EMNIST) | Target Loss: 0.1360 | G Loss: 7.1155 | D Loss: 0.0294
Client 15 (EMNIST) | Target Loss: 0.3701 | G Loss: 7.3689 | D Loss: 0.0249
Client 16 (EMNIST) | Target Loss: 0.5287 | G Loss: 7.7865 | D Loss: 0.0150
Client 17 (EMNIST) | Target Loss: 0.3028 | G Loss: 6.9820 | D Loss: 0.0323
Client 18 (EMNIST) | Target Loss: 0.1676 | G Loss: 7.4118 | D Loss: 0.0197
Client 19 (EMNIST) | Target Loss: 0.3815 | G Loss: 7.6346 | D Loss: 0.0200
Client 20 (EMNIST) | Target Loss: 0.4365 | G Loss: 7.1885 | D Loss: 0.0268
Client 22 (CIFAR10) | Target Loss: 0.2998 | G Loss: 1.9189 | D Loss: 0.3835
Client 23 (CIFAR10) | Target Loss: 0.7508 | G Loss: 1.9322 | D Loss: 0.3790
Client 24 (CIFAR10) | Target Loss: 0.1122 | G Loss: 1.9504 | D Loss: 0.3654
Client 25 (CIFAR10) | Target Loss: 0.1189 | G Loss: 1.8964 | D Loss: 0.4008
Client 26 (CIFAR10) | Target Loss: 0.7861 | G Loss: 1.9045 | D Loss: 0.3890
Client 27 (CIFAR10) | Target Loss: 1.2234 | G Loss: 1.9039 | D Loss: 0.3832
Client 28 (CIFAR10) | Target Loss: 0.9537 | G Loss: 1.8987 | D Loss: 0.3932
Client 29 (CIFAR10) | Target Loss: 0.1581 | G Loss: 1.8897 | D Loss: 0.4020
Client 30 (CIFAR10) | Target Loss: 0.9885 | G Loss: 1.9167 | D Loss: 0.3989
Client 31 (CIFAR10) | Target Loss: 1.1865 | G Loss: 1.9148 | D Loss: 0.3880
dynamic_entropy_ratio: 0.7

==================================================
Label Mapping Summary:
Global ID = 0  | from: EMNIST: 'O', MNIST: '0'
Global ID = 1  | from: EMNIST: '1', MNIST: '1'
Global ID = 2  | from: EMNIST: '2', MNIST: '2'
Global ID = 3  | from: EMNIST: '3', MNIST: '3'
Global ID = 4  | from: EMNIST: '4', MNIST: '4'
Global ID = 5  | from: EMNIST: '5', MNIST: '5'
Global ID = 6  | from: EMNIST: '6', MNIST: '6'
Global ID = 7  | from: EMNIST: '7', MNIST: '7'
Global ID = 8  | from: CIFAR10: 'dog', EMNIST: '8', MNIST: '8'
Global ID = 9  | from: EMNIST: '9', MNIST: '9'
Global ID = 10 | from: EMNIST: '0'
Global ID = 11 | from: EMNIST: 'A'
Global ID = 12 | from: EMNIST: 'B'
Global ID = 13 | from: EMNIST: 'C'
Global ID = 14 | from: EMNIST: 'D'
Global ID = 15 | from: EMNIST: 'E'
Global ID = 16 | from: EMNIST: 'F'
Global ID = 17 | from: EMNIST: 'G'
Global ID = 18 | from: EMNIST: 'H'
Global ID = 19 | from: EMNIST: 'I'
Global ID = 20 | from: EMNIST: 'J'
Global ID = 21 | from: EMNIST: 'K'
Global ID = 22 | from: EMNIST: 'L'
Global ID = 23 | from: EMNIST: 'M'
Global ID = 24 | from: EMNIST: 'N'
Global ID = 25 | from: EMNIST: 'P'
Global ID = 26 | from: EMNIST: 'Q'
Global ID = 27 | from: EMNIST: 'R'
Global ID = 28 | from: EMNIST: 'S'
Global ID = 29 | from: EMNIST: 'T'
Global ID = 30 | from: EMNIST: 'U'
Global ID = 31 | from: EMNIST: 'V'
Global ID = 32 | from: EMNIST: 'W'
Global ID = 33 | from: EMNIST: 'X'
Global ID = 34 | from: EMNIST: 'Y'
Global ID = 35 | from: EMNIST: 'Z'
Global ID = 36 | from: EMNIST: 'a'
Global ID = 37 | from: EMNIST: 'b'
Global ID = 38 | from: EMNIST: 'c'
Global ID = 39 | from: EMNIST: 'd'
Global ID = 40 | from: EMNIST: 'e'
Global ID = 41 | from: EMNIST: 'f'
Global ID = 42 | from: EMNIST: 'g'
Global ID = 43 | from: EMNIST: 'h'
Global ID = 44 | from: EMNIST: 'i'
Global ID = 45 | from: EMNIST: 'j'
Global ID = 46 | from: EMNIST: 'k'
Global ID = 47 | from: EMNIST: 'l'
Global ID = 48 | from: EMNIST: 'm'
Global ID = 49 | from: EMNIST: 'n'
Global ID = 50 | from: EMNIST: 'o'
Global ID = 51 | from: EMNIST: 'p'
Global ID = 52 | from: EMNIST: 'q'
Global ID = 53 | from: EMNIST: 'r'
Global ID = 54 | from: EMNIST: 's'
Global ID = 55 | from: EMNIST: 't'
Global ID = 56 | from: EMNIST: 'u'
Global ID = 57 | from: EMNIST: 'v'
Global ID = 58 | from: EMNIST: 'w'
Global ID = 59 | from: EMNIST: 'x'
Global ID = 60 | from: EMNIST: 'y'
Global ID = 61 | from: EMNIST: 'z'
Global ID = 62 | from: CIFAR10: 'airplane'
Global ID = 63 | from: CIFAR10: 'automobile'
Global ID = 64 | from: CIFAR10: 'bird'
Global ID = 65 | from: CIFAR10: 'cat'
Global ID = 66 | from: CIFAR10: 'deer'
Global ID = 67 | from: CIFAR10: 'frog'
Global ID = 68 | from: CIFAR10: 'horse'
Global ID = 69 | from: CIFAR10: 'ship'
Global ID = 70 | from: CIFAR10: 'truck'
==================================================

Initializing Global Inference Model with 71 classes...
Epoch 0 Loss: 2.4385
Epoch 1 Loss: 1.0066
Epoch 2 Loss: 0.7551
Epoch 3 Loss: 0.6064
Epoch 4 Loss: 0.5260
[Server] Global Inference Model Acc (MNIST) (Round 20): 76.20% (Tested on 9095 samples)
[Server] Global Inference Model Acc (EMNIST) (Round 20): 45.15% (Tested on 105779 samples)
[Server] Global Inference Model Acc (CIFAR10) (Round 20): 26.65% (Tested on 9100 samples)
[Server] Global Inference Model Acc (Mix) (Round 20): 46.07% (Tested on 123974 samples)
Selected client ids: [0, 1, 2, 3, 4, 5, 6, 7, 8, 9, 10, 11, 12, 13, 14, 15, 16, 17, 18, 19, 20, 21, 22, 23, 24, 25, 26, 27, 28, 29]
--- Round 21 ---
Client 0 (MNIST) | Target Loss: 0.0000 | G Loss: 3.7327 | D Loss: 0.1840
Client 1 (MNIST) | Target Loss: 0.0000 | G Loss: 3.0475 | D Loss: 0.2705
Client 2 (MNIST) | Target Loss: 0.0000 | G Loss: 3.2900 | D Loss: 0.2351
Client 3 (MNIST) | Target Loss: 0.0000 | G Loss: 2.8958 | D Loss: 0.2878
Client 4 (MNIST) | Target Loss: 0.0000 | G Loss: 3.1368 | D Loss: 0.2653
Client 5 (MNIST) | Target Loss: 0.0000 | G Loss: 3.5165 | D Loss: 0.2157
Client 6 (MNIST) | Target Loss: 0.0000 | G Loss: 4.4378 | D Loss: 0.1229
Client 7 (MNIST) | Target Loss: 0.0000 | G Loss: 4.0301 | D Loss: 0.1374
Client 8 (MNIST) | Target Loss: 0.0000 | G Loss: 4.1608 | D Loss: 0.1245
Client 9 (MNIST) | Target Loss: 0.0000 | G Loss: 3.3910 | D Loss: 0.2235
Client 11 (EMNIST) | Target Loss: 0.0000 | G Loss: 7.0452 | D Loss: 0.0358
Client 12 (EMNIST) | Target Loss: 0.0000 | G Loss: 7.4627 | D Loss: 0.0246
Client 13 (EMNIST) | Target Loss: 0.0000 | G Loss: 7.4986 | D Loss: 0.0226
Client 14 (EMNIST) | Target Loss: 0.0000 | G Loss: 7.7140 | D Loss: 0.0229
Client 15 (EMNIST) | Target Loss: 0.0000 | G Loss: 7.9400 | D Loss: 0.0214
Client 16 (EMNIST) | Target Loss: 0.0000 | G Loss: 7.0542 | D Loss: 0.0308
Client 17 (EMNIST) | Target Loss: 0.0000 | G Loss: 7.4299 | D Loss: 0.0244
Client 18 (EMNIST) | Target Loss: 0.0000 | G Loss: 7.3259 | D Loss: 0.0279
Client 19 (EMNIST) | Target Loss: 0.0000 | G Loss: 7.5847 | D Loss: 0.0219
Client 20 (EMNIST) | Target Loss: 0.0000 | G Loss: 7.4504 | D Loss: 0.0246
Client 22 (CIFAR10) | Target Loss: 0.0000 | G Loss: 1.8964 | D Loss: 0.4011
Client 23 (CIFAR10) | Target Loss: 0.0000 | G Loss: 1.9147 | D Loss: 0.3762
Client 24 (CIFAR10) | Target Loss: 0.0000 | G Loss: 1.9264 | D Loss: 0.3809
Client 25 (CIFAR10) | Target Loss: 0.0000 | G Loss: 1.8765 | D Loss: 0.3884
Client 26 (CIFAR10) | Target Loss: 0.0000 | G Loss: 1.9347 | D Loss: 0.3799
Client 27 (CIFAR10) | Target Loss: 0.0000 | G Loss: 1.9175 | D Loss: 0.3853
Client 28 (CIFAR10) | Target Loss: 0.0000 | G Loss: 1.9229 | D Loss: 0.3726
Client 29 (CIFAR10) | Target Loss: 0.0000 | G Loss: 1.9308 | D Loss: 0.3856
Client 30 (CIFAR10) | Target Loss: 0.0000 | G Loss: 1.9194 | D Loss: 0.4013
Client 31 (CIFAR10) | Target Loss: 0.0000 | G Loss: 1.9112 | D Loss: 0.3974
Epoch 0 Loss: 0.7407
Epoch 1 Loss: 0.5341
Epoch 2 Loss: 0.4983
Epoch 3 Loss: 0.4049
Epoch 4 Loss: 0.3706
[Server] Global Inference Model Acc (MNIST) (Round 21): 92.70% (Tested on 9095 samples)
[Server] Global Inference Model Acc (EMNIST) (Round 21): 63.90% (Tested on 105779 samples)
[Server] Global Inference Model Acc (CIFAR10) (Round 21): 32.59% (Tested on 9100 samples)
[Server] Global Inference Model Acc (Mix) (Round 21): 63.71% (Tested on 123974 samples)
Selected client ids: [0, 1, 2, 3, 4, 5, 6, 7, 8, 9, 10, 11, 12, 13, 14, 15, 16, 17, 18, 19, 20, 21, 22, 23, 24, 25, 26, 27, 28, 29]
--- Round 22 ---
Client 0 (MNIST) | Target Loss: 0.0000 | G Loss: 4.0767 | D Loss: 0.1624
Client 1 (MNIST) | Target Loss: 0.0000 | G Loss: 3.8904 | D Loss: 0.1766
Client 2 (MNIST) | Target Loss: 0.0000 | G Loss: 3.9703 | D Loss: 0.1719
Client 3 (MNIST) | Target Loss: 0.0000 | G Loss: 4.6543 | D Loss: 0.1031
Client 4 (MNIST) | Target Loss: 0.0000 | G Loss: 4.2755 | D Loss: 0.1441
Client 5 (MNIST) | Target Loss: 0.0000 | G Loss: 4.1819 | D Loss: 0.1318
Client 6 (MNIST) | Target Loss: 0.0000 | G Loss: 4.2177 | D Loss: 0.1485
Client 7 (MNIST) | Target Loss: 0.0000 | G Loss: 4.0755 | D Loss: 0.1594
Client 8 (MNIST) | Target Loss: 0.0000 | G Loss: 4.0848 | D Loss: 0.1465
Client 9 (MNIST) | Target Loss: 0.0000 | G Loss: 3.9931 | D Loss: 0.1653
Client 11 (EMNIST) | Target Loss: 0.0000 | G Loss: 7.4169 | D Loss: 0.0193
Client 12 (EMNIST) | Target Loss: 0.0000 | G Loss: 7.2248 | D Loss: 0.0267
Client 13 (EMNIST) | Target Loss: 0.0000 | G Loss: 7.3763 | D Loss: 0.0209
Client 14 (EMNIST) | Target Loss: 0.0000 | G Loss: 7.6142 | D Loss: 0.0192
Client 15 (EMNIST) | Target Loss: 0.0000 | G Loss: 7.7836 | D Loss: 0.0155
Client 16 (EMNIST) | Target Loss: 0.0000 | G Loss: 7.2832 | D Loss: 0.0237
Client 17 (EMNIST) | Target Loss: 0.0000 | G Loss: 7.5414 | D Loss: 0.0222
Client 18 (EMNIST) | Target Loss: 0.0000 | G Loss: 7.3910 | D Loss: 0.0244
Client 19 (EMNIST) | Target Loss: 0.0000 | G Loss: 7.2979 | D Loss: 0.0281
Client 20 (EMNIST) | Target Loss: 0.0000 | G Loss: 7.1582 | D Loss: 0.0280
Client 22 (CIFAR10) | Target Loss: 0.0000 | G Loss: 1.8877 | D Loss: 0.3785
Client 23 (CIFAR10) | Target Loss: 0.0000 | G Loss: 1.9428 | D Loss: 0.3774
Client 24 (CIFAR10) | Target Loss: 0.0000 | G Loss: 1.9406 | D Loss: 0.3776
Client 25 (CIFAR10) | Target Loss: 0.0000 | G Loss: 1.9141 | D Loss: 0.3826
Client 26 (CIFAR10) | Target Loss: 0.0000 | G Loss: 1.9299 | D Loss: 0.3747
Client 27 (CIFAR10) | Target Loss: 0.0000 | G Loss: 1.9504 | D Loss: 0.3673
Client 28 (CIFAR10) | Target Loss: 0.0000 | G Loss: 1.9836 | D Loss: 0.3570
Client 29 (CIFAR10) | Target Loss: 0.0000 | G Loss: 1.8978 | D Loss: 0.3778
Client 30 (CIFAR10) | Target Loss: 0.0000 | G Loss: 1.9219 | D Loss: 0.3830
Client 31 (CIFAR10) | Target Loss: 0.0000 | G Loss: 1.9163 | D Loss: 0.3874
Epoch 0 Loss: 0.5455
Epoch 1 Loss: 0.3759
Epoch 2 Loss: 0.3137
Epoch 3 Loss: 0.2587
Epoch 4 Loss: 0.2308
[Server] Global Inference Model Acc (MNIST) (Round 22): 89.71% (Tested on 9095 samples)
[Server] Global Inference Model Acc (EMNIST) (Round 22): 58.73% (Tested on 105779 samples)
[Server] Global Inference Model Acc (CIFAR10) (Round 22): 34.81% (Tested on 9100 samples)
[Server] Global Inference Model Acc (Mix) (Round 22): 59.24% (Tested on 123974 samples)
Selected client ids: [0, 1, 2, 3, 4, 5, 6, 7, 8, 9, 10, 11, 12, 13, 14, 15, 16, 17, 18, 19, 20, 21, 22, 23, 24, 25, 26, 27, 28, 29]
--- Round 23 ---
Client 0 (MNIST) | Target Loss: 0.0000 | G Loss: 3.8378 | D Loss: 0.1785
Client 1 (MNIST) | Target Loss: 0.0000 | G Loss: 4.0951 | D Loss: 0.1471
Client 2 (MNIST) | Target Loss: 0.0000 | G Loss: 4.4410 | D Loss: 0.1111
Client 3 (MNIST) | Target Loss: 0.0000 | G Loss: 3.5119 | D Loss: 0.2026
Client 4 (MNIST) | Target Loss: 0.0000 | G Loss: 4.3299 | D Loss: 0.1288
Client 5 (MNIST) | Target Loss: 0.0000 | G Loss: 3.8695 | D Loss: 0.1689
Client 6 (MNIST) | Target Loss: 0.0000 | G Loss: 4.0323 | D Loss: 0.1596
Client 7 (MNIST) | Target Loss: 0.0000 | G Loss: 4.2103 | D Loss: 0.1410
Client 8 (MNIST) | Target Loss: 0.0000 | G Loss: 5.3453 | D Loss: 0.0408
Client 9 (MNIST) | Target Loss: 0.0000 | G Loss: 4.0175 | D Loss: 0.1519
Client 11 (EMNIST) | Target Loss: 0.0000 | G Loss: 7.3979 | D Loss: 0.0268
Client 12 (EMNIST) | Target Loss: 0.0000 | G Loss: 7.7983 | D Loss: 0.0170
Client 13 (EMNIST) | Target Loss: 0.0000 | G Loss: 7.3116 | D Loss: 0.0315
Client 14 (EMNIST) | Target Loss: 0.0000 | G Loss: 7.7172 | D Loss: 0.0231
Client 15 (EMNIST) | Target Loss: 0.0000 | G Loss: 7.5662 | D Loss: 0.0184
Client 16 (EMNIST) | Target Loss: 0.0000 | G Loss: 7.3809 | D Loss: 0.0271
Client 17 (EMNIST) | Target Loss: 0.0000 | G Loss: 7.2443 | D Loss: 0.0266
Client 18 (EMNIST) | Target Loss: 0.0000 | G Loss: 8.4394 | D Loss: 0.0150
Client 19 (EMNIST) | Target Loss: 0.0000 | G Loss: 7.3510 | D Loss: 0.0244
Client 20 (EMNIST) | Target Loss: 0.0000 | G Loss: 8.0441 | D Loss: 0.0187
Client 22 (CIFAR10) | Target Loss: 0.0000 | G Loss: 1.9573 | D Loss: 0.3500
Client 23 (CIFAR10) | Target Loss: 0.0000 | G Loss: 1.9478 | D Loss: 0.3692
Client 24 (CIFAR10) | Target Loss: 0.0000 | G Loss: 1.9642 | D Loss: 0.3546
Client 25 (CIFAR10) | Target Loss: 0.0000 | G Loss: 1.9259 | D Loss: 0.3865
Client 26 (CIFAR10) | Target Loss: 0.0000 | G Loss: 1.9175 | D Loss: 0.3869
Client 27 (CIFAR10) | Target Loss: 0.0000 | G Loss: 1.9284 | D Loss: 0.3676
Client 28 (CIFAR10) | Target Loss: 0.0000 | G Loss: 1.9399 | D Loss: 0.3634
Client 29 (CIFAR10) | Target Loss: 0.0000 | G Loss: 1.9709 | D Loss: 0.3728
Client 30 (CIFAR10) | Target Loss: 0.0000 | G Loss: 1.9475 | D Loss: 0.3689
Client 31 (CIFAR10) | Target Loss: 0.0000 | G Loss: 1.9554 | D Loss: 0.3724
Epoch 0 Loss: 0.5078
Epoch 1 Loss: 0.3090
Epoch 2 Loss: 0.2636
Epoch 3 Loss: 0.2519
Epoch 4 Loss: 0.2016
[Server] Global Inference Model Acc (MNIST) (Round 23): 95.38% (Tested on 9095 samples)
[Server] Global Inference Model Acc (EMNIST) (Round 23): 60.97% (Tested on 105779 samples)
[Server] Global Inference Model Acc (CIFAR10) (Round 23): 37.99% (Tested on 9100 samples)
[Server] Global Inference Model Acc (Mix) (Round 23): 61.81% (Tested on 123974 samples)
Selected client ids: [0, 1, 2, 3, 4, 5, 6, 7, 8, 9, 10, 11, 12, 13, 14, 15, 16, 17, 18, 19, 20, 21, 22, 23, 24, 25, 26, 27, 28, 29]
--- Round 24 ---
Client 0 (MNIST) | Target Loss: 0.0000 | G Loss: 5.1541 | D Loss: 0.0596
Client 1 (MNIST) | Target Loss: 0.0000 | G Loss: 4.8542 | D Loss: 0.0945
Client 2 (MNIST) | Target Loss: 0.0000 | G Loss: 4.5207 | D Loss: 0.1190
Client 3 (MNIST) | Target Loss: 0.0000 | G Loss: 4.8911 | D Loss: 0.0908
Client 4 (MNIST) | Target Loss: 0.0000 | G Loss: 5.2202 | D Loss: 0.0699
Client 5 (MNIST) | Target Loss: 0.0000 | G Loss: 4.7553 | D Loss: 0.1019
Client 6 (MNIST) | Target Loss: 0.0000 | G Loss: 4.7288 | D Loss: 0.1069
Client 7 (MNIST) | Target Loss: 0.0000 | G Loss: 4.4869 | D Loss: 0.1262
Client 8 (MNIST) | Target Loss: 0.0000 | G Loss: 3.2468 | D Loss: 0.2615
Client 9 (MNIST) | Target Loss: 0.0000 | G Loss: 5.1149 | D Loss: 0.0721
Client 11 (EMNIST) | Target Loss: 0.0000 | G Loss: 7.5933 | D Loss: 0.0226
Client 12 (EMNIST) | Target Loss: 0.0000 | G Loss: 7.7605 | D Loss: 0.0212
Client 13 (EMNIST) | Target Loss: 0.0000 | G Loss: 7.8735 | D Loss: 0.0168
Client 14 (EMNIST) | Target Loss: 0.0000 | G Loss: 7.6174 | D Loss: 0.0241
Client 15 (EMNIST) | Target Loss: 0.0000 | G Loss: 7.3549 | D Loss: 0.0281
Client 16 (EMNIST) | Target Loss: 0.0000 | G Loss: 7.2623 | D Loss: 0.0263
Client 17 (EMNIST) | Target Loss: 0.0000 | G Loss: 7.0009 | D Loss: 0.0307
Client 18 (EMNIST) | Target Loss: 0.0000 | G Loss: 8.0967 | D Loss: 0.0177
Client 19 (EMNIST) | Target Loss: 0.0000 | G Loss: 7.6773 | D Loss: 0.0184
Client 20 (EMNIST) | Target Loss: 0.0000 | G Loss: 7.1850 | D Loss: 0.0253
Client 22 (CIFAR10) | Target Loss: 0.0000 | G Loss: 1.9388 | D Loss: 0.3787
Client 23 (CIFAR10) | Target Loss: 0.0000 | G Loss: 1.9513 | D Loss: 0.3628
Client 24 (CIFAR10) | Target Loss: 0.0000 | G Loss: 1.9343 | D Loss: 0.3844
Client 25 (CIFAR10) | Target Loss: 0.0000 | G Loss: 1.9619 | D Loss: 0.3775
Client 26 (CIFAR10) | Target Loss: 0.0000 | G Loss: 1.9603 | D Loss: 0.3714
Client 27 (CIFAR10) | Target Loss: 0.0000 | G Loss: 1.9752 | D Loss: 0.3581
Client 28 (CIFAR10) | Target Loss: 0.0000 | G Loss: 1.9102 | D Loss: 0.3714
Client 29 (CIFAR10) | Target Loss: 0.0000 | G Loss: 1.9046 | D Loss: 0.4008
Client 30 (CIFAR10) | Target Loss: 0.0000 | G Loss: 1.9339 | D Loss: 0.3830
Client 31 (CIFAR10) | Target Loss: 0.0000 | G Loss: 1.9533 | D Loss: 0.3741
Epoch 0 Loss: 0.4609
Epoch 1 Loss: 0.2740
Epoch 2 Loss: 0.1816
Epoch 3 Loss: 0.1516
Epoch 4 Loss: 0.1105
[Server] Global Inference Model Acc (MNIST) (Round 24): 94.26% (Tested on 9095 samples)
[Server] Global Inference Model Acc (EMNIST) (Round 24): 55.63% (Tested on 105779 samples)
[Server] Global Inference Model Acc (CIFAR10) (Round 24): 39.19% (Tested on 9100 samples)
[Server] Global Inference Model Acc (Mix) (Round 24): 57.26% (Tested on 123974 samples)
Selected client ids: [0, 1, 2, 3, 4, 5, 6, 7, 8, 9, 10, 11, 12, 13, 14, 15, 16, 17, 18, 19, 20, 21, 22, 23, 24, 25, 26, 27, 28, 29]
--- Round 25 ---
Client 0 (MNIST) | Target Loss: 0.0000 | G Loss: 3.4996 | D Loss: 0.2104
Client 1 (MNIST) | Target Loss: 0.0000 | G Loss: 4.1224 | D Loss: 0.1482
Client 2 (MNIST) | Target Loss: 0.0000 | G Loss: 3.7271 | D Loss: 0.2000
Client 3 (MNIST) | Target Loss: 0.0000 | G Loss: 3.6866 | D Loss: 0.1909
Client 4 (MNIST) | Target Loss: 0.0000 | G Loss: 4.3217 | D Loss: 0.1505
Client 5 (MNIST) | Target Loss: 0.0000 | G Loss: 3.5439 | D Loss: 0.1933
Client 6 (MNIST) | Target Loss: 0.0000 | G Loss: 6.1318 | D Loss: 0.0046
Client 7 (MNIST) | Target Loss: 0.0000 | G Loss: 3.8796 | D Loss: 0.1771
Client 8 (MNIST) | Target Loss: 0.0000 | G Loss: 4.8683 | D Loss: 0.0878
Client 9 (MNIST) | Target Loss: 0.0000 | G Loss: 2.9270 | D Loss: 0.2603
Client 11 (EMNIST) | Target Loss: 0.0000 | G Loss: 8.6572 | D Loss: 0.0121
Client 12 (EMNIST) | Target Loss: 0.0000 | G Loss: 7.4474 | D Loss: 0.0224
Client 13 (EMNIST) | Target Loss: 0.0000 | G Loss: 7.9501 | D Loss: 0.0205
Client 14 (EMNIST) | Target Loss: 0.0000 | G Loss: 7.3900 | D Loss: 0.0258
Client 15 (EMNIST) | Target Loss: 0.0000 | G Loss: 7.5261 | D Loss: 0.0224
Client 16 (EMNIST) | Target Loss: 0.0000 | G Loss: 7.1058 | D Loss: 0.0286
Client 17 (EMNIST) | Target Loss: 0.0000 | G Loss: 8.9294 | D Loss: 0.0111
Client 18 (EMNIST) | Target Loss: 0.0000 | G Loss: 8.2180 | D Loss: 0.0144
Client 19 (EMNIST) | Target Loss: 0.0000 | G Loss: 7.4477 | D Loss: 0.0276
Client 20 (EMNIST) | Target Loss: 0.0000 | G Loss: 8.6049 | D Loss: 0.0128
Client 22 (CIFAR10) | Target Loss: 0.0000 | G Loss: 1.9944 | D Loss: 0.3702
Client 23 (CIFAR10) | Target Loss: 0.0000 | G Loss: 1.9652 | D Loss: 0.3659
Client 24 (CIFAR10) | Target Loss: 0.0000 | G Loss: 1.9665 | D Loss: 0.3687
Client 25 (CIFAR10) | Target Loss: 0.0000 | G Loss: 1.9200 | D Loss: 0.3695
Client 26 (CIFAR10) | Target Loss: 0.0000 | G Loss: 1.9715 | D Loss: 0.3546
Client 27 (CIFAR10) | Target Loss: 0.0000 | G Loss: 1.9382 | D Loss: 0.3597
Client 28 (CIFAR10) | Target Loss: 0.0000 | G Loss: 1.9310 | D Loss: 0.3858
Client 29 (CIFAR10) | Target Loss: 0.0000 | G Loss: 1.9559 | D Loss: 0.3642
Client 30 (CIFAR10) | Target Loss: 0.0000 | G Loss: 1.8750 | D Loss: 0.4073
Client 31 (CIFAR10) | Target Loss: 0.0000 | G Loss: 1.9620 | D Loss: 0.3649
Epoch 0 Loss: 0.4655
Epoch 1 Loss: 0.2242
Epoch 2 Loss: 0.1375
Epoch 3 Loss: 0.0892
Epoch 4 Loss: 0.0724
[Server] Global Inference Model Acc (MNIST) (Round 25): 93.81% (Tested on 9095 samples)
[Server] Global Inference Model Acc (EMNIST) (Round 25): 56.18% (Tested on 105779 samples)
[Server] Global Inference Model Acc (CIFAR10) (Round 25): 36.29% (Tested on 9100 samples)
[Server] Global Inference Model Acc (Mix) (Round 25): 57.48% (Tested on 123974 samples)
Selected client ids: [0, 1, 2, 3, 4, 5, 6, 7, 8, 9, 10, 11, 12, 13, 14, 15, 16, 17, 18, 19, 20, 21, 22, 23, 24, 25, 26, 27, 28, 29]
--- Round 26 ---
Client 0 (MNIST) | Target Loss: 0.0000 | G Loss: 5.1789 | D Loss: 0.0693
Client 1 (MNIST) | Target Loss: 0.0000 | G Loss: 4.1933 | D Loss: 0.1795
Client 2 (MNIST) | Target Loss: 0.0000 | G Loss: 4.9991 | D Loss: 0.0898
Client 3 (MNIST) | Target Loss: 0.0000 | G Loss: 4.1278 | D Loss: 0.1743
Client 4 (MNIST) | Target Loss: 0.0000 | G Loss: 5.3314 | D Loss: 0.0640
Client 5 (MNIST) | Target Loss: 0.0000 | G Loss: 5.4218 | D Loss: 0.0579
Client 6 (MNIST) | Target Loss: 0.0000 | G Loss: 3.9272 | D Loss: 0.1955
Client 7 (MNIST) | Target Loss: 0.0000 | G Loss: 4.8779 | D Loss: 0.1010
Client 8 (MNIST) | Target Loss: 0.0000 | G Loss: 4.3129 | D Loss: 0.1316
Client 9 (MNIST) | Target Loss: 0.0000 | G Loss: 5.0133 | D Loss: 0.0851
Client 11 (EMNIST) | Target Loss: 0.0000 | G Loss: 7.5606 | D Loss: 0.0220
Client 12 (EMNIST) | Target Loss: 0.0000 | G Loss: 8.2320 | D Loss: 0.0183
Client 13 (EMNIST) | Target Loss: 0.0000 | G Loss: 8.0405 | D Loss: 0.0155
Client 14 (EMNIST) | Target Loss: 0.0000 | G Loss: 8.6875 | D Loss: 0.0068
Client 15 (EMNIST) | Target Loss: 0.0000 | G Loss: 7.3453 | D Loss: 0.0234
Client 16 (EMNIST) | Target Loss: 0.0000 | G Loss: 7.6178 | D Loss: 0.0200
Client 17 (EMNIST) | Target Loss: 0.0000 | G Loss: 7.5240 | D Loss: 0.0231
Client 18 (EMNIST) | Target Loss: 0.0000 | G Loss: 7.7308 | D Loss: 0.0235
Client 19 (EMNIST) | Target Loss: 0.0000 | G Loss: 8.1020 | D Loss: 0.0197
Client 20 (EMNIST) | Target Loss: 0.0000 | G Loss: 8.0011 | D Loss: 0.0216
Client 22 (CIFAR10) | Target Loss: 0.0000 | G Loss: 1.9837 | D Loss: 0.3496
Client 23 (CIFAR10) | Target Loss: 0.0000 | G Loss: 2.0043 | D Loss: 0.3744
Client 24 (CIFAR10) | Target Loss: 0.0000 | G Loss: 1.9555 | D Loss: 0.3620
Client 25 (CIFAR10) | Target Loss: 0.0000 | G Loss: 1.9640 | D Loss: 0.3735
Client 26 (CIFAR10) | Target Loss: 0.0000 | G Loss: 2.0073 | D Loss: 0.3439
Client 27 (CIFAR10) | Target Loss: 0.0000 | G Loss: 1.9526 | D Loss: 0.3853
Client 28 (CIFAR10) | Target Loss: 0.0000 | G Loss: 2.0200 | D Loss: 0.3500
Client 29 (CIFAR10) | Target Loss: 0.0000 | G Loss: 1.9217 | D Loss: 0.3685
Client 30 (CIFAR10) | Target Loss: 0.0000 | G Loss: 2.0000 | D Loss: 0.3736
Client 31 (CIFAR10) | Target Loss: 0.0000 | G Loss: 1.9777 | D Loss: 0.3552
Epoch 0 Loss: 0.4393
Epoch 1 Loss: 0.2105
Epoch 2 Loss: 0.1320
Epoch 3 Loss: 0.0844
Epoch 4 Loss: 0.0656
[Server] Global Inference Model Acc (MNIST) (Round 26): 93.60% (Tested on 9095 samples)
[Server] Global Inference Model Acc (EMNIST) (Round 26): 63.66% (Tested on 105779 samples)
[Server] Global Inference Model Acc (CIFAR10) (Round 26): 39.90% (Tested on 9100 samples)
[Server] Global Inference Model Acc (Mix) (Round 26): 64.11% (Tested on 123974 samples)
Selected client ids: [0, 1, 2, 3, 4, 5, 6, 7, 8, 9, 10, 11, 12, 13, 14, 15, 16, 17, 18, 19, 20, 21, 22, 23, 24, 25, 26, 27, 28, 29]
--- Round 27 ---
Client 0 (MNIST) | Target Loss: 0.0000 | G Loss: 5.1046 | D Loss: 0.0589
Client 1 (MNIST) | Target Loss: 0.0000 | G Loss: 5.2362 | D Loss: 0.0488
Client 2 (MNIST) | Target Loss: 0.0000 | G Loss: 5.1834 | D Loss: 0.0623
Client 3 (MNIST) | Target Loss: 0.0000 | G Loss: 6.1055 | D Loss: 0.0064
Client 4 (MNIST) | Target Loss: 0.0000 | G Loss: 6.2227 | D Loss: 0.0041
Client 5 (MNIST) | Target Loss: 0.0000 | G Loss: 6.1896 | D Loss: 0.0045
Client 6 (MNIST) | Target Loss: 0.0000 | G Loss: 4.0368 | D Loss: 0.1674
Client 7 (MNIST) | Target Loss: 0.0000 | G Loss: 6.1297 | D Loss: 0.0045
Client 8 (MNIST) | Target Loss: 0.0000 | G Loss: 6.1588 | D Loss: 0.0051
Client 9 (MNIST) | Target Loss: 0.0000 | G Loss: 5.0872 | D Loss: 0.0686
Client 11 (EMNIST) | Target Loss: 0.0000 | G Loss: 8.8113 | D Loss: 0.0163
Client 12 (EMNIST) | Target Loss: 0.0000 | G Loss: 8.6842 | D Loss: 0.0098
Client 13 (EMNIST) | Target Loss: 0.0000 | G Loss: 7.6117 | D Loss: 0.0255
Client 14 (EMNIST) | Target Loss: 0.0000 | G Loss: 7.4472 | D Loss: 0.0320
Client 15 (EMNIST) | Target Loss: 0.0000 | G Loss: 8.2072 | D Loss: 0.0187
Client 16 (EMNIST) | Target Loss: 0.0000 | G Loss: 8.8364 | D Loss: 0.0138
Client 17 (EMNIST) | Target Loss: 0.0000 | G Loss: 8.0348 | D Loss: 0.0225
Client 18 (EMNIST) | Target Loss: 0.0000 | G Loss: 8.6318 | D Loss: 0.0133
Client 19 (EMNIST) | Target Loss: 0.0000 | G Loss: 7.9017 | D Loss: 0.0213
Client 20 (EMNIST) | Target Loss: 0.0000 | G Loss: 8.5073 | D Loss: 0.0144
Client 22 (CIFAR10) | Target Loss: 0.0000 | G Loss: 1.9954 | D Loss: 0.3545
Client 23 (CIFAR10) | Target Loss: 0.0000 | G Loss: 2.0243 | D Loss: 0.3508
Client 24 (CIFAR10) | Target Loss: 0.0000 | G Loss: 1.9771 | D Loss: 0.3711
Client 25 (CIFAR10) | Target Loss: 0.0000 | G Loss: 1.9488 | D Loss: 0.3701
Client 26 (CIFAR10) | Target Loss: 0.0000 | G Loss: 1.9428 | D Loss: 0.3643
Client 27 (CIFAR10) | Target Loss: 0.0000 | G Loss: 1.9521 | D Loss: 0.3852
Client 28 (CIFAR10) | Target Loss: 0.0000 | G Loss: 2.0004 | D Loss: 0.3628
Client 29 (CIFAR10) | Target Loss: 0.0000 | G Loss: 1.9536 | D Loss: 0.3665
Client 30 (CIFAR10) | Target Loss: 0.0000 | G Loss: 2.0424 | D Loss: 0.3450
Client 31 (CIFAR10) | Target Loss: 0.0000 | G Loss: 1.9628 | D Loss: 0.3614
Epoch 0 Loss: 0.3776
Epoch 1 Loss: 0.1813
Epoch 2 Loss: 0.1126
Epoch 3 Loss: 0.0628
Epoch 4 Loss: 0.0288
[Server] Global Inference Model Acc (MNIST) (Round 27): 89.14% (Tested on 9095 samples)
[Server] Global Inference Model Acc (EMNIST) (Round 27): 54.63% (Tested on 105779 samples)
[Server] Global Inference Model Acc (CIFAR10) (Round 27): 41.33% (Tested on 9100 samples)
[Server] Global Inference Model Acc (Mix) (Round 27): 56.19% (Tested on 123974 samples)
Selected client ids: [0, 1, 2, 3, 4, 5, 6, 7, 8, 9, 10, 11, 12, 13, 14, 15, 16, 17, 18, 19, 20, 21, 22, 23, 24, 25, 26, 27, 28, 29]
--- Round 28 ---
Client 0 (MNIST) | Target Loss: 0.0000 | G Loss: 6.4007 | D Loss: 0.0034
Client 1 (MNIST) | Target Loss: 0.0000 | G Loss: 6.3611 | D Loss: 0.0038
Client 2 (MNIST) | Target Loss: 0.0000 | G Loss: 6.3193 | D Loss: 0.0036
Client 3 (MNIST) | Target Loss: 0.0000 | G Loss: 5.0673 | D Loss: 0.0742
Client 4 (MNIST) | Target Loss: 0.0000 | G Loss: 6.4590 | D Loss: 0.0032
Client 5 (MNIST) | Target Loss: 0.0000 | G Loss: 4.3705 | D Loss: 0.1439
Client 6 (MNIST) | Target Loss: 0.0000 | G Loss: 6.2627 | D Loss: 0.0040
Client 7 (MNIST) | Target Loss: 0.0000 | G Loss: 6.4285 | D Loss: 0.0033
Client 8 (MNIST) | Target Loss: 0.0000 | G Loss: 3.6043 | D Loss: 0.2232
Client 9 (MNIST) | Target Loss: 0.0000 | G Loss: 6.2877 | D Loss: 0.0038
Client 11 (EMNIST) | Target Loss: 0.0000 | G Loss: 8.4444 | D Loss: 0.0118
Client 12 (EMNIST) | Target Loss: 0.0000 | G Loss: 7.8720 | D Loss: 0.0184
Client 13 (EMNIST) | Target Loss: 0.0000 | G Loss: 7.5619 | D Loss: 0.0223
Client 14 (EMNIST) | Target Loss: 0.0000 | G Loss: 8.9614 | D Loss: 0.0072
Client 15 (EMNIST) | Target Loss: 0.0000 | G Loss: 8.8365 | D Loss: 0.0137
Client 16 (EMNIST) | Target Loss: 0.0000 | G Loss: 7.5158 | D Loss: 0.0211
Client 17 (EMNIST) | Target Loss: 0.0000 | G Loss: 8.6706 | D Loss: 0.0136
Client 18 (EMNIST) | Target Loss: 0.0000 | G Loss: 7.8911 | D Loss: 0.0179
Client 19 (EMNIST) | Target Loss: 0.0000 | G Loss: 8.8276 | D Loss: 0.0096
Client 20 (EMNIST) | Target Loss: 0.0000 | G Loss: 9.1070 | D Loss: 0.0083
Client 22 (CIFAR10) | Target Loss: 0.0000 | G Loss: 1.9583 | D Loss: 0.3635
Client 23 (CIFAR10) | Target Loss: 0.0000 | G Loss: 2.0247 | D Loss: 0.3342
Client 24 (CIFAR10) | Target Loss: 0.0000 | G Loss: 2.0480 | D Loss: 0.3460
Client 25 (CIFAR10) | Target Loss: 0.0000 | G Loss: 2.0127 | D Loss: 0.3448
Client 26 (CIFAR10) | Target Loss: 0.0000 | G Loss: 1.9975 | D Loss: 0.3554
Client 27 (CIFAR10) | Target Loss: 0.0000 | G Loss: 2.0088 | D Loss: 0.3489
Client 28 (CIFAR10) | Target Loss: 0.0000 | G Loss: 2.0589 | D Loss: 0.3245
Client 29 (CIFAR10) | Target Loss: 0.0000 | G Loss: 2.0095 | D Loss: 0.3613
Client 30 (CIFAR10) | Target Loss: 0.0000 | G Loss: 2.0091 | D Loss: 0.3461
Client 31 (CIFAR10) | Target Loss: 0.0000 | G Loss: 1.9920 | D Loss: 0.3733
Epoch 0 Loss: 0.3690
Epoch 1 Loss: 0.1600
Epoch 2 Loss: 0.0925
Epoch 3 Loss: 0.0474
Epoch 4 Loss: 0.0294
[Server] Global Inference Model Acc (MNIST) (Round 28): 90.26% (Tested on 9095 samples)
[Server] Global Inference Model Acc (EMNIST) (Round 28): 56.85% (Tested on 105779 samples)
[Server] Global Inference Model Acc (CIFAR10) (Round 28): 42.53% (Tested on 9100 samples)
[Server] Global Inference Model Acc (Mix) (Round 28): 58.25% (Tested on 123974 samples)
Selected client ids: [0, 1, 2, 3, 4, 5, 6, 7, 8, 9, 10, 11, 12, 13, 14, 15, 16, 17, 18, 19, 20, 21, 22, 23, 24, 25, 26, 27, 28, 29]
--- Round 29 ---
Client 0 (MNIST) | Target Loss: 0.0000 | G Loss: 6.5070 | D Loss: 0.0029
Client 1 (MNIST) | Target Loss: 0.0000 | G Loss: 3.6494 | D Loss: 0.2214
Client 2 (MNIST) | Target Loss: 0.0000 | G Loss: 6.4684 | D Loss: 0.0031
Client 3 (MNIST) | Target Loss: 0.0000 | G Loss: 5.2401 | D Loss: 0.0778
Client 4 (MNIST) | Target Loss: 0.0000 | G Loss: 3.7253 | D Loss: 0.2277
Client 5 (MNIST) | Target Loss: 0.0000 | G Loss: 5.0881 | D Loss: 0.0540
Client 6 (MNIST) | Target Loss: 0.0000 | G Loss: 6.3580 | D Loss: 0.0033
Client 7 (MNIST) | Target Loss: 0.0000 | G Loss: 6.5279 | D Loss: 0.0030
Client 8 (MNIST) | Target Loss: 0.0000 | G Loss: 4.2837 | D Loss: 0.1091
Client 9 (MNIST) | Target Loss: 0.0000 | G Loss: 6.4575 | D Loss: 0.0031
Client 11 (EMNIST) | Target Loss: 0.0000 | G Loss: 7.5379 | D Loss: 0.0282
Client 12 (EMNIST) | Target Loss: 0.0000 | G Loss: 7.8241 | D Loss: 0.0205
Client 13 (EMNIST) | Target Loss: 0.0000 | G Loss: 8.3474 | D Loss: 0.0152
Client 14 (EMNIST) | Target Loss: 0.0000 | G Loss: 8.4116 | D Loss: 0.0196
Client 15 (EMNIST) | Target Loss: 0.0000 | G Loss: 7.7537 | D Loss: 0.0189
Client 16 (EMNIST) | Target Loss: 0.0000 | G Loss: 7.6195 | D Loss: 0.0211
Client 17 (EMNIST) | Target Loss: 0.0000 | G Loss: 8.0005 | D Loss: 0.0201
Client 18 (EMNIST) | Target Loss: 0.0000 | G Loss: 7.7697 | D Loss: 0.0237
Client 19 (EMNIST) | Target Loss: 0.0000 | G Loss: 7.5549 | D Loss: 0.0218
Client 20 (EMNIST) | Target Loss: 0.0000 | G Loss: 7.8827 | D Loss: 0.0196
Client 22 (CIFAR10) | Target Loss: 0.0000 | G Loss: 1.9962 | D Loss: 0.3596
Client 23 (CIFAR10) | Target Loss: 0.0000 | G Loss: 2.0424 | D Loss: 0.3448
Client 24 (CIFAR10) | Target Loss: 0.0000 | G Loss: 1.9693 | D Loss: 0.3776
Client 25 (CIFAR10) | Target Loss: 0.0000 | G Loss: 2.0159 | D Loss: 0.3554
Client 26 (CIFAR10) | Target Loss: 0.0000 | G Loss: 2.0416 | D Loss: 0.3509
Client 27 (CIFAR10) | Target Loss: 0.0000 | G Loss: 1.9915 | D Loss: 0.3606
Client 28 (CIFAR10) | Target Loss: 0.0000 | G Loss: 1.9729 | D Loss: 0.3857
Client 29 (CIFAR10) | Target Loss: 0.0000 | G Loss: 1.9993 | D Loss: 0.3533
Client 30 (CIFAR10) | Target Loss: 0.0000 | G Loss: 1.9977 | D Loss: 0.3747
Client 31 (CIFAR10) | Target Loss: 0.0000 | G Loss: 2.0124 | D Loss: 0.3625
Epoch 0 Loss: 0.4033
Epoch 1 Loss: 0.1687
Epoch 2 Loss: 0.0828
Epoch 3 Loss: 0.0521
Epoch 4 Loss: 0.0356
[Server] Global Inference Model Acc (MNIST) (Round 29): 89.60% (Tested on 9095 samples)
[Server] Global Inference Model Acc (EMNIST) (Round 29): 58.92% (Tested on 105779 samples)
[Server] Global Inference Model Acc (CIFAR10) (Round 29): 43.65% (Tested on 9100 samples)
[Server] Global Inference Model Acc (Mix) (Round 29): 60.05% (Tested on 123974 samples)
Selected client ids: [0, 1, 2, 3, 4, 5, 6, 7, 8, 9, 10, 11, 12, 13, 14, 15, 16, 17, 18, 19, 20, 21, 22, 23, 24, 25, 26, 27, 28, 29]
--- Round 30 ---
Client 0 (MNIST) | Target Loss: 0.0000 | G Loss: 6.5581 | D Loss: 0.0423
Client 1 (MNIST) | Target Loss: 0.0000 | G Loss: 6.3461 | D Loss: 0.0043
Client 2 (MNIST) | Target Loss: 0.0000 | G Loss: 3.6414 | D Loss: 0.2398
Client 3 (MNIST) | Target Loss: 0.0000 | G Loss: 4.6985 | D Loss: 0.1121
Client 4 (MNIST) | Target Loss: 0.0000 | G Loss: 5.5619 | D Loss: 0.0353
Client 5 (MNIST) | Target Loss: 0.0000 | G Loss: 4.5843 | D Loss: 0.1075
Client 6 (MNIST) | Target Loss: 0.0000 | G Loss: 6.5787 | D Loss: 0.0029
Client 7 (MNIST) | Target Loss: 0.0000 | G Loss: 3.4888 | D Loss: 0.2420
Client 8 (MNIST) | Target Loss: 0.0000 | G Loss: 6.3311 | D Loss: 0.0044
Client 9 (MNIST) | Target Loss: 0.0000 | G Loss: 3.6280 | D Loss: 0.2102
Client 11 (EMNIST) | Target Loss: 0.0000 | G Loss: 8.2257 | D Loss: 0.0150
Client 12 (EMNIST) | Target Loss: 0.0000 | G Loss: 7.8320 | D Loss: 0.0180
Client 13 (EMNIST) | Target Loss: 0.0000 | G Loss: 8.0194 | D Loss: 0.0171
Client 14 (EMNIST) | Target Loss: 0.0000 | G Loss: 8.1913 | D Loss: 0.0147
Client 15 (EMNIST) | Target Loss: 0.0000 | G Loss: 8.5123 | D Loss: 0.0211
Client 16 (EMNIST) | Target Loss: 0.0000 | G Loss: 9.0983 | D Loss: 0.0088
Client 17 (EMNIST) | Target Loss: 0.0000 | G Loss: 9.1694 | D Loss: 0.0055
Client 18 (EMNIST) | Target Loss: 0.0000 | G Loss: 8.1723 | D Loss: 0.0114
Client 19 (EMNIST) | Target Loss: 0.0000 | G Loss: 8.4419 | D Loss: 0.0187
Client 20 (EMNIST) | Target Loss: 0.0000 | G Loss: 8.6458 | D Loss: 0.0149
Client 22 (CIFAR10) | Target Loss: 0.0000 | G Loss: 2.0869 | D Loss: 0.3336
Client 23 (CIFAR10) | Target Loss: 0.0000 | G Loss: 2.0952 | D Loss: 0.3226
Client 24 (CIFAR10) | Target Loss: 0.0000 | G Loss: 2.0961 | D Loss: 0.3257
Client 25 (CIFAR10) | Target Loss: 0.0000 | G Loss: 2.0161 | D Loss: 0.3528
Client 26 (CIFAR10) | Target Loss: 0.0000 | G Loss: 2.0066 | D Loss: 0.3727
Client 27 (CIFAR10) | Target Loss: 0.0000 | G Loss: 2.0824 | D Loss: 0.3388
Client 28 (CIFAR10) | Target Loss: 0.0000 | G Loss: 2.0778 | D Loss: 0.3187
Client 29 (CIFAR10) | Target Loss: 0.0000 | G Loss: 2.0301 | D Loss: 0.3475
Client 30 (CIFAR10) | Target Loss: 0.0000 | G Loss: 2.0689 | D Loss: 0.3385
Client 31 (CIFAR10) | Target Loss: 0.0000 | G Loss: 2.0757 | D Loss: 0.3354
Epoch 0 Loss: 0.3523
Epoch 1 Loss: 0.1309
Epoch 2 Loss: 0.0592
Epoch 3 Loss: 0.0375
Epoch 4 Loss: 0.0248
[Server] Global Inference Model Acc (MNIST) (Round 30): 92.26% (Tested on 9095 samples)
[Server] Global Inference Model Acc (EMNIST) (Round 30): 61.00% (Tested on 105779 samples)
[Server] Global Inference Model Acc (CIFAR10) (Round 30): 44.26% (Tested on 9100 samples)
[Server] Global Inference Model Acc (Mix) (Round 30): 62.07% (Tested on 123974 samples)
Selected client ids: [0, 1, 2, 3, 4, 5, 6, 7, 8, 9, 10, 11, 12, 13, 14, 15, 16, 17, 18, 19, 20, 21, 22, 23, 24, 25, 26, 27, 28, 29]
--- Round 31 ---
Client 0 (MNIST) | Target Loss: 0.0000 | G Loss: 3.5976 | D Loss: 0.2386
Client 1 (MNIST) | Target Loss: 0.0000 | G Loss: 5.9362 | D Loss: 0.0221
Client 2 (MNIST) | Target Loss: 0.0000 | G Loss: 5.9102 | D Loss: 0.0121
