Time: 2026-04-30 14:29:54
Log Dir: /home/unshun/multi-FL/logs/2026-04-29_10-17-12/new_client_2026-04-30_14-29-54/
================================================================================Loading checkpoints from logs/2026-04-29_10-17-12/GeFL_local/
Method selected: GeFL_local
Loaded CNN for MNIST from client_model_MNIST_c0_CNN.pth
Loaded CNN for MNIST from client_model_MNIST_c1_CNN.pth
Loaded CNN for EMNIST from client_model_EMNIST_c3_CNN.pth
Loaded CNN for EMNIST from client_model_EMNIST_c4_CNN.pth
WARNING: No models loaded for dataset: CIFAR10.
WARNING: No models loaded for dataset: FashionMNIST.
WARNING: No models loaded for dataset: CIFAR100.
>>> Loaded client data distributions directly from server checkpoint.

========================================
>>> [METHOD: SYNTHETIC] Starting Synthetic Label Mapping...
========================================
>>> Target Methods to Run: ['GeFL_local']
>>> [Syn] Loaded client data distributions directly from server checkpoint.

########################################
>>> [Syn] Running Method: GeFL_local
########################################

>>> Syn-GeFL_local Loading Local Client Generators...
-> [SUCCESS] Loaded GeFL_local GAN for client_c0_MNIST
-> [SUCCESS] Loaded GeFL_local GAN for client_c1_MNIST
-> [SUCCESS] Loaded GeFL_local GAN for client_c3_EMNIST
-> [SUCCESS] Loaded GeFL_local GAN for client_c4_EMNIST
Exp (Syn): GeFL_local Gen + Old Ent (0.9)
dynamic_entropy_ratio: 0.9
client_c0_MNIST:'0' -> client_c1_MNIST | Predict: '0' (Ent: 1.06)
  ✅ [Match] client_c0_MNIST:'0' <==> client_c1_MNIST:'0' (Ent: 0.07)
client_c0_MNIST:'1' -> client_c1_MNIST | Predict: '1' (Ent: 0.44)
  ✅ [Match] client_c0_MNIST:'1' <==> client_c1_MNIST:'1' (Ent: 1.05)
client_c0_MNIST:'2' -> client_c1_MNIST | Predict: '2' (Ent: 0.91)
  ✅ [Match] client_c0_MNIST:'2' <==> client_c1_MNIST:'2' (Ent: 0.05)
client_c0_MNIST:'3' -> client_c1_MNIST | Predict: '3' (Ent: 0.01)
  ⚠️ [Mismatch] Cycle Back predicted '8' (Expected '3') (Ent: 1.05)
client_c0_MNIST:'4' -> client_c1_MNIST | Predict: '4' (Ent: 0.82)
  ⚠️ [Mismatch] Cycle Back predicted '8' (Expected '4') (Ent: 0.71)
client_c0_MNIST:'5' -> client_c1_MNIST | Predict: '5' (Ent: 0.03)
  ✅ [Match] client_c0_MNIST:'5' <==> client_c1_MNIST:'5' (Ent: 1.24)
client_c0_MNIST:'6' -> client_c1_MNIST | Predict: '6' (Ent: 1.04)
  ✅ [Match] client_c0_MNIST:'6' <==> client_c1_MNIST:'6' (Ent: 0.00)
client_c0_MNIST:'7' -> client_c1_MNIST | Predict: '7' (Ent: 0.08)
  ⚠️ [Mismatch] Cycle Back predicted '9' (Expected '7') (Ent: 1.18)
client_c0_MNIST:'8' -> client_c1_MNIST | Predict: '8' (Ent: 0.00)
  ✅ [Match] client_c0_MNIST:'8' <==> client_c1_MNIST:'8' (Ent: 0.17)
client_c0_MNIST:'9' -> client_c1_MNIST | Predict: '9' (Ent: 0.20)
  ✅ [Match] client_c0_MNIST:'9' <==> client_c1_MNIST:'9' (Ent: 0.46)
client_c0_MNIST:'0' -> client_c3_EMNIST | Predict: 'G' (Ent: 1.83)
  ⚠️ [Mismatch] Cycle Back predicted '6' (Expected '0') (Ent: 0.06)
client_c0_MNIST:'1' -> client_c3_EMNIST | Predict: '1' (Ent: 1.22)
  ✅ [Match] client_c0_MNIST:'1' <==> client_c3_EMNIST:'1' (Ent: 0.02)
client_c0_MNIST:'2' -> client_c3_EMNIST | Predict: '7' (Ent: 1.46)
  ⚠️ [Mismatch] Cycle Back predicted '0' (Expected '2') (Ent: 1.05)
client_c0_MNIST:'3' -> client_c3_EMNIST | Predict: 'B' (Ent: 1.49)
  ⚠️ [Mismatch] Cycle Back predicted '8' (Expected '3') (Ent: 0.00)
client_c0_MNIST:'4' -> client_c3_EMNIST | Predict: '4' (Ent: 0.73)
  ✅ [Match] client_c0_MNIST:'4' <==> client_c3_EMNIST:'4' (Ent: 0.00)
client_c0_MNIST:'5' -> client_c3_EMNIST | Predict: '5' (Ent: 1.55)
  ⚠️ [Mismatch] Cycle Back predicted '6' (Expected '5') (Ent: 0.01)
client_c0_MNIST:'6' -> client_c3_EMNIST | Predict: '6' (Ent: 1.79)
  ⚠️ [Mismatch] Cycle Back predicted '0' (Expected '6') (Ent: 0.00)
client_c0_MNIST:'7' -> client_c3_EMNIST | Predict: '7' (Ent: 2.24)
  ⚠️ [Mismatch] Cycle Back predicted '0' (Expected '7') (Ent: 1.06)
client_c0_MNIST:'8' -> client_c3_EMNIST | Predict: '8' (Ent: 1.38)
  ✅ [Match] client_c0_MNIST:'8' <==> client_c3_EMNIST:'8' (Ent: 0.00)
client_c0_MNIST:'9' -> client_c3_EMNIST | Predict: '9' (Ent: 2.10)
  ✅ [Match] client_c0_MNIST:'9' <==> client_c3_EMNIST:'9' (Ent: 0.01)
client_c0_MNIST:'0' -> client_c4_EMNIST | Predict: '0' (Ent: 2.25)
  ✅ [Match] client_c0_MNIST:'0' <==> client_c4_EMNIST:'0' (Ent: 0.67)
client_c0_MNIST:'1' -> client_c4_EMNIST | Predict: 'I' (Ent: 1.66)
  ✅ [Match] client_c0_MNIST:'1' <==> client_c4_EMNIST:'I' (Ent: 0.79)
client_c0_MNIST:'2' -> client_c4_EMNIST | Predict: '2' (Ent: 1.31)
  ✅ [Match] client_c0_MNIST:'2' <==> client_c4_EMNIST:'2' (Ent: 0.00)
client_c0_MNIST:'3' -> client_c4_EMNIST | Predict: '3' (Ent: 0.80)
  ✅ [Match] client_c0_MNIST:'3' <==> client_c4_EMNIST:'3' (Ent: 0.25)
client_c0_MNIST:'4' -> client_c4_EMNIST | Predict: '4' (Ent: 1.52)
  ⚠️ [Mismatch] Cycle Back predicted '8' (Expected '4') (Ent: 0.13)
client_c0_MNIST:'5' -> client_c4_EMNIST | Predict: '5' (Ent: 1.65)
  ✅ [Match] client_c0_MNIST:'5' <==> client_c4_EMNIST:'5' (Ent: 0.17)
client_c0_MNIST:'6' -> client_c4_EMNIST | Predict: '6' (Ent: 1.96)
  ⚠️ [Mismatch] Cycle Back predicted '8' (Expected '6') (Ent: 0.80)
client_c0_MNIST:'7' -> client_c4_EMNIST | Predict: '7' (Ent: 2.14)
  ⚠️ [Mismatch] Cycle Back predicted '9' (Expected '7') (Ent: 1.52)
client_c0_MNIST:'8' -> client_c4_EMNIST | Predict: '8' (Ent: 1.52)
  ✅ [Match] client_c0_MNIST:'8' <==> client_c4_EMNIST:'8' (Ent: 0.02)
client_c0_MNIST:'9' -> client_c4_EMNIST | Predict: 'q' (Ent: 1.45)
  ⚠️ [Mismatch] Cycle Back predicted '8' (Expected '9') (Ent: 0.98)
client_c1_MNIST:'0' -> client_c3_EMNIST | Predict: '0' (Ent: 1.21)
  ✅ [Match] client_c1_MNIST:'0' <==> client_c3_EMNIST:'0' (Ent: 0.01)
client_c1_MNIST:'1' -> client_c3_EMNIST | Predict: '1' (Ent: 1.37)
  ✅ [Match] client_c1_MNIST:'1' <==> client_c3_EMNIST:'1' (Ent: 0.00)
client_c1_MNIST:'2' -> client_c3_EMNIST | Predict: '2' (Ent: 1.33)
  ✅ [Match] client_c1_MNIST:'2' <==> client_c3_EMNIST:'2' (Ent: 0.69)
client_c1_MNIST:'3' -> client_c3_EMNIST | Predict: '3' (Ent: 1.09)
  ⚠️ [Mismatch] Cycle Back predicted '8' (Expected '3') (Ent: 0.00)
client_c1_MNIST:'4' -> client_c3_EMNIST | Predict: '4' (Ent: 0.97)
  ✅ [Match] client_c1_MNIST:'4' <==> client_c3_EMNIST:'4' (Ent: 0.00)
client_c1_MNIST:'5' -> client_c3_EMNIST | Predict: '5' (Ent: 0.67)
  ⚠️ [Mismatch] Cycle Back predicted '8' (Expected '5') (Ent: 0.82)
client_c1_MNIST:'6' -> client_c3_EMNIST | Predict: 'G' (Ent: 0.93)
  ⚠️ [Mismatch] Cycle Back predicted '5' (Expected '6') (Ent: 0.28)
client_c1_MNIST:'7' -> client_c3_EMNIST | Predict: '7' (Ent: 1.28)
  ⚠️ [Mismatch] Cycle Back predicted '2' (Expected '7') (Ent: 0.50)
client_c1_MNIST:'8' -> client_c3_EMNIST | Predict: '8' (Ent: 0.84)
  ✅ [Match] client_c1_MNIST:'8' <==> client_c3_EMNIST:'8' (Ent: 0.00)
client_c1_MNIST:'9' -> client_c3_EMNIST | Predict: '9' (Ent: 1.41)
  ✅ [Match] client_c1_MNIST:'9' <==> client_c3_EMNIST:'9' (Ent: 0.00)
client_c1_MNIST:'0' -> client_c4_EMNIST | Predict: '0' (Ent: 1.28)
  ✅ [Match] client_c1_MNIST:'0' <==> client_c4_EMNIST:'0' (Ent: 0.23)
client_c1_MNIST:'1' -> client_c4_EMNIST | Predict: 'l' (Ent: 1.76)
  ✅ [Match] client_c1_MNIST:'1' <==> client_c4_EMNIST:'l' (Ent: 0.39)
client_c1_MNIST:'2' -> client_c4_EMNIST | Predict: '2' (Ent: 1.76)
  ✅ [Match] client_c1_MNIST:'2' <==> client_c4_EMNIST:'2' (Ent: 0.00)
client_c1_MNIST:'3' -> client_c4_EMNIST | Predict: '3' (Ent: 0.51)
  ✅ [Match] client_c1_MNIST:'3' <==> client_c4_EMNIST:'3' (Ent: 0.00)
client_c1_MNIST:'4' -> client_c4_EMNIST | Predict: 'y' (Ent: 1.45)
  ✅ [Match] client_c1_MNIST:'4' <==> client_c4_EMNIST:'y' (Ent: 0.76)
client_c1_MNIST:'5' -> client_c4_EMNIST | Predict: '5' (Ent: 0.59)
  ✅ [Match] client_c1_MNIST:'5' <==> client_c4_EMNIST:'5' (Ent: 0.06)
client_c1_MNIST:'6' -> client_c4_EMNIST | Predict: '6' (Ent: 1.06)
  ⚠️ [Mismatch] Cycle Back predicted '8' (Expected '6') (Ent: 0.07)
client_c1_MNIST:'7' -> client_c4_EMNIST | Predict: 'n' (Ent: 1.94)
  ⚠️ [Mismatch] Cycle Back predicted '0' (Expected '7') (Ent: 0.01)
client_c1_MNIST:'8' -> client_c4_EMNIST | Predict: '8' (Ent: 0.46)
  ✅ [Match] client_c1_MNIST:'8' <==> client_c4_EMNIST:'8' (Ent: 0.02)
client_c1_MNIST:'9' -> client_c4_EMNIST | Predict: '8' (Ent: 1.63)
  ⚠️ [Mismatch] Cycle Back predicted '8' (Expected '9') (Ent: 0.02)
client_c3_EMNIST:'0' -> client_c0_MNIST | Predict: '0' (Ent: 0.00)
  ⚠️ [Mismatch] Cycle Back predicted 'G' (Expected '0') (Ent: 2.04)
client_c3_EMNIST:'2' -> client_c0_MNIST | Predict: '2' (Ent: 0.00)
  ⚠️ [Mismatch] Cycle Back predicted '7' (Expected '2') (Ent: 1.39)
client_c3_EMNIST:'3' -> client_c0_MNIST | Predict: '8' (Ent: 0.09)
  ⚠️ [Mismatch] Cycle Back predicted '8' (Expected '3') (Ent: 1.23)
client_c3_EMNIST:'A' -> client_c0_MNIST | Predict: '0' (Ent: 0.15)
  ⚠️ [Mismatch] Cycle Back predicted 'G' (Expected 'A') (Ent: 1.89)
client_c3_EMNIST:'C' -> client_c0_MNIST | Predict: '0' (Ent: 0.69)
  ⚠️ [Mismatch] Cycle Back predicted 'G' (Expected 'C') (Ent: 1.78)
client_c3_EMNIST:'D' -> client_c0_MNIST | Predict: '0' (Ent: 0.00)
  ⚠️ [Mismatch] Cycle Back predicted 'G' (Expected 'D') (Ent: 1.82)
client_c3_EMNIST:'E' -> client_c0_MNIST | Predict: '6' (Ent: 0.18)
  ⚠️ [Mismatch] Cycle Back predicted '6' (Expected 'E') (Ent: 1.98)
client_c3_EMNIST:'F' -> client_c0_MNIST | Predict: '4' (Ent: 0.70)
  ⚠️ [Mismatch] Cycle Back predicted '4' (Expected 'F') (Ent: 0.72)
client_c3_EMNIST:'H' -> client_c0_MNIST | Predict: '4' (Ent: 0.09)
  ⚠️ [Mismatch] Cycle Back predicted '4' (Expected 'H') (Ent: 0.93)
client_c3_EMNIST:'I' -> client_c0_MNIST | Predict: '0' (Ent: 1.07)
  ⚠️ [Mismatch] Cycle Back predicted 'G' (Expected 'I') (Ent: 2.02)
client_c3_EMNIST:'J' -> client_c0_MNIST | Predict: '2' (Ent: 0.01)
  ⚠️ [Mismatch] Cycle Back predicted '7' (Expected 'J') (Ent: 1.43)
client_c3_EMNIST:'K' -> client_c0_MNIST | Predict: '8' (Ent: 0.43)
  ⚠️ [Mismatch] Cycle Back predicted '8' (Expected 'K') (Ent: 1.45)
client_c3_EMNIST:'L' -> client_c0_MNIST | Predict: '6' (Ent: 0.30)
  ⚠️ [Mismatch] Cycle Back predicted 'b' (Expected 'L') (Ent: 2.12)
client_c3_EMNIST:'M' -> client_c0_MNIST | Predict: '4' (Ent: 0.01)
  ⚠️ [Mismatch] Cycle Back predicted '4' (Expected 'M') (Ent: 0.68)
client_c3_EMNIST:'N' -> client_c0_MNIST | Predict: '0' (Ent: 0.27)
  ⚠️ [Mismatch] Cycle Back predicted 'G' (Expected 'N') (Ent: 1.90)
client_c3_EMNIST:'O' -> client_c0_MNIST | Predict: '0' (Ent: 0.07)
  ⚠️ [Mismatch] Cycle Back predicted 'G' (Expected 'O') (Ent: 1.75)
client_c3_EMNIST:'P' -> client_c0_MNIST | Predict: '8' (Ent: 0.28)
  ⚠️ [Mismatch] Cycle Back predicted '8' (Expected 'P') (Ent: 1.51)
client_c3_EMNIST:'Q' -> client_c0_MNIST | Predict: '0' (Ent: 0.00)
  ⚠️ [Mismatch] Cycle Back predicted 'G' (Expected 'Q') (Ent: 2.01)
client_c3_EMNIST:'R' -> client_c0_MNIST | Predict: '6' (Ent: 0.87)
  ⚠️ [Mismatch] Cycle Back predicted '6' (Expected 'R') (Ent: 1.67)
client_c3_EMNIST:'S' -> client_c0_MNIST | Predict: '8' (Ent: 1.12)
  ⚠️ [Mismatch] Cycle Back predicted '8' (Expected 'S') (Ent: 1.34)
client_c3_EMNIST:'T' -> client_c0_MNIST | Predict: '0' (Ent: 0.46)
  ⚠️ [Mismatch] Cycle Back predicted 'G' (Expected 'T') (Ent: 1.68)
client_c3_EMNIST:'U' -> client_c0_MNIST | Predict: '0' (Ent: 0.00)
  ⚠️ [Mismatch] Cycle Back predicted 'G' (Expected 'U') (Ent: 1.92)
client_c3_EMNIST:'V' -> client_c0_MNIST | Predict: '4' (Ent: 0.19)
  ⚠️ [Mismatch] Cycle Back predicted '4' (Expected 'V') (Ent: 0.85)
client_c3_EMNIST:'W' -> client_c0_MNIST | Predict: '0' (Ent: 0.01)
  ⚠️ [Mismatch] Cycle Back predicted 'G' (Expected 'W') (Ent: 1.80)
client_c3_EMNIST:'X' -> client_c0_MNIST | Predict: '4' (Ent: 0.14)
  ⚠️ [Mismatch] Cycle Back predicted '4' (Expected 'X') (Ent: 0.59)
client_c3_EMNIST:'Y' -> client_c0_MNIST | Predict: '4' (Ent: 0.39)
  ⚠️ [Mismatch] Cycle Back predicted '4' (Expected 'Y') (Ent: 0.67)
client_c3_EMNIST:'Z' -> client_c0_MNIST | Predict: '2' (Ent: 0.00)
  ⚠️ [Mismatch] Cycle Back predicted '7' (Expected 'Z') (Ent: 1.35)
client_c3_EMNIST:'a' -> client_c0_MNIST | Predict: '2' (Ent: 0.94)
  ⚠️ [Mismatch] Cycle Back predicted '7' (Expected 'a') (Ent: 1.42)
client_c3_EMNIST:'b' -> client_c0_MNIST | Predict: '0' (Ent: 0.00)
  ⚠️ [Mismatch] Cycle Back predicted 'G' (Expected 'b') (Ent: 1.84)
client_c3_EMNIST:'c' -> client_c0_MNIST | Predict: '6' (Ent: 0.62)
  ⚠️ [Mismatch] Cycle Back predicted '6' (Expected 'c') (Ent: 1.79)
client_c3_EMNIST:'d' -> client_c0_MNIST | Predict: '8' (Ent: 0.39)
  ⚠️ [Mismatch] Cycle Back predicted '8' (Expected 'd') (Ent: 1.44)
client_c3_EMNIST:'e' -> client_c0_MNIST | Predict: '6' (Ent: 0.73)
  ⚠️ [Mismatch] Cycle Back predicted '6' (Expected 'e') (Ent: 1.93)
client_c3_EMNIST:'f' -> client_c0_MNIST | Predict: '4' (Ent: 0.02)
  ⚠️ [Mismatch] Cycle Back predicted '4' (Expected 'f') (Ent: 0.67)
client_c3_EMNIST:'g' -> client_c0_MNIST | Predict: '0' (Ent: 0.40)
  ⚠️ [Mismatch] Cycle Back predicted 'G' (Expected 'g') (Ent: 1.72)
client_c3_EMNIST:'h' -> client_c0_MNIST | Predict: '6' (Ent: 0.18)
  ⚠️ [Mismatch] Cycle Back predicted '6' (Expected 'h') (Ent: 1.82)
client_c3_EMNIST:'i' -> client_c0_MNIST | Predict: '0' (Ent: 1.19)
  ⚠️ [Mismatch] Cycle Back predicted 'G' (Expected 'i') (Ent: 1.99)
client_c3_EMNIST:'j' -> client_c0_MNIST | Predict: '1' (Ent: 1.11)
  ⚠️ [Mismatch] Cycle Back predicted '1' (Expected 'j') (Ent: 1.26)
client_c3_EMNIST:'k' -> client_c0_MNIST | Predict: '6' (Ent: 0.02)
  ⚠️ [Mismatch] Cycle Back predicted 'b' (Expected 'k') (Ent: 1.90)
client_c3_EMNIST:'l' -> client_c0_MNIST | Predict: '8' (Ent: 0.65)
  ⚠️ [Mismatch] Cycle Back predicted '8' (Expected 'l') (Ent: 1.35)
client_c3_EMNIST:'m' -> client_c0_MNIST | Predict: '0' (Ent: 0.00)
  ⚠️ [Mismatch] Cycle Back predicted 'G' (Expected 'm') (Ent: 1.76)
client_c3_EMNIST:'n' -> client_c0_MNIST | Predict: '0' (Ent: 0.41)
  ⚠️ [Mismatch] Cycle Back predicted 'G' (Expected 'n') (Ent: 2.10)
client_c3_EMNIST:'o' -> client_c0_MNIST | Predict: '0' (Ent: 0.00)
  ⚠️ [Mismatch] Cycle Back predicted 'G' (Expected 'o') (Ent: 2.00)
client_c3_EMNIST:'p' -> client_c0_MNIST | Predict: '0' (Ent: 0.92)
  ⚠️ [Mismatch] Cycle Back predicted 'G' (Expected 'p') (Ent: 1.80)
client_c3_EMNIST:'q' -> client_c0_MNIST | Predict: '9' (Ent: 0.01)
  ⚠️ [Mismatch] Cycle Back predicted 'g' (Expected 'q') (Ent: 1.83)
client_c3_EMNIST:'r' -> client_c0_MNIST | Predict: '6' (Ent: 0.01)
  ⚠️ [Mismatch] Cycle Back predicted '6' (Expected 'r') (Ent: 1.83)
client_c3_EMNIST:'s' -> client_c0_MNIST | Predict: '6' (Ent: 0.00)
  ⚠️ [Mismatch] Cycle Back predicted '6' (Expected 's') (Ent: 1.99)
client_c3_EMNIST:'t' -> client_c0_MNIST | Predict: '4' (Ent: 0.00)
  ⚠️ [Mismatch] Cycle Back predicted '4' (Expected 't') (Ent: 0.82)
client_c3_EMNIST:'u' -> client_c0_MNIST | Predict: '6' (Ent: 0.60)
  ⚠️ [Mismatch] Cycle Back predicted '6' (Expected 'u') (Ent: 1.92)
client_c3_EMNIST:'v' -> client_c0_MNIST | Predict: '8' (Ent: 0.94)
  ⚠️ [Mismatch] Cycle Back predicted '8' (Expected 'v') (Ent: 1.48)
client_c3_EMNIST:'w' -> client_c0_MNIST | Predict: '4' (Ent: 0.00)
  ⚠️ [Mismatch] Cycle Back predicted '4' (Expected 'w') (Ent: 0.68)
client_c3_EMNIST:'x' -> client_c0_MNIST | Predict: '0' (Ent: 0.73)
  ⚠️ [Mismatch] Cycle Back predicted 'G' (Expected 'x') (Ent: 1.86)
client_c3_EMNIST:'y' -> client_c0_MNIST | Predict: '0' (Ent: 0.28)
  ⚠️ [Mismatch] Cycle Back predicted 'G' (Expected 'y') (Ent: 1.81)
client_c3_EMNIST:'z' -> client_c0_MNIST | Predict: '2' (Ent: 0.00)
  ⚠️ [Mismatch] Cycle Back predicted '7' (Expected 'z') (Ent: 1.44)
client_c3_EMNIST:'6' -> client_c1_MNIST | Predict: '0' (Ent: 0.55)
  ⚠️ [Mismatch] Cycle Back predicted '0' (Expected '6') (Ent: 1.12)
client_c3_EMNIST:'A' -> client_c1_MNIST | Predict: '8' (Ent: 0.45)
  ⚠️ [Mismatch] Cycle Back predicted '8' (Expected 'A') (Ent: 0.89)
client_c3_EMNIST:'B' -> client_c1_MNIST | Predict: '8' (Ent: 0.00)
  ⚠️ [Mismatch] Cycle Back predicted '8' (Expected 'B') (Ent: 1.08)
client_c3_EMNIST:'C' -> client_c1_MNIST | Predict: '5' (Ent: 0.71)
  ⚠️ [Mismatch] Cycle Back predicted '5' (Expected 'C') (Ent: 1.08)
client_c3_EMNIST:'D' -> client_c1_MNIST | Predict: '0' (Ent: 0.00)
  ⚠️ [Mismatch] Cycle Back predicted '0' (Expected 'D') (Ent: 1.20)
client_c3_EMNIST:'E' -> client_c1_MNIST | Predict: '5' (Ent: 0.05)
  ⚠️ [Mismatch] Cycle Back predicted '5' (Expected 'E') (Ent: 1.02)
client_c3_EMNIST:'F' -> client_c1_MNIST | Predict: '8' (Ent: 1.58)
  ⚠️ [Mismatch] Cycle Back predicted '8' (Expected 'F') (Ent: 1.06)
client_c3_EMNIST:'H' -> client_c1_MNIST | Predict: '1' (Ent: 0.09)
  ⚠️ [Mismatch] Cycle Back predicted '1' (Expected 'H') (Ent: 1.33)
client_c3_EMNIST:'I' -> client_c1_MNIST | Predict: '1' (Ent: 0.04)
  ⚠️ [Mismatch] Cycle Back predicted '1' (Expected 'I') (Ent: 1.35)
client_c3_EMNIST:'J' -> client_c1_MNIST | Predict: '2' (Ent: 0.62)
  ⚠️ [Mismatch] Cycle Back predicted '2' (Expected 'J') (Ent: 1.32)
client_c3_EMNIST:'K' -> client_c1_MNIST | Predict: '4' (Ent: 0.16)
  ⚠️ [Mismatch] Cycle Back predicted '4' (Expected 'K') (Ent: 0.80)
client_c3_EMNIST:'L' -> client_c1_MNIST | Predict: '6' (Ent: 0.37)
  ⚠️ [Mismatch] Cycle Back predicted 'G' (Expected 'L') (Ent: 0.88)
client_c3_EMNIST:'M' -> client_c1_MNIST | Predict: '4' (Ent: 0.00)
  ⚠️ [Mismatch] Cycle Back predicted '4' (Expected 'M') (Ent: 0.78)
client_c3_EMNIST:'N' -> client_c1_MNIST | Predict: '4' (Ent: 0.43)
  ⚠️ [Mismatch] Cycle Back predicted '4' (Expected 'N') (Ent: 1.11)
client_c3_EMNIST:'O' -> client_c1_MNIST | Predict: '0' (Ent: 0.00)
  ⚠️ [Mismatch] Cycle Back predicted '0' (Expected 'O') (Ent: 1.37)
client_c3_EMNIST:'P' -> client_c1_MNIST | Predict: '3' (Ent: 0.05)
  ⚠️ [Mismatch] Cycle Back predicted '3' (Expected 'P') (Ent: 0.91)
client_c3_EMNIST:'Q' -> client_c1_MNIST | Predict: '0' (Ent: 0.01)
  ⚠️ [Mismatch] Cycle Back predicted '0' (Expected 'Q') (Ent: 1.19)
client_c3_EMNIST:'R' -> client_c1_MNIST | Predict: '8' (Ent: 0.17)
  ⚠️ [Mismatch] Cycle Back predicted '8' (Expected 'R') (Ent: 0.97)
client_c3_EMNIST:'S' -> client_c1_MNIST | Predict: '3' (Ent: 0.01)
  ⚠️ [Mismatch] Cycle Back predicted '3' (Expected 'S') (Ent: 0.97)
client_c3_EMNIST:'T' -> client_c1_MNIST | Predict: '7' (Ent: 0.00)
  ⚠️ [Mismatch] Cycle Back predicted '7' (Expected 'T') (Ent: 1.34)
client_c3_EMNIST:'U' -> client_c1_MNIST | Predict: '0' (Ent: 0.00)
  ⚠️ [Mismatch] Cycle Back predicted '0' (Expected 'U') (Ent: 1.17)
client_c3_EMNIST:'V' -> client_c1_MNIST | Predict: '8' (Ent: 1.07)
  ⚠️ [Mismatch] Cycle Back predicted '8' (Expected 'V') (Ent: 1.23)
client_c3_EMNIST:'W' -> client_c1_MNIST | Predict: '0' (Ent: 0.00)
  ⚠️ [Mismatch] Cycle Back predicted '0' (Expected 'W') (Ent: 1.22)
client_c3_EMNIST:'X' -> client_c1_MNIST | Predict: '2' (Ent: 0.03)
  ⚠️ [Mismatch] Cycle Back predicted '2' (Expected 'X') (Ent: 1.36)
client_c3_EMNIST:'Y' -> client_c1_MNIST | Predict: '7' (Ent: 0.01)
  ⚠️ [Mismatch] Cycle Back predicted '7' (Expected 'Y') (Ent: 1.35)
client_c3_EMNIST:'Z' -> client_c1_MNIST | Predict: '2' (Ent: 0.00)
  ⚠️ [Mismatch] Cycle Back predicted '2' (Expected 'Z') (Ent: 1.37)
client_c3_EMNIST:'a' -> client_c1_MNIST | Predict: '8' (Ent: 0.35)
  ⚠️ [Mismatch] Cycle Back predicted '8' (Expected 'a') (Ent: 1.08)
client_c3_EMNIST:'b' -> client_c1_MNIST | Predict: '4' (Ent: 0.68)
  ⚠️ [Mismatch] Cycle Back predicted '4' (Expected 'b') (Ent: 0.82)
client_c3_EMNIST:'c' -> client_c1_MNIST | Predict: '5' (Ent: 0.00)
  ⚠️ [Mismatch] Cycle Back predicted '5' (Expected 'c') (Ent: 0.89)
client_c3_EMNIST:'d' -> client_c1_MNIST | Predict: '8' (Ent: 0.06)
  ⚠️ [Mismatch] Cycle Back predicted '8' (Expected 'd') (Ent: 1.12)
client_c3_EMNIST:'e' -> client_c1_MNIST | Predict: '0' (Ent: 0.09)
  ⚠️ [Mismatch] Cycle Back predicted '0' (Expected 'e') (Ent: 1.21)
client_c3_EMNIST:'f' -> client_c1_MNIST | Predict: '4' (Ent: 0.03)
  ⚠️ [Mismatch] Cycle Back predicted '4' (Expected 'f') (Ent: 0.85)
client_c3_EMNIST:'g' -> client_c1_MNIST | Predict: '2' (Ent: 1.02)
  ⚠️ [Mismatch] Cycle Back predicted '2' (Expected 'g') (Ent: 1.35)
client_c3_EMNIST:'h' -> client_c1_MNIST | Predict: '6' (Ent: 1.00)
  ⚠️ [Mismatch] Cycle Back predicted 'G' (Expected 'h') (Ent: 0.85)
client_c3_EMNIST:'i' -> client_c1_MNIST | Predict: '1' (Ent: 0.89)
  ⚠️ [Mismatch] Cycle Back predicted '1' (Expected 'i') (Ent: 1.30)
client_c3_EMNIST:'j' -> client_c1_MNIST | Predict: '7' (Ent: 1.09)
  ⚠️ [Mismatch] Cycle Back predicted '7' (Expected 'j') (Ent: 0.98)
client_c3_EMNIST:'k' -> client_c1_MNIST | Predict: '6' (Ent: 0.24)
  ⚠️ [Mismatch] Cycle Back predicted 'G' (Expected 'k') (Ent: 0.85)
client_c3_EMNIST:'l' -> client_c1_MNIST | Predict: '1' (Ent: 0.62)
  ⚠️ [Mismatch] Cycle Back predicted '1' (Expected 'l') (Ent: 1.26)
client_c3_EMNIST:'m' -> client_c1_MNIST | Predict: '7' (Ent: 0.03)
  ⚠️ [Mismatch] Cycle Back predicted '7' (Expected 'm') (Ent: 1.38)
client_c3_EMNIST:'n' -> client_c1_MNIST | Predict: '0' (Ent: 0.01)
  ⚠️ [Mismatch] Cycle Back predicted '0' (Expected 'n') (Ent: 1.35)
client_c3_EMNIST:'o' -> client_c1_MNIST | Predict: '0' (Ent: 0.00)
  ⚠️ [Mismatch] Cycle Back predicted '0' (Expected 'o') (Ent: 1.23)
client_c3_EMNIST:'p' -> client_c1_MNIST | Predict: '0' (Ent: 1.04)
  ⚠️ [Mismatch] Cycle Back predicted '0' (Expected 'p') (Ent: 1.01)
client_c3_EMNIST:'q' -> client_c1_MNIST | Predict: '7' (Ent: 0.39)
  ⚠️ [Mismatch] Cycle Back predicted '7' (Expected 'q') (Ent: 1.28)
client_c3_EMNIST:'r' -> client_c1_MNIST | Predict: '5' (Ent: 1.07)
  ⚠️ [Mismatch] Cycle Back predicted '5' (Expected 'r') (Ent: 0.84)
client_c3_EMNIST:'s' -> client_c1_MNIST | Predict: '6' (Ent: 0.52)
  ⚠️ [Mismatch] Cycle Back predicted 'G' (Expected 's') (Ent: 0.83)
client_c3_EMNIST:'t' -> client_c1_MNIST | Predict: '1' (Ent: 0.39)
  ⚠️ [Mismatch] Cycle Back predicted '1' (Expected 't') (Ent: 1.40)
client_c3_EMNIST:'u' -> client_c1_MNIST | Predict: '0' (Ent: 0.43)
  ⚠️ [Mismatch] Cycle Back predicted '0' (Expected 'u') (Ent: 1.37)
client_c3_EMNIST:'v' -> client_c1_MNIST | Predict: '0' (Ent: 0.27)
  ⚠️ [Mismatch] Cycle Back predicted '0' (Expected 'v') (Ent: 1.21)
client_c3_EMNIST:'w' -> client_c1_MNIST | Predict: '4' (Ent: 0.08)
  ⚠️ [Mismatch] Cycle Back predicted '4' (Expected 'w') (Ent: 0.84)
client_c3_EMNIST:'x' -> client_c1_MNIST | Predict: '2' (Ent: 0.23)
  ⚠️ [Mismatch] Cycle Back predicted '2' (Expected 'x') (Ent: 1.27)
client_c3_EMNIST:'y' -> client_c1_MNIST | Predict: '7' (Ent: 0.08)
  ⚠️ [Mismatch] Cycle Back predicted '7' (Expected 'y') (Ent: 1.12)
client_c3_EMNIST:'z' -> client_c1_MNIST | Predict: '2' (Ent: 0.00)
  ⚠️ [Mismatch] Cycle Back predicted '2' (Expected 'z') (Ent: 1.40)
client_c3_EMNIST:'0' -> client_c4_EMNIST | Predict: '0' (Ent: 0.72)
  ⚠️ [Mismatch] Cycle Back predicted 'B' (Expected '0') (Ent: 0.84)
client_c3_EMNIST:'1' -> client_c4_EMNIST | Predict: '1' (Ent: 0.96)
  ✅ [Match] client_c3_EMNIST:'1' <==> client_c4_EMNIST:'1' (Ent: 0.77)
client_c3_EMNIST:'2' -> client_c4_EMNIST | Predict: '3' (Ent: 0.10)
  ⚠️ [Mismatch] Cycle Back predicted '3' (Expected '2') (Ent: 0.00)
client_c3_EMNIST:'3' -> client_c4_EMNIST | Predict: '8' (Ent: 0.67)
  ⚠️ [Mismatch] Cycle Back predicted 'q' (Expected '3') (Ent: 0.90)
client_c3_EMNIST:'4' -> client_c4_EMNIST | Predict: '4' (Ent: 0.18)
  ⚠️ [Mismatch] Cycle Back predicted '9' (Expected '4') (Ent: 0.39)
client_c3_EMNIST:'5' -> client_c4_EMNIST | Predict: '5' (Ent: 0.03)
  ✅ [Match] client_c3_EMNIST:'5' <==> client_c4_EMNIST:'5' (Ent: 0.30)
client_c3_EMNIST:'6' -> client_c4_EMNIST | Predict: '6' (Ent: 0.17)
  ✅ [Match] client_c3_EMNIST:'6' <==> client_c4_EMNIST:'6' (Ent: 0.94)
client_c3_EMNIST:'7' -> client_c4_EMNIST | Predict: '7' (Ent: 0.00)
  ✅ [Match] client_c3_EMNIST:'7' <==> client_c4_EMNIST:'7' (Ent: 1.31)
client_c3_EMNIST:'8' -> client_c4_EMNIST | Predict: '8' (Ent: 0.00)
  ⚠️ [Mismatch] Cycle Back predicted 'q' (Expected '8') (Ent: 0.91)
client_c3_EMNIST:'9' -> client_c4_EMNIST | Predict: '9' (Ent: 0.60)
  ✅ [Match] client_c3_EMNIST:'9' <==> client_c4_EMNIST:'9' (Ent: 0.47)
client_c3_EMNIST:'A' -> client_c4_EMNIST | Predict: 'a' (Ent: 0.65)
  ⚠️ [Mismatch] Cycle Back predicted 'w' (Expected 'A') (Ent: 1.50)
client_c3_EMNIST:'B' -> client_c4_EMNIST | Predict: 'B' (Ent: 0.36)
  ✅ [Match] client_c3_EMNIST:'B' <==> client_c4_EMNIST:'B' (Ent: 0.10)
client_c3_EMNIST:'C' -> client_c4_EMNIST | Predict: 'C' (Ent: 0.17)
  ⚠️ [Mismatch] Cycle Back predicted 'c' (Expected 'C') (Ent: 0.80)
client_c3_EMNIST:'D' -> client_c4_EMNIST | Predict: '0' (Ent: 0.97)
  ⚠️ [Mismatch] Cycle Back predicted 'B' (Expected 'D') (Ent: 0.88)
client_c3_EMNIST:'E' -> client_c4_EMNIST | Predict: 'E' (Ent: 0.00)
  ✅ [Match] client_c3_EMNIST:'E' <==> client_c4_EMNIST:'E' (Ent: 0.23)
client_c3_EMNIST:'F' -> client_c4_EMNIST | Predict: 'Y' (Ent: 1.78)
  ⚠️ [Mismatch] Cycle Back predicted '8' (Expected 'F') (Ent: 1.36)
client_c3_EMNIST:'G' -> client_c4_EMNIST | Predict: 'b' (Ent: 0.34)
  ⚠️ [Mismatch] Cycle Back predicted '6' (Expected 'G') (Ent: 0.46)
client_c3_EMNIST:'H' -> client_c4_EMNIST | Predict: '4' (Ent: 0.97)
  ⚠️ [Mismatch] Cycle Back predicted '9' (Expected 'H') (Ent: 0.39)
client_c3_EMNIST:'I' -> client_c4_EMNIST | Predict: '1' (Ent: 0.97)
  ⚠️ [Mismatch] Cycle Back predicted '1' (Expected 'I') (Ent: 0.77)
client_c3_EMNIST:'J' -> client_c4_EMNIST | Predict: 'm' (Ent: 1.06)
  ⚠️ [Mismatch] Cycle Back predicted 'm' (Expected 'J') (Ent: 0.66)
client_c3_EMNIST:'K' -> client_c4_EMNIST | Predict: '8' (Ent: 0.98)
  ⚠️ [Mismatch] Cycle Back predicted 'q' (Expected 'K') (Ent: 0.91)
client_c3_EMNIST:'L' -> client_c4_EMNIST | Predict: '6' (Ent: 2.00)
  ⚠️ [Mismatch] Cycle Back predicted '6' (Expected 'L') (Ent: 0.93)
client_c3_EMNIST:'M' -> client_c4_EMNIST | Predict: 'M' (Ent: 0.42)
  ⚠️ [Mismatch] Cycle Back predicted 'm' (Expected 'M') (Ent: 1.15)
client_c3_EMNIST:'N' -> client_c4_EMNIST | Predict: 'M' (Ent: 1.52)
  ⚠️ [Mismatch] Cycle Back predicted 'm' (Expected 'N') (Ent: 1.16)
client_c3_EMNIST:'O' -> client_c4_EMNIST | Predict: 'O' (Ent: 0.37)
  ⚠️ [Mismatch] Cycle Back predicted '0' (Expected 'O') (Ent: 0.89)
client_c3_EMNIST:'P' -> client_c4_EMNIST | Predict: '5' (Ent: 0.27)
  ⚠️ [Mismatch] Cycle Back predicted '5' (Expected 'P') (Ent: 0.30)
client_c3_EMNIST:'Q' -> client_c4_EMNIST | Predict: 'D' (Ent: 1.66)
  ⚠️ [Mismatch] Cycle Back predicted '8' (Expected 'Q') (Ent: 1.27)
client_c3_EMNIST:'R' -> client_c4_EMNIST | Predict: 'R' (Ent: 0.28)
  ⚠️ [Mismatch] Cycle Back predicted 'a' (Expected 'R') (Ent: 0.19)
client_c3_EMNIST:'S' -> client_c4_EMNIST | Predict: 'J' (Ent: 0.60)
  ⚠️ [Mismatch] Cycle Back predicted 'D' (Expected 'S') (Ent: 1.11)
client_c3_EMNIST:'T' -> client_c4_EMNIST | Predict: 'T' (Ent: 0.68)
  ⚠️ [Mismatch] Cycle Back predicted 't' (Expected 'T') (Ent: 1.01)
client_c3_EMNIST:'U' -> client_c4_EMNIST | Predict: 'U' (Ent: 0.02)
  ⚠️ [Mismatch] Cycle Back predicted 'u' (Expected 'U') (Ent: 1.69)
client_c3_EMNIST:'V' -> client_c4_EMNIST | Predict: 'v' (Ent: 0.90)
  ✅ [Match] client_c3_EMNIST:'V' <==> client_c4_EMNIST:'v' (Ent: 1.16)
client_c3_EMNIST:'W' -> client_c4_EMNIST | Predict: 'w' (Ent: 0.85)
  ⚠️ [Mismatch] Cycle Back predicted 'w' (Expected 'W') (Ent: 0.38)
client_c3_EMNIST:'X' -> client_c4_EMNIST | Predict: 'A' (Ent: 0.77)
  ⚠️ [Mismatch] Cycle Back predicted 'A' (Expected 'X') (Ent: 0.16)
client_c3_EMNIST:'Y' -> client_c4_EMNIST | Predict: 'Y' (Ent: 0.70)
  ⚠️ [Mismatch] Cycle Back predicted '8' (Expected 'Y') (Ent: 1.36)
client_c3_EMNIST:'Z' -> client_c4_EMNIST | Predict: 'Z' (Ent: 0.72)
  ⚠️ [Mismatch] Cycle Back predicted '2' (Expected 'Z') (Ent: 0.85)
client_c3_EMNIST:'a' -> client_c4_EMNIST | Predict: 'a' (Ent: 0.55)
  ⚠️ [Mismatch] Cycle Back predicted 'w' (Expected 'a') (Ent: 1.52)
client_c3_EMNIST:'b' -> client_c4_EMNIST | Predict: 'L' (Ent: 1.38)
  ⚠️ [Mismatch] Cycle Back predicted 'L' (Expected 'b') (Ent: 0.92)
client_c3_EMNIST:'c' -> client_c4_EMNIST | Predict: 'C' (Ent: 0.11)
  ✅ [Match] client_c3_EMNIST:'c' <==> client_c4_EMNIST:'C' (Ent: 0.81)
client_c3_EMNIST:'d' -> client_c4_EMNIST | Predict: 'd' (Ent: 1.55)
  ⚠️ [Mismatch] Cycle Back predicted 'O' (Expected 'd') (Ent: 1.46)
client_c3_EMNIST:'e' -> client_c4_EMNIST | Predict: 'C' (Ent: 0.90)
  ⚠️ [Mismatch] Cycle Back predicted 'c' (Expected 'e') (Ent: 0.81)
client_c3_EMNIST:'f' -> client_c4_EMNIST | Predict: 'f' (Ent: 0.80)
  ⚠️ [Mismatch] Cycle Back predicted 'F' (Expected 'f') (Ent: 0.70)
client_c3_EMNIST:'g' -> client_c4_EMNIST | Predict: '2' (Ent: 1.78)
  ⚠️ [Mismatch] Cycle Back predicted '2' (Expected 'g') (Ent: 0.00)
client_c3_EMNIST:'h' -> client_c4_EMNIST | Predict: 'b' (Ent: 0.99)
  ⚠️ [Mismatch] Cycle Back predicted '6' (Expected 'h') (Ent: 0.44)
client_c3_EMNIST:'i' -> client_c4_EMNIST | Predict: 'r' (Ent: 0.79)
  ⚠️ [Mismatch] Cycle Back predicted 'r' (Expected 'i') (Ent: 0.03)
client_c3_EMNIST:'j' -> client_c4_EMNIST | Predict: '2' (Ent: 0.68)
  ⚠️ [Mismatch] Cycle Back predicted '2' (Expected 'j') (Ent: 0.00)
client_c3_EMNIST:'k' -> client_c4_EMNIST | Predict: 'L' (Ent: 0.73)
  ⚠️ [Mismatch] Cycle Back predicted 'L' (Expected 'k') (Ent: 0.91)
client_c3_EMNIST:'l' -> client_c4_EMNIST | Predict: 'i' (Ent: 1.37)
  ⚠️ [Mismatch] Cycle Back predicted '1' (Expected 'l') (Ent: 0.99)
client_c3_EMNIST:'m' -> client_c4_EMNIST | Predict: 'm' (Ent: 0.54)
  ✅ [Match] client_c3_EMNIST:'m' <==> client_c4_EMNIST:'m' (Ent: 0.66)
client_c3_EMNIST:'n' -> client_c4_EMNIST | Predict: 'w' (Ent: 1.39)
  ⚠️ [Mismatch] Cycle Back predicted 'w' (Expected 'n') (Ent: 0.38)
client_c3_EMNIST:'o' -> client_c4_EMNIST | Predict: '0' (Ent: 0.92)
  ⚠️ [Mismatch] Cycle Back predicted 'B' (Expected 'o') (Ent: 0.86)
client_c3_EMNIST:'p' -> client_c4_EMNIST | Predict: 'p' (Ent: 0.61)
  ⚠️ [Mismatch] Cycle Back predicted 'f' (Expected 'p') (Ent: 0.90)
client_c3_EMNIST:'q' -> client_c4_EMNIST | Predict: '7' (Ent: 1.22)
  ⚠️ [Mismatch] Cycle Back predicted '7' (Expected 'q') (Ent: 1.33)
client_c3_EMNIST:'r' -> client_c4_EMNIST | Predict: 'F' (Ent: 0.44)
  ⚠️ [Mismatch] Cycle Back predicted 'F' (Expected 'r') (Ent: 0.04)
client_c3_EMNIST:'s' -> client_c4_EMNIST | Predict: '8' (Ent: 1.00)
  ⚠️ [Mismatch] Cycle Back predicted 'q' (Expected 's') (Ent: 0.90)
client_c3_EMNIST:'t' -> client_c4_EMNIST | Predict: 'j' (Ent: 2.02)
  ⚠️ [Mismatch] Cycle Back predicted 'j' (Expected 't') (Ent: 1.09)
client_c3_EMNIST:'u' -> client_c4_EMNIST | Predict: 'U' (Ent: 0.67)
  ✅ [Match] client_c3_EMNIST:'u' <==> client_c4_EMNIST:'U' (Ent: 1.69)
client_c3_EMNIST:'v' -> client_c4_EMNIST | Predict: 'v' (Ent: 0.69)
  ⚠️ [Mismatch] Cycle Back predicted 'V' (Expected 'v') (Ent: 1.18)
client_c3_EMNIST:'w' -> client_c4_EMNIST | Predict: 'W' (Ent: 0.40)
  ⚠️ [Mismatch] Cycle Back predicted 'W' (Expected 'w') (Ent: 1.07)
client_c3_EMNIST:'x' -> client_c4_EMNIST | Predict: 'x' (Ent: 0.24)
  ⚠️ [Mismatch] Cycle Back predicted 'V' (Expected 'x') (Ent: 1.29)
client_c3_EMNIST:'y' -> client_c4_EMNIST | Predict: 'Y' (Ent: 0.82)
  ⚠️ [Mismatch] Cycle Back predicted '8' (Expected 'y') (Ent: 1.38)
client_c3_EMNIST:'z' -> client_c4_EMNIST | Predict: 'Z' (Ent: 1.10)
  ⚠️ [Mismatch] Cycle Back predicted '2' (Expected 'z') (Ent: 0.86)
client_c4_EMNIST:'1' -> client_c0_MNIST | Predict: '1' (Ent: 0.01)
  ⚠️ [Mismatch] Cycle Back predicted 'I' (Expected '1') (Ent: 1.63)
client_c4_EMNIST:'9' -> client_c0_MNIST | Predict: '8' (Ent: 0.77)
  ⚠️ [Mismatch] Cycle Back predicted '8' (Expected '9') (Ent: 1.61)
client_c4_EMNIST:'A' -> client_c0_MNIST | Predict: '4' (Ent: 0.02)
  ⚠️ [Mismatch] Cycle Back predicted '4' (Expected 'A') (Ent: 1.59)
client_c4_EMNIST:'B' -> client_c0_MNIST | Predict: '2' (Ent: 0.65)
  ⚠️ [Mismatch] Cycle Back predicted '2' (Expected 'B') (Ent: 1.72)
client_c4_EMNIST:'C' -> client_c0_MNIST | Predict: '6' (Ent: 0.15)
  ⚠️ [Mismatch] Cycle Back predicted '6' (Expected 'C') (Ent: 2.08)
client_c4_EMNIST:'D' -> client_c0_MNIST | Predict: '8' (Ent: 0.40)
  ⚠️ [Mismatch] Cycle Back predicted '8' (Expected 'D') (Ent: 1.57)
client_c4_EMNIST:'E' -> client_c0_MNIST | Predict: '6' (Ent: 0.02)
  ⚠️ [Mismatch] Cycle Back predicted '6' (Expected 'E') (Ent: 1.89)
client_c4_EMNIST:'F' -> client_c0_MNIST | Predict: '6' (Ent: 0.52)
  ⚠️ [Mismatch] Cycle Back predicted '6' (Expected 'F') (Ent: 2.10)
client_c4_EMNIST:'G' -> client_c0_MNIST | Predict: '8' (Ent: 0.39)
  ⚠️ [Mismatch] Cycle Back predicted '8' (Expected 'G') (Ent: 1.47)
client_c4_EMNIST:'H' -> client_c0_MNIST | Predict: '8' (Ent: 0.05)
  ⚠️ [Mismatch] Cycle Back predicted '8' (Expected 'H') (Ent: 1.49)
client_c4_EMNIST:'J' -> client_c0_MNIST | Predict: '0' (Ent: 0.01)
  ⚠️ [Mismatch] Cycle Back predicted '0' (Expected 'J') (Ent: 2.32)
client_c4_EMNIST:'K' -> client_c0_MNIST | Predict: '0' (Ent: 0.76)
  ⚠️ [Mismatch] Cycle Back predicted '0' (Expected 'K') (Ent: 2.35)
client_c4_EMNIST:'L' -> client_c0_MNIST | Predict: '6' (Ent: 0.13)
  ⚠️ [Mismatch] Cycle Back predicted '6' (Expected 'L') (Ent: 2.02)
client_c4_EMNIST:'M' -> client_c0_MNIST | Predict: '0' (Ent: 0.31)
  ⚠️ [Mismatch] Cycle Back predicted '0' (Expected 'M') (Ent: 2.31)
client_c4_EMNIST:'N' -> client_c0_MNIST | Predict: '0' (Ent: 0.21)
  ⚠️ [Mismatch] Cycle Back predicted '0' (Expected 'N') (Ent: 2.39)
client_c4_EMNIST:'O' -> client_c0_MNIST | Predict: '0' (Ent: 0.00)
  ⚠️ [Mismatch] Cycle Back predicted '0' (Expected 'O') (Ent: 2.22)
client_c4_EMNIST:'P' -> client_c0_MNIST | Predict: '6' (Ent: 0.74)
  ⚠️ [Mismatch] Cycle Back predicted '6' (Expected 'P') (Ent: 2.19)
client_c4_EMNIST:'Q' -> client_c0_MNIST | Predict: '6' (Ent: 0.50)
  ⚠️ [Mismatch] Cycle Back predicted '6' (Expected 'Q') (Ent: 2.05)
client_c4_EMNIST:'R' -> client_c0_MNIST | Predict: '6' (Ent: 0.38)
  ⚠️ [Mismatch] Cycle Back predicted '6' (Expected 'R') (Ent: 1.89)
client_c4_EMNIST:'S' -> client_c0_MNIST | Predict: '0' (Ent: 0.16)
  ⚠️ [Mismatch] Cycle Back predicted '0' (Expected 'S') (Ent: 2.18)
client_c4_EMNIST:'T' -> client_c0_MNIST | Predict: '4' (Ent: 0.76)
  ⚠️ [Mismatch] Cycle Back predicted '4' (Expected 'T') (Ent: 1.56)
client_c4_EMNIST:'U' -> client_c0_MNIST | Predict: '0' (Ent: 0.71)
  ⚠️ [Mismatch] Cycle Back predicted '0' (Expected 'U') (Ent: 2.25)
client_c4_EMNIST:'V' -> client_c0_MNIST | Predict: '0' (Ent: 0.38)
  ⚠️ [Mismatch] Cycle Back predicted '0' (Expected 'V') (Ent: 2.25)
client_c4_EMNIST:'W' -> client_c0_MNIST | Predict: '0' (Ent: 0.05)
  ⚠️ [Mismatch] Cycle Back predicted '0' (Expected 'W') (Ent: 2.28)
client_c4_EMNIST:'X' -> client_c0_MNIST | Predict: '4' (Ent: 0.62)
  ⚠️ [Mismatch] Cycle Back predicted '4' (Expected 'X') (Ent: 1.66)
client_c4_EMNIST:'Y' -> client_c0_MNIST | Predict: '8' (Ent: 0.78)
  ⚠️ [Mismatch] Cycle Back predicted '8' (Expected 'Y') (Ent: 1.51)
client_c4_EMNIST:'Z' -> client_c0_MNIST | Predict: '2' (Ent: 0.00)
  ⚠️ [Mismatch] Cycle Back predicted '2' (Expected 'Z') (Ent: 1.57)
client_c4_EMNIST:'a' -> client_c0_MNIST | Predict: '0' (Ent: 0.14)
  ⚠️ [Mismatch] Cycle Back predicted '0' (Expected 'a') (Ent: 2.30)
client_c4_EMNIST:'b' -> client_c0_MNIST | Predict: '6' (Ent: 0.03)
  ⚠️ [Mismatch] Cycle Back predicted '6' (Expected 'b') (Ent: 1.92)
client_c4_EMNIST:'c' -> client_c0_MNIST | Predict: '6' (Ent: 0.68)
  ⚠️ [Mismatch] Cycle Back predicted '6' (Expected 'c') (Ent: 1.95)
client_c4_EMNIST:'d' -> client_c0_MNIST | Predict: '0' (Ent: 0.10)
  ⚠️ [Mismatch] Cycle Back predicted '0' (Expected 'd') (Ent: 2.44)
client_c4_EMNIST:'e' -> client_c0_MNIST | Predict: '6' (Ent: 0.07)
  ⚠️ [Mismatch] Cycle Back predicted '6' (Expected 'e') (Ent: 2.06)
client_c4_EMNIST:'f' -> client_c0_MNIST | Predict: '6' (Ent: 0.82)
  ⚠️ [Mismatch] Cycle Back predicted '6' (Expected 'f') (Ent: 1.73)
client_c4_EMNIST:'g' -> client_c0_MNIST | Predict: '8' (Ent: 0.06)
  ⚠️ [Mismatch] Cycle Back predicted '8' (Expected 'g') (Ent: 1.62)
client_c4_EMNIST:'h' -> client_c0_MNIST | Predict: '4' (Ent: 0.66)
  ⚠️ [Mismatch] Cycle Back predicted '4' (Expected 'h') (Ent: 1.29)
client_c4_EMNIST:'i' -> client_c0_MNIST | Predict: '1' (Ent: 0.17)
  ⚠️ [Mismatch] Cycle Back predicted '1' (Expected 'i') (Ent: 1.61)
client_c4_EMNIST:'j' -> client_c0_MNIST | Predict: '0' (Ent: 0.00)
  ⚠️ [Mismatch] Cycle Back predicted '0' (Expected 'j') (Ent: 2.23)
client_c4_EMNIST:'k' -> client_c0_MNIST | Predict: '6' (Ent: 0.10)
  ⚠️ [Mismatch] Cycle Back predicted '6' (Expected 'k') (Ent: 1.84)
client_c4_EMNIST:'l' -> client_c0_MNIST | Predict: '1' (Ent: 0.02)
  ⚠️ [Mismatch] Cycle Back predicted 'I' (Expected 'l') (Ent: 1.64)
client_c4_EMNIST:'m' -> client_c0_MNIST | Predict: '0' (Ent: 0.73)
  ⚠️ [Mismatch] Cycle Back predicted '0' (Expected 'm') (Ent: 2.24)
client_c4_EMNIST:'n' -> client_c0_MNIST | Predict: '0' (Ent: 0.09)
  ⚠️ [Mismatch] Cycle Back predicted '0' (Expected 'n') (Ent: 2.36)
client_c4_EMNIST:'o' -> client_c0_MNIST | Predict: '0' (Ent: 0.01)
  ⚠️ [Mismatch] Cycle Back predicted '0' (Expected 'o') (Ent: 2.43)
client_c4_EMNIST:'p' -> client_c0_MNIST | Predict: '6' (Ent: 0.84)
  ⚠️ [Mismatch] Cycle Back predicted '6' (Expected 'p') (Ent: 1.91)
client_c4_EMNIST:'r' -> client_c0_MNIST | Predict: '0' (Ent: 0.71)
  ⚠️ [Mismatch] Cycle Back predicted '0' (Expected 'r') (Ent: 2.19)
client_c4_EMNIST:'s' -> client_c0_MNIST | Predict: '8' (Ent: 1.17)
  ⚠️ [Mismatch] Cycle Back predicted '8' (Expected 's') (Ent: 1.49)
client_c4_EMNIST:'t' -> client_c0_MNIST | Predict: '8' (Ent: 1.60)
  ⚠️ [Mismatch] Cycle Back predicted '8' (Expected 't') (Ent: 1.45)
client_c4_EMNIST:'u' -> client_c0_MNIST | Predict: '0' (Ent: 0.89)
  ⚠️ [Mismatch] Cycle Back predicted '0' (Expected 'u') (Ent: 2.30)
client_c4_EMNIST:'v' -> client_c0_MNIST | Predict: '4' (Ent: 0.72)
  ⚠️ [Mismatch] Cycle Back predicted '4' (Expected 'v') (Ent: 1.69)
client_c4_EMNIST:'w' -> client_c0_MNIST | Predict: '0' (Ent: 0.05)
  ⚠️ [Mismatch] Cycle Back predicted '0' (Expected 'w') (Ent: 2.29)
client_c4_EMNIST:'x' -> client_c0_MNIST | Predict: '4' (Ent: 1.15)
  ⚠️ [Mismatch] Cycle Back predicted '4' (Expected 'x') (Ent: 1.34)
client_c4_EMNIST:'y' -> client_c0_MNIST | Predict: '4' (Ent: 0.48)
  ⚠️ [Mismatch] Cycle Back predicted '4' (Expected 'y') (Ent: 1.73)
client_c4_EMNIST:'z' -> client_c0_MNIST | Predict: '2' (Ent: 0.00)
  ⚠️ [Mismatch] Cycle Back predicted '2' (Expected 'z') (Ent: 1.55)
client_c4_EMNIST:'1' -> client_c1_MNIST | Predict: '1' (Ent: 0.02)
  ⚠️ [Mismatch] Cycle Back predicted 'l' (Expected '1') (Ent: 1.73)
client_c4_EMNIST:'4' -> client_c1_MNIST | Predict: '8' (Ent: 0.64)
  ⚠️ [Mismatch] Cycle Back predicted '8' (Expected '4') (Ent: 0.50)
client_c4_EMNIST:'7' -> client_c1_MNIST | Predict: '7' (Ent: 0.03)
  ✅ [Match] client_c4_EMNIST:'7' <==> client_c1_MNIST:'7' (Ent: 1.80)
client_c4_EMNIST:'9' -> client_c1_MNIST | Predict: '9' (Ent: 0.01)
  ⚠️ [Mismatch] Cycle Back predicted '8' (Expected '9') (Ent: 1.62)
client_c4_EMNIST:'A' -> client_c1_MNIST | Predict: '4' (Ent: 0.03)
  ⚠️ [Mismatch] Cycle Back predicted 'y' (Expected 'A') (Ent: 1.29)
client_c4_EMNIST:'B' -> client_c1_MNIST | Predict: '3' (Ent: 0.03)
  ⚠️ [Mismatch] Cycle Back predicted '3' (Expected 'B') (Ent: 0.34)
client_c4_EMNIST:'C' -> client_c1_MNIST | Predict: '0' (Ent: 0.39)
  ⚠️ [Mismatch] Cycle Back predicted '0' (Expected 'C') (Ent: 1.38)
client_c4_EMNIST:'D' -> client_c1_MNIST | Predict: '8' (Ent: 0.03)
  ⚠️ [Mismatch] Cycle Back predicted '8' (Expected 'D') (Ent: 0.43)
client_c4_EMNIST:'E' -> client_c1_MNIST | Predict: '6' (Ent: 0.68)
  ⚠️ [Mismatch] Cycle Back predicted '6' (Expected 'E') (Ent: 1.09)
client_c4_EMNIST:'F' -> client_c1_MNIST | Predict: '5' (Ent: 0.18)
  ⚠️ [Mismatch] Cycle Back predicted '5' (Expected 'F') (Ent: 0.89)
client_c4_EMNIST:'G' -> client_c1_MNIST | Predict: '8' (Ent: 0.61)
  ⚠️ [Mismatch] Cycle Back predicted '8' (Expected 'G') (Ent: 0.45)
client_c4_EMNIST:'H' -> client_c1_MNIST | Predict: '8' (Ent: 0.06)
  ⚠️ [Mismatch] Cycle Back predicted '8' (Expected 'H') (Ent: 0.49)
client_c4_EMNIST:'I' -> client_c1_MNIST | Predict: '1' (Ent: 0.01)
  ⚠️ [Mismatch] Cycle Back predicted '1' (Expected 'I') (Ent: 1.70)
client_c4_EMNIST:'J' -> client_c1_MNIST | Predict: '0' (Ent: 0.56)
  ⚠️ [Mismatch] Cycle Back predicted '0' (Expected 'J') (Ent: 1.15)
client_c4_EMNIST:'K' -> client_c1_MNIST | Predict: '5' (Ent: 0.01)
  ⚠️ [Mismatch] Cycle Back predicted '5' (Expected 'K') (Ent: 0.71)
client_c4_EMNIST:'L' -> client_c1_MNIST | Predict: '6' (Ent: 1.09)
  ⚠️ [Mismatch] Cycle Back predicted '6' (Expected 'L') (Ent: 1.11)
client_c4_EMNIST:'M' -> client_c1_MNIST | Predict: '9' (Ent: 0.45)
  ⚠️ [Mismatch] Cycle Back predicted '8' (Expected 'M') (Ent: 1.66)
client_c4_EMNIST:'N' -> client_c1_MNIST | Predict: '9' (Ent: 1.07)
  ⚠️ [Mismatch] Cycle Back predicted '8' (Expected 'N') (Ent: 1.78)
client_c4_EMNIST:'O' -> client_c1_MNIST | Predict: '0' (Ent: 0.00)
  ⚠️ [Mismatch] Cycle Back predicted '0' (Expected 'O') (Ent: 1.45)
client_c4_EMNIST:'P' -> client_c1_MNIST | Predict: '5' (Ent: 0.31)
  ⚠️ [Mismatch] Cycle Back predicted '5' (Expected 'P') (Ent: 1.06)
client_c4_EMNIST:'Q' -> client_c1_MNIST | Predict: '0' (Ent: 0.02)
  ⚠️ [Mismatch] Cycle Back predicted '0' (Expected 'Q') (Ent: 1.29)
client_c4_EMNIST:'R' -> client_c1_MNIST | Predict: '2' (Ent: 0.31)
  ⚠️ [Mismatch] Cycle Back predicted '2' (Expected 'R') (Ent: 1.61)
client_c4_EMNIST:'S' -> client_c1_MNIST | Predict: '0' (Ent: 0.65)
  ⚠️ [Mismatch] Cycle Back predicted '0' (Expected 'S') (Ent: 1.38)
client_c4_EMNIST:'T' -> client_c1_MNIST | Predict: '7' (Ent: 0.12)
  ⚠️ [Mismatch] Cycle Back predicted 'n' (Expected 'T') (Ent: 1.89)
client_c4_EMNIST:'U' -> client_c1_MNIST | Predict: '0' (Ent: 0.01)
  ⚠️ [Mismatch] Cycle Back predicted '0' (Expected 'U') (Ent: 1.40)
client_c4_EMNIST:'V' -> client_c1_MNIST | Predict: '0' (Ent: 0.44)
  ⚠️ [Mismatch] Cycle Back predicted '0' (Expected 'V') (Ent: 1.33)
client_c4_EMNIST:'W' -> client_c1_MNIST | Predict: '0' (Ent: 0.01)
  ⚠️ [Mismatch] Cycle Back predicted '0' (Expected 'W') (Ent: 1.36)
client_c4_EMNIST:'X' -> client_c1_MNIST | Predict: '1' (Ent: 1.09)
  ⚠️ [Mismatch] Cycle Back predicted '1' (Expected 'X') (Ent: 1.67)
client_c4_EMNIST:'Y' -> client_c1_MNIST | Predict: '8' (Ent: 0.72)
  ⚠️ [Mismatch] Cycle Back predicted '8' (Expected 'Y') (Ent: 0.40)
client_c4_EMNIST:'Z' -> client_c1_MNIST | Predict: '2' (Ent: 0.00)
  ⚠️ [Mismatch] Cycle Back predicted '2' (Expected 'Z') (Ent: 1.62)
client_c4_EMNIST:'a' -> client_c1_MNIST | Predict: '0' (Ent: 0.02)
  ⚠️ [Mismatch] Cycle Back predicted '0' (Expected 'a') (Ent: 1.42)
client_c4_EMNIST:'b' -> client_c1_MNIST | Predict: '6' (Ent: 0.31)
  ⚠️ [Mismatch] Cycle Back predicted '6' (Expected 'b') (Ent: 1.06)
client_c4_EMNIST:'c' -> client_c1_MNIST | Predict: '0' (Ent: 0.29)
  ⚠️ [Mismatch] Cycle Back predicted '0' (Expected 'c') (Ent: 1.39)
client_c4_EMNIST:'d' -> client_c1_MNIST | Predict: '0' (Ent: 0.30)
  ⚠️ [Mismatch] Cycle Back predicted '0' (Expected 'd') (Ent: 1.47)
client_c4_EMNIST:'e' -> client_c1_MNIST | Predict: '2' (Ent: 0.47)
  ⚠️ [Mismatch] Cycle Back predicted '2' (Expected 'e') (Ent: 1.52)
client_c4_EMNIST:'f' -> client_c1_MNIST | Predict: '4' (Ent: 0.03)
  ⚠️ [Mismatch] Cycle Back predicted 'y' (Expected 'f') (Ent: 1.48)
client_c4_EMNIST:'g' -> client_c1_MNIST | Predict: '8' (Ent: 0.36)
  ⚠️ [Mismatch] Cycle Back predicted '8' (Expected 'g') (Ent: 0.37)
client_c4_EMNIST:'h' -> client_c1_MNIST | Predict: '4' (Ent: 0.68)
  ⚠️ [Mismatch] Cycle Back predicted 'y' (Expected 'h') (Ent: 1.30)
client_c4_EMNIST:'i' -> client_c1_MNIST | Predict: '1' (Ent: 0.01)
  ⚠️ [Mismatch] Cycle Back predicted '1' (Expected 'i') (Ent: 1.73)
client_c4_EMNIST:'j' -> client_c1_MNIST | Predict: '0' (Ent: 0.03)
  ⚠️ [Mismatch] Cycle Back predicted '0' (Expected 'j') (Ent: 1.50)
client_c4_EMNIST:'k' -> client_c1_MNIST | Predict: '6' (Ent: 0.05)
  ⚠️ [Mismatch] Cycle Back predicted '6' (Expected 'k') (Ent: 0.96)
client_c4_EMNIST:'m' -> client_c1_MNIST | Predict: '0' (Ent: 0.03)
  ⚠️ [Mismatch] Cycle Back predicted '0' (Expected 'm') (Ent: 1.32)
client_c4_EMNIST:'o' -> client_c1_MNIST | Predict: '0' (Ent: 0.00)
  ⚠️ [Mismatch] Cycle Back predicted '0' (Expected 'o') (Ent: 1.31)
client_c4_EMNIST:'p' -> client_c1_MNIST | Predict: '0' (Ent: 0.08)
  ⚠️ [Mismatch] Cycle Back predicted '0' (Expected 'p') (Ent: 1.38)
client_c4_EMNIST:'q' -> client_c1_MNIST | Predict: '9' (Ent: 0.69)
  ⚠️ [Mismatch] Cycle Back predicted '8' (Expected 'q') (Ent: 1.71)
client_c4_EMNIST:'r' -> client_c1_MNIST | Predict: '1' (Ent: 0.70)
  ⚠️ [Mismatch] Cycle Back predicted 'l' (Expected 'r') (Ent: 1.72)
client_c4_EMNIST:'s' -> client_c1_MNIST | Predict: '3' (Ent: 0.40)
  ⚠️ [Mismatch] Cycle Back predicted '3' (Expected 's') (Ent: 0.54)
client_c4_EMNIST:'t' -> client_c1_MNIST | Predict: '7' (Ent: 0.04)
  ⚠️ [Mismatch] Cycle Back predicted '7' (Expected 't') (Ent: 1.76)
client_c4_EMNIST:'u' -> client_c1_MNIST | Predict: '4' (Ent: 0.67)
  ⚠️ [Mismatch] Cycle Back predicted 'y' (Expected 'u') (Ent: 1.18)
client_c4_EMNIST:'v' -> client_c1_MNIST | Predict: '1' (Ent: 0.49)
  ⚠️ [Mismatch] Cycle Back predicted '1' (Expected 'v') (Ent: 1.72)
client_c4_EMNIST:'w' -> client_c1_MNIST | Predict: '6' (Ent: 0.64)
  ⚠️ [Mismatch] Cycle Back predicted '6' (Expected 'w') (Ent: 1.07)
client_c4_EMNIST:'x' -> client_c1_MNIST | Predict: '4' (Ent: 0.81)
  ⚠️ [Mismatch] Cycle Back predicted 'y' (Expected 'x') (Ent: 1.42)
client_c4_EMNIST:'z' -> client_c1_MNIST | Predict: '2' (Ent: 0.00)
  ⚠️ [Mismatch] Cycle Back predicted '2' (Expected 'z') (Ent: 1.49)
client_c4_EMNIST:'G' -> client_c3_EMNIST | Predict: '6' (Ent: 0.10)
  ⚠️ [Mismatch] Cycle Back predicted '6' (Expected 'G') (Ent: 0.17)
client_c4_EMNIST:'H' -> client_c3_EMNIST | Predict: 'p' (Ent: 0.99)
  ⚠️ [Mismatch] Cycle Back predicted 'p' (Expected 'H') (Ent: 0.60)
client_c4_EMNIST:'I' -> client_c3_EMNIST | Predict: '1' (Ent: 0.94)
  ⚠️ [Mismatch] Cycle Back predicted '1' (Expected 'I') (Ent: 0.96)
client_c4_EMNIST:'K' -> client_c3_EMNIST | Predict: 'f' (Ent: 0.59)
  ⚠️ [Mismatch] Cycle Back predicted 'f' (Expected 'K') (Ent: 0.83)
client_c4_EMNIST:'N' -> client_c3_EMNIST | Predict: '4' (Ent: 1.38)
  ⚠️ [Mismatch] Cycle Back predicted '4' (Expected 'N') (Ent: 0.18)
client_c4_EMNIST:'P' -> client_c3_EMNIST | Predict: 'F' (Ent: 1.07)
  ⚠️ [Mismatch] Cycle Back predicted 'Y' (Expected 'P') (Ent: 1.77)
client_c4_EMNIST:'Q' -> client_c3_EMNIST | Predict: 'Q' (Ent: 0.56)
  ✅ [Match] client_c4_EMNIST:'Q' <==> client_c3_EMNIST:'Q' (Ent: 1.65)
client_c4_EMNIST:'S' -> client_c3_EMNIST | Predict: 'O' (Ent: 1.75)
  ⚠️ [Mismatch] Cycle Back predicted 'O' (Expected 'S') (Ent: 0.37)
client_c4_EMNIST:'V' -> client_c3_EMNIST | Predict: 'v' (Ent: 1.62)
  ⚠️ [Mismatch] Cycle Back predicted 'v' (Expected 'V') (Ent: 0.69)
client_c4_EMNIST:'X' -> client_c3_EMNIST | Predict: 'x' (Ent: 0.31)
  ⚠️ [Mismatch] Cycle Back predicted 'x' (Expected 'X') (Ent: 0.24)
client_c4_EMNIST:'c' -> client_c3_EMNIST | Predict: 'c' (Ent: 1.24)
  ⚠️ [Mismatch] Cycle Back predicted 'C' (Expected 'c') (Ent: 0.11)
client_c4_EMNIST:'e' -> client_c3_EMNIST | Predict: 'e' (Ent: 0.00)
  ⚠️ [Mismatch] Cycle Back predicted 'C' (Expected 'e') (Ent: 0.90)
client_c4_EMNIST:'g' -> client_c3_EMNIST | Predict: '8' (Ent: 0.81)
  ⚠️ [Mismatch] Cycle Back predicted '8' (Expected 'g') (Ent: 0.00)
client_c4_EMNIST:'h' -> client_c3_EMNIST | Predict: 'h' (Ent: 1.47)
  ⚠️ [Mismatch] Cycle Back predicted 'b' (Expected 'h') (Ent: 0.97)
client_c4_EMNIST:'k' -> client_c3_EMNIST | Predict: 'k' (Ent: 0.14)
  ⚠️ [Mismatch] Cycle Back predicted 'L' (Expected 'k') (Ent: 0.74)
client_c4_EMNIST:'l' -> client_c3_EMNIST | Predict: 'l' (Ent: 1.40)
  ⚠️ [Mismatch] Cycle Back predicted 'i' (Expected 'l') (Ent: 1.37)
client_c4_EMNIST:'n' -> client_c3_EMNIST | Predict: 'n' (Ent: 0.00)
  ⚠️ [Mismatch] Cycle Back predicted 'w' (Expected 'n') (Ent: 1.40)
client_c4_EMNIST:'o' -> client_c3_EMNIST | Predict: 'O' (Ent: 1.14)
  ⚠️ [Mismatch] Cycle Back predicted 'O' (Expected 'o') (Ent: 0.37)
client_c4_EMNIST:'q' -> client_c3_EMNIST | Predict: '4' (Ent: 0.35)
  ⚠️ [Mismatch] Cycle Back predicted '4' (Expected 'q') (Ent: 0.18)
client_c4_EMNIST:'s' -> client_c3_EMNIST | Predict: 'S' (Ent: 1.20)
  ⚠️ [Mismatch] Cycle Back predicted 'J' (Expected 's') (Ent: 0.61)
client_c4_EMNIST:'t' -> client_c3_EMNIST | Predict: 't' (Ent: 0.78)
  ⚠️ [Mismatch] Cycle Back predicted 'j' (Expected 't') (Ent: 2.03)
client_c4_EMNIST:'u' -> client_c3_EMNIST | Predict: 'w' (Ent: 1.30)
  ⚠️ [Mismatch] Cycle Back predicted 'W' (Expected 'u') (Ent: 0.41)
client_c4_EMNIST:'y' -> client_c3_EMNIST | Predict: 'y' (Ent: 0.31)
  ⚠️ [Mismatch] Cycle Back predicted 'Y' (Expected 'y') (Ent: 0.81)
client_c4_EMNIST:'z' -> client_c3_EMNIST | Predict: 'z' (Ent: 0.17)
  ⚠️ [Mismatch] Cycle Back predicted 'Z' (Expected 'z') (Ent: 1.08)

==================================================
Label Mapping Summary:
Global ID = 0  | from: client_c0_MNIST: '0', client_c1_MNIST: '0', client_c3_EMNIST: '0', client_c4_EMNIST: '0'
Global ID = 1  | from: client_c0_MNIST: '1', client_c1_MNIST: '1', client_c3_EMNIST: '1', client_c4_EMNIST: 'I'
Global ID = 2  | from: client_c0_MNIST: '2', client_c1_MNIST: '2', client_c3_EMNIST: '2', client_c4_EMNIST: '2'
Global ID = 3  | from: client_c0_MNIST: '5', client_c1_MNIST: '5', client_c3_EMNIST: '5', client_c4_EMNIST: '5'
Global ID = 4  | from: client_c0_MNIST: '6', client_c1_MNIST: '6'
Global ID = 5  | from: client_c0_MNIST: '8', client_c1_MNIST: '8', client_c3_EMNIST: '8', client_c4_EMNIST: '8'
Global ID = 6  | from: client_c0_MNIST: '9', client_c1_MNIST: '9', client_c3_EMNIST: '9', client_c4_EMNIST: '9'
Global ID = 7  | from: client_c0_MNIST: '4', client_c1_MNIST: '4', client_c3_EMNIST: '4', client_c4_EMNIST: 'y'
Global ID = 8  | from: client_c0_MNIST: '3', client_c1_MNIST: '3', client_c4_EMNIST: '3'
Global ID = 9  | from: client_c3_EMNIST: '6', client_c4_EMNIST: '6'
Global ID = 10 | from: client_c1_MNIST: '7', client_c3_EMNIST: '7', client_c4_EMNIST: '7'
Global ID = 11 | from: client_c3_EMNIST: 'B', client_c4_EMNIST: 'B'
Global ID = 12 | from: client_c3_EMNIST: 'E', client_c4_EMNIST: 'E'
Global ID = 13 | from: client_c3_EMNIST: 'V', client_c4_EMNIST: 'v'
Global ID = 14 | from: client_c3_EMNIST: 'c', client_c4_EMNIST: 'C'
Global ID = 15 | from: client_c3_EMNIST: 'm', client_c4_EMNIST: 'm'
Global ID = 16 | from: client_c3_EMNIST: 'u', client_c4_EMNIST: 'U'
Global ID = 17 | from: client_c3_EMNIST: 'Q', client_c4_EMNIST: 'Q'
Global ID = 18 | from: client_c0_MNIST: '7'
Global ID = 19 | from: client_c3_EMNIST: '3'
Global ID = 20 | from: client_c3_EMNIST: 'A'
Global ID = 21 | from: client_c3_EMNIST: 'C'
Global ID = 22 | from: client_c3_EMNIST: 'D'
Global ID = 23 | from: client_c3_EMNIST: 'F'
Global ID = 24 | from: client_c3_EMNIST: 'G'
Global ID = 25 | from: client_c3_EMNIST: 'H'
Global ID = 26 | from: client_c3_EMNIST: 'I'
Global ID = 27 | from: client_c3_EMNIST: 'J'
Global ID = 28 | from: client_c3_EMNIST: 'K'
Global ID = 29 | from: client_c3_EMNIST: 'L'
Global ID = 30 | from: client_c3_EMNIST: 'M'
Global ID = 31 | from: client_c3_EMNIST: 'N'
Global ID = 32 | from: client_c3_EMNIST: 'O'
Global ID = 33 | from: client_c3_EMNIST: 'P'
Global ID = 34 | from: client_c3_EMNIST: 'R'
Global ID = 35 | from: client_c3_EMNIST: 'S'
Global ID = 36 | from: client_c3_EMNIST: 'T'
Global ID = 37 | from: client_c3_EMNIST: 'U'
Global ID = 38 | from: client_c3_EMNIST: 'W'
Global ID = 39 | from: client_c3_EMNIST: 'X'
Global ID = 40 | from: client_c3_EMNIST: 'Y'
Global ID = 41 | from: client_c3_EMNIST: 'Z'
Global ID = 42 | from: client_c3_EMNIST: 'a'
Global ID = 43 | from: client_c3_EMNIST: 'b'
Global ID = 44 | from: client_c3_EMNIST: 'd'
Global ID = 45 | from: client_c3_EMNIST: 'e'
Global ID = 46 | from: client_c3_EMNIST: 'f'
Global ID = 47 | from: client_c3_EMNIST: 'g'
Global ID = 48 | from: client_c3_EMNIST: 'h'
Global ID = 49 | from: client_c3_EMNIST: 'i'
Global ID = 50 | from: client_c3_EMNIST: 'j'
Global ID = 51 | from: client_c3_EMNIST: 'k'
Global ID = 52 | from: client_c3_EMNIST: 'l'
Global ID = 53 | from: client_c3_EMNIST: 'n'
Global ID = 54 | from: client_c3_EMNIST: 'o'
Global ID = 55 | from: client_c3_EMNIST: 'p'
Global ID = 56 | from: client_c3_EMNIST: 'q'
Global ID = 57 | from: client_c3_EMNIST: 'r'
Global ID = 58 | from: client_c3_EMNIST: 's'
Global ID = 59 | from: client_c3_EMNIST: 't'
Global ID = 60 | from: client_c3_EMNIST: 'v'
Global ID = 61 | from: client_c3_EMNIST: 'w'
Global ID = 62 | from: client_c3_EMNIST: 'x'
Global ID = 63 | from: client_c3_EMNIST: 'y'
Global ID = 64 | from: client_c3_EMNIST: 'z'
Global ID = 65 | from: client_c4_EMNIST: '1'
Global ID = 66 | from: client_c4_EMNIST: '4'
Global ID = 67 | from: client_c4_EMNIST: 'A'
Global ID = 68 | from: client_c4_EMNIST: 'D'
Global ID = 69 | from: client_c4_EMNIST: 'F'
Global ID = 70 | from: client_c4_EMNIST: 'G'
Global ID = 71 | from: client_c4_EMNIST: 'H'
Global ID = 72 | from: client_c4_EMNIST: 'J'
Global ID = 73 | from: client_c4_EMNIST: 'K'
Global ID = 74 | from: client_c4_EMNIST: 'L'
Global ID = 75 | from: client_c4_EMNIST: 'M'
Global ID = 76 | from: client_c4_EMNIST: 'N'
Global ID = 77 | from: client_c4_EMNIST: 'O'
Global ID = 78 | from: client_c4_EMNIST: 'P'
Global ID = 79 | from: client_c4_EMNIST: 'R'
Global ID = 80 | from: client_c4_EMNIST: 'S'
Global ID = 81 | from: client_c4_EMNIST: 'T'
Global ID = 82 | from: client_c4_EMNIST: 'V'
Global ID = 83 | from: client_c4_EMNIST: 'W'
Global ID = 84 | from: client_c4_EMNIST: 'X'
Global ID = 85 | from: client_c4_EMNIST: 'Y'
Global ID = 86 | from: client_c4_EMNIST: 'Z'
Global ID = 87 | from: client_c4_EMNIST: 'a'
Global ID = 88 | from: client_c4_EMNIST: 'b'
Global ID = 89 | from: client_c4_EMNIST: 'c'
Global ID = 90 | from: client_c4_EMNIST: 'd'
Global ID = 91 | from: client_c4_EMNIST: 'e'
Global ID = 92 | from: client_c4_EMNIST: 'f'
Global ID = 93 | from: client_c4_EMNIST: 'g'
Global ID = 94 | from: client_c4_EMNIST: 'h'
Global ID = 95 | from: client_c4_EMNIST: 'i'
Global ID = 96 | from: client_c4_EMNIST: 'j'
Global ID = 97 | from: client_c4_EMNIST: 'k'
Global ID = 98 | from: client_c4_EMNIST: 'l'
Global ID = 99 | from: client_c4_EMNIST: 'n'
Global ID = 100 | from: client_c4_EMNIST: 'o'
Global ID = 101 | from: client_c4_EMNIST: 'p'
Global ID = 102 | from: client_c4_EMNIST: 'q'
Global ID = 103 | from: client_c4_EMNIST: 'r'
Global ID = 104 | from: client_c4_EMNIST: 's'
Global ID = 105 | from: client_c4_EMNIST: 't'
Global ID = 106 | from: client_c4_EMNIST: 'u'
Global ID = 107 | from: client_c4_EMNIST: 'w'
Global ID = 108 | from: client_c4_EMNIST: 'x'
Global ID = 109 | from: client_c4_EMNIST: 'z'
==================================================

