Time: 2026-05-11 16:26:00
Log Dir: logs/2026-05-11_16-26-00/GeFL_local
================================================================================

==============================        Args        ==============================
  exp_timestamp: None
  exp_conf: ./configs/het-iid-exp.yaml
  device: cuda:1
  seed: 15698
  algorithm: GeFL_local
  num_new_clients: 1
  num_train_mnist: 1
  num_train_emnist: 1
  num_train_fashionmnist: 0
  num_train_cifar10: 0
  num_train_cifar100: 0
  num_train_usps: 0
================================================================================
==============================    Exp Configs     ==============================
exp_name: model-heterogeneity
heterogeneous: true
dirichlet_alpha: 100
global_rounds: 20
local_epochs: 1
local_loss_fn: CrossEntropyLoss
local_optim: Adam
local_lr: 0.001
batch_size: 64
sample_frac: 1.0
test_interval: 1
metric_type: accuracy
global_feature_dim: 256
optim: Adam
optim_lr: 0.001
global_gen_epochs: 10
gen_noise_dim: 128
gen_optim: Adam
gen_optim_lr: 0.001
global_feat_gen_epochs: 10
feat_gen_noise_dim: 128
feat_gen_optim: Adam
feat_gen_optim_lr: 0.001
feat_gen_div_beta: 1.0
public_data_ratio: 0.05
start_mapping_epoch: 1
gen_observer_weight: 1.0
index_matching: class_name
aggregate_method: dataset_name
use_new_entropy_method: true
entropy_ratio: 0.85
global_model_epochs: 5
global_model_optim: Adam
global_model_optim_lr: 0.0001
global_samples_per_class: 64

================================================================================

==================================================
Start 20 rounds training by GeFL_local
Selected client ids: [0, 1]
--- Round 1 ---
Client 0 (MNIST) | Target Loss: 0.4636 | G Loss: 1.7202 | D Loss: 0.4128
Client 2 (EMNIST) | Target Loss: 0.7720 | G Loss: 4.4264 | D Loss: 0.1348
Round 1 | Client 0 | Model: (MLP) | Acc: 93.58%
Round 1 | Client 2 | Model: (MLP) | Acc: 79.58%
Selected client ids: [0, 1]
--- Round 2 ---
Client 0 (MNIST) | Target Loss: 0.2138 | G Loss: 3.2666 | D Loss: 0.1704
Client 2 (EMNIST) | Target Loss: 0.5668 | G Loss: 6.4918 | D Loss: 0.0395
Round 2 | Client 0 | Model: (MLP) | Acc: 94.08%
Round 2 | Client 2 | Model: (MLP) | Acc: 81.07%
Selected client ids: [0, 1]
--- Round 3 ---
Client 0 (MNIST) | Target Loss: 0.1634 | G Loss: 4.4782 | D Loss: 0.0983
Client 2 (EMNIST) | Target Loss: 0.5336 | G Loss: 6.7930 | D Loss: 0.0302
Round 3 | Client 0 | Model: (MLP) | Acc: 95.52%
Round 3 | Client 2 | Model: (MLP) | Acc: 82.12%
Selected client ids: [0, 1]
--- Round 4 ---
Client 0 (MNIST) | Target Loss: 0.1343 | G Loss: 4.8723 | D Loss: 0.0906
Client 2 (EMNIST) | Target Loss: 0.5149 | G Loss: 7.2414 | D Loss: 0.0226
Round 4 | Client 0 | Model: (MLP) | Acc: 95.48%
Round 4 | Client 2 | Model: (MLP) | Acc: 82.49%
Selected client ids: [0, 1]
--- Round 5 ---
Client 0 (MNIST) | Target Loss: 0.1165 | G Loss: 4.8472 | D Loss: 0.1146
Client 2 (EMNIST) | Target Loss: 0.5014 | G Loss: 7.5966 | D Loss: 0.0205
Round 5 | Client 0 | Model: (MLP) | Acc: 95.96%
Round 5 | Client 2 | Model: (MLP) | Acc: 81.66%
Selected client ids: [0, 1]
--- Round 6 ---
Client 0 (MNIST) | Target Loss: 0.1029 | G Loss: 4.6481 | D Loss: 0.1128
Client 2 (EMNIST) | Target Loss: 0.4945 | G Loss: 7.9554 | D Loss: 0.0159
Round 6 | Client 0 | Model: (MLP) | Acc: 97.26%
Round 6 | Client 2 | Model: (MLP) | Acc: 82.82%
Selected client ids: [0, 1]
--- Round 7 ---
Client 0 (MNIST) | Target Loss: 0.0959 | G Loss: 5.3506 | D Loss: 0.0686
Client 2 (EMNIST) | Target Loss: 0.4878 | G Loss: 8.0598 | D Loss: 0.0157
Round 7 | Client 0 | Model: (MLP) | Acc: 96.58%
Round 7 | Client 2 | Model: (MLP) | Acc: 82.49%
Selected client ids: [0, 1]
--- Round 8 ---
Client 0 (MNIST) | Target Loss: 0.0888 | G Loss: 5.5003 | D Loss: 0.0545
Client 2 (EMNIST) | Target Loss: 0.4828 | G Loss: 8.3808 | D Loss: 0.0141
Round 8 | Client 0 | Model: (MLP) | Acc: 96.08%
Round 8 | Client 2 | Model: (MLP) | Acc: 82.71%
Selected client ids: [0, 1]
--- Round 9 ---
Client 0 (MNIST) | Target Loss: 0.0765 | G Loss: 5.4862 | D Loss: 0.0618
Client 2 (EMNIST) | Target Loss: 0.4799 | G Loss: 8.4567 | D Loss: 0.0122
Round 9 | Client 0 | Model: (MLP) | Acc: 96.74%
Round 9 | Client 2 | Model: (MLP) | Acc: 83.22%
Selected client ids: [0, 1]
--- Round 10 ---
Client 0 (MNIST) | Target Loss: 0.0741 | G Loss: 5.3977 | D Loss: 0.0650
Client 2 (EMNIST) | Target Loss: 0.4764 | G Loss: 8.8720 | D Loss: 0.0119
Round 10 | Client 0 | Model: (MLP) | Acc: 97.04%
Round 10 | Client 2 | Model: (MLP) | Acc: 83.15%
Selected client ids: [0, 1]
--- Round 11 ---
Client 0 (MNIST) | Target Loss: 0.0613 | G Loss: 5.6643 | D Loss: 0.0378
Client 2 (EMNIST) | Target Loss: 0.4714 | G Loss: 8.6460 | D Loss: 0.0124
Round 11 | Client 0 | Model: (MLP) | Acc: 97.04%
Round 11 | Client 2 | Model: (MLP) | Acc: 82.97%
Selected client ids: [0, 1]
--- Round 12 ---
Client 0 (MNIST) | Target Loss: 0.0614 | G Loss: 5.3329 | D Loss: 0.0693
Client 2 (EMNIST) | Target Loss: 0.4691 | G Loss: 9.6527 | D Loss: 0.0097
Round 12 | Client 0 | Model: (MLP) | Acc: 96.30%
Round 12 | Client 2 | Model: (MLP) | Acc: 83.09%
Selected client ids: [0, 1]
--- Round 13 ---
Client 0 (MNIST) | Target Loss: 0.0599 | G Loss: 6.3473 | D Loss: 0.0320
Client 2 (EMNIST) | Target Loss: 0.4691 | G Loss: 8.8690 | D Loss: 0.0060
Round 13 | Client 0 | Model: (MLP) | Acc: 97.42%
Round 13 | Client 2 | Model: (MLP) | Acc: 82.73%
Selected client ids: [0, 1]
--- Round 14 ---
Client 0 (MNIST) | Target Loss: 0.0536 | G Loss: 5.6735 | D Loss: 0.0509
Client 2 (EMNIST) | Target Loss: 0.4679 | G Loss: 8.1257 | D Loss: 0.0066
Round 14 | Client 0 | Model: (MLP) | Acc: 96.54%
Round 14 | Client 2 | Model: (MLP) | Acc: 82.85%
Selected client ids: [0, 1]
--- Round 15 ---
Client 0 (MNIST) | Target Loss: 0.0520 | G Loss: 6.1593 | D Loss: 0.0442
Client 2 (EMNIST) | Target Loss: 0.4672 | G Loss: 8.1751 | D Loss: 0.0065
Round 15 | Client 0 | Model: (MLP) | Acc: 97.22%
Round 15 | Client 2 | Model: (MLP) | Acc: 83.26%
Selected client ids: [0, 1]
--- Round 16 ---
Client 0 (MNIST) | Target Loss: 0.0522 | G Loss: 5.8671 | D Loss: 0.0457
Client 2 (EMNIST) | Target Loss: 0.4653 | G Loss: 8.5846 | D Loss: 0.0059
Round 16 | Client 0 | Model: (MLP) | Acc: 95.72%
Round 16 | Client 2 | Model: (MLP) | Acc: 83.34%
Selected client ids: [0, 1]
--- Round 17 ---
Client 0 (MNIST) | Target Loss: 0.0467 | G Loss: 5.7621 | D Loss: 0.0446
Client 2 (EMNIST) | Target Loss: 0.4677 | G Loss: 8.3599 | D Loss: 0.0067
Round 17 | Client 0 | Model: (MLP) | Acc: 95.70%
Round 17 | Client 2 | Model: (MLP) | Acc: 83.14%
Selected client ids: [0, 1]
--- Round 18 ---
Client 0 (MNIST) | Target Loss: 0.0489 | G Loss: 6.3649 | D Loss: 0.0151
Client 2 (EMNIST) | Target Loss: 0.4689 | G Loss: 8.6550 | D Loss: 0.0066
Round 18 | Client 0 | Model: (MLP) | Acc: 97.64%
Round 18 | Client 2 | Model: (MLP) | Acc: 83.14%
Selected client ids: [0, 1]
--- Round 19 ---
Client 0 (MNIST) | Target Loss: 0.0471 | G Loss: 6.3033 | D Loss: 0.0345
Client 2 (EMNIST) | Target Loss: 0.4757 | G Loss: 8.6947 | D Loss: 0.0062
Round 19 | Client 0 | Model: (MLP) | Acc: 97.34%
Round 19 | Client 2 | Model: (MLP) | Acc: 82.89%
Selected client ids: [0, 1]
--- Round 20 ---
Client 0 (MNIST) | Target Loss: 0.0436 | G Loss: 6.4109 | D Loss: 0.0176
Client 2 (EMNIST) | Target Loss: 0.4708 | G Loss: 9.1634 | D Loss: 0.0059
Round 20 | Client 0 | Model: (MLP) | Acc: 97.34%
Round 20 | Client 2 | Model: (MLP) | Acc: 83.05%
Saving checkpoints ...
[Server] Checkpoint saved to logs/2026-05-11_16-26-00/GeFL_local/server_checkpoints.pth
[Server] All 2 clients saved in logs/2026-05-11_16-26-00/GeFL_local/clients_last_round_checkpoints/
==============================    Finished. Total Time: 1:58:06    ==============================
