Time: 2026-05-18 15:23:16
Log Dir: logs/2026-05-18_15-23-16/FedTED
================================================================================

==============================        Args        ==============================
  exp_timestamp: None
  exp_conf: ./configs/het-iid-exp.yaml
  device: cuda:1
  seed: 15698
  algorithm: FedTED
  num_new_clients: 1
  num_train_mnist: 10
  num_train_emnist: 10
  num_train_fashionmnist: 0
  num_train_cifar10: 10
  num_train_cifar100: 0
  num_train_usps: 0
================================================================================
==============================    Exp Configs     ==============================
exp_name: model-heterogeneity
heterogeneous: true
dirichlet_alpha: 100
global_rounds: 30
local_epochs: 1
local_loss_fn: CrossEntropyLoss
local_optim: Adam
local_lr: 0.001
batch_size: 64
sample_frac: 1.0
test_interval: 1
metric_type: accuracy
global_feature_dim: 256
optim: Adam
optim_lr: 0.001
global_gen_epochs: 10
gen_noise_dim: 128
gen_optim: Adam
gen_optim_lr: 0.001
global_feat_gen_epochs: 10
feat_gen_noise_dim: 128
feat_gen_optim: Adam
feat_gen_optim_lr: 0.001
feat_gen_div_beta: 1.0
public_data_ratio: 0.05
start_mapping_epoch: 1
gen_observer_weight: 1.0
index_matching: class_name
aggregate_method: dataset_name
use_new_entropy_method: false
entropy_ratio: 0.85
global_model_epochs: 5
global_model_optim: Adam
global_model_optim_lr: 0.0001
global_samples_per_class: 64

================================================================================

==================================================
Start 30 rounds training by FedTED
Selected client ids: [0, 1, 2, 3, 4, 5, 6, 7, 8, 9, 10, 11, 12, 13, 14, 15, 16, 17, 18, 19, 20, 21, 22, 23, 24, 25, 26, 27, 28, 29]
--- Round 1 ---
Round 1 | Client 0 | Model: (MLP) | Acc: 88.22%
Round 1 | Client 1 | Model: (CNN) | Acc: 81.06%
Round 1 | Client 2 | Model: (ResNet8) | Acc: 91.28%
Round 1 | Client 3 | Model: (ResNet18) | Acc: 92.53%
Round 1 | Client 4 | Model: (MobileNetV2) | Acc: 71.09%
Round 1 | Client 5 | Model: (MobileNetV3) | Acc: 51.51%
Round 1 | Client 6 | Model: (LeNet) | Acc: 84.68%
Round 1 | Client 7 | Model: (AlexNet) | Acc: 92.63%
Round 1 | Client 8 | Model: (ShuffleNet) | Acc: 62.92%
Round 1 | Client 9 | Model: (SqueezeNet) | Acc: 65.57%
Round 1 | Client 11 | Model: (MLP) | Acc: 75.87%
Round 1 | Client 12 | Model: (CNN) | Acc: 73.87%
Round 1 | Client 13 | Model: (ResNet8) | Acc: 82.71%
Round 1 | Client 14 | Model: (ResNet18) | Acc: 83.72%
Round 1 | Client 15 | Model: (MobileNetV2) | Acc: 73.05%
Round 1 | Client 16 | Model: (MobileNetV3) | Acc: 49.17%
Round 1 | Client 17 | Model: (LeNet) | Acc: 74.81%
Round 1 | Client 18 | Model: (AlexNet) | Acc: 81.94%
Round 1 | Client 19 | Model: (ShuffleNet) | Acc: 73.35%
Round 1 | Client 20 | Model: (SqueezeNet) | Acc: 70.00%
Round 1 | Client 22 | Model: (MLP) | Acc: 39.45%
Round 1 | Client 23 | Model: (CNN) | Acc: 36.59%
Round 1 | Client 24 | Model: (ResNet8) | Acc: 39.40%
Round 1 | Client 25 | Model: (ResNet18) | Acc: 35.63%
Round 1 | Client 26 | Model: (MobileNetV2) | Acc: 17.94%
Round 1 | Client 27 | Model: (MobileNetV3) | Acc: 33.15%
Round 1 | Client 28 | Model: (LeNet) | Acc: 27.94%
Round 1 | Client 29 | Model: (AlexNet) | Acc: 26.59%
Round 1 | Client 30 | Model: (ShuffleNet) | Acc: 20.50%
Round 1 | Client 31 | Model: (SqueezeNet) | Acc: 22.02%
[Server] Aggregating by Dataset Name ...
[Server] Performing Name-Based Label Mapping...
[Server] Name-based mapping completed. Found 72 unique global classes.

=========================================================================================================
Global ID  | Class Name           | Mapped Datasets (Local ID)
---------------------------------------------------------------------------------------------------------
0          | 0                    | MNIST(0), EMNIST(0)
1          | 1                    | MNIST(1), EMNIST(1)
2          | 2                    | MNIST(2), EMNIST(2)
3          | 3                    | MNIST(3), EMNIST(3)
4          | 4                    | MNIST(4), EMNIST(4)
5          | 5                    | MNIST(5), EMNIST(5)
6          | 6                    | MNIST(6), EMNIST(6)
7          | 7                    | MNIST(7), EMNIST(7)
8          | 8                    | MNIST(8), EMNIST(8)
9          | 9                    | MNIST(9), EMNIST(9)
10         | A                    | EMNIST(10)
11         | B                    | EMNIST(11)
12         | C                    | EMNIST(12)
13         | D                    | EMNIST(13)
14         | E                    | EMNIST(14)
15         | F                    | EMNIST(15)
16         | G                    | EMNIST(16)
17         | H                    | EMNIST(17)
18         | I                    | EMNIST(18)
19         | J                    | EMNIST(19)
20         | K                    | EMNIST(20)
21         | L                    | EMNIST(21)
22         | M                    | EMNIST(22)
23         | N                    | EMNIST(23)
24         | O                    | EMNIST(24)
25         | P                    | EMNIST(25)
26         | Q                    | EMNIST(26)
27         | R                    | EMNIST(27)
28         | S                    | EMNIST(28)
29         | T                    | EMNIST(29)
30         | U                    | EMNIST(30)
31         | V                    | EMNIST(31)
32         | W                    | EMNIST(32)
33         | X                    | EMNIST(33)
34         | Y                    | EMNIST(34)
35         | Z                    | EMNIST(35)
36         | a                    | EMNIST(36)
37         | airplane             | CIFAR10(0)
38         | automobile           | CIFAR10(1)
39         | b                    | EMNIST(37)
40         | bird                 | CIFAR10(2)
41         | c                    | EMNIST(38)
42         | cat                  | CIFAR10(3)
43         | d                    | EMNIST(39)
44         | deer                 | CIFAR10(4)
45         | dog                  | CIFAR10(5)
46         | e                    | EMNIST(40)
47         | f                    | EMNIST(41)
48         | frog                 | CIFAR10(6)
49         | g                    | EMNIST(42)
50         | h                    | EMNIST(43)
51         | horse                | CIFAR10(7)
52         | i                    | EMNIST(44)
53         | j                    | EMNIST(45)
54         | k                    | EMNIST(46)
55         | l                    | EMNIST(47)
56         | m                    | EMNIST(48)
57         | n                    | EMNIST(49)
58         | o                    | EMNIST(50)
59         | p                    | EMNIST(51)
60         | q                    | EMNIST(52)
61         | r                    | EMNIST(53)
62         | s                    | EMNIST(54)
63         | ship                 | CIFAR10(8)
64         | t                    | EMNIST(55)
65         | truck                | CIFAR10(9)
66         | u                    | EMNIST(56)
67         | v                    | EMNIST(57)
68         | w                    | EMNIST(58)
69         | x                    | EMNIST(59)
70         | y                    | EMNIST(60)
71         | z                    | EMNIST(61)
=========================================================================================================

[Server] Training Feature-Based Global Generator...
Initializing Global Inference Model with 72 classes...
[Server] Global Inference Model Acc (MNIST) (Round 1): 95.94% (Tested on 9095 samples)
[Server] Global Inference Model Acc (EMNIST) (Round 1): 76.16% (Tested on 105779 samples)
[Server] Global Inference Model Acc (CIFAR10) (Round 1): 25.91% (Tested on 9100 samples)
[Server] Global Inference Model Acc (Mix) (Round 1): 73.93% (Tested on 123974 samples)
Selected client ids: [0, 1, 2, 3, 4, 5, 6, 7, 8, 9, 10, 11, 12, 13, 14, 15, 16, 17, 18, 19, 20, 21, 22, 23, 24, 25, 26, 27, 28, 29]
--- Round 2 ---
Round 2 | Client 0 | Model: (MLP) | Acc: 86.04%
Round 2 | Client 1 | Model: (CNN) | Acc: 91.58%
Round 2 | Client 2 | Model: (ResNet8) | Acc: 93.32%
Round 2 | Client 3 | Model: (ResNet18) | Acc: 77.49%
Round 2 | Client 4 | Model: (MobileNetV2) | Acc: 64.24%
Round 2 | Client 5 | Model: (MobileNetV3) | Acc: 59.87%
Round 2 | Client 6 | Model: (LeNet) | Acc: 91.14%
Round 2 | Client 7 | Model: (AlexNet) | Acc: 83.89%
Round 2 | Client 8 | Model: (ShuffleNet) | Acc: 22.16%
Round 2 | Client 9 | Model: (SqueezeNet) | Acc: 45.14%
Round 2 | Client 11 | Model: (MLP) | Acc: 78.67%
Round 2 | Client 12 | Model: (CNN) | Acc: 80.17%
Round 2 | Client 13 | Model: (ResNet8) | Acc: 83.41%
Round 2 | Client 14 | Model: (ResNet18) | Acc: 84.71%
Round 2 | Client 15 | Model: (MobileNetV2) | Acc: 80.00%
Round 2 | Client 16 | Model: (MobileNetV3) | Acc: 64.67%
Round 2 | Client 17 | Model: (LeNet) | Acc: 82.23%
Round 2 | Client 18 | Model: (AlexNet) | Acc: 84.19%
Round 2 | Client 19 | Model: (ShuffleNet) | Acc: 78.69%
Round 2 | Client 20 | Model: (SqueezeNet) | Acc: 67.18%
Round 2 | Client 22 | Model: (MLP) | Acc: 37.53%
Round 2 | Client 23 | Model: (CNN) | Acc: 42.42%
Round 2 | Client 24 | Model: (ResNet8) | Acc: 32.76%
Round 2 | Client 25 | Model: (ResNet18) | Acc: 11.32%
Round 2 | Client 26 | Model: (MobileNetV2) | Acc: 15.11%
Round 2 | Client 27 | Model: (MobileNetV3) | Acc: 34.23%
Round 2 | Client 28 | Model: (LeNet) | Acc: 31.90%
Round 2 | Client 29 | Model: (AlexNet) | Acc: 26.59%
Round 2 | Client 30 | Model: (ShuffleNet) | Acc: 17.00%
Round 2 | Client 31 | Model: (SqueezeNet) | Acc: 18.20%
[Server] Aggregating by Dataset Name ...
[Server] Training Feature-Based Global Generator...
[Server] Global Inference Model Acc (MNIST) (Round 2): 96.00% (Tested on 9095 samples)
[Server] Global Inference Model Acc (EMNIST) (Round 2): 78.46% (Tested on 105779 samples)
[Server] Global Inference Model Acc (CIFAR10) (Round 2): 38.30% (Tested on 9100 samples)
[Server] Global Inference Model Acc (Mix) (Round 2): 76.79% (Tested on 123974 samples)
Selected client ids: [0, 1, 2, 3, 4, 5, 6, 7, 8, 9, 10, 11, 12, 13, 14, 15, 16, 17, 18, 19, 20, 21, 22, 23, 24, 25, 26, 27, 28, 29]
--- Round 3 ---
Round 3 | Client 0 | Model: (MLP) | Acc: 87.35%
Round 3 | Client 1 | Model: (CNN) | Acc: 94.24%
Round 3 | Client 2 | Model: (ResNet8) | Acc: 91.28%
Round 3 | Client 3 | Model: (ResNet18) | Acc: 47.51%
Round 3 | Client 4 | Model: (MobileNetV2) | Acc: 50.54%
Round 3 | Client 5 | Model: (MobileNetV3) | Acc: 68.12%
Round 3 | Client 6 | Model: (LeNet) | Acc: 94.20%
Round 3 | Client 7 | Model: (AlexNet) | Acc: 94.53%
Round 3 | Client 8 | Model: (ShuffleNet) | Acc: 32.63%
Round 3 | Client 9 | Model: (SqueezeNet) | Acc: 53.33%
Round 3 | Client 11 | Model: (MLP) | Acc: 78.50%
Round 3 | Client 12 | Model: (CNN) | Acc: 82.64%
Round 3 | Client 13 | Model: (ResNet8) | Acc: 84.46%
Round 3 | Client 14 | Model: (ResNet18) | Acc: 6.49%
Round 3 | Client 15 | Model: (MobileNetV2) | Acc: 5.29%
Round 3 | Client 16 | Model: (MobileNetV3) | Acc: 68.33%
Round 3 | Client 17 | Model: (LeNet) | Acc: 82.62%
Round 3 | Client 18 | Model: (AlexNet) | Acc: 82.81%
Round 3 | Client 19 | Model: (ShuffleNet) | Acc: 68.39%
Round 3 | Client 20 | Model: (SqueezeNet) | Acc: 62.88%
Round 3 | Client 22 | Model: (MLP) | Acc: 37.65%
Round 3 | Client 23 | Model: (CNN) | Acc: 44.07%
Round 3 | Client 24 | Model: (ResNet8) | Acc: 30.09%
Round 3 | Client 25 | Model: (ResNet18) | Acc: 10.88%
Round 3 | Client 26 | Model: (MobileNetV2) | Acc: 11.23%
Round 3 | Client 27 | Model: (MobileNetV3) | Acc: 35.30%
Round 3 | Client 28 | Model: (LeNet) | Acc: 32.78%
Round 3 | Client 29 | Model: (AlexNet) | Acc: 34.27%
Round 3 | Client 30 | Model: (ShuffleNet) | Acc: 14.36%
Round 3 | Client 31 | Model: (SqueezeNet) | Acc: 17.30%
[Server] Aggregating by Dataset Name ...
[Server] Training Feature-Based Global Generator...
[Server] Global Inference Model Acc (MNIST) (Round 3): 97.84% (Tested on 9095 samples)
[Server] Global Inference Model Acc (EMNIST) (Round 3): 77.30% (Tested on 105779 samples)
[Server] Global Inference Model Acc (CIFAR10) (Round 3): 44.14% (Tested on 9100 samples)
[Server] Global Inference Model Acc (Mix) (Round 3): 76.37% (Tested on 123974 samples)
Selected client ids: [0, 1, 2, 3, 4, 5, 6, 7, 8, 9, 10, 11, 12, 13, 14, 15, 16, 17, 18, 19, 20, 21, 22, 23, 24, 25, 26, 27, 28, 29]
--- Round 4 ---
Round 4 | Client 0 | Model: (MLP) | Acc: 89.86%
Round 4 | Client 1 | Model: (CNN) | Acc: 95.02%
Round 4 | Client 2 | Model: (ResNet8) | Acc: 93.88%
Round 4 | Client 3 | Model: (ResNet18) | Acc: 79.19%
Round 4 | Client 4 | Model: (MobileNetV2) | Acc: 61.03%
Round 4 | Client 5 | Model: (MobileNetV3) | Acc: 74.25%
Round 4 | Client 6 | Model: (LeNet) | Acc: 95.40%
Round 4 | Client 7 | Model: (AlexNet) | Acc: 91.58%
Round 4 | Client 8 | Model: (ShuffleNet) | Acc: 27.73%
Round 4 | Client 9 | Model: (SqueezeNet) | Acc: 46.23%
Round 4 | Client 11 | Model: (MLP) | Acc: 78.64%
Round 4 | Client 12 | Model: (CNN) | Acc: 82.71%
Round 4 | Client 13 | Model: (ResNet8) | Acc: 84.32%
Round 4 | Client 14 | Model: (ResNet18) | Acc: 6.49%
Round 4 | Client 15 | Model: (MobileNetV2) | Acc: 5.82%
Round 4 | Client 16 | Model: (MobileNetV3) | Acc: 71.28%
Round 4 | Client 17 | Model: (LeNet) | Acc: 83.04%
Round 4 | Client 18 | Model: (AlexNet) | Acc: 82.14%
Round 4 | Client 19 | Model: (ShuffleNet) | Acc: 9.26%
Round 4 | Client 20 | Model: (SqueezeNet) | Acc: 55.25%
Round 4 | Client 22 | Model: (MLP) | Acc: 37.41%
Round 4 | Client 23 | Model: (CNN) | Acc: 46.81%
Round 4 | Client 24 | Model: (ResNet8) | Acc: 33.51%
Round 4 | Client 25 | Model: (ResNet18) | Acc: 10.88%
Round 4 | Client 26 | Model: (MobileNetV2) | Acc: 18.26%
Round 4 | Client 27 | Model: (MobileNetV3) | Acc: 38.20%
Round 4 | Client 28 | Model: (LeNet) | Acc: 34.65%
Round 4 | Client 29 | Model: (AlexNet) | Acc: 32.76%
Round 4 | Client 30 | Model: (ShuffleNet) | Acc: 14.14%
Round 4 | Client 31 | Model: (SqueezeNet) | Acc: 17.42%
[Server] Aggregating by Dataset Name ...
[Server] Training Feature-Based Global Generator...
[Server] Global Inference Model Acc (MNIST) (Round 4): 98.45% (Tested on 9095 samples)
[Server] Global Inference Model Acc (EMNIST) (Round 4): 79.95% (Tested on 105779 samples)
[Server] Global Inference Model Acc (CIFAR10) (Round 4): 47.96% (Tested on 9100 samples)
[Server] Global Inference Model Acc (Mix) (Round 4): 78.96% (Tested on 123974 samples)
Selected client ids: [0, 1, 2, 3, 4, 5, 6, 7, 8, 9, 10, 11, 12, 13, 14, 15, 16, 17, 18, 19, 20, 21, 22, 23, 24, 25, 26, 27, 28, 29]
--- Round 5 ---
Round 5 | Client 0 | Model: (MLP) | Acc: 92.26%
Round 5 | Client 1 | Model: (CNN) | Acc: 94.80%
Round 5 | Client 2 | Model: (ResNet8) | Acc: 93.66%
Round 5 | Client 3 | Model: (ResNet18) | Acc: 59.84%
Round 5 | Client 4 | Model: (MobileNetV2) | Acc: 63.28%
Round 5 | Client 5 | Model: (MobileNetV3) | Acc: 79.71%
Round 5 | Client 6 | Model: (LeNet) | Acc: 96.06%
Round 5 | Client 7 | Model: (AlexNet) | Acc: 96.11%
Round 5 | Client 8 | Model: (ShuffleNet) | Acc: 52.67%
Round 5 | Client 9 | Model: (SqueezeNet) | Acc: 29.29%
Round 5 | Client 11 | Model: (MLP) | Acc: 78.91%
Round 5 | Client 12 | Model: (CNN) | Acc: 83.57%
Round 5 | Client 13 | Model: (ResNet8) | Acc: 84.82%
Round 5 | Client 14 | Model: (ResNet18) | Acc: 6.49%
Round 5 | Client 15 | Model: (MobileNetV2) | Acc: 5.82%
Round 5 | Client 16 | Model: (MobileNetV3) | Acc: 73.04%
Round 5 | Client 17 | Model: (LeNet) | Acc: 83.95%
Round 5 | Client 18 | Model: (AlexNet) | Acc: 83.30%
Round 5 | Client 19 | Model: (ShuffleNet) | Acc: 67.60%
Round 5 | Client 20 | Model: (SqueezeNet) | Acc: 23.00%
Round 5 | Client 22 | Model: (MLP) | Acc: 38.97%
Round 5 | Client 23 | Model: (CNN) | Acc: 52.75%
Round 5 | Client 24 | Model: (ResNet8) | Acc: 32.76%
Round 5 | Client 25 | Model: (ResNet18) | Acc: 10.99%
Round 5 | Client 26 | Model: (MobileNetV2) | Acc: 17.31%
Round 5 | Client 27 | Model: (MobileNetV3) | Acc: 41.52%
Round 5 | Client 28 | Model: (LeNet) | Acc: 39.16%
Round 5 | Client 29 | Model: (AlexNet) | Acc: 37.08%
Round 5 | Client 30 | Model: (ShuffleNet) | Acc: 17.98%
Round 5 | Client 31 | Model: (SqueezeNet) | Acc: 20.34%
[Server] Aggregating by Dataset Name ...
[Server] Training Feature-Based Global Generator...
[Server] Global Inference Model Acc (MNIST) (Round 5): 94.18% (Tested on 9095 samples)
[Server] Global Inference Model Acc (EMNIST) (Round 5): 75.32% (Tested on 105779 samples)
[Server] Global Inference Model Acc (CIFAR10) (Round 5): 46.25% (Tested on 9100 samples)
[Server] Global Inference Model Acc (Mix) (Round 5): 74.57% (Tested on 123974 samples)
Selected client ids: [0, 1, 2, 3, 4, 5, 6, 7, 8, 9, 10, 11, 12, 13, 14, 15, 16, 17, 18, 19, 20, 21, 22, 23, 24, 25, 26, 27, 28, 29]
--- Round 6 ---
Round 6 | Client 0 | Model: (MLP) | Acc: 92.80%
Round 6 | Client 1 | Model: (CNN) | Acc: 95.68%
Round 6 | Client 2 | Model: (ResNet8) | Acc: 95.02%
Round 6 | Client 3 | Model: (ResNet18) | Acc: 92.08%
Round 6 | Client 4 | Model: (MobileNetV2) | Acc: 60.17%
Round 6 | Client 5 | Model: (MobileNetV3) | Acc: 83.61%
Round 6 | Client 6 | Model: (LeNet) | Acc: 97.48%
Round 6 | Client 7 | Model: (AlexNet) | Acc: 96.63%
Round 6 | Client 8 | Model: (ShuffleNet) | Acc: 53.34%
Round 6 | Client 9 | Model: (SqueezeNet) | Acc: 21.20%
Round 6 | Client 11 | Model: (MLP) | Acc: 79.76%
Round 6 | Client 12 | Model: (CNN) | Acc: 83.80%
Round 6 | Client 13 | Model: (ResNet8) | Acc: 84.73%
Round 6 | Client 14 | Model: (ResNet18) | Acc: 6.49%
Round 6 | Client 15 | Model: (MobileNetV2) | Acc: 5.82%
Round 6 | Client 16 | Model: (MobileNetV3) | Acc: 73.87%
Round 6 | Client 17 | Model: (LeNet) | Acc: 84.07%
Round 6 | Client 18 | Model: (AlexNet) | Acc: 84.67%
Round 6 | Client 19 | Model: (ShuffleNet) | Acc: 73.54%
Round 6 | Client 20 | Model: (SqueezeNet) | Acc: 54.24%
Round 6 | Client 22 | Model: (MLP) | Acc: 39.45%
Round 6 | Client 23 | Model: (CNN) | Acc: 53.96%
Round 6 | Client 24 | Model: (ResNet8) | Acc: 37.15%
Round 6 | Client 25 | Model: (ResNet18) | Acc: 10.88%
Round 6 | Client 26 | Model: (MobileNetV2) | Acc: 18.15%
Round 6 | Client 27 | Model: (MobileNetV3) | Acc: 40.45%
Round 6 | Client 28 | Model: (LeNet) | Acc: 44.33%
Round 6 | Client 29 | Model: (AlexNet) | Acc: 39.78%
Round 6 | Client 30 | Model: (ShuffleNet) | Acc: 15.02%
Round 6 | Client 31 | Model: (SqueezeNet) | Acc: 23.03%
[Server] Aggregating by Dataset Name ...
[Server] Training Feature-Based Global Generator...
[Server] Global Inference Model Acc (MNIST) (Round 6): 98.08% (Tested on 9095 samples)
[Server] Global Inference Model Acc (EMNIST) (Round 6): 77.04% (Tested on 105779 samples)
[Server] Global Inference Model Acc (CIFAR10) (Round 6): 50.21% (Tested on 9100 samples)
[Server] Global Inference Model Acc (Mix) (Round 6): 76.62% (Tested on 123974 samples)
Selected client ids: [0, 1, 2, 3, 4, 5, 6, 7, 8, 9, 10, 11, 12, 13, 14, 15, 16, 17, 18, 19, 20, 21, 22, 23, 24, 25, 26, 27, 28, 29]
--- Round 7 ---
Round 7 | Client 0 | Model: (MLP) | Acc: 93.13%
Round 7 | Client 1 | Model: (CNN) | Acc: 96.35%
Round 7 | Client 2 | Model: (ResNet8) | Acc: 95.24%
Round 7 | Client 3 | Model: (ResNet18) | Acc: 92.76%
Round 7 | Client 4 | Model: (MobileNetV2) | Acc: 71.73%
Round 7 | Client 5 | Model: (MobileNetV3) | Acc: 86.06%
Round 7 | Client 6 | Model: (LeNet) | Acc: 97.92%
Round 7 | Client 7 | Model: (AlexNet) | Acc: 97.79%
Round 7 | Client 8 | Model: (ShuffleNet) | Acc: 49.00%
Round 7 | Client 9 | Model: (SqueezeNet) | Acc: 47.10%
Round 7 | Client 11 | Model: (MLP) | Acc: 79.78%
Round 7 | Client 12 | Model: (CNN) | Acc: 84.71%
Round 7 | Client 13 | Model: (ResNet8) | Acc: 85.57%
Round 7 | Client 14 | Model: (ResNet18) | Acc: 6.49%
Round 7 | Client 15 | Model: (MobileNetV2) | Acc: 5.82%
Round 7 | Client 16 | Model: (MobileNetV3) | Acc: 75.54%
Round 7 | Client 17 | Model: (LeNet) | Acc: 84.65%
Round 7 | Client 18 | Model: (AlexNet) | Acc: 84.39%
Round 7 | Client 19 | Model: (ShuffleNet) | Acc: 77.35%
Round 7 | Client 20 | Model: (SqueezeNet) | Acc: 50.84%
Round 7 | Client 22 | Model: (MLP) | Acc: 39.57%
Round 7 | Client 23 | Model: (CNN) | Acc: 53.52%
Round 7 | Client 24 | Model: (ResNet8) | Acc: 39.40%
Round 7 | Client 25 | Model: (ResNet18) | Acc: 11.21%
Round 7 | Client 26 | Model: (MobileNetV2) | Acc: 20.99%
Round 7 | Client 27 | Model: (MobileNetV3) | Acc: 40.02%
Round 7 | Client 28 | Model: (LeNet) | Acc: 46.64%
Round 7 | Client 29 | Model: (AlexNet) | Acc: 41.30%
Round 7 | Client 30 | Model: (ShuffleNet) | Acc: 21.71%
Round 7 | Client 31 | Model: (SqueezeNet) | Acc: 18.20%
[Server] Aggregating by Dataset Name ...
[Server] Training Feature-Based Global Generator...
[Server] Global Inference Model Acc (MNIST) (Round 7): 98.97% (Tested on 9095 samples)
[Server] Global Inference Model Acc (EMNIST) (Round 7): 81.57% (Tested on 105779 samples)
[Server] Global Inference Model Acc (CIFAR10) (Round 7): 54.60% (Tested on 9100 samples)
[Server] Global Inference Model Acc (Mix) (Round 7): 80.87% (Tested on 123974 samples)
Selected client ids: [0, 1, 2, 3, 4, 5, 6, 7, 8, 9, 10, 11, 12, 13, 14, 15, 16, 17, 18, 19, 20, 21, 22, 23, 24, 25, 26, 27, 28, 29]
--- Round 8 ---
Round 8 | Client 0 | Model: (MLP) | Acc: 93.02%
Round 8 | Client 1 | Model: (CNN) | Acc: 96.79%
Round 8 | Client 2 | Model: (ResNet8) | Acc: 95.81%
Round 8 | Client 3 | Model: (ResNet18) | Acc: 92.99%
Round 8 | Client 4 | Model: (MobileNetV2) | Acc: 87.04%
Round 8 | Client 5 | Model: (MobileNetV3) | Acc: 87.63%
Round 8 | Client 6 | Model: (LeNet) | Acc: 98.14%
Round 8 | Client 7 | Model: (AlexNet) | Acc: 97.68%
Round 8 | Client 8 | Model: (ShuffleNet) | Acc: 60.47%
Round 8 | Client 9 | Model: (SqueezeNet) | Acc: 49.84%
Round 8 | Client 11 | Model: (MLP) | Acc: 80.38%
Round 8 | Client 12 | Model: (CNN) | Acc: 85.11%
Round 8 | Client 13 | Model: (ResNet8) | Acc: 86.07%
Round 8 | Client 14 | Model: (ResNet18) | Acc: 6.49%
Round 8 | Client 15 | Model: (MobileNetV2) | Acc: 5.82%
Round 8 | Client 16 | Model: (MobileNetV3) | Acc: 76.93%
Round 8 | Client 17 | Model: (LeNet) | Acc: 84.39%
Round 8 | Client 18 | Model: (AlexNet) | Acc: 85.02%
Round 8 | Client 19 | Model: (ShuffleNet) | Acc: 80.30%
Round 8 | Client 20 | Model: (SqueezeNet) | Acc: 5.84%
Round 8 | Client 22 | Model: (MLP) | Acc: 42.09%
Round 8 | Client 23 | Model: (CNN) | Acc: 54.07%
Round 8 | Client 24 | Model: (ResNet8) | Acc: 41.33%
Round 8 | Client 25 | Model: (ResNet18) | Acc: 11.21%
Round 8 | Client 26 | Model: (MobileNetV2) | Acc: 20.88%
Round 8 | Client 27 | Model: (MobileNetV3) | Acc: 42.81%
Round 8 | Client 28 | Model: (LeNet) | Acc: 48.29%
Round 8 | Client 29 | Model: (AlexNet) | Acc: 44.54%
Round 8 | Client 30 | Model: (ShuffleNet) | Acc: 22.26%
Round 8 | Client 31 | Model: (SqueezeNet) | Acc: 18.99%
[Server] Aggregating by Dataset Name ...
[Server] Training Feature-Based Global Generator...
[Server] Global Inference Model Acc (MNIST) (Round 8): 97.99% (Tested on 9095 samples)
[Server] Global Inference Model Acc (EMNIST) (Round 8): 77.31% (Tested on 105779 samples)
[Server] Global Inference Model Acc (CIFAR10) (Round 8): 57.37% (Tested on 9100 samples)
[Server] Global Inference Model Acc (Mix) (Round 8): 77.36% (Tested on 123974 samples)
Selected client ids: [0, 1, 2, 3, 4, 5, 6, 7, 8, 9, 10, 11, 12, 13, 14, 15, 16, 17, 18, 19, 20, 21, 22, 23, 24, 25, 26, 27, 28, 29]
--- Round 9 ---
Round 9 | Client 0 | Model: (MLP) | Acc: 92.04%
Round 9 | Client 1 | Model: (CNN) | Acc: 96.68%
Round 9 | Client 2 | Model: (ResNet8) | Acc: 96.94%
Round 9 | Client 3 | Model: (ResNet18) | Acc: 94.91%
Round 9 | Client 4 | Model: (MobileNetV2) | Acc: 47.22%
Round 9 | Client 5 | Model: (MobileNetV3) | Acc: 88.63%
Round 9 | Client 6 | Model: (LeNet) | Acc: 98.25%
Round 9 | Client 7 | Model: (AlexNet) | Acc: 98.63%
Round 9 | Client 8 | Model: (ShuffleNet) | Acc: 67.26%
Round 9 | Client 9 | Model: (SqueezeNet) | Acc: 37.49%
Round 9 | Client 11 | Model: (MLP) | Acc: 80.10%
Round 9 | Client 12 | Model: (CNN) | Acc: 84.09%
Round 9 | Client 13 | Model: (ResNet8) | Acc: 86.20%
Round 9 | Client 14 | Model: (ResNet18) | Acc: 6.49%
Round 9 | Client 15 | Model: (MobileNetV2) | Acc: 5.82%
Round 9 | Client 16 | Model: (MobileNetV3) | Acc: 77.66%
Round 9 | Client 17 | Model: (LeNet) | Acc: 84.31%
Round 9 | Client 18 | Model: (AlexNet) | Acc: 84.12%
Round 9 | Client 19 | Model: (ShuffleNet) | Acc: 81.22%
Round 9 | Client 20 | Model: (SqueezeNet) | Acc: 5.79%
Round 9 | Client 22 | Model: (MLP) | Acc: 41.73%
Round 9 | Client 23 | Model: (CNN) | Acc: 57.69%
Round 9 | Client 24 | Model: (ResNet8) | Acc: 46.04%
Round 9 | Client 25 | Model: (ResNet18) | Acc: 11.21%
Round 9 | Client 26 | Model: (MobileNetV2) | Acc: 21.62%
Round 9 | Client 27 | Model: (MobileNetV3) | Acc: 41.74%
Round 9 | Client 28 | Model: (LeNet) | Acc: 49.17%
Round 9 | Client 29 | Model: (AlexNet) | Acc: 47.57%
Round 9 | Client 30 | Model: (ShuffleNet) | Acc: 27.85%
Round 9 | Client 31 | Model: (SqueezeNet) | Acc: 18.65%
[Server] Aggregating by Dataset Name ...
[Server] Training Feature-Based Global Generator...
[Server] Global Inference Model Acc (MNIST) (Round 9): 98.90% (Tested on 9095 samples)
[Server] Global Inference Model Acc (EMNIST) (Round 9): 78.85% (Tested on 105779 samples)
[Server] Global Inference Model Acc (CIFAR10) (Round 9): 59.10% (Tested on 9100 samples)
[Server] Global Inference Model Acc (Mix) (Round 9): 78.88% (Tested on 123974 samples)
Selected client ids: [0, 1, 2, 3, 4, 5, 6, 7, 8, 9, 10, 11, 12, 13, 14, 15, 16, 17, 18, 19, 20, 21, 22, 23, 24, 25, 26, 27, 28, 29]
--- Round 10 ---
Round 10 | Client 0 | Model: (MLP) | Acc: 93.35%
Round 10 | Client 1 | Model: (CNN) | Acc: 96.57%
Round 10 | Client 2 | Model: (ResNet8) | Acc: 97.17%
Round 10 | Client 3 | Model: (ResNet18) | Acc: 95.14%
Round 10 | Client 4 | Model: (MobileNetV2) | Acc: 58.35%
Round 10 | Client 5 | Model: (MobileNetV3) | Acc: 88.41%
Round 10 | Client 6 | Model: (LeNet) | Acc: 98.25%
Round 10 | Client 7 | Model: (AlexNet) | Acc: 97.58%
Round 10 | Client 8 | Model: (ShuffleNet) | Acc: 74.61%
Round 10 | Client 9 | Model: (SqueezeNet) | Acc: 49.62%
Round 10 | Client 11 | Model: (MLP) | Acc: 79.95%
Round 10 | Client 12 | Model: (CNN) | Acc: 84.68%
Round 10 | Client 13 | Model: (ResNet8) | Acc: 86.00%
Round 10 | Client 14 | Model: (ResNet18) | Acc: 6.49%
Round 10 | Client 15 | Model: (MobileNetV2) | Acc: 5.82%
Round 10 | Client 16 | Model: (MobileNetV3) | Acc: 77.99%
Round 10 | Client 17 | Model: (LeNet) | Acc: 84.24%
Round 10 | Client 18 | Model: (AlexNet) | Acc: 84.21%
Round 10 | Client 19 | Model: (ShuffleNet) | Acc: 81.88%
Round 10 | Client 20 | Model: (SqueezeNet) | Acc: 5.79%
Round 10 | Client 22 | Model: (MLP) | Acc: 41.25%
Round 10 | Client 23 | Model: (CNN) | Acc: 57.14%
Round 10 | Client 24 | Model: (ResNet8) | Acc: 48.07%
Round 10 | Client 25 | Model: (ResNet18) | Acc: 11.21%
Round 10 | Client 26 | Model: (MobileNetV2) | Acc: 19.73%
Round 10 | Client 27 | Model: (MobileNetV3) | Acc: 42.17%
Round 10 | Client 28 | Model: (LeNet) | Acc: 51.16%
Round 10 | Client 29 | Model: (AlexNet) | Acc: 50.05%
Round 10 | Client 30 | Model: (ShuffleNet) | Acc: 25.66%
Round 10 | Client 31 | Model: (SqueezeNet) | Acc: 22.25%
[Server] Aggregating by Dataset Name ...
[Server] Training Feature-Based Global Generator...
[Server] Global Inference Model Acc (MNIST) (Round 10): 98.67% (Tested on 9095 samples)
[Server] Global Inference Model Acc (EMNIST) (Round 10): 79.51% (Tested on 105779 samples)
[Server] Global Inference Model Acc (CIFAR10) (Round 10): 61.99% (Tested on 9100 samples)
[Server] Global Inference Model Acc (Mix) (Round 10): 79.63% (Tested on 123974 samples)
Selected client ids: [0, 1, 2, 3, 4, 5, 6, 7, 8, 9, 10, 11, 12, 13, 14, 15, 16, 17, 18, 19, 20, 21, 22, 23, 24, 25, 26, 27, 28, 29]
--- Round 11 ---
Round 11 | Client 0 | Model: (MLP) | Acc: 93.57%
Round 11 | Client 1 | Model: (CNN) | Acc: 97.12%
Round 11 | Client 2 | Model: (ResNet8) | Acc: 97.28%
Round 11 | Client 3 | Model: (ResNet18) | Acc: 97.17%
Round 11 | Client 4 | Model: (MobileNetV2) | Acc: 89.19%
Round 11 | Client 5 | Model: (MobileNetV3) | Acc: 89.86%
Round 11 | Client 6 | Model: (LeNet) | Acc: 98.47%
Round 11 | Client 7 | Model: (AlexNet) | Acc: 98.42%
Round 11 | Client 8 | Model: (ShuffleNet) | Acc: 82.52%
Round 11 | Client 9 | Model: (SqueezeNet) | Acc: 57.92%
Round 11 | Client 11 | Model: (MLP) | Acc: 79.11%
Round 11 | Client 12 | Model: (CNN) | Acc: 84.09%
Round 11 | Client 13 | Model: (ResNet8) | Acc: 86.17%
Round 11 | Client 14 | Model: (ResNet18) | Acc: 6.49%
Round 11 | Client 15 | Model: (MobileNetV2) | Acc: 5.82%
Round 11 | Client 16 | Model: (MobileNetV3) | Acc: 78.84%
Round 11 | Client 17 | Model: (LeNet) | Acc: 84.85%
Round 11 | Client 18 | Model: (AlexNet) | Acc: 83.54%
Round 11 | Client 19 | Model: (ShuffleNet) | Acc: 82.09%
Round 11 | Client 20 | Model: (SqueezeNet) | Acc: 5.84%
Round 11 | Client 22 | Model: (MLP) | Acc: 40.65%
Round 11 | Client 23 | Model: (CNN) | Acc: 59.12%
Round 11 | Client 24 | Model: (ResNet8) | Acc: 51.93%
Round 11 | Client 25 | Model: (ResNet18) | Acc: 11.21%
Round 11 | Client 26 | Model: (MobileNetV2) | Acc: 22.98%
Round 11 | Client 27 | Model: (MobileNetV3) | Acc: 43.35%
Round 11 | Client 28 | Model: (LeNet) | Acc: 50.83%
Round 11 | Client 29 | Model: (AlexNet) | Acc: 52.54%
Round 11 | Client 30 | Model: (ShuffleNet) | Acc: 30.81%
Round 11 | Client 31 | Model: (SqueezeNet) | Acc: 21.46%
[Server] Aggregating by Dataset Name ...
[Server] Training Feature-Based Global Generator...
[Server] Global Inference Model Acc (MNIST) (Round 11): 98.86% (Tested on 9095 samples)
[Server] Global Inference Model Acc (EMNIST) (Round 11): 77.97% (Tested on 105779 samples)
[Server] Global Inference Model Acc (CIFAR10) (Round 11): 63.37% (Tested on 9100 samples)
[Server] Global Inference Model Acc (Mix) (Round 11): 78.43% (Tested on 123974 samples)
Selected client ids: [0, 1, 2, 3, 4, 5, 6, 7, 8, 9, 10, 11, 12, 13, 14, 15, 16, 17, 18, 19, 20, 21, 22, 23, 24, 25, 26, 27, 28, 29]
--- Round 12 ---
Round 12 | Client 0 | Model: (MLP) | Acc: 93.78%
Round 12 | Client 1 | Model: (CNN) | Acc: 97.45%
Round 12 | Client 2 | Model: (ResNet8) | Acc: 97.40%
Round 12 | Client 3 | Model: (ResNet18) | Acc: 97.06%
Round 12 | Client 4 | Model: (MobileNetV2) | Acc: 81.05%
Round 12 | Client 5 | Model: (MobileNetV3) | Acc: 89.74%
Round 12 | Client 6 | Model: (LeNet) | Acc: 98.69%
Round 12 | Client 7 | Model: (AlexNet) | Acc: 98.95%
Round 12 | Client 8 | Model: (ShuffleNet) | Acc: 84.19%
Round 12 | Client 9 | Model: (SqueezeNet) | Acc: 60.77%
Round 12 | Client 11 | Model: (MLP) | Acc: 79.23%
Round 12 | Client 12 | Model: (CNN) | Acc: 84.27%
Round 12 | Client 13 | Model: (ResNet8) | Acc: 86.47%
Round 12 | Client 14 | Model: (ResNet18) | Acc: 6.49%
Round 12 | Client 15 | Model: (MobileNetV2) | Acc: 5.82%
Round 12 | Client 16 | Model: (MobileNetV3) | Acc: 78.32%
Round 12 | Client 17 | Model: (LeNet) | Acc: 84.14%
Round 12 | Client 18 | Model: (AlexNet) | Acc: 84.14%
Round 12 | Client 19 | Model: (ShuffleNet) | Acc: 81.59%
Round 12 | Client 20 | Model: (SqueezeNet) | Acc: 5.84%
Round 12 | Client 22 | Model: (MLP) | Acc: 43.29%
Round 12 | Client 23 | Model: (CNN) | Acc: 59.45%
Round 12 | Client 24 | Model: (ResNet8) | Acc: 54.39%
Round 12 | Client 25 | Model: (ResNet18) | Acc: 11.21%
Round 12 | Client 26 | Model: (MobileNetV2) | Acc: 19.10%
Round 12 | Client 27 | Model: (MobileNetV3) | Acc: 45.28%
Round 12 | Client 28 | Model: (LeNet) | Acc: 53.36%
Round 12 | Client 29 | Model: (AlexNet) | Acc: 53.62%
Round 12 | Client 30 | Model: (ShuffleNet) | Acc: 28.51%
Round 12 | Client 31 | Model: (SqueezeNet) | Acc: 19.21%
[Server] Aggregating by Dataset Name ...
[Server] Training Feature-Based Global Generator...
[Server] Global Inference Model Acc (MNIST) (Round 12): 99.03% (Tested on 9095 samples)
[Server] Global Inference Model Acc (EMNIST) (Round 12): 78.61% (Tested on 105779 samples)
[Server] Global Inference Model Acc (CIFAR10) (Round 12): 64.36% (Tested on 9100 samples)
[Server] Global Inference Model Acc (Mix) (Round 12): 79.07% (Tested on 123974 samples)
Selected client ids: [0, 1, 2, 3, 4, 5, 6, 7, 8, 9, 10, 11, 12, 13, 14, 15, 16, 17, 18, 19, 20, 21, 22, 23, 24, 25, 26, 27, 28, 29]
--- Round 13 ---
Round 13 | Client 0 | Model: (MLP) | Acc: 93.02%
Round 13 | Client 1 | Model: (CNN) | Acc: 97.01%
Round 13 | Client 2 | Model: (ResNet8) | Acc: 98.19%
Round 13 | Client 3 | Model: (ResNet18) | Acc: 98.08%
Round 13 | Client 4 | Model: (MobileNetV2) | Acc: 67.34%
Round 13 | Client 5 | Model: (MobileNetV3) | Acc: 90.75%
Round 13 | Client 6 | Model: (LeNet) | Acc: 98.58%
Round 13 | Client 7 | Model: (AlexNet) | Acc: 98.84%
Round 13 | Client 8 | Model: (ShuffleNet) | Acc: 87.75%
Round 13 | Client 9 | Model: (SqueezeNet) | Acc: 63.61%
Round 13 | Client 11 | Model: (MLP) | Acc: 79.81%
Round 13 | Client 12 | Model: (CNN) | Acc: 85.14%
Round 13 | Client 13 | Model: (ResNet8) | Acc: 86.02%
Round 13 | Client 14 | Model: (ResNet18) | Acc: 6.49%
Round 13 | Client 15 | Model: (MobileNetV2) | Acc: 5.82%
Round 13 | Client 16 | Model: (MobileNetV3) | Acc: 79.32%
Round 13 | Client 17 | Model: (LeNet) | Acc: 84.55%
Round 13 | Client 18 | Model: (AlexNet) | Acc: 83.14%
Round 13 | Client 19 | Model: (ShuffleNet) | Acc: 83.04%
Round 13 | Client 20 | Model: (SqueezeNet) | Acc: 5.79%
Round 13 | Client 22 | Model: (MLP) | Acc: 39.81%
Round 13 | Client 23 | Model: (CNN) | Acc: 58.35%
Round 13 | Client 24 | Model: (ResNet8) | Acc: 57.82%
Round 13 | Client 25 | Model: (ResNet18) | Acc: 11.21%
Round 13 | Client 26 | Model: (MobileNetV2) | Acc: 20.15%
Round 13 | Client 27 | Model: (MobileNetV3) | Acc: 44.10%
Round 13 | Client 28 | Model: (LeNet) | Acc: 52.15%
Round 13 | Client 29 | Model: (AlexNet) | Acc: 54.59%
Round 13 | Client 30 | Model: (ShuffleNet) | Acc: 29.17%
Round 13 | Client 31 | Model: (SqueezeNet) | Acc: 22.02%
[Server] Aggregating by Dataset Name ...
[Server] Training Feature-Based Global Generator...
[Server] Global Inference Model Acc (MNIST) (Round 13): 98.15% (Tested on 9095 samples)
[Server] Global Inference Model Acc (EMNIST) (Round 13): 77.90% (Tested on 105779 samples)
[Server] Global Inference Model Acc (CIFAR10) (Round 13): 63.13% (Tested on 9100 samples)
[Server] Global Inference Model Acc (Mix) (Round 13): 78.30% (Tested on 123974 samples)
Selected client ids: [0, 1, 2, 3, 4, 5, 6, 7, 8, 9, 10, 11, 12, 13, 14, 15, 16, 17, 18, 19, 20, 21, 22, 23, 24, 25, 26, 27, 28, 29]
--- Round 14 ---
Round 14 | Client 0 | Model: (MLP) | Acc: 94.44%
Round 14 | Client 1 | Model: (CNN) | Acc: 97.45%
Round 14 | Client 2 | Model: (ResNet8) | Acc: 97.73%
Round 14 | Client 3 | Model: (ResNet18) | Acc: 98.42%
Round 14 | Client 4 | Model: (MobileNetV2) | Acc: 77.52%
Round 14 | Client 5 | Model: (MobileNetV3) | Acc: 91.64%
Round 14 | Client 6 | Model: (LeNet) | Acc: 98.69%
Round 14 | Client 7 | Model: (AlexNet) | Acc: 98.63%
Round 14 | Client 8 | Model: (ShuffleNet) | Acc: 89.09%
Round 14 | Client 9 | Model: (SqueezeNet) | Acc: 70.93%
Round 14 | Client 11 | Model: (MLP) | Acc: 79.88%
Round 14 | Client 12 | Model: (CNN) | Acc: 85.29%
Round 14 | Client 13 | Model: (ResNet8) | Acc: 86.20%
Round 14 | Client 14 | Model: (ResNet18) | Acc: 6.49%
Round 14 | Client 15 | Model: (MobileNetV2) | Acc: 5.82%
Round 14 | Client 16 | Model: (MobileNetV3) | Acc: 80.18%
Round 14 | Client 17 | Model: (LeNet) | Acc: 83.69%
Round 14 | Client 18 | Model: (AlexNet) | Acc: 83.01%
Round 14 | Client 19 | Model: (ShuffleNet) | Acc: 82.65%
Round 14 | Client 20 | Model: (SqueezeNet) | Acc: 5.84%
Round 14 | Client 22 | Model: (MLP) | Acc: 39.21%
Round 14 | Client 23 | Model: (CNN) | Acc: 60.11%
Round 14 | Client 24 | Model: (ResNet8) | Acc: 57.92%
Round 14 | Client 25 | Model: (ResNet18) | Acc: 11.21%
Round 14 | Client 26 | Model: (MobileNetV2) | Acc: 23.40%
Round 14 | Client 27 | Model: (MobileNetV3) | Acc: 43.88%
Round 14 | Client 28 | Model: (LeNet) | Acc: 53.58%
Round 14 | Client 29 | Model: (AlexNet) | Acc: 56.00%
Round 14 | Client 30 | Model: (ShuffleNet) | Acc: 31.03%
Round 14 | Client 31 | Model: (SqueezeNet) | Acc: 22.58%
[Server] Aggregating by Dataset Name ...
[Server] Training Feature-Based Global Generator...
[Server] Global Inference Model Acc (MNIST) (Round 14): 99.03% (Tested on 9095 samples)
[Server] Global Inference Model Acc (EMNIST) (Round 14): 80.04% (Tested on 105779 samples)
[Server] Global Inference Model Acc (CIFAR10) (Round 14): 68.29% (Tested on 9100 samples)
[Server] Global Inference Model Acc (Mix) (Round 14): 80.57% (Tested on 123974 samples)
Selected client ids: [0, 1, 2, 3, 4, 5, 6, 7, 8, 9, 10, 11, 12, 13, 14, 15, 16, 17, 18, 19, 20, 21, 22, 23, 24, 25, 26, 27, 28, 29]
--- Round 15 ---
Round 15 | Client 0 | Model: (MLP) | Acc: 93.35%
Round 15 | Client 1 | Model: (CNN) | Acc: 97.12%
Round 15 | Client 2 | Model: (ResNet8) | Acc: 98.41%
Round 15 | Client 3 | Model: (ResNet18) | Acc: 98.30%
Round 15 | Client 4 | Model: (MobileNetV2) | Acc: 86.30%
Round 15 | Client 5 | Model: (MobileNetV3) | Acc: 91.30%
Round 15 | Client 6 | Model: (LeNet) | Acc: 98.69%
Round 15 | Client 7 | Model: (AlexNet) | Acc: 99.16%
Round 15 | Client 8 | Model: (ShuffleNet) | Acc: 90.20%
Round 15 | Client 9 | Model: (SqueezeNet) | Acc: 67.32%
Round 15 | Client 11 | Model: (MLP) | Acc: 79.83%
Round 15 | Client 12 | Model: (CNN) | Acc: 85.27%
Round 15 | Client 13 | Model: (ResNet8) | Acc: 86.61%
Round 15 | Client 14 | Model: (ResNet18) | Acc: 6.49%
Round 15 | Client 15 | Model: (MobileNetV2) | Acc: 5.82%
Round 15 | Client 16 | Model: (MobileNetV3) | Acc: 79.74%
Round 15 | Client 17 | Model: (LeNet) | Acc: 83.77%
Round 15 | Client 18 | Model: (AlexNet) | Acc: 82.55%
Round 15 | Client 19 | Model: (ShuffleNet) | Acc: 81.30%
Round 15 | Client 20 | Model: (SqueezeNet) | Acc: 5.84%
Round 15 | Client 22 | Model: (MLP) | Acc: 40.41%
Round 15 | Client 23 | Model: (CNN) | Acc: 60.66%
Round 15 | Client 24 | Model: (ResNet8) | Acc: 60.39%
Round 15 | Client 25 | Model: (ResNet18) | Acc: 11.21%
Round 15 | Client 26 | Model: (MobileNetV2) | Acc: 21.51%
Round 15 | Client 27 | Model: (MobileNetV3) | Acc: 41.63%
Round 15 | Client 28 | Model: (LeNet) | Acc: 53.80%
Round 15 | Client 29 | Model: (AlexNet) | Acc: 58.16%
Round 15 | Client 30 | Model: (ShuffleNet) | Acc: 34.32%
Round 15 | Client 31 | Model: (SqueezeNet) | Acc: 23.37%
[Server] Aggregating by Dataset Name ...
[Server] Training Feature-Based Global Generator...
[Server] Global Inference Model Acc (MNIST) (Round 15): 98.69% (Tested on 9095 samples)
[Server] Global Inference Model Acc (EMNIST) (Round 15): 78.54% (Tested on 105779 samples)
[Server] Global Inference Model Acc (CIFAR10) (Round 15): 69.53% (Tested on 9100 samples)
[Server] Global Inference Model Acc (Mix) (Round 15): 79.36% (Tested on 123974 samples)
Selected client ids: [0, 1, 2, 3, 4, 5, 6, 7, 8, 9, 10, 11, 12, 13, 14, 15, 16, 17, 18, 19, 20, 21, 22, 23, 24, 25, 26, 27, 28, 29]
--- Round 16 ---
Round 16 | Client 0 | Model: (MLP) | Acc: 94.33%
Round 16 | Client 1 | Model: (CNN) | Acc: 96.79%
Round 16 | Client 2 | Model: (ResNet8) | Acc: 98.30%
Round 16 | Client 3 | Model: (ResNet18) | Acc: 96.95%
Round 16 | Client 4 | Model: (MobileNetV2) | Acc: 75.80%
Round 16 | Client 5 | Model: (MobileNetV3) | Acc: 92.08%
Round 16 | Client 6 | Model: (LeNet) | Acc: 98.91%
Round 16 | Client 7 | Model: (AlexNet) | Acc: 99.05%
Round 16 | Client 8 | Model: (ShuffleNet) | Acc: 89.09%
Round 16 | Client 9 | Model: (SqueezeNet) | Acc: 65.79%
Round 16 | Client 11 | Model: (MLP) | Acc: 79.27%
Round 16 | Client 12 | Model: (CNN) | Acc: 85.29%
Round 16 | Client 13 | Model: (ResNet8) | Acc: 86.10%
Round 16 | Client 14 | Model: (ResNet18) | Acc: 6.49%
Round 16 | Client 15 | Model: (MobileNetV2) | Acc: 5.82%
Round 16 | Client 16 | Model: (MobileNetV3) | Acc: 80.68%
Round 16 | Client 17 | Model: (LeNet) | Acc: 84.21%
Round 16 | Client 18 | Model: (AlexNet) | Acc: 82.29%
Round 16 | Client 19 | Model: (ShuffleNet) | Acc: 81.05%
Round 16 | Client 20 | Model: (SqueezeNet) | Acc: 5.79%
Round 16 | Client 22 | Model: (MLP) | Acc: 41.85%
Round 16 | Client 23 | Model: (CNN) | Acc: 60.55%
Round 16 | Client 24 | Model: (ResNet8) | Acc: 61.03%
Round 16 | Client 25 | Model: (ResNet18) | Acc: 11.21%
Round 16 | Client 26 | Model: (MobileNetV2) | Acc: 24.03%
Round 16 | Client 27 | Model: (MobileNetV3) | Acc: 45.60%
Round 16 | Client 28 | Model: (LeNet) | Acc: 54.57%
Round 16 | Client 29 | Model: (AlexNet) | Acc: 57.73%
Round 16 | Client 30 | Model: (ShuffleNet) | Acc: 36.62%
Round 16 | Client 31 | Model: (SqueezeNet) | Acc: 24.16%
[Server] Aggregating by Dataset Name ...
[Server] Training Feature-Based Global Generator...
[Server] Global Inference Model Acc (MNIST) (Round 16): 99.05% (Tested on 9095 samples)
[Server] Global Inference Model Acc (EMNIST) (Round 16): 80.21% (Tested on 105779 samples)
[Server] Global Inference Model Acc (CIFAR10) (Round 16): 65.67% (Tested on 9100 samples)
[Server] Global Inference Model Acc (Mix) (Round 16): 80.53% (Tested on 123974 samples)
Selected client ids: [0, 1, 2, 3, 4, 5, 6, 7, 8, 9, 10, 11, 12, 13, 14, 15, 16, 17, 18, 19, 20, 21, 22, 23, 24, 25, 26, 27, 28, 29]
--- Round 17 ---
Round 17 | Client 0 | Model: (MLP) | Acc: 93.57%
Round 17 | Client 1 | Model: (CNN) | Acc: 97.34%
Round 17 | Client 2 | Model: (ResNet8) | Acc: 98.64%
Round 17 | Client 3 | Model: (ResNet18) | Acc: 98.19%
Round 17 | Client 4 | Model: (MobileNetV2) | Acc: 84.48%
Round 17 | Client 5 | Model: (MobileNetV3) | Acc: 91.86%
Round 17 | Client 6 | Model: (LeNet) | Acc: 98.91%
Round 17 | Client 7 | Model: (AlexNet) | Acc: 99.16%
Round 17 | Client 8 | Model: (ShuffleNet) | Acc: 86.97%
Round 17 | Client 9 | Model: (SqueezeNet) | Acc: 70.82%
Round 17 | Client 11 | Model: (MLP) | Acc: 77.81%
Round 17 | Client 12 | Model: (CNN) | Acc: 85.62%
Round 17 | Client 13 | Model: (ResNet8) | Acc: 86.40%
Round 17 | Client 14 | Model: (ResNet18) | Acc: 6.49%
Round 17 | Client 15 | Model: (MobileNetV2) | Acc: 5.82%
Round 17 | Client 16 | Model: (MobileNetV3) | Acc: 80.09%
Round 17 | Client 17 | Model: (LeNet) | Acc: 83.87%
Round 17 | Client 18 | Model: (AlexNet) | Acc: 82.24%
Round 17 | Client 19 | Model: (ShuffleNet) | Acc: 81.18%
Round 17 | Client 20 | Model: (SqueezeNet) | Acc: 5.84%
Round 17 | Client 22 | Model: (MLP) | Acc: 38.13%
Round 17 | Client 23 | Model: (CNN) | Acc: 62.31%
Round 17 | Client 24 | Model: (ResNet8) | Acc: 63.28%
Round 17 | Client 25 | Model: (ResNet18) | Acc: 11.21%
Round 17 | Client 26 | Model: (MobileNetV2) | Acc: 21.93%
Round 17 | Client 27 | Model: (MobileNetV3) | Acc: 45.06%
Round 17 | Client 28 | Model: (LeNet) | Acc: 55.45%
Round 17 | Client 29 | Model: (AlexNet) | Acc: 57.73%
Round 17 | Client 30 | Model: (ShuffleNet) | Acc: 35.96%
Round 17 | Client 31 | Model: (SqueezeNet) | Acc: 24.83%
[Server] Aggregating by Dataset Name ...
[Server] Training Feature-Based Global Generator...
[Server] Global Inference Model Acc (MNIST) (Round 17): 99.05% (Tested on 9095 samples)
[Server] Global Inference Model Acc (EMNIST) (Round 17): 82.99% (Tested on 105779 samples)
[Server] Global Inference Model Acc (CIFAR10) (Round 17): 68.30% (Tested on 9100 samples)
[Server] Global Inference Model Acc (Mix) (Round 17): 83.09% (Tested on 123974 samples)
Selected client ids: [0, 1, 2, 3, 4, 5, 6, 7, 8, 9, 10, 11, 12, 13, 14, 15, 16, 17, 18, 19, 20, 21, 22, 23, 24, 25, 26, 27, 28, 29]
--- Round 18 ---
Round 18 | Client 0 | Model: (MLP) | Acc: 93.02%
Round 18 | Client 1 | Model: (CNN) | Acc: 97.45%
Round 18 | Client 2 | Model: (ResNet8) | Acc: 99.32%
Round 18 | Client 3 | Model: (ResNet18) | Acc: 98.08%
Round 18 | Client 4 | Model: (MobileNetV2) | Acc: 75.59%
Round 18 | Client 5 | Model: (MobileNetV3) | Acc: 92.98%
Round 18 | Client 6 | Model: (LeNet) | Acc: 98.47%
Round 18 | Client 7 | Model: (AlexNet) | Acc: 99.05%
Round 18 | Client 8 | Model: (ShuffleNet) | Acc: 90.42%
Round 18 | Client 9 | Model: (SqueezeNet) | Acc: 73.55%
Round 18 | Client 11 | Model: (MLP) | Acc: 79.37%
Round 18 | Client 12 | Model: (CNN) | Acc: 85.25%
Round 18 | Client 13 | Model: (ResNet8) | Acc: 85.94%
Round 18 | Client 14 | Model: (ResNet18) | Acc: 6.49%
Round 18 | Client 15 | Model: (MobileNetV2) | Acc: 5.82%
Round 18 | Client 16 | Model: (MobileNetV3) | Acc: 79.38%
Round 18 | Client 17 | Model: (LeNet) | Acc: 84.64%
Round 18 | Client 18 | Model: (AlexNet) | Acc: 81.82%
Round 18 | Client 19 | Model: (ShuffleNet) | Acc: 82.27%
Round 18 | Client 20 | Model: (SqueezeNet) | Acc: 5.84%
Round 18 | Client 22 | Model: (MLP) | Acc: 39.69%
Round 18 | Client 23 | Model: (CNN) | Acc: 62.20%
Round 18 | Client 24 | Model: (ResNet8) | Acc: 61.78%
Round 18 | Client 25 | Model: (ResNet18) | Acc: 11.21%
Round 18 | Client 26 | Model: (MobileNetV2) | Acc: 20.88%
Round 18 | Client 27 | Model: (MobileNetV3) | Acc: 44.85%
Round 18 | Client 28 | Model: (LeNet) | Acc: 54.13%
Round 18 | Client 29 | Model: (AlexNet) | Acc: 58.38%
Round 18 | Client 30 | Model: (ShuffleNet) | Acc: 39.69%
Round 18 | Client 31 | Model: (SqueezeNet) | Acc: 26.52%
[Server] Aggregating by Dataset Name ...
[Server] Training Feature-Based Global Generator...
[Server] Global Inference Model Acc (MNIST) (Round 18): 99.14% (Tested on 9095 samples)
[Server] Global Inference Model Acc (EMNIST) (Round 18): 81.11% (Tested on 105779 samples)
[Server] Global Inference Model Acc (CIFAR10) (Round 18): 68.03% (Tested on 9100 samples)
[Server] Global Inference Model Acc (Mix) (Round 18): 81.47% (Tested on 123974 samples)
Selected client ids: [0, 1, 2, 3, 4, 5, 6, 7, 8, 9, 10, 11, 12, 13, 14, 15, 16, 17, 18, 19, 20, 21, 22, 23, 24, 25, 26, 27, 28, 29]
--- Round 19 ---
Round 19 | Client 0 | Model: (MLP) | Acc: 92.37%
Round 19 | Client 1 | Model: (CNN) | Acc: 98.12%
Round 19 | Client 2 | Model: (ResNet8) | Acc: 98.98%
Round 19 | Client 3 | Model: (ResNet18) | Acc: 98.64%
Round 19 | Client 4 | Model: (MobileNetV2) | Acc: 85.33%
Round 19 | Client 5 | Model: (MobileNetV3) | Acc: 92.75%
Round 19 | Client 6 | Model: (LeNet) | Acc: 98.80%
Round 19 | Client 7 | Model: (AlexNet) | Acc: 99.26%
Round 19 | Client 8 | Model: (ShuffleNet) | Acc: 89.64%
Round 19 | Client 9 | Model: (SqueezeNet) | Acc: 74.43%
Round 19 | Client 11 | Model: (MLP) | Acc: 79.94%
Round 19 | Client 12 | Model: (CNN) | Acc: 85.18%
Round 19 | Client 13 | Model: (ResNet8) | Acc: 85.19%
Round 19 | Client 14 | Model: (ResNet18) | Acc: 6.49%
Round 19 | Client 15 | Model: (MobileNetV2) | Acc: 5.82%
Round 19 | Client 16 | Model: (MobileNetV3) | Acc: 80.45%
Round 19 | Client 17 | Model: (LeNet) | Acc: 84.12%
Round 19 | Client 18 | Model: (AlexNet) | Acc: 81.04%
Round 19 | Client 19 | Model: (ShuffleNet) | Acc: 82.32%
Round 19 | Client 20 | Model: (SqueezeNet) | Acc: 5.79%
Round 19 | Client 22 | Model: (MLP) | Acc: 40.17%
Round 19 | Client 23 | Model: (CNN) | Acc: 60.77%
Round 19 | Client 24 | Model: (ResNet8) | Acc: 62.96%
Round 19 | Client 25 | Model: (ResNet18) | Acc: 11.21%
Round 19 | Client 26 | Model: (MobileNetV2) | Acc: 20.25%
Round 19 | Client 27 | Model: (MobileNetV3) | Acc: 44.10%
Round 19 | Client 28 | Model: (LeNet) | Acc: 54.90%
Round 19 | Client 29 | Model: (AlexNet) | Acc: 57.73%
Round 19 | Client 30 | Model: (ShuffleNet) | Acc: 38.38%
Round 19 | Client 31 | Model: (SqueezeNet) | Acc: 24.04%
[Server] Aggregating by Dataset Name ...
[Server] Training Feature-Based Global Generator...
[Server] Global Inference Model Acc (MNIST) (Round 19): 99.21% (Tested on 9095 samples)
[Server] Global Inference Model Acc (EMNIST) (Round 19): 78.17% (Tested on 105779 samples)
[Server] Global Inference Model Acc (CIFAR10) (Round 19): 70.81% (Tested on 9100 samples)
[Server] Global Inference Model Acc (Mix) (Round 19): 79.17% (Tested on 123974 samples)
Selected client ids: [0, 1, 2, 3, 4, 5, 6, 7, 8, 9, 10, 11, 12, 13, 14, 15, 16, 17, 18, 19, 20, 21, 22, 23, 24, 25, 26, 27, 28, 29]
--- Round 20 ---
Round 20 | Client 0 | Model: (MLP) | Acc: 93.78%
Round 20 | Client 1 | Model: (CNN) | Acc: 97.01%
Round 20 | Client 2 | Model: (ResNet8) | Acc: 99.09%
Round 20 | Client 3 | Model: (ResNet18) | Acc: 99.10%
Round 20 | Client 4 | Model: (MobileNetV2) | Acc: 84.58%
Round 20 | Client 5 | Model: (MobileNetV3) | Acc: 92.75%
Round 20 | Client 6 | Model: (LeNet) | Acc: 98.91%
Round 20 | Client 7 | Model: (AlexNet) | Acc: 98.95%
Round 20 | Client 8 | Model: (ShuffleNet) | Acc: 90.98%
Round 20 | Client 9 | Model: (SqueezeNet) | Acc: 78.36%
Round 20 | Client 11 | Model: (MLP) | Acc: 79.28%
Round 20 | Client 12 | Model: (CNN) | Acc: 85.41%
Round 20 | Client 13 | Model: (ResNet8) | Acc: 85.56%
Round 20 | Client 14 | Model: (ResNet18) | Acc: 6.49%
Round 20 | Client 15 | Model: (MobileNetV2) | Acc: 5.82%
Round 20 | Client 16 | Model: (MobileNetV3) | Acc: 80.87%
Round 20 | Client 17 | Model: (LeNet) | Acc: 83.14%
Round 20 | Client 18 | Model: (AlexNet) | Acc: 81.39%
Round 20 | Client 19 | Model: (ShuffleNet) | Acc: 80.49%
Round 20 | Client 20 | Model: (SqueezeNet) | Acc: 5.84%
Round 20 | Client 22 | Model: (MLP) | Acc: 40.77%
Round 20 | Client 23 | Model: (CNN) | Acc: 60.55%
Round 20 | Client 24 | Model: (ResNet8) | Acc: 60.28%
Round 20 | Client 25 | Model: (ResNet18) | Acc: 11.21%
Round 20 | Client 26 | Model: (MobileNetV2) | Acc: 24.24%
Round 20 | Client 27 | Model: (MobileNetV3) | Acc: 43.99%
Round 20 | Client 28 | Model: (LeNet) | Acc: 54.90%
Round 20 | Client 29 | Model: (AlexNet) | Acc: 58.27%
Round 20 | Client 30 | Model: (ShuffleNet) | Acc: 38.82%
Round 20 | Client 31 | Model: (SqueezeNet) | Acc: 25.73%
[Server] Aggregating by Dataset Name ...
[Server] Training Feature-Based Global Generator...
[Server] Global Inference Model Acc (MNIST) (Round 20): 98.87% (Tested on 9095 samples)
[Server] Global Inference Model Acc (EMNIST) (Round 20): 78.86% (Tested on 105779 samples)
[Server] Global Inference Model Acc (CIFAR10) (Round 20): 63.90% (Tested on 9100 samples)
[Server] Global Inference Model Acc (Mix) (Round 20): 79.23% (Tested on 123974 samples)
Selected client ids: [0, 1, 2, 3, 4, 5, 6, 7, 8, 9, 10, 11, 12, 13, 14, 15, 16, 17, 18, 19, 20, 21, 22, 23, 24, 25, 26, 27, 28, 29]
--- Round 21 ---
Round 21 | Client 0 | Model: (MLP) | Acc: 92.69%
Round 21 | Client 1 | Model: (CNN) | Acc: 97.34%
Round 21 | Client 2 | Model: (ResNet8) | Acc: 98.87%
Round 21 | Client 3 | Model: (ResNet18) | Acc: 98.19%
Round 21 | Client 4 | Model: (MobileNetV2) | Acc: 86.08%
Round 21 | Client 5 | Model: (MobileNetV3) | Acc: 92.98%
Round 21 | Client 6 | Model: (LeNet) | Acc: 99.12%
Round 21 | Client 7 | Model: (AlexNet) | Acc: 99.26%
Round 21 | Client 8 | Model: (ShuffleNet) | Acc: 91.87%
Round 21 | Client 9 | Model: (SqueezeNet) | Acc: 85.90%
Round 21 | Client 11 | Model: (MLP) | Acc: 79.45%
Round 21 | Client 12 | Model: (CNN) | Acc: 85.66%
Round 21 | Client 13 | Model: (ResNet8) | Acc: 85.70%
Round 21 | Client 14 | Model: (ResNet18) | Acc: 6.49%
Round 21 | Client 15 | Model: (MobileNetV2) | Acc: 12.26%
Round 21 | Client 16 | Model: (MobileNetV3) | Acc: 80.78%
Round 21 | Client 17 | Model: (LeNet) | Acc: 83.97%
Round 21 | Client 18 | Model: (AlexNet) | Acc: 81.24%
Round 21 | Client 19 | Model: (ShuffleNet) | Acc: 80.65%
Round 21 | Client 20 | Model: (SqueezeNet) | Acc: 5.79%
Round 21 | Client 22 | Model: (MLP) | Acc: 38.25%
Round 21 | Client 23 | Model: (CNN) | Acc: 64.40%
Round 21 | Client 24 | Model: (ResNet8) | Acc: 60.17%
Round 21 | Client 25 | Model: (ResNet18) | Acc: 11.21%
Round 21 | Client 26 | Model: (MobileNetV2) | Acc: 20.78%
Round 21 | Client 27 | Model: (MobileNetV3) | Acc: 45.92%
Round 21 | Client 28 | Model: (LeNet) | Acc: 54.13%
Round 21 | Client 29 | Model: (AlexNet) | Acc: 57.30%
Round 21 | Client 30 | Model: (ShuffleNet) | Acc: 37.94%
Round 21 | Client 31 | Model: (SqueezeNet) | Acc: 25.62%
[Server] Aggregating by Dataset Name ...
[Server] Training Feature-Based Global Generator...
[Server] Global Inference Model Acc (MNIST) (Round 21): 99.33% (Tested on 9095 samples)
[Server] Global Inference Model Acc (EMNIST) (Round 21): 79.42% (Tested on 105779 samples)
[Server] Global Inference Model Acc (CIFAR10) (Round 21): 70.44% (Tested on 9100 samples)
[Server] Global Inference Model Acc (Mix) (Round 21): 80.22% (Tested on 123974 samples)
Selected client ids: [0, 1, 2, 3, 4, 5, 6, 7, 8, 9, 10, 11, 12, 13, 14, 15, 16, 17, 18, 19, 20, 21, 22, 23, 24, 25, 26, 27, 28, 29]
--- Round 22 ---
Round 22 | Client 0 | Model: (MLP) | Acc: 92.80%
Round 22 | Client 1 | Model: (CNN) | Acc: 97.34%
Round 22 | Client 2 | Model: (ResNet8) | Acc: 98.87%
Round 22 | Client 3 | Model: (ResNet18) | Acc: 98.53%
Round 22 | Client 4 | Model: (MobileNetV2) | Acc: 86.30%
Round 22 | Client 5 | Model: (MobileNetV3) | Acc: 91.97%
Round 22 | Client 6 | Model: (LeNet) | Acc: 99.12%
Round 22 | Client 7 | Model: (AlexNet) | Acc: 99.05%
Round 22 | Client 8 | Model: (ShuffleNet) | Acc: 92.43%
Round 22 | Client 9 | Model: (SqueezeNet) | Acc: 91.58%
Round 22 | Client 11 | Model: (MLP) | Acc: 79.19%
Round 22 | Client 12 | Model: (CNN) | Acc: 85.47%
Round 22 | Client 13 | Model: (ResNet8) | Acc: 85.06%
Round 22 | Client 14 | Model: (ResNet18) | Acc: 6.49%
Round 22 | Client 15 | Model: (MobileNetV2) | Acc: 5.82%
Round 22 | Client 16 | Model: (MobileNetV3) | Acc: 80.03%
Round 22 | Client 17 | Model: (LeNet) | Acc: 80.09%
Round 22 | Client 18 | Model: (AlexNet) | Acc: 81.43%
Round 22 | Client 19 | Model: (ShuffleNet) | Acc: 80.29%
Round 22 | Client 20 | Model: (SqueezeNet) | Acc: 5.84%
Round 22 | Client 22 | Model: (MLP) | Acc: 38.73%
Round 22 | Client 23 | Model: (CNN) | Acc: 61.21%
Round 22 | Client 24 | Model: (ResNet8) | Acc: 59.96%
Round 22 | Client 25 | Model: (ResNet18) | Acc: 11.21%
Round 22 | Client 26 | Model: (MobileNetV2) | Acc: 21.72%
Round 22 | Client 27 | Model: (MobileNetV3) | Acc: 45.82%
Round 22 | Client 28 | Model: (LeNet) | Acc: 54.46%
Round 22 | Client 29 | Model: (AlexNet) | Acc: 58.27%
Round 22 | Client 30 | Model: (ShuffleNet) | Acc: 37.61%
Round 22 | Client 31 | Model: (SqueezeNet) | Acc: 27.53%
[Server] Aggregating by Dataset Name ...
[Server] Training Feature-Based Global Generator...
[Server] Global Inference Model Acc (MNIST) (Round 22): 99.13% (Tested on 9095 samples)
[Server] Global Inference Model Acc (EMNIST) (Round 22): 80.90% (Tested on 105779 samples)
[Server] Global Inference Model Acc (CIFAR10) (Round 22): 72.99% (Tested on 9100 samples)
[Server] Global Inference Model Acc (Mix) (Round 22): 81.66% (Tested on 123974 samples)
Selected client ids: [0, 1, 2, 3, 4, 5, 6, 7, 8, 9, 10, 11, 12, 13, 14, 15, 16, 17, 18, 19, 20, 21, 22, 23, 24, 25, 26, 27, 28, 29]
--- Round 23 ---
Round 23 | Client 0 | Model: (MLP) | Acc: 93.35%
Round 23 | Client 1 | Model: (CNN) | Acc: 97.67%
Round 23 | Client 2 | Model: (ResNet8) | Acc: 98.53%
Round 23 | Client 3 | Model: (ResNet18) | Acc: 98.42%
Round 23 | Client 4 | Model: (MobileNetV2) | Acc: 86.30%
Round 23 | Client 5 | Model: (MobileNetV3) | Acc: 92.75%
Round 23 | Client 6 | Model: (LeNet) | Acc: 99.12%
Round 23 | Client 7 | Model: (AlexNet) | Acc: 99.37%
Round 23 | Client 8 | Model: (ShuffleNet) | Acc: 92.43%
Round 23 | Client 9 | Model: (SqueezeNet) | Acc: 94.21%
Round 23 | Client 11 | Model: (MLP) | Acc: 79.09%
Round 23 | Client 12 | Model: (CNN) | Acc: 85.06%
Round 23 | Client 13 | Model: (ResNet8) | Acc: 84.59%
Round 23 | Client 14 | Model: (ResNet18) | Acc: 6.49%
Round 23 | Client 15 | Model: (MobileNetV2) | Acc: 5.82%
Round 23 | Client 16 | Model: (MobileNetV3) | Acc: 80.14%
Round 23 | Client 17 | Model: (LeNet) | Acc: 83.22%
Round 23 | Client 18 | Model: (AlexNet) | Acc: 81.04%
Round 23 | Client 19 | Model: (ShuffleNet) | Acc: 81.63%
Round 23 | Client 20 | Model: (SqueezeNet) | Acc: 5.79%
Round 23 | Client 22 | Model: (MLP) | Acc: 39.69%
Round 23 | Client 23 | Model: (CNN) | Acc: 61.10%
Round 23 | Client 24 | Model: (ResNet8) | Acc: 60.92%
Round 23 | Client 25 | Model: (ResNet18) | Acc: 11.21%
Round 23 | Client 26 | Model: (MobileNetV2) | Acc: 22.88%
Round 23 | Client 27 | Model: (MobileNetV3) | Acc: 46.14%
Round 23 | Client 28 | Model: (LeNet) | Acc: 54.24%
Round 23 | Client 29 | Model: (AlexNet) | Acc: 57.73%
Round 23 | Client 30 | Model: (ShuffleNet) | Acc: 41.45%
Round 23 | Client 31 | Model: (SqueezeNet) | Acc: 26.74%
[Server] Aggregating by Dataset Name ...
[Server] Training Feature-Based Global Generator...
[Server] Global Inference Model Acc (MNIST) (Round 23): 98.82% (Tested on 9095 samples)
[Server] Global Inference Model Acc (EMNIST) (Round 23): 79.08% (Tested on 105779 samples)
[Server] Global Inference Model Acc (CIFAR10) (Round 23): 74.96% (Tested on 9100 samples)
[Server] Global Inference Model Acc (Mix) (Round 23): 80.22% (Tested on 123974 samples)
Selected client ids: [0, 1, 2, 3, 4, 5, 6, 7, 8, 9, 10, 11, 12, 13, 14, 15, 16, 17, 18, 19, 20, 21, 22, 23, 24, 25, 26, 27, 28, 29]
--- Round 24 ---
Round 24 | Client 0 | Model: (MLP) | Acc: 93.89%
Round 24 | Client 1 | Model: (CNN) | Acc: 97.45%
Round 24 | Client 2 | Model: (ResNet8) | Acc: 98.98%
Round 24 | Client 3 | Model: (ResNet18) | Acc: 99.21%
Round 24 | Client 4 | Model: (MobileNetV2) | Acc: 86.19%
Round 24 | Client 5 | Model: (MobileNetV3) | Acc: 92.75%
Round 24 | Client 6 | Model: (LeNet) | Acc: 99.12%
Round 24 | Client 7 | Model: (AlexNet) | Acc: 99.37%
Round 24 | Client 8 | Model: (ShuffleNet) | Acc: 88.75%
Round 24 | Client 9 | Model: (SqueezeNet) | Acc: 92.90%
Round 24 | Client 11 | Model: (MLP) | Acc: 78.53%
Round 24 | Client 12 | Model: (CNN) | Acc: 85.35%
Round 24 | Client 13 | Model: (ResNet8) | Acc: 84.54%
Round 24 | Client 14 | Model: (ResNet18) | Acc: 6.49%
Round 24 | Client 15 | Model: (MobileNetV2) | Acc: 5.82%
Round 24 | Client 16 | Model: (MobileNetV3) | Acc: 79.63%
Round 24 | Client 17 | Model: (LeNet) | Acc: 83.26%
Round 24 | Client 18 | Model: (AlexNet) | Acc: 80.13%
Round 24 | Client 19 | Model: (ShuffleNet) | Acc: 80.63%
Round 24 | Client 20 | Model: (SqueezeNet) | Acc: 5.79%
Round 24 | Client 22 | Model: (MLP) | Acc: 40.41%
Round 24 | Client 23 | Model: (CNN) | Acc: 61.98%
Round 24 | Client 24 | Model: (ResNet8) | Acc: 61.35%
Round 24 | Client 25 | Model: (ResNet18) | Acc: 11.21%
Round 24 | Client 26 | Model: (MobileNetV2) | Acc: 20.04%
Round 24 | Client 27 | Model: (MobileNetV3) | Acc: 45.28%
Round 24 | Client 28 | Model: (LeNet) | Acc: 54.57%
Round 24 | Client 29 | Model: (AlexNet) | Acc: 58.05%
Round 24 | Client 30 | Model: (ShuffleNet) | Acc: 37.39%
Round 24 | Client 31 | Model: (SqueezeNet) | Acc: 24.61%
[Server] Aggregating by Dataset Name ...
[Server] Training Feature-Based Global Generator...
[Server] Global Inference Model Acc (MNIST) (Round 24): 99.12% (Tested on 9095 samples)
[Server] Global Inference Model Acc (EMNIST) (Round 24): 81.47% (Tested on 105779 samples)
[Server] Global Inference Model Acc (CIFAR10) (Round 24): 74.43% (Tested on 9100 samples)
[Server] Global Inference Model Acc (Mix) (Round 24): 82.25% (Tested on 123974 samples)
Selected client ids: [0, 1, 2, 3, 4, 5, 6, 7, 8, 9, 10, 11, 12, 13, 14, 15, 16, 17, 18, 19, 20, 21, 22, 23, 24, 25, 26, 27, 28, 29]
--- Round 25 ---
Round 25 | Client 0 | Model: (MLP) | Acc: 93.68%
Round 25 | Client 1 | Model: (CNN) | Acc: 97.79%
Round 25 | Client 2 | Model: (ResNet8) | Acc: 98.53%
Round 25 | Client 3 | Model: (ResNet18) | Acc: 97.74%
Round 25 | Client 4 | Model: (MobileNetV2) | Acc: 95.29%
Round 25 | Client 5 | Model: (MobileNetV3) | Acc: 93.31%
Round 25 | Client 6 | Model: (LeNet) | Acc: 99.12%
Round 25 | Client 7 | Model: (AlexNet) | Acc: 99.47%
Round 25 | Client 8 | Model: (ShuffleNet) | Acc: 92.43%
Round 25 | Client 9 | Model: (SqueezeNet) | Acc: 94.10%
Round 25 | Client 11 | Model: (MLP) | Acc: 77.52%
Round 25 | Client 12 | Model: (CNN) | Acc: 85.24%
Round 25 | Client 13 | Model: (ResNet8) | Acc: 83.96%
Round 25 | Client 14 | Model: (ResNet18) | Acc: 6.49%
Round 25 | Client 15 | Model: (MobileNetV2) | Acc: 5.82%
Round 25 | Client 16 | Model: (MobileNetV3) | Acc: 80.76%
Round 25 | Client 17 | Model: (LeNet) | Acc: 82.67%
Round 25 | Client 18 | Model: (AlexNet) | Acc: 80.38%
Round 25 | Client 19 | Model: (ShuffleNet) | Acc: 79.20%
Round 25 | Client 20 | Model: (SqueezeNet) | Acc: 5.35%
Round 25 | Client 22 | Model: (MLP) | Acc: 38.73%
Round 25 | Client 23 | Model: (CNN) | Acc: 62.97%
Round 25 | Client 24 | Model: (ResNet8) | Acc: 61.13%
Round 25 | Client 25 | Model: (ResNet18) | Acc: 11.21%
Round 25 | Client 26 | Model: (MobileNetV2) | Acc: 22.35%
Round 25 | Client 27 | Model: (MobileNetV3) | Acc: 46.78%
Round 25 | Client 28 | Model: (LeNet) | Acc: 54.46%
Round 25 | Client 29 | Model: (AlexNet) | Acc: 58.05%
Round 25 | Client 30 | Model: (ShuffleNet) | Acc: 40.13%
Round 25 | Client 31 | Model: (SqueezeNet) | Acc: 26.07%
[Server] Aggregating by Dataset Name ...
[Server] Training Feature-Based Global Generator...
[Server] Global Inference Model Acc (MNIST) (Round 25): 99.10% (Tested on 9095 samples)
[Server] Global Inference Model Acc (EMNIST) (Round 25): 81.90% (Tested on 105779 samples)
[Server] Global Inference Model Acc (CIFAR10) (Round 25): 75.71% (Tested on 9100 samples)
[Server] Global Inference Model Acc (Mix) (Round 25): 82.71% (Tested on 123974 samples)
Selected client ids: [0, 1, 2, 3, 4, 5, 6, 7, 8, 9, 10, 11, 12, 13, 14, 15, 16, 17, 18, 19, 20, 21, 22, 23, 24, 25, 26, 27, 28, 29]
--- Round 26 ---
Round 26 | Client 0 | Model: (MLP) | Acc: 92.58%
Round 26 | Client 1 | Model: (CNN) | Acc: 97.45%
Round 26 | Client 2 | Model: (ResNet8) | Acc: 98.53%
Round 26 | Client 3 | Model: (ResNet18) | Acc: 98.53%
Round 26 | Client 4 | Model: (MobileNetV2) | Acc: 95.61%
Round 26 | Client 5 | Model: (MobileNetV3) | Acc: 93.20%
Round 26 | Client 6 | Model: (LeNet) | Acc: 99.23%
Round 26 | Client 7 | Model: (AlexNet) | Acc: 99.47%
Round 26 | Client 8 | Model: (ShuffleNet) | Acc: 93.76%
Round 26 | Client 9 | Model: (SqueezeNet) | Acc: 94.10%
Round 26 | Client 11 | Model: (MLP) | Acc: 78.01%
Round 26 | Client 12 | Model: (CNN) | Acc: 85.58%
Round 26 | Client 13 | Model: (ResNet8) | Acc: 84.27%
Round 26 | Client 14 | Model: (ResNet18) | Acc: 6.49%
Round 26 | Client 15 | Model: (MobileNetV2) | Acc: 5.82%
Round 26 | Client 16 | Model: (MobileNetV3) | Acc: 80.73%
Round 26 | Client 17 | Model: (LeNet) | Acc: 83.50%
Round 26 | Client 18 | Model: (AlexNet) | Acc: 80.56%
Round 26 | Client 19 | Model: (ShuffleNet) | Acc: 81.13%
Round 26 | Client 20 | Model: (SqueezeNet) | Acc: 5.35%
Round 26 | Client 22 | Model: (MLP) | Acc: 40.29%
Round 26 | Client 23 | Model: (CNN) | Acc: 62.09%
Round 26 | Client 24 | Model: (ResNet8) | Acc: 61.88%
Round 26 | Client 25 | Model: (ResNet18) | Acc: 17.31%
Round 26 | Client 26 | Model: (MobileNetV2) | Acc: 21.51%
Round 26 | Client 27 | Model: (MobileNetV3) | Acc: 46.78%
Round 26 | Client 28 | Model: (LeNet) | Acc: 54.46%
Round 26 | Client 29 | Model: (AlexNet) | Acc: 57.84%
Round 26 | Client 30 | Model: (ShuffleNet) | Acc: 39.58%
Round 26 | Client 31 | Model: (SqueezeNet) | Acc: 27.98%
[Server] Aggregating by Dataset Name ...
[Server] Training Feature-Based Global Generator...
[Server] Global Inference Model Acc (MNIST) (Round 26): 98.79% (Tested on 9095 samples)
[Server] Global Inference Model Acc (EMNIST) (Round 26): 79.26% (Tested on 105779 samples)
[Server] Global Inference Model Acc (CIFAR10) (Round 26): 76.35% (Tested on 9100 samples)
[Server] Global Inference Model Acc (Mix) (Round 26): 80.48% (Tested on 123974 samples)
Selected client ids: [0, 1, 2, 3, 4, 5, 6, 7, 8, 9, 10, 11, 12, 13, 14, 15, 16, 17, 18, 19, 20, 21, 22, 23, 24, 25, 26, 27, 28, 29]
--- Round 27 ---
Round 27 | Client 0 | Model: (MLP) | Acc: 93.78%
Round 27 | Client 1 | Model: (CNN) | Acc: 97.45%
Round 27 | Client 2 | Model: (ResNet8) | Acc: 98.41%
Round 27 | Client 3 | Model: (ResNet18) | Acc: 98.76%
Round 27 | Client 4 | Model: (MobileNetV2) | Acc: 95.93%
Round 27 | Client 5 | Model: (MobileNetV3) | Acc: 92.98%
Round 27 | Client 6 | Model: (LeNet) | Acc: 99.23%
Round 27 | Client 7 | Model: (AlexNet) | Acc: 99.37%
Round 27 | Client 8 | Model: (ShuffleNet) | Acc: 93.76%
Round 27 | Client 9 | Model: (SqueezeNet) | Acc: 94.54%
Round 27 | Client 11 | Model: (MLP) | Acc: 78.11%
Round 27 | Client 12 | Model: (CNN) | Acc: 85.22%
Round 27 | Client 13 | Model: (ResNet8) | Acc: 83.82%
Round 27 | Client 14 | Model: (ResNet18) | Acc: 6.49%
Round 27 | Client 15 | Model: (MobileNetV2) | Acc: 5.82%
Round 27 | Client 16 | Model: (MobileNetV3) | Acc: 80.69%
Round 27 | Client 17 | Model: (LeNet) | Acc: 81.76%
Round 27 | Client 18 | Model: (AlexNet) | Acc: 80.50%
Round 27 | Client 19 | Model: (ShuffleNet) | Acc: 82.94%
Round 27 | Client 20 | Model: (SqueezeNet) | Acc: 5.84%
Round 27 | Client 22 | Model: (MLP) | Acc: 40.65%
Round 27 | Client 23 | Model: (CNN) | Acc: 62.75%
Round 27 | Client 24 | Model: (ResNet8) | Acc: 61.99%
Round 27 | Client 25 | Model: (ResNet18) | Acc: 19.53%
Round 27 | Client 26 | Model: (MobileNetV2) | Acc: 21.93%
Round 27 | Client 27 | Model: (MobileNetV3) | Acc: 47.10%
Round 27 | Client 28 | Model: (LeNet) | Acc: 53.03%
Round 27 | Client 29 | Model: (AlexNet) | Acc: 56.43%
Round 27 | Client 30 | Model: (ShuffleNet) | Acc: 40.57%
Round 27 | Client 31 | Model: (SqueezeNet) | Acc: 25.06%
[Server] Aggregating by Dataset Name ...
[Server] Training Feature-Based Global Generator...
[Server] Global Inference Model Acc (MNIST) (Round 27): 99.19% (Tested on 9095 samples)
[Server] Global Inference Model Acc (EMNIST) (Round 27): 80.92% (Tested on 105779 samples)
[Server] Global Inference Model Acc (CIFAR10) (Round 27): 76.03% (Tested on 9100 samples)
[Server] Global Inference Model Acc (Mix) (Round 27): 81.90% (Tested on 123974 samples)
Selected client ids: [0, 1, 2, 3, 4, 5, 6, 7, 8, 9, 10, 11, 12, 13, 14, 15, 16, 17, 18, 19, 20, 21, 22, 23, 24, 25, 26, 27, 28, 29]
--- Round 28 ---
Round 28 | Client 0 | Model: (MLP) | Acc: 93.89%
Round 28 | Client 1 | Model: (CNN) | Acc: 97.45%
Round 28 | Client 2 | Model: (ResNet8) | Acc: 98.75%
Round 28 | Client 3 | Model: (ResNet18) | Acc: 98.76%
Round 28 | Client 4 | Model: (MobileNetV2) | Acc: 95.40%
Round 28 | Client 5 | Model: (MobileNetV3) | Acc: 92.87%
Round 28 | Client 6 | Model: (LeNet) | Acc: 99.12%
Round 28 | Client 7 | Model: (AlexNet) | Acc: 99.37%
Round 28 | Client 8 | Model: (ShuffleNet) | Acc: 95.10%
Round 28 | Client 9 | Model: (SqueezeNet) | Acc: 91.58%
Round 28 | Client 11 | Model: (MLP) | Acc: 77.06%
Round 28 | Client 12 | Model: (CNN) | Acc: 85.49%
Round 28 | Client 13 | Model: (ResNet8) | Acc: 84.41%
Round 28 | Client 14 | Model: (ResNet18) | Acc: 6.49%
Round 28 | Client 15 | Model: (MobileNetV2) | Acc: 5.82%
Round 28 | Client 16 | Model: (MobileNetV3) | Acc: 80.47%
Round 28 | Client 17 | Model: (LeNet) | Acc: 82.08%
Round 28 | Client 18 | Model: (AlexNet) | Acc: 80.46%
Round 28 | Client 19 | Model: (ShuffleNet) | Acc: 82.87%
Round 28 | Client 20 | Model: (SqueezeNet) | Acc: 5.79%
Round 28 | Client 22 | Model: (MLP) | Acc: 40.29%
Round 28 | Client 23 | Model: (CNN) | Acc: 62.20%
Round 28 | Client 24 | Model: (ResNet8) | Acc: 63.28%
Round 28 | Client 25 | Model: (ResNet18) | Acc: 20.75%
Round 28 | Client 26 | Model: (MobileNetV2) | Acc: 22.35%
Round 28 | Client 27 | Model: (MobileNetV3) | Acc: 47.21%
Round 28 | Client 28 | Model: (LeNet) | Acc: 53.14%
Round 28 | Client 29 | Model: (AlexNet) | Acc: 56.65%
Round 28 | Client 30 | Model: (ShuffleNet) | Acc: 43.64%
Round 28 | Client 31 | Model: (SqueezeNet) | Acc: 27.30%
[Server] Aggregating by Dataset Name ...
[Server] Training Feature-Based Global Generator...
[Server] Global Inference Model Acc (MNIST) (Round 28): 99.30% (Tested on 9095 samples)
[Server] Global Inference Model Acc (EMNIST) (Round 28): 79.97% (Tested on 105779 samples)
[Server] Global Inference Model Acc (CIFAR10) (Round 28): 73.00% (Tested on 9100 samples)
[Server] Global Inference Model Acc (Mix) (Round 28): 80.88% (Tested on 123974 samples)
Selected client ids: [0, 1, 2, 3, 4, 5, 6, 7, 8, 9, 10, 11, 12, 13, 14, 15, 16, 17, 18, 19, 20, 21, 22, 23, 24, 25, 26, 27, 28, 29]
--- Round 29 ---
Round 29 | Client 0 | Model: (MLP) | Acc: 94.33%
Round 29 | Client 1 | Model: (CNN) | Acc: 97.01%
Round 29 | Client 2 | Model: (ResNet8) | Acc: 98.53%
Round 29 | Client 3 | Model: (ResNet18) | Acc: 99.10%
Round 29 | Client 4 | Model: (MobileNetV2) | Acc: 96.04%
Round 29 | Client 5 | Model: (MobileNetV3) | Acc: 91.86%
Round 29 | Client 6 | Model: (LeNet) | Acc: 98.80%
Round 29 | Client 7 | Model: (AlexNet) | Acc: 99.47%
Round 29 | Client 8 | Model: (ShuffleNet) | Acc: 94.54%
Round 29 | Client 9 | Model: (SqueezeNet) | Acc: 96.28%
Round 29 | Client 11 | Model: (MLP) | Acc: 78.16%
Round 29 | Client 12 | Model: (CNN) | Acc: 85.33%
Round 29 | Client 13 | Model: (ResNet8) | Acc: 83.55%
Round 29 | Client 14 | Model: (ResNet18) | Acc: 6.49%
Round 29 | Client 15 | Model: (MobileNetV2) | Acc: 5.82%
Round 29 | Client 16 | Model: (MobileNetV3) | Acc: 80.54%
Round 29 | Client 17 | Model: (LeNet) | Acc: 83.20%
Round 29 | Client 18 | Model: (AlexNet) | Acc: 80.45%
Round 29 | Client 19 | Model: (ShuffleNet) | Acc: 81.10%
Round 29 | Client 20 | Model: (SqueezeNet) | Acc: 5.79%
Round 29 | Client 22 | Model: (MLP) | Acc: 39.57%
Round 29 | Client 23 | Model: (CNN) | Acc: 62.97%
Round 29 | Client 24 | Model: (ResNet8) | Acc: 65.10%
Round 29 | Client 25 | Model: (ResNet18) | Acc: 24.75%
Round 29 | Client 26 | Model: (MobileNetV2) | Acc: 21.30%
Round 29 | Client 27 | Model: (MobileNetV3) | Acc: 46.78%
Round 29 | Client 28 | Model: (LeNet) | Acc: 52.04%
Round 29 | Client 29 | Model: (AlexNet) | Acc: 56.32%
Round 29 | Client 30 | Model: (ShuffleNet) | Acc: 39.69%
Round 29 | Client 31 | Model: (SqueezeNet) | Acc: 25.06%
[Server] Aggregating by Dataset Name ...
[Server] Training Feature-Based Global Generator...
[Server] Global Inference Model Acc (MNIST) (Round 29): 99.46% (Tested on 9095 samples)
[Server] Global Inference Model Acc (EMNIST) (Round 29): 79.65% (Tested on 105779 samples)
[Server] Global Inference Model Acc (CIFAR10) (Round 29): 77.64% (Tested on 9100 samples)
[Server] Global Inference Model Acc (Mix) (Round 29): 80.96% (Tested on 123974 samples)
Selected client ids: [0, 1, 2, 3, 4, 5, 6, 7, 8, 9, 10, 11, 12, 13, 14, 15, 16, 17, 18, 19, 20, 21, 22, 23, 24, 25, 26, 27, 28, 29]
--- Round 30 ---
Round 30 | Client 0 | Model: (MLP) | Acc: 92.91%
Round 30 | Client 1 | Model: (CNN) | Acc: 97.45%
Round 30 | Client 2 | Model: (ResNet8) | Acc: 99.09%
Round 30 | Client 3 | Model: (ResNet18) | Acc: 98.76%
Round 30 | Client 4 | Model: (MobileNetV2) | Acc: 97.11%
Round 30 | Client 5 | Model: (MobileNetV3) | Acc: 93.09%
Round 30 | Client 6 | Model: (LeNet) | Acc: 99.02%
Round 30 | Client 7 | Model: (AlexNet) | Acc: 99.37%
Round 30 | Client 8 | Model: (ShuffleNet) | Acc: 93.65%
Round 30 | Client 9 | Model: (SqueezeNet) | Acc: 91.80%
Round 30 | Client 11 | Model: (MLP) | Acc: 76.75%
Round 30 | Client 12 | Model: (CNN) | Acc: 85.40%
Round 30 | Client 13 | Model: (ResNet8) | Acc: 83.34%
Round 30 | Client 14 | Model: (ResNet18) | Acc: 6.49%
Round 30 | Client 15 | Model: (MobileNetV2) | Acc: 5.82%
Round 30 | Client 16 | Model: (MobileNetV3) | Acc: 80.83%
Round 30 | Client 17 | Model: (LeNet) | Acc: 83.98%
Round 30 | Client 18 | Model: (AlexNet) | Acc: 80.75%
Round 30 | Client 19 | Model: (ShuffleNet) | Acc: 81.82%
Round 30 | Client 20 | Model: (SqueezeNet) | Acc: 5.84%
Round 30 | Client 22 | Model: (MLP) | Acc: 41.85%
Round 30 | Client 23 | Model: (CNN) | Acc: 62.20%
Round 30 | Client 24 | Model: (ResNet8) | Acc: 62.53%
Round 30 | Client 25 | Model: (ResNet18) | Acc: 23.42%
Round 30 | Client 26 | Model: (MobileNetV2) | Acc: 19.31%
Round 30 | Client 27 | Model: (MobileNetV3) | Acc: 46.78%
Round 30 | Client 28 | Model: (LeNet) | Acc: 53.03%
Round 30 | Client 29 | Model: (AlexNet) | Acc: 55.35%
Round 30 | Client 30 | Model: (ShuffleNet) | Acc: 42.11%
Round 30 | Client 31 | Model: (SqueezeNet) | Acc: 26.74%
[Server] Aggregating by Dataset Name ...
[Server] Training Feature-Based Global Generator...
[Server] Global Inference Model Acc (MNIST) (Round 30): 99.20% (Tested on 9095 samples)
[Server] Global Inference Model Acc (EMNIST) (Round 30): 79.56% (Tested on 105779 samples)
[Server] Global Inference Model Acc (CIFAR10) (Round 30): 76.47% (Tested on 9100 samples)
[Server] Global Inference Model Acc (Mix) (Round 30): 80.77% (Tested on 123974 samples)
Saving UDON Server Checkpoints ...
[Server] All clients saved in logs/2026-05-18_15-23-16/FedTED/clients_last_round_checkpoints/
==============================    Finished. Total Time: 3:32:45    ==============================
