Time: 2026-05-12 00:00:21
Log Dir: logs/2026-05-12_00-00-21/BaseFL_public
================================================================================

==============================        Args        ==============================
  exp_timestamp: None
  exp_conf: ./configs/het-iid-exp.yaml
  device: cuda:1
  seed: 15698
  algorithm: BaseFL_public
  num_new_clients: 1
  num_train_mnist: 10
  num_train_emnist: 10
  num_train_fashionmnist: 10
  num_train_cifar10: 0
  num_train_cifar100: 0
  num_train_usps: 0
================================================================================
==============================    Exp Configs     ==============================
exp_name: model-heterogeneity
heterogeneous: true
dirichlet_alpha: 100
global_rounds: 30
local_epochs: 1
local_loss_fn: CrossEntropyLoss
local_optim: Adam
local_lr: 0.001
batch_size: 64
sample_frac: 1.0
test_interval: 1
metric_type: accuracy
global_feature_dim: 256
optim: Adam
optim_lr: 0.001
global_gen_epochs: 10
gen_noise_dim: 128
gen_optim: Adam
gen_optim_lr: 0.001
global_feat_gen_epochs: 10
feat_gen_noise_dim: 128
feat_gen_optim: Adam
feat_gen_optim_lr: 0.001
feat_gen_div_beta: 1.0
public_data_ratio: 0.05
start_mapping_epoch: 1
gen_observer_weight: 1.0
index_matching: class_name
aggregate_method: dataset_name
use_new_entropy_method: true
entropy_ratio: 0.85
global_model_epochs: 5
global_model_optim: Adam
global_model_optim_lr: 0.0001
global_samples_per_class: 64

================================================================================

==================================================
Start 30 rounds training by BaseFL_public
Selected client ids: [0, 1, 2, 3, 4, 5, 6, 7, 8, 9, 10, 11, 12, 13, 14, 15, 16, 17, 18, 19, 20, 21, 22, 23, 24, 25, 26, 27, 28, 29]
--- Round 1 ---
[Server] Aggregating by Dataset Name ...
[Server] Performing Name-Based Label Mapping...
[Server] Name-based mapping completed. Found 72 unique global classes.

=========================================================================================================
Global ID  | Class Name           | Mapped Datasets (Local ID)
---------------------------------------------------------------------------------------------------------
0          | 0                    | MNIST(0), EMNIST(0)
1          | 1                    | MNIST(1), EMNIST(1)
2          | 2                    | MNIST(2), EMNIST(2)
3          | 3                    | MNIST(3), EMNIST(3)
4          | 4                    | MNIST(4), EMNIST(4)
5          | 5                    | MNIST(5), EMNIST(5)
6          | 6                    | MNIST(6), EMNIST(6)
7          | 7                    | MNIST(7), EMNIST(7)
8          | 8                    | MNIST(8), EMNIST(8)
9          | 9                    | MNIST(9), EMNIST(9)
10         | A                    | EMNIST(10)
11         | Ankle boot           | FashionMNIST(0)
12         | B                    | EMNIST(11)
13         | Bag                  | FashionMNIST(1)
14         | C                    | EMNIST(12)
15         | Coat                 | FashionMNIST(2)
16         | D                    | EMNIST(13)
17         | Dress                | FashionMNIST(3)
18         | E                    | EMNIST(14)
19         | F                    | EMNIST(15)
20         | G                    | EMNIST(16)
21         | H                    | EMNIST(17)
22         | I                    | EMNIST(18)
23         | J                    | EMNIST(19)
24         | K                    | EMNIST(20)
25         | L                    | EMNIST(21)
26         | M                    | EMNIST(22)
27         | N                    | EMNIST(23)
28         | O                    | EMNIST(24)
29         | P                    | EMNIST(25)
30         | Pullover             | FashionMNIST(4)
31         | Q                    | EMNIST(26)
32         | R                    | EMNIST(27)
33         | S                    | EMNIST(28)
34         | Sandal               | FashionMNIST(5)
35         | Shirt                | FashionMNIST(6)
36         | Sneaker              | FashionMNIST(7)
37         | T                    | EMNIST(29)
38         | T-shirt/top          | FashionMNIST(8)
39         | Trouser              | FashionMNIST(9)
40         | U                    | EMNIST(30)
41         | V                    | EMNIST(31)
42         | W                    | EMNIST(32)
43         | X                    | EMNIST(33)
44         | Y                    | EMNIST(34)
45         | Z                    | EMNIST(35)
46         | a                    | EMNIST(36)
47         | b                    | EMNIST(37)
48         | c                    | EMNIST(38)
49         | d                    | EMNIST(39)
50         | e                    | EMNIST(40)
51         | f                    | EMNIST(41)
52         | g                    | EMNIST(42)
53         | h                    | EMNIST(43)
54         | i                    | EMNIST(44)
55         | j                    | EMNIST(45)
56         | k                    | EMNIST(46)
57         | l                    | EMNIST(47)
58         | m                    | EMNIST(48)
59         | n                    | EMNIST(49)
60         | o                    | EMNIST(50)
61         | p                    | EMNIST(51)
62         | q                    | EMNIST(52)
63         | r                    | EMNIST(53)
64         | s                    | EMNIST(54)
65         | t                    | EMNIST(55)
66         | u                    | EMNIST(56)
67         | v                    | EMNIST(57)
68         | w                    | EMNIST(58)
69         | x                    | EMNIST(59)
70         | y                    | EMNIST(60)
71         | z                    | EMNIST(61)
=========================================================================================================

Initializing Global Inference Model with 72 classes...
[Server] Global Inference Model Acc (MNIST) (Round 1): 94.79% (Tested on 9095 samples)
[Server] Global Inference Model Acc (FashionMNIST) (Round 1): 72.43% (Tested on 9100 samples)
[Server] Global Inference Model Acc (EMNIST) (Round 1): 74.98% (Tested on 105779 samples)
[Server] Global Inference Model Acc (Mix) (Round 1): 76.25% (Tested on 123974 samples)
Selected client ids: [0, 1, 2, 3, 4, 5, 6, 7, 8, 9, 10, 11, 12, 13, 14, 15, 16, 17, 18, 19, 20, 21, 22, 23, 24, 25, 26, 27, 28, 29]
--- Round 2 ---
[Server] Aggregating by Dataset Name ...
[Server] Global Inference Model Acc (MNIST) (Round 2): 97.86% (Tested on 9095 samples)
[Server] Global Inference Model Acc (FashionMNIST) (Round 2): 75.64% (Tested on 9100 samples)
[Server] Global Inference Model Acc (EMNIST) (Round 2): 76.33% (Tested on 105779 samples)
[Server] Global Inference Model Acc (Mix) (Round 2): 77.86% (Tested on 123974 samples)
Selected client ids: [0, 1, 2, 3, 4, 5, 6, 7, 8, 9, 10, 11, 12, 13, 14, 15, 16, 17, 18, 19, 20, 21, 22, 23, 24, 25, 26, 27, 28, 29]
--- Round 3 ---
[Server] Aggregating by Dataset Name ...
[Server] Global Inference Model Acc (MNIST) (Round 3): 97.94% (Tested on 9095 samples)
[Server] Global Inference Model Acc (FashionMNIST) (Round 3): 82.23% (Tested on 9100 samples)
[Server] Global Inference Model Acc (EMNIST) (Round 3): 75.57% (Tested on 105779 samples)
[Server] Global Inference Model Acc (Mix) (Round 3): 77.70% (Tested on 123974 samples)
Selected client ids: [0, 1, 2, 3, 4, 5, 6, 7, 8, 9, 10, 11, 12, 13, 14, 15, 16, 17, 18, 19, 20, 21, 22, 23, 24, 25, 26, 27, 28, 29]
--- Round 4 ---
[Server] Aggregating by Dataset Name ...
[Server] Global Inference Model Acc (MNIST) (Round 4): 98.05% (Tested on 9095 samples)
[Server] Global Inference Model Acc (FashionMNIST) (Round 4): 83.73% (Tested on 9100 samples)
[Server] Global Inference Model Acc (EMNIST) (Round 4): 76.45% (Tested on 105779 samples)
[Server] Global Inference Model Acc (Mix) (Round 4): 78.57% (Tested on 123974 samples)
Selected client ids: [0, 1, 2, 3, 4, 5, 6, 7, 8, 9, 10, 11, 12, 13, 14, 15, 16, 17, 18, 19, 20, 21, 22, 23, 24, 25, 26, 27, 28, 29]
--- Round 5 ---
[Server] Aggregating by Dataset Name ...
[Server] Global Inference Model Acc (MNIST) (Round 5): 94.59% (Tested on 9095 samples)
[Server] Global Inference Model Acc (FashionMNIST) (Round 5): 82.11% (Tested on 9100 samples)
[Server] Global Inference Model Acc (EMNIST) (Round 5): 77.68% (Tested on 105779 samples)
[Server] Global Inference Model Acc (Mix) (Round 5): 79.24% (Tested on 123974 samples)
Selected client ids: [0, 1, 2, 3, 4, 5, 6, 7, 8, 9, 10, 11, 12, 13, 14, 15, 16, 17, 18, 19, 20, 21, 22, 23, 24, 25, 26, 27, 28, 29]
--- Round 6 ---
[Server] Aggregating by Dataset Name ...
[Server] Global Inference Model Acc (MNIST) (Round 6): 97.98% (Tested on 9095 samples)
[Server] Global Inference Model Acc (FashionMNIST) (Round 6): 85.58% (Tested on 9100 samples)
[Server] Global Inference Model Acc (EMNIST) (Round 6): 80.72% (Tested on 105779 samples)
[Server] Global Inference Model Acc (Mix) (Round 6): 82.35% (Tested on 123974 samples)
Selected client ids: [0, 1, 2, 3, 4, 5, 6, 7, 8, 9, 10, 11, 12, 13, 14, 15, 16, 17, 18, 19, 20, 21, 22, 23, 24, 25, 26, 27, 28, 29]
--- Round 7 ---
[Server] Aggregating by Dataset Name ...
[Server] Global Inference Model Acc (MNIST) (Round 7): 97.06% (Tested on 9095 samples)
[Server] Global Inference Model Acc (FashionMNIST) (Round 7): 84.70% (Tested on 9100 samples)
[Server] Global Inference Model Acc (EMNIST) (Round 7): 74.68% (Tested on 105779 samples)
[Server] Global Inference Model Acc (Mix) (Round 7): 77.06% (Tested on 123974 samples)
Selected client ids: [0, 1, 2, 3, 4, 5, 6, 7, 8, 9, 10, 11, 12, 13, 14, 15, 16, 17, 18, 19, 20, 21, 22, 23, 24, 25, 26, 27, 28, 29]
--- Round 8 ---
[Server] Aggregating by Dataset Name ...
[Server] Global Inference Model Acc (MNIST) (Round 8): 98.77% (Tested on 9095 samples)
[Server] Global Inference Model Acc (FashionMNIST) (Round 8): 83.77% (Tested on 9100 samples)
[Server] Global Inference Model Acc (EMNIST) (Round 8): 79.07% (Tested on 105779 samples)
[Server] Global Inference Model Acc (Mix) (Round 8): 80.86% (Tested on 123974 samples)
Selected client ids: [0, 1, 2, 3, 4, 5, 6, 7, 8, 9, 10, 11, 12, 13, 14, 15, 16, 17, 18, 19, 20, 21, 22, 23, 24, 25, 26, 27, 28, 29]
--- Round 9 ---
[Server] Aggregating by Dataset Name ...
[Server] Global Inference Model Acc (MNIST) (Round 9): 98.30% (Tested on 9095 samples)
[Server] Global Inference Model Acc (FashionMNIST) (Round 9): 84.40% (Tested on 9100 samples)
[Server] Global Inference Model Acc (EMNIST) (Round 9): 79.18% (Tested on 105779 samples)
[Server] Global Inference Model Acc (Mix) (Round 9): 80.97% (Tested on 123974 samples)
Selected client ids: [0, 1, 2, 3, 4, 5, 6, 7, 8, 9, 10, 11, 12, 13, 14, 15, 16, 17, 18, 19, 20, 21, 22, 23, 24, 25, 26, 27, 28, 29]
--- Round 10 ---
[Server] Aggregating by Dataset Name ...
[Server] Global Inference Model Acc (MNIST) (Round 10): 98.37% (Tested on 9095 samples)
[Server] Global Inference Model Acc (FashionMNIST) (Round 10): 86.93% (Tested on 9100 samples)
[Server] Global Inference Model Acc (EMNIST) (Round 10): 79.55% (Tested on 105779 samples)
[Server] Global Inference Model Acc (Mix) (Round 10): 81.47% (Tested on 123974 samples)
Selected client ids: [0, 1, 2, 3, 4, 5, 6, 7, 8, 9, 10, 11, 12, 13, 14, 15, 16, 17, 18, 19, 20, 21, 22, 23, 24, 25, 26, 27, 28, 29]
--- Round 11 ---
[Server] Aggregating by Dataset Name ...
[Server] Global Inference Model Acc (MNIST) (Round 11): 98.48% (Tested on 9095 samples)
[Server] Global Inference Model Acc (FashionMNIST) (Round 11): 86.23% (Tested on 9100 samples)
[Server] Global Inference Model Acc (EMNIST) (Round 11): 78.66% (Tested on 105779 samples)
[Server] Global Inference Model Acc (Mix) (Round 11): 80.67% (Tested on 123974 samples)
Selected client ids: [0, 1, 2, 3, 4, 5, 6, 7, 8, 9, 10, 11, 12, 13, 14, 15, 16, 17, 18, 19, 20, 21, 22, 23, 24, 25, 26, 27, 28, 29]
--- Round 12 ---
[Server] Aggregating by Dataset Name ...
[Server] Global Inference Model Acc (MNIST) (Round 12): 98.71% (Tested on 9095 samples)
[Server] Global Inference Model Acc (FashionMNIST) (Round 12): 85.57% (Tested on 9100 samples)
[Server] Global Inference Model Acc (EMNIST) (Round 12): 79.55% (Tested on 105779 samples)
[Server] Global Inference Model Acc (Mix) (Round 12): 81.40% (Tested on 123974 samples)
Selected client ids: [0, 1, 2, 3, 4, 5, 6, 7, 8, 9, 10, 11, 12, 13, 14, 15, 16, 17, 18, 19, 20, 21, 22, 23, 24, 25, 26, 27, 28, 29]
--- Round 13 ---
[Server] Aggregating by Dataset Name ...
[Server] Global Inference Model Acc (MNIST) (Round 13): 98.79% (Tested on 9095 samples)
[Server] Global Inference Model Acc (FashionMNIST) (Round 13): 86.67% (Tested on 9100 samples)
[Server] Global Inference Model Acc (EMNIST) (Round 13): 81.55% (Tested on 105779 samples)
[Server] Global Inference Model Acc (Mix) (Round 13): 83.19% (Tested on 123974 samples)
Selected client ids: [0, 1, 2, 3, 4, 5, 6, 7, 8, 9, 10, 11, 12, 13, 14, 15, 16, 17, 18, 19, 20, 21, 22, 23, 24, 25, 26, 27, 28, 29]
--- Round 14 ---
[Server] Aggregating by Dataset Name ...
[Server] Global Inference Model Acc (MNIST) (Round 14): 99.01% (Tested on 9095 samples)
[Server] Global Inference Model Acc (FashionMNIST) (Round 14): 86.84% (Tested on 9100 samples)
[Server] Global Inference Model Acc (EMNIST) (Round 14): 77.62% (Tested on 105779 samples)
[Server] Global Inference Model Acc (Mix) (Round 14): 79.87% (Tested on 123974 samples)
Selected client ids: [0, 1, 2, 3, 4, 5, 6, 7, 8, 9, 10, 11, 12, 13, 14, 15, 16, 17, 18, 19, 20, 21, 22, 23, 24, 25, 26, 27, 28, 29]
--- Round 15 ---
[Server] Aggregating by Dataset Name ...
[Server] Global Inference Model Acc (MNIST) (Round 15): 98.67% (Tested on 9095 samples)
[Server] Global Inference Model Acc (FashionMNIST) (Round 15): 88.08% (Tested on 9100 samples)
[Server] Global Inference Model Acc (EMNIST) (Round 15): 78.03% (Tested on 105779 samples)
[Server] Global Inference Model Acc (Mix) (Round 15): 80.28% (Tested on 123974 samples)
Selected client ids: [0, 1, 2, 3, 4, 5, 6, 7, 8, 9, 10, 11, 12, 13, 14, 15, 16, 17, 18, 19, 20, 21, 22, 23, 24, 25, 26, 27, 28, 29]
--- Round 16 ---
[Server] Aggregating by Dataset Name ...
[Server] Global Inference Model Acc (MNIST) (Round 16): 98.65% (Tested on 9095 samples)
[Server] Global Inference Model Acc (FashionMNIST) (Round 16): 87.07% (Tested on 9100 samples)
[Server] Global Inference Model Acc (EMNIST) (Round 16): 78.78% (Tested on 105779 samples)
[Server] Global Inference Model Acc (Mix) (Round 16): 80.85% (Tested on 123974 samples)
Selected client ids: [0, 1, 2, 3, 4, 5, 6, 7, 8, 9, 10, 11, 12, 13, 14, 15, 16, 17, 18, 19, 20, 21, 22, 23, 24, 25, 26, 27, 28, 29]
--- Round 17 ---
[Server] Aggregating by Dataset Name ...
[Server] Global Inference Model Acc (MNIST) (Round 17): 98.34% (Tested on 9095 samples)
[Server] Global Inference Model Acc (FashionMNIST) (Round 17): 87.91% (Tested on 9100 samples)
[Server] Global Inference Model Acc (EMNIST) (Round 17): 80.22% (Tested on 105779 samples)
[Server] Global Inference Model Acc (Mix) (Round 17): 82.11% (Tested on 123974 samples)
Selected client ids: [0, 1, 2, 3, 4, 5, 6, 7, 8, 9, 10, 11, 12, 13, 14, 15, 16, 17, 18, 19, 20, 21, 22, 23, 24, 25, 26, 27, 28, 29]
--- Round 18 ---
[Server] Aggregating by Dataset Name ...
[Server] Global Inference Model Acc (MNIST) (Round 18): 99.09% (Tested on 9095 samples)
[Server] Global Inference Model Acc (FashionMNIST) (Round 18): 87.92% (Tested on 9100 samples)
[Server] Global Inference Model Acc (EMNIST) (Round 18): 78.58% (Tested on 105779 samples)
[Server] Global Inference Model Acc (Mix) (Round 18): 80.77% (Tested on 123974 samples)
Selected client ids: [0, 1, 2, 3, 4, 5, 6, 7, 8, 9, 10, 11, 12, 13, 14, 15, 16, 17, 18, 19, 20, 21, 22, 23, 24, 25, 26, 27, 28, 29]
--- Round 19 ---
[Server] Aggregating by Dataset Name ...
[Server] Global Inference Model Acc (MNIST) (Round 19): 99.30% (Tested on 9095 samples)
[Server] Global Inference Model Acc (FashionMNIST) (Round 19): 88.26% (Tested on 9100 samples)
[Server] Global Inference Model Acc (EMNIST) (Round 19): 76.56% (Tested on 105779 samples)
[Server] Global Inference Model Acc (Mix) (Round 19): 79.09% (Tested on 123974 samples)
Selected client ids: [0, 1, 2, 3, 4, 5, 6, 7, 8, 9, 10, 11, 12, 13, 14, 15, 16, 17, 18, 19, 20, 21, 22, 23, 24, 25, 26, 27, 28, 29]
--- Round 20 ---
[Server] Aggregating by Dataset Name ...
[Server] Global Inference Model Acc (MNIST) (Round 20): 99.23% (Tested on 9095 samples)
[Server] Global Inference Model Acc (FashionMNIST) (Round 20): 87.74% (Tested on 9100 samples)
[Server] Global Inference Model Acc (EMNIST) (Round 20): 79.06% (Tested on 105779 samples)
[Server] Global Inference Model Acc (Mix) (Round 20): 81.18% (Tested on 123974 samples)
Selected client ids: [0, 1, 2, 3, 4, 5, 6, 7, 8, 9, 10, 11, 12, 13, 14, 15, 16, 17, 18, 19, 20, 21, 22, 23, 24, 25, 26, 27, 28, 29]
--- Round 21 ---
[Server] Aggregating by Dataset Name ...
[Server] Global Inference Model Acc (MNIST) (Round 21): 98.98% (Tested on 9095 samples)
[Server] Global Inference Model Acc (FashionMNIST) (Round 21): 89.24% (Tested on 9100 samples)
[Server] Global Inference Model Acc (EMNIST) (Round 21): 77.48% (Tested on 105779 samples)
[Server] Global Inference Model Acc (Mix) (Round 21): 79.92% (Tested on 123974 samples)
Selected client ids: [0, 1, 2, 3, 4, 5, 6, 7, 8, 9, 10, 11, 12, 13, 14, 15, 16, 17, 18, 19, 20, 21, 22, 23, 24, 25, 26, 27, 28, 29]
--- Round 22 ---
[Server] Aggregating by Dataset Name ...
[Server] Global Inference Model Acc (MNIST) (Round 22): 98.91% (Tested on 9095 samples)
[Server] Global Inference Model Acc (FashionMNIST) (Round 22): 88.48% (Tested on 9100 samples)
[Server] Global Inference Model Acc (EMNIST) (Round 22): 81.15% (Tested on 105779 samples)
[Server] Global Inference Model Acc (Mix) (Round 22): 82.99% (Tested on 123974 samples)
Selected client ids: [0, 1, 2, 3, 4, 5, 6, 7, 8, 9, 10, 11, 12, 13, 14, 15, 16, 17, 18, 19, 20, 21, 22, 23, 24, 25, 26, 27, 28, 29]
--- Round 23 ---
[Server] Aggregating by Dataset Name ...
[Server] Global Inference Model Acc (MNIST) (Round 23): 98.93% (Tested on 9095 samples)
[Server] Global Inference Model Acc (FashionMNIST) (Round 23): 88.90% (Tested on 9100 samples)
[Server] Global Inference Model Acc (EMNIST) (Round 23): 78.84% (Tested on 105779 samples)
[Server] Global Inference Model Acc (Mix) (Round 23): 81.05% (Tested on 123974 samples)
Selected client ids: [0, 1, 2, 3, 4, 5, 6, 7, 8, 9, 10, 11, 12, 13, 14, 15, 16, 17, 18, 19, 20, 21, 22, 23, 24, 25, 26, 27, 28, 29]
--- Round 24 ---
[Server] Aggregating by Dataset Name ...
[Server] Global Inference Model Acc (MNIST) (Round 24): 98.88% (Tested on 9095 samples)
[Server] Global Inference Model Acc (FashionMNIST) (Round 24): 89.33% (Tested on 9100 samples)
[Server] Global Inference Model Acc (EMNIST) (Round 24): 79.20% (Tested on 105779 samples)
[Server] Global Inference Model Acc (Mix) (Round 24): 81.38% (Tested on 123974 samples)
Selected client ids: [0, 1, 2, 3, 4, 5, 6, 7, 8, 9, 10, 11, 12, 13, 14, 15, 16, 17, 18, 19, 20, 21, 22, 23, 24, 25, 26, 27, 28, 29]
--- Round 25 ---
[Server] Aggregating by Dataset Name ...
[Server] Global Inference Model Acc (MNIST) (Round 25): 99.35% (Tested on 9095 samples)
[Server] Global Inference Model Acc (FashionMNIST) (Round 25): 89.18% (Tested on 9100 samples)
[Server] Global Inference Model Acc (EMNIST) (Round 25): 81.27% (Tested on 105779 samples)
[Server] Global Inference Model Acc (Mix) (Round 25): 83.18% (Tested on 123974 samples)
Selected client ids: [0, 1, 2, 3, 4, 5, 6, 7, 8, 9, 10, 11, 12, 13, 14, 15, 16, 17, 18, 19, 20, 21, 22, 23, 24, 25, 26, 27, 28, 29]
--- Round 26 ---
[Server] Aggregating by Dataset Name ...
[Server] Global Inference Model Acc (MNIST) (Round 26): 99.03% (Tested on 9095 samples)
[Server] Global Inference Model Acc (FashionMNIST) (Round 26): 89.97% (Tested on 9100 samples)
[Server] Global Inference Model Acc (EMNIST) (Round 26): 80.97% (Tested on 105779 samples)
[Server] Global Inference Model Acc (Mix) (Round 26): 82.95% (Tested on 123974 samples)
Selected client ids: [0, 1, 2, 3, 4, 5, 6, 7, 8, 9, 10, 11, 12, 13, 14, 15, 16, 17, 18, 19, 20, 21, 22, 23, 24, 25, 26, 27, 28, 29]
--- Round 27 ---
[Server] Aggregating by Dataset Name ...
[Server] Global Inference Model Acc (MNIST) (Round 27): 98.81% (Tested on 9095 samples)
[Server] Global Inference Model Acc (FashionMNIST) (Round 27): 88.63% (Tested on 9100 samples)
[Server] Global Inference Model Acc (EMNIST) (Round 27): 81.52% (Tested on 105779 samples)
[Server] Global Inference Model Acc (Mix) (Round 27): 83.31% (Tested on 123974 samples)
Selected client ids: [0, 1, 2, 3, 4, 5, 6, 7, 8, 9, 10, 11, 12, 13, 14, 15, 16, 17, 18, 19, 20, 21, 22, 23, 24, 25, 26, 27, 28, 29]
--- Round 28 ---
[Server] Aggregating by Dataset Name ...
[Server] Global Inference Model Acc (MNIST) (Round 28): 98.72% (Tested on 9095 samples)
[Server] Global Inference Model Acc (FashionMNIST) (Round 28): 89.63% (Tested on 9100 samples)
[Server] Global Inference Model Acc (EMNIST) (Round 28): 81.59% (Tested on 105779 samples)
[Server] Global Inference Model Acc (Mix) (Round 28): 83.44% (Tested on 123974 samples)
Selected client ids: [0, 1, 2, 3, 4, 5, 6, 7, 8, 9, 10, 11, 12, 13, 14, 15, 16, 17, 18, 19, 20, 21, 22, 23, 24, 25, 26, 27, 28, 29]
--- Round 29 ---
[Server] Aggregating by Dataset Name ...
[Server] Global Inference Model Acc (MNIST) (Round 29): 98.89% (Tested on 9095 samples)
[Server] Global Inference Model Acc (FashionMNIST) (Round 29): 87.54% (Tested on 9100 samples)
[Server] Global Inference Model Acc (EMNIST) (Round 29): 80.00% (Tested on 105779 samples)
[Server] Global Inference Model Acc (Mix) (Round 29): 81.94% (Tested on 123974 samples)
Selected client ids: [0, 1, 2, 3, 4, 5, 6, 7, 8, 9, 10, 11, 12, 13, 14, 15, 16, 17, 18, 19, 20, 21, 22, 23, 24, 25, 26, 27, 28, 29]
--- Round 30 ---
[Server] Aggregating by Dataset Name ...
[Server] Global Inference Model Acc (MNIST) (Round 30): 99.31% (Tested on 9095 samples)
[Server] Global Inference Model Acc (FashionMNIST) (Round 30): 88.81% (Tested on 9100 samples)
[Server] Global Inference Model Acc (EMNIST) (Round 30): 81.74% (Tested on 105779 samples)
[Server] Global Inference Model Acc (Mix) (Round 30): 83.55% (Tested on 123974 samples)
Saving UDON Server Checkpoints ...
