Time: 2026-04-20 13:34:43
Log Dir: /home/unshun/multi-FL/logs/2026-04-19_17-13-31/Ours_GeFL/new_client_2026-04-20_13-34-43/our_finetune_global_single_dataset
================================================================================
============================== New Client: our_finetune_global ==============================
  Target Model: logs/2026-04-19_17-13-31/Ours_GeFL/server_checkpoints.pth
  Dataset Mode: single
  Output Dir:   /home/unshun/multi-FL/logs/2026-04-19_17-13-31/Ours_GeFL/new_client_2026-04-20_13-34-43/our_finetune_global_single_dataset
================================================================================
[Init] Server Global Model parameters from: logs/2026-04-19_17-13-31/Ours_GeFL/server_global_model.pth

==================================================
Dataset: MNIST | Client ID: 10
==================================================

  [ResNet18] Training...
    Epoch 0 | Acc: 85.86%
    Epoch 1/30 | CE Loss: 0.5871 | Acc: 96.80%
    Epoch 2/30 | CE Loss: 0.1299 | Acc: 96.69%
    Epoch 3/30 | CE Loss: 0.0634 | Acc: 97.13%
    Epoch 4/30 | CE Loss: 0.0430 | Acc: 97.13%
    Epoch 5/30 | CE Loss: 0.0212 | Acc: 97.57%
    Epoch 6/30 | CE Loss: 0.0161 | Acc: 97.24%
    Epoch 7/30 | CE Loss: 0.0219 | Acc: 97.13%
    Epoch 8/30 | CE Loss: 0.0129 | Acc: 97.35%
    Epoch 9/30 | CE Loss: 0.0040 | Acc: 97.35%
    Epoch 10/30 | CE Loss: 0.0030 | Acc: 97.57%
    Epoch 11/30 | CE Loss: 0.0060 | Acc: 97.24%
    Epoch 12/30 | CE Loss: 0.0074 | Acc: 97.90%
    Epoch 13/30 | CE Loss: 0.0025 | Acc: 97.79%
    Epoch 14/30 | CE Loss: 0.0016 | Acc: 97.79%
    Epoch 15/30 | CE Loss: 0.0042 | Acc: 98.12%
    Epoch 16/30 | CE Loss: 0.0032 | Acc: 97.90%
    Epoch 17/30 | CE Loss: 0.0018 | Acc: 97.90%
    Epoch 18/30 | CE Loss: 0.0013 | Acc: 97.90%
    Epoch 19/30 | CE Loss: 0.0012 | Acc: 97.79%
    Epoch 20/30 | CE Loss: 0.0023 | Acc: 97.68%
    Epoch 21/30 | CE Loss: 0.0048 | Acc: 98.01%
    Epoch 22/30 | CE Loss: 0.0009 | Acc: 97.79%
    Epoch 23/30 | CE Loss: 0.0004 | Acc: 98.01%
    Epoch 24/30 | CE Loss: 0.0003 | Acc: 98.12%
    Epoch 25/30 | CE Loss: 0.0004 | Acc: 98.12%
    Epoch 26/30 | CE Loss: 0.0011 | Acc: 98.23%
    Epoch 27/30 | CE Loss: 0.0012 | Acc: 97.79%
    Epoch 28/30 | CE Loss: 0.0126 | Acc: 97.57%
    Epoch 29/30 | CE Loss: 0.0042 | Acc: 97.46%
    Epoch 30/30 | CE Loss: 0.0039 | Acc: 97.68%
Accuracy history saved to /home/unshun/multi-FL/logs/2026-04-19_17-13-31/Ours_GeFL/new_client_2026-04-20_13-34-43/our_finetune_global_single_dataset/MNIST_newclient_history.csv

==================================================
Dataset: FashionMNIST | Client ID: 21
==================================================

  [ResNet18] Training...
    Epoch 0 | Acc: 82.11%
    Epoch 1/30 | CE Loss: 1.0137 | Acc: 85.67%
    Epoch 2/30 | CE Loss: 0.3877 | Acc: 87.22%
    Epoch 3/30 | CE Loss: 0.3089 | Acc: 87.56%
    Epoch 4/30 | CE Loss: 0.2630 | Acc: 88.33%
    Epoch 5/30 | CE Loss: 0.2098 | Acc: 88.56%
    Epoch 6/30 | CE Loss: 0.1733 | Acc: 89.00%
    Epoch 7/30 | CE Loss: 0.1430 | Acc: 88.11%
    Epoch 8/30 | CE Loss: 0.1059 | Acc: 89.22%
    Epoch 9/30 | CE Loss: 0.0873 | Acc: 88.89%
    Epoch 10/30 | CE Loss: 0.0622 | Acc: 89.11%
    Epoch 11/30 | CE Loss: 0.0511 | Acc: 88.33%
    Epoch 12/30 | CE Loss: 0.0304 | Acc: 88.44%
    Epoch 13/30 | CE Loss: 0.0185 | Acc: 88.56%
    Epoch 14/30 | CE Loss: 0.0097 | Acc: 88.11%
    Epoch 15/30 | CE Loss: 0.0121 | Acc: 88.67%
    Epoch 16/30 | CE Loss: 0.0403 | Acc: 86.78%
    Epoch 17/30 | CE Loss: 0.0140 | Acc: 89.00%
    Epoch 18/30 | CE Loss: 0.0180 | Acc: 88.44%
    Epoch 19/30 | CE Loss: 0.0122 | Acc: 89.56%
    Epoch 20/30 | CE Loss: 0.0038 | Acc: 89.00%
    Epoch 21/30 | CE Loss: 0.0026 | Acc: 88.67%
    Epoch 22/30 | CE Loss: 0.0016 | Acc: 89.00%
    Epoch 23/30 | CE Loss: 0.0016 | Acc: 88.56%
    Epoch 24/30 | CE Loss: 0.0011 | Acc: 88.44%
    Epoch 25/30 | CE Loss: 0.0007 | Acc: 88.44%
    Epoch 26/30 | CE Loss: 0.0009 | Acc: 88.89%
    Epoch 27/30 | CE Loss: 0.0026 | Acc: 88.33%
    Epoch 28/30 | CE Loss: 0.0066 | Acc: 88.00%
    Epoch 29/30 | CE Loss: 0.0124 | Acc: 87.33%
    Epoch 30/30 | CE Loss: 0.0096 | Acc: 87.78%
Accuracy history saved to /home/unshun/multi-FL/logs/2026-04-19_17-13-31/Ours_GeFL/new_client_2026-04-20_13-34-43/our_finetune_global_single_dataset/FashionMNIST_newclient_history.csv

==================================================
Dataset: EMNIST | Client ID: 32
==================================================

  [ResNet18] Training...
    Epoch 0 | Acc: 52.69%
    Epoch 1/30 | CE Loss: 0.9006 | Acc: 82.02%
    Epoch 2/30 | CE Loss: 0.4854 | Acc: 83.92%
    Epoch 3/30 | CE Loss: 0.4086 | Acc: 84.52%
    Epoch 4/30 | CE Loss: 0.3618 | Acc: 84.99%
    Epoch 5/30 | CE Loss: 0.3229 | Acc: 85.02%
    Epoch 6/30 | CE Loss: 0.2865 | Acc: 84.63%
    Epoch 7/30 | CE Loss: 0.2546 | Acc: 84.52%
    Epoch 8/30 | CE Loss: 0.2274 | Acc: 84.25%
    Epoch 9/30 | CE Loss: 0.1978 | Acc: 84.08%
    Epoch 10/30 | CE Loss: 0.1724 | Acc: 83.85%
    Epoch 11/30 | CE Loss: 0.1506 | Acc: 83.68%
    Epoch 12/30 | CE Loss: 0.1313 | Acc: 83.28%
    Epoch 13/30 | CE Loss: 0.1116 | Acc: 83.59%
    Epoch 14/30 | CE Loss: 0.0950 | Acc: 83.44%
    Epoch 15/30 | CE Loss: 0.0777 | Acc: 83.45%
    Epoch 16/30 | CE Loss: 0.0676 | Acc: 82.70%
    Epoch 17/30 | CE Loss: 0.0545 | Acc: 82.50%
    Epoch 18/30 | CE Loss: 0.0526 | Acc: 83.20%
    Epoch 19/30 | CE Loss: 0.0394 | Acc: 82.71%
    Epoch 20/30 | CE Loss: 0.0363 | Acc: 82.68%
    Epoch 21/30 | CE Loss: 0.0305 | Acc: 82.36%
    Epoch 22/30 | CE Loss: 0.0334 | Acc: 82.56%
    Epoch 23/30 | CE Loss: 0.0252 | Acc: 82.67%
    Epoch 24/30 | CE Loss: 0.0245 | Acc: 82.58%
    Epoch 25/30 | CE Loss: 0.0200 | Acc: 83.38%
    Epoch 26/30 | CE Loss: 0.0217 | Acc: 82.64%
    Epoch 27/30 | CE Loss: 0.0196 | Acc: 83.00%
    Epoch 28/30 | CE Loss: 0.0198 | Acc: 82.53%
    Epoch 29/30 | CE Loss: 0.0161 | Acc: 82.29%
    Epoch 30/30 | CE Loss: 0.0213 | Acc: 83.03%
Accuracy history saved to /home/unshun/multi-FL/logs/2026-04-19_17-13-31/Ours_GeFL/new_client_2026-04-20_13-34-43/our_finetune_global_single_dataset/EMNIST_newclient_history.csv

============================== Finished. Total Time: 0:13:36 ==============================
