Time: 2026-04-16 04:41:18
Log Dir: /home/unshun/multi-FL/logs/Local_noniid_het_gb40/new_client_2026-04-16_04-41-18/
================================================================================Loading checkpoints from logs/Local_noniid_het_gb40/Local/
Method selected: NAYER
Loaded MLP for MNIST from client_model_MNIST_c0_MLP.pth
Loaded LeNet for MNIST from client_model_MNIST_c6_LeNet.pth
Loaded ShuffleNet for MNIST from client_model_MNIST_c8_ShuffleNet.pth
Loaded MobileNetV2 for MNIST from client_model_MNIST_c4_MobileNetV2.pth
Loaded ResNet8 for MNIST from client_model_MNIST_c2_ResNet8.pth
Loaded CNN for MNIST from client_model_MNIST_c1_CNN.pth
Loaded ResNet18 for MNIST from client_model_MNIST_c3_ResNet18.pth
Loaded SqueezeNet for MNIST from client_model_MNIST_c9_SqueezeNet.pth
Loaded AlexNet for MNIST from client_model_MNIST_c7_AlexNet.pth
Loaded MobileNetV3 for MNIST from client_model_MNIST_c5_MobileNetV3.pth
Loaded ShuffleNet for EMNIST from client_model_EMNIST_c19_ShuffleNet.pth
Loaded MobileNetV2 for EMNIST from client_model_EMNIST_c15_MobileNetV2.pth
Loaded AlexNet for EMNIST from client_model_EMNIST_c18_AlexNet.pth
Loaded SqueezeNet for EMNIST from client_model_EMNIST_c20_SqueezeNet.pth
Loaded MobileNetV3 for EMNIST from client_model_EMNIST_c16_MobileNetV3.pth
Loaded ResNet18 for EMNIST from client_model_EMNIST_c14_ResNet18.pth
Loaded ResNet8 for EMNIST from client_model_EMNIST_c13_ResNet8.pth
Loaded CNN for EMNIST from client_model_EMNIST_c12_CNN.pth
Loaded MLP for EMNIST from client_model_EMNIST_c11_MLP.pth
Loaded LeNet for EMNIST from client_model_EMNIST_c17_LeNet.pth
WARNING: No models loaded for dataset: FashionMNIST.
WARNING: No models loaded for dataset: CIFAR100.

========================================
>>> [METHOD: SYNTHETIC] Starting Synthetic Label Mapping...
========================================
>>> Target Methods to Run: ['NAYER']
>>> [Syn] Loaded client data distributions directly from server checkpoint.

########################################
>>> [Syn] Running Method: NAYER
########################################

>>> Syn-NAYER Training New Generators...
[Testing] Training Per-Dataset Generators Offline (New Gen Method) using NAYER...
--- NAYER Generator Configuration ---
    epochs: 120
    g_loops: 2
    g_steps: 30
    g_life: 10
    kd_steps: 400
    warmup: 20
    gwp_loops: 10
    lr_g: 0.004
    ce: 0.5
    bn: 10.0
    adv: 1.33
    student_lr: 0.2
------------------------------------
    -> Loading CLIP ViT-B/32 label embeddings for 10 classes...
    -> [Epoch 0] Student Test Accuracy for MNIST: 9.53%
    -> [Epoch 1] Student Test Accuracy for MNIST: 9.77%
    -> [Epoch 2] Student Test Accuracy for MNIST: 9.73%
    -> [Epoch 3] Student Test Accuracy for MNIST: 9.65%
    -> [Epoch 4] Student Test Accuracy for MNIST: 9.74%
    -> [Epoch 5] Student Test Accuracy for MNIST: 9.48%
    -> [Epoch 6] Student Test Accuracy for MNIST: 9.58%
    -> [Epoch 7] Student Test Accuracy for MNIST: 9.46%
    -> [Epoch 8] Student Test Accuracy for MNIST: 10.18%
    -> [Epoch 9] Student Test Accuracy for MNIST: 12.31%
    -> [Epoch 10] Student Test Accuracy for MNIST: 10.08%
    -> [Epoch 11] Student Test Accuracy for MNIST: 9.74%
    -> [Epoch 12] Student Test Accuracy for MNIST: 9.75%
    -> [Epoch 13] Student Test Accuracy for MNIST: 12.28%
    -> [Epoch 14] Student Test Accuracy for MNIST: 12.50%
    -> [Epoch 15] Student Test Accuracy for MNIST: 9.03%
    -> [Epoch 16] Student Test Accuracy for MNIST: 9.80%
    -> [Epoch 17] Student Test Accuracy for MNIST: 9.57%
    -> [Epoch 18] Student Test Accuracy for MNIST: 9.75%
    -> [Epoch 19] Student Test Accuracy for MNIST: 10.70%
    -> [Epoch 20] Student Test Accuracy for MNIST: 9.48%
    -> [Epoch 21] Student Test Accuracy for MNIST: 9.73%
    -> [Epoch 22] Student Test Accuracy for MNIST: 9.63%
    -> [Epoch 23] Student Test Accuracy for MNIST: 8.77%
    -> [Epoch 24] Student Test Accuracy for MNIST: 9.58%
    -> [Epoch 25] Student Test Accuracy for MNIST: 9.58%
    -> [Epoch 26] Student Test Accuracy for MNIST: 8.97%
    -> [Epoch 27] Student Test Accuracy for MNIST: 8.69%
    -> [Epoch 28] Student Test Accuracy for MNIST: 8.57%
    -> [Epoch 29] Student Test Accuracy for MNIST: 8.77%
    -> [Epoch 30] Student Test Accuracy for MNIST: 9.58%
    -> [Epoch 31] Student Test Accuracy for MNIST: 9.72%
    -> [Epoch 32] Student Test Accuracy for MNIST: 11.94%
    -> [Epoch 33] Student Test Accuracy for MNIST: 8.56%
    -> [Epoch 34] Student Test Accuracy for MNIST: 9.76%
    -> [Epoch 35] Student Test Accuracy for MNIST: 10.78%
    -> [Epoch 36] Student Test Accuracy for MNIST: 9.82%
    -> [Epoch 37] Student Test Accuracy for MNIST: 9.74%
    -> [Epoch 38] Student Test Accuracy for MNIST: 9.82%
    -> [Epoch 39] Student Test Accuracy for MNIST: 9.82%
    -> [Epoch 40] Student Test Accuracy for MNIST: 9.82%
    -> [Epoch 41] Student Test Accuracy for MNIST: 9.82%
    -> [Epoch 42] Student Test Accuracy for MNIST: 9.82%
    -> [Epoch 43] Student Test Accuracy for MNIST: 9.82%
    -> [Epoch 44] Student Test Accuracy for MNIST: 9.82%
    -> [Epoch 45] Student Test Accuracy for MNIST: 9.82%
    -> [Epoch 46] Student Test Accuracy for MNIST: 9.82%
    -> [Epoch 47] Student Test Accuracy for MNIST: 9.82%
    -> [Epoch 48] Student Test Accuracy for MNIST: 9.80%
    -> [Epoch 49] Student Test Accuracy for MNIST: 9.82%
    -> [Epoch 50] Student Test Accuracy for MNIST: 9.82%
    -> [Epoch 51] Student Test Accuracy for MNIST: 9.82%
    -> [Epoch 52] Student Test Accuracy for MNIST: 9.82%
    -> [Epoch 53] Student Test Accuracy for MNIST: 9.82%
    -> [Epoch 54] Student Test Accuracy for MNIST: 9.82%
    -> [Epoch 55] Student Test Accuracy for MNIST: 9.82%
    -> [Epoch 56] Student Test Accuracy for MNIST: 9.82%
    -> [Epoch 57] Student Test Accuracy for MNIST: 10.05%
    -> [Epoch 58] Student Test Accuracy for MNIST: 9.82%
    -> [Epoch 59] Student Test Accuracy for MNIST: 10.25%
    -> [Epoch 60] Student Test Accuracy for MNIST: 9.82%
    -> [Epoch 61] Student Test Accuracy for MNIST: 11.03%
    -> [Epoch 62] Student Test Accuracy for MNIST: 9.82%
    -> [Epoch 63] Student Test Accuracy for MNIST: 9.82%
    -> [Epoch 64] Student Test Accuracy for MNIST: 9.82%
    -> [Epoch 65] Student Test Accuracy for MNIST: 8.06%
    -> [Epoch 66] Student Test Accuracy for MNIST: 9.82%
    -> [Epoch 67] Student Test Accuracy for MNIST: 10.17%
    -> [Epoch 68] Student Test Accuracy for MNIST: 9.82%
    -> [Epoch 69] Student Test Accuracy for MNIST: 9.27%
    -> [Epoch 70] Student Test Accuracy for MNIST: 9.58%
    -> [Epoch 71] Student Test Accuracy for MNIST: 9.83%
    -> [Epoch 72] Student Test Accuracy for MNIST: 9.58%
    -> [Epoch 73] Student Test Accuracy for MNIST: 9.82%
    -> [Epoch 74] Student Test Accuracy for MNIST: 7.26%
    -> [Epoch 75] Student Test Accuracy for MNIST: 9.82%
    -> [Epoch 76] Student Test Accuracy for MNIST: 10.10%
    -> [Epoch 77] Student Test Accuracy for MNIST: 10.50%
    -> [Epoch 78] Student Test Accuracy for MNIST: 9.82%
    -> [Epoch 79] Student Test Accuracy for MNIST: 9.86%
    -> [Epoch 80] Student Test Accuracy for MNIST: 9.58%
    -> [Epoch 81] Student Test Accuracy for MNIST: 9.82%
    -> [Epoch 82] Student Test Accuracy for MNIST: 10.63%
    -> [Epoch 83] Student Test Accuracy for MNIST: 9.86%
    -> [Epoch 84] Student Test Accuracy for MNIST: 9.89%
    -> [Epoch 85] Student Test Accuracy for MNIST: 9.82%
    -> [Epoch 86] Student Test Accuracy for MNIST: 8.54%
    -> [Epoch 87] Student Test Accuracy for MNIST: 8.94%
    -> [Epoch 88] Student Test Accuracy for MNIST: 9.82%
    -> [Epoch 89] Student Test Accuracy for MNIST: 9.58%
    -> [Epoch 90] Student Test Accuracy for MNIST: 9.82%
    -> [Epoch 91] Student Test Accuracy for MNIST: 9.58%
    -> [Epoch 92] Student Test Accuracy for MNIST: 9.82%
    -> [Epoch 93] Student Test Accuracy for MNIST: 9.58%
    -> [Epoch 94] Student Test Accuracy for MNIST: 10.18%
    -> [Epoch 95] Student Test Accuracy for MNIST: 9.89%
    -> [Epoch 96] Student Test Accuracy for MNIST: 9.58%
    -> [Epoch 97] Student Test Accuracy for MNIST: 9.58%
    -> [Epoch 98] Student Test Accuracy for MNIST: 11.62%
    -> [Epoch 99] Student Test Accuracy for MNIST: 9.58%
    -> [Epoch 100] Student Test Accuracy for MNIST: 9.58%
    -> [Epoch 101] Student Test Accuracy for MNIST: 9.58%
    -> [Epoch 102] Student Test Accuracy for MNIST: 8.92%
    -> [Epoch 103] Student Test Accuracy for MNIST: 9.58%
    -> [Epoch 104] Student Test Accuracy for MNIST: 10.80%
    -> [Epoch 105] Student Test Accuracy for MNIST: 9.84%
    -> [Epoch 106] Student Test Accuracy for MNIST: 11.71%
    -> [Epoch 107] Student Test Accuracy for MNIST: 6.40%
    -> [Epoch 108] Student Test Accuracy for MNIST: 9.57%
    -> [Epoch 109] Student Test Accuracy for MNIST: 9.43%
    -> [Epoch 110] Student Test Accuracy for MNIST: 9.40%
    -> [Epoch 111] Student Test Accuracy for MNIST: 9.66%
    -> [Epoch 112] Student Test Accuracy for MNIST: 9.58%
    -> [Epoch 113] Student Test Accuracy for MNIST: 9.57%
    -> [Epoch 114] Student Test Accuracy for MNIST: 9.58%
    -> [Epoch 115] Student Test Accuracy for MNIST: 7.38%
    -> [Epoch 116] Student Test Accuracy for MNIST: 9.58%
    -> [Epoch 117] Student Test Accuracy for MNIST: 7.79%
    -> [Epoch 118] Student Test Accuracy for MNIST: 6.26%
    -> [Epoch 119] Student Test Accuracy for MNIST: 6.76%
    Dataset [MNIST] Generator | Epochs: 120 | Final Loss: 358.9605
    -> Student Accuracy per Epoch saved to /home/unshun/multi-FL/logs/Local_noniid_het_gb40/new_client_2026-04-16_04-41-18/NAYER_MNIST_student_acc.csv
-> [New] Gen images saved to /home/unshun/multi-FL/logs/Local_noniid_het_gb40/new_client_2026-04-16_04-41-18/NAYER_MNIST__gen_img_new.png
    -> Loading CLIP ViT-B/32 label embeddings for 62 classes...
    -> [Epoch 0] Student Test Accuracy for EMNIST: 5.05%
    -> [Epoch 1] Student Test Accuracy for EMNIST: 5.05%
    -> [Epoch 2] Student Test Accuracy for EMNIST: 3.49%
    -> [Epoch 3] Student Test Accuracy for EMNIST: 5.05%
    -> [Epoch 4] Student Test Accuracy for EMNIST: 5.05%
    -> [Epoch 5] Student Test Accuracy for EMNIST: 3.91%
    -> [Epoch 6] Student Test Accuracy for EMNIST: 5.05%
    -> [Epoch 7] Student Test Accuracy for EMNIST: 5.05%
    -> [Epoch 8] Student Test Accuracy for EMNIST: 5.05%
    -> [Epoch 9] Student Test Accuracy for EMNIST: 5.05%
    -> [Epoch 10] Student Test Accuracy for EMNIST: 5.05%
    -> [Epoch 11] Student Test Accuracy for EMNIST: 5.05%
    -> [Epoch 12] Student Test Accuracy for EMNIST: 5.05%
    -> [Epoch 13] Student Test Accuracy for EMNIST: 5.05%
    -> [Epoch 14] Student Test Accuracy for EMNIST: 5.05%
    -> [Epoch 15] Student Test Accuracy for EMNIST: 5.05%
    -> [Epoch 16] Student Test Accuracy for EMNIST: 5.05%
    -> [Epoch 17] Student Test Accuracy for EMNIST: 5.05%
    -> [Epoch 18] Student Test Accuracy for EMNIST: 5.05%
    -> [Epoch 19] Student Test Accuracy for EMNIST: 5.05%
    -> [Epoch 20] Student Test Accuracy for EMNIST: 5.05%
    -> [Epoch 21] Student Test Accuracy for EMNIST: 5.05%
    -> [Epoch 22] Student Test Accuracy for EMNIST: 5.05%
    -> [Epoch 23] Student Test Accuracy for EMNIST: 5.05%
    -> [Epoch 24] Student Test Accuracy for EMNIST: 5.04%
    -> [Epoch 25] Student Test Accuracy for EMNIST: 5.05%
    -> [Epoch 26] Student Test Accuracy for EMNIST: 5.05%
    -> [Epoch 27] Student Test Accuracy for EMNIST: 5.05%
    -> [Epoch 28] Student Test Accuracy for EMNIST: 5.05%
    -> [Epoch 29] Student Test Accuracy for EMNIST: 5.05%
    -> [Epoch 30] Student Test Accuracy for EMNIST: 2.93%
    -> [Epoch 31] Student Test Accuracy for EMNIST: 1.91%
    -> [Epoch 32] Student Test Accuracy for EMNIST: 5.05%
    -> [Epoch 33] Student Test Accuracy for EMNIST: 5.04%
    -> [Epoch 34] Student Test Accuracy for EMNIST: 2.99%
    -> [Epoch 35] Student Test Accuracy for EMNIST: 0.34%
    -> [Epoch 36] Student Test Accuracy for EMNIST: 5.00%
    -> [Epoch 37] Student Test Accuracy for EMNIST: 4.36%
    -> [Epoch 38] Student Test Accuracy for EMNIST: 5.05%
    -> [Epoch 39] Student Test Accuracy for EMNIST: 4.90%
    -> [Epoch 40] Student Test Accuracy for EMNIST: 5.05%
    -> [Epoch 41] Student Test Accuracy for EMNIST: 5.05%
    -> [Epoch 42] Student Test Accuracy for EMNIST: 5.05%
    -> [Epoch 43] Student Test Accuracy for EMNIST: 4.92%
    -> [Epoch 44] Student Test Accuracy for EMNIST: 5.05%
    -> [Epoch 45] Student Test Accuracy for EMNIST: 3.52%
    -> [Epoch 46] Student Test Accuracy for EMNIST: 5.05%
    -> [Epoch 47] Student Test Accuracy for EMNIST: 5.05%
    -> [Epoch 48] Student Test Accuracy for EMNIST: 5.05%
    -> [Epoch 49] Student Test Accuracy for EMNIST: 5.05%
    -> [Epoch 50] Student Test Accuracy for EMNIST: 5.05%
    -> [Epoch 51] Student Test Accuracy for EMNIST: 5.05%
    -> [Epoch 52] Student Test Accuracy for EMNIST: 3.52%
    -> [Epoch 53] Student Test Accuracy for EMNIST: 5.05%
    -> [Epoch 54] Student Test Accuracy for EMNIST: 2.18%
    -> [Epoch 55] Student Test Accuracy for EMNIST: 2.18%
    -> [Epoch 56] Student Test Accuracy for EMNIST: 4.69%
    -> [Epoch 57] Student Test Accuracy for EMNIST: 5.05%
    -> [Epoch 58] Student Test Accuracy for EMNIST: 2.18%
    -> [Epoch 59] Student Test Accuracy for EMNIST: 5.05%
    -> [Epoch 60] Student Test Accuracy for EMNIST: 3.12%
    -> [Epoch 61] Student Test Accuracy for EMNIST: 5.05%
    -> [Epoch 62] Student Test Accuracy for EMNIST: 2.18%
    -> [Epoch 63] Student Test Accuracy for EMNIST: 5.04%
    -> [Epoch 64] Student Test Accuracy for EMNIST: 2.18%
    -> [Epoch 65] Student Test Accuracy for EMNIST: 5.05%
    -> [Epoch 66] Student Test Accuracy for EMNIST: 2.18%
    -> [Epoch 67] Student Test Accuracy for EMNIST: 2.18%
    -> [Epoch 68] Student Test Accuracy for EMNIST: 2.18%
    -> [Epoch 69] Student Test Accuracy for EMNIST: 0.34%
    -> [Epoch 70] Student Test Accuracy for EMNIST: 2.18%
    -> [Epoch 71] Student Test Accuracy for EMNIST: 2.18%
    -> [Epoch 72] Student Test Accuracy for EMNIST: 2.18%
    -> [Epoch 73] Student Test Accuracy for EMNIST: 5.05%
    -> [Epoch 74] Student Test Accuracy for EMNIST: 4.83%
    -> [Epoch 75] Student Test Accuracy for EMNIST: 2.18%
    -> [Epoch 76] Student Test Accuracy for EMNIST: 2.18%
    -> [Epoch 77] Student Test Accuracy for EMNIST: 3.47%
    -> [Epoch 78] Student Test Accuracy for EMNIST: 4.46%
    -> [Epoch 79] Student Test Accuracy for EMNIST: 5.05%
    -> [Epoch 80] Student Test Accuracy for EMNIST: 5.04%
    -> [Epoch 81] Student Test Accuracy for EMNIST: 5.10%
    -> [Epoch 82] Student Test Accuracy for EMNIST: 4.83%
    -> [Epoch 83] Student Test Accuracy for EMNIST: 4.83%
    -> [Epoch 84] Student Test Accuracy for EMNIST: 2.18%
    -> [Epoch 85] Student Test Accuracy for EMNIST: 2.27%
    -> [Epoch 86] Student Test Accuracy for EMNIST: 0.38%
    -> [Epoch 87] Student Test Accuracy for EMNIST: 5.05%
    -> [Epoch 88] Student Test Accuracy for EMNIST: 5.05%
    -> [Epoch 89] Student Test Accuracy for EMNIST: 2.18%
    -> [Epoch 90] Student Test Accuracy for EMNIST: 5.42%
    -> [Epoch 91] Student Test Accuracy for EMNIST: 5.41%
    -> [Epoch 92] Student Test Accuracy for EMNIST: 5.05%
    -> [Epoch 93] Student Test Accuracy for EMNIST: 5.05%
    -> [Epoch 94] Student Test Accuracy for EMNIST: 1.91%
    -> [Epoch 95] Student Test Accuracy for EMNIST: 5.05%
    -> [Epoch 96] Student Test Accuracy for EMNIST: 5.05%
    -> [Epoch 97] Student Test Accuracy for EMNIST: 5.05%
    -> [Epoch 98] Student Test Accuracy for EMNIST: 5.05%
    -> [Epoch 99] Student Test Accuracy for EMNIST: 5.05%
    -> [Epoch 100] Student Test Accuracy for EMNIST: 5.05%
    -> [Epoch 101] Student Test Accuracy for EMNIST: 5.05%
    -> [Epoch 102] Student Test Accuracy for EMNIST: 0.51%
    -> [Epoch 103] Student Test Accuracy for EMNIST: 5.05%
    -> [Epoch 104] Student Test Accuracy for EMNIST: 5.05%
    -> [Epoch 105] Student Test Accuracy for EMNIST: 5.05%
    -> [Epoch 106] Student Test Accuracy for EMNIST: 5.05%
    -> [Epoch 107] Student Test Accuracy for EMNIST: 0.85%
    -> [Epoch 108] Student Test Accuracy for EMNIST: 5.05%
    -> [Epoch 109] Student Test Accuracy for EMNIST: 4.84%
    -> [Epoch 110] Student Test Accuracy for EMNIST: 5.05%
    -> [Epoch 111] Student Test Accuracy for EMNIST: 4.84%
    -> [Epoch 112] Student Test Accuracy for EMNIST: 5.05%
    -> [Epoch 113] Student Test Accuracy for EMNIST: 5.05%
    -> [Epoch 114] Student Test Accuracy for EMNIST: 2.18%
    -> [Epoch 115] Student Test Accuracy for EMNIST: 2.18%
    -> [Epoch 116] Student Test Accuracy for EMNIST: 4.73%
    -> [Epoch 117] Student Test Accuracy for EMNIST: 2.19%
    -> [Epoch 118] Student Test Accuracy for EMNIST: 2.18%
    -> [Epoch 119] Student Test Accuracy for EMNIST: 5.05%
    Dataset [EMNIST] Generator | Epochs: 120 | Final Loss: 4279.4822
    -> Student Accuracy per Epoch saved to /home/unshun/multi-FL/logs/Local_noniid_het_gb40/new_client_2026-04-16_04-41-18/NAYER_EMNIST_student_acc.csv
-> [New] Gen images saved to /home/unshun/multi-FL/logs/Local_noniid_het_gb40/new_client_2026-04-16_04-41-18/NAYER_EMNIST__gen_img_new.png
Exp (Syn): New Gen + Old Ent (0.1)
dynamic_entropy_ratio: 0.1
Exp (Syn): New Gen + Old Ent (0.15)
dynamic_entropy_ratio: 0.15
Exp (Syn): New Gen + Old Ent (0.2)
dynamic_entropy_ratio: 0.2
Exp (Syn): New Gen + Old Ent (0.25)
dynamic_entropy_ratio: 0.25
Exp (Syn): New Gen + Old Ent (0.3)
dynamic_entropy_ratio: 0.3
Exp (Syn): New Gen + Old Ent (0.35)
dynamic_entropy_ratio: 0.35
Exp (Syn): New Gen + Old Ent (0.4)
dynamic_entropy_ratio: 0.4
Exp (Syn): New Gen + Old Ent (0.45)
dynamic_entropy_ratio: 0.45
Exp (Syn): New Gen + Old Ent (0.5)
dynamic_entropy_ratio: 0.5
Exp (Syn): New Gen + Old Ent (0.55)
dynamic_entropy_ratio: 0.55
Exp (Syn): New Gen + Old Ent (0.6)
dynamic_entropy_ratio: 0.6
Exp (Syn): New Gen + Old Ent (0.65)
dynamic_entropy_ratio: 0.65
Exp (Syn): New Gen + Old Ent (0.7)
dynamic_entropy_ratio: 0.7
Exp (Syn): New Gen + Old Ent (0.75)
dynamic_entropy_ratio: 0.75
Exp (Syn): New Gen + Old Ent (0.8)
dynamic_entropy_ratio: 0.8
Exp (Syn): New Gen + Old Ent (0.85)
dynamic_entropy_ratio: 0.85
Exp (Syn): New Gen + Old Ent (0.9)
dynamic_entropy_ratio: 0.9
Exp (Syn): New Gen + Old Ent (0.95)
dynamic_entropy_ratio: 0.95
Exp (Syn): New Gen + Old Ent (1.0)
dynamic_entropy_ratio: 1.0
Exp (Syn): New Gen + New Ent (0.1)
dynamic_entropy_ratio: 0.1
Exp (Syn): New Gen + New Ent (0.15)
dynamic_entropy_ratio: 0.15
Exp (Syn): New Gen + New Ent (0.2)
dynamic_entropy_ratio: 0.2
Exp (Syn): New Gen + New Ent (0.25)
dynamic_entropy_ratio: 0.25
Exp (Syn): New Gen + New Ent (0.3)
dynamic_entropy_ratio: 0.3
Exp (Syn): New Gen + New Ent (0.35)
dynamic_entropy_ratio: 0.35
Exp (Syn): New Gen + New Ent (0.4)
dynamic_entropy_ratio: 0.4
Exp (Syn): New Gen + New Ent (0.45)
dynamic_entropy_ratio: 0.45
Exp (Syn): New Gen + New Ent (0.5)
dynamic_entropy_ratio: 0.5
Exp (Syn): New Gen + New Ent (0.55)
dynamic_entropy_ratio: 0.55
Exp (Syn): New Gen + New Ent (0.6)
dynamic_entropy_ratio: 0.6
Exp (Syn): New Gen + New Ent (0.65)
dynamic_entropy_ratio: 0.65
Exp (Syn): New Gen + New Ent (0.7)
dynamic_entropy_ratio: 0.7
Exp (Syn): New Gen + New Ent (0.75)
dynamic_entropy_ratio: 0.75
Exp (Syn): New Gen + New Ent (0.8)
dynamic_entropy_ratio: 0.8
Exp (Syn): New Gen + New Ent (0.85)
dynamic_entropy_ratio: 0.85
Exp (Syn): New Gen + New Ent (0.9)
dynamic_entropy_ratio: 0.9
Exp (Syn): New Gen + New Ent (0.95)
dynamic_entropy_ratio: 0.95
Exp (Syn): New Gen + New Ent (1.0)
dynamic_entropy_ratio: 1.0
