Time: 2026-04-16 16:57:16
Log Dir: /home/unshun/multi-FL/logs/Local_noniid_hom_gb40/new_client_2026-04-16_16-57-16/
================================================================================Loading checkpoints from logs/Local_noniid_hom_gb40/Local/
Method selected: NAYER
Loaded CNN for MNIST from client_model_MNIST_c5_CNN.pth
Loaded CNN for MNIST from client_model_MNIST_c0_CNN.pth
Loaded CNN for MNIST from client_model_MNIST_c8_CNN.pth
Loaded CNN for MNIST from client_model_MNIST_c6_CNN.pth
Loaded CNN for MNIST from client_model_MNIST_c4_CNN.pth
Loaded CNN for MNIST from client_model_MNIST_c9_CNN.pth
Loaded CNN for MNIST from client_model_MNIST_c3_CNN.pth
Loaded CNN for MNIST from client_model_MNIST_c1_CNN.pth
Loaded CNN for MNIST from client_model_MNIST_c2_CNN.pth
Loaded CNN for MNIST from client_model_MNIST_c7_CNN.pth
Loaded CNN for EMNIST from client_model_EMNIST_c20_CNN.pth
Loaded CNN for EMNIST from client_model_EMNIST_c13_CNN.pth
Loaded CNN for EMNIST from client_model_EMNIST_c16_CNN.pth
Loaded CNN for EMNIST from client_model_EMNIST_c18_CNN.pth
Loaded CNN for EMNIST from client_model_EMNIST_c11_CNN.pth
Loaded CNN for EMNIST from client_model_EMNIST_c12_CNN.pth
Loaded CNN for EMNIST from client_model_EMNIST_c17_CNN.pth
Loaded CNN for EMNIST from client_model_EMNIST_c14_CNN.pth
Loaded CNN for EMNIST from client_model_EMNIST_c19_CNN.pth
Loaded CNN for EMNIST from client_model_EMNIST_c15_CNN.pth
WARNING: No models loaded for dataset: FashionMNIST.
WARNING: No models loaded for dataset: CIFAR100.

========================================
>>> [METHOD: SYNTHETIC] Starting Synthetic Label Mapping...
========================================
>>> Target Methods to Run: ['NAYER']
>>> [Syn] Loaded client data distributions directly from server checkpoint.

########################################
>>> [Syn] Running Method: NAYER
########################################

>>> Syn-NAYER Training New Generators...
[Testing] Training Per-Dataset Generators Offline (New Gen Method) using NAYER...
--- NAYER Generator Configuration ---
    epochs: 120
    g_loops: 2
    g_steps: 30
    g_life: 10
    kd_steps: 400
    warmup: 20
    gwp_loops: 10
    lr_g: 0.004
    ce: 0.5
    bn: 10.0
    adv: 1.33
    student_lr: 0.2
------------------------------------
    -> Loading CLIP ViT-B/32 label embeddings for 10 classes...
    -> [Epoch 0] Student Test Accuracy for MNIST: 9.58%
    -> [Epoch 1] Student Test Accuracy for MNIST: 9.58%
    -> [Epoch 2] Student Test Accuracy for MNIST: 9.58%
    -> [Epoch 3] Student Test Accuracy for MNIST: 9.58%
    -> [Epoch 4] Student Test Accuracy for MNIST: 9.58%
    -> [Epoch 5] Student Test Accuracy for MNIST: 9.58%
    -> [Epoch 6] Student Test Accuracy for MNIST: 9.58%
    -> [Epoch 7] Student Test Accuracy for MNIST: 9.58%
    -> [Epoch 8] Student Test Accuracy for MNIST: 7.45%
    -> [Epoch 9] Student Test Accuracy for MNIST: 9.58%
    -> [Epoch 10] Student Test Accuracy for MNIST: 9.58%
    -> [Epoch 11] Student Test Accuracy for MNIST: 9.82%
    -> [Epoch 12] Student Test Accuracy for MNIST: 9.58%
    -> [Epoch 13] Student Test Accuracy for MNIST: 9.58%
    -> [Epoch 14] Student Test Accuracy for MNIST: 9.59%
    -> [Epoch 15] Student Test Accuracy for MNIST: 9.58%
    -> [Epoch 16] Student Test Accuracy for MNIST: 10.24%
    -> [Epoch 17] Student Test Accuracy for MNIST: 9.58%
    -> [Epoch 18] Student Test Accuracy for MNIST: 9.58%
    -> [Epoch 19] Student Test Accuracy for MNIST: 9.62%
    -> [Epoch 20] Student Test Accuracy for MNIST: 10.58%
    -> [Epoch 21] Student Test Accuracy for MNIST: 9.58%
    -> [Epoch 22] Student Test Accuracy for MNIST: 9.58%
    -> [Epoch 23] Student Test Accuracy for MNIST: 10.85%
    -> [Epoch 24] Student Test Accuracy for MNIST: 9.58%
    -> [Epoch 25] Student Test Accuracy for MNIST: 9.59%
    -> [Epoch 26] Student Test Accuracy for MNIST: 12.65%
    -> [Epoch 27] Student Test Accuracy for MNIST: 9.80%
    -> [Epoch 28] Student Test Accuracy for MNIST: 9.60%
    -> [Epoch 29] Student Test Accuracy for MNIST: 9.75%
    -> [Epoch 30] Student Test Accuracy for MNIST: 9.58%
    -> [Epoch 31] Student Test Accuracy for MNIST: 9.74%
    -> [Epoch 32] Student Test Accuracy for MNIST: 9.51%
    -> [Epoch 33] Student Test Accuracy for MNIST: 11.32%
    -> [Epoch 34] Student Test Accuracy for MNIST: 9.80%
    -> [Epoch 35] Student Test Accuracy for MNIST: 9.72%
    -> [Epoch 36] Student Test Accuracy for MNIST: 10.09%
    -> [Epoch 37] Student Test Accuracy for MNIST: 9.71%
    -> [Epoch 38] Student Test Accuracy for MNIST: 10.09%
    -> [Epoch 39] Student Test Accuracy for MNIST: 10.19%
    -> [Epoch 40] Student Test Accuracy for MNIST: 10.09%
    -> [Epoch 41] Student Test Accuracy for MNIST: 10.09%
    -> [Epoch 42] Student Test Accuracy for MNIST: 10.09%
    -> [Epoch 43] Student Test Accuracy for MNIST: 10.09%
    -> [Epoch 44] Student Test Accuracy for MNIST: 10.09%
    -> [Epoch 45] Student Test Accuracy for MNIST: 10.09%
    -> [Epoch 46] Student Test Accuracy for MNIST: 9.80%
    -> [Epoch 47] Student Test Accuracy for MNIST: 10.09%
    -> [Epoch 48] Student Test Accuracy for MNIST: 9.80%
    -> [Epoch 49] Student Test Accuracy for MNIST: 9.80%
    -> [Epoch 50] Student Test Accuracy for MNIST: 10.09%
    -> [Epoch 51] Student Test Accuracy for MNIST: 9.80%
    -> [Epoch 52] Student Test Accuracy for MNIST: 9.29%
    -> [Epoch 53] Student Test Accuracy for MNIST: 9.58%
    -> [Epoch 54] Student Test Accuracy for MNIST: 10.09%
    -> [Epoch 55] Student Test Accuracy for MNIST: 10.09%
    -> [Epoch 56] Student Test Accuracy for MNIST: 9.58%
    -> [Epoch 57] Student Test Accuracy for MNIST: 10.09%
    -> [Epoch 58] Student Test Accuracy for MNIST: 9.58%
    -> [Epoch 59] Student Test Accuracy for MNIST: 10.09%
    -> [Epoch 60] Student Test Accuracy for MNIST: 9.58%
    -> [Epoch 61] Student Test Accuracy for MNIST: 9.58%
    -> [Epoch 62] Student Test Accuracy for MNIST: 7.48%
    -> [Epoch 63] Student Test Accuracy for MNIST: 9.58%
    -> [Epoch 64] Student Test Accuracy for MNIST: 10.24%
    -> [Epoch 65] Student Test Accuracy for MNIST: 9.21%
    -> [Epoch 66] Student Test Accuracy for MNIST: 9.58%
    -> [Epoch 67] Student Test Accuracy for MNIST: 10.09%
    -> [Epoch 68] Student Test Accuracy for MNIST: 10.09%
    -> [Epoch 69] Student Test Accuracy for MNIST: 8.46%
    -> [Epoch 70] Student Test Accuracy for MNIST: 9.63%
    -> [Epoch 71] Student Test Accuracy for MNIST: 9.58%
    -> [Epoch 72] Student Test Accuracy for MNIST: 9.62%
    -> [Epoch 73] Student Test Accuracy for MNIST: 9.58%
    -> [Epoch 74] Student Test Accuracy for MNIST: 9.66%
    -> [Epoch 75] Student Test Accuracy for MNIST: 12.49%
    -> [Epoch 76] Student Test Accuracy for MNIST: 10.09%
    -> [Epoch 77] Student Test Accuracy for MNIST: 9.79%
    -> [Epoch 78] Student Test Accuracy for MNIST: 9.80%
    -> [Epoch 79] Student Test Accuracy for MNIST: 9.22%
    -> [Epoch 80] Student Test Accuracy for MNIST: 10.09%
    -> [Epoch 81] Student Test Accuracy for MNIST: 10.09%
    -> [Epoch 82] Student Test Accuracy for MNIST: 10.09%
    -> [Epoch 83] Student Test Accuracy for MNIST: 10.43%
    -> [Epoch 84] Student Test Accuracy for MNIST: 9.66%
    -> [Epoch 85] Student Test Accuracy for MNIST: 7.02%
    -> [Epoch 86] Student Test Accuracy for MNIST: 10.09%
    -> [Epoch 87] Student Test Accuracy for MNIST: 9.58%
    -> [Epoch 88] Student Test Accuracy for MNIST: 9.48%
    -> [Epoch 89] Student Test Accuracy for MNIST: 10.09%
    -> [Epoch 90] Student Test Accuracy for MNIST: 10.09%
    -> [Epoch 91] Student Test Accuracy for MNIST: 10.09%
    -> [Epoch 92] Student Test Accuracy for MNIST: 10.09%
    -> [Epoch 93] Student Test Accuracy for MNIST: 9.58%
    -> [Epoch 94] Student Test Accuracy for MNIST: 9.07%
    -> [Epoch 95] Student Test Accuracy for MNIST: 9.58%
    -> [Epoch 96] Student Test Accuracy for MNIST: 10.09%
    -> [Epoch 97] Student Test Accuracy for MNIST: 10.09%
    -> [Epoch 98] Student Test Accuracy for MNIST: 8.85%
    -> [Epoch 99] Student Test Accuracy for MNIST: 9.58%
    -> [Epoch 100] Student Test Accuracy for MNIST: 9.75%
    -> [Epoch 101] Student Test Accuracy for MNIST: 9.58%
    -> [Epoch 102] Student Test Accuracy for MNIST: 9.16%
    -> [Epoch 103] Student Test Accuracy for MNIST: 10.09%
    -> [Epoch 104] Student Test Accuracy for MNIST: 9.58%
    -> [Epoch 105] Student Test Accuracy for MNIST: 9.58%
    -> [Epoch 106] Student Test Accuracy for MNIST: 9.71%
    -> [Epoch 107] Student Test Accuracy for MNIST: 9.58%
    -> [Epoch 108] Student Test Accuracy for MNIST: 9.58%
    -> [Epoch 109] Student Test Accuracy for MNIST: 10.09%
    -> [Epoch 110] Student Test Accuracy for MNIST: 9.80%
    -> [Epoch 111] Student Test Accuracy for MNIST: 9.58%
    -> [Epoch 112] Student Test Accuracy for MNIST: 9.58%
    -> [Epoch 113] Student Test Accuracy for MNIST: 9.58%
    -> [Epoch 114] Student Test Accuracy for MNIST: 9.59%
    -> [Epoch 115] Student Test Accuracy for MNIST: 9.80%
    -> [Epoch 116] Student Test Accuracy for MNIST: 9.58%
    -> [Epoch 117] Student Test Accuracy for MNIST: 9.58%
    -> [Epoch 118] Student Test Accuracy for MNIST: 9.58%
    -> [Epoch 119] Student Test Accuracy for MNIST: 8.82%
    Dataset [MNIST] Generator | Epochs: 120 | Final Loss: 129.5870
    -> Student Accuracy per Epoch saved to /home/unshun/multi-FL/logs/Local_noniid_hom_gb40/new_client_2026-04-16_16-57-16/NAYER_MNIST_student_acc.csv
-> [New] Gen images saved to /home/unshun/multi-FL/logs/Local_noniid_hom_gb40/new_client_2026-04-16_16-57-16/NAYER_MNIST__gen_img_new.png
    -> Loading CLIP ViT-B/32 label embeddings for 62 classes...
    -> [Epoch 0] Student Test Accuracy for EMNIST: 5.09%
    -> [Epoch 1] Student Test Accuracy for EMNIST: 3.71%
    -> [Epoch 2] Student Test Accuracy for EMNIST: 3.52%
    -> [Epoch 3] Student Test Accuracy for EMNIST: 3.52%
    -> [Epoch 4] Student Test Accuracy for EMNIST: 3.52%
    -> [Epoch 5] Student Test Accuracy for EMNIST: 3.52%
    -> [Epoch 6] Student Test Accuracy for EMNIST: 3.52%
    -> [Epoch 7] Student Test Accuracy for EMNIST: 5.69%
    -> [Epoch 8] Student Test Accuracy for EMNIST: 4.79%
    -> [Epoch 9] Student Test Accuracy for EMNIST: 4.10%
    -> [Epoch 10] Student Test Accuracy for EMNIST: 5.21%
    -> [Epoch 11] Student Test Accuracy for EMNIST: 3.86%
    -> [Epoch 12] Student Test Accuracy for EMNIST: 5.25%
    -> [Epoch 13] Student Test Accuracy for EMNIST: 5.09%
    -> [Epoch 14] Student Test Accuracy for EMNIST: 5.15%
    -> [Epoch 15] Student Test Accuracy for EMNIST: 5.91%
    -> [Epoch 16] Student Test Accuracy for EMNIST: 5.04%
    -> [Epoch 17] Student Test Accuracy for EMNIST: 5.10%
    -> [Epoch 18] Student Test Accuracy for EMNIST: 5.04%
    -> [Epoch 19] Student Test Accuracy for EMNIST: 5.31%
    -> [Epoch 20] Student Test Accuracy for EMNIST: 7.21%
    -> [Epoch 21] Student Test Accuracy for EMNIST: 5.39%
    -> [Epoch 22] Student Test Accuracy for EMNIST: 0.71%
    -> [Epoch 23] Student Test Accuracy for EMNIST: 2.57%
    -> [Epoch 24] Student Test Accuracy for EMNIST: 5.05%
    -> [Epoch 25] Student Test Accuracy for EMNIST: 4.98%
    -> [Epoch 26] Student Test Accuracy for EMNIST: 5.89%
    -> [Epoch 27] Student Test Accuracy for EMNIST: 4.88%
    -> [Epoch 28] Student Test Accuracy for EMNIST: 5.07%
    -> [Epoch 29] Student Test Accuracy for EMNIST: 5.92%
    -> [Epoch 30] Student Test Accuracy for EMNIST: 6.43%
    -> [Epoch 31] Student Test Accuracy for EMNIST: 4.91%
    -> [Epoch 32] Student Test Accuracy for EMNIST: 4.84%
    -> [Epoch 33] Student Test Accuracy for EMNIST: 5.41%
    -> [Epoch 34] Student Test Accuracy for EMNIST: 4.81%
    -> [Epoch 35] Student Test Accuracy for EMNIST: 4.11%
    -> [Epoch 36] Student Test Accuracy for EMNIST: 2.11%
    -> [Epoch 37] Student Test Accuracy for EMNIST: 0.53%
    -> [Epoch 38] Student Test Accuracy for EMNIST: 4.52%
    -> [Epoch 39] Student Test Accuracy for EMNIST: 4.13%
    -> [Epoch 40] Student Test Accuracy for EMNIST: 4.81%
    -> [Epoch 41] Student Test Accuracy for EMNIST: 3.79%
    -> [Epoch 42] Student Test Accuracy for EMNIST: 4.84%
    -> [Epoch 43] Student Test Accuracy for EMNIST: 2.35%
    -> [Epoch 44] Student Test Accuracy for EMNIST: 4.78%
    -> [Epoch 45] Student Test Accuracy for EMNIST: 4.83%
    -> [Epoch 46] Student Test Accuracy for EMNIST: 4.81%
    -> [Epoch 47] Student Test Accuracy for EMNIST: 4.83%
    -> [Epoch 48] Student Test Accuracy for EMNIST: 2.89%
    -> [Epoch 49] Student Test Accuracy for EMNIST: 4.81%
    -> [Epoch 50] Student Test Accuracy for EMNIST: 4.84%
    -> [Epoch 51] Student Test Accuracy for EMNIST: 3.75%
    -> [Epoch 52] Student Test Accuracy for EMNIST: 1.81%
    -> [Epoch 53] Student Test Accuracy for EMNIST: 3.34%
    -> [Epoch 54] Student Test Accuracy for EMNIST: 4.74%
    -> [Epoch 55] Student Test Accuracy for EMNIST: 2.06%
    -> [Epoch 56] Student Test Accuracy for EMNIST: 4.58%
    -> [Epoch 57] Student Test Accuracy for EMNIST: 1.74%
    -> [Epoch 58] Student Test Accuracy for EMNIST: 1.12%
    -> [Epoch 59] Student Test Accuracy for EMNIST: 4.89%
    -> [Epoch 60] Student Test Accuracy for EMNIST: 1.17%
    -> [Epoch 61] Student Test Accuracy for EMNIST: 4.75%
    -> [Epoch 62] Student Test Accuracy for EMNIST: 4.79%
    -> [Epoch 63] Student Test Accuracy for EMNIST: 0.93%
    -> [Epoch 64] Student Test Accuracy for EMNIST: 4.84%
    -> [Epoch 65] Student Test Accuracy for EMNIST: 0.35%
    -> [Epoch 66] Student Test Accuracy for EMNIST: 3.62%
    -> [Epoch 67] Student Test Accuracy for EMNIST: 0.35%
    -> [Epoch 68] Student Test Accuracy for EMNIST: 0.91%
    -> [Epoch 69] Student Test Accuracy for EMNIST: 1.43%
    -> [Epoch 70] Student Test Accuracy for EMNIST: 3.54%
    -> [Epoch 71] Student Test Accuracy for EMNIST: 1.55%
    -> [Epoch 72] Student Test Accuracy for EMNIST: 0.36%
    -> [Epoch 73] Student Test Accuracy for EMNIST: 1.60%
    -> [Epoch 74] Student Test Accuracy for EMNIST: 4.84%
    -> [Epoch 75] Student Test Accuracy for EMNIST: 0.35%
    -> [Epoch 76] Student Test Accuracy for EMNIST: 1.44%
    -> [Epoch 77] Student Test Accuracy for EMNIST: 1.44%
    -> [Epoch 78] Student Test Accuracy for EMNIST: 1.14%
    -> [Epoch 79] Student Test Accuracy for EMNIST: 1.37%
    -> [Epoch 80] Student Test Accuracy for EMNIST: 4.23%
    -> [Epoch 81] Student Test Accuracy for EMNIST: 1.57%
    -> [Epoch 82] Student Test Accuracy for EMNIST: 0.97%
    -> [Epoch 83] Student Test Accuracy for EMNIST: 4.44%
    -> [Epoch 84] Student Test Accuracy for EMNIST: 1.45%
    -> [Epoch 85] Student Test Accuracy for EMNIST: 0.35%
    -> [Epoch 86] Student Test Accuracy for EMNIST: 4.23%
    -> [Epoch 87] Student Test Accuracy for EMNIST: 0.60%
    -> [Epoch 88] Student Test Accuracy for EMNIST: 4.82%
    -> [Epoch 89] Student Test Accuracy for EMNIST: 4.87%
    -> [Epoch 90] Student Test Accuracy for EMNIST: 1.51%
    -> [Epoch 91] Student Test Accuracy for EMNIST: 4.79%
    -> [Epoch 92] Student Test Accuracy for EMNIST: 5.56%
    -> [Epoch 93] Student Test Accuracy for EMNIST: 4.82%
    -> [Epoch 94] Student Test Accuracy for EMNIST: 4.78%
    -> [Epoch 95] Student Test Accuracy for EMNIST: 4.56%
    -> [Epoch 96] Student Test Accuracy for EMNIST: 0.81%
    -> [Epoch 97] Student Test Accuracy for EMNIST: 0.43%
    -> [Epoch 98] Student Test Accuracy for EMNIST: 0.60%
    -> [Epoch 99] Student Test Accuracy for EMNIST: 0.78%
    -> [Epoch 100] Student Test Accuracy for EMNIST: 0.66%
    -> [Epoch 101] Student Test Accuracy for EMNIST: 3.90%
    -> [Epoch 102] Student Test Accuracy for EMNIST: 2.90%
    -> [Epoch 103] Student Test Accuracy for EMNIST: 3.69%
    -> [Epoch 104] Student Test Accuracy for EMNIST: 3.58%
    -> [Epoch 105] Student Test Accuracy for EMNIST: 0.35%
    -> [Epoch 106] Student Test Accuracy for EMNIST: 3.56%
    -> [Epoch 107] Student Test Accuracy for EMNIST: 2.33%
    -> [Epoch 108] Student Test Accuracy for EMNIST: 3.26%
    -> [Epoch 109] Student Test Accuracy for EMNIST: 4.74%
    -> [Epoch 110] Student Test Accuracy for EMNIST: 6.62%
    -> [Epoch 111] Student Test Accuracy for EMNIST: 0.36%
    -> [Epoch 112] Student Test Accuracy for EMNIST: 0.90%
    -> [Epoch 113] Student Test Accuracy for EMNIST: 5.43%
    -> [Epoch 114] Student Test Accuracy for EMNIST: 4.81%
    -> [Epoch 115] Student Test Accuracy for EMNIST: 0.37%
    -> [Epoch 116] Student Test Accuracy for EMNIST: 1.78%
    -> [Epoch 117] Student Test Accuracy for EMNIST: 4.84%
    -> [Epoch 118] Student Test Accuracy for EMNIST: 1.11%
    -> [Epoch 119] Student Test Accuracy for EMNIST: 0.51%
    Dataset [EMNIST] Generator | Epochs: 120 | Final Loss: 290.2185
    -> Student Accuracy per Epoch saved to /home/unshun/multi-FL/logs/Local_noniid_hom_gb40/new_client_2026-04-16_16-57-16/NAYER_EMNIST_student_acc.csv
-> [New] Gen images saved to /home/unshun/multi-FL/logs/Local_noniid_hom_gb40/new_client_2026-04-16_16-57-16/NAYER_EMNIST__gen_img_new.png
Exp (Syn): New Gen + Old Ent (0.1)
dynamic_entropy_ratio: 0.1
Exp (Syn): New Gen + Old Ent (0.15)
dynamic_entropy_ratio: 0.15
Exp (Syn): New Gen + Old Ent (0.2)
dynamic_entropy_ratio: 0.2
Exp (Syn): New Gen + Old Ent (0.25)
dynamic_entropy_ratio: 0.25
Exp (Syn): New Gen + Old Ent (0.3)
dynamic_entropy_ratio: 0.3
Exp (Syn): New Gen + Old Ent (0.35)
dynamic_entropy_ratio: 0.35
Exp (Syn): New Gen + Old Ent (0.4)
dynamic_entropy_ratio: 0.4
Exp (Syn): New Gen + Old Ent (0.45)
dynamic_entropy_ratio: 0.45
Exp (Syn): New Gen + Old Ent (0.5)
dynamic_entropy_ratio: 0.5
Exp (Syn): New Gen + Old Ent (0.55)
dynamic_entropy_ratio: 0.55
Exp (Syn): New Gen + Old Ent (0.6)
dynamic_entropy_ratio: 0.6
Exp (Syn): New Gen + Old Ent (0.65)
dynamic_entropy_ratio: 0.65
Exp (Syn): New Gen + Old Ent (0.7)
dynamic_entropy_ratio: 0.7
Exp (Syn): New Gen + Old Ent (0.75)
dynamic_entropy_ratio: 0.75
Exp (Syn): New Gen + Old Ent (0.8)
dynamic_entropy_ratio: 0.8
Exp (Syn): New Gen + Old Ent (0.85)
dynamic_entropy_ratio: 0.85
Exp (Syn): New Gen + Old Ent (0.9)
dynamic_entropy_ratio: 0.9
Exp (Syn): New Gen + Old Ent (0.95)
dynamic_entropy_ratio: 0.95
Exp (Syn): New Gen + Old Ent (1.0)
dynamic_entropy_ratio: 1.0
Exp (Syn): New Gen + New Ent (0.1)
dynamic_entropy_ratio: 0.1
Exp (Syn): New Gen + New Ent (0.15)
dynamic_entropy_ratio: 0.15
Exp (Syn): New Gen + New Ent (0.2)
dynamic_entropy_ratio: 0.2
Exp (Syn): New Gen + New Ent (0.25)
dynamic_entropy_ratio: 0.25
Exp (Syn): New Gen + New Ent (0.3)
dynamic_entropy_ratio: 0.3
Exp (Syn): New Gen + New Ent (0.35)
dynamic_entropy_ratio: 0.35
Exp (Syn): New Gen + New Ent (0.4)
dynamic_entropy_ratio: 0.4
Exp (Syn): New Gen + New Ent (0.45)
dynamic_entropy_ratio: 0.45
Exp (Syn): New Gen + New Ent (0.5)
dynamic_entropy_ratio: 0.5
Exp (Syn): New Gen + New Ent (0.55)
dynamic_entropy_ratio: 0.55
Exp (Syn): New Gen + New Ent (0.6)
dynamic_entropy_ratio: 0.6
Exp (Syn): New Gen + New Ent (0.65)
dynamic_entropy_ratio: 0.65
Exp (Syn): New Gen + New Ent (0.7)
dynamic_entropy_ratio: 0.7
Exp (Syn): New Gen + New Ent (0.75)
dynamic_entropy_ratio: 0.75
Exp (Syn): New Gen + New Ent (0.8)
dynamic_entropy_ratio: 0.8
Exp (Syn): New Gen + New Ent (0.85)
dynamic_entropy_ratio: 0.85
Exp (Syn): New Gen + New Ent (0.9)
dynamic_entropy_ratio: 0.9
Exp (Syn): New Gen + New Ent (0.95)
dynamic_entropy_ratio: 0.95
Exp (Syn): New Gen + New Ent (1.0)
dynamic_entropy_ratio: 1.0
