Time: 2026-05-12 02:19:31
Log Dir: logs/2026-05-12_02-19-31/FedTED
================================================================================

==============================        Args        ==============================
  exp_timestamp: None
  exp_conf: ./configs/het-iid-exp.yaml
  device: cuda:1
  seed: 15698
  algorithm: FedTED
  num_new_clients: 1
  num_train_mnist: 10
  num_train_emnist: 10
  num_train_fashionmnist: 10
  num_train_cifar10: 0
  num_train_cifar100: 0
  num_train_usps: 0
================================================================================
==============================    Exp Configs     ==============================
exp_name: model-heterogeneity
heterogeneous: true
dirichlet_alpha: 100
global_rounds: 30
local_epochs: 1
local_loss_fn: CrossEntropyLoss
local_optim: Adam
local_lr: 0.001
batch_size: 64
sample_frac: 1.0
test_interval: 1
metric_type: accuracy
global_feature_dim: 256
optim: Adam
optim_lr: 0.001
global_gen_epochs: 10
gen_noise_dim: 128
gen_optim: Adam
gen_optim_lr: 0.001
global_feat_gen_epochs: 10
feat_gen_noise_dim: 128
feat_gen_optim: Adam
feat_gen_optim_lr: 0.001
feat_gen_div_beta: 1.0
public_data_ratio: 0.05
start_mapping_epoch: 1
gen_observer_weight: 1.0
index_matching: class_name
aggregate_method: dataset_name
use_new_entropy_method: true
entropy_ratio: 0.85
global_model_epochs: 5
global_model_optim: Adam
global_model_optim_lr: 0.0001
global_samples_per_class: 64

================================================================================

==================================================
Start 30 rounds training by FedTED
Selected client ids: [0, 1, 2, 3, 4, 5, 6, 7, 8, 9, 10, 11, 12, 13, 14, 15, 16, 17, 18, 19, 20, 21, 22, 23, 24, 25, 26, 27, 28, 29]
--- Round 1 ---
Round 1 | Client 0 | Model: (MLP) | Acc: 84.73%
Round 1 | Client 1 | Model: (CNN) | Acc: 67.88%
Round 1 | Client 2 | Model: (ResNet8) | Acc: 91.62%
Round 1 | Client 3 | Model: (ResNet18) | Acc: 88.69%
Round 1 | Client 4 | Model: (MobileNetV2) | Acc: 74.63%
Round 1 | Client 5 | Model: (MobileNetV3) | Acc: 47.38%
Round 1 | Client 6 | Model: (LeNet) | Acc: 77.35%
Round 1 | Client 7 | Model: (AlexNet) | Acc: 90.74%
Round 1 | Client 8 | Model: (ShuffleNet) | Acc: 60.13%
Round 1 | Client 9 | Model: (SqueezeNet) | Acc: 61.20%
Round 1 | Client 11 | Model: (MLP) | Acc: 74.66%
Round 1 | Client 12 | Model: (CNN) | Acc: 65.84%
Round 1 | Client 13 | Model: (ResNet8) | Acc: 73.75%
Round 1 | Client 14 | Model: (ResNet18) | Acc: 79.01%
Round 1 | Client 15 | Model: (MobileNetV2) | Acc: 63.50%
Round 1 | Client 16 | Model: (MobileNetV3) | Acc: 63.13%
Round 1 | Client 17 | Model: (LeNet) | Acc: 63.77%
Round 1 | Client 18 | Model: (AlexNet) | Acc: 70.57%
Round 1 | Client 19 | Model: (ShuffleNet) | Acc: 64.41%
Round 1 | Client 20 | Model: (SqueezeNet) | Acc: 53.40%
Round 1 | Client 22 | Model: (MLP) | Acc: 31.44%
Round 1 | Client 23 | Model: (CNN) | Acc: 22.02%
Round 1 | Client 24 | Model: (ResNet8) | Acc: 36.21%
Round 1 | Client 25 | Model: (ResNet18) | Acc: 40.40%
Round 1 | Client 26 | Model: (MobileNetV2) | Acc: 42.82%
Round 1 | Client 27 | Model: (MobileNetV3) | Acc: 10.48%
Round 1 | Client 28 | Model: (LeNet) | Acc: 28.08%
Round 1 | Client 29 | Model: (AlexNet) | Acc: 41.84%
Round 1 | Client 30 | Model: (ShuffleNet) | Acc: 31.45%
Round 1 | Client 31 | Model: (SqueezeNet) | Acc: 25.68%
[Server] Aggregating by Dataset Name ...
[Server] Performing Name-Based Label Mapping...
[Server] Name-based mapping completed. Found 72 unique global classes.

=========================================================================================================
Global ID  | Class Name           | Mapped Datasets (Local ID)
---------------------------------------------------------------------------------------------------------
0          | 0                    | MNIST(0), EMNIST(0)
1          | 1                    | MNIST(1), EMNIST(1)
2          | 2                    | MNIST(2), EMNIST(2)
3          | 3                    | MNIST(3), EMNIST(3)
4          | 4                    | MNIST(4), EMNIST(4)
5          | 5                    | MNIST(5), EMNIST(5)
6          | 6                    | MNIST(6), EMNIST(6)
7          | 7                    | MNIST(7), EMNIST(7)
8          | 8                    | MNIST(8), EMNIST(8)
9          | 9                    | MNIST(9), EMNIST(9)
10         | A                    | EMNIST(10)
11         | Ankle boot           | FashionMNIST(0)
12         | B                    | EMNIST(11)
13         | Bag                  | FashionMNIST(1)
14         | C                    | EMNIST(12)
15         | Coat                 | FashionMNIST(2)
16         | D                    | EMNIST(13)
17         | Dress                | FashionMNIST(3)
18         | E                    | EMNIST(14)
19         | F                    | EMNIST(15)
20         | G                    | EMNIST(16)
21         | H                    | EMNIST(17)
22         | I                    | EMNIST(18)
23         | J                    | EMNIST(19)
24         | K                    | EMNIST(20)
25         | L                    | EMNIST(21)
26         | M                    | EMNIST(22)
27         | N                    | EMNIST(23)
28         | O                    | EMNIST(24)
29         | P                    | EMNIST(25)
30         | Pullover             | FashionMNIST(4)
31         | Q                    | EMNIST(26)
32         | R                    | EMNIST(27)
33         | S                    | EMNIST(28)
34         | Sandal               | FashionMNIST(5)
35         | Shirt                | FashionMNIST(6)
36         | Sneaker              | FashionMNIST(7)
37         | T                    | EMNIST(29)
38         | T-shirt/top          | FashionMNIST(8)
39         | Trouser              | FashionMNIST(9)
40         | U                    | EMNIST(30)
41         | V                    | EMNIST(31)
42         | W                    | EMNIST(32)
43         | X                    | EMNIST(33)
44         | Y                    | EMNIST(34)
45         | Z                    | EMNIST(35)
46         | a                    | EMNIST(36)
47         | b                    | EMNIST(37)
48         | c                    | EMNIST(38)
49         | d                    | EMNIST(39)
50         | e                    | EMNIST(40)
51         | f                    | EMNIST(41)
52         | g                    | EMNIST(42)
53         | h                    | EMNIST(43)
54         | i                    | EMNIST(44)
55         | j                    | EMNIST(45)
56         | k                    | EMNIST(46)
57         | l                    | EMNIST(47)
58         | m                    | EMNIST(48)
59         | n                    | EMNIST(49)
60         | o                    | EMNIST(50)
61         | p                    | EMNIST(51)
62         | q                    | EMNIST(52)
63         | r                    | EMNIST(53)
64         | s                    | EMNIST(54)
65         | t                    | EMNIST(55)
66         | u                    | EMNIST(56)
67         | v                    | EMNIST(57)
68         | w                    | EMNIST(58)
69         | x                    | EMNIST(59)
70         | y                    | EMNIST(60)
71         | z                    | EMNIST(61)
=========================================================================================================

[Server] Training Feature-Based Global Generator...
Initializing Global Inference Model with 72 classes...
[Server] Global Inference Model Acc (MNIST) (Round 1): 97.26% (Tested on 9095 samples)
[Server] Global Inference Model Acc (FashionMNIST) (Round 1): 77.38% (Tested on 9100 samples)
[Server] Global Inference Model Acc (EMNIST) (Round 1): 78.43% (Tested on 105779 samples)
[Server] Global Inference Model Acc (Mix) (Round 1): 79.74% (Tested on 123974 samples)
Selected client ids: [0, 1, 2, 3, 4, 5, 6, 7, 8, 9, 10, 11, 12, 13, 14, 15, 16, 17, 18, 19, 20, 21, 22, 23, 24, 25, 26, 27, 28, 29]
--- Round 2 ---
Round 2 | Client 0 | Model: (MLP) | Acc: 87.24%
Round 2 | Client 1 | Model: (CNN) | Acc: 81.51%
Round 2 | Client 2 | Model: (ResNet8) | Acc: 93.09%
Round 2 | Client 3 | Model: (ResNet18) | Acc: 66.29%
Round 2 | Client 4 | Model: (MobileNetV2) | Acc: 10.49%
Round 2 | Client 5 | Model: (MobileNetV3) | Acc: 53.85%
Round 2 | Client 6 | Model: (LeNet) | Acc: 86.43%
Round 2 | Client 7 | Model: (AlexNet) | Acc: 88.11%
Round 2 | Client 8 | Model: (ShuffleNet) | Acc: 39.64%
Round 2 | Client 9 | Model: (SqueezeNet) | Acc: 44.70%
Round 2 | Client 11 | Model: (MLP) | Acc: 75.80%
Round 2 | Client 12 | Model: (CNN) | Acc: 72.97%
Round 2 | Client 13 | Model: (ResNet8) | Acc: 73.11%
Round 2 | Client 14 | Model: (ResNet18) | Acc: 69.94%
Round 2 | Client 15 | Model: (MobileNetV2) | Acc: 64.97%
Round 2 | Client 16 | Model: (MobileNetV3) | Acc: 66.13%
Round 2 | Client 17 | Model: (LeNet) | Acc: 68.34%
Round 2 | Client 18 | Model: (AlexNet) | Acc: 71.36%
Round 2 | Client 19 | Model: (ShuffleNet) | Acc: 29.27%
Round 2 | Client 20 | Model: (SqueezeNet) | Acc: 54.54%
Round 2 | Client 22 | Model: (MLP) | Acc: 37.14%
Round 2 | Client 23 | Model: (CNN) | Acc: 29.72%
Round 2 | Client 24 | Model: (ResNet8) | Acc: 44.44%
Round 2 | Client 25 | Model: (ResNet18) | Acc: 47.46%
Round 2 | Client 26 | Model: (MobileNetV2) | Acc: 36.58%
Round 2 | Client 27 | Model: (MobileNetV3) | Acc: 12.48%
Round 2 | Client 28 | Model: (LeNet) | Acc: 36.93%
Round 2 | Client 29 | Model: (AlexNet) | Acc: 48.82%
Round 2 | Client 30 | Model: (ShuffleNet) | Acc: 38.38%
Round 2 | Client 31 | Model: (SqueezeNet) | Acc: 30.88%
[Server] Aggregating by Dataset Name ...
[Server] Training Feature-Based Global Generator...
[Server] Global Inference Model Acc (MNIST) (Round 2): 97.94% (Tested on 9095 samples)
[Server] Global Inference Model Acc (FashionMNIST) (Round 2): 81.56% (Tested on 9100 samples)
[Server] Global Inference Model Acc (EMNIST) (Round 2): 77.03% (Tested on 105779 samples)
[Server] Global Inference Model Acc (Mix) (Round 2): 78.89% (Tested on 123974 samples)
Selected client ids: [0, 1, 2, 3, 4, 5, 6, 7, 8, 9, 10, 11, 12, 13, 14, 15, 16, 17, 18, 19, 20, 21, 22, 23, 24, 25, 26, 27, 28, 29]
--- Round 3 ---
Round 3 | Client 0 | Model: (MLP) | Acc: 76.12%
Round 3 | Client 1 | Model: (CNN) | Acc: 90.92%
Round 3 | Client 2 | Model: (ResNet8) | Acc: 90.60%
Round 3 | Client 3 | Model: (ResNet18) | Acc: 89.25%
Round 3 | Client 4 | Model: (MobileNetV2) | Acc: 10.49%
Round 3 | Client 5 | Model: (MobileNetV3) | Acc: 56.52%
Round 3 | Client 6 | Model: (LeNet) | Acc: 91.14%
Round 3 | Client 7 | Model: (AlexNet) | Acc: 94.42%
Round 3 | Client 8 | Model: (ShuffleNet) | Acc: 45.55%
Round 3 | Client 9 | Model: (SqueezeNet) | Acc: 35.19%
Round 3 | Client 11 | Model: (MLP) | Acc: 74.09%
Round 3 | Client 12 | Model: (CNN) | Acc: 72.65%
Round 3 | Client 13 | Model: (ResNet8) | Acc: 73.43%
Round 3 | Client 14 | Model: (ResNet18) | Acc: 72.82%
Round 3 | Client 15 | Model: (MobileNetV2) | Acc: 43.05%
Round 3 | Client 16 | Model: (MobileNetV3) | Acc: 66.56%
Round 3 | Client 17 | Model: (LeNet) | Acc: 68.34%
Round 3 | Client 18 | Model: (AlexNet) | Acc: 11.27%
Round 3 | Client 19 | Model: (ShuffleNet) | Acc: 56.16%
Round 3 | Client 20 | Model: (SqueezeNet) | Acc: 38.56%
Round 3 | Client 22 | Model: (MLP) | Acc: 32.79%
Round 3 | Client 23 | Model: (CNN) | Acc: 32.86%
Round 3 | Client 24 | Model: (ResNet8) | Acc: 41.76%
Round 3 | Client 25 | Model: (ResNet18) | Acc: 6.49%
Round 3 | Client 26 | Model: (MobileNetV2) | Acc: 31.93%
Round 3 | Client 27 | Model: (MobileNetV3) | Acc: 13.71%
Round 3 | Client 28 | Model: (LeNet) | Acc: 38.38%
Round 3 | Client 29 | Model: (AlexNet) | Acc: 45.47%
Round 3 | Client 30 | Model: (ShuffleNet) | Acc: 5.23%
Round 3 | Client 31 | Model: (SqueezeNet) | Acc: 20.69%
[Server] Aggregating by Dataset Name ...
[Server] Training Feature-Based Global Generator...
[Server] Global Inference Model Acc (MNIST) (Round 3): 97.84% (Tested on 9095 samples)
[Server] Global Inference Model Acc (FashionMNIST) (Round 3): 81.91% (Tested on 9100 samples)
[Server] Global Inference Model Acc (EMNIST) (Round 3): 72.63% (Tested on 105779 samples)
[Server] Global Inference Model Acc (Mix) (Round 3): 75.16% (Tested on 123974 samples)
Selected client ids: [0, 1, 2, 3, 4, 5, 6, 7, 8, 9, 10, 11, 12, 13, 14, 15, 16, 17, 18, 19, 20, 21, 22, 23, 24, 25, 26, 27, 28, 29]
--- Round 4 ---
Round 4 | Client 0 | Model: (MLP) | Acc: 87.13%
Round 4 | Client 1 | Model: (CNN) | Acc: 90.03%
Round 4 | Client 2 | Model: (ResNet8) | Acc: 88.79%
Round 4 | Client 3 | Model: (ResNet18) | Acc: 23.53%
Round 4 | Client 4 | Model: (MobileNetV2) | Acc: 11.67%
Round 4 | Client 5 | Model: (MobileNetV3) | Acc: 59.98%
Round 4 | Client 6 | Model: (LeNet) | Acc: 91.90%
Round 4 | Client 7 | Model: (AlexNet) | Acc: 88.63%
Round 4 | Client 8 | Model: (ShuffleNet) | Acc: 34.08%
Round 4 | Client 9 | Model: (SqueezeNet) | Acc: 21.64%
Round 4 | Client 11 | Model: (MLP) | Acc: 74.20%
Round 4 | Client 12 | Model: (CNN) | Acc: 73.73%
Round 4 | Client 13 | Model: (ResNet8) | Acc: 74.71%
Round 4 | Client 14 | Model: (ResNet18) | Acc: 72.93%
Round 4 | Client 15 | Model: (MobileNetV2) | Acc: 68.02%
Round 4 | Client 16 | Model: (MobileNetV3) | Acc: 70.95%
Round 4 | Client 17 | Model: (LeNet) | Acc: 70.01%
Round 4 | Client 18 | Model: (AlexNet) | Acc: 65.16%
Round 4 | Client 19 | Model: (ShuffleNet) | Acc: 64.86%
Round 4 | Client 20 | Model: (SqueezeNet) | Acc: 48.87%
Round 4 | Client 22 | Model: (MLP) | Acc: 5.47%
Round 4 | Client 23 | Model: (CNN) | Acc: 37.36%
Round 4 | Client 24 | Model: (ResNet8) | Acc: 6.06%
Round 4 | Client 25 | Model: (ResNet18) | Acc: 6.49%
Round 4 | Client 26 | Model: (MobileNetV2) | Acc: 32.43%
Round 4 | Client 27 | Model: (MobileNetV3) | Acc: 18.71%
Round 4 | Client 28 | Model: (LeNet) | Acc: 37.91%
Round 4 | Client 29 | Model: (AlexNet) | Acc: 42.76%
Round 4 | Client 30 | Model: (ShuffleNet) | Acc: 24.58%
Round 4 | Client 31 | Model: (SqueezeNet) | Acc: 5.84%
[Server] Aggregating by Dataset Name ...
[Server] Training Feature-Based Global Generator...
[Server] Global Inference Model Acc (MNIST) (Round 4): 98.60% (Tested on 9095 samples)
[Server] Global Inference Model Acc (FashionMNIST) (Round 4): 78.26% (Tested on 9100 samples)
[Server] Global Inference Model Acc (EMNIST) (Round 4): 77.89% (Tested on 105779 samples)
[Server] Global Inference Model Acc (Mix) (Round 4): 79.44% (Tested on 123974 samples)
Selected client ids: [0, 1, 2, 3, 4, 5, 6, 7, 8, 9, 10, 11, 12, 13, 14, 15, 16, 17, 18, 19, 20, 21, 22, 23, 24, 25, 26, 27, 28, 29]
--- Round 5 ---
Round 5 | Client 0 | Model: (MLP) | Acc: 86.04%
Round 5 | Client 1 | Model: (CNN) | Acc: 93.02%
Round 5 | Client 2 | Model: (ResNet8) | Acc: 93.77%
Round 5 | Client 3 | Model: (ResNet18) | Acc: 64.59%
Round 5 | Client 4 | Model: (MobileNetV2) | Acc: 11.67%
Round 5 | Client 5 | Model: (MobileNetV3) | Acc: 61.76%
Round 5 | Client 6 | Model: (LeNet) | Acc: 93.54%
Round 5 | Client 7 | Model: (AlexNet) | Acc: 33.26%
Round 5 | Client 8 | Model: (ShuffleNet) | Acc: 37.86%
Round 5 | Client 9 | Model: (SqueezeNet) | Acc: 46.23%
Round 5 | Client 11 | Model: (MLP) | Acc: 75.11%
Round 5 | Client 12 | Model: (CNN) | Acc: 74.70%
Round 5 | Client 13 | Model: (ResNet8) | Acc: 72.36%
Round 5 | Client 14 | Model: (ResNet18) | Acc: 67.62%
Round 5 | Client 15 | Model: (MobileNetV2) | Acc: 60.90%
Round 5 | Client 16 | Model: (MobileNetV3) | Acc: 72.24%
Round 5 | Client 17 | Model: (LeNet) | Acc: 72.24%
Round 5 | Client 18 | Model: (AlexNet) | Acc: 70.24%
Round 5 | Client 19 | Model: (ShuffleNet) | Acc: 73.11%
Round 5 | Client 20 | Model: (SqueezeNet) | Acc: 31.75%
Round 5 | Client 22 | Model: (MLP) | Acc: 5.47%
Round 5 | Client 23 | Model: (CNN) | Acc: 37.64%
Round 5 | Client 24 | Model: (ResNet8) | Acc: 6.06%
Round 5 | Client 25 | Model: (ResNet18) | Acc: 6.49%
Round 5 | Client 26 | Model: (MobileNetV2) | Acc: 36.83%
Round 5 | Client 27 | Model: (MobileNetV3) | Acc: 23.62%
Round 5 | Client 28 | Model: (LeNet) | Acc: 43.57%
Round 5 | Client 29 | Model: (AlexNet) | Acc: 38.83%
Round 5 | Client 30 | Model: (ShuffleNet) | Acc: 36.61%
Round 5 | Client 31 | Model: (SqueezeNet) | Acc: 10.49%
[Server] Aggregating by Dataset Name ...
[Server] Training Feature-Based Global Generator...
[Server] Global Inference Model Acc (MNIST) (Round 5): 98.38% (Tested on 9095 samples)
[Server] Global Inference Model Acc (FashionMNIST) (Round 5): 84.12% (Tested on 9100 samples)
[Server] Global Inference Model Acc (EMNIST) (Round 5): 76.02% (Tested on 105779 samples)
[Server] Global Inference Model Acc (Mix) (Round 5): 78.26% (Tested on 123974 samples)
Selected client ids: [0, 1, 2, 3, 4, 5, 6, 7, 8, 9, 10, 11, 12, 13, 14, 15, 16, 17, 18, 19, 20, 21, 22, 23, 24, 25, 26, 27, 28, 29]
--- Round 6 ---
Round 6 | Client 0 | Model: (MLP) | Acc: 86.91%
Round 6 | Client 1 | Model: (CNN) | Acc: 94.68%
Round 6 | Client 2 | Model: (ResNet8) | Acc: 92.75%
Round 6 | Client 3 | Model: (ResNet18) | Acc: 86.99%
Round 6 | Client 4 | Model: (MobileNetV2) | Acc: 11.67%
Round 6 | Client 5 | Model: (MobileNetV3) | Acc: 67.56%
Round 6 | Client 6 | Model: (LeNet) | Acc: 93.76%
Round 6 | Client 7 | Model: (AlexNet) | Acc: 11.26%
Round 6 | Client 8 | Model: (ShuffleNet) | Acc: 23.27%
Round 6 | Client 9 | Model: (SqueezeNet) | Acc: 49.29%
Round 6 | Client 11 | Model: (MLP) | Acc: 77.63%
Round 6 | Client 12 | Model: (CNN) | Acc: 77.19%
Round 6 | Client 13 | Model: (ResNet8) | Acc: 75.56%
Round 6 | Client 14 | Model: (ResNet18) | Acc: 61.33%
Round 6 | Client 15 | Model: (MobileNetV2) | Acc: 62.60%
Round 6 | Client 16 | Model: (MobileNetV3) | Acc: 72.45%
Round 6 | Client 17 | Model: (LeNet) | Acc: 69.34%
Round 6 | Client 18 | Model: (AlexNet) | Acc: 69.90%
Round 6 | Client 19 | Model: (ShuffleNet) | Acc: 73.56%
Round 6 | Client 20 | Model: (SqueezeNet) | Acc: 21.44%
Round 6 | Client 22 | Model: (MLP) | Acc: 5.47%
Round 6 | Client 23 | Model: (CNN) | Acc: 41.18%
Round 6 | Client 24 | Model: (ResNet8) | Acc: 6.06%
Round 6 | Client 25 | Model: (ResNet18) | Acc: 6.49%
Round 6 | Client 26 | Model: (MobileNetV2) | Acc: 30.69%
Round 6 | Client 27 | Model: (MobileNetV3) | Acc: 24.10%
Round 6 | Client 28 | Model: (LeNet) | Acc: 8.19%
Round 6 | Client 29 | Model: (AlexNet) | Acc: 5.18%
Round 6 | Client 30 | Model: (ShuffleNet) | Acc: 29.25%
Round 6 | Client 31 | Model: (SqueezeNet) | Acc: 22.33%
[Server] Aggregating by Dataset Name ...
[Server] Training Feature-Based Global Generator...
[Server] Global Inference Model Acc (MNIST) (Round 6): 98.90% (Tested on 9095 samples)
[Server] Global Inference Model Acc (FashionMNIST) (Round 6): 84.98% (Tested on 9100 samples)
[Server] Global Inference Model Acc (EMNIST) (Round 6): 79.10% (Tested on 105779 samples)
[Server] Global Inference Model Acc (Mix) (Round 6): 80.98% (Tested on 123974 samples)
Selected client ids: [0, 1, 2, 3, 4, 5, 6, 7, 8, 9, 10, 11, 12, 13, 14, 15, 16, 17, 18, 19, 20, 21, 22, 23, 24, 25, 26, 27, 28, 29]
--- Round 7 ---
Round 7 | Client 0 | Model: (MLP) | Acc: 75.03%
Round 7 | Client 1 | Model: (CNN) | Acc: 94.57%
Round 7 | Client 2 | Model: (ResNet8) | Acc: 93.32%
Round 7 | Client 3 | Model: (ResNet18) | Acc: 77.15%
Round 7 | Client 4 | Model: (MobileNetV2) | Acc: 11.67%
Round 7 | Client 5 | Model: (MobileNetV3) | Acc: 69.79%
Round 7 | Client 6 | Model: (LeNet) | Acc: 93.87%
Round 7 | Client 7 | Model: (AlexNet) | Acc: 11.26%
Round 7 | Client 8 | Model: (ShuffleNet) | Acc: 42.09%
Round 7 | Client 9 | Model: (SqueezeNet) | Acc: 19.67%
Round 7 | Client 11 | Model: (MLP) | Acc: 72.49%
Round 7 | Client 12 | Model: (CNN) | Acc: 77.73%
Round 7 | Client 13 | Model: (ResNet8) | Acc: 77.91%
Round 7 | Client 14 | Model: (ResNet18) | Acc: 71.93%
Round 7 | Client 15 | Model: (MobileNetV2) | Acc: 58.19%
Round 7 | Client 16 | Model: (MobileNetV3) | Acc: 73.95%
Round 7 | Client 17 | Model: (LeNet) | Acc: 74.92%
Round 7 | Client 18 | Model: (AlexNet) | Acc: 11.05%
Round 7 | Client 19 | Model: (ShuffleNet) | Acc: 74.46%
Round 7 | Client 20 | Model: (SqueezeNet) | Acc: 33.61%
Round 7 | Client 22 | Model: (MLP) | Acc: 5.47%
Round 7 | Client 23 | Model: (CNN) | Acc: 44.12%
Round 7 | Client 24 | Model: (ResNet8) | Acc: 6.06%
Round 7 | Client 25 | Model: (ResNet18) | Acc: 6.49%
Round 7 | Client 26 | Model: (MobileNetV2) | Acc: 31.56%
Round 7 | Client 27 | Model: (MobileNetV3) | Acc: 25.71%
Round 7 | Client 28 | Model: (LeNet) | Acc: 47.41%
Round 7 | Client 29 | Model: (AlexNet) | Acc: 5.18%
Round 7 | Client 30 | Model: (ShuffleNet) | Acc: 36.14%
Round 7 | Client 31 | Model: (SqueezeNet) | Acc: 5.84%
[Server] Aggregating by Dataset Name ...
[Server] Training Feature-Based Global Generator...
[Server] Global Inference Model Acc (MNIST) (Round 7): 98.77% (Tested on 9095 samples)
[Server] Global Inference Model Acc (FashionMNIST) (Round 7): 86.20% (Tested on 9100 samples)
[Server] Global Inference Model Acc (EMNIST) (Round 7): 80.58% (Tested on 105779 samples)
[Server] Global Inference Model Acc (Mix) (Round 7): 82.32% (Tested on 123974 samples)
Selected client ids: [0, 1, 2, 3, 4, 5, 6, 7, 8, 9, 10, 11, 12, 13, 14, 15, 16, 17, 18, 19, 20, 21, 22, 23, 24, 25, 26, 27, 28, 29]
--- Round 8 ---
Round 8 | Client 0 | Model: (MLP) | Acc: 87.02%
Round 8 | Client 1 | Model: (CNN) | Acc: 95.46%
Round 8 | Client 2 | Model: (ResNet8) | Acc: 94.45%
Round 8 | Client 3 | Model: (ResNet18) | Acc: 89.37%
Round 8 | Client 4 | Model: (MobileNetV2) | Acc: 11.67%
Round 8 | Client 5 | Model: (MobileNetV3) | Acc: 75.70%
Round 8 | Client 6 | Model: (LeNet) | Acc: 94.64%
Round 8 | Client 7 | Model: (AlexNet) | Acc: 11.26%
Round 8 | Client 8 | Model: (ShuffleNet) | Acc: 34.41%
Round 8 | Client 9 | Model: (SqueezeNet) | Acc: 35.63%
Round 8 | Client 11 | Model: (MLP) | Acc: 43.72%
Round 8 | Client 12 | Model: (CNN) | Acc: 78.92%
Round 8 | Client 13 | Model: (ResNet8) | Acc: 75.03%
Round 8 | Client 14 | Model: (ResNet18) | Acc: 70.17%
Round 8 | Client 15 | Model: (MobileNetV2) | Acc: 49.15%
Round 8 | Client 16 | Model: (MobileNetV3) | Acc: 75.13%
Round 8 | Client 17 | Model: (LeNet) | Acc: 66.78%
Round 8 | Client 18 | Model: (AlexNet) | Acc: 11.05%
Round 8 | Client 19 | Model: (ShuffleNet) | Acc: 76.50%
Round 8 | Client 20 | Model: (SqueezeNet) | Acc: 40.00%
Round 8 | Client 22 | Model: (MLP) | Acc: 5.47%
Round 8 | Client 23 | Model: (CNN) | Acc: 44.30%
Round 8 | Client 24 | Model: (ResNet8) | Acc: 6.06%
Round 8 | Client 25 | Model: (ResNet18) | Acc: 6.49%
Round 8 | Client 26 | Model: (MobileNetV2) | Acc: 16.44%
Round 8 | Client 27 | Model: (MobileNetV3) | Acc: 27.97%
Round 8 | Client 28 | Model: (LeNet) | Acc: 5.93%
Round 8 | Client 29 | Model: (AlexNet) | Acc: 5.18%
Round 8 | Client 30 | Model: (ShuffleNet) | Acc: 38.34%
Round 8 | Client 31 | Model: (SqueezeNet) | Acc: 5.84%
[Server] Aggregating by Dataset Name ...
[Server] Training Feature-Based Global Generator...
[Server] Global Inference Model Acc (MNIST) (Round 8): 98.45% (Tested on 9095 samples)
[Server] Global Inference Model Acc (FashionMNIST) (Round 8): 84.84% (Tested on 9100 samples)
[Server] Global Inference Model Acc (EMNIST) (Round 8): 79.73% (Tested on 105779 samples)
[Server] Global Inference Model Acc (Mix) (Round 8): 81.48% (Tested on 123974 samples)
Selected client ids: [0, 1, 2, 3, 4, 5, 6, 7, 8, 9, 10, 11, 12, 13, 14, 15, 16, 17, 18, 19, 20, 21, 22, 23, 24, 25, 26, 27, 28, 29]
--- Round 9 ---
Round 9 | Client 0 | Model: (MLP) | Acc: 84.73%
Round 9 | Client 1 | Model: (CNN) | Acc: 96.01%
Round 9 | Client 2 | Model: (ResNet8) | Acc: 92.75%
Round 9 | Client 3 | Model: (ResNet18) | Acc: 69.80%
Round 9 | Client 4 | Model: (MobileNetV2) | Acc: 11.67%
Round 9 | Client 5 | Model: (MobileNetV3) | Acc: 78.37%
Round 9 | Client 6 | Model: (LeNet) | Acc: 95.08%
Round 9 | Client 7 | Model: (AlexNet) | Acc: 11.26%
Round 9 | Client 8 | Model: (ShuffleNet) | Acc: 48.22%
Round 9 | Client 9 | Model: (SqueezeNet) | Acc: 11.37%
Round 9 | Client 11 | Model: (MLP) | Acc: 10.05%
Round 9 | Client 12 | Model: (CNN) | Acc: 79.24%
Round 9 | Client 13 | Model: (ResNet8) | Acc: 76.52%
Round 9 | Client 14 | Model: (ResNet18) | Acc: 73.59%
Round 9 | Client 15 | Model: (MobileNetV2) | Acc: 69.60%
Round 9 | Client 16 | Model: (MobileNetV3) | Acc: 75.24%
Round 9 | Client 17 | Model: (LeNet) | Acc: 72.69%
Round 9 | Client 18 | Model: (AlexNet) | Acc: 11.05%
Round 9 | Client 19 | Model: (ShuffleNet) | Acc: 77.06%
Round 9 | Client 20 | Model: (SqueezeNet) | Acc: 38.87%
Round 9 | Client 22 | Model: (MLP) | Acc: 5.47%
Round 9 | Client 23 | Model: (CNN) | Acc: 46.71%
Round 9 | Client 24 | Model: (ResNet8) | Acc: 6.06%
Round 9 | Client 25 | Model: (ResNet18) | Acc: 6.49%
Round 9 | Client 26 | Model: (MobileNetV2) | Acc: 33.56%
Round 9 | Client 27 | Model: (MobileNetV3) | Acc: 27.58%
Round 9 | Client 28 | Model: (LeNet) | Acc: 5.93%
Round 9 | Client 29 | Model: (AlexNet) | Acc: 5.18%
Round 9 | Client 30 | Model: (ShuffleNet) | Acc: 41.73%
Round 9 | Client 31 | Model: (SqueezeNet) | Acc: 5.84%
[Server] Aggregating by Dataset Name ...
[Server] Training Feature-Based Global Generator...
[Server] Global Inference Model Acc (MNIST) (Round 9): 98.31% (Tested on 9095 samples)
[Server] Global Inference Model Acc (FashionMNIST) (Round 9): 87.58% (Tested on 9100 samples)
[Server] Global Inference Model Acc (EMNIST) (Round 9): 81.48% (Tested on 105779 samples)
[Server] Global Inference Model Acc (Mix) (Round 9): 83.16% (Tested on 123974 samples)
Selected client ids: [0, 1, 2, 3, 4, 5, 6, 7, 8, 9, 10, 11, 12, 13, 14, 15, 16, 17, 18, 19, 20, 21, 22, 23, 24, 25, 26, 27, 28, 29]
--- Round 10 ---
Round 10 | Client 0 | Model: (MLP) | Acc: 44.38%
Round 10 | Client 1 | Model: (CNN) | Acc: 95.90%
Round 10 | Client 2 | Model: (ResNet8) | Acc: 94.00%
Round 10 | Client 3 | Model: (ResNet18) | Acc: 86.88%
Round 10 | Client 4 | Model: (MobileNetV2) | Acc: 11.67%
Round 10 | Client 5 | Model: (MobileNetV3) | Acc: 81.83%
Round 10 | Client 6 | Model: (LeNet) | Acc: 95.40%
Round 10 | Client 7 | Model: (AlexNet) | Acc: 11.26%
Round 10 | Client 8 | Model: (ShuffleNet) | Acc: 46.44%
Round 10 | Client 9 | Model: (SqueezeNet) | Acc: 11.15%
Round 10 | Client 11 | Model: (MLP) | Acc: 10.62%
Round 10 | Client 12 | Model: (CNN) | Acc: 80.76%
Round 10 | Client 13 | Model: (ResNet8) | Acc: 78.98%
Round 10 | Client 14 | Model: (ResNet18) | Acc: 64.20%
Round 10 | Client 15 | Model: (MobileNetV2) | Acc: 67.57%
Round 10 | Client 16 | Model: (MobileNetV3) | Acc: 76.42%
Round 10 | Client 17 | Model: (LeNet) | Acc: 75.14%
Round 10 | Client 18 | Model: (AlexNet) | Acc: 11.05%
Round 10 | Client 19 | Model: (ShuffleNet) | Acc: 79.32%
Round 10 | Client 20 | Model: (SqueezeNet) | Acc: 52.47%
Round 10 | Client 22 | Model: (MLP) | Acc: 5.47%
Round 10 | Client 23 | Model: (CNN) | Acc: 47.64%
Round 10 | Client 24 | Model: (ResNet8) | Acc: 6.06%
Round 10 | Client 25 | Model: (ResNet18) | Acc: 6.49%
Round 10 | Client 26 | Model: (MobileNetV2) | Acc: 28.01%
Round 10 | Client 27 | Model: (MobileNetV3) | Acc: 30.85%
Round 10 | Client 28 | Model: (LeNet) | Acc: 5.93%
Round 10 | Client 29 | Model: (AlexNet) | Acc: 5.18%
Round 10 | Client 30 | Model: (ShuffleNet) | Acc: 40.80%
Round 10 | Client 31 | Model: (SqueezeNet) | Acc: 5.84%
[Server] Aggregating by Dataset Name ...
[Server] Training Feature-Based Global Generator...
[Server] Global Inference Model Acc (MNIST) (Round 10): 97.64% (Tested on 9095 samples)
[Server] Global Inference Model Acc (FashionMNIST) (Round 10): 87.64% (Tested on 9100 samples)
[Server] Global Inference Model Acc (EMNIST) (Round 10): 80.42% (Tested on 105779 samples)
[Server] Global Inference Model Acc (Mix) (Round 10): 82.22% (Tested on 123974 samples)
Selected client ids: [0, 1, 2, 3, 4, 5, 6, 7, 8, 9, 10, 11, 12, 13, 14, 15, 16, 17, 18, 19, 20, 21, 22, 23, 24, 25, 26, 27, 28, 29]
--- Round 11 ---
Round 11 | Client 0 | Model: (MLP) | Acc: 43.18%
Round 11 | Client 1 | Model: (CNN) | Acc: 96.23%
Round 11 | Client 2 | Model: (ResNet8) | Acc: 94.56%
Round 11 | Client 3 | Model: (ResNet18) | Acc: 87.67%
Round 11 | Client 4 | Model: (MobileNetV2) | Acc: 11.67%
Round 11 | Client 5 | Model: (MobileNetV3) | Acc: 83.61%
Round 11 | Client 6 | Model: (LeNet) | Acc: 95.51%
Round 11 | Client 7 | Model: (AlexNet) | Acc: 11.26%
Round 11 | Client 8 | Model: (ShuffleNet) | Acc: 53.23%
Round 11 | Client 9 | Model: (SqueezeNet) | Acc: 11.15%
Round 11 | Client 11 | Model: (MLP) | Acc: 10.62%
Round 11 | Client 12 | Model: (CNN) | Acc: 80.76%
Round 11 | Client 13 | Model: (ResNet8) | Acc: 78.66%
Round 11 | Client 14 | Model: (ResNet18) | Acc: 74.70%
Round 11 | Client 15 | Model: (MobileNetV2) | Acc: 66.78%
Round 11 | Client 16 | Model: (MobileNetV3) | Acc: 76.74%
Round 11 | Client 17 | Model: (LeNet) | Acc: 74.36%
Round 11 | Client 18 | Model: (AlexNet) | Acc: 11.05%
Round 11 | Client 19 | Model: (ShuffleNet) | Acc: 79.21%
Round 11 | Client 20 | Model: (SqueezeNet) | Acc: 42.06%
Round 11 | Client 22 | Model: (MLP) | Acc: 5.47%
Round 11 | Client 23 | Model: (CNN) | Acc: 47.37%
Round 11 | Client 24 | Model: (ResNet8) | Acc: 6.06%
Round 11 | Client 25 | Model: (ResNet18) | Acc: 6.49%
Round 11 | Client 26 | Model: (MobileNetV2) | Acc: 33.66%
Round 11 | Client 27 | Model: (MobileNetV3) | Acc: 32.95%
Round 11 | Client 28 | Model: (LeNet) | Acc: 17.05%
Round 11 | Client 29 | Model: (AlexNet) | Acc: 5.18%
Round 11 | Client 30 | Model: (ShuffleNet) | Acc: 40.57%
Round 11 | Client 31 | Model: (SqueezeNet) | Acc: 5.84%
[Server] Aggregating by Dataset Name ...
[Server] Training Feature-Based Global Generator...
[Server] Global Inference Model Acc (MNIST) (Round 11): 98.49% (Tested on 9095 samples)
[Server] Global Inference Model Acc (FashionMNIST) (Round 11): 87.57% (Tested on 9100 samples)
[Server] Global Inference Model Acc (EMNIST) (Round 11): 78.94% (Tested on 105779 samples)
[Server] Global Inference Model Acc (Mix) (Round 11): 81.01% (Tested on 123974 samples)
Selected client ids: [0, 1, 2, 3, 4, 5, 6, 7, 8, 9, 10, 11, 12, 13, 14, 15, 16, 17, 18, 19, 20, 21, 22, 23, 24, 25, 26, 27, 28, 29]
--- Round 12 ---
Round 12 | Client 0 | Model: (MLP) | Acc: 34.02%
Round 12 | Client 1 | Model: (CNN) | Acc: 95.90%
Round 12 | Client 2 | Model: (ResNet8) | Acc: 95.24%
Round 12 | Client 3 | Model: (ResNet18) | Acc: 91.74%
Round 12 | Client 4 | Model: (MobileNetV2) | Acc: 11.67%
Round 12 | Client 5 | Model: (MobileNetV3) | Acc: 84.17%
Round 12 | Client 6 | Model: (LeNet) | Acc: 96.17%
Round 12 | Client 7 | Model: (AlexNet) | Acc: 11.26%
Round 12 | Client 8 | Model: (ShuffleNet) | Acc: 53.45%
Round 12 | Client 9 | Model: (SqueezeNet) | Acc: 11.15%
Round 12 | Client 11 | Model: (MLP) | Acc: 10.62%
Round 12 | Client 12 | Model: (CNN) | Acc: 81.84%
Round 12 | Client 13 | Model: (ResNet8) | Acc: 78.66%
Round 12 | Client 14 | Model: (ResNet18) | Acc: 72.49%
Round 12 | Client 15 | Model: (MobileNetV2) | Acc: 69.72%
Round 12 | Client 16 | Model: (MobileNetV3) | Acc: 76.96%
Round 12 | Client 17 | Model: (LeNet) | Acc: 71.46%
Round 12 | Client 18 | Model: (AlexNet) | Acc: 11.05%
Round 12 | Client 19 | Model: (ShuffleNet) | Acc: 79.10%
Round 12 | Client 20 | Model: (SqueezeNet) | Acc: 40.82%
Round 12 | Client 22 | Model: (MLP) | Acc: 5.47%
Round 12 | Client 23 | Model: (CNN) | Acc: 46.90%
Round 12 | Client 24 | Model: (ResNet8) | Acc: 31.57%
Round 12 | Client 25 | Model: (ResNet18) | Acc: 6.49%
Round 12 | Client 26 | Model: (MobileNetV2) | Acc: 24.18%
Round 12 | Client 27 | Model: (MobileNetV3) | Acc: 32.69%
Round 12 | Client 28 | Model: (LeNet) | Acc: 49.95%
Round 12 | Client 29 | Model: (AlexNet) | Acc: 5.18%
Round 12 | Client 30 | Model: (ShuffleNet) | Acc: 43.75%
Round 12 | Client 31 | Model: (SqueezeNet) | Acc: 5.84%
[Server] Aggregating by Dataset Name ...
[Server] Training Feature-Based Global Generator...
[Server] Global Inference Model Acc (MNIST) (Round 12): 99.07% (Tested on 9095 samples)
[Server] Global Inference Model Acc (FashionMNIST) (Round 12): 87.11% (Tested on 9100 samples)
[Server] Global Inference Model Acc (EMNIST) (Round 12): 79.04% (Tested on 105779 samples)
[Server] Global Inference Model Acc (Mix) (Round 12): 81.10% (Tested on 123974 samples)
Selected client ids: [0, 1, 2, 3, 4, 5, 6, 7, 8, 9, 10, 11, 12, 13, 14, 15, 16, 17, 18, 19, 20, 21, 22, 23, 24, 25, 26, 27, 28, 29]
--- Round 13 ---
Round 13 | Client 0 | Model: (MLP) | Acc: 10.58%
Round 13 | Client 1 | Model: (CNN) | Acc: 96.46%
Round 13 | Client 2 | Model: (ResNet8) | Acc: 94.56%
Round 13 | Client 3 | Model: (ResNet18) | Acc: 94.34%
Round 13 | Client 4 | Model: (MobileNetV2) | Acc: 11.67%
Round 13 | Client 5 | Model: (MobileNetV3) | Acc: 85.40%
Round 13 | Client 6 | Model: (LeNet) | Acc: 95.51%
Round 13 | Client 7 | Model: (AlexNet) | Acc: 11.26%
Round 13 | Client 8 | Model: (ShuffleNet) | Acc: 56.01%
Round 13 | Client 9 | Model: (SqueezeNet) | Acc: 11.04%
Round 13 | Client 11 | Model: (MLP) | Acc: 10.62%
Round 13 | Client 12 | Model: (CNN) | Acc: 81.95%
Round 13 | Client 13 | Model: (ResNet8) | Acc: 81.43%
Round 13 | Client 14 | Model: (ResNet18) | Acc: 71.27%
Round 13 | Client 15 | Model: (MobileNetV2) | Acc: 69.15%
Round 13 | Client 16 | Model: (MobileNetV3) | Acc: 78.24%
Round 13 | Client 17 | Model: (LeNet) | Acc: 74.25%
Round 13 | Client 18 | Model: (AlexNet) | Acc: 11.05%
Round 13 | Client 19 | Model: (ShuffleNet) | Acc: 80.23%
Round 13 | Client 20 | Model: (SqueezeNet) | Acc: 30.72%
Round 13 | Client 22 | Model: (MLP) | Acc: 5.86%
Round 13 | Client 23 | Model: (CNN) | Acc: 49.43%
Round 13 | Client 24 | Model: (ResNet8) | Acc: 42.10%
Round 13 | Client 25 | Model: (ResNet18) | Acc: 6.49%
Round 13 | Client 26 | Model: (MobileNetV2) | Acc: 33.51%
Round 13 | Client 27 | Model: (MobileNetV3) | Acc: 31.84%
Round 13 | Client 28 | Model: (LeNet) | Acc: 5.83%
Round 13 | Client 29 | Model: (AlexNet) | Acc: 5.18%
Round 13 | Client 30 | Model: (ShuffleNet) | Acc: 42.27%
Round 13 | Client 31 | Model: (SqueezeNet) | Acc: 5.84%
[Server] Aggregating by Dataset Name ...
[Server] Training Feature-Based Global Generator...
[Server] Global Inference Model Acc (MNIST) (Round 13): 98.70% (Tested on 9095 samples)
[Server] Global Inference Model Acc (FashionMNIST) (Round 13): 86.12% (Tested on 9100 samples)
[Server] Global Inference Model Acc (EMNIST) (Round 13): 80.06% (Tested on 105779 samples)
[Server] Global Inference Model Acc (Mix) (Round 13): 81.87% (Tested on 123974 samples)
Selected client ids: [0, 1, 2, 3, 4, 5, 6, 7, 8, 9, 10, 11, 12, 13, 14, 15, 16, 17, 18, 19, 20, 21, 22, 23, 24, 25, 26, 27, 28, 29]
--- Round 14 ---
Round 14 | Client 0 | Model: (MLP) | Acc: 10.58%
Round 14 | Client 1 | Model: (CNN) | Acc: 96.46%
Round 14 | Client 2 | Model: (ResNet8) | Acc: 95.24%
Round 14 | Client 3 | Model: (ResNet18) | Acc: 95.25%
Round 14 | Client 4 | Model: (MobileNetV2) | Acc: 11.67%
Round 14 | Client 5 | Model: (MobileNetV3) | Acc: 86.96%
Round 14 | Client 6 | Model: (LeNet) | Acc: 96.28%
Round 14 | Client 7 | Model: (AlexNet) | Acc: 11.26%
Round 14 | Client 8 | Model: (ShuffleNet) | Acc: 60.24%
Round 14 | Client 9 | Model: (SqueezeNet) | Acc: 11.15%
Round 14 | Client 11 | Model: (MLP) | Acc: 10.62%
Round 14 | Client 12 | Model: (CNN) | Acc: 82.16%
Round 14 | Client 13 | Model: (ResNet8) | Acc: 82.07%
Round 14 | Client 14 | Model: (ResNet18) | Acc: 71.71%
Round 14 | Client 15 | Model: (MobileNetV2) | Acc: 70.62%
Round 14 | Client 16 | Model: (MobileNetV3) | Acc: 78.24%
Round 14 | Client 17 | Model: (LeNet) | Acc: 73.80%
Round 14 | Client 18 | Model: (AlexNet) | Acc: 11.05%
Round 14 | Client 19 | Model: (ShuffleNet) | Acc: 81.36%
Round 14 | Client 20 | Model: (SqueezeNet) | Acc: 31.13%
Round 14 | Client 22 | Model: (MLP) | Acc: 5.86%
Round 14 | Client 23 | Model: (CNN) | Acc: 47.59%
Round 14 | Client 24 | Model: (ResNet8) | Acc: 45.74%
Round 14 | Client 25 | Model: (ResNet18) | Acc: 6.49%
Round 14 | Client 26 | Model: (MobileNetV2) | Acc: 29.74%
Round 14 | Client 27 | Model: (MobileNetV3) | Acc: 36.34%
Round 14 | Client 28 | Model: (LeNet) | Acc: 5.83%
Round 14 | Client 29 | Model: (AlexNet) | Acc: 5.18%
Round 14 | Client 30 | Model: (ShuffleNet) | Acc: 42.86%
Round 14 | Client 31 | Model: (SqueezeNet) | Acc: 5.84%
[Server] Aggregating by Dataset Name ...
[Server] Training Feature-Based Global Generator...
[Server] Global Inference Model Acc (MNIST) (Round 14): 98.85% (Tested on 9095 samples)
[Server] Global Inference Model Acc (FashionMNIST) (Round 14): 87.73% (Tested on 9100 samples)
[Server] Global Inference Model Acc (EMNIST) (Round 14): 81.65% (Tested on 105779 samples)
[Server] Global Inference Model Acc (Mix) (Round 14): 83.36% (Tested on 123974 samples)
Selected client ids: [0, 1, 2, 3, 4, 5, 6, 7, 8, 9, 10, 11, 12, 13, 14, 15, 16, 17, 18, 19, 20, 21, 22, 23, 24, 25, 26, 27, 28, 29]
--- Round 15 ---
Round 15 | Client 0 | Model: (MLP) | Acc: 10.58%
Round 15 | Client 1 | Model: (CNN) | Acc: 96.23%
Round 15 | Client 2 | Model: (ResNet8) | Acc: 95.58%
Round 15 | Client 3 | Model: (ResNet18) | Acc: 95.36%
Round 15 | Client 4 | Model: (MobileNetV2) | Acc: 11.67%
Round 15 | Client 5 | Model: (MobileNetV3) | Acc: 87.96%
Round 15 | Client 6 | Model: (LeNet) | Acc: 96.50%
Round 15 | Client 7 | Model: (AlexNet) | Acc: 11.26%
Round 15 | Client 8 | Model: (ShuffleNet) | Acc: 61.02%
Round 15 | Client 9 | Model: (SqueezeNet) | Acc: 11.04%
Round 15 | Client 11 | Model: (MLP) | Acc: 10.62%
Round 15 | Client 12 | Model: (CNN) | Acc: 81.51%
Round 15 | Client 13 | Model: (ResNet8) | Acc: 82.28%
Round 15 | Client 14 | Model: (ResNet18) | Acc: 74.48%
Round 15 | Client 15 | Model: (MobileNetV2) | Acc: 63.16%
Round 15 | Client 16 | Model: (MobileNetV3) | Acc: 78.89%
Round 15 | Client 17 | Model: (LeNet) | Acc: 73.02%
Round 15 | Client 18 | Model: (AlexNet) | Acc: 11.05%
Round 15 | Client 19 | Model: (ShuffleNet) | Acc: 80.11%
Round 15 | Client 20 | Model: (SqueezeNet) | Acc: 32.06%
Round 15 | Client 22 | Model: (MLP) | Acc: 5.86%
Round 15 | Client 23 | Model: (CNN) | Acc: 50.06%
Round 15 | Client 24 | Model: (ResNet8) | Acc: 48.04%
Round 15 | Client 25 | Model: (ResNet18) | Acc: 6.49%
Round 15 | Client 26 | Model: (MobileNetV2) | Acc: 31.42%
Round 15 | Client 27 | Model: (MobileNetV3) | Acc: 35.18%
Round 15 | Client 28 | Model: (LeNet) | Acc: 5.83%
Round 15 | Client 29 | Model: (AlexNet) | Acc: 5.18%
Round 15 | Client 30 | Model: (ShuffleNet) | Acc: 41.84%
Round 15 | Client 31 | Model: (SqueezeNet) | Acc: 5.84%
[Server] Aggregating by Dataset Name ...
[Server] Training Feature-Based Global Generator...
[Server] Global Inference Model Acc (MNIST) (Round 15): 98.90% (Tested on 9095 samples)
[Server] Global Inference Model Acc (FashionMNIST) (Round 15): 89.14% (Tested on 9100 samples)
[Server] Global Inference Model Acc (EMNIST) (Round 15): 78.93% (Tested on 105779 samples)
[Server] Global Inference Model Acc (Mix) (Round 15): 81.14% (Tested on 123974 samples)
Selected client ids: [0, 1, 2, 3, 4, 5, 6, 7, 8, 9, 10, 11, 12, 13, 14, 15, 16, 17, 18, 19, 20, 21, 22, 23, 24, 25, 26, 27, 28, 29]
--- Round 16 ---
Round 16 | Client 0 | Model: (MLP) | Acc: 10.58%
Round 16 | Client 1 | Model: (CNN) | Acc: 96.57%
Round 16 | Client 2 | Model: (ResNet8) | Acc: 95.58%
Round 16 | Client 3 | Model: (ResNet18) | Acc: 95.25%
Round 16 | Client 4 | Model: (MobileNetV2) | Acc: 11.67%
Round 16 | Client 5 | Model: (MobileNetV3) | Acc: 88.41%
Round 16 | Client 6 | Model: (LeNet) | Acc: 96.17%
Round 16 | Client 7 | Model: (AlexNet) | Acc: 12.63%
Round 16 | Client 8 | Model: (ShuffleNet) | Acc: 64.03%
Round 16 | Client 9 | Model: (SqueezeNet) | Acc: 11.15%
Round 16 | Client 11 | Model: (MLP) | Acc: 10.62%
Round 16 | Client 12 | Model: (CNN) | Acc: 83.03%
Round 16 | Client 13 | Model: (ResNet8) | Acc: 83.78%
Round 16 | Client 14 | Model: (ResNet18) | Acc: 74.92%
Round 16 | Client 15 | Model: (MobileNetV2) | Acc: 73.45%
Round 16 | Client 16 | Model: (MobileNetV3) | Acc: 79.31%
Round 16 | Client 17 | Model: (LeNet) | Acc: 75.81%
Round 16 | Client 18 | Model: (AlexNet) | Acc: 11.05%
Round 16 | Client 19 | Model: (ShuffleNet) | Acc: 79.89%
Round 16 | Client 20 | Model: (SqueezeNet) | Acc: 38.35%
Round 16 | Client 22 | Model: (MLP) | Acc: 5.86%
Round 16 | Client 23 | Model: (CNN) | Acc: 51.16%
Round 16 | Client 24 | Model: (ResNet8) | Acc: 48.88%
Round 16 | Client 25 | Model: (ResNet18) | Acc: 6.49%
Round 16 | Client 26 | Model: (MobileNetV2) | Acc: 33.02%
Round 16 | Client 27 | Model: (MobileNetV3) | Acc: 35.30%
Round 16 | Client 28 | Model: (LeNet) | Acc: 5.83%
Round 16 | Client 29 | Model: (AlexNet) | Acc: 5.18%
Round 16 | Client 30 | Model: (ShuffleNet) | Acc: 44.03%
Round 16 | Client 31 | Model: (SqueezeNet) | Acc: 5.84%
[Server] Aggregating by Dataset Name ...
[Server] Training Feature-Based Global Generator...
[Server] Global Inference Model Acc (MNIST) (Round 16): 99.13% (Tested on 9095 samples)
[Server] Global Inference Model Acc (FashionMNIST) (Round 16): 88.90% (Tested on 9100 samples)
[Server] Global Inference Model Acc (EMNIST) (Round 16): 79.25% (Tested on 105779 samples)
[Server] Global Inference Model Acc (Mix) (Round 16): 81.42% (Tested on 123974 samples)
Selected client ids: [0, 1, 2, 3, 4, 5, 6, 7, 8, 9, 10, 11, 12, 13, 14, 15, 16, 17, 18, 19, 20, 21, 22, 23, 24, 25, 26, 27, 28, 29]
--- Round 17 ---
Round 17 | Client 0 | Model: (MLP) | Acc: 10.58%
Round 17 | Client 1 | Model: (CNN) | Acc: 97.01%
Round 17 | Client 2 | Model: (ResNet8) | Acc: 95.70%
Round 17 | Client 3 | Model: (ResNet18) | Acc: 95.81%
Round 17 | Client 4 | Model: (MobileNetV2) | Acc: 11.67%
Round 17 | Client 5 | Model: (MobileNetV3) | Acc: 88.74%
Round 17 | Client 6 | Model: (LeNet) | Acc: 96.50%
Round 17 | Client 7 | Model: (AlexNet) | Acc: 12.63%
Round 17 | Client 8 | Model: (ShuffleNet) | Acc: 67.71%
Round 17 | Client 9 | Model: (SqueezeNet) | Acc: 11.04%
Round 17 | Client 11 | Model: (MLP) | Acc: 10.62%
Round 17 | Client 12 | Model: (CNN) | Acc: 82.49%
Round 17 | Client 13 | Model: (ResNet8) | Acc: 83.35%
Round 17 | Client 14 | Model: (ResNet18) | Acc: 76.69%
Round 17 | Client 15 | Model: (MobileNetV2) | Acc: 71.86%
Round 17 | Client 16 | Model: (MobileNetV3) | Acc: 79.53%
Round 17 | Client 17 | Model: (LeNet) | Acc: 76.59%
Round 17 | Client 18 | Model: (AlexNet) | Acc: 11.05%
Round 17 | Client 19 | Model: (ShuffleNet) | Acc: 80.45%
Round 17 | Client 20 | Model: (SqueezeNet) | Acc: 56.49%
Round 17 | Client 22 | Model: (MLP) | Acc: 5.86%
Round 17 | Client 23 | Model: (CNN) | Acc: 50.56%
Round 17 | Client 24 | Model: (ResNet8) | Acc: 51.12%
Round 17 | Client 25 | Model: (ResNet18) | Acc: 6.49%
Round 17 | Client 26 | Model: (MobileNetV2) | Acc: 36.71%
Round 17 | Client 27 | Model: (MobileNetV3) | Acc: 34.64%
Round 17 | Client 28 | Model: (LeNet) | Acc: 5.83%
Round 17 | Client 29 | Model: (AlexNet) | Acc: 5.44%
Round 17 | Client 30 | Model: (ShuffleNet) | Acc: 45.38%
Round 17 | Client 31 | Model: (SqueezeNet) | Acc: 5.84%
[Server] Aggregating by Dataset Name ...
[Server] Training Feature-Based Global Generator...
[Server] Global Inference Model Acc (MNIST) (Round 17): 99.08% (Tested on 9095 samples)
[Server] Global Inference Model Acc (FashionMNIST) (Round 17): 86.40% (Tested on 9100 samples)
[Server] Global Inference Model Acc (EMNIST) (Round 17): 77.18% (Tested on 105779 samples)
[Server] Global Inference Model Acc (Mix) (Round 17): 79.46% (Tested on 123974 samples)
Selected client ids: [0, 1, 2, 3, 4, 5, 6, 7, 8, 9, 10, 11, 12, 13, 14, 15, 16, 17, 18, 19, 20, 21, 22, 23, 24, 25, 26, 27, 28, 29]
--- Round 18 ---
Round 18 | Client 0 | Model: (MLP) | Acc: 10.58%
Round 18 | Client 1 | Model: (CNN) | Acc: 96.46%
Round 18 | Client 2 | Model: (ResNet8) | Acc: 96.04%
Round 18 | Client 3 | Model: (ResNet18) | Acc: 97.40%
Round 18 | Client 4 | Model: (MobileNetV2) | Acc: 11.67%
Round 18 | Client 5 | Model: (MobileNetV3) | Acc: 88.85%
Round 18 | Client 6 | Model: (LeNet) | Acc: 96.83%
Round 18 | Client 7 | Model: (AlexNet) | Acc: 12.63%
Round 18 | Client 8 | Model: (ShuffleNet) | Acc: 71.16%
Round 18 | Client 9 | Model: (SqueezeNet) | Acc: 11.37%
Round 18 | Client 11 | Model: (MLP) | Acc: 10.62%
Round 18 | Client 12 | Model: (CNN) | Acc: 82.38%
Round 18 | Client 13 | Model: (ResNet8) | Acc: 85.06%
Round 18 | Client 14 | Model: (ResNet18) | Acc: 76.80%
Round 18 | Client 15 | Model: (MobileNetV2) | Acc: 63.50%
Round 18 | Client 16 | Model: (MobileNetV3) | Acc: 79.53%
Round 18 | Client 17 | Model: (LeNet) | Acc: 76.03%
Round 18 | Client 18 | Model: (AlexNet) | Acc: 11.05%
Round 18 | Client 19 | Model: (ShuffleNet) | Acc: 81.92%
Round 18 | Client 20 | Model: (SqueezeNet) | Acc: 62.99%
Round 18 | Client 22 | Model: (MLP) | Acc: 5.86%
Round 18 | Client 23 | Model: (CNN) | Acc: 49.91%
Round 18 | Client 24 | Model: (ResNet8) | Acc: 54.01%
Round 18 | Client 25 | Model: (ResNet18) | Acc: 6.49%
Round 18 | Client 26 | Model: (MobileNetV2) | Acc: 39.75%
Round 18 | Client 27 | Model: (MobileNetV3) | Acc: 36.71%
Round 18 | Client 28 | Model: (LeNet) | Acc: 5.83%
Round 18 | Client 29 | Model: (AlexNet) | Acc: 5.44%
Round 18 | Client 30 | Model: (ShuffleNet) | Acc: 44.13%
Round 18 | Client 31 | Model: (SqueezeNet) | Acc: 5.84%
[Server] Aggregating by Dataset Name ...
[Server] Training Feature-Based Global Generator...
[Server] Global Inference Model Acc (MNIST) (Round 18): 99.09% (Tested on 9095 samples)
[Server] Global Inference Model Acc (FashionMNIST) (Round 18): 88.35% (Tested on 9100 samples)
[Server] Global Inference Model Acc (EMNIST) (Round 18): 79.55% (Tested on 105779 samples)
[Server] Global Inference Model Acc (Mix) (Round 18): 81.63% (Tested on 123974 samples)
Selected client ids: [0, 1, 2, 3, 4, 5, 6, 7, 8, 9, 10, 11, 12, 13, 14, 15, 16, 17, 18, 19, 20, 21, 22, 23, 24, 25, 26, 27, 28, 29]
--- Round 19 ---
Round 19 | Client 0 | Model: (MLP) | Acc: 10.58%
Round 19 | Client 1 | Model: (CNN) | Acc: 97.12%
Round 19 | Client 2 | Model: (ResNet8) | Acc: 96.38%
Round 19 | Client 3 | Model: (ResNet18) | Acc: 97.29%
Round 19 | Client 4 | Model: (MobileNetV2) | Acc: 11.67%
Round 19 | Client 5 | Model: (MobileNetV3) | Acc: 89.63%
Round 19 | Client 6 | Model: (LeNet) | Acc: 96.72%
Round 19 | Client 7 | Model: (AlexNet) | Acc: 12.63%
Round 19 | Client 8 | Model: (ShuffleNet) | Acc: 73.05%
Round 19 | Client 9 | Model: (SqueezeNet) | Acc: 11.37%
Round 19 | Client 11 | Model: (MLP) | Acc: 10.62%
Round 19 | Client 12 | Model: (CNN) | Acc: 83.78%
Round 19 | Client 13 | Model: (ResNet8) | Acc: 84.85%
Round 19 | Client 14 | Model: (ResNet18) | Acc: 77.02%
Round 19 | Client 15 | Model: (MobileNetV2) | Acc: 60.45%
Round 19 | Client 16 | Model: (MobileNetV3) | Acc: 79.10%
Round 19 | Client 17 | Model: (LeNet) | Acc: 76.25%
Round 19 | Client 18 | Model: (AlexNet) | Acc: 11.05%
Round 19 | Client 19 | Model: (ShuffleNet) | Acc: 82.71%
Round 19 | Client 20 | Model: (SqueezeNet) | Acc: 45.05%
Round 19 | Client 22 | Model: (MLP) | Acc: 5.86%
Round 19 | Client 23 | Model: (CNN) | Acc: 50.38%
Round 19 | Client 24 | Model: (ResNet8) | Acc: 53.09%
Round 19 | Client 25 | Model: (ResNet18) | Acc: 6.49%
Round 19 | Client 26 | Model: (MobileNetV2) | Acc: 42.96%
Round 19 | Client 27 | Model: (MobileNetV3) | Acc: 35.28%
Round 19 | Client 28 | Model: (LeNet) | Acc: 5.83%
Round 19 | Client 29 | Model: (AlexNet) | Acc: 5.44%
Round 19 | Client 30 | Model: (ShuffleNet) | Acc: 45.19%
Round 19 | Client 31 | Model: (SqueezeNet) | Acc: 5.84%
[Server] Aggregating by Dataset Name ...
[Server] Training Feature-Based Global Generator...
[Server] Global Inference Model Acc (MNIST) (Round 19): 99.23% (Tested on 9095 samples)
[Server] Global Inference Model Acc (FashionMNIST) (Round 19): 88.51% (Tested on 9100 samples)
[Server] Global Inference Model Acc (EMNIST) (Round 19): 78.91% (Tested on 105779 samples)
[Server] Global Inference Model Acc (Mix) (Round 19): 81.11% (Tested on 123974 samples)
Selected client ids: [0, 1, 2, 3, 4, 5, 6, 7, 8, 9, 10, 11, 12, 13, 14, 15, 16, 17, 18, 19, 20, 21, 22, 23, 24, 25, 26, 27, 28, 29]
--- Round 20 ---
Round 20 | Client 0 | Model: (MLP) | Acc: 10.58%
Round 20 | Client 1 | Model: (CNN) | Acc: 96.90%
Round 20 | Client 2 | Model: (ResNet8) | Acc: 96.60%
Round 20 | Client 3 | Model: (ResNet18) | Acc: 97.29%
Round 20 | Client 4 | Model: (MobileNetV2) | Acc: 11.67%
Round 20 | Client 5 | Model: (MobileNetV3) | Acc: 90.19%
Round 20 | Client 6 | Model: (LeNet) | Acc: 96.28%
Round 20 | Client 7 | Model: (AlexNet) | Acc: 12.63%
Round 20 | Client 8 | Model: (ShuffleNet) | Acc: 73.39%
Round 20 | Client 9 | Model: (SqueezeNet) | Acc: 11.04%
Round 20 | Client 11 | Model: (MLP) | Acc: 10.62%
Round 20 | Client 12 | Model: (CNN) | Acc: 84.32%
Round 20 | Client 13 | Model: (ResNet8) | Acc: 85.38%
Round 20 | Client 14 | Model: (ResNet18) | Acc: 77.35%
Round 20 | Client 15 | Model: (MobileNetV2) | Acc: 72.88%
Round 20 | Client 16 | Model: (MobileNetV3) | Acc: 79.74%
Round 20 | Client 17 | Model: (LeNet) | Acc: 78.26%
Round 20 | Client 18 | Model: (AlexNet) | Acc: 11.05%
Round 20 | Client 19 | Model: (ShuffleNet) | Acc: 82.82%
Round 20 | Client 20 | Model: (SqueezeNet) | Acc: 48.66%
Round 20 | Client 22 | Model: (MLP) | Acc: 5.86%
Round 20 | Client 23 | Model: (CNN) | Acc: 51.57%
Round 20 | Client 24 | Model: (ResNet8) | Acc: 52.96%
Round 20 | Client 25 | Model: (ResNet18) | Acc: 6.49%
Round 20 | Client 26 | Model: (MobileNetV2) | Acc: 44.03%
Round 20 | Client 27 | Model: (MobileNetV3) | Acc: 38.65%
Round 20 | Client 28 | Model: (LeNet) | Acc: 5.83%
Round 20 | Client 29 | Model: (AlexNet) | Acc: 5.44%
Round 20 | Client 30 | Model: (ShuffleNet) | Acc: 45.77%
Round 20 | Client 31 | Model: (SqueezeNet) | Acc: 5.84%
[Server] Aggregating by Dataset Name ...
[Server] Training Feature-Based Global Generator...
[Server] Global Inference Model Acc (MNIST) (Round 20): 99.40% (Tested on 9095 samples)
[Server] Global Inference Model Acc (FashionMNIST) (Round 20): 88.86% (Tested on 9100 samples)
[Server] Global Inference Model Acc (EMNIST) (Round 20): 76.85% (Tested on 105779 samples)
[Server] Global Inference Model Acc (Mix) (Round 20): 79.39% (Tested on 123974 samples)
Selected client ids: [0, 1, 2, 3, 4, 5, 6, 7, 8, 9, 10, 11, 12, 13, 14, 15, 16, 17, 18, 19, 20, 21, 22, 23, 24, 25, 26, 27, 28, 29]
--- Round 21 ---
Round 21 | Client 0 | Model: (MLP) | Acc: 10.58%
Round 21 | Client 1 | Model: (CNN) | Acc: 97.12%
Round 21 | Client 2 | Model: (ResNet8) | Acc: 96.83%
Round 21 | Client 3 | Model: (ResNet18) | Acc: 97.74%
Round 21 | Client 4 | Model: (MobileNetV2) | Acc: 11.67%
Round 21 | Client 5 | Model: (MobileNetV3) | Acc: 90.64%
Round 21 | Client 6 | Model: (LeNet) | Acc: 96.61%
Round 21 | Client 7 | Model: (AlexNet) | Acc: 12.63%
Round 21 | Client 8 | Model: (ShuffleNet) | Acc: 77.51%
Round 21 | Client 9 | Model: (SqueezeNet) | Acc: 11.37%
Round 21 | Client 11 | Model: (MLP) | Acc: 10.62%
Round 21 | Client 12 | Model: (CNN) | Acc: 83.24%
Round 21 | Client 13 | Model: (ResNet8) | Acc: 85.38%
Round 21 | Client 14 | Model: (ResNet18) | Acc: 77.79%
Round 21 | Client 15 | Model: (MobileNetV2) | Acc: 72.66%
Round 21 | Client 16 | Model: (MobileNetV3) | Acc: 79.42%
Round 21 | Client 17 | Model: (LeNet) | Acc: 76.81%
Round 21 | Client 18 | Model: (AlexNet) | Acc: 11.05%
Round 21 | Client 19 | Model: (ShuffleNet) | Acc: 81.47%
Round 21 | Client 20 | Model: (SqueezeNet) | Acc: 41.96%
Round 21 | Client 22 | Model: (MLP) | Acc: 5.86%
Round 21 | Client 23 | Model: (CNN) | Acc: 51.07%
Round 21 | Client 24 | Model: (ResNet8) | Acc: 54.54%
Round 21 | Client 25 | Model: (ResNet18) | Acc: 6.49%
Round 21 | Client 26 | Model: (MobileNetV2) | Acc: 36.31%
Round 21 | Client 27 | Model: (MobileNetV3) | Acc: 37.25%
Round 21 | Client 28 | Model: (LeNet) | Acc: 5.83%
Round 21 | Client 29 | Model: (AlexNet) | Acc: 5.44%
Round 21 | Client 30 | Model: (ShuffleNet) | Acc: 45.89%
Round 21 | Client 31 | Model: (SqueezeNet) | Acc: 5.84%
[Server] Aggregating by Dataset Name ...
[Server] Training Feature-Based Global Generator...
[Server] Global Inference Model Acc (MNIST) (Round 21): 98.93% (Tested on 9095 samples)
[Server] Global Inference Model Acc (FashionMNIST) (Round 21): 89.27% (Tested on 9100 samples)
[Server] Global Inference Model Acc (EMNIST) (Round 21): 79.73% (Tested on 105779 samples)
[Server] Global Inference Model Acc (Mix) (Round 21): 81.84% (Tested on 123974 samples)
Selected client ids: [0, 1, 2, 3, 4, 5, 6, 7, 8, 9, 10, 11, 12, 13, 14, 15, 16, 17, 18, 19, 20, 21, 22, 23, 24, 25, 26, 27, 28, 29]
--- Round 22 ---
Round 22 | Client 0 | Model: (MLP) | Acc: 10.58%
Round 22 | Client 1 | Model: (CNN) | Acc: 97.23%
Round 22 | Client 2 | Model: (ResNet8) | Acc: 96.72%
Round 22 | Client 3 | Model: (ResNet18) | Acc: 97.85%
Round 22 | Client 4 | Model: (MobileNetV2) | Acc: 11.67%
Round 22 | Client 5 | Model: (MobileNetV3) | Acc: 90.97%
Round 22 | Client 6 | Model: (LeNet) | Acc: 97.05%
Round 22 | Client 7 | Model: (AlexNet) | Acc: 12.63%
Round 22 | Client 8 | Model: (ShuffleNet) | Acc: 79.96%
Round 22 | Client 9 | Model: (SqueezeNet) | Acc: 11.15%
Round 22 | Client 11 | Model: (MLP) | Acc: 10.62%
Round 22 | Client 12 | Model: (CNN) | Acc: 84.43%
Round 22 | Client 13 | Model: (ResNet8) | Acc: 86.23%
Round 22 | Client 14 | Model: (ResNet18) | Acc: 78.90%
Round 22 | Client 15 | Model: (MobileNetV2) | Acc: 67.23%
Round 22 | Client 16 | Model: (MobileNetV3) | Acc: 80.60%
Round 22 | Client 17 | Model: (LeNet) | Acc: 77.70%
Round 22 | Client 18 | Model: (AlexNet) | Acc: 11.05%
Round 22 | Client 19 | Model: (ShuffleNet) | Acc: 80.68%
Round 22 | Client 20 | Model: (SqueezeNet) | Acc: 30.10%
Round 22 | Client 22 | Model: (MLP) | Acc: 5.86%
Round 22 | Client 23 | Model: (CNN) | Acc: 50.44%
Round 22 | Client 24 | Model: (ResNet8) | Acc: 55.64%
Round 22 | Client 25 | Model: (ResNet18) | Acc: 6.49%
Round 22 | Client 26 | Model: (MobileNetV2) | Acc: 37.26%
Round 22 | Client 27 | Model: (MobileNetV3) | Acc: 38.33%
Round 22 | Client 28 | Model: (LeNet) | Acc: 5.83%
Round 22 | Client 29 | Model: (AlexNet) | Acc: 5.44%
Round 22 | Client 30 | Model: (ShuffleNet) | Acc: 47.13%
Round 22 | Client 31 | Model: (SqueezeNet) | Acc: 5.84%
[Server] Aggregating by Dataset Name ...
[Server] Training Feature-Based Global Generator...
[Server] Global Inference Model Acc (MNIST) (Round 22): 99.22% (Tested on 9095 samples)
[Server] Global Inference Model Acc (FashionMNIST) (Round 22): 89.89% (Tested on 9100 samples)
[Server] Global Inference Model Acc (EMNIST) (Round 22): 80.46% (Tested on 105779 samples)
[Server] Global Inference Model Acc (Mix) (Round 22): 82.53% (Tested on 123974 samples)
Selected client ids: [0, 1, 2, 3, 4, 5, 6, 7, 8, 9, 10, 11, 12, 13, 14, 15, 16, 17, 18, 19, 20, 21, 22, 23, 24, 25, 26, 27, 28, 29]
--- Round 23 ---
Round 23 | Client 0 | Model: (MLP) | Acc: 10.58%
Round 23 | Client 1 | Model: (CNN) | Acc: 96.68%
Round 23 | Client 2 | Model: (ResNet8) | Acc: 96.72%
Round 23 | Client 3 | Model: (ResNet18) | Acc: 97.62%
Round 23 | Client 4 | Model: (MobileNetV2) | Acc: 11.67%
Round 23 | Client 5 | Model: (MobileNetV3) | Acc: 91.19%
Round 23 | Client 6 | Model: (LeNet) | Acc: 96.39%
Round 23 | Client 7 | Model: (AlexNet) | Acc: 12.63%
Round 23 | Client 8 | Model: (ShuffleNet) | Acc: 80.62%
Round 23 | Client 9 | Model: (SqueezeNet) | Acc: 11.15%
Round 23 | Client 11 | Model: (MLP) | Acc: 10.62%
Round 23 | Client 12 | Model: (CNN) | Acc: 85.41%
Round 23 | Client 13 | Model: (ResNet8) | Acc: 85.91%
Round 23 | Client 14 | Model: (ResNet18) | Acc: 79.67%
Round 23 | Client 15 | Model: (MobileNetV2) | Acc: 60.23%
Round 23 | Client 16 | Model: (MobileNetV3) | Acc: 81.24%
Round 23 | Client 17 | Model: (LeNet) | Acc: 77.93%
Round 23 | Client 18 | Model: (AlexNet) | Acc: 11.05%
Round 23 | Client 19 | Model: (ShuffleNet) | Acc: 82.49%
Round 23 | Client 20 | Model: (SqueezeNet) | Acc: 35.46%
Round 23 | Client 22 | Model: (MLP) | Acc: 5.86%
Round 23 | Client 23 | Model: (CNN) | Acc: 51.00%
Round 23 | Client 24 | Model: (ResNet8) | Acc: 53.80%
Round 23 | Client 25 | Model: (ResNet18) | Acc: 6.49%
Round 23 | Client 26 | Model: (MobileNetV2) | Acc: 40.60%
Round 23 | Client 27 | Model: (MobileNetV3) | Acc: 39.13%
Round 23 | Client 28 | Model: (LeNet) | Acc: 5.83%
Round 23 | Client 29 | Model: (AlexNet) | Acc: 5.44%
Round 23 | Client 30 | Model: (ShuffleNet) | Acc: 46.38%
Round 23 | Client 31 | Model: (SqueezeNet) | Acc: 5.84%
[Server] Aggregating by Dataset Name ...
[Server] Training Feature-Based Global Generator...
[Server] Global Inference Model Acc (MNIST) (Round 23): 99.07% (Tested on 9095 samples)
[Server] Global Inference Model Acc (FashionMNIST) (Round 23): 89.43% (Tested on 9100 samples)
[Server] Global Inference Model Acc (EMNIST) (Round 23): 79.48% (Tested on 105779 samples)
[Server] Global Inference Model Acc (Mix) (Round 23): 81.65% (Tested on 123974 samples)
Selected client ids: [0, 1, 2, 3, 4, 5, 6, 7, 8, 9, 10, 11, 12, 13, 14, 15, 16, 17, 18, 19, 20, 21, 22, 23, 24, 25, 26, 27, 28, 29]
--- Round 24 ---
Round 24 | Client 0 | Model: (MLP) | Acc: 10.58%
Round 24 | Client 1 | Model: (CNN) | Acc: 97.56%
Round 24 | Client 2 | Model: (ResNet8) | Acc: 97.28%
Round 24 | Client 3 | Model: (ResNet18) | Acc: 97.74%
Round 24 | Client 4 | Model: (MobileNetV2) | Acc: 11.67%
Round 24 | Client 5 | Model: (MobileNetV3) | Acc: 91.53%
Round 24 | Client 6 | Model: (LeNet) | Acc: 97.16%
Round 24 | Client 7 | Model: (AlexNet) | Acc: 12.63%
Round 24 | Client 8 | Model: (ShuffleNet) | Acc: 81.74%
Round 24 | Client 9 | Model: (SqueezeNet) | Acc: 11.04%
Round 24 | Client 11 | Model: (MLP) | Acc: 10.62%
Round 24 | Client 12 | Model: (CNN) | Acc: 84.54%
Round 24 | Client 13 | Model: (ResNet8) | Acc: 86.02%
Round 24 | Client 14 | Model: (ResNet18) | Acc: 80.00%
Round 24 | Client 15 | Model: (MobileNetV2) | Acc: 63.73%
Round 24 | Client 16 | Model: (MobileNetV3) | Acc: 81.56%
Round 24 | Client 17 | Model: (LeNet) | Acc: 78.60%
Round 24 | Client 18 | Model: (AlexNet) | Acc: 11.05%
Round 24 | Client 19 | Model: (ShuffleNet) | Acc: 82.60%
Round 24 | Client 20 | Model: (SqueezeNet) | Acc: 35.46%
Round 24 | Client 22 | Model: (MLP) | Acc: 5.86%
Round 24 | Client 23 | Model: (CNN) | Acc: 52.87%
Round 24 | Client 24 | Model: (ResNet8) | Acc: 55.91%
Round 24 | Client 25 | Model: (ResNet18) | Acc: 6.49%
Round 24 | Client 26 | Model: (MobileNetV2) | Acc: 41.47%
Round 24 | Client 27 | Model: (MobileNetV3) | Acc: 39.93%
Round 24 | Client 28 | Model: (LeNet) | Acc: 5.83%
Round 24 | Client 29 | Model: (AlexNet) | Acc: 5.44%
Round 24 | Client 30 | Model: (ShuffleNet) | Acc: 48.45%
Round 24 | Client 31 | Model: (SqueezeNet) | Acc: 5.84%
[Server] Aggregating by Dataset Name ...
[Server] Training Feature-Based Global Generator...
[Server] Global Inference Model Acc (MNIST) (Round 24): 99.42% (Tested on 9095 samples)
[Server] Global Inference Model Acc (FashionMNIST) (Round 24): 90.03% (Tested on 9100 samples)
[Server] Global Inference Model Acc (EMNIST) (Round 24): 82.03% (Tested on 105779 samples)
[Server] Global Inference Model Acc (Mix) (Round 24): 83.89% (Tested on 123974 samples)
Selected client ids: [0, 1, 2, 3, 4, 5, 6, 7, 8, 9, 10, 11, 12, 13, 14, 15, 16, 17, 18, 19, 20, 21, 22, 23, 24, 25, 26, 27, 28, 29]
--- Round 25 ---
Round 25 | Client 0 | Model: (MLP) | Acc: 10.58%
Round 25 | Client 1 | Model: (CNN) | Acc: 97.45%
Round 25 | Client 2 | Model: (ResNet8) | Acc: 97.40%
Round 25 | Client 3 | Model: (ResNet18) | Acc: 97.96%
Round 25 | Client 4 | Model: (MobileNetV2) | Acc: 11.67%
Round 25 | Client 5 | Model: (MobileNetV3) | Acc: 91.64%
Round 25 | Client 6 | Model: (LeNet) | Acc: 97.26%
Round 25 | Client 7 | Model: (AlexNet) | Acc: 12.63%
Round 25 | Client 8 | Model: (ShuffleNet) | Acc: 80.96%
Round 25 | Client 9 | Model: (SqueezeNet) | Acc: 11.04%
Round 25 | Client 11 | Model: (MLP) | Acc: 10.62%
Round 25 | Client 12 | Model: (CNN) | Acc: 83.46%
Round 25 | Client 13 | Model: (ResNet8) | Acc: 87.09%
Round 25 | Client 14 | Model: (ResNet18) | Acc: 79.89%
Round 25 | Client 15 | Model: (MobileNetV2) | Acc: 64.63%
Round 25 | Client 16 | Model: (MobileNetV3) | Acc: 81.46%
Round 25 | Client 17 | Model: (LeNet) | Acc: 78.37%
Round 25 | Client 18 | Model: (AlexNet) | Acc: 11.05%
Round 25 | Client 19 | Model: (ShuffleNet) | Acc: 82.60%
Round 25 | Client 20 | Model: (SqueezeNet) | Acc: 38.87%
Round 25 | Client 22 | Model: (MLP) | Acc: 5.86%
Round 25 | Client 23 | Model: (CNN) | Acc: 53.32%
Round 25 | Client 24 | Model: (ResNet8) | Acc: 55.60%
Round 25 | Client 25 | Model: (ResNet18) | Acc: 6.49%
Round 25 | Client 26 | Model: (MobileNetV2) | Acc: 43.48%
Round 25 | Client 27 | Model: (MobileNetV3) | Acc: 39.03%
Round 25 | Client 28 | Model: (LeNet) | Acc: 5.83%
Round 25 | Client 29 | Model: (AlexNet) | Acc: 5.44%
Round 25 | Client 30 | Model: (ShuffleNet) | Acc: 47.74%
Round 25 | Client 31 | Model: (SqueezeNet) | Acc: 5.84%
[Server] Aggregating by Dataset Name ...
[Server] Training Feature-Based Global Generator...
[Server] Global Inference Model Acc (MNIST) (Round 25): 99.25% (Tested on 9095 samples)
[Server] Global Inference Model Acc (FashionMNIST) (Round 25): 89.57% (Tested on 9100 samples)
[Server] Global Inference Model Acc (EMNIST) (Round 25): 80.12% (Tested on 105779 samples)
[Server] Global Inference Model Acc (Mix) (Round 25): 82.22% (Tested on 123974 samples)
Selected client ids: [0, 1, 2, 3, 4, 5, 6, 7, 8, 9, 10, 11, 12, 13, 14, 15, 16, 17, 18, 19, 20, 21, 22, 23, 24, 25, 26, 27, 28, 29]
--- Round 26 ---
Round 26 | Client 0 | Model: (MLP) | Acc: 10.58%
Round 26 | Client 1 | Model: (CNN) | Acc: 97.01%
Round 26 | Client 2 | Model: (ResNet8) | Acc: 97.73%
Round 26 | Client 3 | Model: (ResNet18) | Acc: 98.53%
Round 26 | Client 4 | Model: (MobileNetV2) | Acc: 11.67%
Round 26 | Client 5 | Model: (MobileNetV3) | Acc: 91.86%
Round 26 | Client 6 | Model: (LeNet) | Acc: 97.16%
Round 26 | Client 7 | Model: (AlexNet) | Acc: 12.63%
Round 26 | Client 8 | Model: (ShuffleNet) | Acc: 82.63%
Round 26 | Client 9 | Model: (SqueezeNet) | Acc: 11.37%
Round 26 | Client 11 | Model: (MLP) | Acc: 10.62%
Round 26 | Client 12 | Model: (CNN) | Acc: 84.11%
Round 26 | Client 13 | Model: (ResNet8) | Acc: 85.91%
Round 26 | Client 14 | Model: (ResNet18) | Acc: 80.00%
Round 26 | Client 15 | Model: (MobileNetV2) | Acc: 66.55%
Round 26 | Client 16 | Model: (MobileNetV3) | Acc: 81.24%
Round 26 | Client 17 | Model: (LeNet) | Acc: 78.93%
Round 26 | Client 18 | Model: (AlexNet) | Acc: 11.05%
Round 26 | Client 19 | Model: (ShuffleNet) | Acc: 83.95%
Round 26 | Client 20 | Model: (SqueezeNet) | Acc: 44.33%
Round 26 | Client 22 | Model: (MLP) | Acc: 5.86%
Round 26 | Client 23 | Model: (CNN) | Acc: 51.55%
Round 26 | Client 24 | Model: (ResNet8) | Acc: 56.18%
Round 26 | Client 25 | Model: (ResNet18) | Acc: 6.49%
Round 26 | Client 26 | Model: (MobileNetV2) | Acc: 44.54%
Round 26 | Client 27 | Model: (MobileNetV3) | Acc: 38.63%
Round 26 | Client 28 | Model: (LeNet) | Acc: 5.83%
Round 26 | Client 29 | Model: (AlexNet) | Acc: 5.44%
Round 26 | Client 30 | Model: (ShuffleNet) | Acc: 46.77%
Round 26 | Client 31 | Model: (SqueezeNet) | Acc: 5.84%
[Server] Aggregating by Dataset Name ...
[Server] Training Feature-Based Global Generator...
[Server] Global Inference Model Acc (MNIST) (Round 26): 99.18% (Tested on 9095 samples)
[Server] Global Inference Model Acc (FashionMNIST) (Round 26): 89.87% (Tested on 9100 samples)
[Server] Global Inference Model Acc (EMNIST) (Round 26): 81.09% (Tested on 105779 samples)
[Server] Global Inference Model Acc (Mix) (Round 26): 83.06% (Tested on 123974 samples)
Selected client ids: [0, 1, 2, 3, 4, 5, 6, 7, 8, 9, 10, 11, 12, 13, 14, 15, 16, 17, 18, 19, 20, 21, 22, 23, 24, 25, 26, 27, 28, 29]
--- Round 27 ---
Round 27 | Client 0 | Model: (MLP) | Acc: 10.58%
Round 27 | Client 1 | Model: (CNN) | Acc: 97.45%
Round 27 | Client 2 | Model: (ResNet8) | Acc: 98.07%
Round 27 | Client 3 | Model: (ResNet18) | Acc: 98.42%
Round 27 | Client 4 | Model: (MobileNetV2) | Acc: 11.67%
Round 27 | Client 5 | Model: (MobileNetV3) | Acc: 92.20%
Round 27 | Client 6 | Model: (LeNet) | Acc: 97.48%
Round 27 | Client 7 | Model: (AlexNet) | Acc: 12.63%
Round 27 | Client 8 | Model: (ShuffleNet) | Acc: 82.74%
Round 27 | Client 9 | Model: (SqueezeNet) | Acc: 11.37%
Round 27 | Client 11 | Model: (MLP) | Acc: 11.30%
Round 27 | Client 12 | Model: (CNN) | Acc: 84.76%
Round 27 | Client 13 | Model: (ResNet8) | Acc: 86.77%
Round 27 | Client 14 | Model: (ResNet18) | Acc: 81.66%
Round 27 | Client 15 | Model: (MobileNetV2) | Acc: 65.42%
Round 27 | Client 16 | Model: (MobileNetV3) | Acc: 81.56%
Round 27 | Client 17 | Model: (LeNet) | Acc: 78.71%
Round 27 | Client 18 | Model: (AlexNet) | Acc: 11.05%
Round 27 | Client 19 | Model: (ShuffleNet) | Acc: 84.29%
Round 27 | Client 20 | Model: (SqueezeNet) | Acc: 41.65%
Round 27 | Client 22 | Model: (MLP) | Acc: 5.86%
Round 27 | Client 23 | Model: (CNN) | Acc: 54.56%
Round 27 | Client 24 | Model: (ResNet8) | Acc: 56.36%
Round 27 | Client 25 | Model: (ResNet18) | Acc: 6.49%
Round 27 | Client 26 | Model: (MobileNetV2) | Acc: 48.46%
Round 27 | Client 27 | Model: (MobileNetV3) | Acc: 40.47%
Round 27 | Client 28 | Model: (LeNet) | Acc: 5.83%
Round 27 | Client 29 | Model: (AlexNet) | Acc: 5.44%
Round 27 | Client 30 | Model: (ShuffleNet) | Acc: 46.47%
Round 27 | Client 31 | Model: (SqueezeNet) | Acc: 5.84%
[Server] Aggregating by Dataset Name ...
[Server] Training Feature-Based Global Generator...
[Server] Global Inference Model Acc (MNIST) (Round 27): 98.96% (Tested on 9095 samples)
[Server] Global Inference Model Acc (FashionMNIST) (Round 27): 91.02% (Tested on 9100 samples)
[Server] Global Inference Model Acc (EMNIST) (Round 27): 81.52% (Tested on 105779 samples)
[Server] Global Inference Model Acc (Mix) (Round 27): 83.49% (Tested on 123974 samples)
Selected client ids: [0, 1, 2, 3, 4, 5, 6, 7, 8, 9, 10, 11, 12, 13, 14, 15, 16, 17, 18, 19, 20, 21, 22, 23, 24, 25, 26, 27, 28, 29]
--- Round 28 ---
Round 28 | Client 0 | Model: (MLP) | Acc: 10.58%
Round 28 | Client 1 | Model: (CNN) | Acc: 97.56%
Round 28 | Client 2 | Model: (ResNet8) | Acc: 97.85%
Round 28 | Client 3 | Model: (ResNet18) | Acc: 97.51%
Round 28 | Client 4 | Model: (MobileNetV2) | Acc: 11.67%
Round 28 | Client 5 | Model: (MobileNetV3) | Acc: 91.64%
Round 28 | Client 6 | Model: (LeNet) | Acc: 96.83%
Round 28 | Client 7 | Model: (AlexNet) | Acc: 12.63%
Round 28 | Client 8 | Model: (ShuffleNet) | Acc: 81.29%
Round 28 | Client 9 | Model: (SqueezeNet) | Acc: 11.15%
Round 28 | Client 11 | Model: (MLP) | Acc: 11.30%
Round 28 | Client 12 | Model: (CNN) | Acc: 84.00%
Round 28 | Client 13 | Model: (ResNet8) | Acc: 87.94%
Round 28 | Client 14 | Model: (ResNet18) | Acc: 82.32%
Round 28 | Client 15 | Model: (MobileNetV2) | Acc: 70.40%
Round 28 | Client 16 | Model: (MobileNetV3) | Acc: 81.46%
Round 28 | Client 17 | Model: (LeNet) | Acc: 78.82%
Round 28 | Client 18 | Model: (AlexNet) | Acc: 11.05%
Round 28 | Client 19 | Model: (ShuffleNet) | Acc: 82.82%
Round 28 | Client 20 | Model: (SqueezeNet) | Acc: 29.07%
Round 28 | Client 22 | Model: (MLP) | Acc: 5.86%
Round 28 | Client 23 | Model: (CNN) | Acc: 54.68%
Round 28 | Client 24 | Model: (ResNet8) | Acc: 57.37%
Round 28 | Client 25 | Model: (ResNet18) | Acc: 6.49%
Round 28 | Client 26 | Model: (MobileNetV2) | Acc: 45.99%
Round 28 | Client 27 | Model: (MobileNetV3) | Acc: 41.34%
Round 28 | Client 28 | Model: (LeNet) | Acc: 5.83%
Round 28 | Client 29 | Model: (AlexNet) | Acc: 5.44%
Round 28 | Client 30 | Model: (ShuffleNet) | Acc: 43.70%
Round 28 | Client 31 | Model: (SqueezeNet) | Acc: 5.84%
[Server] Aggregating by Dataset Name ...
[Server] Training Feature-Based Global Generator...
[Server] Global Inference Model Acc (MNIST) (Round 28): 99.32% (Tested on 9095 samples)
[Server] Global Inference Model Acc (FashionMNIST) (Round 28): 90.38% (Tested on 9100 samples)
[Server] Global Inference Model Acc (EMNIST) (Round 28): 82.59% (Tested on 105779 samples)
[Server] Global Inference Model Acc (Mix) (Round 28): 84.39% (Tested on 123974 samples)
Selected client ids: [0, 1, 2, 3, 4, 5, 6, 7, 8, 9, 10, 11, 12, 13, 14, 15, 16, 17, 18, 19, 20, 21, 22, 23, 24, 25, 26, 27, 28, 29]
--- Round 29 ---
Round 29 | Client 0 | Model: (MLP) | Acc: 10.58%
Round 29 | Client 1 | Model: (CNN) | Acc: 97.45%
Round 29 | Client 2 | Model: (ResNet8) | Acc: 98.19%
Round 29 | Client 3 | Model: (ResNet18) | Acc: 98.42%
Round 29 | Client 4 | Model: (MobileNetV2) | Acc: 11.67%
Round 29 | Client 5 | Model: (MobileNetV3) | Acc: 91.86%
Round 29 | Client 6 | Model: (LeNet) | Acc: 97.05%
Round 29 | Client 7 | Model: (AlexNet) | Acc: 12.63%
Round 29 | Client 8 | Model: (ShuffleNet) | Acc: 85.75%
Round 29 | Client 9 | Model: (SqueezeNet) | Acc: 11.37%
Round 29 | Client 11 | Model: (MLP) | Acc: 11.30%
Round 29 | Client 12 | Model: (CNN) | Acc: 84.97%
Round 29 | Client 13 | Model: (ResNet8) | Acc: 88.05%
Round 29 | Client 14 | Model: (ResNet18) | Acc: 81.88%
Round 29 | Client 15 | Model: (MobileNetV2) | Acc: 68.14%
Round 29 | Client 16 | Model: (MobileNetV3) | Acc: 81.56%
Round 29 | Client 17 | Model: (LeNet) | Acc: 80.04%
Round 29 | Client 18 | Model: (AlexNet) | Acc: 11.05%
Round 29 | Client 19 | Model: (ShuffleNet) | Acc: 84.41%
Round 29 | Client 20 | Model: (SqueezeNet) | Acc: 37.94%
Round 29 | Client 22 | Model: (MLP) | Acc: 5.86%
Round 29 | Client 23 | Model: (CNN) | Acc: 53.08%
Round 29 | Client 24 | Model: (ResNet8) | Acc: 57.65%
Round 29 | Client 25 | Model: (ResNet18) | Acc: 6.49%
Round 29 | Client 26 | Model: (MobileNetV2) | Acc: 38.89%
Round 29 | Client 27 | Model: (MobileNetV3) | Acc: 40.27%
Round 29 | Client 28 | Model: (LeNet) | Acc: 5.83%
Round 29 | Client 29 | Model: (AlexNet) | Acc: 5.44%
Round 29 | Client 30 | Model: (ShuffleNet) | Acc: 46.74%
Round 29 | Client 31 | Model: (SqueezeNet) | Acc: 5.84%
[Server] Aggregating by Dataset Name ...
[Server] Training Feature-Based Global Generator...
[Server] Global Inference Model Acc (MNIST) (Round 29): 99.29% (Tested on 9095 samples)
[Server] Global Inference Model Acc (FashionMNIST) (Round 29): 90.90% (Tested on 9100 samples)
[Server] Global Inference Model Acc (EMNIST) (Round 29): 83.26% (Tested on 105779 samples)
[Server] Global Inference Model Acc (Mix) (Round 29): 85.00% (Tested on 123974 samples)
Selected client ids: [0, 1, 2, 3, 4, 5, 6, 7, 8, 9, 10, 11, 12, 13, 14, 15, 16, 17, 18, 19, 20, 21, 22, 23, 24, 25, 26, 27, 28, 29]
--- Round 30 ---
Round 30 | Client 0 | Model: (MLP) | Acc: 11.34%
Round 30 | Client 1 | Model: (CNN) | Acc: 97.67%
Round 30 | Client 2 | Model: (ResNet8) | Acc: 97.96%
Round 30 | Client 3 | Model: (ResNet18) | Acc: 99.10%
Round 30 | Client 4 | Model: (MobileNetV2) | Acc: 11.67%
Round 30 | Client 5 | Model: (MobileNetV3) | Acc: 92.42%
Round 30 | Client 6 | Model: (LeNet) | Acc: 97.26%
Round 30 | Client 7 | Model: (AlexNet) | Acc: 12.63%
Round 30 | Client 8 | Model: (ShuffleNet) | Acc: 86.86%
Round 30 | Client 9 | Model: (SqueezeNet) | Acc: 11.15%
Round 30 | Client 11 | Model: (MLP) | Acc: 11.30%
Round 30 | Client 12 | Model: (CNN) | Acc: 83.78%
Round 30 | Client 13 | Model: (ResNet8) | Acc: 88.15%
Round 30 | Client 14 | Model: (ResNet18) | Acc: 82.43%
Round 30 | Client 15 | Model: (MobileNetV2) | Acc: 66.10%
Round 30 | Client 16 | Model: (MobileNetV3) | Acc: 81.78%
Round 30 | Client 17 | Model: (LeNet) | Acc: 80.49%
Round 30 | Client 18 | Model: (AlexNet) | Acc: 11.05%
Round 30 | Client 19 | Model: (ShuffleNet) | Acc: 83.16%
Round 30 | Client 20 | Model: (SqueezeNet) | Acc: 31.13%
Round 30 | Client 22 | Model: (MLP) | Acc: 5.86%
Round 30 | Client 23 | Model: (CNN) | Acc: 53.20%
Round 30 | Client 24 | Model: (ResNet8) | Acc: 57.44%
Round 30 | Client 25 | Model: (ResNet18) | Acc: 6.49%
Round 30 | Client 26 | Model: (MobileNetV2) | Acc: 45.67%
Round 30 | Client 27 | Model: (MobileNetV3) | Acc: 41.40%
Round 30 | Client 28 | Model: (LeNet) | Acc: 5.83%
Round 30 | Client 29 | Model: (AlexNet) | Acc: 5.44%
Round 30 | Client 30 | Model: (ShuffleNet) | Acc: 47.62%
Round 30 | Client 31 | Model: (SqueezeNet) | Acc: 5.84%
[Server] Aggregating by Dataset Name ...
[Server] Training Feature-Based Global Generator...
[Server] Global Inference Model Acc (MNIST) (Round 30): 99.34% (Tested on 9095 samples)
[Server] Global Inference Model Acc (FashionMNIST) (Round 30): 90.55% (Tested on 9100 samples)
[Server] Global Inference Model Acc (EMNIST) (Round 30): 83.57% (Tested on 105779 samples)
[Server] Global Inference Model Acc (Mix) (Round 30): 85.24% (Tested on 123974 samples)
Saving UDON Server Checkpoints ...
[Server] All clients saved in logs/2026-05-12_02-19-31/FedTED/clients_last_round_checkpoints/
==============================    Finished. Total Time: 3:17:55    ==============================
