Time: 2026-04-23 10:27:14
Log Dir: /home/unshun/multi-FL/logs/2026-04-22_20-14-57/new_client_2026-04-23_10-27-14/
================================================================================Loading checkpoints from logs/2026-04-22_20-14-57/GeFL/
Method selected: GeFL
Loaded MLP for MNIST from client_model_MNIST_c0_MLP.pth
Loaded LeNet for MNIST from client_model_MNIST_c6_LeNet.pth
Loaded ShuffleNet for MNIST from client_model_MNIST_c8_ShuffleNet.pth
Loaded MobileNetV2 for MNIST from client_model_MNIST_c4_MobileNetV2.pth
Loaded ResNet8 for MNIST from client_model_MNIST_c2_ResNet8.pth
Loaded CNN for MNIST from client_model_MNIST_c1_CNN.pth
Loaded ResNet18 for MNIST from client_model_MNIST_c3_ResNet18.pth
Loaded SqueezeNet for MNIST from client_model_MNIST_c9_SqueezeNet.pth
Loaded AlexNet for MNIST from client_model_MNIST_c7_AlexNet.pth
Loaded MobileNetV3 for MNIST from client_model_MNIST_c5_MobileNetV3.pth
Loaded ShuffleNet for EMNIST from client_model_EMNIST_c19_ShuffleNet.pth
Loaded MobileNetV2 for EMNIST from client_model_EMNIST_c15_MobileNetV2.pth
Loaded AlexNet for EMNIST from client_model_EMNIST_c18_AlexNet.pth
Loaded SqueezeNet for EMNIST from client_model_EMNIST_c20_SqueezeNet.pth
Loaded MobileNetV3 for EMNIST from client_model_EMNIST_c16_MobileNetV3.pth
Loaded ResNet18 for EMNIST from client_model_EMNIST_c14_ResNet18.pth
Loaded ResNet8 for EMNIST from client_model_EMNIST_c13_ResNet8.pth
Loaded CNN for EMNIST from client_model_EMNIST_c12_CNN.pth
Loaded MLP for EMNIST from client_model_EMNIST_c11_MLP.pth
Loaded LeNet for EMNIST from client_model_EMNIST_c17_LeNet.pth
Loaded SqueezeNet for CIFAR10 from client_model_CIFAR10_c31_SqueezeNet.pth
Loaded MLP for CIFAR10 from client_model_CIFAR10_c22_MLP.pth
Loaded ResNet8 for CIFAR10 from client_model_CIFAR10_c24_ResNet8.pth
Loaded CNN for CIFAR10 from client_model_CIFAR10_c23_CNN.pth
Loaded ResNet18 for CIFAR10 from client_model_CIFAR10_c25_ResNet18.pth
Loaded MobileNetV2 for CIFAR10 from client_model_CIFAR10_c26_MobileNetV2.pth
Loaded LeNet for CIFAR10 from client_model_CIFAR10_c28_LeNet.pth
Loaded ShuffleNet for CIFAR10 from client_model_CIFAR10_c30_ShuffleNet.pth
Loaded MobileNetV3 for CIFAR10 from client_model_CIFAR10_c27_MobileNetV3.pth
Loaded AlexNet for CIFAR10 from client_model_CIFAR10_c29_AlexNet.pth
WARNING: No models loaded for dataset: FashionMNIST.
WARNING: No models loaded for dataset: CIFAR100.
>>> Loaded client data distributions directly from server checkpoint.

========================================
>>> [METHOD: SYNTHETIC] Starting Synthetic Label Mapping...
========================================
>>> Target Methods to Run: ['GeFL']
>>> [Syn] Loaded client data distributions directly from server checkpoint.

########################################
>>> [Syn] Running Method: GeFL
########################################

>>> Syn-GeFL Training New Generators...
-> [SUCCESS] Loaded GeFL GAN generator for MNIST from logs/2026-04-22_20-14-57/GeFL/global_gans/MNIST_GAN.pth
-> [SUCCESS] Loaded GeFL GAN generator for EMNIST from logs/2026-04-22_20-14-57/GeFL/global_gans/EMNIST_GAN.pth
-> [SUCCESS] Loaded GeFL GAN generator for CIFAR10 from logs/2026-04-22_20-14-57/GeFL/global_gans/CIFAR10_GAN.pth
Exp (Syn): GeFL Gen + Old Ent (0.1)
dynamic_entropy_ratio: 0.1
Exp (Syn): GeFL Gen + Old Ent (0.15)
dynamic_entropy_ratio: 0.15
Exp (Syn): GeFL Gen + Old Ent (0.2)
dynamic_entropy_ratio: 0.2
Exp (Syn): GeFL Gen + Old Ent (0.25)
dynamic_entropy_ratio: 0.25
Exp (Syn): GeFL Gen + Old Ent (0.3)
dynamic_entropy_ratio: 0.3
Exp (Syn): GeFL Gen + Old Ent (0.35)
dynamic_entropy_ratio: 0.35
Exp (Syn): GeFL Gen + Old Ent (0.4)
dynamic_entropy_ratio: 0.4
Exp (Syn): GeFL Gen + Old Ent (0.45)
dynamic_entropy_ratio: 0.45
Exp (Syn): GeFL Gen + Old Ent (0.5)
dynamic_entropy_ratio: 0.5
Exp (Syn): GeFL Gen + Old Ent (0.55)
dynamic_entropy_ratio: 0.55
Exp (Syn): GeFL Gen + Old Ent (0.6)
dynamic_entropy_ratio: 0.6
Exp (Syn): GeFL Gen + Old Ent (0.65)
dynamic_entropy_ratio: 0.65
Exp (Syn): GeFL Gen + Old Ent (0.7)
dynamic_entropy_ratio: 0.7
Exp (Syn): GeFL Gen + Old Ent (0.75)
dynamic_entropy_ratio: 0.75
Exp (Syn): GeFL Gen + Old Ent (0.8)
dynamic_entropy_ratio: 0.8
Exp (Syn): GeFL Gen + Old Ent (0.85)
dynamic_entropy_ratio: 0.85
Exp (Syn): GeFL Gen + Old Ent (0.9)
dynamic_entropy_ratio: 0.9
Exp (Syn): GeFL Gen + Old Ent (0.95)
dynamic_entropy_ratio: 0.95
Exp (Syn): GeFL Gen + Old Ent (1.0)
dynamic_entropy_ratio: 1.0
Exp (Syn): GeFL Gen + New Ent (0.1)
dynamic_entropy_ratio: 0.1
Exp (Syn): GeFL Gen + New Ent (0.15)
dynamic_entropy_ratio: 0.15
Exp (Syn): GeFL Gen + New Ent (0.2)
dynamic_entropy_ratio: 0.2
Exp (Syn): GeFL Gen + New Ent (0.25)
dynamic_entropy_ratio: 0.25
Exp (Syn): GeFL Gen + New Ent (0.3)
dynamic_entropy_ratio: 0.3
Exp (Syn): GeFL Gen + New Ent (0.35)
dynamic_entropy_ratio: 0.35
Exp (Syn): GeFL Gen + New Ent (0.4)
dynamic_entropy_ratio: 0.4
Exp (Syn): GeFL Gen + New Ent (0.45)
dynamic_entropy_ratio: 0.45
Exp (Syn): GeFL Gen + New Ent (0.5)
dynamic_entropy_ratio: 0.5
Exp (Syn): GeFL Gen + New Ent (0.55)
dynamic_entropy_ratio: 0.55
Exp (Syn): GeFL Gen + New Ent (0.6)
dynamic_entropy_ratio: 0.6
Exp (Syn): GeFL Gen + New Ent (0.65)
dynamic_entropy_ratio: 0.65
Exp (Syn): GeFL Gen + New Ent (0.7)
dynamic_entropy_ratio: 0.7
Exp (Syn): GeFL Gen + New Ent (0.75)
dynamic_entropy_ratio: 0.75
Exp (Syn): GeFL Gen + New Ent (0.8)
dynamic_entropy_ratio: 0.8
Exp (Syn): GeFL Gen + New Ent (0.85)
dynamic_entropy_ratio: 0.85
Exp (Syn): GeFL Gen + New Ent (0.9)
dynamic_entropy_ratio: 0.9
Exp (Syn): GeFL Gen + New Ent (0.95)
dynamic_entropy_ratio: 0.95
Exp (Syn): GeFL Gen + New Ent (1.0)
dynamic_entropy_ratio: 1.0
