Time: 2026-06-15 15:23:29
Log Dir: logs/2026-06-15_15-23-29/GeFL_DDPM_baseline_total
================================================================================

==============================        Args        ==============================
  exp_timestamp: None
  exp_conf: ./configs/het-iid-exp.yaml
  device: cuda:0
  seed: 15698
  algorithm: GeFL_DDPM_baseline_total
  num_new_clients: 1
  num_train_mnist: 10
  num_train_emnist: 10
  num_train_fashionmnist: 0
  num_train_cifar10: 10
  num_train_cifar100: 0
  num_train_usps: 0
  label_mapping: image-bi
================================================================================
==============================    Exp Configs     ==============================
exp_name: model-heterogeneity
heterogeneous: true
dirichlet_alpha: 100
global_rounds: 50
local_epochs: 1
local_loss_fn: CrossEntropyLoss
local_optim: Adam
local_lr: 0.001
batch_size: 64
sample_frac: 1.0
test_interval: 1
metric_type: accuracy
global_feature_dim: 256
optim: Adam
optim_lr: 0.001
global_gen_epochs: 10
gen_noise_dim: 128
gen_optim: Adam
gen_optim_lr: 0.001
global_feat_gen_epochs: 10
feat_gen_noise_dim: 128
feat_gen_optim: Adam
feat_gen_optim_lr: 0.001
feat_gen_div_beta: 1.0
public_data_ratio: 0.05
start_mapping_epoch: 20
gen_observer_weight: 0.0
index_matching: class_name
aggregate_method: dataset_name
use_new_entropy_method: true
entropy_ratio: 0.7
cs_threshold: 0.9
global_model_epochs: 5
global_model_optim: Adam
global_model_optim_lr: 0.0001
global_samples_per_class: 64

================================================================================

==================================================
Start 50 rounds training by GeFL_DDPM_baseline_total
Selected client ids: [0, 1, 2, 3, 4, 5, 6, 7, 8, 9, 10, 11, 12, 13, 14, 15, 16, 17, 18, 19, 20, 21, 22, 23, 24, 25, 26, 27, 28, 29]
--- Round 1 ---
Client 0 (MNIST) | Target Loss: 1.0245 | DDPM Loss: 0.1128
Client 1 (MNIST) | Target Loss: 1.4195 | DDPM Loss: 0.1022
Client 2 (MNIST) | Target Loss: 0.8486 | DDPM Loss: 0.1023
Client 3 (MNIST) | Target Loss: 0.4744 | DDPM Loss: 0.1059
Client 4 (MNIST) | Target Loss: 1.4812 | DDPM Loss: 0.1021
Client 5 (MNIST) | Target Loss: 1.6964 | DDPM Loss: 0.1047
Client 6 (MNIST) | Target Loss: 1.4417 | DDPM Loss: 0.1013
Client 7 (MNIST) | Target Loss: 1.3765 | DDPM Loss: 0.0993
Client 8 (MNIST) | Target Loss: 1.7679 | DDPM Loss: 0.1107
Client 9 (MNIST) | Target Loss: 1.6633 | DDPM Loss: 0.1037
Client 11 (EMNIST) | Target Loss: 1.2111 | DDPM Loss: 0.0268
Client 12 (EMNIST) | Target Loss: 1.3174 | DDPM Loss: 0.0274
Client 13 (EMNIST) | Target Loss: 0.9207 | DDPM Loss: 0.0265
Client 14 (EMNIST) | Target Loss: 0.7404 | DDPM Loss: 0.0258
Client 15 (EMNIST) | Target Loss: 1.4332 | DDPM Loss: 0.0293
Client 16 (EMNIST) | Target Loss: 2.0416 | DDPM Loss: 0.0255
Client 17 (EMNIST) | Target Loss: 1.2798 | DDPM Loss: 0.0262
Client 18 (EMNIST) | Target Loss: 1.2920 | DDPM Loss: 0.0271
Client 19 (EMNIST) | Target Loss: 1.6076 | DDPM Loss: 0.0266
Client 20 (EMNIST) | Target Loss: 1.7829 | DDPM Loss: 0.0265
Client 22 (CIFAR10) | Target Loss: 1.9880 | DDPM Loss: 0.1397
Client 23 (CIFAR10) | Target Loss: 1.8925 | DDPM Loss: 0.1356
Client 24 (CIFAR10) | Target Loss: 1.8408 | DDPM Loss: 0.1375
Client 25 (CIFAR10) | Target Loss: 1.9464 | DDPM Loss: 0.1344
Client 26 (CIFAR10) | Target Loss: 2.2005 | DDPM Loss: 0.1376
Client 27 (CIFAR10) | Target Loss: 1.9652 | DDPM Loss: 0.1286
Client 28 (CIFAR10) | Target Loss: 2.1015 | DDPM Loss: 0.1363
Client 29 (CIFAR10) | Target Loss: 2.1294 | DDPM Loss: 0.1453
Client 30 (CIFAR10) | Target Loss: 2.2476 | DDPM Loss: 0.1323
Client 31 (CIFAR10) | Target Loss: 2.2155 | DDPM Loss: 0.1358
Round 1 | Client 0 | Model: (MLP) | Acc: 85.06%
Round 1 | Client 1 | Model: (CNN) | Acc: 68.11%
Round 1 | Client 2 | Model: (ResNet8) | Acc: 72.14%
Round 1 | Client 3 | Model: (ResNet18) | Acc: 91.06%
Round 1 | Client 4 | Model: (MobileNetV2) | Acc: 71.52%
Round 1 | Client 5 | Model: (MobileNetV3) | Acc: 38.80%
Round 1 | Client 6 | Model: (LeNet) | Acc: 81.84%
Round 1 | Client 7 | Model: (AlexNet) | Acc: 86.53%
Round 1 | Client 8 | Model: (ShuffleNet) | Acc: 57.46%
Round 1 | Client 9 | Model: (SqueezeNet) | Acc: 64.48%
Round 1 | Client 11 | Model: (MLP) | Acc: 71.86%
Round 1 | Client 12 | Model: (CNN) | Acc: 75.69%
Round 1 | Client 13 | Model: (ResNet8) | Acc: 79.25%
Round 1 | Client 14 | Model: (ResNet18) | Acc: 81.97%
Round 1 | Client 15 | Model: (MobileNetV2) | Acc: 74.67%
Round 1 | Client 16 | Model: (MobileNetV3) | Acc: 57.42%
Round 1 | Client 17 | Model: (LeNet) | Acc: 76.72%
Round 1 | Client 18 | Model: (AlexNet) | Acc: 81.65%
Round 1 | Client 19 | Model: (ShuffleNet) | Acc: 71.51%
Round 1 | Client 20 | Model: (SqueezeNet) | Acc: 67.19%
Round 1 | Client 22 | Model: (MLP) | Acc: 33.45%
Round 1 | Client 23 | Model: (CNN) | Acc: 36.26%
Round 1 | Client 24 | Model: (ResNet8) | Acc: 32.76%
Round 1 | Client 25 | Model: (ResNet18) | Acc: 20.64%
Round 1 | Client 26 | Model: (MobileNetV2) | Acc: 14.80%
Round 1 | Client 27 | Model: (MobileNetV3) | Acc: 32.83%
Round 1 | Client 28 | Model: (LeNet) | Acc: 27.72%
Round 1 | Client 29 | Model: (AlexNet) | Acc: 26.81%
Round 1 | Client 30 | Model: (ShuffleNet) | Acc: 17.87%
Round 1 | Client 31 | Model: (SqueezeNet) | Acc: 15.51%
Selected client ids: [0, 1, 2, 3, 4, 5, 6, 7, 8, 9, 10, 11, 12, 13, 14, 15, 16, 17, 18, 19, 20, 21, 22, 23, 24, 25, 26, 27, 28, 29]
--- Round 2 ---
Client 0 (MNIST) | Target Loss: 0.4129 | DDPM Loss: 0.0595
Client 1 (MNIST) | Target Loss: 0.3999 | DDPM Loss: 0.0597
Client 2 (MNIST) | Target Loss: 0.1757 | DDPM Loss: 0.0600
Client 3 (MNIST) | Target Loss: 0.1493 | DDPM Loss: 0.0639
Client 4 (MNIST) | Target Loss: 0.5701 | DDPM Loss: 0.0583
Client 5 (MNIST) | Target Loss: 1.1654 | DDPM Loss: 0.0615
Client 6 (MNIST) | Target Loss: 0.4542 | DDPM Loss: 0.0590
Client 7 (MNIST) | Target Loss: 0.2836 | DDPM Loss: 0.0578
Client 8 (MNIST) | Target Loss: 1.0861 | DDPM Loss: 0.0610
Client 9 (MNIST) | Target Loss: 0.7659 | DDPM Loss: 0.0586
Client 11 (EMNIST) | Target Loss: 0.7517 | DDPM Loss: 0.0180
Client 12 (EMNIST) | Target Loss: 0.6773 | DDPM Loss: 0.0172
Client 13 (EMNIST) | Target Loss: 0.5022 | DDPM Loss: 0.0171
Client 14 (EMNIST) | Target Loss: 0.4674 | DDPM Loss: 0.0179
Client 15 (EMNIST) | Target Loss: 0.7480 | DDPM Loss: 0.0178
Client 16 (EMNIST) | Target Loss: 1.2217 | DDPM Loss: 0.0166
Client 17 (EMNIST) | Target Loss: 0.6046 | DDPM Loss: 0.0171
Client 18 (EMNIST) | Target Loss: 0.5029 | DDPM Loss: 0.0170
Client 19 (EMNIST) | Target Loss: 0.8117 | DDPM Loss: 0.0167
Client 20 (EMNIST) | Target Loss: 0.8632 | DDPM Loss: 0.0172
Client 22 (CIFAR10) | Target Loss: 1.7541 | DDPM Loss: 0.0902
Client 23 (CIFAR10) | Target Loss: 1.5832 | DDPM Loss: 0.0875
Client 24 (CIFAR10) | Target Loss: 1.5590 | DDPM Loss: 0.0872
Client 25 (CIFAR10) | Target Loss: 1.6987 | DDPM Loss: 0.0860
Client 26 (CIFAR10) | Target Loss: 1.9975 | DDPM Loss: 0.0862
Client 27 (CIFAR10) | Target Loss: 1.7519 | DDPM Loss: 0.0854
Client 28 (CIFAR10) | Target Loss: 1.8564 | DDPM Loss: 0.0876
Client 29 (CIFAR10) | Target Loss: 1.9020 | DDPM Loss: 0.0887
Client 30 (CIFAR10) | Target Loss: 2.1046 | DDPM Loss: 0.0875
Client 31 (CIFAR10) | Target Loss: 1.9992 | DDPM Loss: 0.0883
Round 2 | Client 0 | Model: (MLP) | Acc: 87.57%
Round 2 | Client 1 | Model: (CNN) | Acc: 84.50%
Round 2 | Client 2 | Model: (ResNet8) | Acc: 74.86%
Round 2 | Client 3 | Model: (ResNet18) | Acc: 97.40%
Round 2 | Client 4 | Model: (MobileNetV2) | Acc: 89.29%
Round 2 | Client 5 | Model: (MobileNetV3) | Acc: 63.77%
Round 2 | Client 6 | Model: (LeNet) | Acc: 92.12%
Round 2 | Client 7 | Model: (AlexNet) | Acc: 94.32%
Round 2 | Client 8 | Model: (ShuffleNet) | Acc: 71.83%
Round 2 | Client 9 | Model: (SqueezeNet) | Acc: 81.31%
Round 2 | Client 11 | Model: (MLP) | Acc: 76.97%
Round 2 | Client 12 | Model: (CNN) | Acc: 75.96%
Round 2 | Client 13 | Model: (ResNet8) | Acc: 82.89%
Round 2 | Client 14 | Model: (ResNet18) | Acc: 82.87%
Round 2 | Client 15 | Model: (MobileNetV2) | Acc: 79.35%
Round 2 | Client 16 | Model: (MobileNetV3) | Acc: 66.97%
Round 2 | Client 17 | Model: (LeNet) | Acc: 81.75%
Round 2 | Client 18 | Model: (AlexNet) | Acc: 82.70%
Round 2 | Client 19 | Model: (ShuffleNet) | Acc: 76.58%
Round 2 | Client 20 | Model: (SqueezeNet) | Acc: 73.43%
Round 2 | Client 22 | Model: (MLP) | Acc: 34.41%
Round 2 | Client 23 | Model: (CNN) | Acc: 37.47%
Round 2 | Client 24 | Model: (ResNet8) | Acc: 35.97%
Round 2 | Client 25 | Model: (ResNet18) | Acc: 38.40%
Round 2 | Client 26 | Model: (MobileNetV2) | Acc: 25.08%
Round 2 | Client 27 | Model: (MobileNetV3) | Acc: 35.84%
Round 2 | Client 28 | Model: (LeNet) | Acc: 33.00%
Round 2 | Client 29 | Model: (AlexNet) | Acc: 32.65%
Round 2 | Client 30 | Model: (ShuffleNet) | Acc: 23.79%
Round 2 | Client 31 | Model: (SqueezeNet) | Acc: 19.78%
Selected client ids: [0, 1, 2, 3, 4, 5, 6, 7, 8, 9, 10, 11, 12, 13, 14, 15, 16, 17, 18, 19, 20, 21, 22, 23, 24, 25, 26, 27, 28, 29]
--- Round 3 ---
Client 0 (MNIST) | Target Loss: 0.3207 | DDPM Loss: 0.0232
Client 1 (MNIST) | Target Loss: 0.2174 | DDPM Loss: 0.0227
Client 2 (MNIST) | Target Loss: 0.1269 | DDPM Loss: 0.0227
Client 3 (MNIST) | Target Loss: 0.1317 | DDPM Loss: 0.0237
Client 4 (MNIST) | Target Loss: 0.3434 | DDPM Loss: 0.0232
Client 5 (MNIST) | Target Loss: 0.9778 | DDPM Loss: 0.0238
Client 6 (MNIST) | Target Loss: 0.2523 | DDPM Loss: 0.0230
Client 7 (MNIST) | Target Loss: 0.1746 | DDPM Loss: 0.0228
Client 8 (MNIST) | Target Loss: 0.9293 | DDPM Loss: 0.0252
Client 9 (MNIST) | Target Loss: 0.4595 | DDPM Loss: 0.0236
Client 11 (EMNIST) | Target Loss: 0.6491 | DDPM Loss: 0.0118
Client 12 (EMNIST) | Target Loss: 0.5805 | DDPM Loss: 0.0120
Client 13 (EMNIST) | Target Loss: 0.4487 | DDPM Loss: 0.0118
Client 14 (EMNIST) | Target Loss: 0.4239 | DDPM Loss: 0.0118
Client 15 (EMNIST) | Target Loss: 0.6389 | DDPM Loss: 0.0119
Client 16 (EMNIST) | Target Loss: 0.9925 | DDPM Loss: 0.0119
Client 17 (EMNIST) | Target Loss: 0.5161 | DDPM Loss: 0.0118
Client 18 (EMNIST) | Target Loss: 0.4457 | DDPM Loss: 0.0119
Client 19 (EMNIST) | Target Loss: 0.6712 | DDPM Loss: 0.0118
Client 20 (EMNIST) | Target Loss: 0.7141 | DDPM Loss: 0.0119
Client 22 (CIFAR10) | Target Loss: 1.6142 | DDPM Loss: 0.0495
Client 23 (CIFAR10) | Target Loss: 1.4412 | DDPM Loss: 0.0509
Client 24 (CIFAR10) | Target Loss: 1.4237 | DDPM Loss: 0.0502
Client 25 (CIFAR10) | Target Loss: 1.5769 | DDPM Loss: 0.0496
Client 26 (CIFAR10) | Target Loss: 1.8708 | DDPM Loss: 0.0504
Client 27 (CIFAR10) | Target Loss: 1.6795 | DDPM Loss: 0.0493
Client 28 (CIFAR10) | Target Loss: 1.7634 | DDPM Loss: 0.0500
Client 29 (CIFAR10) | Target Loss: 1.7330 | DDPM Loss: 0.0508
Client 30 (CIFAR10) | Target Loss: 2.0015 | DDPM Loss: 0.0510
Client 31 (CIFAR10) | Target Loss: 1.9943 | DDPM Loss: 0.0497
Round 3 | Client 0 | Model: (MLP) | Acc: 89.64%
Round 3 | Client 1 | Model: (CNN) | Acc: 93.80%
Round 3 | Client 2 | Model: (ResNet8) | Acc: 89.35%
Round 3 | Client 3 | Model: (ResNet18) | Acc: 94.12%
Round 3 | Client 4 | Model: (MobileNetV2) | Acc: 90.04%
Round 3 | Client 5 | Model: (MobileNetV3) | Acc: 35.23%
Round 3 | Client 6 | Model: (LeNet) | Acc: 92.67%
Round 3 | Client 7 | Model: (AlexNet) | Acc: 94.84%
Round 3 | Client 8 | Model: (ShuffleNet) | Acc: 78.73%
Round 3 | Client 9 | Model: (SqueezeNet) | Acc: 90.60%
Round 3 | Client 11 | Model: (MLP) | Acc: 78.07%
Round 3 | Client 12 | Model: (CNN) | Acc: 80.43%
Round 3 | Client 13 | Model: (ResNet8) | Acc: 84.27%
Round 3 | Client 14 | Model: (ResNet18) | Acc: 84.61%
Round 3 | Client 15 | Model: (MobileNetV2) | Acc: 79.01%
Round 3 | Client 16 | Model: (MobileNetV3) | Acc: 64.99%
Round 3 | Client 17 | Model: (LeNet) | Acc: 82.98%
Round 3 | Client 18 | Model: (AlexNet) | Acc: 83.89%
Round 3 | Client 19 | Model: (ShuffleNet) | Acc: 78.48%
Round 3 | Client 20 | Model: (SqueezeNet) | Acc: 77.26%
Round 3 | Client 22 | Model: (MLP) | Acc: 37.29%
Round 3 | Client 23 | Model: (CNN) | Acc: 46.26%
Round 3 | Client 24 | Model: (ResNet8) | Acc: 46.04%
Round 3 | Client 25 | Model: (ResNet18) | Acc: 37.51%
Round 3 | Client 26 | Model: (MobileNetV2) | Acc: 27.07%
Round 3 | Client 27 | Model: (MobileNetV3) | Acc: 35.73%
Round 3 | Client 28 | Model: (LeNet) | Acc: 30.36%
Round 3 | Client 29 | Model: (AlexNet) | Acc: 32.65%
Round 3 | Client 30 | Model: (ShuffleNet) | Acc: 25.11%
Round 3 | Client 31 | Model: (SqueezeNet) | Acc: 18.76%
Selected client ids: [0, 1, 2, 3, 4, 5, 6, 7, 8, 9, 10, 11, 12, 13, 14, 15, 16, 17, 18, 19, 20, 21, 22, 23, 24, 25, 26, 27, 28, 29]
--- Round 4 ---
Client 0 (MNIST) | Target Loss: 0.2842 | DDPM Loss: 0.0192
Client 1 (MNIST) | Target Loss: 0.1408 | DDPM Loss: 0.0184
Client 2 (MNIST) | Target Loss: 0.0890 | DDPM Loss: 0.0182
Client 3 (MNIST) | Target Loss: 0.1380 | DDPM Loss: 0.0191
Client 4 (MNIST) | Target Loss: 0.2378 | DDPM Loss: 0.0190
Client 5 (MNIST) | Target Loss: 0.8516 | DDPM Loss: 0.0189
Client 6 (MNIST) | Target Loss: 0.1868 | DDPM Loss: 0.0193
Client 7 (MNIST) | Target Loss: 0.1205 | DDPM Loss: 0.0189
Client 8 (MNIST) | Target Loss: 0.6503 | DDPM Loss: 0.0200
Client 9 (MNIST) | Target Loss: 0.3250 | DDPM Loss: 0.0189
Client 11 (EMNIST) | Target Loss: 0.5929 | DDPM Loss: 0.0099
Client 12 (EMNIST) | Target Loss: 0.5311 | DDPM Loss: 0.0098
Client 13 (EMNIST) | Target Loss: 0.4166 | DDPM Loss: 0.0098
Client 14 (EMNIST) | Target Loss: 0.3974 | DDPM Loss: 0.0098
Client 15 (EMNIST) | Target Loss: 0.5959 | DDPM Loss: 0.0098
Client 16 (EMNIST) | Target Loss: 0.8726 | DDPM Loss: 0.0097
Client 17 (EMNIST) | Target Loss: 0.4763 | DDPM Loss: 0.0098
Client 18 (EMNIST) | Target Loss: 0.4110 | DDPM Loss: 0.0098
Client 19 (EMNIST) | Target Loss: 0.6087 | DDPM Loss: 0.0098
Client 20 (EMNIST) | Target Loss: 0.6360 | DDPM Loss: 0.0099
Client 22 (CIFAR10) | Target Loss: 1.4967 | DDPM Loss: 0.0452
Client 23 (CIFAR10) | Target Loss: 1.3467 | DDPM Loss: 0.0452
Client 24 (CIFAR10) | Target Loss: 1.3007 | DDPM Loss: 0.0454
Client 25 (CIFAR10) | Target Loss: 1.4546 | DDPM Loss: 0.0448
Client 26 (CIFAR10) | Target Loss: 1.7594 | DDPM Loss: 0.0449
Client 27 (CIFAR10) | Target Loss: 1.6286 | DDPM Loss: 0.0452
Client 28 (CIFAR10) | Target Loss: 1.6538 | DDPM Loss: 0.0454
Client 29 (CIFAR10) | Target Loss: 1.6234 | DDPM Loss: 0.0459
Client 30 (CIFAR10) | Target Loss: 1.9031 | DDPM Loss: 0.0447
Client 31 (CIFAR10) | Target Loss: 1.9090 | DDPM Loss: 0.0446
Round 4 | Client 0 | Model: (MLP) | Acc: 91.38%
Round 4 | Client 1 | Model: (CNN) | Acc: 92.47%
Round 4 | Client 2 | Model: (ResNet8) | Acc: 83.92%
Round 4 | Client 3 | Model: (ResNet18) | Acc: 96.49%
Round 4 | Client 4 | Model: (MobileNetV2) | Acc: 91.97%
Round 4 | Client 5 | Model: (MobileNetV3) | Acc: 49.39%
Round 4 | Client 6 | Model: (LeNet) | Acc: 95.08%
Round 4 | Client 7 | Model: (AlexNet) | Acc: 94.11%
Round 4 | Client 8 | Model: (ShuffleNet) | Acc: 80.73%
Round 4 | Client 9 | Model: (SqueezeNet) | Acc: 93.01%
Round 4 | Client 11 | Model: (MLP) | Acc: 78.66%
Round 4 | Client 12 | Model: (CNN) | Acc: 80.04%
Round 4 | Client 13 | Model: (ResNet8) | Acc: 84.89%
Round 4 | Client 14 | Model: (ResNet18) | Acc: 85.05%
Round 4 | Client 15 | Model: (MobileNetV2) | Acc: 80.87%
Round 4 | Client 16 | Model: (MobileNetV3) | Acc: 69.87%
Round 4 | Client 17 | Model: (LeNet) | Acc: 83.22%
Round 4 | Client 18 | Model: (AlexNet) | Acc: 83.28%
Round 4 | Client 19 | Model: (ShuffleNet) | Acc: 79.99%
Round 4 | Client 20 | Model: (SqueezeNet) | Acc: 78.18%
Round 4 | Client 22 | Model: (MLP) | Acc: 39.45%
Round 4 | Client 23 | Model: (CNN) | Acc: 45.82%
Round 4 | Client 24 | Model: (ResNet8) | Acc: 45.61%
Round 4 | Client 25 | Model: (ResNet18) | Acc: 43.29%
Round 4 | Client 26 | Model: (MobileNetV2) | Acc: 30.43%
Round 4 | Client 27 | Model: (MobileNetV3) | Acc: 38.09%
Round 4 | Client 28 | Model: (LeNet) | Acc: 38.94%
Round 4 | Client 29 | Model: (AlexNet) | Acc: 37.30%
Round 4 | Client 30 | Model: (ShuffleNet) | Acc: 27.52%
Round 4 | Client 31 | Model: (SqueezeNet) | Acc: 27.19%
Selected client ids: [0, 1, 2, 3, 4, 5, 6, 7, 8, 9, 10, 11, 12, 13, 14, 15, 16, 17, 18, 19, 20, 21, 22, 23, 24, 25, 26, 27, 28, 29]
--- Round 5 ---
Client 0 (MNIST) | Target Loss: 0.2316 | DDPM Loss: 0.0175
Client 1 (MNIST) | Target Loss: 0.1247 | DDPM Loss: 0.0160
Client 2 (MNIST) | Target Loss: 0.0727 | DDPM Loss: 0.0166
Client 3 (MNIST) | Target Loss: 0.0540 | DDPM Loss: 0.0186
Client 4 (MNIST) | Target Loss: 0.2303 | DDPM Loss: 0.0169
Client 5 (MNIST) | Target Loss: 0.7367 | DDPM Loss: 0.0166
Client 6 (MNIST) | Target Loss: 0.1408 | DDPM Loss: 0.0163
Client 7 (MNIST) | Target Loss: 0.0929 | DDPM Loss: 0.0165
Client 8 (MNIST) | Target Loss: 0.9094 | DDPM Loss: 0.0173
Client 9 (MNIST) | Target Loss: 0.2773 | DDPM Loss: 0.0169
Client 11 (EMNIST) | Target Loss: 0.5591 | DDPM Loss: 0.0091
Client 12 (EMNIST) | Target Loss: 0.4993 | DDPM Loss: 0.0090
Client 13 (EMNIST) | Target Loss: 0.3921 | DDPM Loss: 0.0091
Client 14 (EMNIST) | Target Loss: 0.3739 | DDPM Loss: 0.0091
Client 15 (EMNIST) | Target Loss: 0.5567 | DDPM Loss: 0.0091
Client 16 (EMNIST) | Target Loss: 0.7931 | DDPM Loss: 0.0091
Client 17 (EMNIST) | Target Loss: 0.4479 | DDPM Loss: 0.0091
Client 18 (EMNIST) | Target Loss: 0.3845 | DDPM Loss: 0.0091
Client 19 (EMNIST) | Target Loss: 0.5677 | DDPM Loss: 0.0091
Client 20 (EMNIST) | Target Loss: 0.5975 | DDPM Loss: 0.0091
Client 22 (CIFAR10) | Target Loss: 1.3554 | DDPM Loss: 0.0420
Client 23 (CIFAR10) | Target Loss: 1.2895 | DDPM Loss: 0.0432
Client 24 (CIFAR10) | Target Loss: 1.2234 | DDPM Loss: 0.0425
Client 25 (CIFAR10) | Target Loss: 1.3827 | DDPM Loss: 0.0413
Client 26 (CIFAR10) | Target Loss: 1.6614 | DDPM Loss: 0.0427
Client 27 (CIFAR10) | Target Loss: 1.5865 | DDPM Loss: 0.0423
Client 28 (CIFAR10) | Target Loss: 1.5902 | DDPM Loss: 0.0423
Client 29 (CIFAR10) | Target Loss: 1.4923 | DDPM Loss: 0.0420
Client 30 (CIFAR10) | Target Loss: 1.8046 | DDPM Loss: 0.0427
Client 31 (CIFAR10) | Target Loss: 1.8749 | DDPM Loss: 0.0422
Round 5 | Client 0 | Model: (MLP) | Acc: 92.80%
Round 5 | Client 1 | Model: (CNN) | Acc: 84.16%
Round 5 | Client 2 | Model: (ResNet8) | Acc: 94.45%
Round 5 | Client 3 | Model: (ResNet18) | Acc: 98.42%
Round 5 | Client 4 | Model: (MobileNetV2) | Acc: 90.90%
Round 5 | Client 5 | Model: (MobileNetV3) | Acc: 59.20%
Round 5 | Client 6 | Model: (LeNet) | Acc: 95.62%
Round 5 | Client 7 | Model: (AlexNet) | Acc: 97.37%
Round 5 | Client 8 | Model: (ShuffleNet) | Acc: 76.61%
Round 5 | Client 9 | Model: (SqueezeNet) | Acc: 92.35%
Round 5 | Client 11 | Model: (MLP) | Acc: 78.64%
Round 5 | Client 12 | Model: (CNN) | Acc: 82.73%
Round 5 | Client 13 | Model: (ResNet8) | Acc: 84.00%
Round 5 | Client 14 | Model: (ResNet18) | Acc: 84.63%
Round 5 | Client 15 | Model: (MobileNetV2) | Acc: 81.49%
Round 5 | Client 16 | Model: (MobileNetV3) | Acc: 72.28%
Round 5 | Client 17 | Model: (LeNet) | Acc: 83.29%
Round 5 | Client 18 | Model: (AlexNet) | Acc: 84.03%
Round 5 | Client 19 | Model: (ShuffleNet) | Acc: 80.79%
Round 5 | Client 20 | Model: (SqueezeNet) | Acc: 79.41%
Round 5 | Client 22 | Model: (MLP) | Acc: 36.93%
Round 5 | Client 23 | Model: (CNN) | Acc: 49.78%
Round 5 | Client 24 | Model: (ResNet8) | Acc: 53.00%
Round 5 | Client 25 | Model: (ResNet18) | Acc: 46.06%
Round 5 | Client 26 | Model: (MobileNetV2) | Acc: 36.41%
Round 5 | Client 27 | Model: (MobileNetV3) | Acc: 36.70%
Round 5 | Client 28 | Model: (LeNet) | Acc: 37.18%
Round 5 | Client 29 | Model: (AlexNet) | Acc: 42.16%
Round 5 | Client 30 | Model: (ShuffleNet) | Acc: 29.71%
Round 5 | Client 31 | Model: (SqueezeNet) | Acc: 26.52%
Selected client ids: [0, 1, 2, 3, 4, 5, 6, 7, 8, 9, 10, 11, 12, 13, 14, 15, 16, 17, 18, 19, 20, 21, 22, 23, 24, 25, 26, 27, 28, 29]
--- Round 6 ---
Client 0 (MNIST) | Target Loss: 0.1835 | DDPM Loss: 0.0150
Client 1 (MNIST) | Target Loss: 0.1028 | DDPM Loss: 0.0151
Client 2 (MNIST) | Target Loss: 0.0565 | DDPM Loss: 0.0156
Client 3 (MNIST) | Target Loss: 0.0584 | DDPM Loss: 0.0148
Client 4 (MNIST) | Target Loss: 0.2170 | DDPM Loss: 0.0147
Client 5 (MNIST) | Target Loss: 0.6349 | DDPM Loss: 0.0171
Client 6 (MNIST) | Target Loss: 0.1159 | DDPM Loss: 0.0151
Client 7 (MNIST) | Target Loss: 0.0608 | DDPM Loss: 0.0149
Client 8 (MNIST) | Target Loss: 0.8872 | DDPM Loss: 0.0154
Client 9 (MNIST) | Target Loss: 0.2365 | DDPM Loss: 0.0152
Client 11 (EMNIST) | Target Loss: 0.5253 | DDPM Loss: 0.0087
Client 12 (EMNIST) | Target Loss: 0.4752 | DDPM Loss: 0.0087
Client 13 (EMNIST) | Target Loss: 0.3764 | DDPM Loss: 0.0087
Client 14 (EMNIST) | Target Loss: 0.3580 | DDPM Loss: 0.0087
Client 15 (EMNIST) | Target Loss: 0.5271 | DDPM Loss: 0.0087
Client 16 (EMNIST) | Target Loss: 0.7428 | DDPM Loss: 0.0087
Client 17 (EMNIST) | Target Loss: 0.4303 | DDPM Loss: 0.0087
Client 18 (EMNIST) | Target Loss: 0.3629 | DDPM Loss: 0.0087
Client 19 (EMNIST) | Target Loss: 0.5365 | DDPM Loss: 0.0087
Client 20 (EMNIST) | Target Loss: 0.5687 | DDPM Loss: 0.0088
Client 22 (CIFAR10) | Target Loss: 1.2464 | DDPM Loss: 0.0407
Client 23 (CIFAR10) | Target Loss: 1.2323 | DDPM Loss: 0.0414
Client 24 (CIFAR10) | Target Loss: 1.1505 | DDPM Loss: 0.0407
Client 25 (CIFAR10) | Target Loss: 1.2755 | DDPM Loss: 0.0419
Client 26 (CIFAR10) | Target Loss: 1.5599 | DDPM Loss: 0.0402
Client 27 (CIFAR10) | Target Loss: 1.5573 | DDPM Loss: 0.0400
Client 28 (CIFAR10) | Target Loss: 1.5293 | DDPM Loss: 0.0403
Client 29 (CIFAR10) | Target Loss: 1.3838 | DDPM Loss: 0.0396
Client 30 (CIFAR10) | Target Loss: 1.7542 | DDPM Loss: 0.0411
Client 31 (CIFAR10) | Target Loss: 1.7931 | DDPM Loss: 0.0424
Round 6 | Client 0 | Model: (MLP) | Acc: 87.90%
Round 6 | Client 1 | Model: (CNN) | Acc: 94.68%
Round 6 | Client 2 | Model: (ResNet8) | Acc: 91.96%
Round 6 | Client 3 | Model: (ResNet18) | Acc: 96.38%
Round 6 | Client 4 | Model: (MobileNetV2) | Acc: 93.79%
Round 6 | Client 5 | Model: (MobileNetV3) | Acc: 30.99%
Round 6 | Client 6 | Model: (LeNet) | Acc: 96.39%
Round 6 | Client 7 | Model: (AlexNet) | Acc: 97.26%
Round 6 | Client 8 | Model: (ShuffleNet) | Acc: 78.51%
Round 6 | Client 9 | Model: (SqueezeNet) | Acc: 94.97%
Round 6 | Client 11 | Model: (MLP) | Acc: 79.91%
Round 6 | Client 12 | Model: (CNN) | Acc: 83.04%
Round 6 | Client 13 | Model: (ResNet8) | Acc: 84.69%
Round 6 | Client 14 | Model: (ResNet18) | Acc: 85.93%
Round 6 | Client 15 | Model: (MobileNetV2) | Acc: 81.55%
Round 6 | Client 16 | Model: (MobileNetV3) | Acc: 72.78%
Round 6 | Client 17 | Model: (LeNet) | Acc: 83.84%
Round 6 | Client 18 | Model: (AlexNet) | Acc: 84.80%
Round 6 | Client 19 | Model: (ShuffleNet) | Acc: 80.84%
Round 6 | Client 20 | Model: (SqueezeNet) | Acc: 80.74%
Round 6 | Client 22 | Model: (MLP) | Acc: 39.57%
Round 6 | Client 23 | Model: (CNN) | Acc: 51.21%
Round 6 | Client 24 | Model: (ResNet8) | Acc: 40.58%
Round 6 | Client 25 | Model: (ResNet18) | Acc: 48.50%
Round 6 | Client 26 | Model: (MobileNetV2) | Acc: 35.89%
Round 6 | Client 27 | Model: (MobileNetV3) | Acc: 40.88%
Round 6 | Client 28 | Model: (LeNet) | Acc: 41.03%
Round 6 | Client 29 | Model: (AlexNet) | Acc: 43.78%
Round 6 | Client 30 | Model: (ShuffleNet) | Acc: 30.81%
Round 6 | Client 31 | Model: (SqueezeNet) | Acc: 31.12%
Selected client ids: [0, 1, 2, 3, 4, 5, 6, 7, 8, 9, 10, 11, 12, 13, 14, 15, 16, 17, 18, 19, 20, 21, 22, 23, 24, 25, 26, 27, 28, 29]
--- Round 7 ---
Client 0 (MNIST) | Target Loss: 0.1860 | DDPM Loss: 0.0141
Client 1 (MNIST) | Target Loss: 0.0802 | DDPM Loss: 0.0137
Client 2 (MNIST) | Target Loss: 0.0449 | DDPM Loss: 0.0138
Client 3 (MNIST) | Target Loss: 0.0936 | DDPM Loss: 0.0136
Client 4 (MNIST) | Target Loss: 0.1385 | DDPM Loss: 0.0140
Client 5 (MNIST) | Target Loss: 0.5456 | DDPM Loss: 0.0139
Client 6 (MNIST) | Target Loss: 0.0903 | DDPM Loss: 0.0138
Client 7 (MNIST) | Target Loss: 0.0521 | DDPM Loss: 0.0137
Client 8 (MNIST) | Target Loss: 0.6338 | DDPM Loss: 0.0140
Client 9 (MNIST) | Target Loss: 0.1594 | DDPM Loss: 0.0138
Client 11 (EMNIST) | Target Loss: 0.5031 | DDPM Loss: 0.0085
Client 12 (EMNIST) | Target Loss: 0.4577 | DDPM Loss: 0.0084
Client 13 (EMNIST) | Target Loss: 0.3587 | DDPM Loss: 0.0085
Client 14 (EMNIST) | Target Loss: 0.3431 | DDPM Loss: 0.0085
Client 15 (EMNIST) | Target Loss: 0.4976 | DDPM Loss: 0.0085
Client 16 (EMNIST) | Target Loss: 0.7084 | DDPM Loss: 0.0085
Client 17 (EMNIST) | Target Loss: 0.4134 | DDPM Loss: 0.0085
Client 18 (EMNIST) | Target Loss: 0.3438 | DDPM Loss: 0.0085
Client 19 (EMNIST) | Target Loss: 0.5193 | DDPM Loss: 0.0085
Client 20 (EMNIST) | Target Loss: 0.5507 | DDPM Loss: 0.0085
Client 22 (CIFAR10) | Target Loss: 1.1044 | DDPM Loss: 0.0386
Client 23 (CIFAR10) | Target Loss: 1.1926 | DDPM Loss: 0.0399
Client 24 (CIFAR10) | Target Loss: 1.0624 | DDPM Loss: 0.0392
Client 25 (CIFAR10) | Target Loss: 1.1882 | DDPM Loss: 0.0398
Client 26 (CIFAR10) | Target Loss: 1.4853 | DDPM Loss: 0.0393
Client 27 (CIFAR10) | Target Loss: 1.5069 | DDPM Loss: 0.0387
Client 28 (CIFAR10) | Target Loss: 1.4887 | DDPM Loss: 0.0393
Client 29 (CIFAR10) | Target Loss: 1.3027 | DDPM Loss: 0.0387
Client 30 (CIFAR10) | Target Loss: 1.7029 | DDPM Loss: 0.0388
Client 31 (CIFAR10) | Target Loss: 1.7272 | DDPM Loss: 0.0389
Round 7 | Client 0 | Model: (MLP) | Acc: 92.91%
Round 7 | Client 1 | Model: (CNN) | Acc: 77.41%
Round 7 | Client 2 | Model: (ResNet8) | Acc: 95.13%
Round 7 | Client 3 | Model: (ResNet18) | Acc: 97.85%
Round 7 | Client 4 | Model: (MobileNetV2) | Acc: 92.08%
Round 7 | Client 5 | Model: (MobileNetV3) | Acc: 69.68%
Round 7 | Client 6 | Model: (LeNet) | Acc: 97.26%
Round 7 | Client 7 | Model: (AlexNet) | Acc: 97.89%
Round 7 | Client 8 | Model: (ShuffleNet) | Acc: 80.18%
Round 7 | Client 9 | Model: (SqueezeNet) | Acc: 93.33%
Round 7 | Client 11 | Model: (MLP) | Acc: 80.23%
Round 7 | Client 12 | Model: (CNN) | Acc: 80.12%
Round 7 | Client 13 | Model: (ResNet8) | Acc: 84.92%
Round 7 | Client 14 | Model: (ResNet18) | Acc: 85.84%
Round 7 | Client 15 | Model: (MobileNetV2) | Acc: 82.45%
Round 7 | Client 16 | Model: (MobileNetV3) | Acc: 69.53%
Round 7 | Client 17 | Model: (LeNet) | Acc: 84.30%
Round 7 | Client 18 | Model: (AlexNet) | Acc: 85.35%
Round 7 | Client 19 | Model: (ShuffleNet) | Acc: 81.60%
Round 7 | Client 20 | Model: (SqueezeNet) | Acc: 81.31%
Round 7 | Client 22 | Model: (MLP) | Acc: 39.45%
Round 7 | Client 23 | Model: (CNN) | Acc: 49.45%
Round 7 | Client 24 | Model: (ResNet8) | Acc: 53.43%
Round 7 | Client 25 | Model: (ResNet18) | Acc: 51.50%
Round 7 | Client 26 | Model: (MobileNetV2) | Acc: 35.36%
Round 7 | Client 27 | Model: (MobileNetV3) | Acc: 42.70%
Round 7 | Client 28 | Model: (LeNet) | Acc: 42.79%
Round 7 | Client 29 | Model: (AlexNet) | Acc: 46.27%
Round 7 | Client 30 | Model: (ShuffleNet) | Acc: 32.24%
Round 7 | Client 31 | Model: (SqueezeNet) | Acc: 28.99%
Selected client ids: [0, 1, 2, 3, 4, 5, 6, 7, 8, 9, 10, 11, 12, 13, 14, 15, 16, 17, 18, 19, 20, 21, 22, 23, 24, 25, 26, 27, 28, 29]
--- Round 8 ---
Client 0 (MNIST) | Target Loss: 0.1600 | DDPM Loss: 0.0130
Client 1 (MNIST) | Target Loss: 0.0710 | DDPM Loss: 0.0129
Client 2 (MNIST) | Target Loss: 0.0293 | DDPM Loss: 0.0133
Client 3 (MNIST) | Target Loss: 0.0930 | DDPM Loss: 0.0130
Client 4 (MNIST) | Target Loss: 0.1271 | DDPM Loss: 0.0134
Client 5 (MNIST) | Target Loss: 0.4867 | DDPM Loss: 0.0154
Client 6 (MNIST) | Target Loss: 0.0798 | DDPM Loss: 0.0128
Client 7 (MNIST) | Target Loss: 0.0501 | DDPM Loss: 0.0132
Client 8 (MNIST) | Target Loss: 0.6571 | DDPM Loss: 0.0132
Client 9 (MNIST) | Target Loss: 0.1503 | DDPM Loss: 0.0132
Client 11 (EMNIST) | Target Loss: 0.4795 | DDPM Loss: 0.0083
Client 12 (EMNIST) | Target Loss: 0.4426 | DDPM Loss: 0.0083
Client 13 (EMNIST) | Target Loss: 0.3467 | DDPM Loss: 0.0083
Client 14 (EMNIST) | Target Loss: 0.3279 | DDPM Loss: 0.0083
Client 15 (EMNIST) | Target Loss: 0.4858 | DDPM Loss: 0.0082
Client 16 (EMNIST) | Target Loss: 0.6828 | DDPM Loss: 0.0083
Client 17 (EMNIST) | Target Loss: 0.3993 | DDPM Loss: 0.0083
Client 18 (EMNIST) | Target Loss: 0.3249 | DDPM Loss: 0.0083
Client 19 (EMNIST) | Target Loss: 0.5003 | DDPM Loss: 0.0083
Client 20 (EMNIST) | Target Loss: 0.5226 | DDPM Loss: 0.0083
Client 22 (CIFAR10) | Target Loss: 0.9771 | DDPM Loss: 0.0378
Client 23 (CIFAR10) | Target Loss: 1.1343 | DDPM Loss: 0.0379
Client 24 (CIFAR10) | Target Loss: 1.0087 | DDPM Loss: 0.0390
Client 25 (CIFAR10) | Target Loss: 1.0769 | DDPM Loss: 0.0378
Client 26 (CIFAR10) | Target Loss: 1.4132 | DDPM Loss: 0.0382
Client 27 (CIFAR10) | Target Loss: 1.4790 | DDPM Loss: 0.0375
Client 28 (CIFAR10) | Target Loss: 1.4454 | DDPM Loss: 0.0381
Client 29 (CIFAR10) | Target Loss: 1.2051 | DDPM Loss: 0.0386
Client 30 (CIFAR10) | Target Loss: 1.6451 | DDPM Loss: 0.0392
Client 31 (CIFAR10) | Target Loss: 1.6649 | DDPM Loss: 0.0388
Round 8 | Client 0 | Model: (MLP) | Acc: 91.93%
Round 8 | Client 1 | Model: (CNN) | Acc: 89.59%
Round 8 | Client 2 | Model: (ResNet8) | Acc: 86.18%
Round 8 | Client 3 | Model: (ResNet18) | Acc: 98.08%
Round 8 | Client 4 | Model: (MobileNetV2) | Acc: 92.51%
Round 8 | Client 5 | Model: (MobileNetV3) | Acc: 52.51%
Round 8 | Client 6 | Model: (LeNet) | Acc: 97.05%
Round 8 | Client 7 | Model: (AlexNet) | Acc: 97.89%
Round 8 | Client 8 | Model: (ShuffleNet) | Acc: 80.18%
Round 8 | Client 9 | Model: (SqueezeNet) | Acc: 93.99%
Round 8 | Client 11 | Model: (MLP) | Acc: 79.61%
Round 8 | Client 12 | Model: (CNN) | Acc: 83.93%
Round 8 | Client 13 | Model: (ResNet8) | Acc: 84.20%
Round 8 | Client 14 | Model: (ResNet18) | Acc: 86.10%
Round 8 | Client 15 | Model: (MobileNetV2) | Acc: 82.82%
Round 8 | Client 16 | Model: (MobileNetV3) | Acc: 68.09%
Round 8 | Client 17 | Model: (LeNet) | Acc: 85.01%
Round 8 | Client 18 | Model: (AlexNet) | Acc: 84.71%
Round 8 | Client 19 | Model: (ShuffleNet) | Acc: 81.24%
Round 8 | Client 20 | Model: (SqueezeNet) | Acc: 81.73%
Round 8 | Client 22 | Model: (MLP) | Acc: 40.77%
Round 8 | Client 23 | Model: (CNN) | Acc: 46.04%
Round 8 | Client 24 | Model: (ResNet8) | Acc: 48.61%
Round 8 | Client 25 | Model: (ResNet18) | Acc: 53.39%
Round 8 | Client 26 | Model: (MobileNetV2) | Acc: 33.89%
Round 8 | Client 27 | Model: (MobileNetV3) | Acc: 42.17%
Round 8 | Client 28 | Model: (LeNet) | Acc: 43.56%
Round 8 | Client 29 | Model: (AlexNet) | Acc: 47.03%
Round 8 | Client 30 | Model: (ShuffleNet) | Acc: 33.99%
Round 8 | Client 31 | Model: (SqueezeNet) | Acc: 34.16%
Selected client ids: [0, 1, 2, 3, 4, 5, 6, 7, 8, 9, 10, 11, 12, 13, 14, 15, 16, 17, 18, 19, 20, 21, 22, 23, 24, 25, 26, 27, 28, 29]
--- Round 9 ---
Client 0 (MNIST) | Target Loss: 0.1246 | DDPM Loss: 0.0125
Client 1 (MNIST) | Target Loss: 0.0508 | DDPM Loss: 0.0126
Client 2 (MNIST) | Target Loss: 0.0265 | DDPM Loss: 0.0125
Client 3 (MNIST) | Target Loss: 0.0260 | DDPM Loss: 0.0130
Client 4 (MNIST) | Target Loss: 0.1134 | DDPM Loss: 0.0126
Client 5 (MNIST) | Target Loss: 0.4428 | DDPM Loss: 0.0122
Client 6 (MNIST) | Target Loss: 0.0738 | DDPM Loss: 0.0122
Client 7 (MNIST) | Target Loss: 0.0281 | DDPM Loss: 0.0128
Client 8 (MNIST) | Target Loss: 0.4950 | DDPM Loss: 0.0143
Client 9 (MNIST) | Target Loss: 0.1392 | DDPM Loss: 0.0123
Client 11 (EMNIST) | Target Loss: 0.4641 | DDPM Loss: 0.0082
Client 12 (EMNIST) | Target Loss: 0.4308 | DDPM Loss: 0.0081
Client 13 (EMNIST) | Target Loss: 0.3317 | DDPM Loss: 0.0082
Client 14 (EMNIST) | Target Loss: 0.3152 | DDPM Loss: 0.0081
Client 15 (EMNIST) | Target Loss: 0.4653 | DDPM Loss: 0.0081
Client 16 (EMNIST) | Target Loss: 0.6626 | DDPM Loss: 0.0082
Client 17 (EMNIST) | Target Loss: 0.3882 | DDPM Loss: 0.0081
Client 18 (EMNIST) | Target Loss: 0.3070 | DDPM Loss: 0.0082
Client 19 (EMNIST) | Target Loss: 0.4826 | DDPM Loss: 0.0082
Client 20 (EMNIST) | Target Loss: 0.5173 | DDPM Loss: 0.0082
Client 22 (CIFAR10) | Target Loss: 0.8510 | DDPM Loss: 0.0377
Client 23 (CIFAR10) | Target Loss: 1.0855 | DDPM Loss: 0.0389
Client 24 (CIFAR10) | Target Loss: 0.9060 | DDPM Loss: 0.0381
Client 25 (CIFAR10) | Target Loss: 0.9785 | DDPM Loss: 0.0376
Client 26 (CIFAR10) | Target Loss: 1.3454 | DDPM Loss: 0.0384
Client 27 (CIFAR10) | Target Loss: 1.4517 | DDPM Loss: 0.0373
Client 28 (CIFAR10) | Target Loss: 1.4061 | DDPM Loss: 0.0379
Client 29 (CIFAR10) | Target Loss: 1.1109 | DDPM Loss: 0.0390
Client 30 (CIFAR10) | Target Loss: 1.5572 | DDPM Loss: 0.0388
Client 31 (CIFAR10) | Target Loss: 1.6663 | DDPM Loss: 0.0375
Round 9 | Client 0 | Model: (MLP) | Acc: 91.49%
Round 9 | Client 1 | Model: (CNN) | Acc: 93.58%
Round 9 | Client 2 | Model: (ResNet8) | Acc: 97.40%
Round 9 | Client 3 | Model: (ResNet18) | Acc: 98.87%
Round 9 | Client 4 | Model: (MobileNetV2) | Acc: 94.65%
Round 9 | Client 5 | Model: (MobileNetV3) | Acc: 44.15%
Round 9 | Client 6 | Model: (LeNet) | Acc: 97.37%
Round 9 | Client 7 | Model: (AlexNet) | Acc: 97.37%
Round 9 | Client 8 | Model: (ShuffleNet) | Acc: 82.85%
Round 9 | Client 9 | Model: (SqueezeNet) | Acc: 95.85%
Round 9 | Client 11 | Model: (MLP) | Acc: 80.11%
Round 9 | Client 12 | Model: (CNN) | Acc: 83.17%
Round 9 | Client 13 | Model: (ResNet8) | Acc: 84.96%
Round 9 | Client 14 | Model: (ResNet18) | Acc: 85.78%
Round 9 | Client 15 | Model: (MobileNetV2) | Acc: 82.92%
Round 9 | Client 16 | Model: (MobileNetV3) | Acc: 75.38%
Round 9 | Client 17 | Model: (LeNet) | Acc: 84.79%
Round 9 | Client 18 | Model: (AlexNet) | Acc: 84.84%
Round 9 | Client 19 | Model: (ShuffleNet) | Acc: 81.13%
Round 9 | Client 20 | Model: (SqueezeNet) | Acc: 80.73%
Round 9 | Client 22 | Model: (MLP) | Acc: 40.77%
Round 9 | Client 23 | Model: (CNN) | Acc: 58.79%
Round 9 | Client 24 | Model: (ResNet8) | Acc: 51.07%
Round 9 | Client 25 | Model: (ResNet18) | Acc: 49.17%
Round 9 | Client 26 | Model: (MobileNetV2) | Acc: 39.66%
Round 9 | Client 27 | Model: (MobileNetV3) | Acc: 42.81%
Round 9 | Client 28 | Model: (LeNet) | Acc: 42.57%
Round 9 | Client 29 | Model: (AlexNet) | Acc: 50.49%
Round 9 | Client 30 | Model: (ShuffleNet) | Acc: 33.11%
Round 9 | Client 31 | Model: (SqueezeNet) | Acc: 25.73%
Selected client ids: [0, 1, 2, 3, 4, 5, 6, 7, 8, 9, 10, 11, 12, 13, 14, 15, 16, 17, 18, 19, 20, 21, 22, 23, 24, 25, 26, 27, 28, 29]
--- Round 10 ---
Client 0 (MNIST) | Target Loss: 0.1545 | DDPM Loss: 0.0122
Client 1 (MNIST) | Target Loss: 0.0471 | DDPM Loss: 0.0121
Client 2 (MNIST) | Target Loss: 0.0270 | DDPM Loss: 0.0121
Client 3 (MNIST) | Target Loss: 0.0239 | DDPM Loss: 0.0118
Client 4 (MNIST) | Target Loss: 0.1090 | DDPM Loss: 0.0117
Client 5 (MNIST) | Target Loss: 0.3978 | DDPM Loss: 0.0117
Client 6 (MNIST) | Target Loss: 0.0612 | DDPM Loss: 0.0119
Client 7 (MNIST) | Target Loss: 0.0470 | DDPM Loss: 0.0119
Client 8 (MNIST) | Target Loss: 1.1141 | DDPM Loss: 0.0136
Client 9 (MNIST) | Target Loss: 0.1429 | DDPM Loss: 0.0119
Client 11 (EMNIST) | Target Loss: 0.4536 | DDPM Loss: 0.0081
Client 12 (EMNIST) | Target Loss: 0.4201 | DDPM Loss: 0.0080
Client 13 (EMNIST) | Target Loss: 0.3167 | DDPM Loss: 0.0081
Client 14 (EMNIST) | Target Loss: 0.2974 | DDPM Loss: 0.0080
Client 15 (EMNIST) | Target Loss: 0.4562 | DDPM Loss: 0.0080
Client 16 (EMNIST) | Target Loss: 0.6455 | DDPM Loss: 0.0080
Client 17 (EMNIST) | Target Loss: 0.3781 | DDPM Loss: 0.0081
Client 18 (EMNIST) | Target Loss: 0.2917 | DDPM Loss: 0.0080
Client 19 (EMNIST) | Target Loss: 0.4625 | DDPM Loss: 0.0080
Client 20 (EMNIST) | Target Loss: 0.4996 | DDPM Loss: 0.0081
Client 22 (CIFAR10) | Target Loss: 0.7454 | DDPM Loss: 0.0385
Client 23 (CIFAR10) | Target Loss: 1.0365 | DDPM Loss: 0.0376
Client 24 (CIFAR10) | Target Loss: 0.8318 | DDPM Loss: 0.0376
Client 25 (CIFAR10) | Target Loss: 0.8478 | DDPM Loss: 0.0372
Client 26 (CIFAR10) | Target Loss: 1.2601 | DDPM Loss: 0.0371
Client 27 (CIFAR10) | Target Loss: 1.4239 | DDPM Loss: 0.0379
Client 28 (CIFAR10) | Target Loss: 1.3643 | DDPM Loss: 0.0366
Client 29 (CIFAR10) | Target Loss: 1.0189 | DDPM Loss: 0.0374
Client 30 (CIFAR10) | Target Loss: 1.4710 | DDPM Loss: 0.0381
Client 31 (CIFAR10) | Target Loss: 1.5974 | DDPM Loss: 0.0377
Round 10 | Client 0 | Model: (MLP) | Acc: 94.44%
Round 10 | Client 1 | Model: (CNN) | Acc: 76.41%
Round 10 | Client 2 | Model: (ResNet8) | Acc: 97.28%
Round 10 | Client 3 | Model: (ResNet18) | Acc: 98.08%
Round 10 | Client 4 | Model: (MobileNetV2) | Acc: 94.22%
Round 10 | Client 5 | Model: (MobileNetV3) | Acc: 65.77%
Round 10 | Client 6 | Model: (LeNet) | Acc: 97.26%
Round 10 | Client 7 | Model: (AlexNet) | Acc: 98.11%
Round 10 | Client 8 | Model: (ShuffleNet) | Acc: 68.82%
Round 10 | Client 9 | Model: (SqueezeNet) | Acc: 96.50%
Round 10 | Client 11 | Model: (MLP) | Acc: 80.35%
Round 10 | Client 12 | Model: (CNN) | Acc: 84.54%
Round 10 | Client 13 | Model: (ResNet8) | Acc: 85.21%
Round 10 | Client 14 | Model: (ResNet18) | Acc: 85.24%
Round 10 | Client 15 | Model: (MobileNetV2) | Acc: 83.80%
Round 10 | Client 16 | Model: (MobileNetV3) | Acc: 77.39%
Round 10 | Client 17 | Model: (LeNet) | Acc: 84.03%
Round 10 | Client 18 | Model: (AlexNet) | Acc: 84.58%
Round 10 | Client 19 | Model: (ShuffleNet) | Acc: 82.40%
Round 10 | Client 20 | Model: (SqueezeNet) | Acc: 82.01%
Round 10 | Client 22 | Model: (MLP) | Acc: 38.01%
Round 10 | Client 23 | Model: (CNN) | Acc: 33.19%
Round 10 | Client 24 | Model: (ResNet8) | Acc: 48.61%
Round 10 | Client 25 | Model: (ResNet18) | Acc: 56.27%
Round 10 | Client 26 | Model: (MobileNetV2) | Acc: 37.88%
Round 10 | Client 27 | Model: (MobileNetV3) | Acc: 42.60%
Round 10 | Client 28 | Model: (LeNet) | Acc: 47.08%
Round 10 | Client 29 | Model: (AlexNet) | Acc: 47.46%
Round 10 | Client 30 | Model: (ShuffleNet) | Acc: 34.32%
Round 10 | Client 31 | Model: (SqueezeNet) | Acc: 33.37%
Selected client ids: [0, 1, 2, 3, 4, 5, 6, 7, 8, 9, 10, 11, 12, 13, 14, 15, 16, 17, 18, 19, 20, 21, 22, 23, 24, 25, 26, 27, 28, 29]
--- Round 11 ---
Client 0 (MNIST) | Target Loss: 0.1206 | DDPM Loss: 0.0113
Client 1 (MNIST) | Target Loss: 0.0425 | DDPM Loss: 0.0112
Client 2 (MNIST) | Target Loss: 0.0287 | DDPM Loss: 0.0116
Client 3 (MNIST) | Target Loss: 0.0374 | DDPM Loss: 0.0123
Client 4 (MNIST) | Target Loss: 0.1060 | DDPM Loss: 0.0118
Client 5 (MNIST) | Target Loss: 0.3710 | DDPM Loss: 0.0116
Client 6 (MNIST) | Target Loss: 0.0521 | DDPM Loss: 0.0115
Client 7 (MNIST) | Target Loss: 0.0395 | DDPM Loss: 0.0117
Client 8 (MNIST) | Target Loss: 0.8576 | DDPM Loss: 0.0118
Client 9 (MNIST) | Target Loss: 0.1333 | DDPM Loss: 0.0117
Client 11 (EMNIST) | Target Loss: 0.4387 | DDPM Loss: 0.0079
Client 12 (EMNIST) | Target Loss: 0.4098 | DDPM Loss: 0.0079
Client 13 (EMNIST) | Target Loss: 0.3035 | DDPM Loss: 0.0079
Client 14 (EMNIST) | Target Loss: 0.2875 | DDPM Loss: 0.0079
Client 15 (EMNIST) | Target Loss: 0.4464 | DDPM Loss: 0.0079
Client 16 (EMNIST) | Target Loss: 0.6213 | DDPM Loss: 0.0080
Client 17 (EMNIST) | Target Loss: 0.3687 | DDPM Loss: 0.0079
Client 18 (EMNIST) | Target Loss: 0.2745 | DDPM Loss: 0.0080
Client 19 (EMNIST) | Target Loss: 0.4575 | DDPM Loss: 0.0080
Client 20 (EMNIST) | Target Loss: 0.4873 | DDPM Loss: 0.0080
Client 22 (CIFAR10) | Target Loss: 0.6877 | DDPM Loss: 0.0374
Client 23 (CIFAR10) | Target Loss: 1.0082 | DDPM Loss: 0.0373
Client 24 (CIFAR10) | Target Loss: 0.7561 | DDPM Loss: 0.0368
Client 25 (CIFAR10) | Target Loss: 0.7019 | DDPM Loss: 0.0372
Client 26 (CIFAR10) | Target Loss: 1.2205 | DDPM Loss: 0.0366
Client 27 (CIFAR10) | Target Loss: 1.4118 | DDPM Loss: 0.0365
Client 28 (CIFAR10) | Target Loss: 1.3323 | DDPM Loss: 0.0371
Client 29 (CIFAR10) | Target Loss: 0.9486 | DDPM Loss: 0.0369
Client 30 (CIFAR10) | Target Loss: 1.4637 | DDPM Loss: 0.0373
Client 31 (CIFAR10) | Target Loss: 1.5440 | DDPM Loss: 0.0367
Round 11 | Client 0 | Model: (MLP) | Acc: 92.69%
Round 11 | Client 1 | Model: (CNN) | Acc: 92.25%
Round 11 | Client 2 | Model: (ResNet8) | Acc: 92.98%
Round 11 | Client 3 | Model: (ResNet18) | Acc: 95.93%
Round 11 | Client 4 | Model: (MobileNetV2) | Acc: 93.68%
Round 11 | Client 5 | Model: (MobileNetV3) | Acc: 76.59%
Round 11 | Client 6 | Model: (LeNet) | Acc: 97.37%
Round 11 | Client 7 | Model: (AlexNet) | Acc: 98.00%
Round 11 | Client 8 | Model: (ShuffleNet) | Acc: 74.39%
Round 11 | Client 9 | Model: (SqueezeNet) | Acc: 96.94%
Round 11 | Client 11 | Model: (MLP) | Acc: 80.73%
Round 11 | Client 12 | Model: (CNN) | Acc: 83.28%
Round 11 | Client 13 | Model: (ResNet8) | Acc: 84.99%
Round 11 | Client 14 | Model: (ResNet18) | Acc: 85.66%
Round 11 | Client 15 | Model: (MobileNetV2) | Acc: 83.05%
Round 11 | Client 16 | Model: (MobileNetV3) | Acc: 77.77%
Round 11 | Client 17 | Model: (LeNet) | Acc: 83.86%
Round 11 | Client 18 | Model: (AlexNet) | Acc: 84.56%
Round 11 | Client 19 | Model: (ShuffleNet) | Acc: 81.88%
Round 11 | Client 20 | Model: (SqueezeNet) | Acc: 82.16%
Round 11 | Client 22 | Model: (MLP) | Acc: 40.29%
Round 11 | Client 23 | Model: (CNN) | Acc: 60.00%
Round 11 | Client 24 | Model: (ResNet8) | Acc: 52.46%
Round 11 | Client 25 | Model: (ResNet18) | Acc: 56.05%
Round 11 | Client 26 | Model: (MobileNetV2) | Acc: 39.66%
Round 11 | Client 27 | Model: (MobileNetV3) | Acc: 43.45%
Round 11 | Client 28 | Model: (LeNet) | Acc: 46.97%
Round 11 | Client 29 | Model: (AlexNet) | Acc: 52.00%
Round 11 | Client 30 | Model: (ShuffleNet) | Acc: 35.75%
Round 11 | Client 31 | Model: (SqueezeNet) | Acc: 33.82%
Selected client ids: [0, 1, 2, 3, 4, 5, 6, 7, 8, 9, 10, 11, 12, 13, 14, 15, 16, 17, 18, 19, 20, 21, 22, 23, 24, 25, 26, 27, 28, 29]
--- Round 12 ---
Client 0 (MNIST) | Target Loss: 0.1076 | DDPM Loss: 0.0111
Client 1 (MNIST) | Target Loss: 0.0330 | DDPM Loss: 0.0108
Client 2 (MNIST) | Target Loss: 0.0333 | DDPM Loss: 0.0109
Client 3 (MNIST) | Target Loss: 0.0532 | DDPM Loss: 0.0108
Client 4 (MNIST) | Target Loss: 0.1133 | DDPM Loss: 0.0114
Client 5 (MNIST) | Target Loss: 0.3656 | DDPM Loss: 0.0116
Client 6 (MNIST) | Target Loss: 0.0474 | DDPM Loss: 0.0112
Client 7 (MNIST) | Target Loss: 0.0145 | DDPM Loss: 0.0111
Client 8 (MNIST) | Target Loss: 0.7138 | DDPM Loss: 0.0109
Client 9 (MNIST) | Target Loss: 0.0939 | DDPM Loss: 0.0115
Client 11 (EMNIST) | Target Loss: 0.4260 | DDPM Loss: 0.0079
Client 12 (EMNIST) | Target Loss: 0.3994 | DDPM Loss: 0.0078
Client 13 (EMNIST) | Target Loss: 0.2916 | DDPM Loss: 0.0079
Client 14 (EMNIST) | Target Loss: 0.2742 | DDPM Loss: 0.0079
Client 15 (EMNIST) | Target Loss: 0.4335 | DDPM Loss: 0.0078
Client 16 (EMNIST) | Target Loss: 0.6051 | DDPM Loss: 0.0080
Client 17 (EMNIST) | Target Loss: 0.3599 | DDPM Loss: 0.0079
Client 18 (EMNIST) | Target Loss: 0.2596 | DDPM Loss: 0.0078
Client 19 (EMNIST) | Target Loss: 0.4438 | DDPM Loss: 0.0078
Client 20 (EMNIST) | Target Loss: 0.4818 | DDPM Loss: 0.0079
Client 22 (CIFAR10) | Target Loss: 0.5938 | DDPM Loss: 0.0372
Client 23 (CIFAR10) | Target Loss: 0.9674 | DDPM Loss: 0.0369
Client 24 (CIFAR10) | Target Loss: 0.6657 | DDPM Loss: 0.0379
Client 25 (CIFAR10) | Target Loss: 0.5920 | DDPM Loss: 0.0363
Client 26 (CIFAR10) | Target Loss: 1.1603 | DDPM Loss: 0.0367
Client 27 (CIFAR10) | Target Loss: 1.3858 | DDPM Loss: 0.0365
Client 28 (CIFAR10) | Target Loss: 1.2836 | DDPM Loss: 0.0369
Client 29 (CIFAR10) | Target Loss: 0.8079 | DDPM Loss: 0.0375
Client 30 (CIFAR10) | Target Loss: 1.4035 | DDPM Loss: 0.0375
Client 31 (CIFAR10) | Target Loss: 1.5727 | DDPM Loss: 0.0359
Round 12 | Client 0 | Model: (MLP) | Acc: 93.68%
Round 12 | Client 1 | Model: (CNN) | Acc: 93.69%
Round 12 | Client 2 | Model: (ResNet8) | Acc: 95.47%
Round 12 | Client 3 | Model: (ResNet18) | Acc: 98.42%
Round 12 | Client 4 | Model: (MobileNetV2) | Acc: 94.22%
Round 12 | Client 5 | Model: (MobileNetV3) | Acc: 79.93%
Round 12 | Client 6 | Model: (LeNet) | Acc: 97.26%
Round 12 | Client 7 | Model: (AlexNet) | Acc: 98.00%
Round 12 | Client 8 | Model: (ShuffleNet) | Acc: 75.17%
Round 12 | Client 9 | Model: (SqueezeNet) | Acc: 93.99%
Round 12 | Client 11 | Model: (MLP) | Acc: 80.77%
Round 12 | Client 12 | Model: (CNN) | Acc: 84.16%
Round 12 | Client 13 | Model: (ResNet8) | Acc: 84.88%
Round 12 | Client 14 | Model: (ResNet18) | Acc: 86.28%
Round 12 | Client 15 | Model: (MobileNetV2) | Acc: 83.30%
Round 12 | Client 16 | Model: (MobileNetV3) | Acc: 77.89%
Round 12 | Client 17 | Model: (LeNet) | Acc: 83.95%
Round 12 | Client 18 | Model: (AlexNet) | Acc: 84.41%
Round 12 | Client 19 | Model: (ShuffleNet) | Acc: 82.70%
Round 12 | Client 20 | Model: (SqueezeNet) | Acc: 82.73%
Round 12 | Client 22 | Model: (MLP) | Acc: 41.37%
Round 12 | Client 23 | Model: (CNN) | Acc: 53.52%
Round 12 | Client 24 | Model: (ResNet8) | Acc: 41.11%
Round 12 | Client 25 | Model: (ResNet18) | Acc: 57.94%
Round 12 | Client 26 | Model: (MobileNetV2) | Acc: 35.57%
Round 12 | Client 27 | Model: (MobileNetV3) | Acc: 45.28%
Round 12 | Client 28 | Model: (LeNet) | Acc: 48.51%
Round 12 | Client 29 | Model: (AlexNet) | Acc: 51.78%
Round 12 | Client 30 | Model: (ShuffleNet) | Acc: 36.29%
Round 12 | Client 31 | Model: (SqueezeNet) | Acc: 35.39%
Selected client ids: [0, 1, 2, 3, 4, 5, 6, 7, 8, 9, 10, 11, 12, 13, 14, 15, 16, 17, 18, 19, 20, 21, 22, 23, 24, 25, 26, 27, 28, 29]
--- Round 13 ---
Client 0 (MNIST) | Target Loss: 0.0809 | DDPM Loss: 0.0111
Client 1 (MNIST) | Target Loss: 0.0324 | DDPM Loss: 0.0106
Client 2 (MNIST) | Target Loss: 0.0192 | DDPM Loss: 0.0108
Client 3 (MNIST) | Target Loss: 0.0178 | DDPM Loss: 0.0108
Client 4 (MNIST) | Target Loss: 0.1026 | DDPM Loss: 0.0109
Client 5 (MNIST) | Target Loss: 0.3192 | DDPM Loss: 0.0119
Client 6 (MNIST) | Target Loss: 0.0436 | DDPM Loss: 0.0109
Client 7 (MNIST) | Target Loss: 0.0092 | DDPM Loss: 0.0109
Client 8 (MNIST) | Target Loss: 0.6140 | DDPM Loss: 0.0112
Client 9 (MNIST) | Target Loss: 0.0906 | DDPM Loss: 0.0109
Client 11 (EMNIST) | Target Loss: 0.4161 | DDPM Loss: 0.0078
Client 12 (EMNIST) | Target Loss: 0.3927 | DDPM Loss: 0.0077
Client 13 (EMNIST) | Target Loss: 0.2763 | DDPM Loss: 0.0078
Client 14 (EMNIST) | Target Loss: 0.2611 | DDPM Loss: 0.0078
Client 15 (EMNIST) | Target Loss: 0.4351 | DDPM Loss: 0.0078
Client 16 (EMNIST) | Target Loss: 0.5938 | DDPM Loss: 0.0078
Client 17 (EMNIST) | Target Loss: 0.3518 | DDPM Loss: 0.0078
Client 18 (EMNIST) | Target Loss: 0.2441 | DDPM Loss: 0.0078
Client 19 (EMNIST) | Target Loss: 0.4317 | DDPM Loss: 0.0077
Client 20 (EMNIST) | Target Loss: 0.4719 | DDPM Loss: 0.0078
Client 22 (CIFAR10) | Target Loss: 0.5449 | DDPM Loss: 0.0368
Client 23 (CIFAR10) | Target Loss: 0.9263 | DDPM Loss: 0.0369
Client 24 (CIFAR10) | Target Loss: 0.5827 | DDPM Loss: 0.0362
Client 25 (CIFAR10) | Target Loss: 0.4337 | DDPM Loss: 0.0356
Client 26 (CIFAR10) | Target Loss: 1.1177 | DDPM Loss: 0.0358
Client 27 (CIFAR10) | Target Loss: 1.3549 | DDPM Loss: 0.0364
Client 28 (CIFAR10) | Target Loss: 1.2408 | DDPM Loss: 0.0355
Client 29 (CIFAR10) | Target Loss: 0.7161 | DDPM Loss: 0.0366
Client 30 (CIFAR10) | Target Loss: 1.3268 | DDPM Loss: 0.0381
Client 31 (CIFAR10) | Target Loss: 1.4857 | DDPM Loss: 0.0375
Round 13 | Client 0 | Model: (MLP) | Acc: 94.00%
Round 13 | Client 1 | Model: (CNN) | Acc: 75.86%
Round 13 | Client 2 | Model: (ResNet8) | Acc: 97.40%
Round 13 | Client 3 | Model: (ResNet18) | Acc: 98.87%
Round 13 | Client 4 | Model: (MobileNetV2) | Acc: 93.79%
Round 13 | Client 5 | Model: (MobileNetV3) | Acc: 72.13%
Round 13 | Client 6 | Model: (LeNet) | Acc: 97.59%
Round 13 | Client 7 | Model: (AlexNet) | Acc: 97.58%
Round 13 | Client 8 | Model: (ShuffleNet) | Acc: 75.06%
Round 13 | Client 9 | Model: (SqueezeNet) | Acc: 96.07%
Round 13 | Client 11 | Model: (MLP) | Acc: 80.16%
Round 13 | Client 12 | Model: (CNN) | Acc: 84.32%
Round 13 | Client 13 | Model: (ResNet8) | Acc: 84.88%
Round 13 | Client 14 | Model: (ResNet18) | Acc: 85.62%
Round 13 | Client 15 | Model: (MobileNetV2) | Acc: 83.40%
Round 13 | Client 16 | Model: (MobileNetV3) | Acc: 74.28%
Round 13 | Client 17 | Model: (LeNet) | Acc: 84.33%
Round 13 | Client 18 | Model: (AlexNet) | Acc: 84.27%
Round 13 | Client 19 | Model: (ShuffleNet) | Acc: 82.78%
Round 13 | Client 20 | Model: (SqueezeNet) | Acc: 82.35%
Round 13 | Client 22 | Model: (MLP) | Acc: 36.81%
Round 13 | Client 23 | Model: (CNN) | Acc: 53.30%
Round 13 | Client 24 | Model: (ResNet8) | Acc: 53.75%
Round 13 | Client 25 | Model: (ResNet18) | Acc: 55.72%
Round 13 | Client 26 | Model: (MobileNetV2) | Acc: 40.61%
Round 13 | Client 27 | Model: (MobileNetV3) | Acc: 43.35%
Round 13 | Client 28 | Model: (LeNet) | Acc: 48.51%
Round 13 | Client 29 | Model: (AlexNet) | Acc: 55.78%
Round 13 | Client 30 | Model: (ShuffleNet) | Acc: 36.62%
Round 13 | Client 31 | Model: (SqueezeNet) | Acc: 34.04%
Selected client ids: [0, 1, 2, 3, 4, 5, 6, 7, 8, 9, 10, 11, 12, 13, 14, 15, 16, 17, 18, 19, 20, 21, 22, 23, 24, 25, 26, 27, 28, 29]
--- Round 14 ---
Client 0 (MNIST) | Target Loss: 0.0905 | DDPM Loss: 0.0107
Client 1 (MNIST) | Target Loss: 0.0399 | DDPM Loss: 0.0104
Client 2 (MNIST) | Target Loss: 0.0074 | DDPM Loss: 0.0109
Client 3 (MNIST) | Target Loss: 0.0068 | DDPM Loss: 0.0105
Client 4 (MNIST) | Target Loss: 0.0748 | DDPM Loss: 0.0108
Client 5 (MNIST) | Target Loss: 0.3001 | DDPM Loss: 0.0128
Client 6 (MNIST) | Target Loss: 0.0449 | DDPM Loss: 0.0104
Client 7 (MNIST) | Target Loss: 0.0455 | DDPM Loss: 0.0107
Client 8 (MNIST) | Target Loss: 0.5615 | DDPM Loss: 0.0108
Client 9 (MNIST) | Target Loss: 0.0723 | DDPM Loss: 0.0107
Client 11 (EMNIST) | Target Loss: 0.4117 | DDPM Loss: 0.0077
Client 12 (EMNIST) | Target Loss: 0.3827 | DDPM Loss: 0.0077
Client 13 (EMNIST) | Target Loss: 0.2603 | DDPM Loss: 0.0077
Client 14 (EMNIST) | Target Loss: 0.2438 | DDPM Loss: 0.0077
Client 15 (EMNIST) | Target Loss: 0.4165 | DDPM Loss: 0.0077
Client 16 (EMNIST) | Target Loss: 0.5817 | DDPM Loss: 0.0077
Client 17 (EMNIST) | Target Loss: 0.3424 | DDPM Loss: 0.0077
Client 18 (EMNIST) | Target Loss: 0.2315 | DDPM Loss: 0.0077
Client 19 (EMNIST) | Target Loss: 0.4251 | DDPM Loss: 0.0077
Client 20 (EMNIST) | Target Loss: 0.4691 | DDPM Loss: 0.0077
Client 22 (CIFAR10) | Target Loss: 0.4528 | DDPM Loss: 0.0357
Client 23 (CIFAR10) | Target Loss: 0.9063 | DDPM Loss: 0.0362
Client 24 (CIFAR10) | Target Loss: 0.4824 | DDPM Loss: 0.0350
Client 25 (CIFAR10) | Target Loss: 0.3690 | DDPM Loss: 0.0358
Client 26 (CIFAR10) | Target Loss: 1.0618 | DDPM Loss: 0.0358
Client 27 (CIFAR10) | Target Loss: 1.3280 | DDPM Loss: 0.0354
Client 28 (CIFAR10) | Target Loss: 1.2027 | DDPM Loss: 0.0362
Client 29 (CIFAR10) | Target Loss: 0.5972 | DDPM Loss: 0.0365
Client 30 (CIFAR10) | Target Loss: 1.2807 | DDPM Loss: 0.0369
Client 31 (CIFAR10) | Target Loss: 1.4024 | DDPM Loss: 0.0367
Round 14 | Client 0 | Model: (MLP) | Acc: 94.55%
Round 14 | Client 1 | Model: (CNN) | Acc: 74.75%
Round 14 | Client 2 | Model: (ResNet8) | Acc: 98.07%
Round 14 | Client 3 | Model: (ResNet18) | Acc: 99.21%
Round 14 | Client 4 | Model: (MobileNetV2) | Acc: 96.36%
Round 14 | Client 5 | Model: (MobileNetV3) | Acc: 86.62%
Round 14 | Client 6 | Model: (LeNet) | Acc: 97.81%
Round 14 | Client 7 | Model: (AlexNet) | Acc: 97.58%
Round 14 | Client 8 | Model: (ShuffleNet) | Acc: 78.51%
Round 14 | Client 9 | Model: (SqueezeNet) | Acc: 97.38%
Round 14 | Client 11 | Model: (MLP) | Acc: 80.73%
Round 14 | Client 12 | Model: (CNN) | Acc: 84.60%
Round 14 | Client 13 | Model: (ResNet8) | Acc: 84.41%
Round 14 | Client 14 | Model: (ResNet18) | Acc: 84.88%
Round 14 | Client 15 | Model: (MobileNetV2) | Acc: 82.93%
Round 14 | Client 16 | Model: (MobileNetV3) | Acc: 78.24%
Round 14 | Client 17 | Model: (LeNet) | Acc: 84.75%
Round 14 | Client 18 | Model: (AlexNet) | Acc: 84.51%
Round 14 | Client 19 | Model: (ShuffleNet) | Acc: 82.50%
Round 14 | Client 20 | Model: (SqueezeNet) | Acc: 82.65%
Round 14 | Client 22 | Model: (MLP) | Acc: 40.77%
Round 14 | Client 23 | Model: (CNN) | Acc: 59.78%
Round 14 | Client 24 | Model: (ResNet8) | Acc: 54.18%
Round 14 | Client 25 | Model: (ResNet18) | Acc: 56.83%
Round 14 | Client 26 | Model: (MobileNetV2) | Acc: 41.45%
Round 14 | Client 27 | Model: (MobileNetV3) | Acc: 43.45%
Round 14 | Client 28 | Model: (LeNet) | Acc: 49.72%
Round 14 | Client 29 | Model: (AlexNet) | Acc: 52.97%
Round 14 | Client 30 | Model: (ShuffleNet) | Acc: 36.40%
Round 14 | Client 31 | Model: (SqueezeNet) | Acc: 34.72%
Selected client ids: [0, 1, 2, 3, 4, 5, 6, 7, 8, 9, 10, 11, 12, 13, 14, 15, 16, 17, 18, 19, 20, 21, 22, 23, 24, 25, 26, 27, 28, 29]
--- Round 15 ---
Client 0 (MNIST) | Target Loss: 0.0804 | DDPM Loss: 0.0104
Client 1 (MNIST) | Target Loss: 0.0264 | DDPM Loss: 0.0104
Client 2 (MNIST) | Target Loss: 0.0040 | DDPM Loss: 0.0103
Client 3 (MNIST) | Target Loss: 0.0120 | DDPM Loss: 0.0101
Client 4 (MNIST) | Target Loss: 0.0604 | DDPM Loss: 0.0107
Client 5 (MNIST) | Target Loss: 0.2849 | DDPM Loss: 0.0101
Client 6 (MNIST) | Target Loss: 0.0251 | DDPM Loss: 0.0104
Client 7 (MNIST) | Target Loss: 0.0131 | DDPM Loss: 0.0104
Client 8 (MNIST) | Target Loss: 0.6128 | DDPM Loss: 0.0110
Client 9 (MNIST) | Target Loss: 0.1230 | DDPM Loss: 0.0106
Client 11 (EMNIST) | Target Loss: 0.4030 | DDPM Loss: 0.0077
Client 12 (EMNIST) | Target Loss: 0.3762 | DDPM Loss: 0.0076
Client 13 (EMNIST) | Target Loss: 0.2475 | DDPM Loss: 0.0077
Client 14 (EMNIST) | Target Loss: 0.2286 | DDPM Loss: 0.0076
Client 15 (EMNIST) | Target Loss: 0.4104 | DDPM Loss: 0.0076
Client 16 (EMNIST) | Target Loss: 0.5692 | DDPM Loss: 0.0077
Client 17 (EMNIST) | Target Loss: 0.3356 | DDPM Loss: 0.0076
Client 18 (EMNIST) | Target Loss: 0.2158 | DDPM Loss: 0.0076
Client 19 (EMNIST) | Target Loss: 0.4149 | DDPM Loss: 0.0077
Client 20 (EMNIST) | Target Loss: 0.4653 | DDPM Loss: 0.0077
Client 22 (CIFAR10) | Target Loss: 0.3912 | DDPM Loss: 0.0354
Client 23 (CIFAR10) | Target Loss: 0.9044 | DDPM Loss: 0.0368
Client 24 (CIFAR10) | Target Loss: 0.3877 | DDPM Loss: 0.0356
Client 25 (CIFAR10) | Target Loss: 0.2824 | DDPM Loss: 0.0351
Client 26 (CIFAR10) | Target Loss: 1.0109 | DDPM Loss: 0.0362
Client 27 (CIFAR10) | Target Loss: 1.3180 | DDPM Loss: 0.0363
Client 28 (CIFAR10) | Target Loss: 1.1730 | DDPM Loss: 0.0352
Client 29 (CIFAR10) | Target Loss: 0.5138 | DDPM Loss: 0.0362
Client 30 (CIFAR10) | Target Loss: 1.2352 | DDPM Loss: 0.0359
Client 31 (CIFAR10) | Target Loss: 1.3684 | DDPM Loss: 0.0368
Round 15 | Client 0 | Model: (MLP) | Acc: 94.66%
Round 15 | Client 1 | Model: (CNN) | Acc: 89.48%
Round 15 | Client 2 | Model: (ResNet8) | Acc: 97.85%
Round 15 | Client 3 | Model: (ResNet18) | Acc: 98.98%
Round 15 | Client 4 | Model: (MobileNetV2) | Acc: 94.86%
Round 15 | Client 5 | Model: (MobileNetV3) | Acc: 86.73%
Round 15 | Client 6 | Model: (LeNet) | Acc: 97.16%
Round 15 | Client 7 | Model: (AlexNet) | Acc: 98.11%
Round 15 | Client 8 | Model: (ShuffleNet) | Acc: 79.40%
Round 15 | Client 9 | Model: (SqueezeNet) | Acc: 94.75%
Round 15 | Client 11 | Model: (MLP) | Acc: 80.44%
Round 15 | Client 12 | Model: (CNN) | Acc: 84.78%
Round 15 | Client 13 | Model: (ResNet8) | Acc: 84.98%
Round 15 | Client 14 | Model: (ResNet18) | Acc: 86.00%
Round 15 | Client 15 | Model: (MobileNetV2) | Acc: 83.76%
Round 15 | Client 16 | Model: (MobileNetV3) | Acc: 76.69%
Round 15 | Client 17 | Model: (LeNet) | Acc: 84.81%
Round 15 | Client 18 | Model: (AlexNet) | Acc: 83.88%
Round 15 | Client 19 | Model: (ShuffleNet) | Acc: 82.52%
Round 15 | Client 20 | Model: (SqueezeNet) | Acc: 81.85%
Round 15 | Client 22 | Model: (MLP) | Acc: 40.65%
Round 15 | Client 23 | Model: (CNN) | Acc: 53.74%
Round 15 | Client 24 | Model: (ResNet8) | Acc: 53.00%
Round 15 | Client 25 | Model: (ResNet18) | Acc: 58.05%
Round 15 | Client 26 | Model: (MobileNetV2) | Acc: 41.55%
Round 15 | Client 27 | Model: (MobileNetV3) | Acc: 43.45%
Round 15 | Client 28 | Model: (LeNet) | Acc: 50.50%
Round 15 | Client 29 | Model: (AlexNet) | Acc: 53.08%
Round 15 | Client 30 | Model: (ShuffleNet) | Acc: 34.21%
Round 15 | Client 31 | Model: (SqueezeNet) | Acc: 37.30%
Selected client ids: [0, 1, 2, 3, 4, 5, 6, 7, 8, 9, 10, 11, 12, 13, 14, 15, 16, 17, 18, 19, 20, 21, 22, 23, 24, 25, 26, 27, 28, 29]
--- Round 16 ---
Client 0 (MNIST) | Target Loss: 0.0947 | DDPM Loss: 0.0101
Client 1 (MNIST) | Target Loss: 0.0355 | DDPM Loss: 0.0101
Client 2 (MNIST) | Target Loss: 0.0071 | DDPM Loss: 0.0103
Client 3 (MNIST) | Target Loss: 0.0075 | DDPM Loss: 0.0101
Client 4 (MNIST) | Target Loss: 0.0781 | DDPM Loss: 0.0106
Client 5 (MNIST) | Target Loss: 0.3086 | DDPM Loss: 0.0096
Client 6 (MNIST) | Target Loss: 0.0277 | DDPM Loss: 0.0101
Client 7 (MNIST) | Target Loss: 0.0105 | DDPM Loss: 0.0102
Client 8 (MNIST) | Target Loss: 0.5220 | DDPM Loss: 0.0107
Client 9 (MNIST) | Target Loss: 0.1131 | DDPM Loss: 0.0104
Client 11 (EMNIST) | Target Loss: 0.3955 | DDPM Loss: 0.0076
Client 12 (EMNIST) | Target Loss: 0.3717 | DDPM Loss: 0.0076
Client 13 (EMNIST) | Target Loss: 0.2337 | DDPM Loss: 0.0076
Client 14 (EMNIST) | Target Loss: 0.2129 | DDPM Loss: 0.0076
Client 15 (EMNIST) | Target Loss: 0.4010 | DDPM Loss: 0.0076
Client 16 (EMNIST) | Target Loss: 0.5655 | DDPM Loss: 0.0075
Client 17 (EMNIST) | Target Loss: 0.3277 | DDPM Loss: 0.0076
Client 18 (EMNIST) | Target Loss: 0.2043 | DDPM Loss: 0.0076
Client 19 (EMNIST) | Target Loss: 0.4097 | DDPM Loss: 0.0076
Client 20 (EMNIST) | Target Loss: 0.4580 | DDPM Loss: 0.0076
Client 22 (CIFAR10) | Target Loss: 0.3480 | DDPM Loss: 0.0342
Client 23 (CIFAR10) | Target Loss: 0.8570 | DDPM Loss: 0.0359
Client 24 (CIFAR10) | Target Loss: 0.3358 | DDPM Loss: 0.0359
Client 25 (CIFAR10) | Target Loss: 0.1995 | DDPM Loss: 0.0359
Client 26 (CIFAR10) | Target Loss: 0.9525 | DDPM Loss: 0.0359
Client 27 (CIFAR10) | Target Loss: 1.2916 | DDPM Loss: 0.0358
Client 28 (CIFAR10) | Target Loss: 1.1348 | DDPM Loss: 0.0358
Client 29 (CIFAR10) | Target Loss: 0.4172 | DDPM Loss: 0.0363
Client 30 (CIFAR10) | Target Loss: 1.2065 | DDPM Loss: 0.0360
Client 31 (CIFAR10) | Target Loss: 1.3565 | DDPM Loss: 0.0347
Round 16 | Client 0 | Model: (MLP) | Acc: 92.04%
Round 16 | Client 1 | Model: (CNN) | Acc: 80.18%
Round 16 | Client 2 | Model: (ResNet8) | Acc: 97.28%
Round 16 | Client 3 | Model: (ResNet18) | Acc: 98.87%
Round 16 | Client 4 | Model: (MobileNetV2) | Acc: 95.18%
Round 16 | Client 5 | Model: (MobileNetV3) | Acc: 27.31%
Round 16 | Client 6 | Model: (LeNet) | Acc: 98.25%
Round 16 | Client 7 | Model: (AlexNet) | Acc: 98.11%
Round 16 | Client 8 | Model: (ShuffleNet) | Acc: 78.84%
Round 16 | Client 9 | Model: (SqueezeNet) | Acc: 95.52%
Round 16 | Client 11 | Model: (MLP) | Acc: 79.99%
Round 16 | Client 12 | Model: (CNN) | Acc: 85.66%
Round 16 | Client 13 | Model: (ResNet8) | Acc: 84.15%
Round 16 | Client 14 | Model: (ResNet18) | Acc: 85.12%
Round 16 | Client 15 | Model: (MobileNetV2) | Acc: 84.23%
Round 16 | Client 16 | Model: (MobileNetV3) | Acc: 75.43%
Round 16 | Client 17 | Model: (LeNet) | Acc: 84.23%
Round 16 | Client 18 | Model: (AlexNet) | Acc: 84.02%
Round 16 | Client 19 | Model: (ShuffleNet) | Acc: 82.26%
Round 16 | Client 20 | Model: (SqueezeNet) | Acc: 82.73%
Round 16 | Client 22 | Model: (MLP) | Acc: 39.81%
Round 16 | Client 23 | Model: (CNN) | Acc: 55.82%
Round 16 | Client 24 | Model: (ResNet8) | Acc: 56.85%
Round 16 | Client 25 | Model: (ResNet18) | Acc: 57.94%
Round 16 | Client 26 | Model: (MobileNetV2) | Acc: 38.20%
Round 16 | Client 27 | Model: (MobileNetV3) | Acc: 46.24%
Round 16 | Client 28 | Model: (LeNet) | Acc: 50.28%
Round 16 | Client 29 | Model: (AlexNet) | Acc: 54.16%
Round 16 | Client 30 | Model: (ShuffleNet) | Acc: 36.84%
Round 16 | Client 31 | Model: (SqueezeNet) | Acc: 38.76%
Selected client ids: [0, 1, 2, 3, 4, 5, 6, 7, 8, 9, 10, 11, 12, 13, 14, 15, 16, 17, 18, 19, 20, 21, 22, 23, 24, 25, 26, 27, 28, 29]
--- Round 17 ---
Client 0 (MNIST) | Target Loss: 0.0683 | DDPM Loss: 0.0103
Client 1 (MNIST) | Target Loss: 0.0207 | DDPM Loss: 0.0097
Client 2 (MNIST) | Target Loss: 0.0101 | DDPM Loss: 0.0101
Client 3 (MNIST) | Target Loss: 0.0275 | DDPM Loss: 0.0101
Client 4 (MNIST) | Target Loss: 0.0840 | DDPM Loss: 0.0099
Client 5 (MNIST) | Target Loss: 0.2639 | DDPM Loss: 0.0122
Client 6 (MNIST) | Target Loss: 0.0240 | DDPM Loss: 0.0097
Client 7 (MNIST) | Target Loss: 0.0136 | DDPM Loss: 0.0105
Client 8 (MNIST) | Target Loss: 0.4670 | DDPM Loss: 0.0101
Client 9 (MNIST) | Target Loss: 0.0796 | DDPM Loss: 0.0098
Client 11 (EMNIST) | Target Loss: 0.3960 | DDPM Loss: 0.0076
Client 12 (EMNIST) | Target Loss: 0.3653 | DDPM Loss: 0.0075
Client 13 (EMNIST) | Target Loss: 0.2195 | DDPM Loss: 0.0076
Client 14 (EMNIST) | Target Loss: 0.1958 | DDPM Loss: 0.0075
Client 15 (EMNIST) | Target Loss: 0.3926 | DDPM Loss: 0.0075
Client 16 (EMNIST) | Target Loss: 0.5512 | DDPM Loss: 0.0075
Client 17 (EMNIST) | Target Loss: 0.3238 | DDPM Loss: 0.0075
Client 18 (EMNIST) | Target Loss: 0.1917 | DDPM Loss: 0.0075
Client 19 (EMNIST) | Target Loss: 0.4008 | DDPM Loss: 0.0075
Client 20 (EMNIST) | Target Loss: 0.4583 | DDPM Loss: 0.0076
Client 22 (CIFAR10) | Target Loss: 0.3532 | DDPM Loss: 0.0361
Client 23 (CIFAR10) | Target Loss: 0.7999 | DDPM Loss: 0.0358
Client 24 (CIFAR10) | Target Loss: 0.2770 | DDPM Loss: 0.0351
Client 25 (CIFAR10) | Target Loss: 0.1610 | DDPM Loss: 0.0350
Client 26 (CIFAR10) | Target Loss: 0.9152 | DDPM Loss: 0.0357
Client 27 (CIFAR10) | Target Loss: 1.2718 | DDPM Loss: 0.0347
Client 28 (CIFAR10) | Target Loss: 1.1326 | DDPM Loss: 0.0361
Client 29 (CIFAR10) | Target Loss: 0.3089 | DDPM Loss: 0.0360
Client 30 (CIFAR10) | Target Loss: 1.1265 | DDPM Loss: 0.0361
Client 31 (CIFAR10) | Target Loss: 1.2827 | DDPM Loss: 0.0359
Round 17 | Client 0 | Model: (MLP) | Acc: 94.98%
Round 17 | Client 1 | Model: (CNN) | Acc: 95.13%
Round 17 | Client 2 | Model: (ResNet8) | Acc: 98.53%
Round 17 | Client 3 | Model: (ResNet18) | Acc: 98.42%
Round 17 | Client 4 | Model: (MobileNetV2) | Acc: 95.50%
Round 17 | Client 5 | Model: (MobileNetV3) | Acc: 83.05%
Round 17 | Client 6 | Model: (LeNet) | Acc: 97.48%
Round 17 | Client 7 | Model: (AlexNet) | Acc: 98.11%
Round 17 | Client 8 | Model: (ShuffleNet) | Acc: 78.17%
Round 17 | Client 9 | Model: (SqueezeNet) | Acc: 97.49%
Round 17 | Client 11 | Model: (MLP) | Acc: 81.21%
Round 17 | Client 12 | Model: (CNN) | Acc: 84.55%
Round 17 | Client 13 | Model: (ResNet8) | Acc: 84.33%
Round 17 | Client 14 | Model: (ResNet18) | Acc: 84.72%
Round 17 | Client 15 | Model: (MobileNetV2) | Acc: 83.93%
Round 17 | Client 16 | Model: (MobileNetV3) | Acc: 79.70%
Round 17 | Client 17 | Model: (LeNet) | Acc: 84.37%
Round 17 | Client 18 | Model: (AlexNet) | Acc: 83.37%
Round 17 | Client 19 | Model: (ShuffleNet) | Acc: 82.99%
Round 17 | Client 20 | Model: (SqueezeNet) | Acc: 82.13%
Round 17 | Client 22 | Model: (MLP) | Acc: 40.77%
Round 17 | Client 23 | Model: (CNN) | Acc: 60.44%
Round 17 | Client 24 | Model: (ResNet8) | Acc: 60.28%
Round 17 | Client 25 | Model: (ResNet18) | Acc: 59.71%
Round 17 | Client 26 | Model: (MobileNetV2) | Acc: 41.76%
Round 17 | Client 27 | Model: (MobileNetV3) | Acc: 45.71%
Round 17 | Client 28 | Model: (LeNet) | Acc: 51.27%
Round 17 | Client 29 | Model: (AlexNet) | Acc: 56.32%
Round 17 | Client 30 | Model: (ShuffleNet) | Acc: 36.29%
Round 17 | Client 31 | Model: (SqueezeNet) | Acc: 38.99%
Selected client ids: [0, 1, 2, 3, 4, 5, 6, 7, 8, 9, 10, 11, 12, 13, 14, 15, 16, 17, 18, 19, 20, 21, 22, 23, 24, 25, 26, 27, 28, 29]
--- Round 18 ---
Client 0 (MNIST) | Target Loss: 0.0692 | DDPM Loss: 0.0099
Client 1 (MNIST) | Target Loss: 0.0189 | DDPM Loss: 0.0100
Client 2 (MNIST) | Target Loss: 0.0042 | DDPM Loss: 0.0102
Client 3 (MNIST) | Target Loss: 0.1144 | DDPM Loss: 0.0112
Client 4 (MNIST) | Target Loss: 0.0653 | DDPM Loss: 0.0098
Client 5 (MNIST) | Target Loss: 0.2493 | DDPM Loss: 0.0097
Client 6 (MNIST) | Target Loss: 0.0203 | DDPM Loss: 0.0096
Client 7 (MNIST) | Target Loss: 0.0184 | DDPM Loss: 0.0096
Client 8 (MNIST) | Target Loss: 0.3974 | DDPM Loss: 0.0096
Client 9 (MNIST) | Target Loss: 0.0772 | DDPM Loss: 0.0101
Client 11 (EMNIST) | Target Loss: 0.3805 | DDPM Loss: 0.0075
Client 12 (EMNIST) | Target Loss: 0.3574 | DDPM Loss: 0.0075
Client 13 (EMNIST) | Target Loss: 0.2039 | DDPM Loss: 0.0075
Client 14 (EMNIST) | Target Loss: 0.1789 | DDPM Loss: 0.0075
Client 15 (EMNIST) | Target Loss: 0.3893 | DDPM Loss: 0.0075
Client 16 (EMNIST) | Target Loss: 0.5373 | DDPM Loss: 0.0075
Client 17 (EMNIST) | Target Loss: 0.3176 | DDPM Loss: 0.0075
Client 18 (EMNIST) | Target Loss: 0.1773 | DDPM Loss: 0.0075
Client 19 (EMNIST) | Target Loss: 0.3945 | DDPM Loss: 0.0075
Client 20 (EMNIST) | Target Loss: 0.4526 | DDPM Loss: 0.0075
Client 22 (CIFAR10) | Target Loss: 0.2270 | DDPM Loss: 0.0350
Client 23 (CIFAR10) | Target Loss: 0.8039 | DDPM Loss: 0.0354
Client 24 (CIFAR10) | Target Loss: 0.1474 | DDPM Loss: 0.0357
Client 25 (CIFAR10) | Target Loss: 0.0992 | DDPM Loss: 0.0349
Client 26 (CIFAR10) | Target Loss: 0.8763 | DDPM Loss: 0.0349
Client 27 (CIFAR10) | Target Loss: 1.2391 | DDPM Loss: 0.0354
Client 28 (CIFAR10) | Target Loss: 1.0704 | DDPM Loss: 0.0348
Client 29 (CIFAR10) | Target Loss: 0.2447 | DDPM Loss: 0.0358
Client 30 (CIFAR10) | Target Loss: 1.0938 | DDPM Loss: 0.0363
Client 31 (CIFAR10) | Target Loss: 1.2640 | DDPM Loss: 0.0347
Round 18 | Client 0 | Model: (MLP) | Acc: 94.44%
Round 18 | Client 1 | Model: (CNN) | Acc: 93.91%
Round 18 | Client 2 | Model: (ResNet8) | Acc: 95.70%
Round 18 | Client 3 | Model: (ResNet18) | Acc: 98.19%
Round 18 | Client 4 | Model: (MobileNetV2) | Acc: 96.36%
Round 18 | Client 5 | Model: (MobileNetV3) | Acc: 53.73%
Round 18 | Client 6 | Model: (LeNet) | Acc: 98.03%
Round 18 | Client 7 | Model: (AlexNet) | Acc: 97.47%
Round 18 | Client 8 | Model: (ShuffleNet) | Acc: 81.29%
Round 18 | Client 9 | Model: (SqueezeNet) | Acc: 96.83%
Round 18 | Client 11 | Model: (MLP) | Acc: 80.04%
Round 18 | Client 12 | Model: (CNN) | Acc: 84.62%
Round 18 | Client 13 | Model: (ResNet8) | Acc: 84.52%
Round 18 | Client 14 | Model: (ResNet18) | Acc: 84.12%
Round 18 | Client 15 | Model: (MobileNetV2) | Acc: 83.52%
Round 18 | Client 16 | Model: (MobileNetV3) | Acc: 78.24%
Round 18 | Client 17 | Model: (LeNet) | Acc: 84.89%
Round 18 | Client 18 | Model: (AlexNet) | Acc: 83.62%
Round 18 | Client 19 | Model: (ShuffleNet) | Acc: 82.76%
Round 18 | Client 20 | Model: (SqueezeNet) | Acc: 83.60%
Round 18 | Client 22 | Model: (MLP) | Acc: 39.69%
Round 18 | Client 23 | Model: (CNN) | Acc: 51.21%
Round 18 | Client 24 | Model: (ResNet8) | Acc: 56.85%
Round 18 | Client 25 | Model: (ResNet18) | Acc: 58.49%
Round 18 | Client 26 | Model: (MobileNetV2) | Acc: 41.45%
Round 18 | Client 27 | Model: (MobileNetV3) | Acc: 44.21%
Round 18 | Client 28 | Model: (LeNet) | Acc: 51.49%
Round 18 | Client 29 | Model: (AlexNet) | Acc: 50.49%
Round 18 | Client 30 | Model: (ShuffleNet) | Acc: 34.65%
Round 18 | Client 31 | Model: (SqueezeNet) | Acc: 40.00%
Selected client ids: [0, 1, 2, 3, 4, 5, 6, 7, 8, 9, 10, 11, 12, 13, 14, 15, 16, 17, 18, 19, 20, 21, 22, 23, 24, 25, 26, 27, 28, 29]
--- Round 19 ---
Client 0 (MNIST) | Target Loss: 0.0758 | DDPM Loss: 0.0097
Client 1 (MNIST) | Target Loss: 0.0145 | DDPM Loss: 0.0097
Client 2 (MNIST) | Target Loss: 0.0099 | DDPM Loss: 0.0098
Client 3 (MNIST) | Target Loss: 0.0808 | DDPM Loss: 0.0097
Client 4 (MNIST) | Target Loss: 0.0729 | DDPM Loss: 0.0097
Client 5 (MNIST) | Target Loss: 0.2575 | DDPM Loss: 0.0100
Client 6 (MNIST) | Target Loss: 0.0224 | DDPM Loss: 0.0098
Client 7 (MNIST) | Target Loss: 0.0219 | DDPM Loss: 0.0100
Client 8 (MNIST) | Target Loss: 0.4078 | DDPM Loss: 0.0098
Client 9 (MNIST) | Target Loss: 0.1243 | DDPM Loss: 0.0098
Client 11 (EMNIST) | Target Loss: 0.3746 | DDPM Loss: 0.0074
Client 12 (EMNIST) | Target Loss: 0.3518 | DDPM Loss: 0.0074
Client 13 (EMNIST) | Target Loss: 0.1885 | DDPM Loss: 0.0075
Client 14 (EMNIST) | Target Loss: 0.1584 | DDPM Loss: 0.0074
Client 15 (EMNIST) | Target Loss: 0.3823 | DDPM Loss: 0.0074
Client 16 (EMNIST) | Target Loss: 0.5260 | DDPM Loss: 0.0074
Client 17 (EMNIST) | Target Loss: 0.3124 | DDPM Loss: 0.0075
Client 18 (EMNIST) | Target Loss: 0.1663 | DDPM Loss: 0.0074
Client 19 (EMNIST) | Target Loss: 0.3933 | DDPM Loss: 0.0075
Client 20 (EMNIST) | Target Loss: 0.4413 | DDPM Loss: 0.0075
Client 22 (CIFAR10) | Target Loss: 0.3019 | DDPM Loss: 0.0351
Client 23 (CIFAR10) | Target Loss: 0.7741 | DDPM Loss: 0.0357
Client 24 (CIFAR10) | Target Loss: 0.1118 | DDPM Loss: 0.0352
Client 25 (CIFAR10) | Target Loss: 0.0836 | DDPM Loss: 0.0352
Client 26 (CIFAR10) | Target Loss: 0.7847 | DDPM Loss: 0.0351
Client 27 (CIFAR10) | Target Loss: 1.2375 | DDPM Loss: 0.0347
Client 28 (CIFAR10) | Target Loss: 1.0476 | DDPM Loss: 0.0346
Client 29 (CIFAR10) | Target Loss: 0.2373 | DDPM Loss: 0.0357
Client 30 (CIFAR10) | Target Loss: 1.0886 | DDPM Loss: 0.0351
Client 31 (CIFAR10) | Target Loss: 1.2171 | DDPM Loss: 0.0353
Round 19 | Client 0 | Model: (MLP) | Acc: 94.11%
Round 19 | Client 1 | Model: (CNN) | Acc: 96.23%
Round 19 | Client 2 | Model: (ResNet8) | Acc: 97.40%
Round 19 | Client 3 | Model: (ResNet18) | Acc: 98.53%
Round 19 | Client 4 | Model: (MobileNetV2) | Acc: 95.50%
Round 19 | Client 5 | Model: (MobileNetV3) | Acc: 71.01%
Round 19 | Client 6 | Model: (LeNet) | Acc: 97.59%
Round 19 | Client 7 | Model: (AlexNet) | Acc: 98.21%
Round 19 | Client 8 | Model: (ShuffleNet) | Acc: 80.40%
Round 19 | Client 9 | Model: (SqueezeNet) | Acc: 97.27%
Round 19 | Client 11 | Model: (MLP) | Acc: 80.27%
Round 19 | Client 12 | Model: (CNN) | Acc: 85.06%
Round 19 | Client 13 | Model: (ResNet8) | Acc: 83.88%
Round 19 | Client 14 | Model: (ResNet18) | Acc: 84.26%
Round 19 | Client 15 | Model: (MobileNetV2) | Acc: 84.11%
Round 19 | Client 16 | Model: (MobileNetV3) | Acc: 79.57%
Round 19 | Client 17 | Model: (LeNet) | Acc: 84.83%
Round 19 | Client 18 | Model: (AlexNet) | Acc: 82.44%
Round 19 | Client 19 | Model: (ShuffleNet) | Acc: 83.52%
Round 19 | Client 20 | Model: (SqueezeNet) | Acc: 82.56%
Round 19 | Client 22 | Model: (MLP) | Acc: 41.01%
Round 19 | Client 23 | Model: (CNN) | Acc: 47.91%
Round 19 | Client 24 | Model: (ResNet8) | Acc: 49.36%
Round 19 | Client 25 | Model: (ResNet18) | Acc: 58.27%
Round 19 | Client 26 | Model: (MobileNetV2) | Acc: 37.25%
Round 19 | Client 27 | Model: (MobileNetV3) | Acc: 46.46%
Round 19 | Client 28 | Model: (LeNet) | Acc: 51.05%
Round 19 | Client 29 | Model: (AlexNet) | Acc: 53.30%
Round 19 | Client 30 | Model: (ShuffleNet) | Acc: 37.28%
Round 19 | Client 31 | Model: (SqueezeNet) | Acc: 42.25%
Selected client ids: [0, 1, 2, 3, 4, 5, 6, 7, 8, 9, 10, 11, 12, 13, 14, 15, 16, 17, 18, 19, 20, 21, 22, 23, 24, 25, 26, 27, 28, 29]
--- Round 20 ---
Client 0 (MNIST) | Target Loss: 0.0712 | DDPM Loss: 0.0097
Client 1 (MNIST) | Target Loss: 0.0095 | DDPM Loss: 0.0095
Client 2 (MNIST) | Target Loss: 0.0219 | DDPM Loss: 0.0096
Client 3 (MNIST) | Target Loss: 0.0156 | DDPM Loss: 0.0096
Client 4 (MNIST) | Target Loss: 0.0608 | DDPM Loss: 0.0097
Client 5 (MNIST) | Target Loss: 0.2514 | DDPM Loss: 0.0093
Client 6 (MNIST) | Target Loss: 0.0298 | DDPM Loss: 0.0094
Client 7 (MNIST) | Target Loss: 0.0207 | DDPM Loss: 0.0095
Client 8 (MNIST) | Target Loss: 0.3298 | DDPM Loss: 0.0098
Client 9 (MNIST) | Target Loss: 0.0542 | DDPM Loss: 0.0099
Client 11 (EMNIST) | Target Loss: 0.3861 | DDPM Loss: 0.0074
Client 12 (EMNIST) | Target Loss: 0.3454 | DDPM Loss: 0.0074
Client 13 (EMNIST) | Target Loss: 0.1689 | DDPM Loss: 0.0075
Client 14 (EMNIST) | Target Loss: 0.1414 | DDPM Loss: 0.0074
Client 15 (EMNIST) | Target Loss: 0.3799 | DDPM Loss: 0.0074
Client 16 (EMNIST) | Target Loss: 0.5183 | DDPM Loss: 0.0074
Client 17 (EMNIST) | Target Loss: 0.3076 | DDPM Loss: 0.0074
Client 18 (EMNIST) | Target Loss: 0.1562 | DDPM Loss: 0.0074
Client 19 (EMNIST) | Target Loss: 0.3820 | DDPM Loss: 0.0074
Client 20 (EMNIST) | Target Loss: 0.4419 | DDPM Loss: 0.0074
Client 22 (CIFAR10) | Target Loss: 0.2005 | DDPM Loss: 0.0357
Client 23 (CIFAR10) | Target Loss: 0.7345 | DDPM Loss: 0.0351
Client 24 (CIFAR10) | Target Loss: 0.1244 | DDPM Loss: 0.0351
Client 25 (CIFAR10) | Target Loss: 0.0867 | DDPM Loss: 0.0343
Client 26 (CIFAR10) | Target Loss: 0.7660 | DDPM Loss: 0.0349
Client 27 (CIFAR10) | Target Loss: 1.2217 | DDPM Loss: 0.0341
Client 28 (CIFAR10) | Target Loss: 1.0267 | DDPM Loss: 0.0344
Client 29 (CIFAR10) | Target Loss: 0.1635 | DDPM Loss: 0.0361
Client 30 (CIFAR10) | Target Loss: 1.0157 | DDPM Loss: 0.0351
Client 31 (CIFAR10) | Target Loss: 1.1351 | DDPM Loss: 0.0350
Round 20 | Client 0 | Model: (MLP) | Acc: 95.20%
Round 20 | Client 1 | Model: (CNN) | Acc: 96.57%
Round 20 | Client 2 | Model: (ResNet8) | Acc: 93.66%
Round 20 | Client 3 | Model: (ResNet18) | Acc: 99.32%
Round 20 | Client 4 | Model: (MobileNetV2) | Acc: 94.43%
Round 20 | Client 5 | Model: (MobileNetV3) | Acc: 87.85%
Round 20 | Client 6 | Model: (LeNet) | Acc: 97.05%
Round 20 | Client 7 | Model: (AlexNet) | Acc: 98.00%
Round 20 | Client 8 | Model: (ShuffleNet) | Acc: 79.73%
Round 20 | Client 9 | Model: (SqueezeNet) | Acc: 96.61%
Round 20 | Client 11 | Model: (MLP) | Acc: 80.82%
Round 20 | Client 12 | Model: (CNN) | Acc: 83.71%
Round 20 | Client 13 | Model: (ResNet8) | Acc: 83.70%
Round 20 | Client 14 | Model: (ResNet18) | Acc: 84.61%
Round 20 | Client 15 | Model: (MobileNetV2) | Acc: 83.65%
Round 20 | Client 16 | Model: (MobileNetV3) | Acc: 76.26%
Round 20 | Client 17 | Model: (LeNet) | Acc: 84.98%
Round 20 | Client 18 | Model: (AlexNet) | Acc: 83.00%
Round 20 | Client 19 | Model: (ShuffleNet) | Acc: 83.01%
Round 20 | Client 20 | Model: (SqueezeNet) | Acc: 83.24%
Round 20 | Client 22 | Model: (MLP) | Acc: 42.93%
Round 20 | Client 23 | Model: (CNN) | Acc: 58.35%
Round 20 | Client 24 | Model: (ResNet8) | Acc: 57.71%
Round 20 | Client 25 | Model: (ResNet18) | Acc: 60.16%
Round 20 | Client 26 | Model: (MobileNetV2) | Acc: 39.66%
Round 20 | Client 27 | Model: (MobileNetV3) | Acc: 46.14%
Round 20 | Client 28 | Model: (LeNet) | Acc: 52.59%
Round 20 | Client 29 | Model: (AlexNet) | Acc: 54.38%
Round 20 | Client 30 | Model: (ShuffleNet) | Acc: 36.29%
Round 20 | Client 31 | Model: (SqueezeNet) | Acc: 41.57%
dynamic_entropy_ratio: 0.7

==================================================
Label Mapping Summary:
Global ID = 0  | from: EMNIST: '0', MNIST: '0'
Global ID = 1  | from: EMNIST: '1', MNIST: '1'
Global ID = 2  | from: EMNIST: '2', MNIST: '2'
Global ID = 3  | from: EMNIST: '3', MNIST: '3'
Global ID = 4  | from: EMNIST: '4', MNIST: '4'
Global ID = 5  | from: EMNIST: '5', MNIST: '5'
Global ID = 6  | from: EMNIST: '6', MNIST: '6'
Global ID = 7  | from: EMNIST: '7', MNIST: '7'
Global ID = 8  | from: EMNIST: '8', MNIST: '8'
Global ID = 9  | from: EMNIST: '9', MNIST: '9'
Global ID = 10 | from: EMNIST: 'A'
Global ID = 11 | from: EMNIST: 'B'
Global ID = 12 | from: EMNIST: 'C'
Global ID = 13 | from: EMNIST: 'D'
Global ID = 14 | from: EMNIST: 'E'
Global ID = 15 | from: EMNIST: 'F'
Global ID = 16 | from: EMNIST: 'G'
Global ID = 17 | from: EMNIST: 'H'
Global ID = 18 | from: EMNIST: 'I'
Global ID = 19 | from: EMNIST: 'J'
Global ID = 20 | from: EMNIST: 'K'
Global ID = 21 | from: EMNIST: 'L'
Global ID = 22 | from: EMNIST: 'M'
Global ID = 23 | from: EMNIST: 'N'
Global ID = 24 | from: EMNIST: 'O'
Global ID = 25 | from: EMNIST: 'P'
Global ID = 26 | from: EMNIST: 'Q'
Global ID = 27 | from: EMNIST: 'R'
Global ID = 28 | from: EMNIST: 'S'
Global ID = 29 | from: EMNIST: 'T'
Global ID = 30 | from: EMNIST: 'U'
Global ID = 31 | from: EMNIST: 'V'
Global ID = 32 | from: EMNIST: 'W'
Global ID = 33 | from: EMNIST: 'X'
Global ID = 34 | from: EMNIST: 'Y'
Global ID = 35 | from: EMNIST: 'Z'
Global ID = 36 | from: EMNIST: 'a'
Global ID = 37 | from: EMNIST: 'b'
Global ID = 38 | from: EMNIST: 'c'
Global ID = 39 | from: EMNIST: 'd'
Global ID = 40 | from: EMNIST: 'e'
Global ID = 41 | from: EMNIST: 'f'
Global ID = 42 | from: EMNIST: 'g'
Global ID = 43 | from: EMNIST: 'h'
Global ID = 44 | from: EMNIST: 'i'
Global ID = 45 | from: EMNIST: 'j'
Global ID = 46 | from: EMNIST: 'k'
Global ID = 47 | from: EMNIST: 'l'
Global ID = 48 | from: EMNIST: 'm'
Global ID = 49 | from: EMNIST: 'n'
Global ID = 50 | from: EMNIST: 'o'
Global ID = 51 | from: EMNIST: 'p'
Global ID = 52 | from: EMNIST: 'q'
Global ID = 53 | from: EMNIST: 'r'
Global ID = 54 | from: EMNIST: 's'
Global ID = 55 | from: EMNIST: 't'
Global ID = 56 | from: EMNIST: 'u'
Global ID = 57 | from: EMNIST: 'v'
Global ID = 58 | from: EMNIST: 'w'
Global ID = 59 | from: EMNIST: 'x'
Global ID = 60 | from: EMNIST: 'y'
Global ID = 61 | from: EMNIST: 'z'
Global ID = 62 | from: CIFAR10: 'airplane'
Global ID = 63 | from: CIFAR10: 'automobile'
Global ID = 64 | from: CIFAR10: 'bird'
Global ID = 65 | from: CIFAR10: 'cat'
Global ID = 66 | from: CIFAR10: 'deer'
Global ID = 67 | from: CIFAR10: 'dog'
Global ID = 68 | from: CIFAR10: 'frog'
Global ID = 69 | from: CIFAR10: 'horse'
Global ID = 70 | from: CIFAR10: 'ship'
Global ID = 71 | from: CIFAR10: 'truck'
==================================================

Initializing Global Inference Model with 72 classes...
Epoch 0 Loss: 2.8992
Epoch 1 Loss: 0.8711
Epoch 2 Loss: 0.5145
Epoch 3 Loss: 0.3956
Epoch 4 Loss: 0.3308
[Server] Global Inference Model Acc (MNIST) (Round 20): 78.63% (Tested on 9095 samples)
[Server] Global Inference Model Acc (EMNIST) (Round 20): 60.43% (Tested on 105779 samples)
[Server] Global Inference Model Acc (CIFAR10) (Round 20): 35.12% (Tested on 9100 samples)
[Server] Global Inference Model Acc (Mix) (Round 20): 59.90% (Tested on 123974 samples)
Selected client ids: [0, 1, 2, 3, 4, 5, 6, 7, 8, 9, 10, 11, 12, 13, 14, 15, 16, 17, 18, 19, 20, 21, 22, 23, 24, 25, 26, 27, 28, 29]
--- Round 21 ---
Client 0 (MNIST) | Target Loss: 0.0426 | DDPM Loss: 0.0097
Client 1 (MNIST) | Target Loss: 0.0057 | DDPM Loss: 0.0093
Client 2 (MNIST) | Target Loss: 0.0159 | DDPM Loss: 0.0095
Client 3 (MNIST) | Target Loss: 0.0242 | DDPM Loss: 0.0100
Client 4 (MNIST) | Target Loss: 0.0474 | DDPM Loss: 0.0096
Client 5 (MNIST) | Target Loss: 0.2610 | DDPM Loss: 0.0120
Client 6 (MNIST) | Target Loss: 0.0153 | DDPM Loss: 0.0094
Client 7 (MNIST) | Target Loss: 0.0156 | DDPM Loss: 0.0093
Client 8 (MNIST) | Target Loss: 0.3129 | DDPM Loss: 0.0107
Client 9 (MNIST) | Target Loss: 0.0582 | DDPM Loss: 0.0094
Client 11 (EMNIST) | Target Loss: 0.3647 | DDPM Loss: 0.0074
Client 12 (EMNIST) | Target Loss: 0.3421 | DDPM Loss: 0.0074
Client 13 (EMNIST) | Target Loss: 0.1583 | DDPM Loss: 0.0074
Client 14 (EMNIST) | Target Loss: 0.1245 | DDPM Loss: 0.0073
Client 15 (EMNIST) | Target Loss: 0.3738 | DDPM Loss: 0.0074
Client 16 (EMNIST) | Target Loss: 0.5138 | DDPM Loss: 0.0075
Client 17 (EMNIST) | Target Loss: 0.3017 | DDPM Loss: 0.0074
Client 18 (EMNIST) | Target Loss: 0.1490 | DDPM Loss: 0.0074
Client 19 (EMNIST) | Target Loss: 0.3775 | DDPM Loss: 0.0074
Client 20 (EMNIST) | Target Loss: 0.4364 | DDPM Loss: 0.0074
Client 22 (CIFAR10) | Target Loss: 0.2113 | DDPM Loss: 0.0339
Client 23 (CIFAR10) | Target Loss: 0.6899 | DDPM Loss: 0.0356
Client 24 (CIFAR10) | Target Loss: 0.1001 | DDPM Loss: 0.0355
Client 25 (CIFAR10) | Target Loss: 0.1039 | DDPM Loss: 0.0348
Client 26 (CIFAR10) | Target Loss: 0.7390 | DDPM Loss: 0.0342
Client 27 (CIFAR10) | Target Loss: 1.1941 | DDPM Loss: 0.0344
Client 28 (CIFAR10) | Target Loss: 0.9702 | DDPM Loss: 0.0343
Client 29 (CIFAR10) | Target Loss: 0.0985 | DDPM Loss: 0.0356
Client 30 (CIFAR10) | Target Loss: 0.9916 | DDPM Loss: 0.0365
Client 31 (CIFAR10) | Target Loss: 1.1318 | DDPM Loss: 0.0341
Round 21 | Client 0 | Model: (MLP) | Acc: 95.53%
Round 21 | Client 1 | Model: (CNN) | Acc: 97.45%
Round 21 | Client 2 | Model: (ResNet8) | Acc: 92.64%
Round 21 | Client 3 | Model: (ResNet18) | Acc: 98.64%
Round 21 | Client 4 | Model: (MobileNetV2) | Acc: 95.72%
Round 21 | Client 5 | Model: (MobileNetV3) | Acc: 83.28%
Round 21 | Client 6 | Model: (LeNet) | Acc: 98.36%
Round 21 | Client 7 | Model: (AlexNet) | Acc: 98.11%
Round 21 | Client 8 | Model: (ShuffleNet) | Acc: 77.28%
Round 21 | Client 9 | Model: (SqueezeNet) | Acc: 97.27%
Round 21 | Client 11 | Model: (MLP) | Acc: 80.49%
Round 21 | Client 12 | Model: (CNN) | Acc: 83.93%
Round 21 | Client 13 | Model: (ResNet8) | Acc: 84.52%
Round 21 | Client 14 | Model: (ResNet18) | Acc: 84.32%
Round 21 | Client 15 | Model: (MobileNetV2) | Acc: 84.57%
Round 21 | Client 16 | Model: (MobileNetV3) | Acc: 80.09%
Round 21 | Client 17 | Model: (LeNet) | Acc: 84.63%
Round 21 | Client 18 | Model: (AlexNet) | Acc: 83.16%
Round 21 | Client 19 | Model: (ShuffleNet) | Acc: 83.15%
Round 21 | Client 20 | Model: (SqueezeNet) | Acc: 83.07%
Round 21 | Client 22 | Model: (MLP) | Acc: 39.45%
Round 21 | Client 23 | Model: (CNN) | Acc: 50.55%
Round 21 | Client 24 | Model: (ResNet8) | Acc: 62.21%
Round 21 | Client 25 | Model: (ResNet18) | Acc: 55.94%
Round 21 | Client 26 | Model: (MobileNetV2) | Acc: 39.45%
Round 21 | Client 27 | Model: (MobileNetV3) | Acc: 45.49%
Round 21 | Client 28 | Model: (LeNet) | Acc: 52.26%
Round 21 | Client 29 | Model: (AlexNet) | Acc: 53.62%
Round 21 | Client 30 | Model: (ShuffleNet) | Acc: 37.72%
Round 21 | Client 31 | Model: (SqueezeNet) | Acc: 41.69%
