Time: 2026-05-12 17:40:17
Log Dir: logs/2026-05-12_17-40-17/Local
================================================================================

==============================        Args        ==============================
  exp_timestamp: None
  exp_conf: ./configs/het-iid-exp.yaml
  device: cuda:1
  seed: 15698
  algorithm: Local
  num_new_clients: 1
  num_train_mnist: 10
  num_train_emnist: 10
  num_train_fashionmnist: 0
  num_train_cifar10: 10
  num_train_cifar100: 0
  num_train_usps: 0
================================================================================
==============================    Exp Configs     ==============================
exp_name: model-heterogeneity
heterogeneous: true
dirichlet_alpha: 100
global_rounds: 25
local_epochs: 1
local_loss_fn: CrossEntropyLoss
local_optim: Adam
local_lr: 0.001
batch_size: 64
sample_frac: 1.0
test_interval: 1
metric_type: accuracy
global_feature_dim: 256
optim: Adam
optim_lr: 0.001
global_gen_epochs: 10
gen_noise_dim: 128
gen_optim: Adam
gen_optim_lr: 0.001
global_feat_gen_epochs: 10
feat_gen_noise_dim: 128
feat_gen_optim: Adam
feat_gen_optim_lr: 0.001
feat_gen_div_beta: 1.0
public_data_ratio: 0.05
start_mapping_epoch: 1
gen_observer_weight: 1.0
index_matching: class_name
aggregate_method: dataset_name
use_new_entropy_method: true
entropy_ratio: 0.85
global_model_epochs: 5
global_model_optim: Adam
global_model_optim_lr: 0.0001
global_samples_per_class: 64

================================================================================

==================================================
Start 25 rounds training by Local
Selected client ids: [0, 1, 2, 3, 4, 5, 6, 7, 8, 9, 10, 11, 12, 13, 14, 15, 16, 17, 18, 19, 20, 21, 22, 23, 24, 25, 26, 27, 28, 29]
--- Round 1 ---
Round 1 | Client 0 | Model: (MLP) | Acc: 83.86%
Round 1 | Client 1 | Model: (CNN) | Acc: 50.50%
Round 1 | Client 2 | Model: (ResNet8) | Acc: 82.11%
Round 1 | Client 3 | Model: (ResNet18) | Acc: 83.14%
Round 1 | Client 4 | Model: (MobileNetV2) | Acc: 54.39%
Round 1 | Client 5 | Model: (MobileNetV3) | Acc: 47.16%
Round 1 | Client 6 | Model: (LeNet) | Acc: 80.85%
Round 1 | Client 7 | Model: (AlexNet) | Acc: 86.32%
Round 1 | Client 8 | Model: (ShuffleNet) | Acc: 62.58%
Round 1 | Client 9 | Model: (SqueezeNet) | Acc: 51.58%
Round 1 | Client 11 | Model: (MLP) | Acc: 74.61%
Round 1 | Client 12 | Model: (CNN) | Acc: 74.77%
Round 1 | Client 13 | Model: (ResNet8) | Acc: 78.00%
Round 1 | Client 14 | Model: (ResNet18) | Acc: 81.02%
Round 1 | Client 15 | Model: (MobileNetV2) | Acc: 74.55%
Round 1 | Client 16 | Model: (MobileNetV3) | Acc: 32.23%
Round 1 | Client 17 | Model: (LeNet) | Acc: 76.99%
Round 1 | Client 18 | Model: (AlexNet) | Acc: 80.53%
Round 1 | Client 19 | Model: (ShuffleNet) | Acc: 70.96%
Round 1 | Client 20 | Model: (SqueezeNet) | Acc: 70.01%
Round 1 | Client 22 | Model: (MLP) | Acc: 30.22%
Round 1 | Client 23 | Model: (CNN) | Acc: 33.08%
Round 1 | Client 24 | Model: (ResNet8) | Acc: 32.23%
Round 1 | Client 25 | Model: (ResNet18) | Acc: 29.19%
Round 1 | Client 26 | Model: (MobileNetV2) | Acc: 15.95%
Round 1 | Client 27 | Model: (MobileNetV3) | Acc: 33.58%
Round 1 | Client 28 | Model: (LeNet) | Acc: 27.83%
Round 1 | Client 29 | Model: (AlexNet) | Acc: 26.59%
Round 1 | Client 30 | Model: (ShuffleNet) | Acc: 20.94%
Round 1 | Client 31 | Model: (SqueezeNet) | Acc: 14.72%
[Server] Aggregating by Dataset Name ...
[Server] Performing Name-Based Label Mapping...
[Server] Name-based mapping completed. Found 72 unique global classes.

=========================================================================================================
Global ID  | Class Name           | Mapped Datasets (Local ID)
---------------------------------------------------------------------------------------------------------
0          | 0                    | MNIST(0), EMNIST(0)
1          | 1                    | MNIST(1), EMNIST(1)
2          | 2                    | MNIST(2), EMNIST(2)
3          | 3                    | MNIST(3), EMNIST(3)
4          | 4                    | MNIST(4), EMNIST(4)
5          | 5                    | MNIST(5), EMNIST(5)
6          | 6                    | MNIST(6), EMNIST(6)
7          | 7                    | MNIST(7), EMNIST(7)
8          | 8                    | MNIST(8), EMNIST(8)
9          | 9                    | MNIST(9), EMNIST(9)
10         | A                    | EMNIST(10)
11         | B                    | EMNIST(11)
12         | C                    | EMNIST(12)
13         | D                    | EMNIST(13)
14         | E                    | EMNIST(14)
15         | F                    | EMNIST(15)
16         | G                    | EMNIST(16)
17         | H                    | EMNIST(17)
18         | I                    | EMNIST(18)
19         | J                    | EMNIST(19)
20         | K                    | EMNIST(20)
21         | L                    | EMNIST(21)
22         | M                    | EMNIST(22)
23         | N                    | EMNIST(23)
24         | O                    | EMNIST(24)
25         | P                    | EMNIST(25)
26         | Q                    | EMNIST(26)
27         | R                    | EMNIST(27)
28         | S                    | EMNIST(28)
29         | T                    | EMNIST(29)
30         | U                    | EMNIST(30)
31         | V                    | EMNIST(31)
32         | W                    | EMNIST(32)
33         | X                    | EMNIST(33)
34         | Y                    | EMNIST(34)
35         | Z                    | EMNIST(35)
36         | a                    | EMNIST(36)
37         | airplane             | CIFAR10(0)
38         | automobile           | CIFAR10(1)
39         | b                    | EMNIST(37)
40         | bird                 | CIFAR10(2)
41         | c                    | EMNIST(38)
42         | cat                  | CIFAR10(3)
43         | d                    | EMNIST(39)
44         | deer                 | CIFAR10(4)
45         | dog                  | CIFAR10(5)
46         | e                    | EMNIST(40)
47         | f                    | EMNIST(41)
48         | frog                 | CIFAR10(6)
49         | g                    | EMNIST(42)
50         | h                    | EMNIST(43)
51         | horse                | CIFAR10(7)
52         | i                    | EMNIST(44)
53         | j                    | EMNIST(45)
54         | k                    | EMNIST(46)
55         | l                    | EMNIST(47)
56         | m                    | EMNIST(48)
57         | n                    | EMNIST(49)
58         | o                    | EMNIST(50)
59         | p                    | EMNIST(51)
60         | q                    | EMNIST(52)
61         | r                    | EMNIST(53)
62         | s                    | EMNIST(54)
63         | ship                 | CIFAR10(8)
64         | t                    | EMNIST(55)
65         | truck                | CIFAR10(9)
66         | u                    | EMNIST(56)
67         | v                    | EMNIST(57)
68         | w                    | EMNIST(58)
69         | x                    | EMNIST(59)
70         | y                    | EMNIST(60)
71         | z                    | EMNIST(61)
=========================================================================================================

Selected client ids: [0, 1, 2, 3, 4, 5, 6, 7, 8, 9, 10, 11, 12, 13, 14, 15, 16, 17, 18, 19, 20, 21, 22, 23, 24, 25, 26, 27, 28, 29]
--- Round 2 ---
Round 2 | Client 0 | Model: (MLP) | Acc: 88.77%
Round 2 | Client 1 | Model: (CNN) | Acc: 75.30%
Round 2 | Client 2 | Model: (ResNet8) | Acc: 59.80%
Round 2 | Client 3 | Model: (ResNet18) | Acc: 91.06%
Round 2 | Client 4 | Model: (MobileNetV2) | Acc: 83.08%
Round 2 | Client 5 | Model: (MobileNetV3) | Acc: 65.55%
Round 2 | Client 6 | Model: (LeNet) | Acc: 93.00%
Round 2 | Client 7 | Model: (AlexNet) | Acc: 94.00%
Round 2 | Client 8 | Model: (ShuffleNet) | Acc: 76.95%
Round 2 | Client 9 | Model: (SqueezeNet) | Acc: 79.45%
Round 2 | Client 11 | Model: (MLP) | Acc: 77.18%
Round 2 | Client 12 | Model: (CNN) | Acc: 78.71%
Round 2 | Client 13 | Model: (ResNet8) | Acc: 81.60%
Round 2 | Client 14 | Model: (ResNet18) | Acc: 84.56%
Round 2 | Client 15 | Model: (MobileNetV2) | Acc: 77.62%
Round 2 | Client 16 | Model: (MobileNetV3) | Acc: 59.74%
Round 2 | Client 17 | Model: (LeNet) | Acc: 81.71%
Round 2 | Client 18 | Model: (AlexNet) | Acc: 82.74%
Round 2 | Client 19 | Model: (ShuffleNet) | Acc: 75.72%
Round 2 | Client 20 | Model: (SqueezeNet) | Acc: 75.29%
Round 2 | Client 22 | Model: (MLP) | Acc: 35.01%
Round 2 | Client 23 | Model: (CNN) | Acc: 40.00%
Round 2 | Client 24 | Model: (ResNet8) | Acc: 40.79%
Round 2 | Client 25 | Model: (ResNet18) | Acc: 34.63%
Round 2 | Client 26 | Model: (MobileNetV2) | Acc: 28.12%
Round 2 | Client 27 | Model: (MobileNetV3) | Acc: 37.12%
Round 2 | Client 28 | Model: (LeNet) | Acc: 32.56%
Round 2 | Client 29 | Model: (AlexNet) | Acc: 32.22%
Round 2 | Client 30 | Model: (ShuffleNet) | Acc: 24.56%
Round 2 | Client 31 | Model: (SqueezeNet) | Acc: 20.45%
[Server] Aggregating by Dataset Name ...
Selected client ids: [0, 1, 2, 3, 4, 5, 6, 7, 8, 9, 10, 11, 12, 13, 14, 15, 16, 17, 18, 19, 20, 21, 22, 23, 24, 25, 26, 27, 28, 29]
--- Round 3 ---
Round 3 | Client 0 | Model: (MLP) | Acc: 89.09%
Round 3 | Client 1 | Model: (CNN) | Acc: 62.79%
Round 3 | Client 2 | Model: (ResNet8) | Acc: 85.05%
Round 3 | Client 3 | Model: (ResNet18) | Acc: 94.57%
Round 3 | Client 4 | Model: (MobileNetV2) | Acc: 89.29%
Round 3 | Client 5 | Model: (MobileNetV3) | Acc: 68.00%
Round 3 | Client 6 | Model: (LeNet) | Acc: 94.97%
Round 3 | Client 7 | Model: (AlexNet) | Acc: 96.00%
Round 3 | Client 8 | Model: (ShuffleNet) | Acc: 80.51%
Round 3 | Client 9 | Model: (SqueezeNet) | Acc: 85.36%
Round 3 | Client 11 | Model: (MLP) | Acc: 78.74%
Round 3 | Client 12 | Model: (CNN) | Acc: 79.62%
Round 3 | Client 13 | Model: (ResNet8) | Acc: 83.46%
Round 3 | Client 14 | Model: (ResNet18) | Acc: 84.80%
Round 3 | Client 15 | Model: (MobileNetV2) | Acc: 79.26%
Round 3 | Client 16 | Model: (MobileNetV3) | Acc: 49.75%
Round 3 | Client 17 | Model: (LeNet) | Acc: 81.67%
Round 3 | Client 18 | Model: (AlexNet) | Acc: 83.29%
Round 3 | Client 19 | Model: (ShuffleNet) | Acc: 78.45%
Round 3 | Client 20 | Model: (SqueezeNet) | Acc: 77.48%
Round 3 | Client 22 | Model: (MLP) | Acc: 36.09%
Round 3 | Client 23 | Model: (CNN) | Acc: 40.88%
Round 3 | Client 24 | Model: (ResNet8) | Acc: 43.36%
Round 3 | Client 25 | Model: (ResNet18) | Acc: 38.29%
Round 3 | Client 26 | Model: (MobileNetV2) | Acc: 31.48%
Round 3 | Client 27 | Model: (MobileNetV3) | Acc: 36.59%
Round 3 | Client 28 | Model: (LeNet) | Acc: 37.07%
Round 3 | Client 29 | Model: (AlexNet) | Acc: 41.30%
Round 3 | Client 30 | Model: (ShuffleNet) | Acc: 26.10%
Round 3 | Client 31 | Model: (SqueezeNet) | Acc: 21.91%
[Server] Aggregating by Dataset Name ...
Selected client ids: [0, 1, 2, 3, 4, 5, 6, 7, 8, 9, 10, 11, 12, 13, 14, 15, 16, 17, 18, 19, 20, 21, 22, 23, 24, 25, 26, 27, 28, 29]
--- Round 4 ---
Round 4 | Client 0 | Model: (MLP) | Acc: 90.73%
Round 4 | Client 1 | Model: (CNN) | Acc: 73.75%
Round 4 | Client 2 | Model: (ResNet8) | Acc: 94.34%
Round 4 | Client 3 | Model: (ResNet18) | Acc: 97.96%
Round 4 | Client 4 | Model: (MobileNetV2) | Acc: 91.33%
Round 4 | Client 5 | Model: (MobileNetV3) | Acc: 63.43%
Round 4 | Client 6 | Model: (LeNet) | Acc: 96.17%
Round 4 | Client 7 | Model: (AlexNet) | Acc: 96.84%
Round 4 | Client 8 | Model: (ShuffleNet) | Acc: 76.50%
Round 4 | Client 9 | Model: (SqueezeNet) | Acc: 87.10%
Round 4 | Client 11 | Model: (MLP) | Acc: 78.25%
Round 4 | Client 12 | Model: (CNN) | Acc: 76.28%
Round 4 | Client 13 | Model: (ResNet8) | Acc: 84.16%
Round 4 | Client 14 | Model: (ResNet18) | Acc: 85.29%
Round 4 | Client 15 | Model: (MobileNetV2) | Acc: 80.28%
Round 4 | Client 16 | Model: (MobileNetV3) | Acc: 63.73%
Round 4 | Client 17 | Model: (LeNet) | Acc: 82.28%
Round 4 | Client 18 | Model: (AlexNet) | Acc: 84.63%
Round 4 | Client 19 | Model: (ShuffleNet) | Acc: 79.22%
Round 4 | Client 20 | Model: (SqueezeNet) | Acc: 79.94%
Round 4 | Client 22 | Model: (MLP) | Acc: 37.17%
Round 4 | Client 23 | Model: (CNN) | Acc: 51.21%
Round 4 | Client 24 | Model: (ResNet8) | Acc: 50.43%
Round 4 | Client 25 | Model: (ResNet18) | Acc: 46.61%
Round 4 | Client 26 | Model: (MobileNetV2) | Acc: 32.53%
Round 4 | Client 27 | Model: (MobileNetV3) | Acc: 38.41%
Round 4 | Client 28 | Model: (LeNet) | Acc: 40.48%
Round 4 | Client 29 | Model: (AlexNet) | Acc: 39.89%
Round 4 | Client 30 | Model: (ShuffleNet) | Acc: 30.92%
Round 4 | Client 31 | Model: (SqueezeNet) | Acc: 22.25%
[Server] Aggregating by Dataset Name ...
Selected client ids: [0, 1, 2, 3, 4, 5, 6, 7, 8, 9, 10, 11, 12, 13, 14, 15, 16, 17, 18, 19, 20, 21, 22, 23, 24, 25, 26, 27, 28, 29]
--- Round 5 ---
Round 5 | Client 0 | Model: (MLP) | Acc: 90.95%
Round 5 | Client 1 | Model: (CNN) | Acc: 81.95%
Round 5 | Client 2 | Model: (ResNet8) | Acc: 94.68%
Round 5 | Client 3 | Model: (ResNet18) | Acc: 97.74%
Round 5 | Client 4 | Model: (MobileNetV2) | Acc: 90.79%
Round 5 | Client 5 | Model: (MobileNetV3) | Acc: 60.31%
Round 5 | Client 6 | Model: (LeNet) | Acc: 96.06%
Round 5 | Client 7 | Model: (AlexNet) | Acc: 97.68%
Round 5 | Client 8 | Model: (ShuffleNet) | Acc: 79.84%
Round 5 | Client 9 | Model: (SqueezeNet) | Acc: 87.32%
Round 5 | Client 11 | Model: (MLP) | Acc: 79.24%
Round 5 | Client 12 | Model: (CNN) | Acc: 82.42%
Round 5 | Client 13 | Model: (ResNet8) | Acc: 84.88%
Round 5 | Client 14 | Model: (ResNet18) | Acc: 85.67%
Round 5 | Client 15 | Model: (MobileNetV2) | Acc: 81.19%
Round 5 | Client 16 | Model: (MobileNetV3) | Acc: 62.81%
Round 5 | Client 17 | Model: (LeNet) | Acc: 83.09%
Round 5 | Client 18 | Model: (AlexNet) | Acc: 84.34%
Round 5 | Client 19 | Model: (ShuffleNet) | Acc: 80.17%
Round 5 | Client 20 | Model: (SqueezeNet) | Acc: 80.46%
Round 5 | Client 22 | Model: (MLP) | Acc: 39.09%
Round 5 | Client 23 | Model: (CNN) | Acc: 50.44%
Round 5 | Client 24 | Model: (ResNet8) | Acc: 50.43%
Round 5 | Client 25 | Model: (ResNet18) | Acc: 48.72%
Round 5 | Client 26 | Model: (MobileNetV2) | Acc: 35.78%
Round 5 | Client 27 | Model: (MobileNetV3) | Acc: 39.91%
Round 5 | Client 28 | Model: (LeNet) | Acc: 41.69%
Round 5 | Client 29 | Model: (AlexNet) | Acc: 43.57%
Round 5 | Client 30 | Model: (ShuffleNet) | Acc: 32.24%
Round 5 | Client 31 | Model: (SqueezeNet) | Acc: 29.55%
[Server] Aggregating by Dataset Name ...
Selected client ids: [0, 1, 2, 3, 4, 5, 6, 7, 8, 9, 10, 11, 12, 13, 14, 15, 16, 17, 18, 19, 20, 21, 22, 23, 24, 25, 26, 27, 28, 29]
--- Round 6 ---
Round 6 | Client 0 | Model: (MLP) | Acc: 91.06%
Round 6 | Client 1 | Model: (CNN) | Acc: 79.84%
Round 6 | Client 2 | Model: (ResNet8) | Acc: 97.40%
Round 6 | Client 3 | Model: (ResNet18) | Acc: 97.40%
Round 6 | Client 4 | Model: (MobileNetV2) | Acc: 91.01%
Round 6 | Client 5 | Model: (MobileNetV3) | Acc: 52.95%
Round 6 | Client 6 | Model: (LeNet) | Acc: 95.84%
Round 6 | Client 7 | Model: (AlexNet) | Acc: 96.84%
Round 6 | Client 8 | Model: (ShuffleNet) | Acc: 80.51%
Round 6 | Client 9 | Model: (SqueezeNet) | Acc: 92.57%
Round 6 | Client 11 | Model: (MLP) | Acc: 79.43%
Round 6 | Client 12 | Model: (CNN) | Acc: 82.79%
Round 6 | Client 13 | Model: (ResNet8) | Acc: 84.01%
Round 6 | Client 14 | Model: (ResNet18) | Acc: 85.27%
Round 6 | Client 15 | Model: (MobileNetV2) | Acc: 81.83%
Round 6 | Client 16 | Model: (MobileNetV3) | Acc: 48.94%
Round 6 | Client 17 | Model: (LeNet) | Acc: 83.73%
Round 6 | Client 18 | Model: (AlexNet) | Acc: 84.84%
Round 6 | Client 19 | Model: (ShuffleNet) | Acc: 80.40%
Round 6 | Client 20 | Model: (SqueezeNet) | Acc: 80.64%
Round 6 | Client 22 | Model: (MLP) | Acc: 38.73%
Round 6 | Client 23 | Model: (CNN) | Acc: 50.22%
Round 6 | Client 24 | Model: (ResNet8) | Acc: 38.97%
Round 6 | Client 25 | Model: (ResNet18) | Acc: 50.94%
Round 6 | Client 26 | Model: (MobileNetV2) | Acc: 35.47%
Round 6 | Client 27 | Model: (MobileNetV3) | Acc: 43.03%
Round 6 | Client 28 | Model: (LeNet) | Acc: 42.90%
Round 6 | Client 29 | Model: (AlexNet) | Acc: 43.89%
Round 6 | Client 30 | Model: (ShuffleNet) | Acc: 33.99%
Round 6 | Client 31 | Model: (SqueezeNet) | Acc: 22.13%
[Server] Aggregating by Dataset Name ...
Selected client ids: [0, 1, 2, 3, 4, 5, 6, 7, 8, 9, 10, 11, 12, 13, 14, 15, 16, 17, 18, 19, 20, 21, 22, 23, 24, 25, 26, 27, 28, 29]
--- Round 7 ---
Round 7 | Client 0 | Model: (MLP) | Acc: 92.91%
Round 7 | Client 1 | Model: (CNN) | Acc: 81.62%
Round 7 | Client 2 | Model: (ResNet8) | Acc: 91.73%
Round 7 | Client 3 | Model: (ResNet18) | Acc: 98.42%
Round 7 | Client 4 | Model: (MobileNetV2) | Acc: 92.51%
Round 7 | Client 5 | Model: (MobileNetV3) | Acc: 77.48%
Round 7 | Client 6 | Model: (LeNet) | Acc: 97.05%
Round 7 | Client 7 | Model: (AlexNet) | Acc: 97.79%
Round 7 | Client 8 | Model: (ShuffleNet) | Acc: 80.40%
Round 7 | Client 9 | Model: (SqueezeNet) | Acc: 93.99%
Round 7 | Client 11 | Model: (MLP) | Acc: 79.69%
Round 7 | Client 12 | Model: (CNN) | Acc: 82.86%
Round 7 | Client 13 | Model: (ResNet8) | Acc: 85.32%
Round 7 | Client 14 | Model: (ResNet18) | Acc: 86.18%
Round 7 | Client 15 | Model: (MobileNetV2) | Acc: 81.71%
Round 7 | Client 16 | Model: (MobileNetV3) | Acc: 57.31%
Round 7 | Client 17 | Model: (LeNet) | Acc: 83.79%
Round 7 | Client 18 | Model: (AlexNet) | Acc: 84.58%
Round 7 | Client 19 | Model: (ShuffleNet) | Acc: 82.16%
Round 7 | Client 20 | Model: (SqueezeNet) | Acc: 80.12%
Round 7 | Client 22 | Model: (MLP) | Acc: 39.45%
Round 7 | Client 23 | Model: (CNN) | Acc: 46.04%
Round 7 | Client 24 | Model: (ResNet8) | Acc: 49.14%
Round 7 | Client 25 | Model: (ResNet18) | Acc: 45.95%
Round 7 | Client 26 | Model: (MobileNetV2) | Acc: 35.36%
Round 7 | Client 27 | Model: (MobileNetV3) | Acc: 42.17%
Round 7 | Client 28 | Model: (LeNet) | Acc: 42.02%
Round 7 | Client 29 | Model: (AlexNet) | Acc: 47.89%
Round 7 | Client 30 | Model: (ShuffleNet) | Acc: 36.62%
Round 7 | Client 31 | Model: (SqueezeNet) | Acc: 30.67%
[Server] Aggregating by Dataset Name ...
Selected client ids: [0, 1, 2, 3, 4, 5, 6, 7, 8, 9, 10, 11, 12, 13, 14, 15, 16, 17, 18, 19, 20, 21, 22, 23, 24, 25, 26, 27, 28, 29]
--- Round 8 ---
Round 8 | Client 0 | Model: (MLP) | Acc: 92.15%
Round 8 | Client 1 | Model: (CNN) | Acc: 67.55%
Round 8 | Client 2 | Model: (ResNet8) | Acc: 91.39%
Round 8 | Client 3 | Model: (ResNet18) | Acc: 97.62%
Round 8 | Client 4 | Model: (MobileNetV2) | Acc: 92.61%
Round 8 | Client 5 | Model: (MobileNetV3) | Acc: 85.06%
Round 8 | Client 6 | Model: (LeNet) | Acc: 97.26%
Round 8 | Client 7 | Model: (AlexNet) | Acc: 98.74%
Round 8 | Client 8 | Model: (ShuffleNet) | Acc: 84.08%
Round 8 | Client 9 | Model: (SqueezeNet) | Acc: 91.26%
Round 8 | Client 11 | Model: (MLP) | Acc: 79.59%
Round 8 | Client 12 | Model: (CNN) | Acc: 80.90%
Round 8 | Client 13 | Model: (ResNet8) | Acc: 85.55%
Round 8 | Client 14 | Model: (ResNet18) | Acc: 85.32%
Round 8 | Client 15 | Model: (MobileNetV2) | Acc: 82.64%
Round 8 | Client 16 | Model: (MobileNetV3) | Acc: 68.91%
Round 8 | Client 17 | Model: (LeNet) | Acc: 83.42%
Round 8 | Client 18 | Model: (AlexNet) | Acc: 85.38%
Round 8 | Client 19 | Model: (ShuffleNet) | Acc: 82.09%
Round 8 | Client 20 | Model: (SqueezeNet) | Acc: 81.76%
Round 8 | Client 22 | Model: (MLP) | Acc: 36.81%
Round 8 | Client 23 | Model: (CNN) | Acc: 51.10%
Round 8 | Client 24 | Model: (ResNet8) | Acc: 47.97%
Round 8 | Client 25 | Model: (ResNet18) | Acc: 53.94%
Round 8 | Client 26 | Model: (MobileNetV2) | Acc: 33.58%
Round 8 | Client 27 | Model: (MobileNetV3) | Acc: 43.88%
Round 8 | Client 28 | Model: (LeNet) | Acc: 44.55%
Round 8 | Client 29 | Model: (AlexNet) | Acc: 47.35%
Round 8 | Client 30 | Model: (ShuffleNet) | Acc: 36.40%
Round 8 | Client 31 | Model: (SqueezeNet) | Acc: 29.33%
[Server] Aggregating by Dataset Name ...
Selected client ids: [0, 1, 2, 3, 4, 5, 6, 7, 8, 9, 10, 11, 12, 13, 14, 15, 16, 17, 18, 19, 20, 21, 22, 23, 24, 25, 26, 27, 28, 29]
--- Round 9 ---
Round 9 | Client 0 | Model: (MLP) | Acc: 93.68%
Round 9 | Client 1 | Model: (CNN) | Acc: 46.07%
Round 9 | Client 2 | Model: (ResNet8) | Acc: 97.06%
Round 9 | Client 3 | Model: (ResNet18) | Acc: 97.85%
Round 9 | Client 4 | Model: (MobileNetV2) | Acc: 93.58%
Round 9 | Client 5 | Model: (MobileNetV3) | Acc: 75.47%
Round 9 | Client 6 | Model: (LeNet) | Acc: 97.59%
Round 9 | Client 7 | Model: (AlexNet) | Acc: 98.32%
Round 9 | Client 8 | Model: (ShuffleNet) | Acc: 81.63%
Round 9 | Client 9 | Model: (SqueezeNet) | Acc: 95.52%
Round 9 | Client 11 | Model: (MLP) | Acc: 80.20%
Round 9 | Client 12 | Model: (CNN) | Acc: 80.98%
Round 9 | Client 13 | Model: (ResNet8) | Acc: 85.24%
Round 9 | Client 14 | Model: (ResNet18) | Acc: 85.81%
Round 9 | Client 15 | Model: (MobileNetV2) | Acc: 83.61%
Round 9 | Client 16 | Model: (MobileNetV3) | Acc: 75.15%
Round 9 | Client 17 | Model: (LeNet) | Acc: 84.24%
Round 9 | Client 18 | Model: (AlexNet) | Acc: 84.95%
Round 9 | Client 19 | Model: (ShuffleNet) | Acc: 82.06%
Round 9 | Client 20 | Model: (SqueezeNet) | Acc: 81.84%
Round 9 | Client 22 | Model: (MLP) | Acc: 41.01%
Round 9 | Client 23 | Model: (CNN) | Acc: 43.96%
Round 9 | Client 24 | Model: (ResNet8) | Acc: 53.00%
Round 9 | Client 25 | Model: (ResNet18) | Acc: 54.38%
Round 9 | Client 26 | Model: (MobileNetV2) | Acc: 35.47%
Round 9 | Client 27 | Model: (MobileNetV3) | Acc: 41.42%
Round 9 | Client 28 | Model: (LeNet) | Acc: 47.08%
Round 9 | Client 29 | Model: (AlexNet) | Acc: 47.78%
Round 9 | Client 30 | Model: (ShuffleNet) | Acc: 39.47%
Round 9 | Client 31 | Model: (SqueezeNet) | Acc: 31.35%
[Server] Aggregating by Dataset Name ...
Selected client ids: [0, 1, 2, 3, 4, 5, 6, 7, 8, 9, 10, 11, 12, 13, 14, 15, 16, 17, 18, 19, 20, 21, 22, 23, 24, 25, 26, 27, 28, 29]
--- Round 10 ---
Round 10 | Client 0 | Model: (MLP) | Acc: 92.48%
Round 10 | Client 1 | Model: (CNN) | Acc: 93.91%
Round 10 | Client 2 | Model: (ResNet8) | Acc: 86.86%
Round 10 | Client 3 | Model: (ResNet18) | Acc: 98.64%
Round 10 | Client 4 | Model: (MobileNetV2) | Acc: 93.90%
Round 10 | Client 5 | Model: (MobileNetV3) | Acc: 82.72%
Round 10 | Client 6 | Model: (LeNet) | Acc: 97.16%
Round 10 | Client 7 | Model: (AlexNet) | Acc: 98.32%
Round 10 | Client 8 | Model: (ShuffleNet) | Acc: 81.74%
Round 10 | Client 9 | Model: (SqueezeNet) | Acc: 94.86%
Round 10 | Client 11 | Model: (MLP) | Acc: 80.04%
Round 10 | Client 12 | Model: (CNN) | Acc: 81.74%
Round 10 | Client 13 | Model: (ResNet8) | Acc: 84.58%
Round 10 | Client 14 | Model: (ResNet18) | Acc: 85.96%
Round 10 | Client 15 | Model: (MobileNetV2) | Acc: 82.59%
Round 10 | Client 16 | Model: (MobileNetV3) | Acc: 75.54%
Round 10 | Client 17 | Model: (LeNet) | Acc: 83.95%
Round 10 | Client 18 | Model: (AlexNet) | Acc: 84.64%
Round 10 | Client 19 | Model: (ShuffleNet) | Acc: 82.77%
Round 10 | Client 20 | Model: (SqueezeNet) | Acc: 81.76%
Round 10 | Client 22 | Model: (MLP) | Acc: 40.17%
Round 10 | Client 23 | Model: (CNN) | Acc: 52.42%
Round 10 | Client 24 | Model: (ResNet8) | Acc: 57.17%
Round 10 | Client 25 | Model: (ResNet18) | Acc: 50.50%
Round 10 | Client 26 | Model: (MobileNetV2) | Acc: 37.04%
Round 10 | Client 27 | Model: (MobileNetV3) | Acc: 44.10%
Round 10 | Client 28 | Model: (LeNet) | Acc: 46.31%
Round 10 | Client 29 | Model: (AlexNet) | Acc: 49.95%
Round 10 | Client 30 | Model: (ShuffleNet) | Acc: 37.50%
Round 10 | Client 31 | Model: (SqueezeNet) | Acc: 30.45%
[Server] Aggregating by Dataset Name ...
Selected client ids: [0, 1, 2, 3, 4, 5, 6, 7, 8, 9, 10, 11, 12, 13, 14, 15, 16, 17, 18, 19, 20, 21, 22, 23, 24, 25, 26, 27, 28, 29]
--- Round 11 ---
Round 11 | Client 0 | Model: (MLP) | Acc: 94.44%
Round 11 | Client 1 | Model: (CNN) | Acc: 89.48%
Round 11 | Client 2 | Model: (ResNet8) | Acc: 95.70%
Round 11 | Client 3 | Model: (ResNet18) | Acc: 97.29%
Round 11 | Client 4 | Model: (MobileNetV2) | Acc: 93.68%
Round 11 | Client 5 | Model: (MobileNetV3) | Acc: 83.39%
Round 11 | Client 6 | Model: (LeNet) | Acc: 96.83%
Round 11 | Client 7 | Model: (AlexNet) | Acc: 97.16%
Round 11 | Client 8 | Model: (ShuffleNet) | Acc: 63.25%
Round 11 | Client 9 | Model: (SqueezeNet) | Acc: 94.32%
Round 11 | Client 11 | Model: (MLP) | Acc: 81.04%
Round 11 | Client 12 | Model: (CNN) | Acc: 83.55%
Round 11 | Client 13 | Model: (ResNet8) | Acc: 84.72%
Round 11 | Client 14 | Model: (ResNet18) | Acc: 84.91%
Round 11 | Client 15 | Model: (MobileNetV2) | Acc: 83.64%
Round 11 | Client 16 | Model: (MobileNetV3) | Acc: 69.13%
Round 11 | Client 17 | Model: (LeNet) | Acc: 84.36%
Round 11 | Client 18 | Model: (AlexNet) | Acc: 84.30%
Round 11 | Client 19 | Model: (ShuffleNet) | Acc: 82.80%
Round 11 | Client 20 | Model: (SqueezeNet) | Acc: 82.07%
Round 11 | Client 22 | Model: (MLP) | Acc: 40.41%
Round 11 | Client 23 | Model: (CNN) | Acc: 54.29%
Round 11 | Client 24 | Model: (ResNet8) | Acc: 56.42%
Round 11 | Client 25 | Model: (ResNet18) | Acc: 49.61%
Round 11 | Client 26 | Model: (MobileNetV2) | Acc: 36.52%
Round 11 | Client 27 | Model: (MobileNetV3) | Acc: 43.45%
Round 11 | Client 28 | Model: (LeNet) | Acc: 48.73%
Round 11 | Client 29 | Model: (AlexNet) | Acc: 49.62%
Round 11 | Client 30 | Model: (ShuffleNet) | Acc: 37.83%
Round 11 | Client 31 | Model: (SqueezeNet) | Acc: 33.03%
[Server] Aggregating by Dataset Name ...
Selected client ids: [0, 1, 2, 3, 4, 5, 6, 7, 8, 9, 10, 11, 12, 13, 14, 15, 16, 17, 18, 19, 20, 21, 22, 23, 24, 25, 26, 27, 28, 29]
--- Round 12 ---
Round 12 | Client 0 | Model: (MLP) | Acc: 92.26%
Round 12 | Client 1 | Model: (CNN) | Acc: 85.49%
Round 12 | Client 2 | Model: (ResNet8) | Acc: 96.38%
Round 12 | Client 3 | Model: (ResNet18) | Acc: 97.51%
Round 12 | Client 4 | Model: (MobileNetV2) | Acc: 94.00%
Round 12 | Client 5 | Model: (MobileNetV3) | Acc: 81.05%
Round 12 | Client 6 | Model: (LeNet) | Acc: 97.48%
Round 12 | Client 7 | Model: (AlexNet) | Acc: 98.32%
Round 12 | Client 8 | Model: (ShuffleNet) | Acc: 71.71%
Round 12 | Client 9 | Model: (SqueezeNet) | Acc: 96.17%
Round 12 | Client 11 | Model: (MLP) | Acc: 80.01%
Round 12 | Client 12 | Model: (CNN) | Acc: 82.45%
Round 12 | Client 13 | Model: (ResNet8) | Acc: 84.77%
Round 12 | Client 14 | Model: (ResNet18) | Acc: 85.72%
Round 12 | Client 15 | Model: (MobileNetV2) | Acc: 83.65%
Round 12 | Client 16 | Model: (MobileNetV3) | Acc: 78.47%
Round 12 | Client 17 | Model: (LeNet) | Acc: 84.86%
Round 12 | Client 18 | Model: (AlexNet) | Acc: 84.64%
Round 12 | Client 19 | Model: (ShuffleNet) | Acc: 82.39%
Round 12 | Client 20 | Model: (SqueezeNet) | Acc: 81.78%
Round 12 | Client 22 | Model: (MLP) | Acc: 41.01%
Round 12 | Client 23 | Model: (CNN) | Acc: 54.73%
Round 12 | Client 24 | Model: (ResNet8) | Acc: 46.90%
Round 12 | Client 25 | Model: (ResNet18) | Acc: 53.72%
Round 12 | Client 26 | Model: (MobileNetV2) | Acc: 37.78%
Round 12 | Client 27 | Model: (MobileNetV3) | Acc: 45.71%
Round 12 | Client 28 | Model: (LeNet) | Acc: 46.75%
Round 12 | Client 29 | Model: (AlexNet) | Acc: 50.92%
Round 12 | Client 30 | Model: (ShuffleNet) | Acc: 40.46%
Round 12 | Client 31 | Model: (SqueezeNet) | Acc: 33.48%
[Server] Aggregating by Dataset Name ...
Selected client ids: [0, 1, 2, 3, 4, 5, 6, 7, 8, 9, 10, 11, 12, 13, 14, 15, 16, 17, 18, 19, 20, 21, 22, 23, 24, 25, 26, 27, 28, 29]
--- Round 13 ---
Round 13 | Client 0 | Model: (MLP) | Acc: 92.58%
Round 13 | Client 1 | Model: (CNN) | Acc: 92.91%
Round 13 | Client 2 | Model: (ResNet8) | Acc: 97.51%
Round 13 | Client 3 | Model: (ResNet18) | Acc: 97.51%
Round 13 | Client 4 | Model: (MobileNetV2) | Acc: 94.22%
Round 13 | Client 5 | Model: (MobileNetV3) | Acc: 86.62%
Round 13 | Client 6 | Model: (LeNet) | Acc: 98.03%
Round 13 | Client 7 | Model: (AlexNet) | Acc: 97.05%
Round 13 | Client 8 | Model: (ShuffleNet) | Acc: 69.60%
Round 13 | Client 9 | Model: (SqueezeNet) | Acc: 95.63%
Round 13 | Client 11 | Model: (MLP) | Acc: 80.08%
Round 13 | Client 12 | Model: (CNN) | Acc: 84.78%
Round 13 | Client 13 | Model: (ResNet8) | Acc: 85.09%
Round 13 | Client 14 | Model: (ResNet18) | Acc: 86.23%
Round 13 | Client 15 | Model: (MobileNetV2) | Acc: 82.99%
Round 13 | Client 16 | Model: (MobileNetV3) | Acc: 73.30%
Round 13 | Client 17 | Model: (LeNet) | Acc: 84.47%
Round 13 | Client 18 | Model: (AlexNet) | Acc: 83.07%
Round 13 | Client 19 | Model: (ShuffleNet) | Acc: 83.34%
Round 13 | Client 20 | Model: (SqueezeNet) | Acc: 82.94%
Round 13 | Client 22 | Model: (MLP) | Acc: 42.21%
Round 13 | Client 23 | Model: (CNN) | Acc: 41.21%
Round 13 | Client 24 | Model: (ResNet8) | Acc: 50.00%
Round 13 | Client 25 | Model: (ResNet18) | Acc: 57.05%
Round 13 | Client 26 | Model: (MobileNetV2) | Acc: 36.52%
Round 13 | Client 27 | Model: (MobileNetV3) | Acc: 44.42%
Round 13 | Client 28 | Model: (LeNet) | Acc: 48.84%
Round 13 | Client 29 | Model: (AlexNet) | Acc: 52.65%
Round 13 | Client 30 | Model: (ShuffleNet) | Acc: 38.05%
Round 13 | Client 31 | Model: (SqueezeNet) | Acc: 32.47%
[Server] Aggregating by Dataset Name ...
Selected client ids: [0, 1, 2, 3, 4, 5, 6, 7, 8, 9, 10, 11, 12, 13, 14, 15, 16, 17, 18, 19, 20, 21, 22, 23, 24, 25, 26, 27, 28, 29]
--- Round 14 ---
Round 14 | Client 0 | Model: (MLP) | Acc: 92.15%
Round 14 | Client 1 | Model: (CNN) | Acc: 88.37%
Round 14 | Client 2 | Model: (ResNet8) | Acc: 98.30%
Round 14 | Client 3 | Model: (ResNet18) | Acc: 97.62%
Round 14 | Client 4 | Model: (MobileNetV2) | Acc: 94.11%
Round 14 | Client 5 | Model: (MobileNetV3) | Acc: 83.50%
Round 14 | Client 6 | Model: (LeNet) | Acc: 97.92%
Round 14 | Client 7 | Model: (AlexNet) | Acc: 98.32%
Round 14 | Client 8 | Model: (ShuffleNet) | Acc: 65.37%
Round 14 | Client 9 | Model: (SqueezeNet) | Acc: 96.83%
Round 14 | Client 11 | Model: (MLP) | Acc: 81.18%
Round 14 | Client 12 | Model: (CNN) | Acc: 84.55%
Round 14 | Client 13 | Model: (ResNet8) | Acc: 84.56%
Round 14 | Client 14 | Model: (ResNet18) | Acc: 85.61%
Round 14 | Client 15 | Model: (MobileNetV2) | Acc: 84.02%
Round 14 | Client 16 | Model: (MobileNetV3) | Acc: 76.42%
Round 14 | Client 17 | Model: (LeNet) | Acc: 84.14%
Round 14 | Client 18 | Model: (AlexNet) | Acc: 84.04%
Round 14 | Client 19 | Model: (ShuffleNet) | Acc: 82.94%
Round 14 | Client 20 | Model: (SqueezeNet) | Acc: 81.80%
Round 14 | Client 22 | Model: (MLP) | Acc: 40.29%
Round 14 | Client 23 | Model: (CNN) | Acc: 56.26%
Round 14 | Client 24 | Model: (ResNet8) | Acc: 56.00%
Round 14 | Client 25 | Model: (ResNet18) | Acc: 52.28%
Round 14 | Client 26 | Model: (MobileNetV2) | Acc: 39.66%
Round 14 | Client 27 | Model: (MobileNetV3) | Acc: 45.39%
Round 14 | Client 28 | Model: (LeNet) | Acc: 49.39%
Round 14 | Client 29 | Model: (AlexNet) | Acc: 53.62%
Round 14 | Client 30 | Model: (ShuffleNet) | Acc: 38.82%
Round 14 | Client 31 | Model: (SqueezeNet) | Acc: 32.36%
[Server] Aggregating by Dataset Name ...
Selected client ids: [0, 1, 2, 3, 4, 5, 6, 7, 8, 9, 10, 11, 12, 13, 14, 15, 16, 17, 18, 19, 20, 21, 22, 23, 24, 25, 26, 27, 28, 29]
--- Round 15 ---
Round 15 | Client 0 | Model: (MLP) | Acc: 94.33%
Round 15 | Client 1 | Model: (CNN) | Acc: 94.02%
Round 15 | Client 2 | Model: (ResNet8) | Acc: 98.53%
Round 15 | Client 3 | Model: (ResNet18) | Acc: 98.42%
Round 15 | Client 4 | Model: (MobileNetV2) | Acc: 94.33%
Round 15 | Client 5 | Model: (MobileNetV3) | Acc: 78.26%
Round 15 | Client 6 | Model: (LeNet) | Acc: 98.03%
Round 15 | Client 7 | Model: (AlexNet) | Acc: 98.00%
Round 15 | Client 8 | Model: (ShuffleNet) | Acc: 69.04%
Round 15 | Client 9 | Model: (SqueezeNet) | Acc: 96.61%
Round 15 | Client 11 | Model: (MLP) | Acc: 79.56%
Round 15 | Client 12 | Model: (CNN) | Acc: 84.65%
Round 15 | Client 13 | Model: (ResNet8) | Acc: 84.31%
Round 15 | Client 14 | Model: (ResNet18) | Acc: 85.56%
Round 15 | Client 15 | Model: (MobileNetV2) | Acc: 83.70%
Round 15 | Client 16 | Model: (MobileNetV3) | Acc: 76.35%
Round 15 | Client 17 | Model: (LeNet) | Acc: 84.17%
Round 15 | Client 18 | Model: (AlexNet) | Acc: 83.15%
Round 15 | Client 19 | Model: (ShuffleNet) | Acc: 83.27%
Round 15 | Client 20 | Model: (SqueezeNet) | Acc: 82.54%
Round 15 | Client 22 | Model: (MLP) | Acc: 43.05%
Round 15 | Client 23 | Model: (CNN) | Acc: 57.91%
Round 15 | Client 24 | Model: (ResNet8) | Acc: 59.10%
Round 15 | Client 25 | Model: (ResNet18) | Acc: 57.82%
Round 15 | Client 26 | Model: (MobileNetV2) | Acc: 38.20%
Round 15 | Client 27 | Model: (MobileNetV3) | Acc: 45.49%
Round 15 | Client 28 | Model: (LeNet) | Acc: 47.74%
Round 15 | Client 29 | Model: (AlexNet) | Acc: 53.51%
Round 15 | Client 30 | Model: (ShuffleNet) | Acc: 40.57%
Round 15 | Client 31 | Model: (SqueezeNet) | Acc: 33.82%
[Server] Aggregating by Dataset Name ...
Selected client ids: [0, 1, 2, 3, 4, 5, 6, 7, 8, 9, 10, 11, 12, 13, 14, 15, 16, 17, 18, 19, 20, 21, 22, 23, 24, 25, 26, 27, 28, 29]
--- Round 16 ---
Round 16 | Client 0 | Model: (MLP) | Acc: 94.66%
Round 16 | Client 1 | Model: (CNN) | Acc: 95.24%
Round 16 | Client 2 | Model: (ResNet8) | Acc: 98.41%
Round 16 | Client 3 | Model: (ResNet18) | Acc: 98.87%
Round 16 | Client 4 | Model: (MobileNetV2) | Acc: 94.11%
Round 16 | Client 5 | Model: (MobileNetV3) | Acc: 88.41%
Round 16 | Client 6 | Model: (LeNet) | Acc: 98.14%
Round 16 | Client 7 | Model: (AlexNet) | Acc: 98.21%
Round 16 | Client 8 | Model: (ShuffleNet) | Acc: 71.83%
Round 16 | Client 9 | Model: (SqueezeNet) | Acc: 96.39%
Round 16 | Client 11 | Model: (MLP) | Acc: 80.43%
Round 16 | Client 12 | Model: (CNN) | Acc: 84.22%
Round 16 | Client 13 | Model: (ResNet8) | Acc: 84.66%
Round 16 | Client 14 | Model: (ResNet18) | Acc: 85.23%
Round 16 | Client 15 | Model: (MobileNetV2) | Acc: 83.36%
Round 16 | Client 16 | Model: (MobileNetV3) | Acc: 68.30%
Round 16 | Client 17 | Model: (LeNet) | Acc: 84.50%
Round 16 | Client 18 | Model: (AlexNet) | Acc: 83.11%
Round 16 | Client 19 | Model: (ShuffleNet) | Acc: 83.61%
Round 16 | Client 20 | Model: (SqueezeNet) | Acc: 83.27%
Round 16 | Client 22 | Model: (MLP) | Acc: 39.45%
Round 16 | Client 23 | Model: (CNN) | Acc: 49.12%
Round 16 | Client 24 | Model: (ResNet8) | Acc: 52.03%
Round 16 | Client 25 | Model: (ResNet18) | Acc: 55.72%
Round 16 | Client 26 | Model: (MobileNetV2) | Acc: 36.52%
Round 16 | Client 27 | Model: (MobileNetV3) | Acc: 48.18%
Round 16 | Client 28 | Model: (LeNet) | Acc: 51.27%
Round 16 | Client 29 | Model: (AlexNet) | Acc: 53.30%
Round 16 | Client 30 | Model: (ShuffleNet) | Acc: 39.36%
Round 16 | Client 31 | Model: (SqueezeNet) | Acc: 36.40%
[Server] Aggregating by Dataset Name ...
Selected client ids: [0, 1, 2, 3, 4, 5, 6, 7, 8, 9, 10, 11, 12, 13, 14, 15, 16, 17, 18, 19, 20, 21, 22, 23, 24, 25, 26, 27, 28, 29]
--- Round 17 ---
Round 17 | Client 0 | Model: (MLP) | Acc: 94.44%
Round 17 | Client 1 | Model: (CNN) | Acc: 95.68%
Round 17 | Client 2 | Model: (ResNet8) | Acc: 97.73%
Round 17 | Client 3 | Model: (ResNet18) | Acc: 98.19%
Round 17 | Client 4 | Model: (MobileNetV2) | Acc: 95.93%
Round 17 | Client 5 | Model: (MobileNetV3) | Acc: 89.41%
Round 17 | Client 6 | Model: (LeNet) | Acc: 98.25%
Round 17 | Client 7 | Model: (AlexNet) | Acc: 98.32%
Round 17 | Client 8 | Model: (ShuffleNet) | Acc: 72.05%
Round 17 | Client 9 | Model: (SqueezeNet) | Acc: 96.72%
Round 17 | Client 11 | Model: (MLP) | Acc: 80.73%
Round 17 | Client 12 | Model: (CNN) | Acc: 85.30%
Round 17 | Client 13 | Model: (ResNet8) | Acc: 84.56%
Round 17 | Client 14 | Model: (ResNet18) | Acc: 85.09%
Round 17 | Client 15 | Model: (MobileNetV2) | Acc: 83.61%
Round 17 | Client 16 | Model: (MobileNetV3) | Acc: 76.97%
Round 17 | Client 17 | Model: (LeNet) | Acc: 84.52%
Round 17 | Client 18 | Model: (AlexNet) | Acc: 83.92%
Round 17 | Client 19 | Model: (ShuffleNet) | Acc: 83.57%
Round 17 | Client 20 | Model: (SqueezeNet) | Acc: 81.59%
Round 17 | Client 22 | Model: (MLP) | Acc: 41.49%
Round 17 | Client 23 | Model: (CNN) | Acc: 58.68%
Round 17 | Client 24 | Model: (ResNet8) | Acc: 56.64%
Round 17 | Client 25 | Model: (ResNet18) | Acc: 55.60%
Round 17 | Client 26 | Model: (MobileNetV2) | Acc: 37.78%
Round 17 | Client 27 | Model: (MobileNetV3) | Acc: 44.96%
Round 17 | Client 28 | Model: (LeNet) | Acc: 50.28%
Round 17 | Client 29 | Model: (AlexNet) | Acc: 52.22%
Round 17 | Client 30 | Model: (ShuffleNet) | Acc: 38.82%
Round 17 | Client 31 | Model: (SqueezeNet) | Acc: 33.93%
[Server] Aggregating by Dataset Name ...
Selected client ids: [0, 1, 2, 3, 4, 5, 6, 7, 8, 9, 10, 11, 12, 13, 14, 15, 16, 17, 18, 19, 20, 21, 22, 23, 24, 25, 26, 27, 28, 29]
--- Round 18 ---
Round 18 | Client 0 | Model: (MLP) | Acc: 92.15%
Round 18 | Client 1 | Model: (CNN) | Acc: 89.37%
Round 18 | Client 2 | Model: (ResNet8) | Acc: 96.60%
Round 18 | Client 3 | Model: (ResNet18) | Acc: 98.87%
Round 18 | Client 4 | Model: (MobileNetV2) | Acc: 95.82%
Round 18 | Client 5 | Model: (MobileNetV3) | Acc: 88.29%
Round 18 | Client 6 | Model: (LeNet) | Acc: 98.58%
Round 18 | Client 7 | Model: (AlexNet) | Acc: 98.32%
Round 18 | Client 8 | Model: (ShuffleNet) | Acc: 72.83%
Round 18 | Client 9 | Model: (SqueezeNet) | Acc: 96.07%
Round 18 | Client 11 | Model: (MLP) | Acc: 80.73%
Round 18 | Client 12 | Model: (CNN) | Acc: 83.03%
Round 18 | Client 13 | Model: (ResNet8) | Acc: 84.90%
Round 18 | Client 14 | Model: (ResNet18) | Acc: 85.05%
Round 18 | Client 15 | Model: (MobileNetV2) | Acc: 84.12%
Round 18 | Client 16 | Model: (MobileNetV3) | Acc: 77.37%
Round 18 | Client 17 | Model: (LeNet) | Acc: 84.31%
Round 18 | Client 18 | Model: (AlexNet) | Acc: 83.35%
Round 18 | Client 19 | Model: (ShuffleNet) | Acc: 83.02%
Round 18 | Client 20 | Model: (SqueezeNet) | Acc: 82.91%
Round 18 | Client 22 | Model: (MLP) | Acc: 38.73%
Round 18 | Client 23 | Model: (CNN) | Acc: 57.80%
Round 18 | Client 24 | Model: (ResNet8) | Acc: 54.50%
Round 18 | Client 25 | Model: (ResNet18) | Acc: 58.60%
Round 18 | Client 26 | Model: (MobileNetV2) | Acc: 36.73%
Round 18 | Client 27 | Model: (MobileNetV3) | Acc: 44.74%
Round 18 | Client 28 | Model: (LeNet) | Acc: 51.16%
Round 18 | Client 29 | Model: (AlexNet) | Acc: 53.95%
Round 18 | Client 30 | Model: (ShuffleNet) | Acc: 40.13%
Round 18 | Client 31 | Model: (SqueezeNet) | Acc: 37.75%
[Server] Aggregating by Dataset Name ...
Selected client ids: [0, 1, 2, 3, 4, 5, 6, 7, 8, 9, 10, 11, 12, 13, 14, 15, 16, 17, 18, 19, 20, 21, 22, 23, 24, 25, 26, 27, 28, 29]
--- Round 19 ---
Round 19 | Client 0 | Model: (MLP) | Acc: 94.55%
Round 19 | Client 1 | Model: (CNN) | Acc: 43.74%
Round 19 | Client 2 | Model: (ResNet8) | Acc: 94.56%
Round 19 | Client 3 | Model: (ResNet18) | Acc: 98.98%
Round 19 | Client 4 | Model: (MobileNetV2) | Acc: 96.04%
Round 19 | Client 5 | Model: (MobileNetV3) | Acc: 90.19%
Round 19 | Client 6 | Model: (LeNet) | Acc: 98.14%
Round 19 | Client 7 | Model: (AlexNet) | Acc: 98.53%
Round 19 | Client 8 | Model: (ShuffleNet) | Acc: 73.61%
Round 19 | Client 9 | Model: (SqueezeNet) | Acc: 95.41%
Round 19 | Client 11 | Model: (MLP) | Acc: 80.21%
Round 19 | Client 12 | Model: (CNN) | Acc: 83.42%
Round 19 | Client 13 | Model: (ResNet8) | Acc: 84.19%
Round 19 | Client 14 | Model: (ResNet18) | Acc: 84.99%
Round 19 | Client 15 | Model: (MobileNetV2) | Acc: 84.27%
Round 19 | Client 16 | Model: (MobileNetV3) | Acc: 78.66%
Round 19 | Client 17 | Model: (LeNet) | Acc: 84.37%
Round 19 | Client 18 | Model: (AlexNet) | Acc: 83.78%
Round 19 | Client 19 | Model: (ShuffleNet) | Acc: 83.01%
Round 19 | Client 20 | Model: (SqueezeNet) | Acc: 83.03%
Round 19 | Client 22 | Model: (MLP) | Acc: 41.01%
Round 19 | Client 23 | Model: (CNN) | Acc: 57.47%
Round 19 | Client 24 | Model: (ResNet8) | Acc: 54.28%
Round 19 | Client 25 | Model: (ResNet18) | Acc: 57.27%
Round 19 | Client 26 | Model: (MobileNetV2) | Acc: 39.77%
Round 19 | Client 27 | Model: (MobileNetV3) | Acc: 45.82%
Round 19 | Client 28 | Model: (LeNet) | Acc: 49.72%
Round 19 | Client 29 | Model: (AlexNet) | Acc: 54.59%
Round 19 | Client 30 | Model: (ShuffleNet) | Acc: 38.82%
Round 19 | Client 31 | Model: (SqueezeNet) | Acc: 36.97%
[Server] Aggregating by Dataset Name ...
Selected client ids: [0, 1, 2, 3, 4, 5, 6, 7, 8, 9, 10, 11, 12, 13, 14, 15, 16, 17, 18, 19, 20, 21, 22, 23, 24, 25, 26, 27, 28, 29]
--- Round 20 ---
Round 20 | Client 0 | Model: (MLP) | Acc: 93.68%
Round 20 | Client 1 | Model: (CNN) | Acc: 95.57%
Round 20 | Client 2 | Model: (ResNet8) | Acc: 96.26%
Round 20 | Client 3 | Model: (ResNet18) | Acc: 98.19%
Round 20 | Client 4 | Model: (MobileNetV2) | Acc: 93.90%
Round 20 | Client 5 | Model: (MobileNetV3) | Acc: 88.41%
Round 20 | Client 6 | Model: (LeNet) | Acc: 98.80%
Round 20 | Client 7 | Model: (AlexNet) | Acc: 98.95%
Round 20 | Client 8 | Model: (ShuffleNet) | Acc: 72.72%
Round 20 | Client 9 | Model: (SqueezeNet) | Acc: 97.49%
Round 20 | Client 11 | Model: (MLP) | Acc: 80.53%
Round 20 | Client 12 | Model: (CNN) | Acc: 84.90%
Round 20 | Client 13 | Model: (ResNet8) | Acc: 84.14%
Round 20 | Client 14 | Model: (ResNet18) | Acc: 84.59%
Round 20 | Client 15 | Model: (MobileNetV2) | Acc: 83.57%
Round 20 | Client 16 | Model: (MobileNetV3) | Acc: 79.61%
Round 20 | Client 17 | Model: (LeNet) | Acc: 84.32%
Round 20 | Client 18 | Model: (AlexNet) | Acc: 82.89%
Round 20 | Client 19 | Model: (ShuffleNet) | Acc: 82.54%
Round 20 | Client 20 | Model: (SqueezeNet) | Acc: 82.83%
Round 20 | Client 22 | Model: (MLP) | Acc: 38.61%
Round 20 | Client 23 | Model: (CNN) | Acc: 45.60%
Round 20 | Client 24 | Model: (ResNet8) | Acc: 51.07%
Round 20 | Client 25 | Model: (ResNet18) | Acc: 54.94%
Round 20 | Client 26 | Model: (MobileNetV2) | Acc: 38.09%
Round 20 | Client 27 | Model: (MobileNetV3) | Acc: 46.89%
Round 20 | Client 28 | Model: (LeNet) | Acc: 51.05%
Round 20 | Client 29 | Model: (AlexNet) | Acc: 54.38%
Round 20 | Client 30 | Model: (ShuffleNet) | Acc: 39.04%
Round 20 | Client 31 | Model: (SqueezeNet) | Acc: 35.39%
[Server] Aggregating by Dataset Name ...
Selected client ids: [0, 1, 2, 3, 4, 5, 6, 7, 8, 9, 10, 11, 12, 13, 14, 15, 16, 17, 18, 19, 20, 21, 22, 23, 24, 25, 26, 27, 28, 29]
--- Round 21 ---
Round 21 | Client 0 | Model: (MLP) | Acc: 93.68%
Round 21 | Client 1 | Model: (CNN) | Acc: 79.62%
Round 21 | Client 2 | Model: (ResNet8) | Acc: 92.87%
Round 21 | Client 3 | Model: (ResNet18) | Acc: 97.62%
Round 21 | Client 4 | Model: (MobileNetV2) | Acc: 94.86%
Round 21 | Client 5 | Model: (MobileNetV3) | Acc: 89.63%
Round 21 | Client 6 | Model: (LeNet) | Acc: 98.58%
Round 21 | Client 7 | Model: (AlexNet) | Acc: 98.74%
Round 21 | Client 8 | Model: (ShuffleNet) | Acc: 71.94%
Round 21 | Client 9 | Model: (SqueezeNet) | Acc: 97.05%
Round 21 | Client 11 | Model: (MLP) | Acc: 80.32%
Round 21 | Client 12 | Model: (CNN) | Acc: 84.58%
Round 21 | Client 13 | Model: (ResNet8) | Acc: 84.69%
Round 21 | Client 14 | Model: (ResNet18) | Acc: 84.60%
Round 21 | Client 15 | Model: (MobileNetV2) | Acc: 84.09%
Round 21 | Client 16 | Model: (MobileNetV3) | Acc: 77.04%
Round 21 | Client 17 | Model: (LeNet) | Acc: 83.96%
Round 21 | Client 18 | Model: (AlexNet) | Acc: 82.65%
Round 21 | Client 19 | Model: (ShuffleNet) | Acc: 83.40%
Round 21 | Client 20 | Model: (SqueezeNet) | Acc: 81.32%
Round 21 | Client 22 | Model: (MLP) | Acc: 39.93%
Round 21 | Client 23 | Model: (CNN) | Acc: 58.13%
Round 21 | Client 24 | Model: (ResNet8) | Acc: 55.25%
Round 21 | Client 25 | Model: (ResNet18) | Acc: 61.15%
Round 21 | Client 26 | Model: (MobileNetV2) | Acc: 39.87%
Round 21 | Client 27 | Model: (MobileNetV3) | Acc: 46.89%
Round 21 | Client 28 | Model: (LeNet) | Acc: 49.72%
Round 21 | Client 29 | Model: (AlexNet) | Acc: 53.62%
Round 21 | Client 30 | Model: (ShuffleNet) | Acc: 40.24%
Round 21 | Client 31 | Model: (SqueezeNet) | Acc: 35.06%
[Server] Aggregating by Dataset Name ...
Selected client ids: [0, 1, 2, 3, 4, 5, 6, 7, 8, 9, 10, 11, 12, 13, 14, 15, 16, 17, 18, 19, 20, 21, 22, 23, 24, 25, 26, 27, 28, 29]
--- Round 22 ---
Round 22 | Client 0 | Model: (MLP) | Acc: 94.98%
Round 22 | Client 1 | Model: (CNN) | Acc: 79.29%
Round 22 | Client 2 | Model: (ResNet8) | Acc: 94.22%
Round 22 | Client 3 | Model: (ResNet18) | Acc: 98.87%
Round 22 | Client 4 | Model: (MobileNetV2) | Acc: 95.18%
Round 22 | Client 5 | Model: (MobileNetV3) | Acc: 88.29%
Round 22 | Client 6 | Model: (LeNet) | Acc: 98.14%
Round 22 | Client 7 | Model: (AlexNet) | Acc: 98.84%
Round 22 | Client 8 | Model: (ShuffleNet) | Acc: 71.27%
Round 22 | Client 9 | Model: (SqueezeNet) | Acc: 96.61%
Round 22 | Client 11 | Model: (MLP) | Acc: 80.69%
Round 22 | Client 12 | Model: (CNN) | Acc: 84.92%
Round 22 | Client 13 | Model: (ResNet8) | Acc: 82.83%
Round 22 | Client 14 | Model: (ResNet18) | Acc: 83.87%
Round 22 | Client 15 | Model: (MobileNetV2) | Acc: 83.69%
Round 22 | Client 16 | Model: (MobileNetV3) | Acc: 78.19%
Round 22 | Client 17 | Model: (LeNet) | Acc: 84.33%
Round 22 | Client 18 | Model: (AlexNet) | Acc: 82.47%
Round 22 | Client 19 | Model: (ShuffleNet) | Acc: 83.57%
Round 22 | Client 20 | Model: (SqueezeNet) | Acc: 82.27%
Round 22 | Client 22 | Model: (MLP) | Acc: 37.77%
Round 22 | Client 23 | Model: (CNN) | Acc: 45.05%
Round 22 | Client 24 | Model: (ResNet8) | Acc: 53.75%
Round 22 | Client 25 | Model: (ResNet18) | Acc: 59.16%
Round 22 | Client 26 | Model: (MobileNetV2) | Acc: 38.82%
Round 22 | Client 27 | Model: (MobileNetV3) | Acc: 45.82%
Round 22 | Client 28 | Model: (LeNet) | Acc: 50.83%
Round 22 | Client 29 | Model: (AlexNet) | Acc: 53.73%
Round 22 | Client 30 | Model: (ShuffleNet) | Acc: 41.12%
Round 22 | Client 31 | Model: (SqueezeNet) | Acc: 35.73%
[Server] Aggregating by Dataset Name ...
Selected client ids: [0, 1, 2, 3, 4, 5, 6, 7, 8, 9, 10, 11, 12, 13, 14, 15, 16, 17, 18, 19, 20, 21, 22, 23, 24, 25, 26, 27, 28, 29]
--- Round 23 ---
Round 23 | Client 0 | Model: (MLP) | Acc: 96.07%
Round 23 | Client 1 | Model: (CNN) | Acc: 86.49%
Round 23 | Client 2 | Model: (ResNet8) | Acc: 97.85%
Round 23 | Client 3 | Model: (ResNet18) | Acc: 98.98%
Round 23 | Client 4 | Model: (MobileNetV2) | Acc: 95.29%
Round 23 | Client 5 | Model: (MobileNetV3) | Acc: 82.50%
Round 23 | Client 6 | Model: (LeNet) | Acc: 97.37%
Round 23 | Client 7 | Model: (AlexNet) | Acc: 98.84%
Round 23 | Client 8 | Model: (ShuffleNet) | Acc: 73.61%
Round 23 | Client 9 | Model: (SqueezeNet) | Acc: 97.70%
Round 23 | Client 11 | Model: (MLP) | Acc: 80.02%
Round 23 | Client 12 | Model: (CNN) | Acc: 84.36%
Round 23 | Client 13 | Model: (ResNet8) | Acc: 82.72%
Round 23 | Client 14 | Model: (ResNet18) | Acc: 84.46%
Round 23 | Client 15 | Model: (MobileNetV2) | Acc: 84.36%
Round 23 | Client 16 | Model: (MobileNetV3) | Acc: 77.83%
Round 23 | Client 17 | Model: (LeNet) | Acc: 83.96%
Round 23 | Client 18 | Model: (AlexNet) | Acc: 82.60%
Round 23 | Client 19 | Model: (ShuffleNet) | Acc: 83.05%
Round 23 | Client 20 | Model: (SqueezeNet) | Acc: 83.24%
Round 23 | Client 22 | Model: (MLP) | Acc: 42.45%
Round 23 | Client 23 | Model: (CNN) | Acc: 50.99%
Round 23 | Client 24 | Model: (ResNet8) | Acc: 59.21%
Round 23 | Client 25 | Model: (ResNet18) | Acc: 59.60%
Round 23 | Client 26 | Model: (MobileNetV2) | Acc: 40.19%
Round 23 | Client 27 | Model: (MobileNetV3) | Acc: 46.03%
Round 23 | Client 28 | Model: (LeNet) | Acc: 51.49%
Round 23 | Client 29 | Model: (AlexNet) | Acc: 55.57%
Round 23 | Client 30 | Model: (ShuffleNet) | Acc: 37.61%
Round 23 | Client 31 | Model: (SqueezeNet) | Acc: 36.85%
[Server] Aggregating by Dataset Name ...
Selected client ids: [0, 1, 2, 3, 4, 5, 6, 7, 8, 9, 10, 11, 12, 13, 14, 15, 16, 17, 18, 19, 20, 21, 22, 23, 24, 25, 26, 27, 28, 29]
--- Round 24 ---
Round 24 | Client 0 | Model: (MLP) | Acc: 94.77%
Round 24 | Client 1 | Model: (CNN) | Acc: 77.52%
Round 24 | Client 2 | Model: (ResNet8) | Acc: 96.38%
Round 24 | Client 3 | Model: (ResNet18) | Acc: 98.64%
Round 24 | Client 4 | Model: (MobileNetV2) | Acc: 95.50%
Round 24 | Client 5 | Model: (MobileNetV3) | Acc: 86.96%
Round 24 | Client 6 | Model: (LeNet) | Acc: 97.48%
Round 24 | Client 7 | Model: (AlexNet) | Acc: 98.95%
Round 24 | Client 8 | Model: (ShuffleNet) | Acc: 73.72%
Round 24 | Client 9 | Model: (SqueezeNet) | Acc: 97.16%
Round 24 | Client 11 | Model: (MLP) | Acc: 80.47%
Round 24 | Client 12 | Model: (CNN) | Acc: 85.28%
Round 24 | Client 13 | Model: (ResNet8) | Acc: 83.82%
Round 24 | Client 14 | Model: (ResNet18) | Acc: 84.26%
Round 24 | Client 15 | Model: (MobileNetV2) | Acc: 84.10%
Round 24 | Client 16 | Model: (MobileNetV3) | Acc: 77.74%
Round 24 | Client 17 | Model: (LeNet) | Acc: 84.44%
Round 24 | Client 18 | Model: (AlexNet) | Acc: 82.76%
Round 24 | Client 19 | Model: (ShuffleNet) | Acc: 83.51%
Round 24 | Client 20 | Model: (SqueezeNet) | Acc: 82.76%
Round 24 | Client 22 | Model: (MLP) | Acc: 40.05%
Round 24 | Client 23 | Model: (CNN) | Acc: 60.33%
Round 24 | Client 24 | Model: (ResNet8) | Acc: 60.49%
Round 24 | Client 25 | Model: (ResNet18) | Acc: 57.49%
Round 24 | Client 26 | Model: (MobileNetV2) | Acc: 38.61%
Round 24 | Client 27 | Model: (MobileNetV3) | Acc: 47.10%
Round 24 | Client 28 | Model: (LeNet) | Acc: 52.81%
Round 24 | Client 29 | Model: (AlexNet) | Acc: 55.35%
Round 24 | Client 30 | Model: (ShuffleNet) | Acc: 37.06%
Round 24 | Client 31 | Model: (SqueezeNet) | Acc: 38.65%
[Server] Aggregating by Dataset Name ...
Selected client ids: [0, 1, 2, 3, 4, 5, 6, 7, 8, 9, 10, 11, 12, 13, 14, 15, 16, 17, 18, 19, 20, 21, 22, 23, 24, 25, 26, 27, 28, 29]
--- Round 25 ---
Round 25 | Client 0 | Model: (MLP) | Acc: 93.02%
Round 25 | Client 1 | Model: (CNN) | Acc: 86.38%
Round 25 | Client 2 | Model: (ResNet8) | Acc: 98.07%
Round 25 | Client 3 | Model: (ResNet18) | Acc: 99.10%
Round 25 | Client 4 | Model: (MobileNetV2) | Acc: 95.07%
Round 25 | Client 5 | Model: (MobileNetV3) | Acc: 86.18%
Round 25 | Client 6 | Model: (LeNet) | Acc: 98.14%
Round 25 | Client 7 | Model: (AlexNet) | Acc: 98.95%
Round 25 | Client 8 | Model: (ShuffleNet) | Acc: 72.61%
Round 25 | Client 9 | Model: (SqueezeNet) | Acc: 95.85%
Round 25 | Client 11 | Model: (MLP) | Acc: 80.62%
Round 25 | Client 12 | Model: (CNN) | Acc: 84.30%
Round 25 | Client 13 | Model: (ResNet8) | Acc: 83.58%
Round 25 | Client 14 | Model: (ResNet18) | Acc: 83.43%
Round 25 | Client 15 | Model: (MobileNetV2) | Acc: 83.98%
Round 25 | Client 16 | Model: (MobileNetV3) | Acc: 74.93%
Round 25 | Client 17 | Model: (LeNet) | Acc: 83.53%
Round 25 | Client 18 | Model: (AlexNet) | Acc: 82.25%
Round 25 | Client 19 | Model: (ShuffleNet) | Acc: 83.38%
Round 25 | Client 20 | Model: (SqueezeNet) | Acc: 83.75%
Round 25 | Client 22 | Model: (MLP) | Acc: 40.05%
Round 25 | Client 23 | Model: (CNN) | Acc: 61.10%
Round 25 | Client 24 | Model: (ResNet8) | Acc: 57.07%
Round 25 | Client 25 | Model: (ResNet18) | Acc: 59.82%
Round 25 | Client 26 | Model: (MobileNetV2) | Acc: 39.45%
Round 25 | Client 27 | Model: (MobileNetV3) | Acc: 48.71%
Round 25 | Client 28 | Model: (LeNet) | Acc: 51.93%
Round 25 | Client 29 | Model: (AlexNet) | Acc: 56.11%
Round 25 | Client 30 | Model: (ShuffleNet) | Acc: 38.27%
Round 25 | Client 31 | Model: (SqueezeNet) | Acc: 40.00%
[Server] Aggregating by Dataset Name ...
Saving checkpoints ...
[Server] Checkpoint saved to logs/2026-05-12_17-40-17/Local/config_checkpoints.pth
[Server] All 30 clients saved in logs/2026-05-12_17-40-17/Local/clients_last_round_checkpoints/
==============================    Finished. Total Time: 1:01:53    ==============================
