Time: 2026-04-18 06:41:49
Log Dir: /home/unshun/multi-FL/logs/Local_iid_hom_gb40/new_client_2026-04-18_06-41-49/
================================================================================Loading checkpoints from logs/Local_iid_hom_gb40/Local/
Method selected: DI
Loaded CNN for CIFAR10 from client_model_CIFAR10_c22_CNN.pth
Loaded CNN for CIFAR10 from client_model_CIFAR10_c23_CNN.pth
Loaded CNN for CIFAR10 from client_model_CIFAR10_c29_CNN.pth
Loaded CNN for CIFAR10 from client_model_CIFAR10_c24_CNN.pth
Loaded CNN for CIFAR10 from client_model_CIFAR10_c28_CNN.pth
Loaded CNN for CIFAR10 from client_model_CIFAR10_c26_CNN.pth
Loaded CNN for CIFAR10 from client_model_CIFAR10_c25_CNN.pth
Loaded CNN for CIFAR10 from client_model_CIFAR10_c27_CNN.pth
Loaded CNN for CIFAR10 from client_model_CIFAR10_c31_CNN.pth
Loaded CNN for CIFAR10 from client_model_CIFAR10_c30_CNN.pth
WARNING: No models loaded for dataset: FashionMNIST.
WARNING: No models loaded for dataset: CIFAR100.

========================================
>>> [METHOD: SYNTHETIC] Starting Synthetic Label Mapping...
========================================
>>> Target Methods to Run: ['DI']
>>> [Syn] Loaded client data distributions directly from server checkpoint.

########################################
>>> [Syn] Running Method: DI
########################################

>>> Syn-DI Training Old Generators...
[Testing] Training Per-Dataset Generators Offline (Old Gen Method)...
--- DeepInversion Generator Configuration ---
    epochs: 120
    g_steps: 1000
    lr: 0.1
    ce: 1.0
    bn: 10.0
    tv: 0.005
    l2: 0.0
    adv: 1.0
    student_lr: 0.2
------------------------------------
    -> [Epoch 0] Student Test Accuracy for CIFAR10: 10.03%
    -> [Epoch 1] Student Test Accuracy for CIFAR10: 10.00%
    -> [Epoch 2] Student Test Accuracy for CIFAR10: 11.08%
    -> [Epoch 3] Student Test Accuracy for CIFAR10: 15.30%
    -> [Epoch 4] Student Test Accuracy for CIFAR10: 16.46%
    -> [Epoch 5] Student Test Accuracy for CIFAR10: 16.05%
    -> [Epoch 6] Student Test Accuracy for CIFAR10: 19.86%
    -> [Epoch 7] Student Test Accuracy for CIFAR10: 20.43%
    -> [Epoch 8] Student Test Accuracy for CIFAR10: 20.48%
    -> [Epoch 9] Student Test Accuracy for CIFAR10: 18.86%
    -> [Epoch 10] Student Test Accuracy for CIFAR10: 20.10%
    -> [Epoch 11] Student Test Accuracy for CIFAR10: 20.65%
    -> [Epoch 12] Student Test Accuracy for CIFAR10: 18.86%
    -> [Epoch 13] Student Test Accuracy for CIFAR10: 19.25%
    -> [Epoch 14] Student Test Accuracy for CIFAR10: 18.85%
    -> [Epoch 15] Student Test Accuracy for CIFAR10: 20.40%
    -> [Epoch 16] Student Test Accuracy for CIFAR10: 18.22%
    -> [Epoch 17] Student Test Accuracy for CIFAR10: 20.57%
    -> [Epoch 18] Student Test Accuracy for CIFAR10: 20.15%
    -> [Epoch 19] Student Test Accuracy for CIFAR10: 18.52%
    -> [Epoch 20] Student Test Accuracy for CIFAR10: 17.98%
    -> [Epoch 21] Student Test Accuracy for CIFAR10: 20.83%
    -> [Epoch 22] Student Test Accuracy for CIFAR10: 21.81%
    -> [Epoch 23] Student Test Accuracy for CIFAR10: 24.40%
    -> [Epoch 24] Student Test Accuracy for CIFAR10: 24.77%
    -> [Epoch 25] Student Test Accuracy for CIFAR10: 25.08%
    -> [Epoch 26] Student Test Accuracy for CIFAR10: 25.53%
    -> [Epoch 27] Student Test Accuracy for CIFAR10: 25.76%
    -> [Epoch 28] Student Test Accuracy for CIFAR10: 27.43%
    -> [Epoch 29] Student Test Accuracy for CIFAR10: 30.01%
    -> [Epoch 30] Student Test Accuracy for CIFAR10: 29.71%
    -> [Epoch 31] Student Test Accuracy for CIFAR10: 28.54%
    -> [Epoch 32] Student Test Accuracy for CIFAR10: 27.28%
    -> [Epoch 33] Student Test Accuracy for CIFAR10: 27.09%
    -> [Epoch 34] Student Test Accuracy for CIFAR10: 26.92%
    -> [Epoch 35] Student Test Accuracy for CIFAR10: 31.17%
    -> [Epoch 36] Student Test Accuracy for CIFAR10: 31.87%
    -> [Epoch 37] Student Test Accuracy for CIFAR10: 31.58%
    -> [Epoch 38] Student Test Accuracy for CIFAR10: 28.51%
    -> [Epoch 39] Student Test Accuracy for CIFAR10: 24.81%
    -> [Epoch 40] Student Test Accuracy for CIFAR10: 26.92%
    -> [Epoch 41] Student Test Accuracy for CIFAR10: 30.68%
    -> [Epoch 42] Student Test Accuracy for CIFAR10: 27.27%
    -> [Epoch 43] Student Test Accuracy for CIFAR10: 26.44%
    -> [Epoch 44] Student Test Accuracy for CIFAR10: 26.54%
    -> [Epoch 45] Student Test Accuracy for CIFAR10: 30.15%
    -> [Epoch 46] Student Test Accuracy for CIFAR10: 32.35%
    -> [Epoch 47] Student Test Accuracy for CIFAR10: 28.93%
    -> [Epoch 48] Student Test Accuracy for CIFAR10: 28.21%
    -> [Epoch 49] Student Test Accuracy for CIFAR10: 28.35%
    -> [Epoch 50] Student Test Accuracy for CIFAR10: 30.01%
    -> [Epoch 51] Student Test Accuracy for CIFAR10: 31.57%
    -> [Epoch 52] Student Test Accuracy for CIFAR10: 33.65%
    -> [Epoch 53] Student Test Accuracy for CIFAR10: 35.16%
    -> [Epoch 54] Student Test Accuracy for CIFAR10: 34.04%
    -> [Epoch 55] Student Test Accuracy for CIFAR10: 33.73%
    -> [Epoch 56] Student Test Accuracy for CIFAR10: 34.14%
    -> [Epoch 57] Student Test Accuracy for CIFAR10: 34.21%
    -> [Epoch 58] Student Test Accuracy for CIFAR10: 30.87%
    -> [Epoch 59] Student Test Accuracy for CIFAR10: 26.16%
    -> [Epoch 60] Student Test Accuracy for CIFAR10: 30.66%
    -> [Epoch 61] Student Test Accuracy for CIFAR10: 29.73%
    -> [Epoch 62] Student Test Accuracy for CIFAR10: 29.13%
    -> [Epoch 63] Student Test Accuracy for CIFAR10: 27.86%
    -> [Epoch 64] Student Test Accuracy for CIFAR10: 37.93%
    -> [Epoch 65] Student Test Accuracy for CIFAR10: 31.46%
    -> [Epoch 66] Student Test Accuracy for CIFAR10: 34.21%
    -> [Epoch 67] Student Test Accuracy for CIFAR10: 37.85%
    -> [Epoch 68] Student Test Accuracy for CIFAR10: 35.11%
    -> [Epoch 69] Student Test Accuracy for CIFAR10: 33.55%
    -> [Epoch 70] Student Test Accuracy for CIFAR10: 33.23%
    -> [Epoch 71] Student Test Accuracy for CIFAR10: 33.59%
    -> [Epoch 72] Student Test Accuracy for CIFAR10: 39.80%
    -> [Epoch 73] Student Test Accuracy for CIFAR10: 36.00%
    -> [Epoch 74] Student Test Accuracy for CIFAR10: 33.56%
    -> [Epoch 75] Student Test Accuracy for CIFAR10: 33.01%
    -> [Epoch 76] Student Test Accuracy for CIFAR10: 34.91%
    -> [Epoch 77] Student Test Accuracy for CIFAR10: 34.05%
    -> [Epoch 78] Student Test Accuracy for CIFAR10: 37.70%
    -> [Epoch 79] Student Test Accuracy for CIFAR10: 38.30%
    -> [Epoch 80] Student Test Accuracy for CIFAR10: 33.75%
    -> [Epoch 81] Student Test Accuracy for CIFAR10: 33.64%
    -> [Epoch 82] Student Test Accuracy for CIFAR10: 35.73%
    -> [Epoch 83] Student Test Accuracy for CIFAR10: 36.08%
    -> [Epoch 84] Student Test Accuracy for CIFAR10: 38.97%
    -> [Epoch 85] Student Test Accuracy for CIFAR10: 36.21%
    -> [Epoch 86] Student Test Accuracy for CIFAR10: 29.73%
    -> [Epoch 87] Student Test Accuracy for CIFAR10: 29.06%
    -> [Epoch 88] Student Test Accuracy for CIFAR10: 31.80%
    -> [Epoch 89] Student Test Accuracy for CIFAR10: 35.66%
    -> [Epoch 90] Student Test Accuracy for CIFAR10: 41.14%
    -> [Epoch 91] Student Test Accuracy for CIFAR10: 38.33%
    -> [Epoch 92] Student Test Accuracy for CIFAR10: 38.47%
    -> [Epoch 93] Student Test Accuracy for CIFAR10: 39.43%
    -> [Epoch 94] Student Test Accuracy for CIFAR10: 41.53%
    -> [Epoch 95] Student Test Accuracy for CIFAR10: 38.61%
    -> [Epoch 96] Student Test Accuracy for CIFAR10: 39.88%
    -> [Epoch 97] Student Test Accuracy for CIFAR10: 41.33%
    -> [Epoch 98] Student Test Accuracy for CIFAR10: 38.02%
    -> [Epoch 99] Student Test Accuracy for CIFAR10: 40.88%
    -> [Epoch 100] Student Test Accuracy for CIFAR10: 41.64%
    -> [Epoch 101] Student Test Accuracy for CIFAR10: 38.48%
    -> [Epoch 102] Student Test Accuracy for CIFAR10: 38.44%
    -> [Epoch 103] Student Test Accuracy for CIFAR10: 36.87%
    -> [Epoch 104] Student Test Accuracy for CIFAR10: 36.99%
    -> [Epoch 105] Student Test Accuracy for CIFAR10: 36.20%
    -> [Epoch 106] Student Test Accuracy for CIFAR10: 38.23%
    -> [Epoch 107] Student Test Accuracy for CIFAR10: 37.27%
    -> [Epoch 108] Student Test Accuracy for CIFAR10: 34.68%
    -> [Epoch 109] Student Test Accuracy for CIFAR10: 35.31%
    -> [Epoch 110] Student Test Accuracy for CIFAR10: 39.43%
    -> [Epoch 111] Student Test Accuracy for CIFAR10: 39.27%
    -> [Epoch 112] Student Test Accuracy for CIFAR10: 37.99%
    -> [Epoch 113] Student Test Accuracy for CIFAR10: 38.45%
    -> [Epoch 114] Student Test Accuracy for CIFAR10: 40.28%
    -> [Epoch 115] Student Test Accuracy for CIFAR10: 44.57%
    -> [Epoch 116] Student Test Accuracy for CIFAR10: 45.26%
    -> [Epoch 117] Student Test Accuracy for CIFAR10: 42.96%
    -> [Epoch 118] Student Test Accuracy for CIFAR10: 41.61%
    -> [Epoch 119] Student Test Accuracy for CIFAR10: 41.97%
    Dataset [CIFAR10] Generator | Epochs: 120 | Final Loss: 6.6072
    -> Student Accuracy per Epoch saved to /home/unshun/multi-FL/logs/Local_iid_hom_gb40/new_client_2026-04-18_06-41-49/DI_CIFAR10_student_acc.csv
-> [New] Gen images saved to /home/unshun/multi-FL/logs/Local_iid_hom_gb40/new_client_2026-04-18_06-41-49/DeepInversion_CIFAR10__gen_img_old.png
