Time: 2026-04-18 21:53:43
Log Dir: /home/unshun/multi-FL/logs/2026-04-17_21-04-20/FedTED/new_client_2026-04-18_21-53-43/our_finetune_global_single_dataset
================================================================================
============================== New Client: our_finetune_global ==============================
  Target Model: logs/2026-04-17_21-04-20/FedTED/config_checkpoints.pth
  Dataset Mode: single
  Output Dir:   /home/unshun/multi-FL/logs/2026-04-17_21-04-20/FedTED/new_client_2026-04-18_21-53-43/our_finetune_global_single_dataset
================================================================================
[Init] Server Global Model parameters from: logs/2026-04-17_21-04-20/FedTED/server_global_model.pth

==================================================
Dataset: MNIST | Client ID: 10
==================================================

  [ResNet18] Training...
    Epoch 0 | Acc: 0.33%
    Epoch 1/30 | CE Loss: 0.6334 | Acc: 98.12%
    Epoch 2/30 | CE Loss: 0.0301 | Acc: 98.56%
    Epoch 3/30 | CE Loss: 0.0111 | Acc: 98.45%
    Epoch 4/30 | CE Loss: 0.0055 | Acc: 98.56%
    Epoch 5/30 | CE Loss: 0.0036 | Acc: 98.56%
    Epoch 6/30 | CE Loss: 0.0022 | Acc: 98.45%
    Epoch 7/30 | CE Loss: 0.0009 | Acc: 98.34%
    Epoch 8/30 | CE Loss: 0.0005 | Acc: 98.67%
    Epoch 9/30 | CE Loss: 0.0005 | Acc: 98.56%
    Epoch 10/30 | CE Loss: 0.0004 | Acc: 98.56%
    Epoch 11/30 | CE Loss: 0.0002 | Acc: 98.45%
    Epoch 12/30 | CE Loss: 0.0002 | Acc: 98.56%
    Epoch 13/30 | CE Loss: 0.0001 | Acc: 98.67%
    Epoch 14/30 | CE Loss: 0.0028 | Acc: 98.34%
    Epoch 15/30 | CE Loss: 0.0298 | Acc: 98.56%
    Epoch 16/30 | CE Loss: 0.0046 | Acc: 98.78%
    Epoch 17/30 | CE Loss: 0.0005 | Acc: 98.90%
    Epoch 18/30 | CE Loss: 0.0060 | Acc: 98.78%
    Epoch 19/30 | CE Loss: 0.0020 | Acc: 98.78%
    Epoch 20/30 | CE Loss: 0.0003 | Acc: 98.67%
    Epoch 21/30 | CE Loss: 0.0002 | Acc: 98.90%
    Epoch 22/30 | CE Loss: 0.0001 | Acc: 99.01%
    Epoch 23/30 | CE Loss: 0.0001 | Acc: 98.67%
    Epoch 24/30 | CE Loss: 0.0022 | Acc: 98.78%
    Epoch 25/30 | CE Loss: 0.0093 | Acc: 98.23%
    Epoch 26/30 | CE Loss: 0.0039 | Acc: 98.45%
    Epoch 27/30 | CE Loss: 0.0004 | Acc: 98.23%
    Epoch 28/30 | CE Loss: 0.0003 | Acc: 98.78%
    Epoch 29/30 | CE Loss: 0.0001 | Acc: 98.78%
    Epoch 30/30 | CE Loss: 0.0001 | Acc: 98.78%
Accuracy history saved to /home/unshun/multi-FL/logs/2026-04-17_21-04-20/FedTED/new_client_2026-04-18_21-53-43/our_finetune_global_single_dataset/MNIST_newclient_history.csv

==================================================
Dataset: FashionMNIST | Client ID: 21
==================================================

  [ResNet18] Training...
    Epoch 0 | Acc: 0.33%
    Epoch 1/30 | CE Loss: 1.2281 | Acc: 85.67%
    Epoch 2/30 | CE Loss: 0.3539 | Acc: 85.33%
    Epoch 3/30 | CE Loss: 0.2328 | Acc: 86.56%
    Epoch 4/30 | CE Loss: 0.1459 | Acc: 85.89%
    Epoch 5/30 | CE Loss: 0.0872 | Acc: 87.44%
    Epoch 6/30 | CE Loss: 0.0597 | Acc: 87.00%
    Epoch 7/30 | CE Loss: 0.0359 | Acc: 87.11%
    Epoch 8/30 | CE Loss: 0.0220 | Acc: 86.89%
    Epoch 9/30 | CE Loss: 0.0152 | Acc: 87.44%
    Epoch 10/30 | CE Loss: 0.0165 | Acc: 87.89%
    Epoch 11/30 | CE Loss: 0.0140 | Acc: 86.33%
    Epoch 12/30 | CE Loss: 0.0124 | Acc: 87.78%
    Epoch 13/30 | CE Loss: 0.0216 | Acc: 86.89%
    Epoch 14/30 | CE Loss: 0.0186 | Acc: 87.56%
    Epoch 15/30 | CE Loss: 0.0131 | Acc: 87.56%
    Epoch 16/30 | CE Loss: 0.0036 | Acc: 86.89%
    Epoch 17/30 | CE Loss: 0.0042 | Acc: 87.33%
    Epoch 18/30 | CE Loss: 0.0014 | Acc: 87.56%
    Epoch 19/30 | CE Loss: 0.0031 | Acc: 88.00%
    Epoch 20/30 | CE Loss: 0.0007 | Acc: 87.33%
    Epoch 21/30 | CE Loss: 0.0005 | Acc: 87.44%
    Epoch 22/30 | CE Loss: 0.0017 | Acc: 87.56%
    Epoch 23/30 | CE Loss: 0.0008 | Acc: 87.89%
    Epoch 24/30 | CE Loss: 0.0037 | Acc: 87.78%
    Epoch 25/30 | CE Loss: 0.0102 | Acc: 87.78%
    Epoch 26/30 | CE Loss: 0.0284 | Acc: 86.22%
    Epoch 27/30 | CE Loss: 0.0253 | Acc: 86.89%
    Epoch 28/30 | CE Loss: 0.0072 | Acc: 86.22%
    Epoch 29/30 | CE Loss: 0.0028 | Acc: 86.11%
    Epoch 30/30 | CE Loss: 0.0026 | Acc: 86.67%
Accuracy history saved to /home/unshun/multi-FL/logs/2026-04-17_21-04-20/FedTED/new_client_2026-04-18_21-53-43/our_finetune_global_single_dataset/FashionMNIST_newclient_history.csv

==================================================
Dataset: EMNIST | Client ID: 32
==================================================

  [ResNet18] Training...
    Epoch 0 | Acc: 1.22%
    Epoch 1/30 | CE Loss: 0.6231 | Acc: 84.37%
    Epoch 2/30 | CE Loss: 0.3840 | Acc: 85.17%
    Epoch 3/30 | CE Loss: 0.3210 | Acc: 84.99%
    Epoch 4/30 | CE Loss: 0.2723 | Acc: 85.13%
    Epoch 5/30 | CE Loss: 0.2307 | Acc: 83.98%
    Epoch 6/30 | CE Loss: 0.1865 | Acc: 83.99%
    Epoch 7/30 | CE Loss: 0.1449 | Acc: 83.67%
    Epoch 8/30 | CE Loss: 0.1097 | Acc: 82.17%
    Epoch 9/30 | CE Loss: 0.0817 | Acc: 82.81%
    Epoch 10/30 | CE Loss: 0.0709 | Acc: 82.90%
    Epoch 11/30 | CE Loss: 0.0548 | Acc: 82.49%
    Epoch 12/30 | CE Loss: 0.0482 | Acc: 82.30%
    Epoch 13/30 | CE Loss: 0.0408 | Acc: 82.47%
    Epoch 14/30 | CE Loss: 0.0363 | Acc: 82.77%
    Epoch 15/30 | CE Loss: 0.0340 | Acc: 82.02%
    Epoch 16/30 | CE Loss: 0.0290 | Acc: 83.11%
    Epoch 17/30 | CE Loss: 0.0267 | Acc: 82.60%
    Epoch 18/30 | CE Loss: 0.0243 | Acc: 82.65%
    Epoch 19/30 | CE Loss: 0.0220 | Acc: 83.24%
    Epoch 20/30 | CE Loss: 0.0249 | Acc: 82.08%
    Epoch 21/30 | CE Loss: 0.0204 | Acc: 82.83%
    Epoch 22/30 | CE Loss: 0.0218 | Acc: 82.92%
    Epoch 23/30 | CE Loss: 0.0217 | Acc: 82.81%
    Epoch 24/30 | CE Loss: 0.0182 | Acc: 82.40%
    Epoch 25/30 | CE Loss: 0.0172 | Acc: 82.09%
    Epoch 26/30 | CE Loss: 0.0213 | Acc: 82.81%
    Epoch 27/30 | CE Loss: 0.0167 | Acc: 83.12%
    Epoch 28/30 | CE Loss: 0.0192 | Acc: 83.38%
    Epoch 29/30 | CE Loss: 0.0144 | Acc: 83.16%
    Epoch 30/30 | CE Loss: 0.0167 | Acc: 82.58%
Accuracy history saved to /home/unshun/multi-FL/logs/2026-04-17_21-04-20/FedTED/new_client_2026-04-18_21-53-43/our_finetune_global_single_dataset/EMNIST_newclient_history.csv

============================== Finished. Total Time: 0:14:56 ==============================
