Time: 2026-05-13 13:30:00
Log Dir: /home/unshun/multi-FL/logs/2026-05-12_05-37-28/UDON/new_client_2026-05-13_13-30-00/our_finetune_global_single_dataset
================================================================================
============================== New Client: our_finetune_global ==============================
  Target Model: logs/2026-05-12_05-37-28/UDON/config_checkpoints.pth
  Dataset Mode: single
  Output Dir:   /home/unshun/multi-FL/logs/2026-05-12_05-37-28/UDON/new_client_2026-05-13_13-30-00/our_finetune_global_single_dataset
================================================================================
[Init] Server Global Model parameters from: logs/2026-05-12_05-37-28/UDON/server_global_model.pth

==================================================
Dataset: MNIST | Client ID: 10
==================================================

  [ResNet18] Training...
    Epoch 0 | Acc: 92.93%
    Epoch 1/10 | CE Loss: 0.1975 | Acc: 84.64%
    Epoch 2/10 | CE Loss: 0.0903 | Acc: 92.38%
    Epoch 3/10 | CE Loss: 0.0712 | Acc: 98.56%
    Epoch 4/10 | CE Loss: 0.0367 | Acc: 96.91%
    Epoch 5/10 | CE Loss: 0.0365 | Acc: 97.46%
    Epoch 6/10 | CE Loss: 0.0347 | Acc: 96.02%
    Epoch 7/10 | CE Loss: 0.0359 | Acc: 98.34%
    Epoch 8/10 | CE Loss: 0.0151 | Acc: 98.45%
    Epoch 9/10 | CE Loss: 0.0409 | Acc: 98.12%
    Epoch 10/10 | CE Loss: 0.0331 | Acc: 98.01%
Accuracy history saved to /home/unshun/multi-FL/logs/2026-05-12_05-37-28/UDON/new_client_2026-05-13_13-30-00/our_finetune_global_single_dataset/MNIST_newclient_history.csv

==================================================
Dataset: EMNIST | Client ID: 21
==================================================

  [ResNet18] Training...
    Epoch 0 | Acc: 84.05%
    Epoch 1/10 | CE Loss: 0.5349 | Acc: 83.41%
    Epoch 2/10 | CE Loss: 0.4355 | Acc: 83.11%
    Epoch 3/10 | CE Loss: 0.4013 | Acc: 85.02%
    Epoch 4/10 | CE Loss: 0.3772 | Acc: 83.55%
    Epoch 5/10 | CE Loss: 0.3600 | Acc: 85.62%
    Epoch 6/10 | CE Loss: 0.3452 | Acc: 85.27%
    Epoch 7/10 | CE Loss: 0.3242 | Acc: 85.66%
    Epoch 8/10 | CE Loss: 0.3103 | Acc: 85.79%
    Epoch 9/10 | CE Loss: 0.2911 | Acc: 85.48%
    Epoch 10/10 | CE Loss: 0.2724 | Acc: 85.11%
Accuracy history saved to /home/unshun/multi-FL/logs/2026-05-12_05-37-28/UDON/new_client_2026-05-13_13-30-00/our_finetune_global_single_dataset/EMNIST_newclient_history.csv

==================================================
Dataset: CIFAR10 | Client ID: 32
==================================================

  [ResNet18] Training...
    Epoch 0 | Acc: 31.44%
    Epoch 1/10 | CE Loss: 1.5109 | Acc: 49.44%
    Epoch 2/10 | CE Loss: 1.0412 | Acc: 53.00%
    Epoch 3/10 | CE Loss: 0.8400 | Acc: 54.22%
    Epoch 4/10 | CE Loss: 0.6503 | Acc: 53.22%
    Epoch 5/10 | CE Loss: 0.5154 | Acc: 60.22%
    Epoch 6/10 | CE Loss: 0.3771 | Acc: 61.56%
    Epoch 7/10 | CE Loss: 0.2673 | Acc: 62.00%
    Epoch 8/10 | CE Loss: 0.2223 | Acc: 54.44%
    Epoch 9/10 | CE Loss: 0.2153 | Acc: 61.89%
    Epoch 10/10 | CE Loss: 0.0920 | Acc: 63.67%
Accuracy history saved to /home/unshun/multi-FL/logs/2026-05-12_05-37-28/UDON/new_client_2026-05-13_13-30-00/our_finetune_global_single_dataset/CIFAR10_newclient_history.csv

============================== Finished. Total Time: 0:04:46 ==============================
