Time: 2026-06-26 11:21:17
Log Dir: logs/2026-06-26_11-21-17/GeFL_DDPM_baseline_total
================================================================================

==============================        Args        ==============================
  exp_timestamp: None
  exp_conf: ./configs/het-iid-exp.yaml
  device: cuda:1
  seed: 15698
  algorithm: GeFL_DDPM_baseline_total
  num_new_clients: 1
  num_train_mnist: 10
  num_train_emnist: 10
  num_train_fashionmnist: 0
  num_train_cifar10: 10
  num_train_cifar100: 0
  num_train_usps: 0
  label_mapping: independent
================================================================================
==============================    Exp Configs     ==============================
exp_name: model-heterogeneity
heterogeneous: true
dirichlet_alpha: 100
global_rounds: 50
local_epochs: 1
local_loss_fn: CrossEntropyLoss
local_optim: Adam
local_lr: 0.001
batch_size: 64
sample_frac: 1.0
test_interval: 1
metric_type: accuracy
global_feature_dim: 256
optim: Adam
optim_lr: 0.001
global_gen_epochs: 10
gen_noise_dim: 128
gen_optim: Adam
gen_optim_lr: 0.001
n_feat: 16
ddpm_guide_w: 0.0
global_feat_gen_epochs: 10
feat_gen_noise_dim: 128
feat_gen_optim: Adam
feat_gen_optim_lr: 0.001
feat_gen_div_beta: 1.0
public_data_ratio: 0.05
start_mapping_epoch: 20
gen_observer_weight: 0.0
index_matching: ddpm
aggregate_method: dataset_name
use_new_entropy_method: false
entropy_ratio: 0.75
cs_threshold: 0.9
global_model_epochs: 5
global_model_optim: Adam
global_model_optim_lr: 0.001
global_samples_per_class: 64

================================================================================

==================================================
Start 50 rounds training by GeFL_DDPM_baseline_total
Selected client ids: [0, 1, 2, 3, 4, 5, 6, 7, 8, 9, 10, 11, 12, 13, 14, 15, 16, 17, 18, 19, 20, 21, 22, 23, 24, 25, 26, 27, 28, 29]
--- Round 1 ---
Client 0 (MNIST) | Target Loss: 1.0097 | DDPM Loss: 0.3698
Client 1 (MNIST) | Target Loss: 1.4518 | DDPM Loss: 0.3492
Client 2 (MNIST) | Target Loss: 0.8072 | DDPM Loss: 0.3469
Client 3 (MNIST) | Target Loss: 0.4844 | DDPM Loss: 0.3593
Client 4 (MNIST) | Target Loss: 1.5005 | DDPM Loss: 0.3755
Client 5 (MNIST) | Target Loss: 1.7126 | DDPM Loss: 0.3465
Client 6 (MNIST) | Target Loss: 1.4001 | DDPM Loss: 0.3938
Client 7 (MNIST) | Target Loss: 1.4227 | DDPM Loss: 0.3410
Client 8 (MNIST) | Target Loss: 1.7432 | DDPM Loss: 0.3809
Client 9 (MNIST) | Target Loss: 1.7526 | DDPM Loss: 0.3545
Client 11 (EMNIST) | Target Loss: 1.2063 | DDPM Loss: 0.0689
Client 12 (EMNIST) | Target Loss: 1.3391 | DDPM Loss: 0.0706
Client 13 (EMNIST) | Target Loss: 0.9383 | DDPM Loss: 0.0721
Client 14 (EMNIST) | Target Loss: 0.7498 | DDPM Loss: 0.0671
Client 15 (EMNIST) | Target Loss: 1.4308 | DDPM Loss: 0.0698
Client 16 (EMNIST) | Target Loss: 2.0122 | DDPM Loss: 0.0689
Client 17 (EMNIST) | Target Loss: 1.2414 | DDPM Loss: 0.0674
Client 18 (EMNIST) | Target Loss: 1.0596 | DDPM Loss: 0.0765
Client 19 (EMNIST) | Target Loss: 1.6160 | DDPM Loss: 0.0697
Client 20 (EMNIST) | Target Loss: 1.7339 | DDPM Loss: 0.0647
Client 22 (CIFAR10) | Target Loss: 2.0124 | DDPM Loss: 0.4182
Client 23 (CIFAR10) | Target Loss: 1.9086 | DDPM Loss: 0.4051
Client 24 (CIFAR10) | Target Loss: 1.8260 | DDPM Loss: 0.4018
Client 25 (CIFAR10) | Target Loss: 1.9148 | DDPM Loss: 0.4142
Client 26 (CIFAR10) | Target Loss: 2.2326 | DDPM Loss: 0.3916
Client 27 (CIFAR10) | Target Loss: 1.9769 | DDPM Loss: 0.4040
Client 28 (CIFAR10) | Target Loss: 2.1248 | DDPM Loss: 0.4366
Client 29 (CIFAR10) | Target Loss: 2.1613 | DDPM Loss: 0.3783
Client 30 (CIFAR10) | Target Loss: 2.2695 | DDPM Loss: 0.3840
Client 31 (CIFAR10) | Target Loss: 2.2062 | DDPM Loss: 0.3977
Selected client ids: [0, 1, 2, 3, 4, 5, 6, 7, 8, 9, 10, 11, 12, 13, 14, 15, 16, 17, 18, 19, 20, 21, 22, 23, 24, 25, 26, 27, 28, 29]
--- Round 2 ---
Client 0 (MNIST) | Target Loss: 0.4420 | DDPM Loss: 0.1852
Client 1 (MNIST) | Target Loss: 0.4306 | DDPM Loss: 0.1752
Client 2 (MNIST) | Target Loss: 0.1747 | DDPM Loss: 0.1765
Client 3 (MNIST) | Target Loss: 0.1814 | DDPM Loss: 0.1784
Client 4 (MNIST) | Target Loss: 0.6015 | DDPM Loss: 0.1767
Client 5 (MNIST) | Target Loss: 1.1701 | DDPM Loss: 0.1780
Client 6 (MNIST) | Target Loss: 0.3576 | DDPM Loss: 0.1877
Client 7 (MNIST) | Target Loss: 0.3863 | DDPM Loss: 0.1644
Client 8 (MNIST) | Target Loss: 0.9140 | DDPM Loss: 0.1811
Client 9 (MNIST) | Target Loss: 1.0669 | DDPM Loss: 0.1720
Client 11 (EMNIST) | Target Loss: 0.7484 | DDPM Loss: 0.0265
Client 12 (EMNIST) | Target Loss: 0.6727 | DDPM Loss: 0.0257
Client 13 (EMNIST) | Target Loss: 0.5009 | DDPM Loss: 0.0257
Client 14 (EMNIST) | Target Loss: 0.4659 | DDPM Loss: 0.0258
Client 15 (EMNIST) | Target Loss: 0.7483 | DDPM Loss: 0.0257
Client 16 (EMNIST) | Target Loss: 1.1881 | DDPM Loss: 0.0258
Client 17 (EMNIST) | Target Loss: 0.6153 | DDPM Loss: 0.0257
Client 18 (EMNIST) | Target Loss: 0.4851 | DDPM Loss: 0.0262
Client 19 (EMNIST) | Target Loss: 0.8211 | DDPM Loss: 0.0260
Client 20 (EMNIST) | Target Loss: 0.8339 | DDPM Loss: 0.0255
Client 22 (CIFAR10) | Target Loss: 1.7729 | DDPM Loss: 0.2346
Client 23 (CIFAR10) | Target Loss: 1.6229 | DDPM Loss: 0.2259
Client 24 (CIFAR10) | Target Loss: 1.5477 | DDPM Loss: 0.2247
Client 25 (CIFAR10) | Target Loss: 1.7165 | DDPM Loss: 0.2242
Client 26 (CIFAR10) | Target Loss: 2.0472 | DDPM Loss: 0.2147
Client 27 (CIFAR10) | Target Loss: 1.7526 | DDPM Loss: 0.2284
Client 28 (CIFAR10) | Target Loss: 1.8924 | DDPM Loss: 0.2374
Client 29 (CIFAR10) | Target Loss: 1.8151 | DDPM Loss: 0.2188
Client 30 (CIFAR10) | Target Loss: 2.1510 | DDPM Loss: 0.2200
Client 31 (CIFAR10) | Target Loss: 2.0384 | DDPM Loss: 0.2246
Selected client ids: [0, 1, 2, 3, 4, 5, 6, 7, 8, 9, 10, 11, 12, 13, 14, 15, 16, 17, 18, 19, 20, 21, 22, 23, 24, 25, 26, 27, 28, 29]
--- Round 3 ---
Client 0 (MNIST) | Target Loss: 0.3474 | DDPM Loss: 0.0527
Client 1 (MNIST) | Target Loss: 0.2075 | DDPM Loss: 0.0522
Client 2 (MNIST) | Target Loss: 0.1053 | DDPM Loss: 0.0532
Client 3 (MNIST) | Target Loss: 0.1598 | DDPM Loss: 0.0536
Client 4 (MNIST) | Target Loss: 0.3437 | DDPM Loss: 0.0521
Client 5 (MNIST) | Target Loss: 0.9650 | DDPM Loss: 0.0592
Client 6 (MNIST) | Target Loss: 0.2267 | DDPM Loss: 0.0529
Client 7 (MNIST) | Target Loss: 0.1788 | DDPM Loss: 0.0511
Client 8 (MNIST) | Target Loss: 0.5863 | DDPM Loss: 0.0531
Client 9 (MNIST) | Target Loss: 0.7207 | DDPM Loss: 0.0523
Client 11 (EMNIST) | Target Loss: 0.6449 | DDPM Loss: 0.0150
Client 12 (EMNIST) | Target Loss: 0.5784 | DDPM Loss: 0.0150
Client 13 (EMNIST) | Target Loss: 0.4487 | DDPM Loss: 0.0149
Client 14 (EMNIST) | Target Loss: 0.4212 | DDPM Loss: 0.0149
Client 15 (EMNIST) | Target Loss: 0.6349 | DDPM Loss: 0.0151
Client 16 (EMNIST) | Target Loss: 0.9659 | DDPM Loss: 0.0151
Client 17 (EMNIST) | Target Loss: 0.5353 | DDPM Loss: 0.0151
Client 18 (EMNIST) | Target Loss: 0.4330 | DDPM Loss: 0.0151
Client 19 (EMNIST) | Target Loss: 0.6780 | DDPM Loss: 0.0149
Client 20 (EMNIST) | Target Loss: 0.6840 | DDPM Loss: 0.0150
Client 22 (CIFAR10) | Target Loss: 1.6165 | DDPM Loss: 0.0849
Client 23 (CIFAR10) | Target Loss: 1.4710 | DDPM Loss: 0.0847
Client 24 (CIFAR10) | Target Loss: 1.3858 | DDPM Loss: 0.0830
Client 25 (CIFAR10) | Target Loss: 1.6198 | DDPM Loss: 0.0822
Client 26 (CIFAR10) | Target Loss: 1.8983 | DDPM Loss: 0.0816
Client 27 (CIFAR10) | Target Loss: 1.6861 | DDPM Loss: 0.0829
Client 28 (CIFAR10) | Target Loss: 1.7725 | DDPM Loss: 0.0830
Client 29 (CIFAR10) | Target Loss: 1.6678 | DDPM Loss: 0.0828
Client 30 (CIFAR10) | Target Loss: 2.0584 | DDPM Loss: 0.0832
Client 31 (CIFAR10) | Target Loss: 1.9710 | DDPM Loss: 0.0834
Selected client ids: [0, 1, 2, 3, 4, 5, 6, 7, 8, 9, 10, 11, 12, 13, 14, 15, 16, 17, 18, 19, 20, 21, 22, 23, 24, 25, 26, 27, 28, 29]
--- Round 4 ---
Client 0 (MNIST) | Target Loss: 0.2775 | DDPM Loss: 0.0357
Client 1 (MNIST) | Target Loss: 0.1381 | DDPM Loss: 0.0351
Client 2 (MNIST) | Target Loss: 0.0945 | DDPM Loss: 0.0354
Client 3 (MNIST) | Target Loss: 0.0929 | DDPM Loss: 0.0365
Client 4 (MNIST) | Target Loss: 0.2768 | DDPM Loss: 0.0359
Client 5 (MNIST) | Target Loss: 0.8108 | DDPM Loss: 0.0354
Client 6 (MNIST) | Target Loss: 0.1744 | DDPM Loss: 0.0361
Client 7 (MNIST) | Target Loss: 0.1284 | DDPM Loss: 0.0351
Client 8 (MNIST) | Target Loss: 0.4992 | DDPM Loss: 0.0357
Client 9 (MNIST) | Target Loss: 0.5661 | DDPM Loss: 0.0352
Client 11 (EMNIST) | Target Loss: 0.5901 | DDPM Loss: 0.0127
Client 12 (EMNIST) | Target Loss: 0.5302 | DDPM Loss: 0.0127
Client 13 (EMNIST) | Target Loss: 0.4154 | DDPM Loss: 0.0127
Client 14 (EMNIST) | Target Loss: 0.3947 | DDPM Loss: 0.0127
Client 15 (EMNIST) | Target Loss: 0.5934 | DDPM Loss: 0.0126
Client 16 (EMNIST) | Target Loss: 0.8577 | DDPM Loss: 0.0127
Client 17 (EMNIST) | Target Loss: 0.4915 | DDPM Loss: 0.0126
Client 18 (EMNIST) | Target Loss: 0.3991 | DDPM Loss: 0.0126
Client 19 (EMNIST) | Target Loss: 0.6097 | DDPM Loss: 0.0127
Client 20 (EMNIST) | Target Loss: 0.6299 | DDPM Loss: 0.0127
Client 22 (CIFAR10) | Target Loss: 1.4915 | DDPM Loss: 0.0642
Client 23 (CIFAR10) | Target Loss: 1.3644 | DDPM Loss: 0.0633
Client 24 (CIFAR10) | Target Loss: 1.2824 | DDPM Loss: 0.0646
Client 25 (CIFAR10) | Target Loss: 1.5118 | DDPM Loss: 0.0612
Client 26 (CIFAR10) | Target Loss: 1.7774 | DDPM Loss: 0.0627
Client 27 (CIFAR10) | Target Loss: 1.6315 | DDPM Loss: 0.0625
Client 28 (CIFAR10) | Target Loss: 1.6769 | DDPM Loss: 0.0627
Client 29 (CIFAR10) | Target Loss: 1.5451 | DDPM Loss: 0.0629
Client 30 (CIFAR10) | Target Loss: 1.9709 | DDPM Loss: 0.0641
Client 31 (CIFAR10) | Target Loss: 1.9512 | DDPM Loss: 0.0627
Selected client ids: [0, 1, 2, 3, 4, 5, 6, 7, 8, 9, 10, 11, 12, 13, 14, 15, 16, 17, 18, 19, 20, 21, 22, 23, 24, 25, 26, 27, 28, 29]
--- Round 5 ---
Client 0 (MNIST) | Target Loss: 0.2316 | DDPM Loss: 0.0278
Client 1 (MNIST) | Target Loss: 0.1122 | DDPM Loss: 0.0274
Client 2 (MNIST) | Target Loss: 0.0705 | DDPM Loss: 0.0280
Client 3 (MNIST) | Target Loss: 0.0575 | DDPM Loss: 0.0284
Client 4 (MNIST) | Target Loss: 0.2384 | DDPM Loss: 0.0278
Client 5 (MNIST) | Target Loss: 0.6881 | DDPM Loss: 0.0289
Client 6 (MNIST) | Target Loss: 0.1439 | DDPM Loss: 0.0279
Client 7 (MNIST) | Target Loss: 0.1059 | DDPM Loss: 0.0277
Client 8 (MNIST) | Target Loss: 0.3699 | DDPM Loss: 0.0327
Client 9 (MNIST) | Target Loss: 0.3484 | DDPM Loss: 0.0279
Client 11 (EMNIST) | Target Loss: 0.5511 | DDPM Loss: 0.0118
Client 12 (EMNIST) | Target Loss: 0.5003 | DDPM Loss: 0.0119
Client 13 (EMNIST) | Target Loss: 0.3967 | DDPM Loss: 0.0118
Client 14 (EMNIST) | Target Loss: 0.3749 | DDPM Loss: 0.0117
Client 15 (EMNIST) | Target Loss: 0.5493 | DDPM Loss: 0.0118
Client 16 (EMNIST) | Target Loss: 0.7922 | DDPM Loss: 0.0117
Client 17 (EMNIST) | Target Loss: 0.4649 | DDPM Loss: 0.0118
Client 18 (EMNIST) | Target Loss: 0.3739 | DDPM Loss: 0.0118
Client 19 (EMNIST) | Target Loss: 0.5689 | DDPM Loss: 0.0119
Client 20 (EMNIST) | Target Loss: 0.5837 | DDPM Loss: 0.0119
Client 22 (CIFAR10) | Target Loss: 1.3517 | DDPM Loss: 0.0548
Client 23 (CIFAR10) | Target Loss: 1.3007 | DDPM Loss: 0.0553
Client 24 (CIFAR10) | Target Loss: 1.1742 | DDPM Loss: 0.0569
Client 25 (CIFAR10) | Target Loss: 1.3860 | DDPM Loss: 0.0537
Client 26 (CIFAR10) | Target Loss: 1.6773 | DDPM Loss: 0.0535
Client 27 (CIFAR10) | Target Loss: 1.5992 | DDPM Loss: 0.0542
Client 28 (CIFAR10) | Target Loss: 1.5881 | DDPM Loss: 0.0551
Client 29 (CIFAR10) | Target Loss: 1.4601 | DDPM Loss: 0.0558
Client 30 (CIFAR10) | Target Loss: 1.8705 | DDPM Loss: 0.0556
Client 31 (CIFAR10) | Target Loss: 1.9153 | DDPM Loss: 0.0573
Selected client ids: [0, 1, 2, 3, 4, 5, 6, 7, 8, 9, 10, 11, 12, 13, 14, 15, 16, 17, 18, 19, 20, 21, 22, 23, 24, 25, 26, 27, 28, 29]
--- Round 6 ---
Client 0 (MNIST) | Target Loss: 0.2228 | DDPM Loss: 0.0235
Client 1 (MNIST) | Target Loss: 0.1027 | DDPM Loss: 0.0232
Client 2 (MNIST) | Target Loss: 0.0534 | DDPM Loss: 0.0242
Client 3 (MNIST) | Target Loss: 0.0473 | DDPM Loss: 0.0253
Client 4 (MNIST) | Target Loss: 0.1921 | DDPM Loss: 0.0229
Client 5 (MNIST) | Target Loss: 0.6056 | DDPM Loss: 0.0251
Client 6 (MNIST) | Target Loss: 0.1065 | DDPM Loss: 0.0234
Client 7 (MNIST) | Target Loss: 0.0776 | DDPM Loss: 0.0238
Client 8 (MNIST) | Target Loss: 0.7952 | DDPM Loss: 0.0231
Client 9 (MNIST) | Target Loss: 0.2464 | DDPM Loss: 0.0231
Client 11 (EMNIST) | Target Loss: 0.5261 | DDPM Loss: 0.0115
Client 12 (EMNIST) | Target Loss: 0.4766 | DDPM Loss: 0.0113
Client 13 (EMNIST) | Target Loss: 0.3792 | DDPM Loss: 0.0114
Client 14 (EMNIST) | Target Loss: 0.3571 | DDPM Loss: 0.0113
Client 15 (EMNIST) | Target Loss: 0.5276 | DDPM Loss: 0.0113
Client 16 (EMNIST) | Target Loss: 0.7385 | DDPM Loss: 0.0113
Client 17 (EMNIST) | Target Loss: 0.4436 | DDPM Loss: 0.0114
Client 18 (EMNIST) | Target Loss: 0.3523 | DDPM Loss: 0.0114
Client 19 (EMNIST) | Target Loss: 0.5398 | DDPM Loss: 0.0114
Client 20 (EMNIST) | Target Loss: 0.5534 | DDPM Loss: 0.0113
Client 22 (CIFAR10) | Target Loss: 1.2378 | DDPM Loss: 0.0521
Client 23 (CIFAR10) | Target Loss: 1.2332 | DDPM Loss: 0.0524
Client 24 (CIFAR10) | Target Loss: 1.1143 | DDPM Loss: 0.0523
Client 25 (CIFAR10) | Target Loss: 1.3078 | DDPM Loss: 0.0515
Client 26 (CIFAR10) | Target Loss: 1.5806 | DDPM Loss: 0.0508
Client 27 (CIFAR10) | Target Loss: 1.5726 | DDPM Loss: 0.0521
Client 28 (CIFAR10) | Target Loss: 1.5351 | DDPM Loss: 0.0511
Client 29 (CIFAR10) | Target Loss: 1.3615 | DDPM Loss: 0.0509
Client 30 (CIFAR10) | Target Loss: 1.7665 | DDPM Loss: 0.0528
Client 31 (CIFAR10) | Target Loss: 1.8454 | DDPM Loss: 0.0540
Selected client ids: [0, 1, 2, 3, 4, 5, 6, 7, 8, 9, 10, 11, 12, 13, 14, 15, 16, 17, 18, 19, 20, 21, 22, 23, 24, 25, 26, 27, 28, 29]
--- Round 7 ---
Client 0 (MNIST) | Target Loss: 0.1825 | DDPM Loss: 0.0206
Client 1 (MNIST) | Target Loss: 0.0747 | DDPM Loss: 0.0205
Client 2 (MNIST) | Target Loss: 0.0288 | DDPM Loss: 0.0207
Client 3 (MNIST) | Target Loss: 0.0435 | DDPM Loss: 0.0205
Client 4 (MNIST) | Target Loss: 0.1503 | DDPM Loss: 0.0207
Client 5 (MNIST) | Target Loss: 0.5424 | DDPM Loss: 0.0223
Client 6 (MNIST) | Target Loss: 0.0921 | DDPM Loss: 0.0204
Client 7 (MNIST) | Target Loss: 0.0673 | DDPM Loss: 0.0210
Client 8 (MNIST) | Target Loss: 0.8473 | DDPM Loss: 0.0208
Client 9 (MNIST) | Target Loss: 0.2215 | DDPM Loss: 0.0212
Client 11 (EMNIST) | Target Loss: 0.5021 | DDPM Loss: 0.0111
Client 12 (EMNIST) | Target Loss: 0.4581 | DDPM Loss: 0.0109
Client 13 (EMNIST) | Target Loss: 0.3631 | DDPM Loss: 0.0111
Client 14 (EMNIST) | Target Loss: 0.3425 | DDPM Loss: 0.0110
Client 15 (EMNIST) | Target Loss: 0.5071 | DDPM Loss: 0.0110
Client 16 (EMNIST) | Target Loss: 0.7063 | DDPM Loss: 0.0109
Client 17 (EMNIST) | Target Loss: 0.4286 | DDPM Loss: 0.0110
Client 18 (EMNIST) | Target Loss: 0.3340 | DDPM Loss: 0.0110
Client 19 (EMNIST) | Target Loss: 0.5186 | DDPM Loss: 0.0111
Client 20 (EMNIST) | Target Loss: 0.5443 | DDPM Loss: 0.0110
Client 22 (CIFAR10) | Target Loss: 1.1056 | DDPM Loss: 0.0490
Client 23 (CIFAR10) | Target Loss: 1.1728 | DDPM Loss: 0.0492
Client 24 (CIFAR10) | Target Loss: 1.0095 | DDPM Loss: 0.0490
Client 25 (CIFAR10) | Target Loss: 1.2567 | DDPM Loss: 0.0466
Client 26 (CIFAR10) | Target Loss: 1.5097 | DDPM Loss: 0.0487
Client 27 (CIFAR10) | Target Loss: 1.5300 | DDPM Loss: 0.0492
Client 28 (CIFAR10) | Target Loss: 1.4895 | DDPM Loss: 0.0470
Client 29 (CIFAR10) | Target Loss: 1.2676 | DDPM Loss: 0.0489
Client 30 (CIFAR10) | Target Loss: 1.6975 | DDPM Loss: 0.0503
Client 31 (CIFAR10) | Target Loss: 1.8234 | DDPM Loss: 0.0478
Selected client ids: [0, 1, 2, 3, 4, 5, 6, 7, 8, 9, 10, 11, 12, 13, 14, 15, 16, 17, 18, 19, 20, 21, 22, 23, 24, 25, 26, 27, 28, 29]
--- Round 8 ---
Client 0 (MNIST) | Target Loss: 0.1488 | DDPM Loss: 0.0196
Client 1 (MNIST) | Target Loss: 0.0622 | DDPM Loss: 0.0188
Client 2 (MNIST) | Target Loss: 0.0567 | DDPM Loss: 0.0192
Client 3 (MNIST) | Target Loss: 0.0347 | DDPM Loss: 0.0193
Client 4 (MNIST) | Target Loss: 0.1154 | DDPM Loss: 0.0189
Client 5 (MNIST) | Target Loss: 0.5066 | DDPM Loss: 0.0188
Client 6 (MNIST) | Target Loss: 0.0782 | DDPM Loss: 0.0191
Client 7 (MNIST) | Target Loss: 0.0564 | DDPM Loss: 0.0191
Client 8 (MNIST) | Target Loss: 0.5861 | DDPM Loss: 0.0190
Client 9 (MNIST) | Target Loss: 0.1639 | DDPM Loss: 0.0190
Client 11 (EMNIST) | Target Loss: 0.4810 | DDPM Loss: 0.0108
Client 12 (EMNIST) | Target Loss: 0.4447 | DDPM Loss: 0.0107
Client 13 (EMNIST) | Target Loss: 0.3467 | DDPM Loss: 0.0108
Client 14 (EMNIST) | Target Loss: 0.3277 | DDPM Loss: 0.0108
Client 15 (EMNIST) | Target Loss: 0.4858 | DDPM Loss: 0.0108
Client 16 (EMNIST) | Target Loss: 0.6875 | DDPM Loss: 0.0107
Client 17 (EMNIST) | Target Loss: 0.4141 | DDPM Loss: 0.0108
Client 18 (EMNIST) | Target Loss: 0.3176 | DDPM Loss: 0.0107
Client 19 (EMNIST) | Target Loss: 0.4979 | DDPM Loss: 0.0108
Client 20 (EMNIST) | Target Loss: 0.5193 | DDPM Loss: 0.0108
Client 22 (CIFAR10) | Target Loss: 0.9546 | DDPM Loss: 0.0462
Client 23 (CIFAR10) | Target Loss: 1.1312 | DDPM Loss: 0.0467
Client 24 (CIFAR10) | Target Loss: 0.9503 | DDPM Loss: 0.0475
Client 25 (CIFAR10) | Target Loss: 1.1493 | DDPM Loss: 0.0465
Client 26 (CIFAR10) | Target Loss: 1.4500 | DDPM Loss: 0.0471
Client 27 (CIFAR10) | Target Loss: 1.4975 | DDPM Loss: 0.0466
Client 28 (CIFAR10) | Target Loss: 1.4506 | DDPM Loss: 0.0472
Client 29 (CIFAR10) | Target Loss: 1.1964 | DDPM Loss: 0.0474
Client 30 (CIFAR10) | Target Loss: 1.6167 | DDPM Loss: 0.0469
Client 31 (CIFAR10) | Target Loss: 1.8174 | DDPM Loss: 0.0478
Selected client ids: [0, 1, 2, 3, 4, 5, 6, 7, 8, 9, 10, 11, 12, 13, 14, 15, 16, 17, 18, 19, 20, 21, 22, 23, 24, 25, 26, 27, 28, 29]
--- Round 9 ---
Client 0 (MNIST) | Target Loss: 0.1463 | DDPM Loss: 0.0177
Client 1 (MNIST) | Target Loss: 0.0541 | DDPM Loss: 0.0176
Client 2 (MNIST) | Target Loss: 0.0403 | DDPM Loss: 0.0180
Client 3 (MNIST) | Target Loss: 0.0431 | DDPM Loss: 0.0181
Client 4 (MNIST) | Target Loss: 0.1222 | DDPM Loss: 0.0180
Client 5 (MNIST) | Target Loss: 0.4470 | DDPM Loss: 0.0172
Client 6 (MNIST) | Target Loss: 0.0785 | DDPM Loss: 0.0177
Client 7 (MNIST) | Target Loss: 0.0418 | DDPM Loss: 0.0176
Client 8 (MNIST) | Target Loss: 0.5001 | DDPM Loss: 0.0195
Client 9 (MNIST) | Target Loss: 0.1473 | DDPM Loss: 0.0172
Client 11 (EMNIST) | Target Loss: 0.4679 | DDPM Loss: 0.0106
Client 12 (EMNIST) | Target Loss: 0.4297 | DDPM Loss: 0.0105
Client 13 (EMNIST) | Target Loss: 0.3336 | DDPM Loss: 0.0106
Client 14 (EMNIST) | Target Loss: 0.3168 | DDPM Loss: 0.0105
Client 15 (EMNIST) | Target Loss: 0.4712 | DDPM Loss: 0.0106
Client 16 (EMNIST) | Target Loss: 0.6617 | DDPM Loss: 0.0105
Client 17 (EMNIST) | Target Loss: 0.4015 | DDPM Loss: 0.0106
Client 18 (EMNIST) | Target Loss: 0.3010 | DDPM Loss: 0.0106
Client 19 (EMNIST) | Target Loss: 0.4858 | DDPM Loss: 0.0106
Client 20 (EMNIST) | Target Loss: 0.5023 | DDPM Loss: 0.0106
Client 22 (CIFAR10) | Target Loss: 0.8826 | DDPM Loss: 0.0456
Client 23 (CIFAR10) | Target Loss: 1.0857 | DDPM Loss: 0.0473
Client 24 (CIFAR10) | Target Loss: 0.8721 | DDPM Loss: 0.0468
Client 25 (CIFAR10) | Target Loss: 1.0685 | DDPM Loss: 0.0453
Client 26 (CIFAR10) | Target Loss: 1.3743 | DDPM Loss: 0.0452
Client 27 (CIFAR10) | Target Loss: 1.4525 | DDPM Loss: 0.0448
Client 28 (CIFAR10) | Target Loss: 1.4034 | DDPM Loss: 0.0449
Client 29 (CIFAR10) | Target Loss: 1.1121 | DDPM Loss: 0.0449
Client 30 (CIFAR10) | Target Loss: 1.5755 | DDPM Loss: 0.0469
Client 31 (CIFAR10) | Target Loss: 1.7532 | DDPM Loss: 0.0471
Selected client ids: [0, 1, 2, 3, 4, 5, 6, 7, 8, 9, 10, 11, 12, 13, 14, 15, 16, 17, 18, 19, 20, 21, 22, 23, 24, 25, 26, 27, 28, 29]
--- Round 10 ---
Client 0 (MNIST) | Target Loss: 0.1519 | DDPM Loss: 0.0174
Client 1 (MNIST) | Target Loss: 0.0416 | DDPM Loss: 0.0164
Client 2 (MNIST) | Target Loss: 0.0293 | DDPM Loss: 0.0171
Client 3 (MNIST) | Target Loss: 0.0736 | DDPM Loss: 0.0169
Client 4 (MNIST) | Target Loss: 0.1347 | DDPM Loss: 0.0170
Client 5 (MNIST) | Target Loss: 0.3953 | DDPM Loss: 0.0169
Client 6 (MNIST) | Target Loss: 0.0610 | DDPM Loss: 0.0165
Client 7 (MNIST) | Target Loss: 0.0431 | DDPM Loss: 0.0168
Client 8 (MNIST) | Target Loss: 0.4135 | DDPM Loss: 0.0172
Client 9 (MNIST) | Target Loss: 0.1272 | DDPM Loss: 0.0163
Client 11 (EMNIST) | Target Loss: 0.4481 | DDPM Loss: 0.0105
Client 12 (EMNIST) | Target Loss: 0.4196 | DDPM Loss: 0.0105
Client 13 (EMNIST) | Target Loss: 0.3189 | DDPM Loss: 0.0104
Client 14 (EMNIST) | Target Loss: 0.2975 | DDPM Loss: 0.0104
Client 15 (EMNIST) | Target Loss: 0.4566 | DDPM Loss: 0.0104
Client 16 (EMNIST) | Target Loss: 0.6418 | DDPM Loss: 0.0105
Client 17 (EMNIST) | Target Loss: 0.3891 | DDPM Loss: 0.0105
Client 18 (EMNIST) | Target Loss: 0.2853 | DDPM Loss: 0.0104
Client 19 (EMNIST) | Target Loss: 0.4730 | DDPM Loss: 0.0105
Client 20 (EMNIST) | Target Loss: 0.4932 | DDPM Loss: 0.0105
Client 22 (CIFAR10) | Target Loss: 0.7650 | DDPM Loss: 0.0449
Client 23 (CIFAR10) | Target Loss: 1.0554 | DDPM Loss: 0.0464
Client 24 (CIFAR10) | Target Loss: 0.7963 | DDPM Loss: 0.0443
Client 25 (CIFAR10) | Target Loss: 0.9404 | DDPM Loss: 0.0447
Client 26 (CIFAR10) | Target Loss: 1.3014 | DDPM Loss: 0.0444
Client 27 (CIFAR10) | Target Loss: 1.4379 | DDPM Loss: 0.0454
Client 28 (CIFAR10) | Target Loss: 1.3620 | DDPM Loss: 0.0443
Client 29 (CIFAR10) | Target Loss: 1.0344 | DDPM Loss: 0.0454
Client 30 (CIFAR10) | Target Loss: 1.4915 | DDPM Loss: 0.0452
Client 31 (CIFAR10) | Target Loss: 1.7542 | DDPM Loss: 0.0450
Selected client ids: [0, 1, 2, 3, 4, 5, 6, 7, 8, 9, 10, 11, 12, 13, 14, 15, 16, 17, 18, 19, 20, 21, 22, 23, 24, 25, 26, 27, 28, 29]
--- Round 11 ---
Client 0 (MNIST) | Target Loss: 0.1406 | DDPM Loss: 0.0164
Client 1 (MNIST) | Target Loss: 0.0383 | DDPM Loss: 0.0161
Client 2 (MNIST) | Target Loss: 0.0199 | DDPM Loss: 0.0166
Client 3 (MNIST) | Target Loss: 0.1288 | DDPM Loss: 0.0171
Client 4 (MNIST) | Target Loss: 0.0856 | DDPM Loss: 0.0161
Client 5 (MNIST) | Target Loss: 0.3916 | DDPM Loss: 0.0158
Client 6 (MNIST) | Target Loss: 0.0657 | DDPM Loss: 0.0158
Client 7 (MNIST) | Target Loss: 0.0412 | DDPM Loss: 0.0156
Client 8 (MNIST) | Target Loss: 0.8715 | DDPM Loss: 0.0164
Client 9 (MNIST) | Target Loss: 0.1016 | DDPM Loss: 0.0164
Client 11 (EMNIST) | Target Loss: 0.4415 | DDPM Loss: 0.0103
Client 12 (EMNIST) | Target Loss: 0.4095 | DDPM Loss: 0.0102
Client 13 (EMNIST) | Target Loss: 0.3075 | DDPM Loss: 0.0103
Client 14 (EMNIST) | Target Loss: 0.2864 | DDPM Loss: 0.0102
Client 15 (EMNIST) | Target Loss: 0.4454 | DDPM Loss: 0.0103
Client 16 (EMNIST) | Target Loss: 0.6239 | DDPM Loss: 0.0103
Client 17 (EMNIST) | Target Loss: 0.3795 | DDPM Loss: 0.0103
Client 18 (EMNIST) | Target Loss: 0.2706 | DDPM Loss: 0.0103
Client 19 (EMNIST) | Target Loss: 0.4558 | DDPM Loss: 0.0103
Client 20 (EMNIST) | Target Loss: 0.4876 | DDPM Loss: 0.0104
Client 22 (CIFAR10) | Target Loss: 0.6680 | DDPM Loss: 0.0442
Client 23 (CIFAR10) | Target Loss: 0.9980 | DDPM Loss: 0.0441
Client 24 (CIFAR10) | Target Loss: 0.6989 | DDPM Loss: 0.0449
Client 25 (CIFAR10) | Target Loss: 0.8325 | DDPM Loss: 0.0439
Client 26 (CIFAR10) | Target Loss: 1.2542 | DDPM Loss: 0.0445
Client 27 (CIFAR10) | Target Loss: 1.3995 | DDPM Loss: 0.0445
Client 28 (CIFAR10) | Target Loss: 1.3390 | DDPM Loss: 0.0452
Client 29 (CIFAR10) | Target Loss: 0.9329 | DDPM Loss: 0.0434
Client 30 (CIFAR10) | Target Loss: 1.4293 | DDPM Loss: 0.0453
Client 31 (CIFAR10) | Target Loss: 1.6882 | DDPM Loss: 0.0451
Selected client ids: [0, 1, 2, 3, 4, 5, 6, 7, 8, 9, 10, 11, 12, 13, 14, 15, 16, 17, 18, 19, 20, 21, 22, 23, 24, 25, 26, 27, 28, 29]
--- Round 12 ---
Client 0 (MNIST) | Target Loss: 0.1072 | DDPM Loss: 0.0157
Client 1 (MNIST) | Target Loss: 0.0332 | DDPM Loss: 0.0158
Client 2 (MNIST) | Target Loss: 0.0315 | DDPM Loss: 0.0153
Client 3 (MNIST) | Target Loss: 0.0735 | DDPM Loss: 0.0176
Client 4 (MNIST) | Target Loss: 0.0789 | DDPM Loss: 0.0154
Client 5 (MNIST) | Target Loss: 0.3683 | DDPM Loss: 0.0193
Client 6 (MNIST) | Target Loss: 0.0471 | DDPM Loss: 0.0152
Client 7 (MNIST) | Target Loss: 0.0218 | DDPM Loss: 0.0155
Client 8 (MNIST) | Target Loss: 0.6228 | DDPM Loss: 0.0180
Client 9 (MNIST) | Target Loss: 0.1188 | DDPM Loss: 0.0155
Client 11 (EMNIST) | Target Loss: 0.4322 | DDPM Loss: 0.0101
Client 12 (EMNIST) | Target Loss: 0.3978 | DDPM Loss: 0.0101
Client 13 (EMNIST) | Target Loss: 0.2926 | DDPM Loss: 0.0102
Client 14 (EMNIST) | Target Loss: 0.2717 | DDPM Loss: 0.0101
Client 15 (EMNIST) | Target Loss: 0.4345 | DDPM Loss: 0.0102
Client 16 (EMNIST) | Target Loss: 0.6144 | DDPM Loss: 0.0101
Client 17 (EMNIST) | Target Loss: 0.3695 | DDPM Loss: 0.0102
Client 18 (EMNIST) | Target Loss: 0.2574 | DDPM Loss: 0.0101
Client 19 (EMNIST) | Target Loss: 0.4480 | DDPM Loss: 0.0102
Client 20 (EMNIST) | Target Loss: 0.4708 | DDPM Loss: 0.0102
Client 22 (CIFAR10) | Target Loss: 0.6002 | DDPM Loss: 0.0427
Client 23 (CIFAR10) | Target Loss: 0.9844 | DDPM Loss: 0.0441
Client 24 (CIFAR10) | Target Loss: 0.5993 | DDPM Loss: 0.0432
Client 25 (CIFAR10) | Target Loss: 0.7286 | DDPM Loss: 0.0420
Client 26 (CIFAR10) | Target Loss: 1.1709 | DDPM Loss: 0.0428
Client 27 (CIFAR10) | Target Loss: 1.3709 | DDPM Loss: 0.0438
Client 28 (CIFAR10) | Target Loss: 1.2967 | DDPM Loss: 0.0430
Client 29 (CIFAR10) | Target Loss: 0.8728 | DDPM Loss: 0.0449
Client 30 (CIFAR10) | Target Loss: 1.3942 | DDPM Loss: 0.0445
Client 31 (CIFAR10) | Target Loss: 1.6803 | DDPM Loss: 0.0437
Selected client ids: [0, 1, 2, 3, 4, 5, 6, 7, 8, 9, 10, 11, 12, 13, 14, 15, 16, 17, 18, 19, 20, 21, 22, 23, 24, 25, 26, 27, 28, 29]
--- Round 13 ---
Client 0 (MNIST) | Target Loss: 0.0797 | DDPM Loss: 0.0145
Client 1 (MNIST) | Target Loss: 0.0338 | DDPM Loss: 0.0146
Client 2 (MNIST) | Target Loss: 0.0155 | DDPM Loss: 0.0150
Client 3 (MNIST) | Target Loss: 0.0316 | DDPM Loss: 0.0173
Client 4 (MNIST) | Target Loss: 0.0925 | DDPM Loss: 0.0148
Client 5 (MNIST) | Target Loss: 0.3384 | DDPM Loss: 0.0151
Client 6 (MNIST) | Target Loss: 0.0508 | DDPM Loss: 0.0150
Client 7 (MNIST) | Target Loss: 0.0192 | DDPM Loss: 0.0146
Client 8 (MNIST) | Target Loss: 0.5617 | DDPM Loss: 0.0147
Client 9 (MNIST) | Target Loss: 0.0870 | DDPM Loss: 0.0152
Client 11 (EMNIST) | Target Loss: 0.4240 | DDPM Loss: 0.0101
Client 12 (EMNIST) | Target Loss: 0.3902 | DDPM Loss: 0.0100
Client 13 (EMNIST) | Target Loss: 0.2821 | DDPM Loss: 0.0100
Client 14 (EMNIST) | Target Loss: 0.2591 | DDPM Loss: 0.0100
Client 15 (EMNIST) | Target Loss: 0.4284 | DDPM Loss: 0.0101
Client 16 (EMNIST) | Target Loss: 0.5932 | DDPM Loss: 0.0100
Client 17 (EMNIST) | Target Loss: 0.3648 | DDPM Loss: 0.0101
Client 18 (EMNIST) | Target Loss: 0.2417 | DDPM Loss: 0.0100
Client 19 (EMNIST) | Target Loss: 0.4374 | DDPM Loss: 0.0100
Client 20 (EMNIST) | Target Loss: 0.4746 | DDPM Loss: 0.0101
Client 22 (CIFAR10) | Target Loss: 0.5315 | DDPM Loss: 0.0426
Client 23 (CIFAR10) | Target Loss: 0.9313 | DDPM Loss: 0.0431
Client 24 (CIFAR10) | Target Loss: 0.5285 | DDPM Loss: 0.0426
Client 25 (CIFAR10) | Target Loss: 0.6170 | DDPM Loss: 0.0430
Client 26 (CIFAR10) | Target Loss: 1.0961 | DDPM Loss: 0.0426
Client 27 (CIFAR10) | Target Loss: 1.3616 | DDPM Loss: 0.0431
Client 28 (CIFAR10) | Target Loss: 1.2665 | DDPM Loss: 0.0425
Client 29 (CIFAR10) | Target Loss: 0.7481 | DDPM Loss: 0.0432
Client 30 (CIFAR10) | Target Loss: 1.3290 | DDPM Loss: 0.0437
Client 31 (CIFAR10) | Target Loss: 1.5793 | DDPM Loss: 0.0449
Selected client ids: [0, 1, 2, 3, 4, 5, 6, 7, 8, 9, 10, 11, 12, 13, 14, 15, 16, 17, 18, 19, 20, 21, 22, 23, 24, 25, 26, 27, 28, 29]
--- Round 14 ---
Client 0 (MNIST) | Target Loss: 0.0816 | DDPM Loss: 0.0147
Client 1 (MNIST) | Target Loss: 0.0254 | DDPM Loss: 0.0141
Client 2 (MNIST) | Target Loss: 0.0072 | DDPM Loss: 0.0144
Client 3 (MNIST) | Target Loss: 0.0707 | DDPM Loss: 0.0144
Client 4 (MNIST) | Target Loss: 0.0802 | DDPM Loss: 0.0143
Client 5 (MNIST) | Target Loss: 0.3658 | DDPM Loss: 0.0143
Client 6 (MNIST) | Target Loss: 0.0392 | DDPM Loss: 0.0148
Client 7 (MNIST) | Target Loss: 0.0224 | DDPM Loss: 0.0148
Client 8 (MNIST) | Target Loss: 0.8299 | DDPM Loss: 0.0144
Client 9 (MNIST) | Target Loss: 0.0970 | DDPM Loss: 0.0150
Client 11 (EMNIST) | Target Loss: 0.4109 | DDPM Loss: 0.0100
Client 12 (EMNIST) | Target Loss: 0.3824 | DDPM Loss: 0.0099
Client 13 (EMNIST) | Target Loss: 0.2668 | DDPM Loss: 0.0101
Client 14 (EMNIST) | Target Loss: 0.2484 | DDPM Loss: 0.0100
Client 15 (EMNIST) | Target Loss: 0.4195 | DDPM Loss: 0.0100
Client 16 (EMNIST) | Target Loss: 0.5820 | DDPM Loss: 0.0099
Client 17 (EMNIST) | Target Loss: 0.3524 | DDPM Loss: 0.0100
Client 18 (EMNIST) | Target Loss: 0.2288 | DDPM Loss: 0.0100
Client 19 (EMNIST) | Target Loss: 0.4292 | DDPM Loss: 0.0100
Client 20 (EMNIST) | Target Loss: 0.4613 | DDPM Loss: 0.0100
Client 22 (CIFAR10) | Target Loss: 0.4345 | DDPM Loss: 0.0428
Client 23 (CIFAR10) | Target Loss: 0.8948 | DDPM Loss: 0.0435
Client 24 (CIFAR10) | Target Loss: 0.4270 | DDPM Loss: 0.0417
Client 25 (CIFAR10) | Target Loss: 0.4711 | DDPM Loss: 0.0414
Client 26 (CIFAR10) | Target Loss: 1.0549 | DDPM Loss: 0.0425
Client 27 (CIFAR10) | Target Loss: 1.3326 | DDPM Loss: 0.0420
Client 28 (CIFAR10) | Target Loss: 1.2157 | DDPM Loss: 0.0430
Client 29 (CIFAR10) | Target Loss: 0.6293 | DDPM Loss: 0.0434
Client 30 (CIFAR10) | Target Loss: 1.2575 | DDPM Loss: 0.0424
Client 31 (CIFAR10) | Target Loss: 1.5645 | DDPM Loss: 0.0424
Selected client ids: [0, 1, 2, 3, 4, 5, 6, 7, 8, 9, 10, 11, 12, 13, 14, 15, 16, 17, 18, 19, 20, 21, 22, 23, 24, 25, 26, 27, 28, 29]
--- Round 15 ---
Client 0 (MNIST) | Target Loss: 0.0830 | DDPM Loss: 0.0140
Client 1 (MNIST) | Target Loss: 0.0243 | DDPM Loss: 0.0139
Client 2 (MNIST) | Target Loss: 0.0032 | DDPM Loss: 0.0144
Client 3 (MNIST) | Target Loss: 0.0797 | DDPM Loss: 0.0150
Client 4 (MNIST) | Target Loss: 0.0923 | DDPM Loss: 0.0141
Client 5 (MNIST) | Target Loss: 0.3321 | DDPM Loss: 0.0157
Client 6 (MNIST) | Target Loss: 0.0310 | DDPM Loss: 0.0136
Client 7 (MNIST) | Target Loss: 0.0343 | DDPM Loss: 0.0143
Client 8 (MNIST) | Target Loss: 0.6283 | DDPM Loss: 0.0192
Client 9 (MNIST) | Target Loss: 0.1030 | DDPM Loss: 0.0143
Client 11 (EMNIST) | Target Loss: 0.4028 | DDPM Loss: 0.0099
Client 12 (EMNIST) | Target Loss: 0.3758 | DDPM Loss: 0.0099
Client 13 (EMNIST) | Target Loss: 0.2507 | DDPM Loss: 0.0100
Client 14 (EMNIST) | Target Loss: 0.2312 | DDPM Loss: 0.0099
Client 15 (EMNIST) | Target Loss: 0.4097 | DDPM Loss: 0.0099
Client 16 (EMNIST) | Target Loss: 0.5733 | DDPM Loss: 0.0100
Client 17 (EMNIST) | Target Loss: 0.3493 | DDPM Loss: 0.0099
Client 18 (EMNIST) | Target Loss: 0.2131 | DDPM Loss: 0.0099
Client 19 (EMNIST) | Target Loss: 0.4160 | DDPM Loss: 0.0099
Client 20 (EMNIST) | Target Loss: 0.4565 | DDPM Loss: 0.0099
Client 22 (CIFAR10) | Target Loss: 0.4392 | DDPM Loss: 0.0418
Client 23 (CIFAR10) | Target Loss: 0.8675 | DDPM Loss: 0.0433
Client 24 (CIFAR10) | Target Loss: 0.3606 | DDPM Loss: 0.0422
Client 25 (CIFAR10) | Target Loss: 0.3911 | DDPM Loss: 0.0419
Client 26 (CIFAR10) | Target Loss: 0.9831 | DDPM Loss: 0.0409
Client 27 (CIFAR10) | Target Loss: 1.3097 | DDPM Loss: 0.0417
Client 28 (CIFAR10) | Target Loss: 1.1945 | DDPM Loss: 0.0434
Client 29 (CIFAR10) | Target Loss: 0.5325 | DDPM Loss: 0.0434
Client 30 (CIFAR10) | Target Loss: 1.2225 | DDPM Loss: 0.0422
Client 31 (CIFAR10) | Target Loss: 1.5196 | DDPM Loss: 0.0420
Selected client ids: [0, 1, 2, 3, 4, 5, 6, 7, 8, 9, 10, 11, 12, 13, 14, 15, 16, 17, 18, 19, 20, 21, 22, 23, 24, 25, 26, 27, 28, 29]
--- Round 16 ---
Client 0 (MNIST) | Target Loss: 0.0767 | DDPM Loss: 0.0144
Client 1 (MNIST) | Target Loss: 0.0147 | DDPM Loss: 0.0136
Client 2 (MNIST) | Target Loss: 0.0145 | DDPM Loss: 0.0135
Client 3 (MNIST) | Target Loss: 0.0291 | DDPM Loss: 0.0136
Client 4 (MNIST) | Target Loss: 0.1313 | DDPM Loss: 0.0141
Client 5 (MNIST) | Target Loss: 0.3057 | DDPM Loss: 0.0141
Client 6 (MNIST) | Target Loss: 0.0333 | DDPM Loss: 0.0138
Client 7 (MNIST) | Target Loss: 0.0159 | DDPM Loss: 0.0136
Client 8 (MNIST) | Target Loss: 0.5178 | DDPM Loss: 0.0152
Client 9 (MNIST) | Target Loss: 0.0822 | DDPM Loss: 0.0141
Client 11 (EMNIST) | Target Loss: 0.4040 | DDPM Loss: 0.0098
Client 12 (EMNIST) | Target Loss: 0.3688 | DDPM Loss: 0.0098
Client 13 (EMNIST) | Target Loss: 0.2362 | DDPM Loss: 0.0099
Client 14 (EMNIST) | Target Loss: 0.2118 | DDPM Loss: 0.0098
Client 15 (EMNIST) | Target Loss: 0.4041 | DDPM Loss: 0.0098
Client 16 (EMNIST) | Target Loss: 0.5570 | DDPM Loss: 0.0100
Client 17 (EMNIST) | Target Loss: 0.3429 | DDPM Loss: 0.0098
Client 18 (EMNIST) | Target Loss: 0.2037 | DDPM Loss: 0.0098
Client 19 (EMNIST) | Target Loss: 0.4123 | DDPM Loss: 0.0098
Client 20 (EMNIST) | Target Loss: 0.4593 | DDPM Loss: 0.0098
Client 22 (CIFAR10) | Target Loss: 0.3603 | DDPM Loss: 0.0428
Client 23 (CIFAR10) | Target Loss: 0.8300 | DDPM Loss: 0.0436
Client 24 (CIFAR10) | Target Loss: 0.2467 | DDPM Loss: 0.0425
Client 25 (CIFAR10) | Target Loss: 0.3178 | DDPM Loss: 0.0408
Client 26 (CIFAR10) | Target Loss: 0.9435 | DDPM Loss: 0.0416
Client 27 (CIFAR10) | Target Loss: 1.2900 | DDPM Loss: 0.0424
Client 28 (CIFAR10) | Target Loss: 1.1711 | DDPM Loss: 0.0425
Client 29 (CIFAR10) | Target Loss: 0.4223 | DDPM Loss: 0.0431
Client 30 (CIFAR10) | Target Loss: 1.1620 | DDPM Loss: 0.0424
Client 31 (CIFAR10) | Target Loss: 1.4847 | DDPM Loss: 0.0416
Selected client ids: [0, 1, 2, 3, 4, 5, 6, 7, 8, 9, 10, 11, 12, 13, 14, 15, 16, 17, 18, 19, 20, 21, 22, 23, 24, 25, 26, 27, 28, 29]
--- Round 17 ---
Client 0 (MNIST) | Target Loss: 0.0692 | DDPM Loss: 0.0137
Client 1 (MNIST) | Target Loss: 0.0128 | DDPM Loss: 0.0134
Client 2 (MNIST) | Target Loss: 0.0171 | DDPM Loss: 0.0134
Client 3 (MNIST) | Target Loss: 0.0143 | DDPM Loss: 0.0136
Client 4 (MNIST) | Target Loss: 0.1126 | DDPM Loss: 0.0137
Client 5 (MNIST) | Target Loss: 0.2763 | DDPM Loss: 0.0187
Client 6 (MNIST) | Target Loss: 0.0256 | DDPM Loss: 0.0139
Client 7 (MNIST) | Target Loss: 0.0106 | DDPM Loss: 0.0137
Client 8 (MNIST) | Target Loss: 0.5398 | DDPM Loss: 0.0157
Client 9 (MNIST) | Target Loss: 0.0769 | DDPM Loss: 0.0135
Client 11 (EMNIST) | Target Loss: 0.3942 | DDPM Loss: 0.0098
Client 12 (EMNIST) | Target Loss: 0.3631 | DDPM Loss: 0.0098
Client 13 (EMNIST) | Target Loss: 0.2223 | DDPM Loss: 0.0098
Client 14 (EMNIST) | Target Loss: 0.1949 | DDPM Loss: 0.0097
Client 15 (EMNIST) | Target Loss: 0.3972 | DDPM Loss: 0.0098
Client 16 (EMNIST) | Target Loss: 0.5460 | DDPM Loss: 0.0099
Client 17 (EMNIST) | Target Loss: 0.3347 | DDPM Loss: 0.0098
Client 18 (EMNIST) | Target Loss: 0.1926 | DDPM Loss: 0.0098
Client 19 (EMNIST) | Target Loss: 0.4036 | DDPM Loss: 0.0098
Client 20 (EMNIST) | Target Loss: 0.4484 | DDPM Loss: 0.0098
Client 22 (CIFAR10) | Target Loss: 0.3231 | DDPM Loss: 0.0421
Client 23 (CIFAR10) | Target Loss: 0.8073 | DDPM Loss: 0.0428
Client 24 (CIFAR10) | Target Loss: 0.2095 | DDPM Loss: 0.0410
Client 25 (CIFAR10) | Target Loss: 0.2049 | DDPM Loss: 0.0409
Client 26 (CIFAR10) | Target Loss: 0.9084 | DDPM Loss: 0.0413
Client 27 (CIFAR10) | Target Loss: 1.2775 | DDPM Loss: 0.0419
Client 28 (CIFAR10) | Target Loss: 1.1446 | DDPM Loss: 0.0423
Client 29 (CIFAR10) | Target Loss: 0.3664 | DDPM Loss: 0.0420
Client 30 (CIFAR10) | Target Loss: 1.1230 | DDPM Loss: 0.0420
Client 31 (CIFAR10) | Target Loss: 1.4301 | DDPM Loss: 0.0428
Selected client ids: [0, 1, 2, 3, 4, 5, 6, 7, 8, 9, 10, 11, 12, 13, 14, 15, 16, 17, 18, 19, 20, 21, 22, 23, 24, 25, 26, 27, 28, 29]
--- Round 18 ---
Client 0 (MNIST) | Target Loss: 0.0660 | DDPM Loss: 0.0135
Client 1 (MNIST) | Target Loss: 0.0223 | DDPM Loss: 0.0134
Client 2 (MNIST) | Target Loss: 0.0190 | DDPM Loss: 0.0136
Client 3 (MNIST) | Target Loss: 0.0048 | DDPM Loss: 0.0140
Client 4 (MNIST) | Target Loss: 0.0804 | DDPM Loss: 0.0135
Client 5 (MNIST) | Target Loss: 0.2969 | DDPM Loss: 0.0135
Client 6 (MNIST) | Target Loss: 0.0230 | DDPM Loss: 0.0133
Client 7 (MNIST) | Target Loss: 0.0046 | DDPM Loss: 0.0131
Client 8 (MNIST) | Target Loss: 0.4172 | DDPM Loss: 0.0132
Client 9 (MNIST) | Target Loss: 0.0688 | DDPM Loss: 0.0134
Client 11 (EMNIST) | Target Loss: 0.3916 | DDPM Loss: 0.0098
Client 12 (EMNIST) | Target Loss: 0.3569 | DDPM Loss: 0.0097
Client 13 (EMNIST) | Target Loss: 0.2060 | DDPM Loss: 0.0097
Client 14 (EMNIST) | Target Loss: 0.1793 | DDPM Loss: 0.0097
Client 15 (EMNIST) | Target Loss: 0.3868 | DDPM Loss: 0.0097
Client 16 (EMNIST) | Target Loss: 0.5398 | DDPM Loss: 0.0096
Client 17 (EMNIST) | Target Loss: 0.3270 | DDPM Loss: 0.0097
Client 18 (EMNIST) | Target Loss: 0.1780 | DDPM Loss: 0.0098
Client 19 (EMNIST) | Target Loss: 0.3972 | DDPM Loss: 0.0097
Client 20 (EMNIST) | Target Loss: 0.4440 | DDPM Loss: 0.0098
Client 22 (CIFAR10) | Target Loss: 0.2695 | DDPM Loss: 0.0415
Client 23 (CIFAR10) | Target Loss: 0.7833 | DDPM Loss: 0.0415
Client 24 (CIFAR10) | Target Loss: 0.1729 | DDPM Loss: 0.0420
Client 25 (CIFAR10) | Target Loss: 0.1643 | DDPM Loss: 0.0404
Client 26 (CIFAR10) | Target Loss: 0.8311 | DDPM Loss: 0.0419
Client 27 (CIFAR10) | Target Loss: 1.2488 | DDPM Loss: 0.0416
Client 28 (CIFAR10) | Target Loss: 1.1000 | DDPM Loss: 0.0411
Client 29 (CIFAR10) | Target Loss: 0.3163 | DDPM Loss: 0.0420
Client 30 (CIFAR10) | Target Loss: 1.0898 | DDPM Loss: 0.0413
Client 31 (CIFAR10) | Target Loss: 1.4139 | DDPM Loss: 0.0417
Selected client ids: [0, 1, 2, 3, 4, 5, 6, 7, 8, 9, 10, 11, 12, 13, 14, 15, 16, 17, 18, 19, 20, 21, 22, 23, 24, 25, 26, 27, 28, 29]
--- Round 19 ---
Client 0 (MNIST) | Target Loss: 0.0880 | DDPM Loss: 0.0131
Client 1 (MNIST) | Target Loss: 0.0139 | DDPM Loss: 0.0128
Client 2 (MNIST) | Target Loss: 0.0111 | DDPM Loss: 0.0132
Client 3 (MNIST) | Target Loss: 0.0028 | DDPM Loss: 0.0130
Client 4 (MNIST) | Target Loss: 0.0548 | DDPM Loss: 0.0135
Client 5 (MNIST) | Target Loss: 0.3102 | DDPM Loss: 0.0126
Client 6 (MNIST) | Target Loss: 0.0247 | DDPM Loss: 0.0127
Client 7 (MNIST) | Target Loss: 0.0321 | DDPM Loss: 0.0130
Client 8 (MNIST) | Target Loss: 0.3284 | DDPM Loss: 0.0132
Client 9 (MNIST) | Target Loss: 0.0618 | DDPM Loss: 0.0132
Client 11 (EMNIST) | Target Loss: 0.3829 | DDPM Loss: 0.0096
Client 12 (EMNIST) | Target Loss: 0.3530 | DDPM Loss: 0.0096
Client 13 (EMNIST) | Target Loss: 0.1932 | DDPM Loss: 0.0097
Client 14 (EMNIST) | Target Loss: 0.1611 | DDPM Loss: 0.0096
Client 15 (EMNIST) | Target Loss: 0.3845 | DDPM Loss: 0.0097
Client 16 (EMNIST) | Target Loss: 0.5376 | DDPM Loss: 0.0095
Client 17 (EMNIST) | Target Loss: 0.3204 | DDPM Loss: 0.0097
Client 18 (EMNIST) | Target Loss: 0.1691 | DDPM Loss: 0.0096
Client 19 (EMNIST) | Target Loss: 0.3890 | DDPM Loss: 0.0096
Client 20 (EMNIST) | Target Loss: 0.4343 | DDPM Loss: 0.0097
Client 22 (CIFAR10) | Target Loss: 0.2267 | DDPM Loss: 0.0411
Client 23 (CIFAR10) | Target Loss: 0.7701 | DDPM Loss: 0.0420
Client 24 (CIFAR10) | Target Loss: 0.1109 | DDPM Loss: 0.0415
Client 25 (CIFAR10) | Target Loss: 0.1686 | DDPM Loss: 0.0424
Client 26 (CIFAR10) | Target Loss: 0.7868 | DDPM Loss: 0.0405
Client 27 (CIFAR10) | Target Loss: 1.2422 | DDPM Loss: 0.0411
Client 28 (CIFAR10) | Target Loss: 1.0753 | DDPM Loss: 0.0410
Client 29 (CIFAR10) | Target Loss: 0.2561 | DDPM Loss: 0.0414
Client 30 (CIFAR10) | Target Loss: 1.0328 | DDPM Loss: 0.0416
Client 31 (CIFAR10) | Target Loss: 1.4907 | DDPM Loss: 0.0418
Selected client ids: [0, 1, 2, 3, 4, 5, 6, 7, 8, 9, 10, 11, 12, 13, 14, 15, 16, 17, 18, 19, 20, 21, 22, 23, 24, 25, 26, 27, 28, 29]
--- Round 20 ---
Client 0 (MNIST) | Target Loss: 0.0478 | DDPM Loss: 0.0128
Client 1 (MNIST) | Target Loss: 0.0162 | DDPM Loss: 0.0128
Client 2 (MNIST) | Target Loss: 0.0128 | DDPM Loss: 0.0131
Client 3 (MNIST) | Target Loss: 0.0091 | DDPM Loss: 0.0129
Client 4 (MNIST) | Target Loss: 0.0722 | DDPM Loss: 0.0130
Client 5 (MNIST) | Target Loss: 0.2899 | DDPM Loss: 0.0183
Client 6 (MNIST) | Target Loss: 0.0239 | DDPM Loss: 0.0128
Client 7 (MNIST) | Target Loss: 0.0129 | DDPM Loss: 0.0133
Client 8 (MNIST) | Target Loss: 0.5580 | DDPM Loss: 0.0131
Client 9 (MNIST) | Target Loss: 0.0837 | DDPM Loss: 0.0132
Client 11 (EMNIST) | Target Loss: 0.3829 | DDPM Loss: 0.0096
Client 12 (EMNIST) | Target Loss: 0.3448 | DDPM Loss: 0.0096
Client 13 (EMNIST) | Target Loss: 0.1776 | DDPM Loss: 0.0096
Client 14 (EMNIST) | Target Loss: 0.1382 | DDPM Loss: 0.0096
Client 15 (EMNIST) | Target Loss: 0.3862 | DDPM Loss: 0.0096
Client 16 (EMNIST) | Target Loss: 0.5242 | DDPM Loss: 0.0095
Client 17 (EMNIST) | Target Loss: 0.3182 | DDPM Loss: 0.0095
Client 18 (EMNIST) | Target Loss: 0.1590 | DDPM Loss: 0.0095
Client 19 (EMNIST) | Target Loss: 0.3851 | DDPM Loss: 0.0096
Client 20 (EMNIST) | Target Loss: 0.4310 | DDPM Loss: 0.0096
Client 22 (CIFAR10) | Target Loss: 0.2530 | DDPM Loss: 0.0415
Client 23 (CIFAR10) | Target Loss: 0.7318 | DDPM Loss: 0.0420
Client 24 (CIFAR10) | Target Loss: 0.0967 | DDPM Loss: 0.0413
Client 25 (CIFAR10) | Target Loss: 0.1512 | DDPM Loss: 0.0408
Client 26 (CIFAR10) | Target Loss: 0.7357 | DDPM Loss: 0.0399
Client 27 (CIFAR10) | Target Loss: 1.2258 | DDPM Loss: 0.0407
Client 28 (CIFAR10) | Target Loss: 1.0520 | DDPM Loss: 0.0405
Client 29 (CIFAR10) | Target Loss: 0.2236 | DDPM Loss: 0.0407
Client 30 (CIFAR10) | Target Loss: 0.9928 | DDPM Loss: 0.0418
Client 31 (CIFAR10) | Target Loss: 1.3579 | DDPM Loss: 0.0401
[Server] Performing Independent Label Mapping (All Different)...

==================================================
Label Mapping Summary:
Global ID = 0  | from: MNIST: '0'
Global ID = 1  | from: MNIST: '1'
Global ID = 2  | from: MNIST: '2'
Global ID = 3  | from: MNIST: '3'
Global ID = 4  | from: MNIST: '4'
Global ID = 5  | from: MNIST: '5'
Global ID = 6  | from: MNIST: '6'
Global ID = 7  | from: MNIST: '7'
Global ID = 8  | from: MNIST: '8'
Global ID = 9  | from: MNIST: '9'
Global ID = 10 | from: EMNIST: '0'
Global ID = 11 | from: EMNIST: '1'
Global ID = 12 | from: EMNIST: '2'
Global ID = 13 | from: EMNIST: '3'
Global ID = 14 | from: EMNIST: '4'
Global ID = 15 | from: EMNIST: '5'
Global ID = 16 | from: EMNIST: '6'
Global ID = 17 | from: EMNIST: '7'
Global ID = 18 | from: EMNIST: '8'
Global ID = 19 | from: EMNIST: '9'
Global ID = 20 | from: EMNIST: 'A'
Global ID = 21 | from: EMNIST: 'B'
Global ID = 22 | from: EMNIST: 'C'
Global ID = 23 | from: EMNIST: 'D'
Global ID = 24 | from: EMNIST: 'E'
Global ID = 25 | from: EMNIST: 'F'
Global ID = 26 | from: EMNIST: 'G'
Global ID = 27 | from: EMNIST: 'H'
Global ID = 28 | from: EMNIST: 'I'
Global ID = 29 | from: EMNIST: 'J'
Global ID = 30 | from: EMNIST: 'K'
Global ID = 31 | from: EMNIST: 'L'
Global ID = 32 | from: EMNIST: 'M'
Global ID = 33 | from: EMNIST: 'N'
Global ID = 34 | from: EMNIST: 'O'
Global ID = 35 | from: EMNIST: 'P'
Global ID = 36 | from: EMNIST: 'Q'
Global ID = 37 | from: EMNIST: 'R'
Global ID = 38 | from: EMNIST: 'S'
Global ID = 39 | from: EMNIST: 'T'
Global ID = 40 | from: EMNIST: 'U'
Global ID = 41 | from: EMNIST: 'V'
Global ID = 42 | from: EMNIST: 'W'
Global ID = 43 | from: EMNIST: 'X'
Global ID = 44 | from: EMNIST: 'Y'
Global ID = 45 | from: EMNIST: 'Z'
Global ID = 46 | from: EMNIST: 'a'
Global ID = 47 | from: EMNIST: 'b'
Global ID = 48 | from: EMNIST: 'c'
Global ID = 49 | from: EMNIST: 'd'
Global ID = 50 | from: EMNIST: 'e'
Global ID = 51 | from: EMNIST: 'f'
Global ID = 52 | from: EMNIST: 'g'
Global ID = 53 | from: EMNIST: 'h'
Global ID = 54 | from: EMNIST: 'i'
Global ID = 55 | from: EMNIST: 'j'
Global ID = 56 | from: EMNIST: 'k'
Global ID = 57 | from: EMNIST: 'l'
Global ID = 58 | from: EMNIST: 'm'
Global ID = 59 | from: EMNIST: 'n'
Global ID = 60 | from: EMNIST: 'o'
Global ID = 61 | from: EMNIST: 'p'
Global ID = 62 | from: EMNIST: 'q'
Global ID = 63 | from: EMNIST: 'r'
Global ID = 64 | from: EMNIST: 's'
Global ID = 65 | from: EMNIST: 't'
Global ID = 66 | from: EMNIST: 'u'
Global ID = 67 | from: EMNIST: 'v'
Global ID = 68 | from: EMNIST: 'w'
Global ID = 69 | from: EMNIST: 'x'
Global ID = 70 | from: EMNIST: 'y'
Global ID = 71 | from: EMNIST: 'z'
Global ID = 72 | from: CIFAR10: 'airplane'
Global ID = 73 | from: CIFAR10: 'automobile'
Global ID = 74 | from: CIFAR10: 'bird'
Global ID = 75 | from: CIFAR10: 'cat'
Global ID = 76 | from: CIFAR10: 'deer'
Global ID = 77 | from: CIFAR10: 'dog'
Global ID = 78 | from: CIFAR10: 'frog'
Global ID = 79 | from: CIFAR10: 'horse'
Global ID = 80 | from: CIFAR10: 'ship'
Global ID = 81 | from: CIFAR10: 'truck'
==================================================

Initializing Global Inference Model with 82 classes...
Epoch 0 Loss: 3.6215
Epoch 1 Loss: 2.4983
Epoch 2 Loss: 2.1023
Epoch 3 Loss: 1.8792
Epoch 4 Loss: 1.7344
[Server] Global Inference Model Acc (MNIST) (Round 20): 68.97% (Tested on 9095 samples)
[Server] Global Inference Model Acc (EMNIST) (Round 20): 58.62% (Tested on 105779 samples)
[Server] Global Inference Model Acc (CIFAR10) (Round 20): 10.73% (Tested on 9100 samples)
[Server] Global Inference Model Acc (Mix) (Round 20): 55.87% (Tested on 123974 samples)
Selected client ids: [0, 1, 2, 3, 4, 5, 6, 7, 8, 9, 10, 11, 12, 13, 14, 15, 16, 17, 18, 19, 20, 21, 22, 23, 24, 25, 26, 27, 28, 29]
--- Round 21 ---
Client 0 (MNIST) | Target Loss: 0.0000 | DDPM Loss: 0.0127
Client 1 (MNIST) | Target Loss: 0.0000 | DDPM Loss: 0.0126
Client 2 (MNIST) | Target Loss: 0.0000 | DDPM Loss: 0.0128
Client 3 (MNIST) | Target Loss: 0.0000 | DDPM Loss: 0.0142
Client 4 (MNIST) | Target Loss: 0.0000 | DDPM Loss: 0.0127
Client 5 (MNIST) | Target Loss: 0.0000 | DDPM Loss: 0.0125
Client 6 (MNIST) | Target Loss: 0.0000 | DDPM Loss: 0.0123
Client 7 (MNIST) | Target Loss: 0.0000 | DDPM Loss: 0.0127
Client 8 (MNIST) | Target Loss: 0.0000 | DDPM Loss: 0.0128
Client 9 (MNIST) | Target Loss: 0.0000 | DDPM Loss: 0.0127
Client 11 (EMNIST) | Target Loss: 0.0000 | DDPM Loss: 0.0096
Client 12 (EMNIST) | Target Loss: 0.0000 | DDPM Loss: 0.0095
Client 13 (EMNIST) | Target Loss: 0.0000 | DDPM Loss: 0.0096
Client 14 (EMNIST) | Target Loss: 0.0000 | DDPM Loss: 0.0096
Client 15 (EMNIST) | Target Loss: 0.0000 | DDPM Loss: 0.0095
Client 16 (EMNIST) | Target Loss: 0.0000 | DDPM Loss: 0.0095
Client 17 (EMNIST) | Target Loss: 0.0000 | DDPM Loss: 0.0096
Client 18 (EMNIST) | Target Loss: 0.0000 | DDPM Loss: 0.0095
Client 19 (EMNIST) | Target Loss: 0.0000 | DDPM Loss: 0.0095
Client 20 (EMNIST) | Target Loss: 0.0000 | DDPM Loss: 0.0096
Client 22 (CIFAR10) | Target Loss: 0.0000 | DDPM Loss: 0.0415
Client 23 (CIFAR10) | Target Loss: 0.0000 | DDPM Loss: 0.0409
Client 24 (CIFAR10) | Target Loss: 0.0000 | DDPM Loss: 0.0407
Client 25 (CIFAR10) | Target Loss: 0.0000 | DDPM Loss: 0.0398
Client 26 (CIFAR10) | Target Loss: 0.0000 | DDPM Loss: 0.0417
Client 27 (CIFAR10) | Target Loss: 0.0000 | DDPM Loss: 0.0414
Client 28 (CIFAR10) | Target Loss: 0.0000 | DDPM Loss: 0.0403
Client 29 (CIFAR10) | Target Loss: 0.0000 | DDPM Loss: 0.0410
Client 30 (CIFAR10) | Target Loss: 0.0000 | DDPM Loss: 0.0409
Client 31 (CIFAR10) | Target Loss: 0.0000 | DDPM Loss: 0.0405
Epoch 0 Loss: 1.8896
Epoch 1 Loss: 1.6954
Epoch 2 Loss: 1.5511
Epoch 3 Loss: 1.4266
Epoch 4 Loss: 1.3392
[Server] Global Inference Model Acc (MNIST) (Round 21): 77.50% (Tested on 9095 samples)
[Server] Global Inference Model Acc (EMNIST) (Round 21): 46.07% (Tested on 105779 samples)
[Server] Global Inference Model Acc (CIFAR10) (Round 21): 10.37% (Tested on 9100 samples)
[Server] Global Inference Model Acc (Mix) (Round 21): 45.76% (Tested on 123974 samples)
Selected client ids: [0, 1, 2, 3, 4, 5, 6, 7, 8, 9, 10, 11, 12, 13, 14, 15, 16, 17, 18, 19, 20, 21, 22, 23, 24, 25, 26, 27, 28, 29]
--- Round 22 ---
Client 0 (MNIST) | Target Loss: 0.0000 | DDPM Loss: 0.0129
Client 1 (MNIST) | Target Loss: 0.0000 | DDPM Loss: 0.0125
Client 2 (MNIST) | Target Loss: 0.0000 | DDPM Loss: 0.0127
Client 3 (MNIST) | Target Loss: 0.0000 | DDPM Loss: 0.0126
Client 4 (MNIST) | Target Loss: 0.0000 | DDPM Loss: 0.0128
Client 5 (MNIST) | Target Loss: 0.0000 | DDPM Loss: 0.0129
Client 6 (MNIST) | Target Loss: 0.0000 | DDPM Loss: 0.0123
Client 7 (MNIST) | Target Loss: 0.0000 | DDPM Loss: 0.0126
Client 8 (MNIST) | Target Loss: 0.0000 | DDPM Loss: 0.0125
Client 9 (MNIST) | Target Loss: 0.0000 | DDPM Loss: 0.0132
Client 11 (EMNIST) | Target Loss: 0.0000 | DDPM Loss: 0.0095
Client 12 (EMNIST) | Target Loss: 0.0000 | DDPM Loss: 0.0094
Client 13 (EMNIST) | Target Loss: 0.0000 | DDPM Loss: 0.0095
Client 14 (EMNIST) | Target Loss: 0.0000 | DDPM Loss: 0.0095
Client 15 (EMNIST) | Target Loss: 0.0000 | DDPM Loss: 0.0095
Client 16 (EMNIST) | Target Loss: 0.0000 | DDPM Loss: 0.0095
Client 17 (EMNIST) | Target Loss: 0.0000 | DDPM Loss: 0.0096
Client 18 (EMNIST) | Target Loss: 0.0000 | DDPM Loss: 0.0095
Client 19 (EMNIST) | Target Loss: 0.0000 | DDPM Loss: 0.0095
Client 20 (EMNIST) | Target Loss: 0.0000 | DDPM Loss: 0.0095
Client 22 (CIFAR10) | Target Loss: 0.0000 | DDPM Loss: 0.0405
Client 23 (CIFAR10) | Target Loss: 0.0000 | DDPM Loss: 0.0415
Client 24 (CIFAR10) | Target Loss: 0.0000 | DDPM Loss: 0.0424
Client 25 (CIFAR10) | Target Loss: 0.0000 | DDPM Loss: 0.0414
Client 26 (CIFAR10) | Target Loss: 0.0000 | DDPM Loss: 0.0410
Client 27 (CIFAR10) | Target Loss: 0.0000 | DDPM Loss: 0.0406
Client 28 (CIFAR10) | Target Loss: 0.0000 | DDPM Loss: 0.0410
Client 29 (CIFAR10) | Target Loss: 0.0000 | DDPM Loss: 0.0407
Client 30 (CIFAR10) | Target Loss: 0.0000 | DDPM Loss: 0.0419
Client 31 (CIFAR10) | Target Loss: 0.0000 | DDPM Loss: 0.0415
Epoch 0 Loss: 1.7911
Epoch 1 Loss: 1.5290
Epoch 2 Loss: 1.3871
Epoch 3 Loss: 1.2705
Epoch 4 Loss: 1.1548
[Server] Global Inference Model Acc (MNIST) (Round 22): 82.22% (Tested on 9095 samples)
[Server] Global Inference Model Acc (EMNIST) (Round 22): 53.59% (Tested on 105779 samples)
[Server] Global Inference Model Acc (CIFAR10) (Round 22): 11.48% (Tested on 9100 samples)
[Server] Global Inference Model Acc (Mix) (Round 22): 52.60% (Tested on 123974 samples)
Selected client ids: [0, 1, 2, 3, 4, 5, 6, 7, 8, 9, 10, 11, 12, 13, 14, 15, 16, 17, 18, 19, 20, 21, 22, 23, 24, 25, 26, 27, 28, 29]
--- Round 23 ---
Client 0 (MNIST) | Target Loss: 0.0000 | DDPM Loss: 0.0126
Client 1 (MNIST) | Target Loss: 0.0000 | DDPM Loss: 0.0122
Client 2 (MNIST) | Target Loss: 0.0000 | DDPM Loss: 0.0127
Client 3 (MNIST) | Target Loss: 0.0000 | DDPM Loss: 0.0124
Client 4 (MNIST) | Target Loss: 0.0000 | DDPM Loss: 0.0126
Client 5 (MNIST) | Target Loss: 0.0000 | DDPM Loss: 0.0122
Client 6 (MNIST) | Target Loss: 0.0000 | DDPM Loss: 0.0121
Client 7 (MNIST) | Target Loss: 0.0000 | DDPM Loss: 0.0123
Client 8 (MNIST) | Target Loss: 0.0000 | DDPM Loss: 0.0155
Client 9 (MNIST) | Target Loss: 0.0000 | DDPM Loss: 0.0127
Client 11 (EMNIST) | Target Loss: 0.0000 | DDPM Loss: 0.0095
Client 12 (EMNIST) | Target Loss: 0.0000 | DDPM Loss: 0.0095
Client 13 (EMNIST) | Target Loss: 0.0000 | DDPM Loss: 0.0095
Client 14 (EMNIST) | Target Loss: 0.0000 | DDPM Loss: 0.0095
Client 15 (EMNIST) | Target Loss: 0.0000 | DDPM Loss: 0.0094
Client 16 (EMNIST) | Target Loss: 0.0000 | DDPM Loss: 0.0095
Client 17 (EMNIST) | Target Loss: 0.0000 | DDPM Loss: 0.0095
Client 18 (EMNIST) | Target Loss: 0.0000 | DDPM Loss: 0.0094
Client 19 (EMNIST) | Target Loss: 0.0000 | DDPM Loss: 0.0095
Client 20 (EMNIST) | Target Loss: 0.0000 | DDPM Loss: 0.0095
Client 22 (CIFAR10) | Target Loss: 0.0000 | DDPM Loss: 0.0406
Client 23 (CIFAR10) | Target Loss: 0.0000 | DDPM Loss: 0.0413
Client 24 (CIFAR10) | Target Loss: 0.0000 | DDPM Loss: 0.0405
Client 25 (CIFAR10) | Target Loss: 0.0000 | DDPM Loss: 0.0402
Client 26 (CIFAR10) | Target Loss: 0.0000 | DDPM Loss: 0.0408
Client 27 (CIFAR10) | Target Loss: 0.0000 | DDPM Loss: 0.0396
Client 28 (CIFAR10) | Target Loss: 0.0000 | DDPM Loss: 0.0418
Client 29 (CIFAR10) | Target Loss: 0.0000 | DDPM Loss: 0.0401
Client 30 (CIFAR10) | Target Loss: 0.0000 | DDPM Loss: 0.0420
Client 31 (CIFAR10) | Target Loss: 0.0000 | DDPM Loss: 0.0410
