Time: 2026-05-13 13:25:15
Log Dir: /home/unshun/multi-FL/logs/2026-05-12_17-34-01/FedTED_dir/new_client_2026-05-13_13-25-15/our_finetune_global_single_dataset
================================================================================
============================== New Client: our_finetune_global ==============================
  Target Model: logs/2026-05-12_17-34-01/FedTED_dir/config_checkpoints.pth
  Dataset Mode: single
  Output Dir:   /home/unshun/multi-FL/logs/2026-05-12_17-34-01/FedTED_dir/new_client_2026-05-13_13-25-15/our_finetune_global_single_dataset
================================================================================
[Init] Server Global Model parameters from: logs/2026-05-12_17-34-01/FedTED_dir/server_global_model.pth

==================================================
Dataset: MNIST | Client ID: 10
==================================================

  [ResNet18] Training...
    Epoch 0 | Acc: 98.34%
    Epoch 1/10 | CE Loss: 0.1957 | Acc: 91.49%
    Epoch 2/10 | CE Loss: 0.1134 | Acc: 97.02%
    Epoch 3/10 | CE Loss: 0.0650 | Acc: 96.35%
    Epoch 4/10 | CE Loss: 0.0692 | Acc: 98.23%
    Epoch 5/10 | CE Loss: 0.0159 | Acc: 98.23%
    Epoch 6/10 | CE Loss: 0.0540 | Acc: 97.46%
    Epoch 7/10 | CE Loss: 0.0691 | Acc: 98.12%
    Epoch 8/10 | CE Loss: 0.0245 | Acc: 98.34%
    Epoch 9/10 | CE Loss: 0.0217 | Acc: 98.45%
    Epoch 10/10 | CE Loss: 0.0308 | Acc: 97.79%
Accuracy history saved to /home/unshun/multi-FL/logs/2026-05-12_17-34-01/FedTED_dir/new_client_2026-05-13_13-25-15/our_finetune_global_single_dataset/MNIST_newclient_history.csv

==================================================
Dataset: EMNIST | Client ID: 21
==================================================

  [ResNet18] Training...
    Epoch 0 | Acc: 78.67%
    Epoch 1/10 | CE Loss: 0.5394 | Acc: 83.42%
    Epoch 2/10 | CE Loss: 0.4358 | Acc: 84.29%
    Epoch 3/10 | CE Loss: 0.4003 | Acc: 85.08%
    Epoch 4/10 | CE Loss: 0.3788 | Acc: 84.67%
    Epoch 5/10 | CE Loss: 0.3606 | Acc: 85.94%
    Epoch 6/10 | CE Loss: 0.3448 | Acc: 85.70%
    Epoch 7/10 | CE Loss: 0.3283 | Acc: 84.29%
    Epoch 8/10 | CE Loss: 0.3117 | Acc: 85.91%
    Epoch 9/10 | CE Loss: 0.2973 | Acc: 85.57%
    Epoch 10/10 | CE Loss: 0.2837 | Acc: 85.39%
Accuracy history saved to /home/unshun/multi-FL/logs/2026-05-12_17-34-01/FedTED_dir/new_client_2026-05-13_13-25-15/our_finetune_global_single_dataset/EMNIST_newclient_history.csv

==================================================
Dataset: CIFAR10 | Client ID: 32
==================================================

  [ResNet18] Training...
    Epoch 0 | Acc: 73.00%
    Epoch 1/10 | CE Loss: 1.3169 | Acc: 53.00%
    Epoch 2/10 | CE Loss: 0.9428 | Acc: 58.33%
    Epoch 3/10 | CE Loss: 0.7144 | Acc: 64.22%
    Epoch 4/10 | CE Loss: 0.5582 | Acc: 53.44%
    Epoch 5/10 | CE Loss: 0.4081 | Acc: 61.56%
    Epoch 6/10 | CE Loss: 0.2940 | Acc: 64.11%
    Epoch 7/10 | CE Loss: 0.2389 | Acc: 61.11%
    Epoch 8/10 | CE Loss: 0.1809 | Acc: 58.22%
    Epoch 9/10 | CE Loss: 0.1178 | Acc: 64.56%
    Epoch 10/10 | CE Loss: 0.0859 | Acc: 63.78%
Accuracy history saved to /home/unshun/multi-FL/logs/2026-05-12_17-34-01/FedTED_dir/new_client_2026-05-13_13-25-15/our_finetune_global_single_dataset/CIFAR10_newclient_history.csv

============================== Finished. Total Time: 0:04:44 ==============================
