Time: 2026-06-18 22:32:46
Log Dir: logs/2026-06-18_22-32-46/GeFL_DDIM_baseline_total
================================================================================

==============================        Args        ==============================
  exp_timestamp: None
  exp_conf: ./configs/het-iid-exp.yaml
  device: cuda:1
  seed: 15698
  algorithm: GeFL_DDIM_baseline_total
  num_new_clients: 1
  num_train_mnist: 10
  num_train_emnist: 10
  num_train_fashionmnist: 0
  num_train_cifar10: 10
  num_train_cifar100: 0
  num_train_usps: 0
  label_mapping: class_name
================================================================================
==============================    Exp Configs     ==============================
exp_name: model-heterogeneity
heterogeneous: true
dirichlet_alpha: 100
global_rounds: 40
local_epochs: 1
local_loss_fn: CrossEntropyLoss
local_optim: Adam
local_lr: 0.001
batch_size: 64
sample_frac: 1.0
test_interval: 1
metric_type: accuracy
global_feature_dim: 256
optim: Adam
optim_lr: 0.001
global_gen_epochs: 10
gen_noise_dim: 128
gen_optim: Adam
gen_optim_lr: 0.001
global_feat_gen_epochs: 10
feat_gen_noise_dim: 128
feat_gen_optim: Adam
feat_gen_optim_lr: 0.001
feat_gen_div_beta: 1.0
public_data_ratio: 0.05
start_mapping_epoch: 20
gen_observer_weight: 0.0
index_matching: ddpm
aggregate_method: dataset_name
use_new_entropy_method: true
entropy_ratio: 0.7
cs_threshold: 0.9
global_model_epochs: 5
global_model_optim: Adam
global_model_optim_lr: 0.001
global_samples_per_class: 64

================================================================================

==================================================
Start 40 rounds training by GeFL_DDIM_baseline_total
Selected client ids: [0, 1, 2, 3, 4, 5, 6, 7, 8, 9, 10, 11, 12, 13, 14, 15, 16, 17, 18, 19, 20, 21, 22, 23, 24, 25, 26, 27, 28, 29]
--- Round 1 ---
Client 0 (MNIST) | Target Loss: 1.0245 | DDIM Loss: 0.1127
Client 1 (MNIST) | Target Loss: 1.4195 | DDIM Loss: 0.1023
Client 2 (MNIST) | Target Loss: 0.8486 | DDIM Loss: 0.1022
Client 3 (MNIST) | Target Loss: 0.4744 | DDIM Loss: 0.1059
Client 4 (MNIST) | Target Loss: 1.4812 | DDIM Loss: 0.1021
Client 5 (MNIST) | Target Loss: 1.6964 | DDIM Loss: 0.1046
Client 6 (MNIST) | Target Loss: 1.4421 | DDIM Loss: 0.1013
Client 7 (MNIST) | Target Loss: 1.3765 | DDIM Loss: 0.0993
Client 8 (MNIST) | Target Loss: 1.7679 | DDIM Loss: 0.1107
Client 9 (MNIST) | Target Loss: 1.6633 | DDIM Loss: 0.1037
Client 11 (EMNIST) | Target Loss: 1.2111 | DDIM Loss: 0.0268
Client 12 (EMNIST) | Target Loss: 1.3174 | DDIM Loss: 0.0273
Client 13 (EMNIST) | Target Loss: 0.9207 | DDIM Loss: 0.0265
Client 14 (EMNIST) | Target Loss: 0.7404 | DDIM Loss: 0.0258
Client 15 (EMNIST) | Target Loss: 1.4332 | DDIM Loss: 0.0293
Client 16 (EMNIST) | Target Loss: 2.0416 | DDIM Loss: 0.0255
Client 17 (EMNIST) | Target Loss: 1.2803 | DDIM Loss: 0.0262
Client 18 (EMNIST) | Target Loss: 1.2920 | DDIM Loss: 0.0271
Client 19 (EMNIST) | Target Loss: 1.6076 | DDIM Loss: 0.0267
Client 20 (EMNIST) | Target Loss: 1.7829 | DDIM Loss: 0.0265
Client 22 (CIFAR10) | Target Loss: 1.9880 | DDIM Loss: 0.1397
Client 23 (CIFAR10) | Target Loss: 1.8925 | DDIM Loss: 0.1356
Client 24 (CIFAR10) | Target Loss: 1.8408 | DDIM Loss: 0.1374
Client 25 (CIFAR10) | Target Loss: 1.9464 | DDIM Loss: 0.1344
Client 26 (CIFAR10) | Target Loss: 2.2005 | DDIM Loss: 0.1376
Client 27 (CIFAR10) | Target Loss: 1.9652 | DDIM Loss: 0.1286
Client 28 (CIFAR10) | Target Loss: 2.1015 | DDIM Loss: 0.1362
Client 29 (CIFAR10) | Target Loss: 2.1294 | DDIM Loss: 0.1453
Client 30 (CIFAR10) | Target Loss: 2.2476 | DDIM Loss: 0.1323
Client 31 (CIFAR10) | Target Loss: 2.2155 | DDIM Loss: 0.1358
Selected client ids: [0, 1, 2, 3, 4, 5, 6, 7, 8, 9, 10, 11, 12, 13, 14, 15, 16, 17, 18, 19, 20, 21, 22, 23, 24, 25, 26, 27, 28, 29]
--- Round 2 ---
Client 0 (MNIST) | Target Loss: 0.4320 | DDIM Loss: 0.0603
Client 1 (MNIST) | Target Loss: 0.4180 | DDIM Loss: 0.0591
Client 2 (MNIST) | Target Loss: 0.1761 | DDIM Loss: 0.0601
Client 3 (MNIST) | Target Loss: 0.1764 | DDIM Loss: 0.0588
Client 4 (MNIST) | Target Loss: 0.5701 | DDIM Loss: 0.0581
Client 5 (MNIST) | Target Loss: 1.1908 | DDIM Loss: 0.0592
Client 6 (MNIST) | Target Loss: 0.4712 | DDIM Loss: 0.0585
Client 7 (MNIST) | Target Loss: 0.2938 | DDIM Loss: 0.0575
Client 8 (MNIST) | Target Loss: 1.1054 | DDIM Loss: 0.0616
Client 9 (MNIST) | Target Loss: 0.7415 | DDIM Loss: 0.0577
Client 11 (EMNIST) | Target Loss: 0.7452 | DDIM Loss: 0.0173
Client 12 (EMNIST) | Target Loss: 0.6772 | DDIM Loss: 0.0174
Client 13 (EMNIST) | Target Loss: 0.4997 | DDIM Loss: 0.0174
Client 14 (EMNIST) | Target Loss: 0.4704 | DDIM Loss: 0.0174
Client 15 (EMNIST) | Target Loss: 0.7373 | DDIM Loss: 0.0176
Client 16 (EMNIST) | Target Loss: 1.2324 | DDIM Loss: 0.0171
Client 17 (EMNIST) | Target Loss: 0.6096 | DDIM Loss: 0.0172
Client 18 (EMNIST) | Target Loss: 0.5014 | DDIM Loss: 0.0171
Client 19 (EMNIST) | Target Loss: 0.8119 | DDIM Loss: 0.0170
Client 20 (EMNIST) | Target Loss: 0.8544 | DDIM Loss: 0.0183
Client 22 (CIFAR10) | Target Loss: 1.7736 | DDIM Loss: 0.0902
Client 23 (CIFAR10) | Target Loss: 1.5913 | DDIM Loss: 0.0877
Client 24 (CIFAR10) | Target Loss: 1.5627 | DDIM Loss: 0.0868
Client 25 (CIFAR10) | Target Loss: 1.7011 | DDIM Loss: 0.0864
Client 26 (CIFAR10) | Target Loss: 1.9917 | DDIM Loss: 0.0859
Client 27 (CIFAR10) | Target Loss: 1.7497 | DDIM Loss: 0.0845
Client 28 (CIFAR10) | Target Loss: 1.8574 | DDIM Loss: 0.0874
Client 29 (CIFAR10) | Target Loss: 1.9284 | DDIM Loss: 0.0886
Client 30 (CIFAR10) | Target Loss: 2.1067 | DDIM Loss: 0.0860
Client 31 (CIFAR10) | Target Loss: 2.0166 | DDIM Loss: 0.0882
Selected client ids: [0, 1, 2, 3, 4, 5, 6, 7, 8, 9, 10, 11, 12, 13, 14, 15, 16, 17, 18, 19, 20, 21, 22, 23, 24, 25, 26, 27, 28, 29]
--- Round 3 ---
Client 0 (MNIST) | Target Loss: 0.3081 | DDIM Loss: 0.0236
Client 1 (MNIST) | Target Loss: 0.2195 | DDIM Loss: 0.0225
Client 2 (MNIST) | Target Loss: 0.1169 | DDIM Loss: 0.0228
Client 3 (MNIST) | Target Loss: 0.1298 | DDIM Loss: 0.0242
Client 4 (MNIST) | Target Loss: 0.3411 | DDIM Loss: 0.0226
Client 5 (MNIST) | Target Loss: 0.9853 | DDIM Loss: 0.0240
Client 6 (MNIST) | Target Loss: 0.2475 | DDIM Loss: 0.0229
Client 7 (MNIST) | Target Loss: 0.1581 | DDIM Loss: 0.0230
Client 8 (MNIST) | Target Loss: 0.6823 | DDIM Loss: 0.0246
Client 9 (MNIST) | Target Loss: 0.4559 | DDIM Loss: 0.0233
Client 11 (EMNIST) | Target Loss: 0.6509 | DDIM Loss: 0.0121
Client 12 (EMNIST) | Target Loss: 0.5782 | DDIM Loss: 0.0123
Client 13 (EMNIST) | Target Loss: 0.4464 | DDIM Loss: 0.0122
Client 14 (EMNIST) | Target Loss: 0.4226 | DDIM Loss: 0.0122
Client 15 (EMNIST) | Target Loss: 0.6395 | DDIM Loss: 0.0123
Client 16 (EMNIST) | Target Loss: 0.9856 | DDIM Loss: 0.0121
Client 17 (EMNIST) | Target Loss: 0.5212 | DDIM Loss: 0.0122
Client 18 (EMNIST) | Target Loss: 0.4443 | DDIM Loss: 0.0123
Client 19 (EMNIST) | Target Loss: 0.6709 | DDIM Loss: 0.0122
Client 20 (EMNIST) | Target Loss: 0.7134 | DDIM Loss: 0.0124
Client 22 (CIFAR10) | Target Loss: 1.6326 | DDIM Loss: 0.0497
Client 23 (CIFAR10) | Target Loss: 1.4512 | DDIM Loss: 0.0505
Client 24 (CIFAR10) | Target Loss: 1.4151 | DDIM Loss: 0.0500
Client 25 (CIFAR10) | Target Loss: 1.5577 | DDIM Loss: 0.0495
Client 26 (CIFAR10) | Target Loss: 1.8552 | DDIM Loss: 0.0500
Client 27 (CIFAR10) | Target Loss: 1.6841 | DDIM Loss: 0.0493
Client 28 (CIFAR10) | Target Loss: 1.7192 | DDIM Loss: 0.0504
Client 29 (CIFAR10) | Target Loss: 1.7506 | DDIM Loss: 0.0504
Client 30 (CIFAR10) | Target Loss: 1.9960 | DDIM Loss: 0.0504
Client 31 (CIFAR10) | Target Loss: 1.9635 | DDIM Loss: 0.0495
Selected client ids: [0, 1, 2, 3, 4, 5, 6, 7, 8, 9, 10, 11, 12, 13, 14, 15, 16, 17, 18, 19, 20, 21, 22, 23, 24, 25, 26, 27, 28, 29]
--- Round 4 ---
Client 0 (MNIST) | Target Loss: 0.2580 | DDIM Loss: 0.0192
Client 1 (MNIST) | Target Loss: 0.1456 | DDIM Loss: 0.0184
Client 2 (MNIST) | Target Loss: 0.1027 | DDIM Loss: 0.0181
Client 3 (MNIST) | Target Loss: 0.0649 | DDIM Loss: 0.0193
Client 4 (MNIST) | Target Loss: 0.2733 | DDIM Loss: 0.0193
Client 5 (MNIST) | Target Loss: 0.8509 | DDIM Loss: 0.0185
Client 6 (MNIST) | Target Loss: 0.1799 | DDIM Loss: 0.0188
Client 7 (MNIST) | Target Loss: 0.1125 | DDIM Loss: 0.0187
Client 8 (MNIST) | Target Loss: 0.8180 | DDIM Loss: 0.0194
Client 9 (MNIST) | Target Loss: 0.3057 | DDIM Loss: 0.0185
Client 11 (EMNIST) | Target Loss: 0.5902 | DDIM Loss: 0.0100
Client 12 (EMNIST) | Target Loss: 0.5310 | DDIM Loss: 0.0100
Client 13 (EMNIST) | Target Loss: 0.4171 | DDIM Loss: 0.0100
Client 14 (EMNIST) | Target Loss: 0.3982 | DDIM Loss: 0.0100
Client 15 (EMNIST) | Target Loss: 0.5846 | DDIM Loss: 0.0099
Client 16 (EMNIST) | Target Loss: 0.8633 | DDIM Loss: 0.0099
Client 17 (EMNIST) | Target Loss: 0.4802 | DDIM Loss: 0.0100
Client 18 (EMNIST) | Target Loss: 0.4118 | DDIM Loss: 0.0099
Client 19 (EMNIST) | Target Loss: 0.6075 | DDIM Loss: 0.0100
Client 20 (EMNIST) | Target Loss: 0.6268 | DDIM Loss: 0.0100
Client 22 (CIFAR10) | Target Loss: 1.5111 | DDIM Loss: 0.0452
Client 23 (CIFAR10) | Target Loss: 1.3698 | DDIM Loss: 0.0455
Client 24 (CIFAR10) | Target Loss: 1.3317 | DDIM Loss: 0.0452
Client 25 (CIFAR10) | Target Loss: 1.4297 | DDIM Loss: 0.0453
Client 26 (CIFAR10) | Target Loss: 1.7247 | DDIM Loss: 0.0448
Client 27 (CIFAR10) | Target Loss: 1.6317 | DDIM Loss: 0.0453
Client 28 (CIFAR10) | Target Loss: 1.6320 | DDIM Loss: 0.0453
Client 29 (CIFAR10) | Target Loss: 1.6140 | DDIM Loss: 0.0459
Client 30 (CIFAR10) | Target Loss: 1.9213 | DDIM Loss: 0.0449
Client 31 (CIFAR10) | Target Loss: 1.9281 | DDIM Loss: 0.0445
Selected client ids: [0, 1, 2, 3, 4, 5, 6, 7, 8, 9, 10, 11, 12, 13, 14, 15, 16, 17, 18, 19, 20, 21, 22, 23, 24, 25, 26, 27, 28, 29]
--- Round 5 ---
Client 0 (MNIST) | Target Loss: 0.2518 | DDIM Loss: 0.0168
Client 1 (MNIST) | Target Loss: 0.1227 | DDIM Loss: 0.0162
Client 2 (MNIST) | Target Loss: 0.0711 | DDIM Loss: 0.0167
Client 3 (MNIST) | Target Loss: 0.0492 | DDIM Loss: 0.0202
Client 4 (MNIST) | Target Loss: 0.1929 | DDIM Loss: 0.0169
Client 5 (MNIST) | Target Loss: 0.7447 | DDIM Loss: 0.0174
Client 6 (MNIST) | Target Loss: 0.1480 | DDIM Loss: 0.0162
Client 7 (MNIST) | Target Loss: 0.0814 | DDIM Loss: 0.0164
Client 8 (MNIST) | Target Loss: 1.0404 | DDIM Loss: 0.0179
Client 9 (MNIST) | Target Loss: 0.2757 | DDIM Loss: 0.0167
Client 11 (EMNIST) | Target Loss: 0.5505 | DDIM Loss: 0.0091
Client 12 (EMNIST) | Target Loss: 0.4977 | DDIM Loss: 0.0091
Client 13 (EMNIST) | Target Loss: 0.3937 | DDIM Loss: 0.0091
Client 14 (EMNIST) | Target Loss: 0.3756 | DDIM Loss: 0.0091
Client 15 (EMNIST) | Target Loss: 0.5496 | DDIM Loss: 0.0092
Client 16 (EMNIST) | Target Loss: 0.7838 | DDIM Loss: 0.0092
Client 17 (EMNIST) | Target Loss: 0.4493 | DDIM Loss: 0.0091
Client 18 (EMNIST) | Target Loss: 0.3813 | DDIM Loss: 0.0091
Client 19 (EMNIST) | Target Loss: 0.5695 | DDIM Loss: 0.0091
Client 20 (EMNIST) | Target Loss: 0.5999 | DDIM Loss: 0.0092
Client 22 (CIFAR10) | Target Loss: 1.3685 | DDIM Loss: 0.0425
Client 23 (CIFAR10) | Target Loss: 1.2717 | DDIM Loss: 0.0429
Client 24 (CIFAR10) | Target Loss: 1.2372 | DDIM Loss: 0.0427
Client 25 (CIFAR10) | Target Loss: 1.3454 | DDIM Loss: 0.0412
Client 26 (CIFAR10) | Target Loss: 1.6442 | DDIM Loss: 0.0428
Client 27 (CIFAR10) | Target Loss: 1.5894 | DDIM Loss: 0.0424
Client 28 (CIFAR10) | Target Loss: 1.5835 | DDIM Loss: 0.0422
Client 29 (CIFAR10) | Target Loss: 1.5031 | DDIM Loss: 0.0417
Client 30 (CIFAR10) | Target Loss: 1.8361 | DDIM Loss: 0.0424
Client 31 (CIFAR10) | Target Loss: 1.8732 | DDIM Loss: 0.0421
Selected client ids: [0, 1, 2, 3, 4, 5, 6, 7, 8, 9, 10, 11, 12, 13, 14, 15, 16, 17, 18, 19, 20, 21, 22, 23, 24, 25, 26, 27, 28, 29]
--- Round 6 ---
Client 0 (MNIST) | Target Loss: 0.1942 | DDIM Loss: 0.0153
Client 1 (MNIST) | Target Loss: 0.1010 | DDIM Loss: 0.0148
Client 2 (MNIST) | Target Loss: 0.0496 | DDIM Loss: 0.0153
Client 3 (MNIST) | Target Loss: 0.0550 | DDIM Loss: 0.0148
Client 4 (MNIST) | Target Loss: 0.1877 | DDIM Loss: 0.0149
Client 5 (MNIST) | Target Loss: 0.6248 | DDIM Loss: 0.0148
Client 6 (MNIST) | Target Loss: 0.1100 | DDIM Loss: 0.0153
Client 7 (MNIST) | Target Loss: 0.0632 | DDIM Loss: 0.0150
Client 8 (MNIST) | Target Loss: 0.8272 | DDIM Loss: 0.0150
Client 9 (MNIST) | Target Loss: 0.2102 | DDIM Loss: 0.0152
Client 11 (EMNIST) | Target Loss: 0.5248 | DDIM Loss: 0.0087
Client 12 (EMNIST) | Target Loss: 0.4778 | DDIM Loss: 0.0087
Client 13 (EMNIST) | Target Loss: 0.3748 | DDIM Loss: 0.0088
Client 14 (EMNIST) | Target Loss: 0.3575 | DDIM Loss: 0.0087
Client 15 (EMNIST) | Target Loss: 0.5270 | DDIM Loss: 0.0087
Client 16 (EMNIST) | Target Loss: 0.7462 | DDIM Loss: 0.0088
Client 17 (EMNIST) | Target Loss: 0.4299 | DDIM Loss: 0.0087
Client 18 (EMNIST) | Target Loss: 0.3625 | DDIM Loss: 0.0087
Client 19 (EMNIST) | Target Loss: 0.5368 | DDIM Loss: 0.0087
Client 20 (EMNIST) | Target Loss: 0.5649 | DDIM Loss: 0.0088
Client 22 (CIFAR10) | Target Loss: 1.2514 | DDIM Loss: 0.0405
Client 23 (CIFAR10) | Target Loss: 1.2195 | DDIM Loss: 0.0416
Client 24 (CIFAR10) | Target Loss: 1.1421 | DDIM Loss: 0.0407
Client 25 (CIFAR10) | Target Loss: 1.2841 | DDIM Loss: 0.0419
Client 26 (CIFAR10) | Target Loss: 1.5435 | DDIM Loss: 0.0398
Client 27 (CIFAR10) | Target Loss: 1.5662 | DDIM Loss: 0.0401
Client 28 (CIFAR10) | Target Loss: 1.5295 | DDIM Loss: 0.0406
Client 29 (CIFAR10) | Target Loss: 1.3867 | DDIM Loss: 0.0398
Client 30 (CIFAR10) | Target Loss: 1.7631 | DDIM Loss: 0.0406
Client 31 (CIFAR10) | Target Loss: 1.8110 | DDIM Loss: 0.0425
Selected client ids: [0, 1, 2, 3, 4, 5, 6, 7, 8, 9, 10, 11, 12, 13, 14, 15, 16, 17, 18, 19, 20, 21, 22, 23, 24, 25, 26, 27, 28, 29]
--- Round 7 ---
Client 0 (MNIST) | Target Loss: 0.1885 | DDIM Loss: 0.0139
Client 1 (MNIST) | Target Loss: 0.0834 | DDIM Loss: 0.0137
Client 2 (MNIST) | Target Loss: 0.0334 | DDIM Loss: 0.0139
Client 3 (MNIST) | Target Loss: 0.0970 | DDIM Loss: 0.0138
Client 4 (MNIST) | Target Loss: 0.1551 | DDIM Loss: 0.0139
Client 5 (MNIST) | Target Loss: 0.5595 | DDIM Loss: 0.0140
Client 6 (MNIST) | Target Loss: 0.0955 | DDIM Loss: 0.0138
Client 7 (MNIST) | Target Loss: 0.0730 | DDIM Loss: 0.0138
Client 8 (MNIST) | Target Loss: 0.8741 | DDIM Loss: 0.0145
Client 9 (MNIST) | Target Loss: 0.1433 | DDIM Loss: 0.0141
Client 11 (EMNIST) | Target Loss: 0.5035 | DDIM Loss: 0.0085
Client 12 (EMNIST) | Target Loss: 0.4585 | DDIM Loss: 0.0085
Client 13 (EMNIST) | Target Loss: 0.3599 | DDIM Loss: 0.0084
Client 14 (EMNIST) | Target Loss: 0.3419 | DDIM Loss: 0.0085
Client 15 (EMNIST) | Target Loss: 0.5098 | DDIM Loss: 0.0086
Client 16 (EMNIST) | Target Loss: 0.7141 | DDIM Loss: 0.0085
Client 17 (EMNIST) | Target Loss: 0.4129 | DDIM Loss: 0.0085
Client 18 (EMNIST) | Target Loss: 0.3436 | DDIM Loss: 0.0085
Client 19 (EMNIST) | Target Loss: 0.5176 | DDIM Loss: 0.0085
Client 20 (EMNIST) | Target Loss: 0.5436 | DDIM Loss: 0.0085
Client 22 (CIFAR10) | Target Loss: 1.1335 | DDIM Loss: 0.0389
Client 23 (CIFAR10) | Target Loss: 1.1619 | DDIM Loss: 0.0399
Client 24 (CIFAR10) | Target Loss: 1.0994 | DDIM Loss: 0.0394
Client 25 (CIFAR10) | Target Loss: 1.1847 | DDIM Loss: 0.0397
Client 26 (CIFAR10) | Target Loss: 1.4698 | DDIM Loss: 0.0393
Client 27 (CIFAR10) | Target Loss: 1.5106 | DDIM Loss: 0.0389
Client 28 (CIFAR10) | Target Loss: 1.4745 | DDIM Loss: 0.0390
Client 29 (CIFAR10) | Target Loss: 1.2962 | DDIM Loss: 0.0389
Client 30 (CIFAR10) | Target Loss: 1.6962 | DDIM Loss: 0.0385
Client 31 (CIFAR10) | Target Loss: 1.7670 | DDIM Loss: 0.0393
Selected client ids: [0, 1, 2, 3, 4, 5, 6, 7, 8, 9, 10, 11, 12, 13, 14, 15, 16, 17, 18, 19, 20, 21, 22, 23, 24, 25, 26, 27, 28, 29]
--- Round 8 ---
Client 0 (MNIST) | Target Loss: 0.1678 | DDIM Loss: 0.0131
Client 1 (MNIST) | Target Loss: 0.0711 | DDIM Loss: 0.0132
Client 2 (MNIST) | Target Loss: 0.0314 | DDIM Loss: 0.0131
Client 3 (MNIST) | Target Loss: 0.0747 | DDIM Loss: 0.0135
Client 4 (MNIST) | Target Loss: 0.1215 | DDIM Loss: 0.0134
Client 5 (MNIST) | Target Loss: 0.5151 | DDIM Loss: 0.0131
Client 6 (MNIST) | Target Loss: 0.0809 | DDIM Loss: 0.0130
Client 7 (MNIST) | Target Loss: 0.0375 | DDIM Loss: 0.0132
Client 8 (MNIST) | Target Loss: 0.7698 | DDIM Loss: 0.0190
Client 9 (MNIST) | Target Loss: 0.1380 | DDIM Loss: 0.0133
Client 11 (EMNIST) | Target Loss: 0.4817 | DDIM Loss: 0.0083
Client 12 (EMNIST) | Target Loss: 0.4406 | DDIM Loss: 0.0083
Client 13 (EMNIST) | Target Loss: 0.3432 | DDIM Loss: 0.0083
Client 14 (EMNIST) | Target Loss: 0.3280 | DDIM Loss: 0.0083
Client 15 (EMNIST) | Target Loss: 0.5001 | DDIM Loss: 0.0082
Client 16 (EMNIST) | Target Loss: 0.6811 | DDIM Loss: 0.0082
Client 17 (EMNIST) | Target Loss: 0.4023 | DDIM Loss: 0.0083
Client 18 (EMNIST) | Target Loss: 0.3236 | DDIM Loss: 0.0083
Client 19 (EMNIST) | Target Loss: 0.5006 | DDIM Loss: 0.0083
Client 20 (EMNIST) | Target Loss: 0.5281 | DDIM Loss: 0.0083
Client 22 (CIFAR10) | Target Loss: 1.0120 | DDIM Loss: 0.0381
Client 23 (CIFAR10) | Target Loss: 1.1206 | DDIM Loss: 0.0385
Client 24 (CIFAR10) | Target Loss: 1.0041 | DDIM Loss: 0.0388
Client 25 (CIFAR10) | Target Loss: 1.0562 | DDIM Loss: 0.0381
Client 26 (CIFAR10) | Target Loss: 1.3808 | DDIM Loss: 0.0378
Client 27 (CIFAR10) | Target Loss: 1.4806 | DDIM Loss: 0.0374
Client 28 (CIFAR10) | Target Loss: 1.4469 | DDIM Loss: 0.0380
Client 29 (CIFAR10) | Target Loss: 1.2115 | DDIM Loss: 0.0386
Client 30 (CIFAR10) | Target Loss: 1.6348 | DDIM Loss: 0.0394
Client 31 (CIFAR10) | Target Loss: 1.7405 | DDIM Loss: 0.0386
Selected client ids: [0, 1, 2, 3, 4, 5, 6, 7, 8, 9, 10, 11, 12, 13, 14, 15, 16, 17, 18, 19, 20, 21, 22, 23, 24, 25, 26, 27, 28, 29]
--- Round 9 ---
Client 0 (MNIST) | Target Loss: 0.1322 | DDIM Loss: 0.0125
Client 1 (MNIST) | Target Loss: 0.0579 | DDIM Loss: 0.0124
Client 2 (MNIST) | Target Loss: 0.0248 | DDIM Loss: 0.0127
Client 3 (MNIST) | Target Loss: 0.0383 | DDIM Loss: 0.0134
Client 4 (MNIST) | Target Loss: 0.1340 | DDIM Loss: 0.0128
Client 5 (MNIST) | Target Loss: 0.4279 | DDIM Loss: 0.0127
Client 6 (MNIST) | Target Loss: 0.0596 | DDIM Loss: 0.0124
Client 7 (MNIST) | Target Loss: 0.0326 | DDIM Loss: 0.0128
Client 8 (MNIST) | Target Loss: 0.6575 | DDIM Loss: 0.0126
Client 9 (MNIST) | Target Loss: 0.1454 | DDIM Loss: 0.0122
Client 11 (EMNIST) | Target Loss: 0.4739 | DDIM Loss: 0.0082
Client 12 (EMNIST) | Target Loss: 0.4288 | DDIM Loss: 0.0081
Client 13 (EMNIST) | Target Loss: 0.3302 | DDIM Loss: 0.0082
Client 14 (EMNIST) | Target Loss: 0.3155 | DDIM Loss: 0.0081
Client 15 (EMNIST) | Target Loss: 0.4698 | DDIM Loss: 0.0081
Client 16 (EMNIST) | Target Loss: 0.6587 | DDIM Loss: 0.0081
Client 17 (EMNIST) | Target Loss: 0.3891 | DDIM Loss: 0.0081
Client 18 (EMNIST) | Target Loss: 0.3064 | DDIM Loss: 0.0082
Client 19 (EMNIST) | Target Loss: 0.4784 | DDIM Loss: 0.0082
Client 20 (EMNIST) | Target Loss: 0.5147 | DDIM Loss: 0.0082
Client 22 (CIFAR10) | Target Loss: 0.8680 | DDIM Loss: 0.0378
Client 23 (CIFAR10) | Target Loss: 1.0756 | DDIM Loss: 0.0391
Client 24 (CIFAR10) | Target Loss: 0.9365 | DDIM Loss: 0.0382
Client 25 (CIFAR10) | Target Loss: 1.0038 | DDIM Loss: 0.0376
Client 26 (CIFAR10) | Target Loss: 1.3517 | DDIM Loss: 0.0383
Client 27 (CIFAR10) | Target Loss: 1.4393 | DDIM Loss: 0.0375
Client 28 (CIFAR10) | Target Loss: 1.4256 | DDIM Loss: 0.0379
Client 29 (CIFAR10) | Target Loss: 1.1365 | DDIM Loss: 0.0390
Client 30 (CIFAR10) | Target Loss: 1.5420 | DDIM Loss: 0.0387
Client 31 (CIFAR10) | Target Loss: 1.6820 | DDIM Loss: 0.0381
Selected client ids: [0, 1, 2, 3, 4, 5, 6, 7, 8, 9, 10, 11, 12, 13, 14, 15, 16, 17, 18, 19, 20, 21, 22, 23, 24, 25, 26, 27, 28, 29]
--- Round 10 ---
Client 0 (MNIST) | Target Loss: 0.1187 | DDIM Loss: 0.0121
Client 1 (MNIST) | Target Loss: 0.0437 | DDIM Loss: 0.0120
Client 2 (MNIST) | Target Loss: 0.0175 | DDIM Loss: 0.0121
Client 3 (MNIST) | Target Loss: 0.0838 | DDIM Loss: 0.0126
Client 4 (MNIST) | Target Loss: 0.1112 | DDIM Loss: 0.0118
Client 5 (MNIST) | Target Loss: 0.3961 | DDIM Loss: 0.0116
Client 6 (MNIST) | Target Loss: 0.0618 | DDIM Loss: 0.0118
Client 7 (MNIST) | Target Loss: 0.0378 | DDIM Loss: 0.0117
Client 8 (MNIST) | Target Loss: 0.5999 | DDIM Loss: 0.0117
Client 9 (MNIST) | Target Loss: 0.1480 | DDIM Loss: 0.0119
Client 11 (EMNIST) | Target Loss: 0.4492 | DDIM Loss: 0.0081
Client 12 (EMNIST) | Target Loss: 0.4189 | DDIM Loss: 0.0080
Client 13 (EMNIST) | Target Loss: 0.3173 | DDIM Loss: 0.0081
Client 14 (EMNIST) | Target Loss: 0.3012 | DDIM Loss: 0.0080
Client 15 (EMNIST) | Target Loss: 0.4612 | DDIM Loss: 0.0080
Client 16 (EMNIST) | Target Loss: 0.6406 | DDIM Loss: 0.0080
Client 17 (EMNIST) | Target Loss: 0.3767 | DDIM Loss: 0.0080
Client 18 (EMNIST) | Target Loss: 0.2916 | DDIM Loss: 0.0080
Client 19 (EMNIST) | Target Loss: 0.4660 | DDIM Loss: 0.0080
Client 20 (EMNIST) | Target Loss: 0.5016 | DDIM Loss: 0.0081
Client 22 (CIFAR10) | Target Loss: 0.7855 | DDIM Loss: 0.0384
Client 23 (CIFAR10) | Target Loss: 1.0390 | DDIM Loss: 0.0380
Client 24 (CIFAR10) | Target Loss: 0.8486 | DDIM Loss: 0.0376
Client 25 (CIFAR10) | Target Loss: 0.8548 | DDIM Loss: 0.0374
Client 26 (CIFAR10) | Target Loss: 1.2776 | DDIM Loss: 0.0373
Client 27 (CIFAR10) | Target Loss: 1.4280 | DDIM Loss: 0.0376
Client 28 (CIFAR10) | Target Loss: 1.3668 | DDIM Loss: 0.0367
Client 29 (CIFAR10) | Target Loss: 1.0250 | DDIM Loss: 0.0372
Client 30 (CIFAR10) | Target Loss: 1.5309 | DDIM Loss: 0.0381
Client 31 (CIFAR10) | Target Loss: 1.6289 | DDIM Loss: 0.0378
Selected client ids: [0, 1, 2, 3, 4, 5, 6, 7, 8, 9, 10, 11, 12, 13, 14, 15, 16, 17, 18, 19, 20, 21, 22, 23, 24, 25, 26, 27, 28, 29]
--- Round 11 ---
Client 0 (MNIST) | Target Loss: 0.1202 | DDIM Loss: 0.0116
Client 1 (MNIST) | Target Loss: 0.0386 | DDIM Loss: 0.0112
Client 2 (MNIST) | Target Loss: 0.0448 | DDIM Loss: 0.0116
Client 3 (MNIST) | Target Loss: 0.0198 | DDIM Loss: 0.0124
Client 4 (MNIST) | Target Loss: 0.1041 | DDIM Loss: 0.0120
Client 5 (MNIST) | Target Loss: 0.3646 | DDIM Loss: 0.0113
Client 6 (MNIST) | Target Loss: 0.0465 | DDIM Loss: 0.0116
Client 7 (MNIST) | Target Loss: 0.0313 | DDIM Loss: 0.0118
Client 8 (MNIST) | Target Loss: 1.3613 | DDIM Loss: 0.0115
Client 9 (MNIST) | Target Loss: 0.1333 | DDIM Loss: 0.0116
Client 11 (EMNIST) | Target Loss: 0.4410 | DDIM Loss: 0.0079
Client 12 (EMNIST) | Target Loss: 0.4086 | DDIM Loss: 0.0079
Client 13 (EMNIST) | Target Loss: 0.3041 | DDIM Loss: 0.0079
Client 14 (EMNIST) | Target Loss: 0.2872 | DDIM Loss: 0.0079
Client 15 (EMNIST) | Target Loss: 0.4453 | DDIM Loss: 0.0079
Client 16 (EMNIST) | Target Loss: 0.6177 | DDIM Loss: 0.0079
Client 17 (EMNIST) | Target Loss: 0.3672 | DDIM Loss: 0.0079
Client 18 (EMNIST) | Target Loss: 0.2771 | DDIM Loss: 0.0080
Client 19 (EMNIST) | Target Loss: 0.4555 | DDIM Loss: 0.0080
Client 20 (EMNIST) | Target Loss: 0.4926 | DDIM Loss: 0.0080
Client 22 (CIFAR10) | Target Loss: 0.6641 | DDIM Loss: 0.0376
Client 23 (CIFAR10) | Target Loss: 1.0009 | DDIM Loss: 0.0374
Client 24 (CIFAR10) | Target Loss: 0.7721 | DDIM Loss: 0.0366
Client 25 (CIFAR10) | Target Loss: 0.7045 | DDIM Loss: 0.0372
Client 26 (CIFAR10) | Target Loss: 1.2070 | DDIM Loss: 0.0371
Client 27 (CIFAR10) | Target Loss: 1.3921 | DDIM Loss: 0.0366
Client 28 (CIFAR10) | Target Loss: 1.3082 | DDIM Loss: 0.0370
Client 29 (CIFAR10) | Target Loss: 0.9486 | DDIM Loss: 0.0368
Client 30 (CIFAR10) | Target Loss: 1.4682 | DDIM Loss: 0.0376
Client 31 (CIFAR10) | Target Loss: 1.5776 | DDIM Loss: 0.0360
Selected client ids: [0, 1, 2, 3, 4, 5, 6, 7, 8, 9, 10, 11, 12, 13, 14, 15, 16, 17, 18, 19, 20, 21, 22, 23, 24, 25, 26, 27, 28, 29]
--- Round 12 ---
Client 0 (MNIST) | Target Loss: 0.1099 | DDIM Loss: 0.0112
Client 1 (MNIST) | Target Loss: 0.0365 | DDIM Loss: 0.0109
Client 2 (MNIST) | Target Loss: 0.0252 | DDIM Loss: 0.0109
Client 3 (MNIST) | Target Loss: 0.0171 | DDIM Loss: 0.0112
Client 4 (MNIST) | Target Loss: 0.1158 | DDIM Loss: 0.0111
Client 5 (MNIST) | Target Loss: 0.3605 | DDIM Loss: 0.0117
Client 6 (MNIST) | Target Loss: 0.0432 | DDIM Loss: 0.0110
Client 7 (MNIST) | Target Loss: 0.0098 | DDIM Loss: 0.0111
Client 8 (MNIST) | Target Loss: 1.0472 | DDIM Loss: 0.0111
Client 9 (MNIST) | Target Loss: 0.0818 | DDIM Loss: 0.0114
Client 11 (EMNIST) | Target Loss: 0.4281 | DDIM Loss: 0.0079
Client 12 (EMNIST) | Target Loss: 0.4006 | DDIM Loss: 0.0078
Client 13 (EMNIST) | Target Loss: 0.2902 | DDIM Loss: 0.0079
Client 14 (EMNIST) | Target Loss: 0.2734 | DDIM Loss: 0.0079
Client 15 (EMNIST) | Target Loss: 0.4390 | DDIM Loss: 0.0079
Client 16 (EMNIST) | Target Loss: 0.6055 | DDIM Loss: 0.0079
Client 17 (EMNIST) | Target Loss: 0.3596 | DDIM Loss: 0.0079
Client 18 (EMNIST) | Target Loss: 0.2587 | DDIM Loss: 0.0079
Client 19 (EMNIST) | Target Loss: 0.4423 | DDIM Loss: 0.0079
Client 20 (EMNIST) | Target Loss: 0.4812 | DDIM Loss: 0.0079
Client 22 (CIFAR10) | Target Loss: 0.6110 | DDIM Loss: 0.0374
Client 23 (CIFAR10) | Target Loss: 0.9763 | DDIM Loss: 0.0370
Client 24 (CIFAR10) | Target Loss: 0.6992 | DDIM Loss: 0.0381
Client 25 (CIFAR10) | Target Loss: 0.6027 | DDIM Loss: 0.0364
Client 26 (CIFAR10) | Target Loss: 1.1382 | DDIM Loss: 0.0362
Client 27 (CIFAR10) | Target Loss: 1.3755 | DDIM Loss: 0.0364
Client 28 (CIFAR10) | Target Loss: 1.2931 | DDIM Loss: 0.0370
Client 29 (CIFAR10) | Target Loss: 0.8518 | DDIM Loss: 0.0377
Client 30 (CIFAR10) | Target Loss: 1.4030 | DDIM Loss: 0.0376
Client 31 (CIFAR10) | Target Loss: 1.5112 | DDIM Loss: 0.0361
Selected client ids: [0, 1, 2, 3, 4, 5, 6, 7, 8, 9, 10, 11, 12, 13, 14, 15, 16, 17, 18, 19, 20, 21, 22, 23, 24, 25, 26, 27, 28, 29]
--- Round 13 ---
Client 0 (MNIST) | Target Loss: 0.0997 | DDIM Loss: 0.0109
Client 1 (MNIST) | Target Loss: 0.0324 | DDIM Loss: 0.0106
Client 2 (MNIST) | Target Loss: 0.0174 | DDIM Loss: 0.0108
Client 3 (MNIST) | Target Loss: 0.0101 | DDIM Loss: 0.0123
Client 4 (MNIST) | Target Loss: 0.0997 | DDIM Loss: 0.0110
Client 5 (MNIST) | Target Loss: 0.3554 | DDIM Loss: 0.0113
Client 6 (MNIST) | Target Loss: 0.0314 | DDIM Loss: 0.0108
Client 7 (MNIST) | Target Loss: 0.0335 | DDIM Loss: 0.0109
Client 8 (MNIST) | Target Loss: 0.8951 | DDIM Loss: 0.0120
Client 9 (MNIST) | Target Loss: 0.0955 | DDIM Loss: 0.0107
Client 11 (EMNIST) | Target Loss: 0.4221 | DDIM Loss: 0.0078
Client 12 (EMNIST) | Target Loss: 0.3927 | DDIM Loss: 0.0077
Client 13 (EMNIST) | Target Loss: 0.2777 | DDIM Loss: 0.0078
Client 14 (EMNIST) | Target Loss: 0.2612 | DDIM Loss: 0.0078
Client 15 (EMNIST) | Target Loss: 0.4275 | DDIM Loss: 0.0078
Client 16 (EMNIST) | Target Loss: 0.5978 | DDIM Loss: 0.0078
Client 17 (EMNIST) | Target Loss: 0.3516 | DDIM Loss: 0.0078
Client 18 (EMNIST) | Target Loss: 0.2442 | DDIM Loss: 0.0078
Client 19 (EMNIST) | Target Loss: 0.4326 | DDIM Loss: 0.0078
Client 20 (EMNIST) | Target Loss: 0.4765 | DDIM Loss: 0.0078
Client 22 (CIFAR10) | Target Loss: 0.5177 | DDIM Loss: 0.0366
Client 23 (CIFAR10) | Target Loss: 0.9274 | DDIM Loss: 0.0367
Client 24 (CIFAR10) | Target Loss: 0.5984 | DDIM Loss: 0.0364
Client 25 (CIFAR10) | Target Loss: 0.4714 | DDIM Loss: 0.0357
Client 26 (CIFAR10) | Target Loss: 1.1033 | DDIM Loss: 0.0358
Client 27 (CIFAR10) | Target Loss: 1.3483 | DDIM Loss: 0.0365
Client 28 (CIFAR10) | Target Loss: 1.2503 | DDIM Loss: 0.0358
Client 29 (CIFAR10) | Target Loss: 0.7229 | DDIM Loss: 0.0372
Client 30 (CIFAR10) | Target Loss: 1.3523 | DDIM Loss: 0.0370
Client 31 (CIFAR10) | Target Loss: 1.5093 | DDIM Loss: 0.0377
Selected client ids: [0, 1, 2, 3, 4, 5, 6, 7, 8, 9, 10, 11, 12, 13, 14, 15, 16, 17, 18, 19, 20, 21, 22, 23, 24, 25, 26, 27, 28, 29]
--- Round 14 ---
Client 0 (MNIST) | Target Loss: 0.1059 | DDIM Loss: 0.0105
Client 1 (MNIST) | Target Loss: 0.0313 | DDIM Loss: 0.0104
Client 2 (MNIST) | Target Loss: 0.0077 | DDIM Loss: 0.0108
Client 3 (MNIST) | Target Loss: 0.0134 | DDIM Loss: 0.0117
Client 4 (MNIST) | Target Loss: 0.0805 | DDIM Loss: 0.0109
Client 5 (MNIST) | Target Loss: 0.3063 | DDIM Loss: 0.0107
Client 6 (MNIST) | Target Loss: 0.0357 | DDIM Loss: 0.0105
Client 7 (MNIST) | Target Loss: 0.0181 | DDIM Loss: 0.0105
Client 8 (MNIST) | Target Loss: 0.8671 | DDIM Loss: 0.0121
Client 9 (MNIST) | Target Loss: 0.0824 | DDIM Loss: 0.0108
Client 11 (EMNIST) | Target Loss: 0.4129 | DDIM Loss: 0.0077
Client 12 (EMNIST) | Target Loss: 0.3834 | DDIM Loss: 0.0077
Client 13 (EMNIST) | Target Loss: 0.2625 | DDIM Loss: 0.0077
Client 14 (EMNIST) | Target Loss: 0.2448 | DDIM Loss: 0.0078
Client 15 (EMNIST) | Target Loss: 0.4249 | DDIM Loss: 0.0077
Client 16 (EMNIST) | Target Loss: 0.5818 | DDIM Loss: 0.0077
Client 17 (EMNIST) | Target Loss: 0.3422 | DDIM Loss: 0.0077
Client 18 (EMNIST) | Target Loss: 0.2266 | DDIM Loss: 0.0077
Client 19 (EMNIST) | Target Loss: 0.4256 | DDIM Loss: 0.0077
Client 20 (EMNIST) | Target Loss: 0.4630 | DDIM Loss: 0.0078
Client 22 (CIFAR10) | Target Loss: 0.4535 | DDIM Loss: 0.0359
Client 23 (CIFAR10) | Target Loss: 0.9066 | DDIM Loss: 0.0367
Client 24 (CIFAR10) | Target Loss: 0.4913 | DDIM Loss: 0.0352
Client 25 (CIFAR10) | Target Loss: 0.3351 | DDIM Loss: 0.0360
Client 26 (CIFAR10) | Target Loss: 1.0321 | DDIM Loss: 0.0355
Client 27 (CIFAR10) | Target Loss: 1.3230 | DDIM Loss: 0.0357
Client 28 (CIFAR10) | Target Loss: 1.2128 | DDIM Loss: 0.0362
Client 29 (CIFAR10) | Target Loss: 0.6713 | DDIM Loss: 0.0366
Client 30 (CIFAR10) | Target Loss: 1.2934 | DDIM Loss: 0.0372
Client 31 (CIFAR10) | Target Loss: 1.4296 | DDIM Loss: 0.0366
Selected client ids: [0, 1, 2, 3, 4, 5, 6, 7, 8, 9, 10, 11, 12, 13, 14, 15, 16, 17, 18, 19, 20, 21, 22, 23, 24, 25, 26, 27, 28, 29]
--- Round 15 ---
Client 0 (MNIST) | Target Loss: 0.0801 | DDIM Loss: 0.0105
Client 1 (MNIST) | Target Loss: 0.0244 | DDIM Loss: 0.0103
Client 2 (MNIST) | Target Loss: 0.0096 | DDIM Loss: 0.0103
Client 3 (MNIST) | Target Loss: 0.0035 | DDIM Loss: 0.0102
Client 4 (MNIST) | Target Loss: 0.1083 | DDIM Loss: 0.0109
Client 5 (MNIST) | Target Loss: 0.3327 | DDIM Loss: 0.0105
Client 6 (MNIST) | Target Loss: 0.0252 | DDIM Loss: 0.0104
Client 7 (MNIST) | Target Loss: 0.0152 | DDIM Loss: 0.0105
Client 8 (MNIST) | Target Loss: 0.7472 | DDIM Loss: 0.0099
Client 9 (MNIST) | Target Loss: 0.0768 | DDIM Loss: 0.0105
Client 11 (EMNIST) | Target Loss: 0.4041 | DDIM Loss: 0.0077
Client 12 (EMNIST) | Target Loss: 0.3802 | DDIM Loss: 0.0076
Client 13 (EMNIST) | Target Loss: 0.2501 | DDIM Loss: 0.0077
Client 14 (EMNIST) | Target Loss: 0.2310 | DDIM Loss: 0.0077
Client 15 (EMNIST) | Target Loss: 0.4053 | DDIM Loss: 0.0077
Client 16 (EMNIST) | Target Loss: 0.5747 | DDIM Loss: 0.0077
Client 17 (EMNIST) | Target Loss: 0.3380 | DDIM Loss: 0.0076
Client 18 (EMNIST) | Target Loss: 0.2183 | DDIM Loss: 0.0077
Client 19 (EMNIST) | Target Loss: 0.4171 | DDIM Loss: 0.0077
Client 20 (EMNIST) | Target Loss: 0.4602 | DDIM Loss: 0.0077
Client 22 (CIFAR10) | Target Loss: 0.4075 | DDIM Loss: 0.0354
Client 23 (CIFAR10) | Target Loss: 0.8850 | DDIM Loss: 0.0365
Client 24 (CIFAR10) | Target Loss: 0.4444 | DDIM Loss: 0.0355
Client 25 (CIFAR10) | Target Loss: 0.2405 | DDIM Loss: 0.0347
Client 26 (CIFAR10) | Target Loss: 1.0022 | DDIM Loss: 0.0364
Client 27 (CIFAR10) | Target Loss: 1.3110 | DDIM Loss: 0.0364
Client 28 (CIFAR10) | Target Loss: 1.1637 | DDIM Loss: 0.0351
Client 29 (CIFAR10) | Target Loss: 0.5431 | DDIM Loss: 0.0367
Client 30 (CIFAR10) | Target Loss: 1.2690 | DDIM Loss: 0.0356
Client 31 (CIFAR10) | Target Loss: 1.4224 | DDIM Loss: 0.0365
Selected client ids: [0, 1, 2, 3, 4, 5, 6, 7, 8, 9, 10, 11, 12, 13, 14, 15, 16, 17, 18, 19, 20, 21, 22, 23, 24, 25, 26, 27, 28, 29]
--- Round 16 ---
Client 0 (MNIST) | Target Loss: 0.0660 | DDIM Loss: 0.0101
Client 1 (MNIST) | Target Loss: 0.0241 | DDIM Loss: 0.0103
Client 2 (MNIST) | Target Loss: 0.0231 | DDIM Loss: 0.0102
Client 3 (MNIST) | Target Loss: 0.0589 | DDIM Loss: 0.0098
Client 4 (MNIST) | Target Loss: 0.0874 | DDIM Loss: 0.0105
Client 5 (MNIST) | Target Loss: 0.3136 | DDIM Loss: 0.0111
Client 6 (MNIST) | Target Loss: 0.0268 | DDIM Loss: 0.0101
Client 7 (MNIST) | Target Loss: 0.0218 | DDIM Loss: 0.0102
Client 8 (MNIST) | Target Loss: 0.8371 | DDIM Loss: 0.0100
Client 9 (MNIST) | Target Loss: 0.0710 | DDIM Loss: 0.0104
Client 11 (EMNIST) | Target Loss: 0.4020 | DDIM Loss: 0.0076
Client 12 (EMNIST) | Target Loss: 0.3708 | DDIM Loss: 0.0076
Client 13 (EMNIST) | Target Loss: 0.2337 | DDIM Loss: 0.0076
Client 14 (EMNIST) | Target Loss: 0.2123 | DDIM Loss: 0.0076
Client 15 (EMNIST) | Target Loss: 0.4043 | DDIM Loss: 0.0076
Client 16 (EMNIST) | Target Loss: 0.5575 | DDIM Loss: 0.0076
Client 17 (EMNIST) | Target Loss: 0.3281 | DDIM Loss: 0.0077
Client 18 (EMNIST) | Target Loss: 0.2072 | DDIM Loss: 0.0076
Client 19 (EMNIST) | Target Loss: 0.4066 | DDIM Loss: 0.0076
Client 20 (EMNIST) | Target Loss: 0.4570 | DDIM Loss: 0.0077
Client 22 (CIFAR10) | Target Loss: 0.3378 | DDIM Loss: 0.0341
Client 23 (CIFAR10) | Target Loss: 0.8555 | DDIM Loss: 0.0355
Client 24 (CIFAR10) | Target Loss: 0.3131 | DDIM Loss: 0.0360
Client 25 (CIFAR10) | Target Loss: 0.2051 | DDIM Loss: 0.0363
Client 26 (CIFAR10) | Target Loss: 0.9574 | DDIM Loss: 0.0356
Client 27 (CIFAR10) | Target Loss: 1.2900 | DDIM Loss: 0.0355
Client 28 (CIFAR10) | Target Loss: 1.1430 | DDIM Loss: 0.0360
Client 29 (CIFAR10) | Target Loss: 0.4468 | DDIM Loss: 0.0366
Client 30 (CIFAR10) | Target Loss: 1.1814 | DDIM Loss: 0.0362
Client 31 (CIFAR10) | Target Loss: 1.3468 | DDIM Loss: 0.0346
Selected client ids: [0, 1, 2, 3, 4, 5, 6, 7, 8, 9, 10, 11, 12, 13, 14, 15, 16, 17, 18, 19, 20, 21, 22, 23, 24, 25, 26, 27, 28, 29]
--- Round 17 ---
Client 0 (MNIST) | Target Loss: 0.0784 | DDIM Loss: 0.0100
Client 1 (MNIST) | Target Loss: 0.0197 | DDIM Loss: 0.0096
Client 2 (MNIST) | Target Loss: 0.0413 | DDIM Loss: 0.0102
Client 3 (MNIST) | Target Loss: 0.0938 | DDIM Loss: 0.0099
Client 4 (MNIST) | Target Loss: 0.0780 | DDIM Loss: 0.0098
Client 5 (MNIST) | Target Loss: 0.3002 | DDIM Loss: 0.0102
Client 6 (MNIST) | Target Loss: 0.0231 | DDIM Loss: 0.0096
Client 7 (MNIST) | Target Loss: 0.0158 | DDIM Loss: 0.0105
Client 8 (MNIST) | Target Loss: 0.7524 | DDIM Loss: 0.0101
Client 9 (MNIST) | Target Loss: 0.1039 | DDIM Loss: 0.0099
Client 11 (EMNIST) | Target Loss: 0.3880 | DDIM Loss: 0.0076
Client 12 (EMNIST) | Target Loss: 0.3644 | DDIM Loss: 0.0075
Client 13 (EMNIST) | Target Loss: 0.2185 | DDIM Loss: 0.0076
Client 14 (EMNIST) | Target Loss: 0.1999 | DDIM Loss: 0.0076
Client 15 (EMNIST) | Target Loss: 0.3949 | DDIM Loss: 0.0076
Client 16 (EMNIST) | Target Loss: 0.5504 | DDIM Loss: 0.0076
Client 17 (EMNIST) | Target Loss: 0.3222 | DDIM Loss: 0.0075
Client 18 (EMNIST) | Target Loss: 0.1895 | DDIM Loss: 0.0075
Client 19 (EMNIST) | Target Loss: 0.4026 | DDIM Loss: 0.0076
Client 20 (EMNIST) | Target Loss: 0.4545 | DDIM Loss: 0.0076
Client 22 (CIFAR10) | Target Loss: 0.3246 | DDIM Loss: 0.0366
Client 23 (CIFAR10) | Target Loss: 0.8004 | DDIM Loss: 0.0352
Client 24 (CIFAR10) | Target Loss: 0.2722 | DDIM Loss: 0.0350
Client 25 (CIFAR10) | Target Loss: 0.2204 | DDIM Loss: 0.0346
Client 26 (CIFAR10) | Target Loss: 0.8778 | DDIM Loss: 0.0352
Client 27 (CIFAR10) | Target Loss: 1.2756 | DDIM Loss: 0.0349
Client 28 (CIFAR10) | Target Loss: 1.1125 | DDIM Loss: 0.0359
Client 29 (CIFAR10) | Target Loss: 0.3769 | DDIM Loss: 0.0361
Client 30 (CIFAR10) | Target Loss: 1.1481 | DDIM Loss: 0.0360
Client 31 (CIFAR10) | Target Loss: 1.3499 | DDIM Loss: 0.0360
Selected client ids: [0, 1, 2, 3, 4, 5, 6, 7, 8, 9, 10, 11, 12, 13, 14, 15, 16, 17, 18, 19, 20, 21, 22, 23, 24, 25, 26, 27, 28, 29]
--- Round 18 ---
Client 0 (MNIST) | Target Loss: 0.0810 | DDIM Loss: 0.0100
Client 1 (MNIST) | Target Loss: 0.0180 | DDIM Loss: 0.0098
Client 2 (MNIST) | Target Loss: 0.0121 | DDIM Loss: 0.0103
Client 3 (MNIST) | Target Loss: 0.0469 | DDIM Loss: 0.0123
Client 4 (MNIST) | Target Loss: 0.0660 | DDIM Loss: 0.0098
Client 5 (MNIST) | Target Loss: 0.2920 | DDIM Loss: 0.0097
Client 6 (MNIST) | Target Loss: 0.0202 | DDIM Loss: 0.0098
Client 7 (MNIST) | Target Loss: 0.0256 | DDIM Loss: 0.0097
Client 8 (MNIST) | Target Loss: 1.0216 | DDIM Loss: 0.0098
Client 9 (MNIST) | Target Loss: 0.0807 | DDIM Loss: 0.0099
Client 11 (EMNIST) | Target Loss: 0.3912 | DDIM Loss: 0.0076
Client 12 (EMNIST) | Target Loss: 0.3576 | DDIM Loss: 0.0076
Client 13 (EMNIST) | Target Loss: 0.2032 | DDIM Loss: 0.0075
Client 14 (EMNIST) | Target Loss: 0.1787 | DDIM Loss: 0.0075
Client 15 (EMNIST) | Target Loss: 0.3899 | DDIM Loss: 0.0075
Client 16 (EMNIST) | Target Loss: 0.5383 | DDIM Loss: 0.0075
Client 17 (EMNIST) | Target Loss: 0.3182 | DDIM Loss: 0.0076
Client 18 (EMNIST) | Target Loss: 0.1787 | DDIM Loss: 0.0075
Client 19 (EMNIST) | Target Loss: 0.3940 | DDIM Loss: 0.0075
Client 20 (EMNIST) | Target Loss: 0.4476 | DDIM Loss: 0.0076
Client 22 (CIFAR10) | Target Loss: 0.3092 | DDIM Loss: 0.0350
Client 23 (CIFAR10) | Target Loss: 0.7827 | DDIM Loss: 0.0356
Client 24 (CIFAR10) | Target Loss: 0.1789 | DDIM Loss: 0.0356
Client 25 (CIFAR10) | Target Loss: 0.1335 | DDIM Loss: 0.0348
Client 26 (CIFAR10) | Target Loss: 0.8324 | DDIM Loss: 0.0348
Client 27 (CIFAR10) | Target Loss: 1.2523 | DDIM Loss: 0.0355
Client 28 (CIFAR10) | Target Loss: 1.0858 | DDIM Loss: 0.0351
Client 29 (CIFAR10) | Target Loss: 0.3131 | DDIM Loss: 0.0360
Client 30 (CIFAR10) | Target Loss: 1.1258 | DDIM Loss: 0.0360
Client 31 (CIFAR10) | Target Loss: 1.3271 | DDIM Loss: 0.0352
Selected client ids: [0, 1, 2, 3, 4, 5, 6, 7, 8, 9, 10, 11, 12, 13, 14, 15, 16, 17, 18, 19, 20, 21, 22, 23, 24, 25, 26, 27, 28, 29]
--- Round 19 ---
Client 0 (MNIST) | Target Loss: 0.0643 | DDIM Loss: 0.0097
Client 1 (MNIST) | Target Loss: 0.0137 | DDIM Loss: 0.0098
Client 2 (MNIST) | Target Loss: 0.0101 | DDIM Loss: 0.0099
Client 3 (MNIST) | Target Loss: 0.0499 | DDIM Loss: 0.0096
Client 4 (MNIST) | Target Loss: 0.0628 | DDIM Loss: 0.0098
Client 5 (MNIST) | Target Loss: 0.2250 | DDIM Loss: 0.0097
Client 6 (MNIST) | Target Loss: 0.0110 | DDIM Loss: 0.0097
Client 7 (MNIST) | Target Loss: 0.0146 | DDIM Loss: 0.0098
Client 8 (MNIST) | Target Loss: 0.8648 | DDIM Loss: 0.0098
Client 9 (MNIST) | Target Loss: 0.0669 | DDIM Loss: 0.0099
Client 11 (EMNIST) | Target Loss: 0.3808 | DDIM Loss: 0.0075
Client 12 (EMNIST) | Target Loss: 0.3517 | DDIM Loss: 0.0075
Client 13 (EMNIST) | Target Loss: 0.1878 | DDIM Loss: 0.0075
Client 14 (EMNIST) | Target Loss: 0.1603 | DDIM Loss: 0.0074
Client 15 (EMNIST) | Target Loss: 0.3793 | DDIM Loss: 0.0075
Client 16 (EMNIST) | Target Loss: 0.5324 | DDIM Loss: 0.0074
Client 17 (EMNIST) | Target Loss: 0.3119 | DDIM Loss: 0.0075
Client 18 (EMNIST) | Target Loss: 0.1685 | DDIM Loss: 0.0075
Client 19 (EMNIST) | Target Loss: 0.3906 | DDIM Loss: 0.0075
Client 20 (EMNIST) | Target Loss: 0.4456 | DDIM Loss: 0.0076
Client 22 (CIFAR10) | Target Loss: 0.3028 | DDIM Loss: 0.0355
Client 23 (CIFAR10) | Target Loss: 0.7683 | DDIM Loss: 0.0359
Client 24 (CIFAR10) | Target Loss: 0.1826 | DDIM Loss: 0.0356
Client 25 (CIFAR10) | Target Loss: 0.0673 | DDIM Loss: 0.0356
Client 26 (CIFAR10) | Target Loss: 0.7858 | DDIM Loss: 0.0349
Client 27 (CIFAR10) | Target Loss: 1.2275 | DDIM Loss: 0.0349
Client 28 (CIFAR10) | Target Loss: 1.0434 | DDIM Loss: 0.0343
Client 29 (CIFAR10) | Target Loss: 0.1997 | DDIM Loss: 0.0354
Client 30 (CIFAR10) | Target Loss: 1.0996 | DDIM Loss: 0.0355
Client 31 (CIFAR10) | Target Loss: 1.2447 | DDIM Loss: 0.0353
Selected client ids: [0, 1, 2, 3, 4, 5, 6, 7, 8, 9, 10, 11, 12, 13, 14, 15, 16, 17, 18, 19, 20, 21, 22, 23, 24, 25, 26, 27, 28, 29]
--- Round 20 ---
Client 0 (MNIST) | Target Loss: 0.0663 | DDIM Loss: 0.0099
Client 1 (MNIST) | Target Loss: 0.0225 | DDIM Loss: 0.0097
Client 2 (MNIST) | Target Loss: 0.0019 | DDIM Loss: 0.0096
Client 3 (MNIST) | Target Loss: 0.0092 | DDIM Loss: 0.0099
Client 4 (MNIST) | Target Loss: 0.0606 | DDIM Loss: 0.0098
Client 5 (MNIST) | Target Loss: 0.2266 | DDIM Loss: 0.0096
Client 6 (MNIST) | Target Loss: 0.0183 | DDIM Loss: 0.0094
Client 7 (MNIST) | Target Loss: 0.0031 | DDIM Loss: 0.0094
Client 8 (MNIST) | Target Loss: 0.7690 | DDIM Loss: 0.0095
Client 9 (MNIST) | Target Loss: 0.0754 | DDIM Loss: 0.0098
Client 11 (EMNIST) | Target Loss: 0.3792 | DDIM Loss: 0.0075
Client 12 (EMNIST) | Target Loss: 0.3471 | DDIM Loss: 0.0074
Client 13 (EMNIST) | Target Loss: 0.1705 | DDIM Loss: 0.0075
Client 14 (EMNIST) | Target Loss: 0.1413 | DDIM Loss: 0.0074
Client 15 (EMNIST) | Target Loss: 0.3769 | DDIM Loss: 0.0074
Client 16 (EMNIST) | Target Loss: 0.5250 | DDIM Loss: 0.0074
Client 17 (EMNIST) | Target Loss: 0.3072 | DDIM Loss: 0.0074
Client 18 (EMNIST) | Target Loss: 0.1539 | DDIM Loss: 0.0075
Client 19 (EMNIST) | Target Loss: 0.3834 | DDIM Loss: 0.0075
Client 20 (EMNIST) | Target Loss: 0.4421 | DDIM Loss: 0.0075
Client 22 (CIFAR10) | Target Loss: 0.2412 | DDIM Loss: 0.0353
Client 23 (CIFAR10) | Target Loss: 0.7330 | DDIM Loss: 0.0351
Client 24 (CIFAR10) | Target Loss: 0.1252 | DDIM Loss: 0.0350
Client 25 (CIFAR10) | Target Loss: 0.0527 | DDIM Loss: 0.0338
Client 26 (CIFAR10) | Target Loss: 0.7591 | DDIM Loss: 0.0354
Client 27 (CIFAR10) | Target Loss: 1.2147 | DDIM Loss: 0.0343
Client 28 (CIFAR10) | Target Loss: 1.0008 | DDIM Loss: 0.0345
Client 29 (CIFAR10) | Target Loss: 0.2089 | DDIM Loss: 0.0358
Client 30 (CIFAR10) | Target Loss: 1.0085 | DDIM Loss: 0.0358
Client 31 (CIFAR10) | Target Loss: 1.1929 | DDIM Loss: 0.0347
[Server] Performing Name-Based Label Mapping...
[Server] Name-based mapping completed. Found 72 unique global classes.

=========================================================================================================
Global ID  | Class Name           | Mapped Datasets (Local ID)
---------------------------------------------------------------------------------------------------------
0          | 0                    | MNIST(0), EMNIST(0)
1          | 1                    | MNIST(1), EMNIST(1)
2          | 2                    | MNIST(2), EMNIST(2)
3          | 3                    | MNIST(3), EMNIST(3)
4          | 4                    | MNIST(4), EMNIST(4)
5          | 5                    | MNIST(5), EMNIST(5)
6          | 6                    | MNIST(6), EMNIST(6)
7          | 7                    | MNIST(7), EMNIST(7)
8          | 8                    | MNIST(8), EMNIST(8)
9          | 9                    | MNIST(9), EMNIST(9)
10         | A                    | EMNIST(10)
11         | B                    | EMNIST(11)
12         | C                    | EMNIST(12)
13         | D                    | EMNIST(13)
14         | E                    | EMNIST(14)
15         | F                    | EMNIST(15)
16         | G                    | EMNIST(16)
17         | H                    | EMNIST(17)
18         | I                    | EMNIST(18)
19         | J                    | EMNIST(19)
20         | K                    | EMNIST(20)
21         | L                    | EMNIST(21)
22         | M                    | EMNIST(22)
23         | N                    | EMNIST(23)
24         | O                    | EMNIST(24)
25         | P                    | EMNIST(25)
26         | Q                    | EMNIST(26)
27         | R                    | EMNIST(27)
28         | S                    | EMNIST(28)
29         | T                    | EMNIST(29)
30         | U                    | EMNIST(30)
31         | V                    | EMNIST(31)
32         | W                    | EMNIST(32)
33         | X                    | EMNIST(33)
34         | Y                    | EMNIST(34)
35         | Z                    | EMNIST(35)
36         | a                    | EMNIST(36)
37         | airplane             | CIFAR10(0)
38         | automobile           | CIFAR10(1)
39         | b                    | EMNIST(37)
40         | bird                 | CIFAR10(2)
41         | c                    | EMNIST(38)
42         | cat                  | CIFAR10(3)
43         | d                    | EMNIST(39)
44         | deer                 | CIFAR10(4)
45         | dog                  | CIFAR10(5)
46         | e                    | EMNIST(40)
47         | f                    | EMNIST(41)
48         | frog                 | CIFAR10(6)
49         | g                    | EMNIST(42)
50         | h                    | EMNIST(43)
51         | horse                | CIFAR10(7)
52         | i                    | EMNIST(44)
53         | j                    | EMNIST(45)
54         | k                    | EMNIST(46)
55         | l                    | EMNIST(47)
56         | m                    | EMNIST(48)
57         | n                    | EMNIST(49)
58         | o                    | EMNIST(50)
59         | p                    | EMNIST(51)
60         | q                    | EMNIST(52)
61         | r                    | EMNIST(53)
62         | s                    | EMNIST(54)
63         | ship                 | CIFAR10(8)
64         | t                    | EMNIST(55)
65         | truck                | CIFAR10(9)
66         | u                    | EMNIST(56)
67         | v                    | EMNIST(57)
68         | w                    | EMNIST(58)
69         | x                    | EMNIST(59)
70         | y                    | EMNIST(60)
71         | z                    | EMNIST(61)
=========================================================================================================

Initializing Global Inference Model with 72 classes...
Epoch 0 Loss: 3.5064
Epoch 1 Loss: 2.3688
Epoch 2 Loss: 1.7389
Epoch 3 Loss: 1.3533
Epoch 4 Loss: 1.0846
[Server] Global Inference Model Acc (MNIST) (Round 20): 1.98% (Tested on 9095 samples)
[Server] Global Inference Model Acc (EMNIST) (Round 20): 11.52% (Tested on 105779 samples)
[Server] Global Inference Model Acc (CIFAR10) (Round 20): 27.35% (Tested on 9100 samples)
[Server] Global Inference Model Acc (Mix) (Round 20): 11.99% (Tested on 123974 samples)
Selected client ids: [0, 1, 2, 3, 4, 5, 6, 7, 8, 9, 10, 11, 12, 13, 14, 15, 16, 17, 18, 19, 20, 21, 22, 23, 24, 25, 26, 27, 28, 29]
--- Round 21 ---
Client 0 (MNIST) | Target Loss: 0.0000 | DDIM Loss: 0.0094
Client 1 (MNIST) | Target Loss: 0.0000 | DDIM Loss: 0.0096
Client 2 (MNIST) | Target Loss: 0.0000 | DDIM Loss: 0.0097
Client 3 (MNIST) | Target Loss: 0.0000 | DDIM Loss: 0.0090
Client 4 (MNIST) | Target Loss: 0.0000 | DDIM Loss: 0.0096
Client 5 (MNIST) | Target Loss: 0.0000 | DDIM Loss: 0.0105
Client 6 (MNIST) | Target Loss: 0.0000 | DDIM Loss: 0.0092
Client 7 (MNIST) | Target Loss: 0.0000 | DDIM Loss: 0.0095
Client 8 (MNIST) | Target Loss: 0.0000 | DDIM Loss: 0.0097
Client 9 (MNIST) | Target Loss: 0.0000 | DDIM Loss: 0.0095
Client 11 (EMNIST) | Target Loss: 0.0000 | DDIM Loss: 0.0074
Client 12 (EMNIST) | Target Loss: 0.0000 | DDIM Loss: 0.0074
Client 13 (EMNIST) | Target Loss: 0.0000 | DDIM Loss: 0.0074
Client 14 (EMNIST) | Target Loss: 0.0000 | DDIM Loss: 0.0074
Client 15 (EMNIST) | Target Loss: 0.0000 | DDIM Loss: 0.0074
Client 16 (EMNIST) | Target Loss: 0.0000 | DDIM Loss: 0.0074
Client 17 (EMNIST) | Target Loss: 0.0000 | DDIM Loss: 0.0074
Client 18 (EMNIST) | Target Loss: 0.0000 | DDIM Loss: 0.0074
Client 19 (EMNIST) | Target Loss: 0.0000 | DDIM Loss: 0.0074
Client 20 (EMNIST) | Target Loss: 0.0000 | DDIM Loss: 0.0074
Client 22 (CIFAR10) | Target Loss: 0.0000 | DDIM Loss: 0.0351
Client 23 (CIFAR10) | Target Loss: 0.0000 | DDIM Loss: 0.0354
Client 24 (CIFAR10) | Target Loss: 0.0000 | DDIM Loss: 0.0343
Client 25 (CIFAR10) | Target Loss: 0.0000 | DDIM Loss: 0.0345
Client 26 (CIFAR10) | Target Loss: 0.0000 | DDIM Loss: 0.0348
Client 27 (CIFAR10) | Target Loss: 0.0000 | DDIM Loss: 0.0341
Client 28 (CIFAR10) | Target Loss: 0.0000 | DDIM Loss: 0.0349
Client 29 (CIFAR10) | Target Loss: 0.0000 | DDIM Loss: 0.0349
Client 30 (CIFAR10) | Target Loss: 0.0000 | DDIM Loss: 0.0361
Client 31 (CIFAR10) | Target Loss: 0.0000 | DDIM Loss: 0.0351
Epoch 0 Loss: 1.3503
Epoch 1 Loss: 0.9887
Epoch 2 Loss: 0.8038
Epoch 3 Loss: 0.6488
Epoch 4 Loss: 0.5471
[Server] Global Inference Model Acc (MNIST) (Round 21): 9.63% (Tested on 9095 samples)
[Server] Global Inference Model Acc (EMNIST) (Round 21): 16.73% (Tested on 105779 samples)
[Server] Global Inference Model Acc (CIFAR10) (Round 21): 36.77% (Tested on 9100 samples)
[Server] Global Inference Model Acc (Mix) (Round 21): 17.68% (Tested on 123974 samples)
Selected client ids: [0, 1, 2, 3, 4, 5, 6, 7, 8, 9, 10, 11, 12, 13, 14, 15, 16, 17, 18, 19, 20, 21, 22, 23, 24, 25, 26, 27, 28, 29]
--- Round 22 ---
Client 0 (MNIST) | Target Loss: 0.0000 | DDIM Loss: 0.0093
Client 1 (MNIST) | Target Loss: 0.0000 | DDIM Loss: 0.0090
Client 2 (MNIST) | Target Loss: 0.0000 | DDIM Loss: 0.0094
Client 3 (MNIST) | Target Loss: 0.0000 | DDIM Loss: 0.0091
Client 4 (MNIST) | Target Loss: 0.0000 | DDIM Loss: 0.0093
Client 5 (MNIST) | Target Loss: 0.0000 | DDIM Loss: 0.0121
Client 6 (MNIST) | Target Loss: 0.0000 | DDIM Loss: 0.0091
Client 7 (MNIST) | Target Loss: 0.0000 | DDIM Loss: 0.0091
Client 8 (MNIST) | Target Loss: 0.0000 | DDIM Loss: 0.0106
Client 9 (MNIST) | Target Loss: 0.0000 | DDIM Loss: 0.0095
Client 11 (EMNIST) | Target Loss: 0.0000 | DDIM Loss: 0.0074
Client 12 (EMNIST) | Target Loss: 0.0000 | DDIM Loss: 0.0073
Client 13 (EMNIST) | Target Loss: 0.0000 | DDIM Loss: 0.0074
Client 14 (EMNIST) | Target Loss: 0.0000 | DDIM Loss: 0.0074
Client 15 (EMNIST) | Target Loss: 0.0000 | DDIM Loss: 0.0073
Client 16 (EMNIST) | Target Loss: 0.0000 | DDIM Loss: 0.0074
Client 17 (EMNIST) | Target Loss: 0.0000 | DDIM Loss: 0.0074
Client 18 (EMNIST) | Target Loss: 0.0000 | DDIM Loss: 0.0074
Client 19 (EMNIST) | Target Loss: 0.0000 | DDIM Loss: 0.0074
Client 20 (EMNIST) | Target Loss: 0.0000 | DDIM Loss: 0.0074
Client 22 (CIFAR10) | Target Loss: 0.0000 | DDIM Loss: 0.0344
Client 23 (CIFAR10) | Target Loss: 0.0000 | DDIM Loss: 0.0355
Client 24 (CIFAR10) | Target Loss: 0.0000 | DDIM Loss: 0.0358
Client 25 (CIFAR10) | Target Loss: 0.0000 | DDIM Loss: 0.0343
Client 26 (CIFAR10) | Target Loss: 0.0000 | DDIM Loss: 0.0349
Client 27 (CIFAR10) | Target Loss: 0.0000 | DDIM Loss: 0.0348
Client 28 (CIFAR10) | Target Loss: 0.0000 | DDIM Loss: 0.0349
Client 29 (CIFAR10) | Target Loss: 0.0000 | DDIM Loss: 0.0349
Client 30 (CIFAR10) | Target Loss: 0.0000 | DDIM Loss: 0.0349
Client 31 (CIFAR10) | Target Loss: 0.0000 | DDIM Loss: 0.0351
Epoch 0 Loss: 1.0580
Epoch 1 Loss: 0.6618
Epoch 2 Loss: 0.5144
Epoch 3 Loss: 0.4110
Epoch 4 Loss: 0.3301
[Server] Global Inference Model Acc (MNIST) (Round 22): 38.78% (Tested on 9095 samples)
[Server] Global Inference Model Acc (EMNIST) (Round 22): 47.68% (Tested on 105779 samples)
[Server] Global Inference Model Acc (CIFAR10) (Round 22): 37.13% (Tested on 9100 samples)
[Server] Global Inference Model Acc (Mix) (Round 22): 46.25% (Tested on 123974 samples)
Selected client ids: [0, 1, 2, 3, 4, 5, 6, 7, 8, 9, 10, 11, 12, 13, 14, 15, 16, 17, 18, 19, 20, 21, 22, 23, 24, 25, 26, 27, 28, 29]
--- Round 23 ---
Client 0 (MNIST) | Target Loss: 0.0000 | DDIM Loss: 0.0097
Client 1 (MNIST) | Target Loss: 0.0000 | DDIM Loss: 0.0092
Client 2 (MNIST) | Target Loss: 0.0000 | DDIM Loss: 0.0094
Client 3 (MNIST) | Target Loss: 0.0000 | DDIM Loss: 0.0094
Client 4 (MNIST) | Target Loss: 0.0000 | DDIM Loss: 0.0092
Client 5 (MNIST) | Target Loss: 0.0000 | DDIM Loss: 0.0091
Client 6 (MNIST) | Target Loss: 0.0000 | DDIM Loss: 0.0090
Client 7 (MNIST) | Target Loss: 0.0000 | DDIM Loss: 0.0092
Client 8 (MNIST) | Target Loss: 0.0000 | DDIM Loss: 0.0091
Client 9 (MNIST) | Target Loss: 0.0000 | DDIM Loss: 0.0094
Client 11 (EMNIST) | Target Loss: 0.0000 | DDIM Loss: 0.0074
Client 12 (EMNIST) | Target Loss: 0.0000 | DDIM Loss: 0.0073
Client 13 (EMNIST) | Target Loss: 0.0000 | DDIM Loss: 0.0073
Client 14 (EMNIST) | Target Loss: 0.0000 | DDIM Loss: 0.0073
Client 15 (EMNIST) | Target Loss: 0.0000 | DDIM Loss: 0.0073
Client 16 (EMNIST) | Target Loss: 0.0000 | DDIM Loss: 0.0073
Client 17 (EMNIST) | Target Loss: 0.0000 | DDIM Loss: 0.0073
Client 18 (EMNIST) | Target Loss: 0.0000 | DDIM Loss: 0.0073
Client 19 (EMNIST) | Target Loss: 0.0000 | DDIM Loss: 0.0074
Client 20 (EMNIST) | Target Loss: 0.0000 | DDIM Loss: 0.0074
Client 22 (CIFAR10) | Target Loss: 0.0000 | DDIM Loss: 0.0341
Client 23 (CIFAR10) | Target Loss: 0.0000 | DDIM Loss: 0.0351
Client 24 (CIFAR10) | Target Loss: 0.0000 | DDIM Loss: 0.0345
Client 25 (CIFAR10) | Target Loss: 0.0000 | DDIM Loss: 0.0346
Client 26 (CIFAR10) | Target Loss: 0.0000 | DDIM Loss: 0.0341
Client 27 (CIFAR10) | Target Loss: 0.0000 | DDIM Loss: 0.0344
Client 28 (CIFAR10) | Target Loss: 0.0000 | DDIM Loss: 0.0345
Client 29 (CIFAR10) | Target Loss: 0.0000 | DDIM Loss: 0.0348
Client 30 (CIFAR10) | Target Loss: 0.0000 | DDIM Loss: 0.0345
Client 31 (CIFAR10) | Target Loss: 0.0000 | DDIM Loss: 0.0345
Epoch 0 Loss: 1.0724
Epoch 1 Loss: 0.6300
Epoch 2 Loss: 0.4503
Epoch 3 Loss: 0.3486
Epoch 4 Loss: 0.2737
[Server] Global Inference Model Acc (MNIST) (Round 23): 0.00% (Tested on 9095 samples)
[Server] Global Inference Model Acc (EMNIST) (Round 23): 4.91% (Tested on 105779 samples)
[Server] Global Inference Model Acc (CIFAR10) (Round 23): 39.36% (Tested on 9100 samples)
[Server] Global Inference Model Acc (Mix) (Round 23): 7.08% (Tested on 123974 samples)
Selected client ids: [0, 1, 2, 3, 4, 5, 6, 7, 8, 9, 10, 11, 12, 13, 14, 15, 16, 17, 18, 19, 20, 21, 22, 23, 24, 25, 26, 27, 28, 29]
--- Round 24 ---
Client 0 (MNIST) | Target Loss: 0.0000 | DDIM Loss: 0.0092
Client 1 (MNIST) | Target Loss: 0.0000 | DDIM Loss: 0.0091
Client 2 (MNIST) | Target Loss: 0.0000 | DDIM Loss: 0.0090
Client 3 (MNIST) | Target Loss: 0.0000 | DDIM Loss: 0.0091
Client 4 (MNIST) | Target Loss: 0.0000 | DDIM Loss: 0.0091
Client 5 (MNIST) | Target Loss: 0.0000 | DDIM Loss: 0.0089
Client 6 (MNIST) | Target Loss: 0.0000 | DDIM Loss: 0.0090
Client 7 (MNIST) | Target Loss: 0.0000 | DDIM Loss: 0.0092
Client 8 (MNIST) | Target Loss: 0.0000 | DDIM Loss: 0.0090
Client 9 (MNIST) | Target Loss: 0.0000 | DDIM Loss: 0.0095
Client 11 (EMNIST) | Target Loss: 0.0000 | DDIM Loss: 0.0073
Client 12 (EMNIST) | Target Loss: 0.0000 | DDIM Loss: 0.0073
Client 13 (EMNIST) | Target Loss: 0.0000 | DDIM Loss: 0.0073
Client 14 (EMNIST) | Target Loss: 0.0000 | DDIM Loss: 0.0073
Client 15 (EMNIST) | Target Loss: 0.0000 | DDIM Loss: 0.0073
Client 16 (EMNIST) | Target Loss: 0.0000 | DDIM Loss: 0.0073
Client 17 (EMNIST) | Target Loss: 0.0000 | DDIM Loss: 0.0073
Client 18 (EMNIST) | Target Loss: 0.0000 | DDIM Loss: 0.0073
Client 19 (EMNIST) | Target Loss: 0.0000 | DDIM Loss: 0.0073
Client 20 (EMNIST) | Target Loss: 0.0000 | DDIM Loss: 0.0073
Client 22 (CIFAR10) | Target Loss: 0.0000 | DDIM Loss: 0.0338
Client 23 (CIFAR10) | Target Loss: 0.0000 | DDIM Loss: 0.0342
Client 24 (CIFAR10) | Target Loss: 0.0000 | DDIM Loss: 0.0350
Client 25 (CIFAR10) | Target Loss: 0.0000 | DDIM Loss: 0.0345
Client 26 (CIFAR10) | Target Loss: 0.0000 | DDIM Loss: 0.0351
Client 27 (CIFAR10) | Target Loss: 0.0000 | DDIM Loss: 0.0345
Client 28 (CIFAR10) | Target Loss: 0.0000 | DDIM Loss: 0.0339
Client 29 (CIFAR10) | Target Loss: 0.0000 | DDIM Loss: 0.0340
Client 30 (CIFAR10) | Target Loss: 0.0000 | DDIM Loss: 0.0349
Client 31 (CIFAR10) | Target Loss: 0.0000 | DDIM Loss: 0.0352
Epoch 0 Loss: 1.0910
Epoch 1 Loss: 0.5630
Epoch 2 Loss: 0.4148
Epoch 3 Loss: 0.3085
Epoch 4 Loss: 0.2333
[Server] Global Inference Model Acc (MNIST) (Round 24): 26.14% (Tested on 9095 samples)
[Server] Global Inference Model Acc (EMNIST) (Round 24): 38.08% (Tested on 105779 samples)
[Server] Global Inference Model Acc (CIFAR10) (Round 24): 39.91% (Tested on 9100 samples)
[Server] Global Inference Model Acc (Mix) (Round 24): 37.34% (Tested on 123974 samples)
Selected client ids: [0, 1, 2, 3, 4, 5, 6, 7, 8, 9, 10, 11, 12, 13, 14, 15, 16, 17, 18, 19, 20, 21, 22, 23, 24, 25, 26, 27, 28, 29]
--- Round 25 ---
Client 0 (MNIST) | Target Loss: 0.0000 | DDIM Loss: 0.0089
Client 1 (MNIST) | Target Loss: 0.0000 | DDIM Loss: 0.0090
Client 2 (MNIST) | Target Loss: 0.0000 | DDIM Loss: 0.0090
Client 3 (MNIST) | Target Loss: 0.0000 | DDIM Loss: 0.0092
Client 4 (MNIST) | Target Loss: 0.0000 | DDIM Loss: 0.0092
Client 5 (MNIST) | Target Loss: 0.0000 | DDIM Loss: 0.0110
Client 6 (MNIST) | Target Loss: 0.0000 | DDIM Loss: 0.0088
Client 7 (MNIST) | Target Loss: 0.0000 | DDIM Loss: 0.0092
Client 8 (MNIST) | Target Loss: 0.0000 | DDIM Loss: 0.0101
Client 9 (MNIST) | Target Loss: 0.0000 | DDIM Loss: 0.0090
Client 11 (EMNIST) | Target Loss: 0.0000 | DDIM Loss: 0.0073
Client 12 (EMNIST) | Target Loss: 0.0000 | DDIM Loss: 0.0073
Client 13 (EMNIST) | Target Loss: 0.0000 | DDIM Loss: 0.0073
Client 14 (EMNIST) | Target Loss: 0.0000 | DDIM Loss: 0.0073
Client 15 (EMNIST) | Target Loss: 0.0000 | DDIM Loss: 0.0072
Client 16 (EMNIST) | Target Loss: 0.0000 | DDIM Loss: 0.0072
Client 17 (EMNIST) | Target Loss: 0.0000 | DDIM Loss: 0.0073
Client 18 (EMNIST) | Target Loss: 0.0000 | DDIM Loss: 0.0073
Client 19 (EMNIST) | Target Loss: 0.0000 | DDIM Loss: 0.0073
Client 20 (EMNIST) | Target Loss: 0.0000 | DDIM Loss: 0.0073
Client 22 (CIFAR10) | Target Loss: 0.0000 | DDIM Loss: 0.0350
Client 23 (CIFAR10) | Target Loss: 0.0000 | DDIM Loss: 0.0359
Client 24 (CIFAR10) | Target Loss: 0.0000 | DDIM Loss: 0.0344
Client 25 (CIFAR10) | Target Loss: 0.0000 | DDIM Loss: 0.0345
Client 26 (CIFAR10) | Target Loss: 0.0000 | DDIM Loss: 0.0338
Client 27 (CIFAR10) | Target Loss: 0.0000 | DDIM Loss: 0.0339
Client 28 (CIFAR10) | Target Loss: 0.0000 | DDIM Loss: 0.0347
Client 29 (CIFAR10) | Target Loss: 0.0000 | DDIM Loss: 0.0350
Client 30 (CIFAR10) | Target Loss: 0.0000 | DDIM Loss: 0.0354
Client 31 (CIFAR10) | Target Loss: 0.0000 | DDIM Loss: 0.0346
Epoch 0 Loss: 1.0078
Epoch 1 Loss: 0.5404
Epoch 2 Loss: 0.3685
Epoch 3 Loss: 0.2495
Epoch 4 Loss: 0.1613
[Server] Global Inference Model Acc (MNIST) (Round 25): 33.22% (Tested on 9095 samples)
[Server] Global Inference Model Acc (EMNIST) (Round 25): 44.41% (Tested on 105779 samples)
[Server] Global Inference Model Acc (CIFAR10) (Round 25): 42.12% (Tested on 9100 samples)
[Server] Global Inference Model Acc (Mix) (Round 25): 43.42% (Tested on 123974 samples)
Selected client ids: [0, 1, 2, 3, 4, 5, 6, 7, 8, 9, 10, 11, 12, 13, 14, 15, 16, 17, 18, 19, 20, 21, 22, 23, 24, 25, 26, 27, 28, 29]
--- Round 26 ---
Client 0 (MNIST) | Target Loss: 0.0000 | DDIM Loss: 0.0091
Client 1 (MNIST) | Target Loss: 0.0000 | DDIM Loss: 0.0089
Client 2 (MNIST) | Target Loss: 0.0000 | DDIM Loss: 0.0093
Client 3 (MNIST) | Target Loss: 0.0000 | DDIM Loss: 0.0092
Client 4 (MNIST) | Target Loss: 0.0000 | DDIM Loss: 0.0091
Client 5 (MNIST) | Target Loss: 0.0000 | DDIM Loss: 0.0086
Client 6 (MNIST) | Target Loss: 0.0000 | DDIM Loss: 0.0090
Client 7 (MNIST) | Target Loss: 0.0000 | DDIM Loss: 0.0089
Client 8 (MNIST) | Target Loss: 0.0000 | DDIM Loss: 0.0101
Client 9 (MNIST) | Target Loss: 0.0000 | DDIM Loss: 0.0091
Client 11 (EMNIST) | Target Loss: 0.0000 | DDIM Loss: 0.0073
Client 12 (EMNIST) | Target Loss: 0.0000 | DDIM Loss: 0.0072
Client 13 (EMNIST) | Target Loss: 0.0000 | DDIM Loss: 0.0073
Client 14 (EMNIST) | Target Loss: 0.0000 | DDIM Loss: 0.0072
Client 15 (EMNIST) | Target Loss: 0.0000 | DDIM Loss: 0.0072
Client 16 (EMNIST) | Target Loss: 0.0000 | DDIM Loss: 0.0072
Client 17 (EMNIST) | Target Loss: 0.0000 | DDIM Loss: 0.0073
Client 18 (EMNIST) | Target Loss: 0.0000 | DDIM Loss: 0.0072
Client 19 (EMNIST) | Target Loss: 0.0000 | DDIM Loss: 0.0072
Client 20 (EMNIST) | Target Loss: 0.0000 | DDIM Loss: 0.0073
Client 22 (CIFAR10) | Target Loss: 0.0000 | DDIM Loss: 0.0337
Client 23 (CIFAR10) | Target Loss: 0.0000 | DDIM Loss: 0.0352
Client 24 (CIFAR10) | Target Loss: 0.0000 | DDIM Loss: 0.0346
Client 25 (CIFAR10) | Target Loss: 0.0000 | DDIM Loss: 0.0341
Client 26 (CIFAR10) | Target Loss: 0.0000 | DDIM Loss: 0.0343
Client 27 (CIFAR10) | Target Loss: 0.0000 | DDIM Loss: 0.0346
Client 28 (CIFAR10) | Target Loss: 0.0000 | DDIM Loss: 0.0338
Client 29 (CIFAR10) | Target Loss: 0.0000 | DDIM Loss: 0.0342
Client 30 (CIFAR10) | Target Loss: 0.0000 | DDIM Loss: 0.0336
Client 31 (CIFAR10) | Target Loss: 0.0000 | DDIM Loss: 0.0355
Epoch 0 Loss: 1.0087
Epoch 1 Loss: 0.5142
Epoch 2 Loss: 0.3220
Epoch 3 Loss: 0.2084
Epoch 4 Loss: 0.1422
[Server] Global Inference Model Acc (MNIST) (Round 26): 34.14% (Tested on 9095 samples)
[Server] Global Inference Model Acc (EMNIST) (Round 26): 42.39% (Tested on 105779 samples)
[Server] Global Inference Model Acc (CIFAR10) (Round 26): 43.05% (Tested on 9100 samples)
[Server] Global Inference Model Acc (Mix) (Round 26): 41.83% (Tested on 123974 samples)
Selected client ids: [0, 1, 2, 3, 4, 5, 6, 7, 8, 9, 10, 11, 12, 13, 14, 15, 16, 17, 18, 19, 20, 21, 22, 23, 24, 25, 26, 27, 28, 29]
--- Round 27 ---
Client 0 (MNIST) | Target Loss: 0.0000 | DDIM Loss: 0.0088
Client 1 (MNIST) | Target Loss: 0.0000 | DDIM Loss: 0.0088
Client 2 (MNIST) | Target Loss: 0.0000 | DDIM Loss: 0.0088
Client 3 (MNIST) | Target Loss: 0.0000 | DDIM Loss: 0.0086
Client 4 (MNIST) | Target Loss: 0.0000 | DDIM Loss: 0.0088
Client 5 (MNIST) | Target Loss: 0.0000 | DDIM Loss: 0.0088
Client 6 (MNIST) | Target Loss: 0.0000 | DDIM Loss: 0.0089
Client 7 (MNIST) | Target Loss: 0.0000 | DDIM Loss: 0.0089
Client 8 (MNIST) | Target Loss: 0.0000 | DDIM Loss: 0.0109
Client 9 (MNIST) | Target Loss: 0.0000 | DDIM Loss: 0.0094
Client 11 (EMNIST) | Target Loss: 0.0000 | DDIM Loss: 0.0072
Client 12 (EMNIST) | Target Loss: 0.0000 | DDIM Loss: 0.0072
Client 13 (EMNIST) | Target Loss: 0.0000 | DDIM Loss: 0.0072
Client 14 (EMNIST) | Target Loss: 0.0000 | DDIM Loss: 0.0072
Client 15 (EMNIST) | Target Loss: 0.0000 | DDIM Loss: 0.0072
Client 16 (EMNIST) | Target Loss: 0.0000 | DDIM Loss: 0.0072
Client 17 (EMNIST) | Target Loss: 0.0000 | DDIM Loss: 0.0072
Client 18 (EMNIST) | Target Loss: 0.0000 | DDIM Loss: 0.0072
Client 19 (EMNIST) | Target Loss: 0.0000 | DDIM Loss: 0.0072
Client 20 (EMNIST) | Target Loss: 0.0000 | DDIM Loss: 0.0073
Client 22 (CIFAR10) | Target Loss: 0.0000 | DDIM Loss: 0.0344
Client 23 (CIFAR10) | Target Loss: 0.0000 | DDIM Loss: 0.0341
Client 24 (CIFAR10) | Target Loss: 0.0000 | DDIM Loss: 0.0340
Client 25 (CIFAR10) | Target Loss: 0.0000 | DDIM Loss: 0.0345
Client 26 (CIFAR10) | Target Loss: 0.0000 | DDIM Loss: 0.0342
Client 27 (CIFAR10) | Target Loss: 0.0000 | DDIM Loss: 0.0339
Client 28 (CIFAR10) | Target Loss: 0.0000 | DDIM Loss: 0.0343
Client 29 (CIFAR10) | Target Loss: 0.0000 | DDIM Loss: 0.0347
Client 30 (CIFAR10) | Target Loss: 0.0000 | DDIM Loss: 0.0351
Client 31 (CIFAR10) | Target Loss: 0.0000 | DDIM Loss: 0.0344
Epoch 0 Loss: 1.0841
Epoch 1 Loss: 0.5160
Epoch 2 Loss: 0.3345
Epoch 3 Loss: 0.2007
Epoch 4 Loss: 0.1384
[Server] Global Inference Model Acc (MNIST) (Round 27): 50.81% (Tested on 9095 samples)
[Server] Global Inference Model Acc (EMNIST) (Round 27): 45.51% (Tested on 105779 samples)
[Server] Global Inference Model Acc (CIFAR10) (Round 27): 42.76% (Tested on 9100 samples)
[Server] Global Inference Model Acc (Mix) (Round 27): 45.70% (Tested on 123974 samples)
Selected client ids: [0, 1, 2, 3, 4, 5, 6, 7, 8, 9, 10, 11, 12, 13, 14, 15, 16, 17, 18, 19, 20, 21, 22, 23, 24, 25, 26, 27, 28, 29]
--- Round 28 ---
Client 0 (MNIST) | Target Loss: 0.0000 | DDIM Loss: 0.0089
Client 1 (MNIST) | Target Loss: 0.0000 | DDIM Loss: 0.0087
Client 2 (MNIST) | Target Loss: 0.0000 | DDIM Loss: 0.0090
Client 3 (MNIST) | Target Loss: 0.0000 | DDIM Loss: 0.0089
Client 4 (MNIST) | Target Loss: 0.0000 | DDIM Loss: 0.0090
Client 5 (MNIST) | Target Loss: 0.0000 | DDIM Loss: 0.0095
Client 6 (MNIST) | Target Loss: 0.0000 | DDIM Loss: 0.0088
Client 7 (MNIST) | Target Loss: 0.0000 | DDIM Loss: 0.0089
Client 8 (MNIST) | Target Loss: 0.0000 | DDIM Loss: 0.0097
Client 9 (MNIST) | Target Loss: 0.0000 | DDIM Loss: 0.0089
Client 11 (EMNIST) | Target Loss: 0.0000 | DDIM Loss: 0.0072
Client 12 (EMNIST) | Target Loss: 0.0000 | DDIM Loss: 0.0072
Client 13 (EMNIST) | Target Loss: 0.0000 | DDIM Loss: 0.0072
Client 14 (EMNIST) | Target Loss: 0.0000 | DDIM Loss: 0.0072
Client 15 (EMNIST) | Target Loss: 0.0000 | DDIM Loss: 0.0071
Client 16 (EMNIST) | Target Loss: 0.0000 | DDIM Loss: 0.0072
Client 17 (EMNIST) | Target Loss: 0.0000 | DDIM Loss: 0.0072
Client 18 (EMNIST) | Target Loss: 0.0000 | DDIM Loss: 0.0072
Client 19 (EMNIST) | Target Loss: 0.0000 | DDIM Loss: 0.0072
Client 20 (EMNIST) | Target Loss: 0.0000 | DDIM Loss: 0.0072
Client 22 (CIFAR10) | Target Loss: 0.0000 | DDIM Loss: 0.0346
Client 23 (CIFAR10) | Target Loss: 0.0000 | DDIM Loss: 0.0357
Client 24 (CIFAR10) | Target Loss: 0.0000 | DDIM Loss: 0.0349
Client 25 (CIFAR10) | Target Loss: 0.0000 | DDIM Loss: 0.0338
Client 26 (CIFAR10) | Target Loss: 0.0000 | DDIM Loss: 0.0336
Client 27 (CIFAR10) | Target Loss: 0.0000 | DDIM Loss: 0.0337
Client 28 (CIFAR10) | Target Loss: 0.0000 | DDIM Loss: 0.0339
Client 29 (CIFAR10) | Target Loss: 0.0000 | DDIM Loss: 0.0347
Client 30 (CIFAR10) | Target Loss: 0.0000 | DDIM Loss: 0.0359
Client 31 (CIFAR10) | Target Loss: 0.0000 | DDIM Loss: 0.0346
Epoch 0 Loss: 0.9942
Epoch 1 Loss: 0.4839
Epoch 2 Loss: 0.3045
Epoch 3 Loss: 0.1968
Epoch 4 Loss: 0.1399
[Server] Global Inference Model Acc (MNIST) (Round 28): 20.09% (Tested on 9095 samples)
[Server] Global Inference Model Acc (EMNIST) (Round 28): 39.28% (Tested on 105779 samples)
[Server] Global Inference Model Acc (CIFAR10) (Round 28): 44.22% (Tested on 9100 samples)
[Server] Global Inference Model Acc (Mix) (Round 28): 38.23% (Tested on 123974 samples)
Selected client ids: [0, 1, 2, 3, 4, 5, 6, 7, 8, 9, 10, 11, 12, 13, 14, 15, 16, 17, 18, 19, 20, 21, 22, 23, 24, 25, 26, 27, 28, 29]
--- Round 29 ---
Client 0 (MNIST) | Target Loss: 0.0000 | DDIM Loss: 0.0089
Client 1 (MNIST) | Target Loss: 0.0000 | DDIM Loss: 0.0087
Client 2 (MNIST) | Target Loss: 0.0000 | DDIM Loss: 0.0090
Client 3 (MNIST) | Target Loss: 0.0000 | DDIM Loss: 0.0091
Client 4 (MNIST) | Target Loss: 0.0000 | DDIM Loss: 0.0088
Client 5 (MNIST) | Target Loss: 0.0000 | DDIM Loss: 0.0092
Client 6 (MNIST) | Target Loss: 0.0000 | DDIM Loss: 0.0089
Client 7 (MNIST) | Target Loss: 0.0000 | DDIM Loss: 0.0088
Client 8 (MNIST) | Target Loss: 0.0000 | DDIM Loss: 0.0115
Client 9 (MNIST) | Target Loss: 0.0000 | DDIM Loss: 0.0089
Client 11 (EMNIST) | Target Loss: 0.0000 | DDIM Loss: 0.0072
Client 12 (EMNIST) | Target Loss: 0.0000 | DDIM Loss: 0.0071
Client 13 (EMNIST) | Target Loss: 0.0000 | DDIM Loss: 0.0072
Client 14 (EMNIST) | Target Loss: 0.0000 | DDIM Loss: 0.0072
Client 15 (EMNIST) | Target Loss: 0.0000 | DDIM Loss: 0.0071
Client 16 (EMNIST) | Target Loss: 0.0000 | DDIM Loss: 0.0071
Client 17 (EMNIST) | Target Loss: 0.0000 | DDIM Loss: 0.0072
Client 18 (EMNIST) | Target Loss: 0.0000 | DDIM Loss: 0.0072
Client 19 (EMNIST) | Target Loss: 0.0000 | DDIM Loss: 0.0071
Client 20 (EMNIST) | Target Loss: 0.0000 | DDIM Loss: 0.0072
Client 22 (CIFAR10) | Target Loss: 0.0000 | DDIM Loss: 0.0340
Client 23 (CIFAR10) | Target Loss: 0.0000 | DDIM Loss: 0.0343
Client 24 (CIFAR10) | Target Loss: 0.0000 | DDIM Loss: 0.0350
Client 25 (CIFAR10) | Target Loss: 0.0000 | DDIM Loss: 0.0343
Client 26 (CIFAR10) | Target Loss: 0.0000 | DDIM Loss: 0.0342
Client 27 (CIFAR10) | Target Loss: 0.0000 | DDIM Loss: 0.0335
Client 28 (CIFAR10) | Target Loss: 0.0000 | DDIM Loss: 0.0342
Client 29 (CIFAR10) | Target Loss: 0.0000 | DDIM Loss: 0.0342
Client 30 (CIFAR10) | Target Loss: 0.0000 | DDIM Loss: 0.0344
Client 31 (CIFAR10) | Target Loss: 0.0000 | DDIM Loss: 0.0344
Epoch 0 Loss: 0.9708
Epoch 1 Loss: 0.4746
Epoch 2 Loss: 0.2799
Epoch 3 Loss: 0.1599
Epoch 4 Loss: 0.0966
[Server] Global Inference Model Acc (MNIST) (Round 29): 53.08% (Tested on 9095 samples)
[Server] Global Inference Model Acc (EMNIST) (Round 29): 50.39% (Tested on 105779 samples)
[Server] Global Inference Model Acc (CIFAR10) (Round 29): 42.91% (Tested on 9100 samples)
[Server] Global Inference Model Acc (Mix) (Round 29): 50.04% (Tested on 123974 samples)
Selected client ids: [0, 1, 2, 3, 4, 5, 6, 7, 8, 9, 10, 11, 12, 13, 14, 15, 16, 17, 18, 19, 20, 21, 22, 23, 24, 25, 26, 27, 28, 29]
--- Round 30 ---
Client 0 (MNIST) | Target Loss: 0.0000 | DDIM Loss: 0.0089
Client 1 (MNIST) | Target Loss: 0.0000 | DDIM Loss: 0.0088
Client 2 (MNIST) | Target Loss: 0.0000 | DDIM Loss: 0.0088
Client 3 (MNIST) | Target Loss: 0.0000 | DDIM Loss: 0.0088
Client 4 (MNIST) | Target Loss: 0.0000 | DDIM Loss: 0.0087
Client 5 (MNIST) | Target Loss: 0.0000 | DDIM Loss: 0.0094
Client 6 (MNIST) | Target Loss: 0.0000 | DDIM Loss: 0.0088
Client 7 (MNIST) | Target Loss: 0.0000 | DDIM Loss: 0.0089
Client 8 (MNIST) | Target Loss: 0.0000 | DDIM Loss: 0.0084
Client 9 (MNIST) | Target Loss: 0.0000 | DDIM Loss: 0.0087
Client 11 (EMNIST) | Target Loss: 0.0000 | DDIM Loss: 0.0071
Client 12 (EMNIST) | Target Loss: 0.0000 | DDIM Loss: 0.0071
Client 13 (EMNIST) | Target Loss: 0.0000 | DDIM Loss: 0.0072
Client 14 (EMNIST) | Target Loss: 0.0000 | DDIM Loss: 0.0071
