Time: 2026-06-19 08:02:19
Log Dir: logs/2026-06-19_08-02-19/GeFL_DDPM_baseline_total_gan_sep
================================================================================

==============================        Args        ==============================
  exp_timestamp: None
  exp_conf: ./configs/het-iid-exp.yaml
  device: cuda:1
  seed: 15698
  algorithm: GeFL_DDPM_baseline_total_gan_sep
  num_new_clients: 1
  num_train_mnist: 10
  num_train_emnist: 10
  num_train_fashionmnist: 0
  num_train_cifar10: 10
  num_train_cifar100: 0
  num_train_usps: 0
  label_mapping: class_name
================================================================================
==============================    Exp Configs     ==============================
exp_name: model-heterogeneity
heterogeneous: true
dirichlet_alpha: 100
global_rounds: 40
local_epochs: 1
local_loss_fn: CrossEntropyLoss
local_optim: Adam
local_lr: 0.001
batch_size: 64
sample_frac: 1.0
test_interval: 1
metric_type: accuracy
global_feature_dim: 256
optim: Adam
optim_lr: 0.001
global_gen_epochs: 10
gen_noise_dim: 128
gen_optim: Adam
gen_optim_lr: 0.001
global_feat_gen_epochs: 10
feat_gen_noise_dim: 128
feat_gen_optim: Adam
feat_gen_optim_lr: 0.001
feat_gen_div_beta: 1.0
public_data_ratio: 0.05
start_mapping_epoch: 20
gen_observer_weight: 0.0
index_matching: ddpm
aggregate_method: dataset_name
use_new_entropy_method: true
entropy_ratio: 0.7
cs_threshold: 0.9
global_model_epochs: 5
global_model_optim: Adam
global_model_optim_lr: 0.001
global_samples_per_class: 64

================================================================================

==================================================
Start 40 rounds training by GeFL_DDPM_baseline_total_gan_sep
Selected client ids: [0, 1, 2, 3, 4, 5, 6, 7, 8, 9, 10, 11, 12, 13, 14, 15, 16, 17, 18, 19, 20, 21, 22, 23, 24, 25, 26, 27, 28, 29]
--- Round 1 ---
Client 0 (MNIST) | Target Loss: 0.9820 | G Loss: 2.3939 | D Loss: 0.3262
Client 1 (MNIST) | Target Loss: 1.4843 | G Loss: 2.8133 | D Loss: 0.2860
Client 2 (MNIST) | Target Loss: 0.8274 | G Loss: 2.9106 | D Loss: 0.2799
Client 3 (MNIST) | Target Loss: 0.4776 | G Loss: 2.8606 | D Loss: 0.2983
Client 4 (MNIST) | Target Loss: 1.6307 | G Loss: 2.7323 | D Loss: 0.3001
Client 5 (MNIST) | Target Loss: 1.7751 | G Loss: 2.7044 | D Loss: 0.3070
Client 6 (MNIST) | Target Loss: 1.2706 | G Loss: 2.4829 | D Loss: 0.3143
Client 7 (MNIST) | Target Loss: 1.3376 | G Loss: 2.4542 | D Loss: 0.3244
Client 8 (MNIST) | Target Loss: 1.7548 | G Loss: 2.5057 | D Loss: 0.3213
Client 9 (MNIST) | Target Loss: 1.7184 | G Loss: 2.6232 | D Loss: 0.3028
Client 11 (EMNIST) | Target Loss: 1.2249 | G Loss: 2.1093 | D Loss: 0.3110
Client 12 (EMNIST) | Target Loss: 1.3411 | G Loss: 2.1565 | D Loss: 0.3119
Client 13 (EMNIST) | Target Loss: 0.9339 | G Loss: 2.1010 | D Loss: 0.3135
Client 14 (EMNIST) | Target Loss: 0.7370 | G Loss: 2.1188 | D Loss: 0.3124
Client 15 (EMNIST) | Target Loss: 1.4854 | G Loss: 2.0804 | D Loss: 0.3201
Client 16 (EMNIST) | Target Loss: 2.0702 | G Loss: 2.0462 | D Loss: 0.3221
Client 17 (EMNIST) | Target Loss: 1.1889 | G Loss: 2.0663 | D Loss: 0.3221
Client 18 (EMNIST) | Target Loss: 1.3099 | G Loss: 2.0715 | D Loss: 0.3230
Client 19 (EMNIST) | Target Loss: 1.7236 | G Loss: 2.0248 | D Loss: 0.3324
Client 20 (EMNIST) | Target Loss: 1.6384 | G Loss: 2.1085 | D Loss: 0.3099
Client 22 (CIFAR10) | Target Loss: 2.0153 | G Loss: 2.4481 | D Loss: 0.3842
Client 23 (CIFAR10) | Target Loss: 1.9288 | G Loss: 2.4671 | D Loss: 0.3790
Client 24 (CIFAR10) | Target Loss: 1.8610 | G Loss: 2.4070 | D Loss: 0.3806
Client 25 (CIFAR10) | Target Loss: 1.9161 | G Loss: 2.8303 | D Loss: 0.3360
Client 26 (CIFAR10) | Target Loss: 2.1891 | G Loss: 2.6876 | D Loss: 0.3609
Client 27 (CIFAR10) | Target Loss: 1.9885 | G Loss: 2.7193 | D Loss: 0.3531
Client 28 (CIFAR10) | Target Loss: 2.1837 | G Loss: 2.6292 | D Loss: 0.3562
Client 29 (CIFAR10) | Target Loss: 2.1353 | G Loss: 2.6117 | D Loss: 0.3748
Client 30 (CIFAR10) | Target Loss: 2.2405 | G Loss: 3.3434 | D Loss: 0.2893
Client 31 (CIFAR10) | Target Loss: 2.1661 | G Loss: 2.3861 | D Loss: 0.3727
Round 1 | Client 0 | Model: (MLP) | Acc: 82.99%
Round 1 | Client 1 | Model: (CNN) | Acc: 68.00%
Round 1 | Client 2 | Model: (ResNet8) | Acc: 77.24%
Round 1 | Client 3 | Model: (ResNet18) | Acc: 94.00%
Round 1 | Client 4 | Model: (MobileNetV2) | Acc: 65.52%
Round 1 | Client 5 | Model: (MobileNetV3) | Acc: 51.84%
Round 1 | Client 6 | Model: (LeNet) | Acc: 85.56%
Round 1 | Client 7 | Model: (AlexNet) | Acc: 82.32%
Round 1 | Client 8 | Model: (ShuffleNet) | Acc: 59.80%
Round 1 | Client 9 | Model: (SqueezeNet) | Acc: 67.98%
Round 1 | Client 11 | Model: (MLP) | Acc: 74.47%
Round 1 | Client 12 | Model: (CNN) | Acc: 54.78%
Round 1 | Client 13 | Model: (ResNet8) | Acc: 79.05%
Round 1 | Client 14 | Model: (ResNet18) | Acc: 79.89%
Round 1 | Client 15 | Model: (MobileNetV2) | Acc: 73.23%
Round 1 | Client 16 | Model: (MobileNetV3) | Acc: 43.99%
Round 1 | Client 17 | Model: (LeNet) | Acc: 78.12%
Round 1 | Client 18 | Model: (AlexNet) | Acc: 81.49%
Round 1 | Client 19 | Model: (ShuffleNet) | Acc: 71.36%
Round 1 | Client 20 | Model: (SqueezeNet) | Acc: 69.37%
Round 1 | Client 22 | Model: (MLP) | Acc: 34.41%
Round 1 | Client 23 | Model: (CNN) | Acc: 32.31%
Round 1 | Client 24 | Model: (ResNet8) | Acc: 33.83%
Round 1 | Client 25 | Model: (ResNet18) | Acc: 32.30%
Round 1 | Client 26 | Model: (MobileNetV2) | Acc: 19.52%
Round 1 | Client 27 | Model: (MobileNetV3) | Acc: 32.08%
Round 1 | Client 28 | Model: (LeNet) | Acc: 22.77%
Round 1 | Client 29 | Model: (AlexNet) | Acc: 23.78%
Round 1 | Client 30 | Model: (ShuffleNet) | Acc: 19.08%
Round 1 | Client 31 | Model: (SqueezeNet) | Acc: 22.47%
Selected client ids: [0, 1, 2, 3, 4, 5, 6, 7, 8, 9, 10, 11, 12, 13, 14, 15, 16, 17, 18, 19, 20, 21, 22, 23, 24, 25, 26, 27, 28, 29]
--- Round 2 ---
Client 0 (MNIST) | Target Loss: 0.4192 | G Loss: 2.1267 | D Loss: 0.4245
Client 1 (MNIST) | Target Loss: 0.4474 | G Loss: 2.0281 | D Loss: 0.4281
Client 2 (MNIST) | Target Loss: 0.2077 | G Loss: 2.0969 | D Loss: 0.4373
Client 3 (MNIST) | Target Loss: 0.1252 | G Loss: 2.1895 | D Loss: 0.4236
Client 4 (MNIST) | Target Loss: 0.6922 | G Loss: 1.9809 | D Loss: 0.4486
Client 5 (MNIST) | Target Loss: 1.2198 | G Loss: 2.0789 | D Loss: 0.4371
Client 6 (MNIST) | Target Loss: 0.3644 | G Loss: 2.1601 | D Loss: 0.4179
Client 7 (MNIST) | Target Loss: 0.3778 | G Loss: 2.0045 | D Loss: 0.4410
Client 8 (MNIST) | Target Loss: 1.0177 | G Loss: 1.9925 | D Loss: 0.4445
Client 9 (MNIST) | Target Loss: 0.7544 | G Loss: 2.1449 | D Loss: 0.4221
Client 11 (EMNIST) | Target Loss: 0.7435 | G Loss: 2.5120 | D Loss: 0.2849
Client 12 (EMNIST) | Target Loss: 0.6788 | G Loss: 2.3601 | D Loss: 0.3093
Client 13 (EMNIST) | Target Loss: 0.5058 | G Loss: 2.3493 | D Loss: 0.3067
Client 14 (EMNIST) | Target Loss: 0.4628 | G Loss: 2.4638 | D Loss: 0.2982
Client 15 (EMNIST) | Target Loss: 0.7510 | G Loss: 2.3216 | D Loss: 0.3230
Client 16 (EMNIST) | Target Loss: 1.2293 | G Loss: 2.3685 | D Loss: 0.3043
Client 17 (EMNIST) | Target Loss: 0.6008 | G Loss: 2.4804 | D Loss: 0.2901
Client 18 (EMNIST) | Target Loss: 0.4966 | G Loss: 2.2824 | D Loss: 0.3227
Client 19 (EMNIST) | Target Loss: 0.8217 | G Loss: 2.4402 | D Loss: 0.2922
Client 20 (EMNIST) | Target Loss: 0.8100 | G Loss: 2.4340 | D Loss: 0.2944
Client 22 (CIFAR10) | Target Loss: 1.7907 | G Loss: 2.9587 | D Loss: 0.3778
Client 23 (CIFAR10) | Target Loss: 1.6225 | G Loss: 3.2212 | D Loss: 0.3448
Client 24 (CIFAR10) | Target Loss: 1.5934 | G Loss: 2.8666 | D Loss: 0.3923
Client 25 (CIFAR10) | Target Loss: 1.6596 | G Loss: 3.0698 | D Loss: 0.3704
Client 26 (CIFAR10) | Target Loss: 1.9636 | G Loss: 2.9587 | D Loss: 0.3811
Client 27 (CIFAR10) | Target Loss: 1.7527 | G Loss: 3.0210 | D Loss: 0.3745
Client 28 (CIFAR10) | Target Loss: 1.9452 | G Loss: 2.9032 | D Loss: 0.3788
Client 29 (CIFAR10) | Target Loss: 1.8725 | G Loss: 2.9812 | D Loss: 0.3875
Client 30 (CIFAR10) | Target Loss: 2.0948 | G Loss: 2.9386 | D Loss: 0.3818
Client 31 (CIFAR10) | Target Loss: 1.9961 | G Loss: 2.9122 | D Loss: 0.3853
Round 2 | Client 0 | Model: (MLP) | Acc: 88.22%
Round 2 | Client 1 | Model: (CNN) | Acc: 84.50%
Round 2 | Client 2 | Model: (ResNet8) | Acc: 88.00%
Round 2 | Client 3 | Model: (ResNet18) | Acc: 96.04%
Round 2 | Client 4 | Model: (MobileNetV2) | Acc: 84.48%
Round 2 | Client 5 | Model: (MobileNetV3) | Acc: 63.99%
Round 2 | Client 6 | Model: (LeNet) | Acc: 92.01%
Round 2 | Client 7 | Model: (AlexNet) | Acc: 91.79%
Round 2 | Client 8 | Model: (ShuffleNet) | Acc: 74.28%
Round 2 | Client 9 | Model: (SqueezeNet) | Acc: 83.17%
Round 2 | Client 11 | Model: (MLP) | Acc: 76.05%
Round 2 | Client 12 | Model: (CNN) | Acc: 76.23%
Round 2 | Client 13 | Model: (ResNet8) | Acc: 83.06%
Round 2 | Client 14 | Model: (ResNet18) | Acc: 83.57%
Round 2 | Client 15 | Model: (MobileNetV2) | Acc: 78.99%
Round 2 | Client 16 | Model: (MobileNetV3) | Acc: 46.22%
Round 2 | Client 17 | Model: (LeNet) | Acc: 81.59%
Round 2 | Client 18 | Model: (AlexNet) | Acc: 83.74%
Round 2 | Client 19 | Model: (ShuffleNet) | Acc: 77.28%
Round 2 | Client 20 | Model: (SqueezeNet) | Acc: 76.23%
Round 2 | Client 22 | Model: (MLP) | Acc: 38.73%
Round 2 | Client 23 | Model: (CNN) | Acc: 30.88%
Round 2 | Client 24 | Model: (ResNet8) | Acc: 35.87%
Round 2 | Client 25 | Model: (ResNet18) | Acc: 39.29%
Round 2 | Client 26 | Model: (MobileNetV2) | Acc: 25.81%
Round 2 | Client 27 | Model: (MobileNetV3) | Acc: 33.80%
Round 2 | Client 28 | Model: (LeNet) | Acc: 33.33%
Round 2 | Client 29 | Model: (AlexNet) | Acc: 32.43%
Round 2 | Client 30 | Model: (ShuffleNet) | Acc: 23.03%
Round 2 | Client 31 | Model: (SqueezeNet) | Acc: 23.26%
Selected client ids: [0, 1, 2, 3, 4, 5, 6, 7, 8, 9, 10, 11, 12, 13, 14, 15, 16, 17, 18, 19, 20, 21, 22, 23, 24, 25, 26, 27, 28, 29]
--- Round 3 ---
Client 0 (MNIST) | Target Loss: 0.3186 | G Loss: 1.4749 | D Loss: 0.5057
Client 1 (MNIST) | Target Loss: 0.2164 | G Loss: 1.4681 | D Loss: 0.5001
Client 2 (MNIST) | Target Loss: 0.1258 | G Loss: 1.4697 | D Loss: 0.5058
Client 3 (MNIST) | Target Loss: 0.1055 | G Loss: 1.4803 | D Loss: 0.5048
Client 4 (MNIST) | Target Loss: 0.4175 | G Loss: 1.4607 | D Loss: 0.4995
Client 5 (MNIST) | Target Loss: 0.9570 | G Loss: 1.4326 | D Loss: 0.5088
Client 6 (MNIST) | Target Loss: 0.2263 | G Loss: 1.4738 | D Loss: 0.5056
Client 7 (MNIST) | Target Loss: 0.2057 | G Loss: 1.4563 | D Loss: 0.5060
Client 8 (MNIST) | Target Loss: 0.8013 | G Loss: 1.4006 | D Loss: 0.5261
Client 9 (MNIST) | Target Loss: 0.4853 | G Loss: 1.4738 | D Loss: 0.5011
Client 11 (EMNIST) | Target Loss: 0.6450 | G Loss: 3.2681 | D Loss: 0.2265
Client 12 (EMNIST) | Target Loss: 0.5794 | G Loss: 3.3282 | D Loss: 0.2248
Client 13 (EMNIST) | Target Loss: 0.4461 | G Loss: 3.4481 | D Loss: 0.2071
Client 14 (EMNIST) | Target Loss: 0.4200 | G Loss: 3.3967 | D Loss: 0.2243
Client 15 (EMNIST) | Target Loss: 0.6396 | G Loss: 3.2502 | D Loss: 0.2377
Client 16 (EMNIST) | Target Loss: 0.9849 | G Loss: 3.2886 | D Loss: 0.2285
Client 17 (EMNIST) | Target Loss: 0.5165 | G Loss: 3.3258 | D Loss: 0.2176
Client 18 (EMNIST) | Target Loss: 0.4389 | G Loss: 3.3091 | D Loss: 0.2225
Client 19 (EMNIST) | Target Loss: 0.6751 | G Loss: 3.3736 | D Loss: 0.2159
Client 20 (EMNIST) | Target Loss: 0.6749 | G Loss: 3.4233 | D Loss: 0.2197
Client 22 (CIFAR10) | Target Loss: 1.6373 | G Loss: 2.8943 | D Loss: 0.4056
Client 23 (CIFAR10) | Target Loss: 1.4748 | G Loss: 2.9519 | D Loss: 0.3977
Client 24 (CIFAR10) | Target Loss: 1.4491 | G Loss: 2.9009 | D Loss: 0.4000
Client 25 (CIFAR10) | Target Loss: 1.5388 | G Loss: 2.9511 | D Loss: 0.3951
Client 26 (CIFAR10) | Target Loss: 1.8097 | G Loss: 2.8458 | D Loss: 0.4080
Client 27 (CIFAR10) | Target Loss: 1.6836 | G Loss: 2.8448 | D Loss: 0.4101
Client 28 (CIFAR10) | Target Loss: 1.7952 | G Loss: 2.8270 | D Loss: 0.4012
Client 29 (CIFAR10) | Target Loss: 1.6806 | G Loss: 2.8799 | D Loss: 0.4012
Client 30 (CIFAR10) | Target Loss: 1.9657 | G Loss: 2.9136 | D Loss: 0.4032
Client 31 (CIFAR10) | Target Loss: 1.9321 | G Loss: 2.8494 | D Loss: 0.4019
Round 3 | Client 0 | Model: (MLP) | Acc: 89.20%
Round 3 | Client 1 | Model: (CNN) | Acc: 80.51%
Round 3 | Client 2 | Model: (ResNet8) | Acc: 95.58%
Round 3 | Client 3 | Model: (ResNet18) | Acc: 96.38%
Round 3 | Client 4 | Model: (MobileNetV2) | Acc: 88.97%
Round 3 | Client 5 | Model: (MobileNetV3) | Acc: 72.58%
Round 3 | Client 6 | Model: (LeNet) | Acc: 94.42%
Round 3 | Client 7 | Model: (AlexNet) | Acc: 95.47%
Round 3 | Client 8 | Model: (ShuffleNet) | Acc: 81.07%
Round 3 | Client 9 | Model: (SqueezeNet) | Acc: 83.83%
Round 3 | Client 11 | Model: (MLP) | Acc: 78.74%
Round 3 | Client 12 | Model: (CNN) | Acc: 73.00%
Round 3 | Client 13 | Model: (ResNet8) | Acc: 83.47%
Round 3 | Client 14 | Model: (ResNet18) | Acc: 84.60%
Round 3 | Client 15 | Model: (MobileNetV2) | Acc: 79.22%
Round 3 | Client 16 | Model: (MobileNetV3) | Acc: 61.97%
Round 3 | Client 17 | Model: (LeNet) | Acc: 83.18%
Round 3 | Client 18 | Model: (AlexNet) | Acc: 84.36%
Round 3 | Client 19 | Model: (ShuffleNet) | Acc: 78.88%
Round 3 | Client 20 | Model: (SqueezeNet) | Acc: 79.55%
Round 3 | Client 22 | Model: (MLP) | Acc: 36.57%
Round 3 | Client 23 | Model: (CNN) | Acc: 38.02%
Round 3 | Client 24 | Model: (ResNet8) | Acc: 42.51%
Round 3 | Client 25 | Model: (ResNet18) | Acc: 33.63%
Round 3 | Client 26 | Model: (MobileNetV2) | Acc: 29.70%
Round 3 | Client 27 | Model: (MobileNetV3) | Acc: 37.55%
Round 3 | Client 28 | Model: (LeNet) | Acc: 34.76%
Round 3 | Client 29 | Model: (AlexNet) | Acc: 37.30%
Round 3 | Client 30 | Model: (ShuffleNet) | Acc: 25.55%
Round 3 | Client 31 | Model: (SqueezeNet) | Acc: 25.51%
Selected client ids: [0, 1, 2, 3, 4, 5, 6, 7, 8, 9, 10, 11, 12, 13, 14, 15, 16, 17, 18, 19, 20, 21, 22, 23, 24, 25, 26, 27, 28, 29]
--- Round 4 ---
Client 0 (MNIST) | Target Loss: 0.2568 | G Loss: 1.3930 | D Loss: 0.5058
Client 1 (MNIST) | Target Loss: 0.1554 | G Loss: 1.4115 | D Loss: 0.5038
Client 2 (MNIST) | Target Loss: 0.0827 | G Loss: 1.5138 | D Loss: 0.4639
Client 3 (MNIST) | Target Loss: 0.0734 | G Loss: 1.4785 | D Loss: 0.4822
Client 4 (MNIST) | Target Loss: 0.3236 | G Loss: 1.4640 | D Loss: 0.4833
Client 5 (MNIST) | Target Loss: 0.7739 | G Loss: 1.4229 | D Loss: 0.4990
Client 6 (MNIST) | Target Loss: 0.1706 | G Loss: 1.4535 | D Loss: 0.4866
Client 7 (MNIST) | Target Loss: 0.1360 | G Loss: 1.5025 | D Loss: 0.4740
Client 8 (MNIST) | Target Loss: 0.5295 | G Loss: 1.4719 | D Loss: 0.4876
Client 9 (MNIST) | Target Loss: 0.4087 | G Loss: 1.4621 | D Loss: 0.4867
Client 11 (EMNIST) | Target Loss: 0.5902 | G Loss: 4.5978 | D Loss: 0.1244
Client 12 (EMNIST) | Target Loss: 0.5301 | G Loss: 4.7074 | D Loss: 0.1161
Client 13 (EMNIST) | Target Loss: 0.4175 | G Loss: 4.7220 | D Loss: 0.1208
Client 14 (EMNIST) | Target Loss: 0.3937 | G Loss: 4.7573 | D Loss: 0.1084
Client 15 (EMNIST) | Target Loss: 0.5825 | G Loss: 4.3796 | D Loss: 0.1452
Client 16 (EMNIST) | Target Loss: 0.8749 | G Loss: 4.4728 | D Loss: 0.1411
Client 17 (EMNIST) | Target Loss: 0.4746 | G Loss: 4.4840 | D Loss: 0.1325
Client 18 (EMNIST) | Target Loss: 0.4063 | G Loss: 4.3259 | D Loss: 0.1419
Client 19 (EMNIST) | Target Loss: 0.6126 | G Loss: 4.5228 | D Loss: 0.1267
Client 20 (EMNIST) | Target Loss: 0.6075 | G Loss: 4.4441 | D Loss: 0.1290
Client 22 (CIFAR10) | Target Loss: 1.5234 | G Loss: 2.8476 | D Loss: 0.3631
Client 23 (CIFAR10) | Target Loss: 1.4076 | G Loss: 2.8762 | D Loss: 0.3489
Client 24 (CIFAR10) | Target Loss: 1.3077 | G Loss: 2.8587 | D Loss: 0.3729
Client 25 (CIFAR10) | Target Loss: 1.4348 | G Loss: 2.8779 | D Loss: 0.3576
Client 26 (CIFAR10) | Target Loss: 1.7088 | G Loss: 2.8476 | D Loss: 0.3583
Client 27 (CIFAR10) | Target Loss: 1.6291 | G Loss: 2.8898 | D Loss: 0.3579
Client 28 (CIFAR10) | Target Loss: 1.6817 | G Loss: 2.7922 | D Loss: 0.3831
Client 29 (CIFAR10) | Target Loss: 1.5604 | G Loss: 2.8766 | D Loss: 0.3683
Client 30 (CIFAR10) | Target Loss: 1.8676 | G Loss: 2.8875 | D Loss: 0.3660
Client 31 (CIFAR10) | Target Loss: 1.8577 | G Loss: 2.7777 | D Loss: 0.3707
Round 4 | Client 0 | Model: (MLP) | Acc: 91.93%
Round 4 | Client 1 | Model: (CNN) | Acc: 94.68%
Round 4 | Client 2 | Model: (ResNet8) | Acc: 92.53%
Round 4 | Client 3 | Model: (ResNet18) | Acc: 67.53%
Round 4 | Client 4 | Model: (MobileNetV2) | Acc: 91.43%
Round 4 | Client 5 | Model: (MobileNetV3) | Acc: 72.13%
Round 4 | Client 6 | Model: (LeNet) | Acc: 95.73%
Round 4 | Client 7 | Model: (AlexNet) | Acc: 96.11%
Round 4 | Client 8 | Model: (ShuffleNet) | Acc: 82.63%
Round 4 | Client 9 | Model: (SqueezeNet) | Acc: 85.79%
Round 4 | Client 11 | Model: (MLP) | Acc: 78.88%
Round 4 | Client 12 | Model: (CNN) | Acc: 80.27%
Round 4 | Client 13 | Model: (ResNet8) | Acc: 83.92%
Round 4 | Client 14 | Model: (ResNet18) | Acc: 85.12%
Round 4 | Client 15 | Model: (MobileNetV2) | Acc: 80.25%
Round 4 | Client 16 | Model: (MobileNetV3) | Acc: 71.20%
Round 4 | Client 17 | Model: (LeNet) | Acc: 82.82%
Round 4 | Client 18 | Model: (AlexNet) | Acc: 83.99%
Round 4 | Client 19 | Model: (ShuffleNet) | Acc: 79.71%
Round 4 | Client 20 | Model: (SqueezeNet) | Acc: 79.65%
Round 4 | Client 22 | Model: (MLP) | Acc: 39.81%
Round 4 | Client 23 | Model: (CNN) | Acc: 43.41%
Round 4 | Client 24 | Model: (ResNet8) | Acc: 35.33%
Round 4 | Client 25 | Model: (ResNet18) | Acc: 40.95%
Round 4 | Client 26 | Model: (MobileNetV2) | Acc: 34.00%
Round 4 | Client 27 | Model: (MobileNetV3) | Acc: 36.80%
Round 4 | Client 28 | Model: (LeNet) | Acc: 37.29%
Round 4 | Client 29 | Model: (AlexNet) | Acc: 42.59%
Round 4 | Client 30 | Model: (ShuffleNet) | Acc: 27.63%
Round 4 | Client 31 | Model: (SqueezeNet) | Acc: 27.75%
Selected client ids: [0, 1, 2, 3, 4, 5, 6, 7, 8, 9, 10, 11, 12, 13, 14, 15, 16, 17, 18, 19, 20, 21, 22, 23, 24, 25, 26, 27, 28, 29]
--- Round 5 ---
Client 0 (MNIST) | Target Loss: 0.2294 | G Loss: 1.5416 | D Loss: 0.4798
Client 1 (MNIST) | Target Loss: 0.1082 | G Loss: 1.5575 | D Loss: 0.4776
Client 2 (MNIST) | Target Loss: 0.0831 | G Loss: 1.5209 | D Loss: 0.4846
Client 3 (MNIST) | Target Loss: 0.0732 | G Loss: 1.5706 | D Loss: 0.4743
Client 4 (MNIST) | Target Loss: 0.2586 | G Loss: 1.5331 | D Loss: 0.4794
Client 5 (MNIST) | Target Loss: 0.6541 | G Loss: 1.5280 | D Loss: 0.4841
Client 6 (MNIST) | Target Loss: 0.1280 | G Loss: 1.5752 | D Loss: 0.4660
Client 7 (MNIST) | Target Loss: 0.0905 | G Loss: 1.4949 | D Loss: 0.4921
Client 8 (MNIST) | Target Loss: 0.3706 | G Loss: 1.4822 | D Loss: 0.4958
Client 9 (MNIST) | Target Loss: 0.2858 | G Loss: 1.5406 | D Loss: 0.4804
Client 11 (EMNIST) | Target Loss: 0.5475 | G Loss: 5.4863 | D Loss: 0.0820
Client 12 (EMNIST) | Target Loss: 0.5016 | G Loss: 5.4711 | D Loss: 0.0753
Client 13 (EMNIST) | Target Loss: 0.3959 | G Loss: 5.2520 | D Loss: 0.0812
Client 14 (EMNIST) | Target Loss: 0.3728 | G Loss: 5.2282 | D Loss: 0.0962
Client 15 (EMNIST) | Target Loss: 0.5468 | G Loss: 5.4186 | D Loss: 0.0876
Client 16 (EMNIST) | Target Loss: 0.8064 | G Loss: 5.2898 | D Loss: 0.0948
Client 17 (EMNIST) | Target Loss: 0.4495 | G Loss: 5.3569 | D Loss: 0.0772
Client 18 (EMNIST) | Target Loss: 0.3787 | G Loss: 5.2141 | D Loss: 0.0891
Client 19 (EMNIST) | Target Loss: 0.5640 | G Loss: 5.3349 | D Loss: 0.0845
Client 20 (EMNIST) | Target Loss: 0.5771 | G Loss: 5.3627 | D Loss: 0.0863
Client 22 (CIFAR10) | Target Loss: 1.3773 | G Loss: 2.6545 | D Loss: 0.3931
Client 23 (CIFAR10) | Target Loss: 1.3049 | G Loss: 2.7746 | D Loss: 0.3837
Client 24 (CIFAR10) | Target Loss: 1.2119 | G Loss: 2.7118 | D Loss: 0.3901
Client 25 (CIFAR10) | Target Loss: 1.3145 | G Loss: 2.7036 | D Loss: 0.3982
Client 26 (CIFAR10) | Target Loss: 1.6026 | G Loss: 2.6132 | D Loss: 0.4044
Client 27 (CIFAR10) | Target Loss: 1.5792 | G Loss: 2.7211 | D Loss: 0.3951
Client 28 (CIFAR10) | Target Loss: 1.6173 | G Loss: 2.6966 | D Loss: 0.4060
Client 29 (CIFAR10) | Target Loss: 1.4412 | G Loss: 2.6522 | D Loss: 0.4060
Client 30 (CIFAR10) | Target Loss: 1.7807 | G Loss: 2.7099 | D Loss: 0.3877
Client 31 (CIFAR10) | Target Loss: 1.7930 | G Loss: 2.7038 | D Loss: 0.4019
Round 5 | Client 0 | Model: (MLP) | Acc: 93.46%
Round 5 | Client 1 | Model: (CNN) | Acc: 85.60%
Round 5 | Client 2 | Model: (ResNet8) | Acc: 92.87%
Round 5 | Client 3 | Model: (ResNet18) | Acc: 95.25%
Round 5 | Client 4 | Model: (MobileNetV2) | Acc: 92.40%
Round 5 | Client 5 | Model: (MobileNetV3) | Acc: 82.61%
Round 5 | Client 6 | Model: (LeNet) | Acc: 96.28%
Round 5 | Client 7 | Model: (AlexNet) | Acc: 98.11%
Round 5 | Client 8 | Model: (ShuffleNet) | Acc: 85.75%
Round 5 | Client 9 | Model: (SqueezeNet) | Acc: 93.55%
Round 5 | Client 11 | Model: (MLP) | Acc: 78.77%
Round 5 | Client 12 | Model: (CNN) | Acc: 83.25%
Round 5 | Client 13 | Model: (ResNet8) | Acc: 84.56%
Round 5 | Client 14 | Model: (ResNet18) | Acc: 85.26%
Round 5 | Client 15 | Model: (MobileNetV2) | Acc: 80.58%
Round 5 | Client 16 | Model: (MobileNetV3) | Acc: 67.35%
Round 5 | Client 17 | Model: (LeNet) | Acc: 84.42%
Round 5 | Client 18 | Model: (AlexNet) | Acc: 84.75%
Round 5 | Client 19 | Model: (ShuffleNet) | Acc: 80.09%
Round 5 | Client 20 | Model: (SqueezeNet) | Acc: 81.00%
Round 5 | Client 22 | Model: (MLP) | Acc: 39.09%
Round 5 | Client 23 | Model: (CNN) | Acc: 45.60%
Round 5 | Client 24 | Model: (ResNet8) | Acc: 40.58%
Round 5 | Client 25 | Model: (ResNet18) | Acc: 42.62%
Round 5 | Client 26 | Model: (MobileNetV2) | Acc: 37.57%
Round 5 | Client 27 | Model: (MobileNetV3) | Acc: 40.45%
Round 5 | Client 28 | Model: (LeNet) | Acc: 41.14%
Round 5 | Client 29 | Model: (AlexNet) | Acc: 44.86%
Round 5 | Client 30 | Model: (ShuffleNet) | Acc: 27.63%
Round 5 | Client 31 | Model: (SqueezeNet) | Acc: 28.54%
Selected client ids: [0, 1, 2, 3, 4, 5, 6, 7, 8, 9, 10, 11, 12, 13, 14, 15, 16, 17, 18, 19, 20, 21, 22, 23, 24, 25, 26, 27, 28, 29]
--- Round 6 ---
Client 0 (MNIST) | Target Loss: 0.1925 | G Loss: 1.9504 | D Loss: 0.4045
Client 1 (MNIST) | Target Loss: 0.0826 | G Loss: 1.9188 | D Loss: 0.4023
Client 2 (MNIST) | Target Loss: 0.0565 | G Loss: 2.0031 | D Loss: 0.3851
Client 3 (MNIST) | Target Loss: 0.0612 | G Loss: 1.9115 | D Loss: 0.4118
Client 4 (MNIST) | Target Loss: 0.1962 | G Loss: 1.9946 | D Loss: 0.3881
Client 5 (MNIST) | Target Loss: 0.5698 | G Loss: 1.9955 | D Loss: 0.3849
Client 6 (MNIST) | Target Loss: 0.1132 | G Loss: 1.9656 | D Loss: 0.4023
Client 7 (MNIST) | Target Loss: 0.0758 | G Loss: 1.9667 | D Loss: 0.3972
Client 8 (MNIST) | Target Loss: 0.3092 | G Loss: 1.8738 | D Loss: 0.4174
Client 9 (MNIST) | Target Loss: 0.2138 | G Loss: 1.9283 | D Loss: 0.4056
Client 11 (EMNIST) | Target Loss: 0.5186 | G Loss: 5.3227 | D Loss: 0.0915
Client 12 (EMNIST) | Target Loss: 0.4768 | G Loss: 5.4374 | D Loss: 0.0856
Client 13 (EMNIST) | Target Loss: 0.3767 | G Loss: 5.6012 | D Loss: 0.0761
Client 14 (EMNIST) | Target Loss: 0.3573 | G Loss: 5.9980 | D Loss: 0.0667
Client 15 (EMNIST) | Target Loss: 0.5329 | G Loss: 5.5713 | D Loss: 0.0774
Client 16 (EMNIST) | Target Loss: 0.7583 | G Loss: 5.5126 | D Loss: 0.0794
Client 17 (EMNIST) | Target Loss: 0.4270 | G Loss: 5.5687 | D Loss: 0.0812
Client 18 (EMNIST) | Target Loss: 0.3578 | G Loss: 5.6035 | D Loss: 0.0752
Client 19 (EMNIST) | Target Loss: 0.5353 | G Loss: 5.4528 | D Loss: 0.0762
Client 20 (EMNIST) | Target Loss: 0.5515 | G Loss: 5.6572 | D Loss: 0.0696
Client 22 (CIFAR10) | Target Loss: 1.2603 | G Loss: 2.3758 | D Loss: 0.4282
Client 23 (CIFAR10) | Target Loss: 1.2351 | G Loss: 2.3547 | D Loss: 0.4205
Client 24 (CIFAR10) | Target Loss: 1.1292 | G Loss: 2.3935 | D Loss: 0.4189
Client 25 (CIFAR10) | Target Loss: 1.2341 | G Loss: 2.3792 | D Loss: 0.4279
Client 26 (CIFAR10) | Target Loss: 1.5233 | G Loss: 2.3038 | D Loss: 0.4256
Client 27 (CIFAR10) | Target Loss: 1.5585 | G Loss: 2.3564 | D Loss: 0.4242
Client 28 (CIFAR10) | Target Loss: 1.5665 | G Loss: 2.4086 | D Loss: 0.4162
Client 29 (CIFAR10) | Target Loss: 1.3590 | G Loss: 2.3512 | D Loss: 0.4244
Client 30 (CIFAR10) | Target Loss: 1.6966 | G Loss: 2.2772 | D Loss: 0.4301
Client 31 (CIFAR10) | Target Loss: 1.7895 | G Loss: 2.4021 | D Loss: 0.4260
Round 6 | Client 0 | Model: (MLP) | Acc: 90.62%
Round 6 | Client 1 | Model: (CNN) | Acc: 96.01%
Round 6 | Client 2 | Model: (ResNet8) | Acc: 86.75%
Round 6 | Client 3 | Model: (ResNet18) | Acc: 94.91%
Round 6 | Client 4 | Model: (MobileNetV2) | Acc: 91.54%
Round 6 | Client 5 | Model: (MobileNetV3) | Acc: 80.60%
Round 6 | Client 6 | Model: (LeNet) | Acc: 96.72%
Round 6 | Client 7 | Model: (AlexNet) | Acc: 97.05%
Round 6 | Client 8 | Model: (ShuffleNet) | Acc: 86.64%
Round 6 | Client 9 | Model: (SqueezeNet) | Acc: 94.54%
Round 6 | Client 11 | Model: (MLP) | Acc: 80.03%
Round 6 | Client 12 | Model: (CNN) | Acc: 83.91%
Round 6 | Client 13 | Model: (ResNet8) | Acc: 84.81%
Round 6 | Client 14 | Model: (ResNet18) | Acc: 85.06%
Round 6 | Client 15 | Model: (MobileNetV2) | Acc: 82.00%
Round 6 | Client 16 | Model: (MobileNetV3) | Acc: 75.58%
Round 6 | Client 17 | Model: (LeNet) | Acc: 83.85%
Round 6 | Client 18 | Model: (AlexNet) | Acc: 84.91%
Round 6 | Client 19 | Model: (ShuffleNet) | Acc: 80.53%
Round 6 | Client 20 | Model: (SqueezeNet) | Acc: 80.17%
Round 6 | Client 22 | Model: (MLP) | Acc: 39.57%
Round 6 | Client 23 | Model: (CNN) | Acc: 46.37%
Round 6 | Client 24 | Model: (ResNet8) | Acc: 48.82%
Round 6 | Client 25 | Model: (ResNet18) | Acc: 50.61%
Round 6 | Client 26 | Model: (MobileNetV2) | Acc: 36.41%
Round 6 | Client 27 | Model: (MobileNetV3) | Acc: 37.88%
Round 6 | Client 28 | Model: (LeNet) | Acc: 42.35%
Round 6 | Client 29 | Model: (AlexNet) | Acc: 48.32%
Round 6 | Client 30 | Model: (ShuffleNet) | Acc: 30.59%
Round 6 | Client 31 | Model: (SqueezeNet) | Acc: 32.70%
Selected client ids: [0, 1, 2, 3, 4, 5, 6, 7, 8, 9, 10, 11, 12, 13, 14, 15, 16, 17, 18, 19, 20, 21, 22, 23, 24, 25, 26, 27, 28, 29]
--- Round 7 ---
Client 0 (MNIST) | Target Loss: 0.1650 | G Loss: 2.5312 | D Loss: 0.3022
Client 1 (MNIST) | Target Loss: 0.0682 | G Loss: 2.5324 | D Loss: 0.2978
Client 2 (MNIST) | Target Loss: 0.0385 | G Loss: 2.6617 | D Loss: 0.2611
Client 3 (MNIST) | Target Loss: 0.1074 | G Loss: 2.4775 | D Loss: 0.3178
Client 4 (MNIST) | Target Loss: 0.1597 | G Loss: 2.6368 | D Loss: 0.2839
Client 5 (MNIST) | Target Loss: 0.5084 | G Loss: 2.3874 | D Loss: 0.3321
Client 6 (MNIST) | Target Loss: 0.0978 | G Loss: 2.4845 | D Loss: 0.3035
Client 7 (MNIST) | Target Loss: 0.0588 | G Loss: 2.6254 | D Loss: 0.2887
Client 8 (MNIST) | Target Loss: 0.3920 | G Loss: 2.4780 | D Loss: 0.3164
Client 9 (MNIST) | Target Loss: 0.1866 | G Loss: 2.7507 | D Loss: 0.2607
Client 11 (EMNIST) | Target Loss: 0.4988 | G Loss: 5.6873 | D Loss: 0.0681
Client 12 (EMNIST) | Target Loss: 0.4550 | G Loss: 6.1148 | D Loss: 0.0549
Client 13 (EMNIST) | Target Loss: 0.3615 | G Loss: 5.7692 | D Loss: 0.0668
Client 14 (EMNIST) | Target Loss: 0.3393 | G Loss: 5.7367 | D Loss: 0.0675
Client 15 (EMNIST) | Target Loss: 0.5020 | G Loss: 6.1535 | D Loss: 0.0486
Client 16 (EMNIST) | Target Loss: 0.7243 | G Loss: 5.6117 | D Loss: 0.0683
Client 17 (EMNIST) | Target Loss: 0.4109 | G Loss: 5.7780 | D Loss: 0.0653
Client 18 (EMNIST) | Target Loss: 0.3390 | G Loss: 5.8260 | D Loss: 0.0628
Client 19 (EMNIST) | Target Loss: 0.5120 | G Loss: 5.7340 | D Loss: 0.0697
Client 20 (EMNIST) | Target Loss: 0.5235 | G Loss: 6.3167 | D Loss: 0.0405
Client 22 (CIFAR10) | Target Loss: 1.1263 | G Loss: 2.0609 | D Loss: 0.4515
Client 23 (CIFAR10) | Target Loss: 1.1936 | G Loss: 2.1085 | D Loss: 0.4414
Client 24 (CIFAR10) | Target Loss: 1.0501 | G Loss: 2.0706 | D Loss: 0.4431
Client 25 (CIFAR10) | Target Loss: 1.1231 | G Loss: 2.0379 | D Loss: 0.4452
Client 26 (CIFAR10) | Target Loss: 1.4933 | G Loss: 2.0884 | D Loss: 0.4372
Client 27 (CIFAR10) | Target Loss: 1.5078 | G Loss: 2.0782 | D Loss: 0.4432
Client 28 (CIFAR10) | Target Loss: 1.4929 | G Loss: 2.0900 | D Loss: 0.4497
Client 29 (CIFAR10) | Target Loss: 1.2491 | G Loss: 2.0992 | D Loss: 0.4416
Client 30 (CIFAR10) | Target Loss: 1.6559 | G Loss: 2.1489 | D Loss: 0.4401
Client 31 (CIFAR10) | Target Loss: 1.7914 | G Loss: 2.0636 | D Loss: 0.4541
Round 7 | Client 0 | Model: (MLP) | Acc: 91.49%
Round 7 | Client 1 | Model: (CNN) | Acc: 86.38%
Round 7 | Client 2 | Model: (ResNet8) | Acc: 94.34%
Round 7 | Client 3 | Model: (ResNet18) | Acc: 94.46%
Round 7 | Client 4 | Model: (MobileNetV2) | Acc: 92.93%
Round 7 | Client 5 | Model: (MobileNetV3) | Acc: 68.78%
Round 7 | Client 6 | Model: (LeNet) | Acc: 96.17%
Round 7 | Client 7 | Model: (AlexNet) | Acc: 97.26%
Round 7 | Client 8 | Model: (ShuffleNet) | Acc: 85.63%
Round 7 | Client 9 | Model: (SqueezeNet) | Acc: 95.96%
Round 7 | Client 11 | Model: (MLP) | Acc: 80.59%
Round 7 | Client 12 | Model: (CNN) | Acc: 84.01%
Round 7 | Client 13 | Model: (ResNet8) | Acc: 85.07%
Round 7 | Client 14 | Model: (ResNet18) | Acc: 86.15%
Round 7 | Client 15 | Model: (MobileNetV2) | Acc: 81.83%
Round 7 | Client 16 | Model: (MobileNetV3) | Acc: 69.01%
Round 7 | Client 17 | Model: (LeNet) | Acc: 84.50%
Round 7 | Client 18 | Model: (AlexNet) | Acc: 84.64%
Round 7 | Client 19 | Model: (ShuffleNet) | Acc: 81.35%
Round 7 | Client 20 | Model: (SqueezeNet) | Acc: 81.79%
Round 7 | Client 22 | Model: (MLP) | Acc: 38.61%
Round 7 | Client 23 | Model: (CNN) | Acc: 42.31%
Round 7 | Client 24 | Model: (ResNet8) | Acc: 54.50%
Round 7 | Client 25 | Model: (ResNet18) | Acc: 49.28%
Round 7 | Client 26 | Model: (MobileNetV2) | Acc: 38.30%
Round 7 | Client 27 | Model: (MobileNetV3) | Acc: 38.95%
Round 7 | Client 28 | Model: (LeNet) | Acc: 43.12%
Round 7 | Client 29 | Model: (AlexNet) | Acc: 49.62%
Round 7 | Client 30 | Model: (ShuffleNet) | Acc: 32.89%
Round 7 | Client 31 | Model: (SqueezeNet) | Acc: 31.24%
Selected client ids: [0, 1, 2, 3, 4, 5, 6, 7, 8, 9, 10, 11, 12, 13, 14, 15, 16, 17, 18, 19, 20, 21, 22, 23, 24, 25, 26, 27, 28, 29]
--- Round 8 ---
Client 0 (MNIST) | Target Loss: 0.1515 | G Loss: 2.9004 | D Loss: 0.2515
Client 1 (MNIST) | Target Loss: 0.0539 | G Loss: 2.8189 | D Loss: 0.2425
Client 2 (MNIST) | Target Loss: 0.0306 | G Loss: 2.8370 | D Loss: 0.2437
Client 3 (MNIST) | Target Loss: 0.0388 | G Loss: 2.6962 | D Loss: 0.2801
Client 4 (MNIST) | Target Loss: 0.1503 | G Loss: 2.9330 | D Loss: 0.2250
Client 5 (MNIST) | Target Loss: 0.4636 | G Loss: 2.7643 | D Loss: 0.2671
Client 6 (MNIST) | Target Loss: 0.0839 | G Loss: 2.9528 | D Loss: 0.2262
Client 7 (MNIST) | Target Loss: 0.0547 | G Loss: 3.0466 | D Loss: 0.2081
Client 8 (MNIST) | Target Loss: 0.3144 | G Loss: 2.8157 | D Loss: 0.2464
Client 9 (MNIST) | Target Loss: 0.1648 | G Loss: 2.7727 | D Loss: 0.2719
Client 11 (EMNIST) | Target Loss: 0.4757 | G Loss: 6.2172 | D Loss: 0.0487
Client 12 (EMNIST) | Target Loss: 0.4409 | G Loss: 5.5808 | D Loss: 0.0664
Client 13 (EMNIST) | Target Loss: 0.3493 | G Loss: 5.9186 | D Loss: 0.0521
Client 14 (EMNIST) | Target Loss: 0.3281 | G Loss: 5.9437 | D Loss: 0.0466
Client 15 (EMNIST) | Target Loss: 0.4876 | G Loss: 5.7573 | D Loss: 0.0561
Client 16 (EMNIST) | Target Loss: 0.6917 | G Loss: 5.5674 | D Loss: 0.0548
Client 17 (EMNIST) | Target Loss: 0.3968 | G Loss: 6.1233 | D Loss: 0.0498
Client 18 (EMNIST) | Target Loss: 0.3212 | G Loss: 6.0394 | D Loss: 0.0468
Client 19 (EMNIST) | Target Loss: 0.4943 | G Loss: 6.1389 | D Loss: 0.0434
Client 20 (EMNIST) | Target Loss: 0.5126 | G Loss: 5.6095 | D Loss: 0.0634
Client 22 (CIFAR10) | Target Loss: 1.0079 | G Loss: 2.1335 | D Loss: 0.4101
Client 23 (CIFAR10) | Target Loss: 1.1504 | G Loss: 2.2032 | D Loss: 0.4191
Client 24 (CIFAR10) | Target Loss: 0.9682 | G Loss: 2.1374 | D Loss: 0.4174
Client 25 (CIFAR10) | Target Loss: 1.0391 | G Loss: 2.1060 | D Loss: 0.4253
Client 26 (CIFAR10) | Target Loss: 1.4029 | G Loss: 2.1270 | D Loss: 0.4181
Client 27 (CIFAR10) | Target Loss: 1.4851 | G Loss: 2.1420 | D Loss: 0.4214
Client 28 (CIFAR10) | Target Loss: 1.4566 | G Loss: 2.1345 | D Loss: 0.4164
Client 29 (CIFAR10) | Target Loss: 1.1486 | G Loss: 2.1740 | D Loss: 0.4164
Client 30 (CIFAR10) | Target Loss: 1.5707 | G Loss: 2.1294 | D Loss: 0.4203
Client 31 (CIFAR10) | Target Loss: 1.7160 | G Loss: 2.0997 | D Loss: 0.4376
Round 8 | Client 0 | Model: (MLP) | Acc: 94.87%
Round 8 | Client 1 | Model: (CNN) | Acc: 83.94%
Round 8 | Client 2 | Model: (ResNet8) | Acc: 93.54%
Round 8 | Client 3 | Model: (ResNet18) | Acc: 97.29%
Round 8 | Client 4 | Model: (MobileNetV2) | Acc: 94.86%
Round 8 | Client 5 | Model: (MobileNetV3) | Acc: 86.06%
Round 8 | Client 6 | Model: (LeNet) | Acc: 97.26%
Round 8 | Client 7 | Model: (AlexNet) | Acc: 96.95%
Round 8 | Client 8 | Model: (ShuffleNet) | Acc: 86.97%
Round 8 | Client 9 | Model: (SqueezeNet) | Acc: 95.41%
Round 8 | Client 11 | Model: (MLP) | Acc: 80.50%
Round 8 | Client 12 | Model: (CNN) | Acc: 82.91%
Round 8 | Client 13 | Model: (ResNet8) | Acc: 84.46%
Round 8 | Client 14 | Model: (ResNet18) | Acc: 86.24%
Round 8 | Client 15 | Model: (MobileNetV2) | Acc: 82.80%
Round 8 | Client 16 | Model: (MobileNetV3) | Acc: 74.45%
Round 8 | Client 17 | Model: (LeNet) | Acc: 84.64%
Round 8 | Client 18 | Model: (AlexNet) | Acc: 84.59%
Round 8 | Client 19 | Model: (ShuffleNet) | Acc: 80.95%
Round 8 | Client 20 | Model: (SqueezeNet) | Acc: 81.22%
Round 8 | Client 22 | Model: (MLP) | Acc: 41.13%
Round 8 | Client 23 | Model: (CNN) | Acc: 53.85%
Round 8 | Client 24 | Model: (ResNet8) | Acc: 52.68%
Round 8 | Client 25 | Model: (ResNet18) | Acc: 43.73%
Round 8 | Client 26 | Model: (MobileNetV2) | Acc: 37.67%
Round 8 | Client 27 | Model: (MobileNetV3) | Acc: 40.88%
Round 8 | Client 28 | Model: (LeNet) | Acc: 45.65%
Round 8 | Client 29 | Model: (AlexNet) | Acc: 53.19%
Round 8 | Client 30 | Model: (ShuffleNet) | Acc: 32.79%
Round 8 | Client 31 | Model: (SqueezeNet) | Acc: 34.04%
Selected client ids: [0, 1, 2, 3, 4, 5, 6, 7, 8, 9, 10, 11, 12, 13, 14, 15, 16, 17, 18, 19, 20, 21, 22, 23, 24, 25, 26, 27, 28, 29]
--- Round 9 ---
Client 0 (MNIST) | Target Loss: 0.1258 | G Loss: 2.8936 | D Loss: 0.2673
Client 1 (MNIST) | Target Loss: 0.0553 | G Loss: 3.1519 | D Loss: 0.2138
Client 2 (MNIST) | Target Loss: 0.0298 | G Loss: 3.2997 | D Loss: 0.1931
Client 3 (MNIST) | Target Loss: 0.0480 | G Loss: 3.7259 | D Loss: 0.1289
Client 4 (MNIST) | Target Loss: 0.1298 | G Loss: 3.2398 | D Loss: 0.2002
Client 5 (MNIST) | Target Loss: 0.4118 | G Loss: 3.7459 | D Loss: 0.1254
Client 6 (MNIST) | Target Loss: 0.0673 | G Loss: 3.0648 | D Loss: 0.2229
Client 7 (MNIST) | Target Loss: 0.0417 | G Loss: 3.1222 | D Loss: 0.2157
Client 8 (MNIST) | Target Loss: 0.8321 | G Loss: 2.8619 | D Loss: 0.2666
Client 9 (MNIST) | Target Loss: 0.1572 | G Loss: 3.3005 | D Loss: 0.1858
Client 11 (EMNIST) | Target Loss: 0.4573 | G Loss: 6.2343 | D Loss: 0.0451
Client 12 (EMNIST) | Target Loss: 0.4296 | G Loss: 6.4569 | D Loss: 0.0354
Client 13 (EMNIST) | Target Loss: 0.3350 | G Loss: 6.0421 | D Loss: 0.0506
Client 14 (EMNIST) | Target Loss: 0.3109 | G Loss: 5.9837 | D Loss: 0.0524
Client 15 (EMNIST) | Target Loss: 0.4709 | G Loss: 5.9627 | D Loss: 0.0528
Client 16 (EMNIST) | Target Loss: 0.6714 | G Loss: 5.8888 | D Loss: 0.0525
Client 17 (EMNIST) | Target Loss: 0.3880 | G Loss: 5.7273 | D Loss: 0.0588
Client 18 (EMNIST) | Target Loss: 0.3070 | G Loss: 6.5598 | D Loss: 0.0387
Client 19 (EMNIST) | Target Loss: 0.4810 | G Loss: 6.0777 | D Loss: 0.0513
Client 20 (EMNIST) | Target Loss: 0.5046 | G Loss: 6.0449 | D Loss: 0.0502
Client 22 (CIFAR10) | Target Loss: 0.8697 | G Loss: 2.2154 | D Loss: 0.3993
Client 23 (CIFAR10) | Target Loss: 1.1113 | G Loss: 2.2698 | D Loss: 0.3934
Client 24 (CIFAR10) | Target Loss: 0.8885 | G Loss: 2.2365 | D Loss: 0.3990
Client 25 (CIFAR10) | Target Loss: 0.9206 | G Loss: 2.1990 | D Loss: 0.4002
Client 26 (CIFAR10) | Target Loss: 1.3495 | G Loss: 2.2517 | D Loss: 0.3841
Client 27 (CIFAR10) | Target Loss: 1.4612 | G Loss: 2.2266 | D Loss: 0.3916
Client 28 (CIFAR10) | Target Loss: 1.4191 | G Loss: 2.1751 | D Loss: 0.3950
Client 29 (CIFAR10) | Target Loss: 1.0699 | G Loss: 2.2195 | D Loss: 0.3938
Client 30 (CIFAR10) | Target Loss: 1.5208 | G Loss: 2.2513 | D Loss: 0.3843
Client 31 (CIFAR10) | Target Loss: 1.6389 | G Loss: 2.2246 | D Loss: 0.3976
Round 9 | Client 0 | Model: (MLP) | Acc: 94.44%
Round 9 | Client 1 | Model: (CNN) | Acc: 72.98%
Round 9 | Client 2 | Model: (ResNet8) | Acc: 93.66%
Round 9 | Client 3 | Model: (ResNet18) | Acc: 98.30%
Round 9 | Client 4 | Model: (MobileNetV2) | Acc: 92.61%
Round 9 | Client 5 | Model: (MobileNetV3) | Acc: 87.29%
Round 9 | Client 6 | Model: (LeNet) | Acc: 96.83%
Round 9 | Client 7 | Model: (AlexNet) | Acc: 97.79%
Round 9 | Client 8 | Model: (ShuffleNet) | Acc: 78.62%
Round 9 | Client 9 | Model: (SqueezeNet) | Acc: 95.41%
Round 9 | Client 11 | Model: (MLP) | Acc: 80.58%
Round 9 | Client 12 | Model: (CNN) | Acc: 85.01%
Round 9 | Client 13 | Model: (ResNet8) | Acc: 85.21%
Round 9 | Client 14 | Model: (ResNet18) | Acc: 85.91%
Round 9 | Client 15 | Model: (MobileNetV2) | Acc: 82.82%
Round 9 | Client 16 | Model: (MobileNetV3) | Acc: 70.93%
Round 9 | Client 17 | Model: (LeNet) | Acc: 83.49%
Round 9 | Client 18 | Model: (AlexNet) | Acc: 84.58%
Round 9 | Client 19 | Model: (ShuffleNet) | Acc: 82.18%
Round 9 | Client 20 | Model: (SqueezeNet) | Acc: 82.48%
Round 9 | Client 22 | Model: (MLP) | Acc: 36.21%
Round 9 | Client 23 | Model: (CNN) | Acc: 47.25%
Round 9 | Client 24 | Model: (ResNet8) | Acc: 49.36%
Round 9 | Client 25 | Model: (ResNet18) | Acc: 53.94%
Round 9 | Client 26 | Model: (MobileNetV2) | Acc: 39.35%
Round 9 | Client 27 | Model: (MobileNetV3) | Acc: 41.42%
Round 9 | Client 28 | Model: (LeNet) | Acc: 45.87%
Round 9 | Client 29 | Model: (AlexNet) | Acc: 53.62%
Round 9 | Client 30 | Model: (ShuffleNet) | Acc: 34.87%
Round 9 | Client 31 | Model: (SqueezeNet) | Acc: 35.06%
Selected client ids: [0, 1, 2, 3, 4, 5, 6, 7, 8, 9, 10, 11, 12, 13, 14, 15, 16, 17, 18, 19, 20, 21, 22, 23, 24, 25, 26, 27, 28, 29]
--- Round 10 ---
Client 0 (MNIST) | Target Loss: 0.1306 | G Loss: 3.8444 | D Loss: 0.1357
Client 1 (MNIST) | Target Loss: 0.0502 | G Loss: 3.1063 | D Loss: 0.2345
Client 2 (MNIST) | Target Loss: 0.0210 | G Loss: 3.0570 | D Loss: 0.2394
Client 3 (MNIST) | Target Loss: 0.0962 | G Loss: 2.6084 | D Loss: 0.3117
Client 4 (MNIST) | Target Loss: 0.1217 | G Loss: 3.4331 | D Loss: 0.2107
Client 5 (MNIST) | Target Loss: 0.4059 | G Loss: 2.7199 | D Loss: 0.2923
Client 6 (MNIST) | Target Loss: 0.0608 | G Loss: 3.6371 | D Loss: 0.1527
Client 7 (MNIST) | Target Loss: 0.0203 | G Loss: 3.5089 | D Loss: 0.1819
Client 8 (MNIST) | Target Loss: 0.6224 | G Loss: 3.3106 | D Loss: 0.2101
Client 9 (MNIST) | Target Loss: 0.1415 | G Loss: 3.3884 | D Loss: 0.1896
Client 11 (EMNIST) | Target Loss: 0.4481 | G Loss: 6.7056 | D Loss: 0.0263
Client 12 (EMNIST) | Target Loss: 0.4169 | G Loss: 5.9874 | D Loss: 0.0514
Client 13 (EMNIST) | Target Loss: 0.3205 | G Loss: 6.9827 | D Loss: 0.0206
Client 14 (EMNIST) | Target Loss: 0.2974 | G Loss: 6.2607 | D Loss: 0.0427
Client 15 (EMNIST) | Target Loss: 0.4571 | G Loss: 5.9732 | D Loss: 0.0471
Client 16 (EMNIST) | Target Loss: 0.6508 | G Loss: 6.5473 | D Loss: 0.0324
Client 17 (EMNIST) | Target Loss: 0.3769 | G Loss: 6.5328 | D Loss: 0.0346
Client 18 (EMNIST) | Target Loss: 0.2872 | G Loss: 6.1158 | D Loss: 0.0401
Client 19 (EMNIST) | Target Loss: 0.4643 | G Loss: 6.1709 | D Loss: 0.0459
Client 20 (EMNIST) | Target Loss: 0.4902 | G Loss: 6.0895 | D Loss: 0.0463
Client 22 (CIFAR10) | Target Loss: 0.8182 | G Loss: 2.1791 | D Loss: 0.3834
Client 23 (CIFAR10) | Target Loss: 1.0642 | G Loss: 2.1564 | D Loss: 0.3799
Client 24 (CIFAR10) | Target Loss: 0.7996 | G Loss: 2.2341 | D Loss: 0.3860
Client 25 (CIFAR10) | Target Loss: 0.7803 | G Loss: 2.1567 | D Loss: 0.3871
Client 26 (CIFAR10) | Target Loss: 1.2931 | G Loss: 2.1560 | D Loss: 0.3804
Client 27 (CIFAR10) | Target Loss: 1.4460 | G Loss: 2.1920 | D Loss: 0.3811
Client 28 (CIFAR10) | Target Loss: 1.3483 | G Loss: 2.2287 | D Loss: 0.3813
Client 29 (CIFAR10) | Target Loss: 1.0023 | G Loss: 2.2130 | D Loss: 0.3815
Client 30 (CIFAR10) | Target Loss: 1.4473 | G Loss: 2.1778 | D Loss: 0.3839
Client 31 (CIFAR10) | Target Loss: 1.5769 | G Loss: 2.1498 | D Loss: 0.3836
Round 10 | Client 0 | Model: (MLP) | Acc: 93.68%
Round 10 | Client 1 | Model: (CNN) | Acc: 92.80%
Round 10 | Client 2 | Model: (ResNet8) | Acc: 95.81%
Round 10 | Client 3 | Model: (ResNet18) | Acc: 98.08%
Round 10 | Client 4 | Model: (MobileNetV2) | Acc: 94.65%
Round 10 | Client 5 | Model: (MobileNetV3) | Acc: 74.92%
Round 10 | Client 6 | Model: (LeNet) | Acc: 97.48%
Round 10 | Client 7 | Model: (AlexNet) | Acc: 98.11%
Round 10 | Client 8 | Model: (ShuffleNet) | Acc: 81.63%
Round 10 | Client 9 | Model: (SqueezeNet) | Acc: 94.64%
Round 10 | Client 11 | Model: (MLP) | Acc: 79.77%
Round 10 | Client 12 | Model: (CNN) | Acc: 82.88%
Round 10 | Client 13 | Model: (ResNet8) | Acc: 85.33%
Round 10 | Client 14 | Model: (ResNet18) | Acc: 86.41%
Round 10 | Client 15 | Model: (MobileNetV2) | Acc: 82.59%
Round 10 | Client 16 | Model: (MobileNetV3) | Acc: 65.37%
Round 10 | Client 17 | Model: (LeNet) | Acc: 83.97%
Round 10 | Client 18 | Model: (AlexNet) | Acc: 84.68%
Round 10 | Client 19 | Model: (ShuffleNet) | Acc: 81.77%
Round 10 | Client 20 | Model: (SqueezeNet) | Acc: 81.61%
Round 10 | Client 22 | Model: (MLP) | Acc: 38.37%
Round 10 | Client 23 | Model: (CNN) | Acc: 54.29%
Round 10 | Client 24 | Model: (ResNet8) | Acc: 52.36%
Round 10 | Client 25 | Model: (ResNet18) | Acc: 56.27%
Round 10 | Client 26 | Model: (MobileNetV2) | Acc: 40.71%
Round 10 | Client 27 | Model: (MobileNetV3) | Acc: 39.70%
Round 10 | Client 28 | Model: (LeNet) | Acc: 47.08%
Round 10 | Client 29 | Model: (AlexNet) | Acc: 52.00%
Round 10 | Client 30 | Model: (ShuffleNet) | Acc: 33.22%
Round 10 | Client 31 | Model: (SqueezeNet) | Acc: 32.25%
Selected client ids: [0, 1, 2, 3, 4, 5, 6, 7, 8, 9, 10, 11, 12, 13, 14, 15, 16, 17, 18, 19, 20, 21, 22, 23, 24, 25, 26, 27, 28, 29]
--- Round 11 ---
Client 0 (MNIST) | Target Loss: 0.1001 | G Loss: 3.1500 | D Loss: 0.2371
Client 1 (MNIST) | Target Loss: 0.0394 | G Loss: 2.8216 | D Loss: 0.2822
Client 2 (MNIST) | Target Loss: 0.0402 | G Loss: 2.8908 | D Loss: 0.2691
Client 3 (MNIST) | Target Loss: 0.0553 | G Loss: 3.1619 | D Loss: 0.2373
Client 4 (MNIST) | Target Loss: 0.1398 | G Loss: 3.4168 | D Loss: 0.1959
Client 5 (MNIST) | Target Loss: 0.3957 | G Loss: 3.6497 | D Loss: 0.1636
Client 6 (MNIST) | Target Loss: 0.0630 | G Loss: 2.8700 | D Loss: 0.2723
Client 7 (MNIST) | Target Loss: 0.0297 | G Loss: 3.3446 | D Loss: 0.2040
Client 8 (MNIST) | Target Loss: 0.5897 | G Loss: 2.9887 | D Loss: 0.2539
Client 9 (MNIST) | Target Loss: 0.1156 | G Loss: 2.7689 | D Loss: 0.2919
Client 11 (EMNIST) | Target Loss: 0.4366 | G Loss: 5.9689 | D Loss: 0.0533
Client 12 (EMNIST) | Target Loss: 0.4096 | G Loss: 6.5675 | D Loss: 0.0362
Client 13 (EMNIST) | Target Loss: 0.3068 | G Loss: 6.2052 | D Loss: 0.0470
Client 14 (EMNIST) | Target Loss: 0.2858 | G Loss: 6.3809 | D Loss: 0.0382
Client 15 (EMNIST) | Target Loss: 0.4427 | G Loss: 6.9828 | D Loss: 0.0237
Client 16 (EMNIST) | Target Loss: 0.6357 | G Loss: 5.7933 | D Loss: 0.0557
Client 17 (EMNIST) | Target Loss: 0.3650 | G Loss: 6.4838 | D Loss: 0.0393
Client 18 (EMNIST) | Target Loss: 0.2746 | G Loss: 6.3283 | D Loss: 0.0391
Client 19 (EMNIST) | Target Loss: 0.4517 | G Loss: 5.9534 | D Loss: 0.0497
Client 20 (EMNIST) | Target Loss: 0.4786 | G Loss: 6.7375 | D Loss: 0.0366
Client 22 (CIFAR10) | Target Loss: 0.6984 | G Loss: 2.1324 | D Loss: 0.3917
Client 23 (CIFAR10) | Target Loss: 1.0199 | G Loss: 2.0704 | D Loss: 0.4096
Client 24 (CIFAR10) | Target Loss: 0.7084 | G Loss: 2.1336 | D Loss: 0.3920
Client 25 (CIFAR10) | Target Loss: 0.6239 | G Loss: 2.1259 | D Loss: 0.3984
Client 26 (CIFAR10) | Target Loss: 1.2083 | G Loss: 2.1543 | D Loss: 0.4027
Client 27 (CIFAR10) | Target Loss: 1.4134 | G Loss: 2.1498 | D Loss: 0.3805
Client 28 (CIFAR10) | Target Loss: 1.3196 | G Loss: 2.1525 | D Loss: 0.3788
Client 29 (CIFAR10) | Target Loss: 0.9030 | G Loss: 2.1451 | D Loss: 0.3855
Client 30 (CIFAR10) | Target Loss: 1.4286 | G Loss: 2.0891 | D Loss: 0.4095
Client 31 (CIFAR10) | Target Loss: 1.5629 | G Loss: 2.1001 | D Loss: 0.4024
Round 11 | Client 0 | Model: (MLP) | Acc: 95.09%
Round 11 | Client 1 | Model: (CNN) | Acc: 89.48%
Round 11 | Client 2 | Model: (ResNet8) | Acc: 90.15%
Round 11 | Client 3 | Model: (ResNet18) | Acc: 97.96%
Round 11 | Client 4 | Model: (MobileNetV2) | Acc: 94.33%
Round 11 | Client 5 | Model: (MobileNetV3) | Acc: 84.95%
Round 11 | Client 6 | Model: (LeNet) | Acc: 96.94%
Round 11 | Client 7 | Model: (AlexNet) | Acc: 97.16%
Round 11 | Client 8 | Model: (ShuffleNet) | Acc: 85.30%
Round 11 | Client 9 | Model: (SqueezeNet) | Acc: 96.61%
Round 11 | Client 11 | Model: (MLP) | Acc: 80.66%
Round 11 | Client 12 | Model: (CNN) | Acc: 82.69%
Round 11 | Client 13 | Model: (ResNet8) | Acc: 85.18%
Round 11 | Client 14 | Model: (ResNet18) | Acc: 86.04%
Round 11 | Client 15 | Model: (MobileNetV2) | Acc: 82.96%
Round 11 | Client 16 | Model: (MobileNetV3) | Acc: 77.68%
Round 11 | Client 17 | Model: (LeNet) | Acc: 84.71%
Round 11 | Client 18 | Model: (AlexNet) | Acc: 83.92%
Round 11 | Client 19 | Model: (ShuffleNet) | Acc: 81.81%
Round 11 | Client 20 | Model: (SqueezeNet) | Acc: 83.00%
Round 11 | Client 22 | Model: (MLP) | Acc: 41.85%
Round 11 | Client 23 | Model: (CNN) | Acc: 52.75%
Round 11 | Client 24 | Model: (ResNet8) | Acc: 50.21%
Round 11 | Client 25 | Model: (ResNet18) | Acc: 62.49%
Round 11 | Client 26 | Model: (MobileNetV2) | Acc: 38.93%
Round 11 | Client 27 | Model: (MobileNetV3) | Acc: 42.27%
Round 11 | Client 28 | Model: (LeNet) | Acc: 48.95%
Round 11 | Client 29 | Model: (AlexNet) | Acc: 54.05%
Round 11 | Client 30 | Model: (ShuffleNet) | Acc: 34.10%
Round 11 | Client 31 | Model: (SqueezeNet) | Acc: 33.37%
Selected client ids: [0, 1, 2, 3, 4, 5, 6, 7, 8, 9, 10, 11, 12, 13, 14, 15, 16, 17, 18, 19, 20, 21, 22, 23, 24, 25, 26, 27, 28, 29]
--- Round 12 ---
Client 0 (MNIST) | Target Loss: 0.1162 | G Loss: 3.3979 | D Loss: 0.2117
Client 1 (MNIST) | Target Loss: 0.0300 | G Loss: 4.2789 | D Loss: 0.0889
Client 2 (MNIST) | Target Loss: 0.0242 | G Loss: 3.6575 | D Loss: 0.1684
Client 3 (MNIST) | Target Loss: 0.0186 | G Loss: 3.5797 | D Loss: 0.1775
Client 4 (MNIST) | Target Loss: 0.1076 | G Loss: 3.0322 | D Loss: 0.2664
Client 5 (MNIST) | Target Loss: 0.3615 | G Loss: 2.8499 | D Loss: 0.2792
Client 6 (MNIST) | Target Loss: 0.0481 | G Loss: 4.0253 | D Loss: 0.1194
Client 7 (MNIST) | Target Loss: 0.0320 | G Loss: 3.0976 | D Loss: 0.2487
Client 8 (MNIST) | Target Loss: 0.4189 | G Loss: 2.6979 | D Loss: 0.3094
Client 9 (MNIST) | Target Loss: 0.1058 | G Loss: 3.6822 | D Loss: 0.1630
Client 11 (EMNIST) | Target Loss: 0.4260 | G Loss: 6.3228 | D Loss: 0.0403
Client 12 (EMNIST) | Target Loss: 0.4009 | G Loss: 6.5187 | D Loss: 0.0308
Client 13 (EMNIST) | Target Loss: 0.2945 | G Loss: 6.5577 | D Loss: 0.0370
Client 14 (EMNIST) | Target Loss: 0.2696 | G Loss: 6.1614 | D Loss: 0.0488
Client 15 (EMNIST) | Target Loss: 0.4330 | G Loss: 6.1023 | D Loss: 0.0532
Client 16 (EMNIST) | Target Loss: 0.6197 | G Loss: 6.8915 | D Loss: 0.0328
Client 17 (EMNIST) | Target Loss: 0.3575 | G Loss: 6.4932 | D Loss: 0.0378
Client 18 (EMNIST) | Target Loss: 0.2590 | G Loss: 6.8519 | D Loss: 0.0328
Client 19 (EMNIST) | Target Loss: 0.4402 | G Loss: 6.8709 | D Loss: 0.0282
Client 20 (EMNIST) | Target Loss: 0.4699 | G Loss: 7.1145 | D Loss: 0.0241
Client 22 (CIFAR10) | Target Loss: 0.5630 | G Loss: 2.1140 | D Loss: 0.3760
Client 23 (CIFAR10) | Target Loss: 1.0151 | G Loss: 2.0959 | D Loss: 0.3757
Client 24 (CIFAR10) | Target Loss: 0.6231 | G Loss: 2.1233 | D Loss: 0.3858
Client 25 (CIFAR10) | Target Loss: 0.5570 | G Loss: 2.1207 | D Loss: 0.3829
Client 26 (CIFAR10) | Target Loss: 1.1803 | G Loss: 2.1142 | D Loss: 0.3802
Client 27 (CIFAR10) | Target Loss: 1.3932 | G Loss: 2.0890 | D Loss: 0.3859
Client 28 (CIFAR10) | Target Loss: 1.2809 | G Loss: 2.0836 | D Loss: 0.3875
Client 29 (CIFAR10) | Target Loss: 0.8030 | G Loss: 2.0865 | D Loss: 0.3930
Client 30 (CIFAR10) | Target Loss: 1.3793 | G Loss: 2.1060 | D Loss: 0.3962
Client 31 (CIFAR10) | Target Loss: 1.5168 | G Loss: 2.0926 | D Loss: 0.3791
Round 12 | Client 0 | Model: (MLP) | Acc: 92.04%
Round 12 | Client 1 | Model: (CNN) | Acc: 95.46%
Round 12 | Client 2 | Model: (ResNet8) | Acc: 96.49%
Round 12 | Client 3 | Model: (ResNet18) | Acc: 98.19%
Round 12 | Client 4 | Model: (MobileNetV2) | Acc: 95.40%
Round 12 | Client 5 | Model: (MobileNetV3) | Acc: 83.84%
Round 12 | Client 6 | Model: (LeNet) | Acc: 97.37%
Round 12 | Client 7 | Model: (AlexNet) | Acc: 96.84%
Round 12 | Client 8 | Model: (ShuffleNet) | Acc: 86.86%
Round 12 | Client 9 | Model: (SqueezeNet) | Acc: 96.50%
Round 12 | Client 11 | Model: (MLP) | Acc: 81.00%
Round 12 | Client 12 | Model: (CNN) | Acc: 85.05%
Round 12 | Client 13 | Model: (ResNet8) | Acc: 84.68%
Round 12 | Client 14 | Model: (ResNet18) | Acc: 85.76%
Round 12 | Client 15 | Model: (MobileNetV2) | Acc: 83.41%
Round 12 | Client 16 | Model: (MobileNetV3) | Acc: 77.87%
Round 12 | Client 17 | Model: (LeNet) | Acc: 84.78%
Round 12 | Client 18 | Model: (AlexNet) | Acc: 84.81%
Round 12 | Client 19 | Model: (ShuffleNet) | Acc: 82.38%
Round 12 | Client 20 | Model: (SqueezeNet) | Acc: 82.85%
Round 12 | Client 22 | Model: (MLP) | Acc: 43.05%
Round 12 | Client 23 | Model: (CNN) | Acc: 54.29%
Round 12 | Client 24 | Model: (ResNet8) | Acc: 59.96%
Round 12 | Client 25 | Model: (ResNet18) | Acc: 53.27%
Round 12 | Client 26 | Model: (MobileNetV2) | Acc: 39.66%
Round 12 | Client 27 | Model: (MobileNetV3) | Acc: 41.95%
Round 12 | Client 28 | Model: (LeNet) | Acc: 46.86%
Round 12 | Client 29 | Model: (AlexNet) | Acc: 53.08%
Round 12 | Client 30 | Model: (ShuffleNet) | Acc: 35.86%
Round 12 | Client 31 | Model: (SqueezeNet) | Acc: 33.93%
Selected client ids: [0, 1, 2, 3, 4, 5, 6, 7, 8, 9, 10, 11, 12, 13, 14, 15, 16, 17, 18, 19, 20, 21, 22, 23, 24, 25, 26, 27, 28, 29]
--- Round 13 ---
Client 0 (MNIST) | Target Loss: 0.0960 | G Loss: 3.6437 | D Loss: 0.1713
Client 1 (MNIST) | Target Loss: 0.0405 | G Loss: 2.4100 | D Loss: 0.3497
Client 2 (MNIST) | Target Loss: 0.0085 | G Loss: 2.7234 | D Loss: 0.3027
Client 3 (MNIST) | Target Loss: 0.0121 | G Loss: 3.3853 | D Loss: 0.2052
Client 4 (MNIST) | Target Loss: 0.0891 | G Loss: 2.3615 | D Loss: 0.3664
Client 5 (MNIST) | Target Loss: 0.3310 | G Loss: 3.3093 | D Loss: 0.2170
Client 6 (MNIST) | Target Loss: 0.0472 | G Loss: 2.6420 | D Loss: 0.3217
Client 7 (MNIST) | Target Loss: 0.0214 | G Loss: 2.3449 | D Loss: 0.3561
Client 8 (MNIST) | Target Loss: 0.3438 | G Loss: 2.5985 | D Loss: 0.3208
Client 9 (MNIST) | Target Loss: 0.0932 | G Loss: 2.6802 | D Loss: 0.3110
Client 11 (EMNIST) | Target Loss: 0.4183 | G Loss: 6.8208 | D Loss: 0.0338
Client 12 (EMNIST) | Target Loss: 0.3902 | G Loss: 6.3064 | D Loss: 0.0403
Client 13 (EMNIST) | Target Loss: 0.2792 | G Loss: 6.8019 | D Loss: 0.0320
Client 14 (EMNIST) | Target Loss: 0.2576 | G Loss: 6.4544 | D Loss: 0.0346
Client 15 (EMNIST) | Target Loss: 0.4260 | G Loss: 6.6713 | D Loss: 0.0323
Client 16 (EMNIST) | Target Loss: 0.6054 | G Loss: 6.4387 | D Loss: 0.0396
Client 17 (EMNIST) | Target Loss: 0.3513 | G Loss: 7.2829 | D Loss: 0.0204
Client 18 (EMNIST) | Target Loss: 0.2434 | G Loss: 6.2671 | D Loss: 0.0390
Client 19 (EMNIST) | Target Loss: 0.4312 | G Loss: 6.4247 | D Loss: 0.0406
Client 20 (EMNIST) | Target Loss: 0.4619 | G Loss: 6.6113 | D Loss: 0.0346
Client 22 (CIFAR10) | Target Loss: 0.5296 | G Loss: 2.0597 | D Loss: 0.3737
Client 23 (CIFAR10) | Target Loss: 0.9528 | G Loss: 1.9975 | D Loss: 0.3839
Client 24 (CIFAR10) | Target Loss: 0.5142 | G Loss: 1.9937 | D Loss: 0.3858
Client 25 (CIFAR10) | Target Loss: 0.3782 | G Loss: 2.0440 | D Loss: 0.3968
Client 26 (CIFAR10) | Target Loss: 1.1074 | G Loss: 2.0802 | D Loss: 0.3786
Client 27 (CIFAR10) | Target Loss: 1.3713 | G Loss: 2.0087 | D Loss: 0.3863
Client 28 (CIFAR10) | Target Loss: 1.2310 | G Loss: 2.0730 | D Loss: 0.3841
Client 29 (CIFAR10) | Target Loss: 0.6973 | G Loss: 2.0384 | D Loss: 0.3889
Client 30 (CIFAR10) | Target Loss: 1.3324 | G Loss: 2.0190 | D Loss: 0.3921
Client 31 (CIFAR10) | Target Loss: 1.4688 | G Loss: 1.9927 | D Loss: 0.4129
Round 13 | Client 0 | Model: (MLP) | Acc: 92.91%
Round 13 | Client 1 | Model: (CNN) | Acc: 93.02%
Round 13 | Client 2 | Model: (ResNet8) | Acc: 97.85%
Round 13 | Client 3 | Model: (ResNet18) | Acc: 98.64%
Round 13 | Client 4 | Model: (MobileNetV2) | Acc: 96.25%
Round 13 | Client 5 | Model: (MobileNetV3) | Acc: 80.16%
Round 13 | Client 6 | Model: (LeNet) | Acc: 97.37%
Round 13 | Client 7 | Model: (AlexNet) | Acc: 96.84%
Round 13 | Client 8 | Model: (ShuffleNet) | Acc: 82.96%
Round 13 | Client 9 | Model: (SqueezeNet) | Acc: 96.83%
Round 13 | Client 11 | Model: (MLP) | Acc: 80.14%
Round 13 | Client 12 | Model: (CNN) | Acc: 84.36%
Round 13 | Client 13 | Model: (ResNet8) | Acc: 85.44%
Round 13 | Client 14 | Model: (ResNet18) | Acc: 85.80%
Round 13 | Client 15 | Model: (MobileNetV2) | Acc: 83.52%
Round 13 | Client 16 | Model: (MobileNetV3) | Acc: 78.59%
Round 13 | Client 17 | Model: (LeNet) | Acc: 84.43%
Round 13 | Client 18 | Model: (AlexNet) | Acc: 83.72%
Round 13 | Client 19 | Model: (ShuffleNet) | Acc: 82.59%
Round 13 | Client 20 | Model: (SqueezeNet) | Acc: 82.80%
Round 13 | Client 22 | Model: (MLP) | Acc: 40.05%
Round 13 | Client 23 | Model: (CNN) | Acc: 47.47%
Round 13 | Client 24 | Model: (ResNet8) | Acc: 52.03%
Round 13 | Client 25 | Model: (ResNet18) | Acc: 59.60%
Round 13 | Client 26 | Model: (MobileNetV2) | Acc: 39.14%
Round 13 | Client 27 | Model: (MobileNetV3) | Acc: 40.67%
Round 13 | Client 28 | Model: (LeNet) | Acc: 50.61%
Round 13 | Client 29 | Model: (AlexNet) | Acc: 52.86%
Round 13 | Client 30 | Model: (ShuffleNet) | Acc: 33.33%
Round 13 | Client 31 | Model: (SqueezeNet) | Acc: 33.93%
Selected client ids: [0, 1, 2, 3, 4, 5, 6, 7, 8, 9, 10, 11, 12, 13, 14, 15, 16, 17, 18, 19, 20, 21, 22, 23, 24, 25, 26, 27, 28, 29]
--- Round 14 ---
Client 0 (MNIST) | Target Loss: 0.0735 | G Loss: 2.9878 | D Loss: 0.2586
Client 1 (MNIST) | Target Loss: 0.0278 | G Loss: 3.1162 | D Loss: 0.2454
Client 2 (MNIST) | Target Loss: 0.0076 | G Loss: 3.3510 | D Loss: 0.2085
Client 3 (MNIST) | Target Loss: 0.0070 | G Loss: 2.7998 | D Loss: 0.2904
Client 4 (MNIST) | Target Loss: 0.0709 | G Loss: 3.5748 | D Loss: 0.1839
Client 5 (MNIST) | Target Loss: 0.2872 | G Loss: 3.3637 | D Loss: 0.2103
Client 6 (MNIST) | Target Loss: 0.0371 | G Loss: 3.0435 | D Loss: 0.2506
Client 7 (MNIST) | Target Loss: 0.0213 | G Loss: 3.0343 | D Loss: 0.2618
Client 8 (MNIST) | Target Loss: 0.9019 | G Loss: 3.1992 | D Loss: 0.2371
Client 9 (MNIST) | Target Loss: 0.1023 | G Loss: 3.1291 | D Loss: 0.2442
Client 11 (EMNIST) | Target Loss: 0.4083 | G Loss: 6.9592 | D Loss: 0.0290
Client 12 (EMNIST) | Target Loss: 0.3822 | G Loss: 6.3729 | D Loss: 0.0458
Client 13 (EMNIST) | Target Loss: 0.2682 | G Loss: 6.7993 | D Loss: 0.0327
Client 14 (EMNIST) | Target Loss: 0.2412 | G Loss: 6.9088 | D Loss: 0.0289
Client 15 (EMNIST) | Target Loss: 0.4165 | G Loss: 6.7133 | D Loss: 0.0316
Client 16 (EMNIST) | Target Loss: 0.5921 | G Loss: 7.1077 | D Loss: 0.0275
Client 17 (EMNIST) | Target Loss: 0.3415 | G Loss: 6.9489 | D Loss: 0.0321
Client 18 (EMNIST) | Target Loss: 0.2331 | G Loss: 6.6851 | D Loss: 0.0319
Client 19 (EMNIST) | Target Loss: 0.4233 | G Loss: 6.9098 | D Loss: 0.0367
Client 20 (EMNIST) | Target Loss: 0.4627 | G Loss: 6.5817 | D Loss: 0.0381
Client 22 (CIFAR10) | Target Loss: 0.4993 | G Loss: 2.0113 | D Loss: 0.3866
Client 23 (CIFAR10) | Target Loss: 0.9330 | G Loss: 2.0524 | D Loss: 0.3984
Client 24 (CIFAR10) | Target Loss: 0.4601 | G Loss: 1.9638 | D Loss: 0.3995
Client 25 (CIFAR10) | Target Loss: 0.3143 | G Loss: 1.9899 | D Loss: 0.3994
Client 26 (CIFAR10) | Target Loss: 1.0495 | G Loss: 2.0691 | D Loss: 0.3816
Client 27 (CIFAR10) | Target Loss: 1.3432 | G Loss: 2.0471 | D Loss: 0.3812
Client 28 (CIFAR10) | Target Loss: 1.1743 | G Loss: 2.0404 | D Loss: 0.3777
Client 29 (CIFAR10) | Target Loss: 0.6139 | G Loss: 2.0544 | D Loss: 0.3971
Client 30 (CIFAR10) | Target Loss: 1.2930 | G Loss: 1.9710 | D Loss: 0.3904
Client 31 (CIFAR10) | Target Loss: 1.4504 | G Loss: 1.9436 | D Loss: 0.4179
Round 14 | Client 0 | Model: (MLP) | Acc: 93.35%
Round 14 | Client 1 | Model: (CNN) | Acc: 94.46%
Round 14 | Client 2 | Model: (ResNet8) | Acc: 98.41%
Round 14 | Client 3 | Model: (ResNet18) | Acc: 98.87%
Round 14 | Client 4 | Model: (MobileNetV2) | Acc: 94.97%
Round 14 | Client 5 | Model: (MobileNetV3) | Acc: 85.51%
Round 14 | Client 6 | Model: (LeNet) | Acc: 97.81%
Round 14 | Client 7 | Model: (AlexNet) | Acc: 98.11%
Round 14 | Client 8 | Model: (ShuffleNet) | Acc: 78.06%
Round 14 | Client 9 | Model: (SqueezeNet) | Acc: 96.39%
Round 14 | Client 11 | Model: (MLP) | Acc: 80.34%
Round 14 | Client 12 | Model: (CNN) | Acc: 84.81%
Round 14 | Client 13 | Model: (ResNet8) | Acc: 85.49%
Round 14 | Client 14 | Model: (ResNet18) | Acc: 85.87%
Round 14 | Client 15 | Model: (MobileNetV2) | Acc: 84.20%
Round 14 | Client 16 | Model: (MobileNetV3) | Acc: 78.49%
Round 14 | Client 17 | Model: (LeNet) | Acc: 84.77%
Round 14 | Client 18 | Model: (AlexNet) | Acc: 83.78%
Round 14 | Client 19 | Model: (ShuffleNet) | Acc: 82.64%
Round 14 | Client 20 | Model: (SqueezeNet) | Acc: 83.13%
Round 14 | Client 22 | Model: (MLP) | Acc: 41.25%
Round 14 | Client 23 | Model: (CNN) | Acc: 53.74%
Round 14 | Client 24 | Model: (ResNet8) | Acc: 43.36%
Round 14 | Client 25 | Model: (ResNet18) | Acc: 57.82%
Round 14 | Client 26 | Model: (MobileNetV2) | Acc: 38.41%
Round 14 | Client 27 | Model: (MobileNetV3) | Acc: 41.95%
Round 14 | Client 28 | Model: (LeNet) | Acc: 50.39%
Round 14 | Client 29 | Model: (AlexNet) | Acc: 56.22%
Round 14 | Client 30 | Model: (ShuffleNet) | Acc: 35.75%
Round 14 | Client 31 | Model: (SqueezeNet) | Acc: 36.85%
Selected client ids: [0, 1, 2, 3, 4, 5, 6, 7, 8, 9, 10, 11, 12, 13, 14, 15, 16, 17, 18, 19, 20, 21, 22, 23, 24, 25, 26, 27, 28, 29]
--- Round 15 ---
Client 0 (MNIST) | Target Loss: 0.1056 | G Loss: 3.3981 | D Loss: 0.2024
Client 1 (MNIST) | Target Loss: 0.0215 | G Loss: 2.9851 | D Loss: 0.2655
Client 2 (MNIST) | Target Loss: 0.0041 | G Loss: 3.4150 | D Loss: 0.1903
Client 3 (MNIST) | Target Loss: 0.0205 | G Loss: 2.9750 | D Loss: 0.2541
Client 4 (MNIST) | Target Loss: 0.0938 | G Loss: 2.9752 | D Loss: 0.2618
Client 5 (MNIST) | Target Loss: 0.2740 | G Loss: 3.3244 | D Loss: 0.2107
Client 6 (MNIST) | Target Loss: 0.0322 | G Loss: 3.4242 | D Loss: 0.1925
Client 7 (MNIST) | Target Loss: 0.0150 | G Loss: 3.3228 | D Loss: 0.2100
Client 8 (MNIST) | Target Loss: 0.6600 | G Loss: 4.5897 | D Loss: 0.0762
Client 9 (MNIST) | Target Loss: 0.1145 | G Loss: 3.1149 | D Loss: 0.2423
Client 11 (EMNIST) | Target Loss: 0.3971 | G Loss: 7.1738 | D Loss: 0.0304
Client 12 (EMNIST) | Target Loss: 0.3742 | G Loss: 6.4751 | D Loss: 0.0389
Client 13 (EMNIST) | Target Loss: 0.2524 | G Loss: 7.4412 | D Loss: 0.0272
Client 14 (EMNIST) | Target Loss: 0.2310 | G Loss: 6.9998 | D Loss: 0.0270
Client 15 (EMNIST) | Target Loss: 0.4084 | G Loss: 6.7306 | D Loss: 0.0387
Client 16 (EMNIST) | Target Loss: 0.5857 | G Loss: 7.4747 | D Loss: 0.0209
Client 17 (EMNIST) | Target Loss: 0.3337 | G Loss: 7.0444 | D Loss: 0.0255
Client 18 (EMNIST) | Target Loss: 0.2175 | G Loss: 7.1589 | D Loss: 0.0279
Client 19 (EMNIST) | Target Loss: 0.4131 | G Loss: 6.7394 | D Loss: 0.0332
Client 20 (EMNIST) | Target Loss: 0.4482 | G Loss: 7.0041 | D Loss: 0.0323
Client 22 (CIFAR10) | Target Loss: 0.3617 | G Loss: 1.9401 | D Loss: 0.3970
Client 23 (CIFAR10) | Target Loss: 0.8934 | G Loss: 2.0090 | D Loss: 0.3810
Client 24 (CIFAR10) | Target Loss: 0.3694 | G Loss: 1.9862 | D Loss: 0.3888
Client 25 (CIFAR10) | Target Loss: 0.2333 | G Loss: 1.9529 | D Loss: 0.3694
Client 26 (CIFAR10) | Target Loss: 0.9861 | G Loss: 2.0395 | D Loss: 0.3776
Client 27 (CIFAR10) | Target Loss: 1.3322 | G Loss: 1.9711 | D Loss: 0.3837
Client 28 (CIFAR10) | Target Loss: 1.1328 | G Loss: 1.9940 | D Loss: 0.3725
Client 29 (CIFAR10) | Target Loss: 0.5131 | G Loss: 2.0260 | D Loss: 0.3906
Client 30 (CIFAR10) | Target Loss: 1.2188 | G Loss: 1.9476 | D Loss: 0.3863
Client 31 (CIFAR10) | Target Loss: 1.4127 | G Loss: 1.9916 | D Loss: 0.3844
Round 15 | Client 0 | Model: (MLP) | Acc: 92.91%
Round 15 | Client 1 | Model: (CNN) | Acc: 92.36%
Round 15 | Client 2 | Model: (ResNet8) | Acc: 98.19%
Round 15 | Client 3 | Model: (ResNet18) | Acc: 97.40%
Round 15 | Client 4 | Model: (MobileNetV2) | Acc: 95.07%
Round 15 | Client 5 | Model: (MobileNetV3) | Acc: 86.06%
Round 15 | Client 6 | Model: (LeNet) | Acc: 97.70%
Round 15 | Client 7 | Model: (AlexNet) | Acc: 96.32%
Round 15 | Client 8 | Model: (ShuffleNet) | Acc: 80.73%
Round 15 | Client 9 | Model: (SqueezeNet) | Acc: 94.75%
Round 15 | Client 11 | Model: (MLP) | Acc: 79.55%
Round 15 | Client 12 | Model: (CNN) | Acc: 85.42%
Round 15 | Client 13 | Model: (ResNet8) | Acc: 84.49%
Round 15 | Client 14 | Model: (ResNet18) | Acc: 85.56%
Round 15 | Client 15 | Model: (MobileNetV2) | Acc: 84.33%
Round 15 | Client 16 | Model: (MobileNetV3) | Acc: 73.00%
Round 15 | Client 17 | Model: (LeNet) | Acc: 84.35%
Round 15 | Client 18 | Model: (AlexNet) | Acc: 83.54%
Round 15 | Client 19 | Model: (ShuffleNet) | Acc: 82.61%
Round 15 | Client 20 | Model: (SqueezeNet) | Acc: 83.46%
Round 15 | Client 22 | Model: (MLP) | Acc: 41.61%
Round 15 | Client 23 | Model: (CNN) | Acc: 55.60%
Round 15 | Client 24 | Model: (ResNet8) | Acc: 47.86%
Round 15 | Client 25 | Model: (ResNet18) | Acc: 53.16%
Round 15 | Client 26 | Model: (MobileNetV2) | Acc: 38.93%
Round 15 | Client 27 | Model: (MobileNetV3) | Acc: 41.20%
Round 15 | Client 28 | Model: (LeNet) | Acc: 50.72%
Round 15 | Client 29 | Model: (AlexNet) | Acc: 57.51%
Round 15 | Client 30 | Model: (ShuffleNet) | Acc: 36.07%
Round 15 | Client 31 | Model: (SqueezeNet) | Acc: 38.54%
Selected client ids: [0, 1, 2, 3, 4, 5, 6, 7, 8, 9, 10, 11, 12, 13, 14, 15, 16, 17, 18, 19, 20, 21, 22, 23, 24, 25, 26, 27, 28, 29]
--- Round 16 ---
Client 0 (MNIST) | Target Loss: 0.0758 | G Loss: 2.6937 | D Loss: 0.3099
Client 1 (MNIST) | Target Loss: 0.0160 | G Loss: 2.7602 | D Loss: 0.3058
Client 2 (MNIST) | Target Loss: 0.0083 | G Loss: 2.9836 | D Loss: 0.2703
Client 3 (MNIST) | Target Loss: 0.0196 | G Loss: 3.2158 | D Loss: 0.2336
Client 4 (MNIST) | Target Loss: 0.0841 | G Loss: 3.1166 | D Loss: 0.2548
Client 5 (MNIST) | Target Loss: 0.2542 | G Loss: 3.6377 | D Loss: 0.1709
Client 6 (MNIST) | Target Loss: 0.0418 | G Loss: 3.3172 | D Loss: 0.2286
Client 7 (MNIST) | Target Loss: 0.0331 | G Loss: 2.9632 | D Loss: 0.2756
Client 8 (MNIST) | Target Loss: 0.5509 | G Loss: 2.8576 | D Loss: 0.2753
Client 9 (MNIST) | Target Loss: 0.0887 | G Loss: 3.1047 | D Loss: 0.2495
Client 11 (EMNIST) | Target Loss: 0.3961 | G Loss: 7.0693 | D Loss: 0.0292
Client 12 (EMNIST) | Target Loss: 0.3704 | G Loss: 6.8817 | D Loss: 0.0310
Client 13 (EMNIST) | Target Loss: 0.2392 | G Loss: 6.7788 | D Loss: 0.0323
Client 14 (EMNIST) | Target Loss: 0.2071 | G Loss: 6.9114 | D Loss: 0.0315
Client 15 (EMNIST) | Target Loss: 0.3996 | G Loss: 7.2056 | D Loss: 0.0286
Client 16 (EMNIST) | Target Loss: 0.5738 | G Loss: 6.9816 | D Loss: 0.0281
Client 17 (EMNIST) | Target Loss: 0.3288 | G Loss: 6.8846 | D Loss: 0.0328
Client 18 (EMNIST) | Target Loss: 0.2093 | G Loss: 7.0579 | D Loss: 0.0303
Client 19 (EMNIST) | Target Loss: 0.4105 | G Loss: 7.1377 | D Loss: 0.0248
Client 20 (EMNIST) | Target Loss: 0.4454 | G Loss: 7.1669 | D Loss: 0.0183
Client 22 (CIFAR10) | Target Loss: 0.3525 | G Loss: 2.0145 | D Loss: 0.3870
Client 23 (CIFAR10) | Target Loss: 0.8894 | G Loss: 2.0276 | D Loss: 0.3607
Client 24 (CIFAR10) | Target Loss: 0.3144 | G Loss: 1.9963 | D Loss: 0.3884
Client 25 (CIFAR10) | Target Loss: 0.2469 | G Loss: 2.0037 | D Loss: 0.3804
Client 26 (CIFAR10) | Target Loss: 0.9707 | G Loss: 2.0184 | D Loss: 0.3729
Client 27 (CIFAR10) | Target Loss: 1.2894 | G Loss: 1.9540 | D Loss: 0.3880
Client 28 (CIFAR10) | Target Loss: 1.1007 | G Loss: 2.0401 | D Loss: 0.3762
Client 29 (CIFAR10) | Target Loss: 0.3916 | G Loss: 2.0054 | D Loss: 0.3618
Client 30 (CIFAR10) | Target Loss: 1.2419 | G Loss: 1.9876 | D Loss: 0.3784
Client 31 (CIFAR10) | Target Loss: 1.3364 | G Loss: 1.9563 | D Loss: 0.4115
Round 16 | Client 0 | Model: (MLP) | Acc: 94.66%
Round 16 | Client 1 | Model: (CNN) | Acc: 80.62%
Round 16 | Client 2 | Model: (ResNet8) | Acc: 97.96%
Round 16 | Client 3 | Model: (ResNet18) | Acc: 98.30%
Round 16 | Client 4 | Model: (MobileNetV2) | Acc: 91.65%
Round 16 | Client 5 | Model: (MobileNetV3) | Acc: 87.96%
Round 16 | Client 6 | Model: (LeNet) | Acc: 97.48%
Round 16 | Client 7 | Model: (AlexNet) | Acc: 98.21%
Round 16 | Client 8 | Model: (ShuffleNet) | Acc: 81.96%
Round 16 | Client 9 | Model: (SqueezeNet) | Acc: 96.17%
Round 16 | Client 11 | Model: (MLP) | Acc: 81.17%
Round 16 | Client 12 | Model: (CNN) | Acc: 83.63%
Round 16 | Client 13 | Model: (ResNet8) | Acc: 84.66%
Round 16 | Client 14 | Model: (ResNet18) | Acc: 85.33%
Round 16 | Client 15 | Model: (MobileNetV2) | Acc: 83.59%
Round 16 | Client 16 | Model: (MobileNetV3) | Acc: 77.72%
Round 16 | Client 17 | Model: (LeNet) | Acc: 84.35%
Round 16 | Client 18 | Model: (AlexNet) | Acc: 83.43%
Round 16 | Client 19 | Model: (ShuffleNet) | Acc: 83.12%
Round 16 | Client 20 | Model: (SqueezeNet) | Acc: 82.85%
Round 16 | Client 22 | Model: (MLP) | Acc: 39.57%
Round 16 | Client 23 | Model: (CNN) | Acc: 57.58%
Round 16 | Client 24 | Model: (ResNet8) | Acc: 53.96%
Round 16 | Client 25 | Model: (ResNet18) | Acc: 57.27%
Round 16 | Client 26 | Model: (MobileNetV2) | Acc: 39.35%
Round 16 | Client 27 | Model: (MobileNetV3) | Acc: 42.70%
Round 16 | Client 28 | Model: (LeNet) | Acc: 50.39%
Round 16 | Client 29 | Model: (AlexNet) | Acc: 55.24%
Round 16 | Client 30 | Model: (ShuffleNet) | Acc: 37.28%
Round 16 | Client 31 | Model: (SqueezeNet) | Acc: 37.30%
Selected client ids: [0, 1, 2, 3, 4, 5, 6, 7, 8, 9, 10, 11, 12, 13, 14, 15, 16, 17, 18, 19, 20, 21, 22, 23, 24, 25, 26, 27, 28, 29]
--- Round 17 ---
Client 0 (MNIST) | Target Loss: 0.0748 | G Loss: 4.0688 | D Loss: 0.1280
Client 1 (MNIST) | Target Loss: 0.0256 | G Loss: 4.2108 | D Loss: 0.1117
Client 2 (MNIST) | Target Loss: 0.0075 | G Loss: 4.1519 | D Loss: 0.1185
Client 3 (MNIST) | Target Loss: 0.0345 | G Loss: 4.1961 | D Loss: 0.1134
Client 4 (MNIST) | Target Loss: 0.0864 | G Loss: 4.1620 | D Loss: 0.1164
Client 5 (MNIST) | Target Loss: 0.2550 | G Loss: 3.5280 | D Loss: 0.1888
Client 6 (MNIST) | Target Loss: 0.0285 | G Loss: 3.6662 | D Loss: 0.1782
Client 7 (MNIST) | Target Loss: 0.0120 | G Loss: 4.3954 | D Loss: 0.0973
Client 8 (MNIST) | Target Loss: 0.4083 | G Loss: 4.3219 | D Loss: 0.1073
Client 9 (MNIST) | Target Loss: 0.0979 | G Loss: 4.3538 | D Loss: 0.0975
Client 11 (EMNIST) | Target Loss: 0.3825 | G Loss: 7.1595 | D Loss: 0.0258
Client 12 (EMNIST) | Target Loss: 0.3626 | G Loss: 7.7056 | D Loss: 0.0189
Client 13 (EMNIST) | Target Loss: 0.2212 | G Loss: 7.2151 | D Loss: 0.0247
Client 14 (EMNIST) | Target Loss: 0.1940 | G Loss: 6.8438 | D Loss: 0.0346
Client 15 (EMNIST) | Target Loss: 0.3914 | G Loss: 7.5327 | D Loss: 0.0202
Client 16 (EMNIST) | Target Loss: 0.5567 | G Loss: 6.8515 | D Loss: 0.0348
Client 17 (EMNIST) | Target Loss: 0.3221 | G Loss: 6.7814 | D Loss: 0.0378
Client 18 (EMNIST) | Target Loss: 0.1952 | G Loss: 7.4491 | D Loss: 0.0276
Client 19 (EMNIST) | Target Loss: 0.3983 | G Loss: 7.7619 | D Loss: 0.0217
Client 20 (EMNIST) | Target Loss: 0.4490 | G Loss: 6.7313 | D Loss: 0.0348
Client 22 (CIFAR10) | Target Loss: 0.2851 | G Loss: 1.9866 | D Loss: 0.3665
Client 23 (CIFAR10) | Target Loss: 0.8413 | G Loss: 1.9799 | D Loss: 0.3808
Client 24 (CIFAR10) | Target Loss: 0.2343 | G Loss: 1.9812 | D Loss: 0.4008
Client 25 (CIFAR10) | Target Loss: 0.1321 | G Loss: 1.9323 | D Loss: 0.3958
Client 26 (CIFAR10) | Target Loss: 0.9052 | G Loss: 2.0086 | D Loss: 0.3857
Client 27 (CIFAR10) | Target Loss: 1.2822 | G Loss: 2.0431 | D Loss: 0.3697
Client 28 (CIFAR10) | Target Loss: 1.0640 | G Loss: 1.9997 | D Loss: 0.3795
Client 29 (CIFAR10) | Target Loss: 0.3648 | G Loss: 1.9957 | D Loss: 0.3921
Client 30 (CIFAR10) | Target Loss: 1.1194 | G Loss: 2.0248 | D Loss: 0.3773
Client 31 (CIFAR10) | Target Loss: 1.3468 | G Loss: 2.0029 | D Loss: 0.3859
Round 17 | Client 0 | Model: (MLP) | Acc: 93.89%
Round 17 | Client 1 | Model: (CNN) | Acc: 94.68%
Round 17 | Client 2 | Model: (ResNet8) | Acc: 96.60%
Round 17 | Client 3 | Model: (ResNet18) | Acc: 91.97%
Round 17 | Client 4 | Model: (MobileNetV2) | Acc: 95.18%
Round 17 | Client 5 | Model: (MobileNetV3) | Acc: 84.06%
Round 17 | Client 6 | Model: (LeNet) | Acc: 98.03%
Round 17 | Client 7 | Model: (AlexNet) | Acc: 97.79%
Round 17 | Client 8 | Model: (ShuffleNet) | Acc: 82.74%
Round 17 | Client 9 | Model: (SqueezeNet) | Acc: 95.96%
Round 17 | Client 11 | Model: (MLP) | Acc: 79.98%
Round 17 | Client 12 | Model: (CNN) | Acc: 84.12%
Round 17 | Client 13 | Model: (ResNet8) | Acc: 83.80%
Round 17 | Client 14 | Model: (ResNet18) | Acc: 85.35%
Round 17 | Client 15 | Model: (MobileNetV2) | Acc: 83.33%
Round 17 | Client 16 | Model: (MobileNetV3) | Acc: 75.44%
Round 17 | Client 17 | Model: (LeNet) | Acc: 84.55%
Round 17 | Client 18 | Model: (AlexNet) | Acc: 82.97%
Round 17 | Client 19 | Model: (ShuffleNet) | Acc: 83.03%
Round 17 | Client 20 | Model: (SqueezeNet) | Acc: 83.00%
Round 17 | Client 22 | Model: (MLP) | Acc: 40.05%
Round 17 | Client 23 | Model: (CNN) | Acc: 54.29%
Round 17 | Client 24 | Model: (ResNet8) | Acc: 59.64%
Round 17 | Client 25 | Model: (ResNet18) | Acc: 59.82%
Round 17 | Client 26 | Model: (MobileNetV2) | Acc: 38.61%
Round 17 | Client 27 | Model: (MobileNetV3) | Acc: 43.35%
Round 17 | Client 28 | Model: (LeNet) | Acc: 51.38%
Round 17 | Client 29 | Model: (AlexNet) | Acc: 55.14%
Round 17 | Client 30 | Model: (ShuffleNet) | Acc: 37.17%
Round 17 | Client 31 | Model: (SqueezeNet) | Acc: 36.85%
Selected client ids: [0, 1, 2, 3, 4, 5, 6, 7, 8, 9, 10, 11, 12, 13, 14, 15, 16, 17, 18, 19, 20, 21, 22, 23, 24, 25, 26, 27, 28, 29]
--- Round 18 ---
Client 0 (MNIST) | Target Loss: 0.0576 | G Loss: 3.6135 | D Loss: 0.1950
Client 1 (MNIST) | Target Loss: 0.0316 | G Loss: 4.2356 | D Loss: 0.1171
Client 2 (MNIST) | Target Loss: 0.0182 | G Loss: 4.2518 | D Loss: 0.1206
Client 3 (MNIST) | Target Loss: 0.1169 | G Loss: 4.8684 | D Loss: 0.0546
Client 4 (MNIST) | Target Loss: 0.0895 | G Loss: 4.5845 | D Loss: 0.0855
Client 5 (MNIST) | Target Loss: 0.2847 | G Loss: 4.9899 | D Loss: 0.0694
Client 6 (MNIST) | Target Loss: 0.0259 | G Loss: 4.1790 | D Loss: 0.1257
Client 7 (MNIST) | Target Loss: 0.0134 | G Loss: 4.1123 | D Loss: 0.1395
Client 8 (MNIST) | Target Loss: 0.6063 | G Loss: 4.1680 | D Loss: 0.1269
Client 9 (MNIST) | Target Loss: 0.0989 | G Loss: 2.5852 | D Loss: 0.3387
Client 11 (EMNIST) | Target Loss: 0.3860 | G Loss: 6.9803 | D Loss: 0.0322
Client 12 (EMNIST) | Target Loss: 0.3579 | G Loss: 7.1296 | D Loss: 0.0295
Client 13 (EMNIST) | Target Loss: 0.2081 | G Loss: 7.6260 | D Loss: 0.0238
Client 14 (EMNIST) | Target Loss: 0.1733 | G Loss: 8.0460 | D Loss: 0.0134
Client 15 (EMNIST) | Target Loss: 0.3860 | G Loss: 7.0090 | D Loss: 0.0297
Client 16 (EMNIST) | Target Loss: 0.5515 | G Loss: 7.1237 | D Loss: 0.0291
Client 17 (EMNIST) | Target Loss: 0.3158 | G Loss: 7.7242 | D Loss: 0.0180
Client 18 (EMNIST) | Target Loss: 0.1839 | G Loss: 7.6179 | D Loss: 0.0181
Client 19 (EMNIST) | Target Loss: 0.3940 | G Loss: 7.6003 | D Loss: 0.0188
Client 20 (EMNIST) | Target Loss: 0.4380 | G Loss: 7.4886 | D Loss: 0.0233
Client 22 (CIFAR10) | Target Loss: 0.2569 | G Loss: 1.9566 | D Loss: 0.3716
Client 23 (CIFAR10) | Target Loss: 0.8305 | G Loss: 1.9633 | D Loss: 0.3649
Client 24 (CIFAR10) | Target Loss: 0.1635 | G Loss: 1.9767 | D Loss: 0.3768
Client 25 (CIFAR10) | Target Loss: 0.0950 | G Loss: 1.9694 | D Loss: 0.3767
Client 26 (CIFAR10) | Target Loss: 0.8564 | G Loss: 1.9410 | D Loss: 0.3667
Client 27 (CIFAR10) | Target Loss: 1.2685 | G Loss: 1.9567 | D Loss: 0.3626
Client 28 (CIFAR10) | Target Loss: 1.0336 | G Loss: 1.9642 | D Loss: 0.3636
Client 29 (CIFAR10) | Target Loss: 0.2862 | G Loss: 2.0041 | D Loss: 0.3781
Client 30 (CIFAR10) | Target Loss: 1.0591 | G Loss: 1.9845 | D Loss: 0.3862
Client 31 (CIFAR10) | Target Loss: 1.2690 | G Loss: 1.9433 | D Loss: 0.3947
Round 18 | Client 0 | Model: (MLP) | Acc: 94.87%
Round 18 | Client 1 | Model: (CNN) | Acc: 93.47%
Round 18 | Client 2 | Model: (ResNet8) | Acc: 94.90%
Round 18 | Client 3 | Model: (ResNet18) | Acc: 95.14%
Round 18 | Client 4 | Model: (MobileNetV2) | Acc: 96.25%
Round 18 | Client 5 | Model: (MobileNetV3) | Acc: 62.10%
Round 18 | Client 6 | Model: (LeNet) | Acc: 97.48%
Round 18 | Client 7 | Model: (AlexNet) | Acc: 97.58%
Round 18 | Client 8 | Model: (ShuffleNet) | Acc: 81.96%
Round 18 | Client 9 | Model: (SqueezeNet) | Acc: 93.22%
Round 18 | Client 11 | Model: (MLP) | Acc: 80.82%
Round 18 | Client 12 | Model: (CNN) | Acc: 84.44%
Round 18 | Client 13 | Model: (ResNet8) | Acc: 84.79%
Round 18 | Client 14 | Model: (ResNet18) | Acc: 84.42%
Round 18 | Client 15 | Model: (MobileNetV2) | Acc: 83.53%
Round 18 | Client 16 | Model: (MobileNetV3) | Acc: 64.26%
Round 18 | Client 17 | Model: (LeNet) | Acc: 84.62%
Round 18 | Client 18 | Model: (AlexNet) | Acc: 83.03%
Round 18 | Client 19 | Model: (ShuffleNet) | Acc: 83.70%
Round 18 | Client 20 | Model: (SqueezeNet) | Acc: 82.56%
Round 18 | Client 22 | Model: (MLP) | Acc: 40.41%
Round 18 | Client 23 | Model: (CNN) | Acc: 53.30%
Round 18 | Client 24 | Model: (ResNet8) | Acc: 54.71%
Round 18 | Client 25 | Model: (ResNet18) | Acc: 57.49%
Round 18 | Client 26 | Model: (MobileNetV2) | Acc: 39.98%
Round 18 | Client 27 | Model: (MobileNetV3) | Acc: 42.06%
Round 18 | Client 28 | Model: (LeNet) | Acc: 52.15%
Round 18 | Client 29 | Model: (AlexNet) | Acc: 54.16%
Round 18 | Client 30 | Model: (ShuffleNet) | Acc: 37.61%
Round 18 | Client 31 | Model: (SqueezeNet) | Acc: 39.55%
Selected client ids: [0, 1, 2, 3, 4, 5, 6, 7, 8, 9, 10, 11, 12, 13, 14, 15, 16, 17, 18, 19, 20, 21, 22, 23, 24, 25, 26, 27, 28, 29]
--- Round 19 ---
Client 0 (MNIST) | Target Loss: 0.0477 | G Loss: 3.6690 | D Loss: 0.1861
Client 1 (MNIST) | Target Loss: 0.0143 | G Loss: 4.1265 | D Loss: 0.1417
Client 2 (MNIST) | Target Loss: 0.0416 | G Loss: 3.6132 | D Loss: 0.1995
Client 3 (MNIST) | Target Loss: 0.0419 | G Loss: 2.6392 | D Loss: 0.3424
Client 4 (MNIST) | Target Loss: 0.0895 | G Loss: 3.1993 | D Loss: 0.2565
Client 5 (MNIST) | Target Loss: 0.2598 | G Loss: 3.0631 | D Loss: 0.2843
Client 6 (MNIST) | Target Loss: 0.0246 | G Loss: 3.4806 | D Loss: 0.2219
Client 7 (MNIST) | Target Loss: 0.0161 | G Loss: 3.2606 | D Loss: 0.2503
Client 8 (MNIST) | Target Loss: 0.4807 | G Loss: 3.1604 | D Loss: 0.2508
Client 9 (MNIST) | Target Loss: 0.0840 | G Loss: 4.1858 | D Loss: 0.1166
Client 11 (EMNIST) | Target Loss: 0.3819 | G Loss: 6.9979 | D Loss: 0.0318
Client 12 (EMNIST) | Target Loss: 0.3538 | G Loss: 7.5637 | D Loss: 0.0216
Client 13 (EMNIST) | Target Loss: 0.1918 | G Loss: 7.3389 | D Loss: 0.0278
Client 14 (EMNIST) | Target Loss: 0.1591 | G Loss: 6.9228 | D Loss: 0.0347
Client 15 (EMNIST) | Target Loss: 0.3806 | G Loss: 8.2348 | D Loss: 0.0120
Client 16 (EMNIST) | Target Loss: 0.5390 | G Loss: 7.0072 | D Loss: 0.0293
Client 17 (EMNIST) | Target Loss: 0.3128 | G Loss: 7.4371 | D Loss: 0.0264
Client 18 (EMNIST) | Target Loss: 0.1744 | G Loss: 6.9041 | D Loss: 0.0337
Client 19 (EMNIST) | Target Loss: 0.3865 | G Loss: 6.9055 | D Loss: 0.0370
Client 20 (EMNIST) | Target Loss: 0.4347 | G Loss: 7.4483 | D Loss: 0.0233
Client 22 (CIFAR10) | Target Loss: 0.2436 | G Loss: 1.9908 | D Loss: 0.3713
Client 23 (CIFAR10) | Target Loss: 0.7988 | G Loss: 1.9997 | D Loss: 0.3595
Client 24 (CIFAR10) | Target Loss: 0.1285 | G Loss: 1.9825 | D Loss: 0.3562
Client 25 (CIFAR10) | Target Loss: 0.1032 | G Loss: 1.9663 | D Loss: 0.3789
Client 26 (CIFAR10) | Target Loss: 0.7908 | G Loss: 1.9876 | D Loss: 0.3808
Client 27 (CIFAR10) | Target Loss: 1.2349 | G Loss: 1.9281 | D Loss: 0.3768
Client 28 (CIFAR10) | Target Loss: 0.9974 | G Loss: 1.9969 | D Loss: 0.3790
Client 29 (CIFAR10) | Target Loss: 0.2047 | G Loss: 1.9580 | D Loss: 0.3763
Client 30 (CIFAR10) | Target Loss: 1.0416 | G Loss: 1.9868 | D Loss: 0.3549
Client 31 (CIFAR10) | Target Loss: 1.2447 | G Loss: 1.9596 | D Loss: 0.3853
Round 19 | Client 0 | Model: (MLP) | Acc: 94.22%
Round 19 | Client 1 | Model: (CNN) | Acc: 94.91%
Round 19 | Client 2 | Model: (ResNet8) | Acc: 89.81%
Round 19 | Client 3 | Model: (ResNet18) | Acc: 98.64%
Round 19 | Client 4 | Model: (MobileNetV2) | Acc: 94.43%
Round 19 | Client 5 | Model: (MobileNetV3) | Acc: 87.18%
Round 19 | Client 6 | Model: (LeNet) | Acc: 98.03%
Round 19 | Client 7 | Model: (AlexNet) | Acc: 98.53%
Round 19 | Client 8 | Model: (ShuffleNet) | Acc: 82.18%
Round 19 | Client 9 | Model: (SqueezeNet) | Acc: 98.03%
Round 19 | Client 11 | Model: (MLP) | Acc: 80.86%
Round 19 | Client 12 | Model: (CNN) | Acc: 85.34%
Round 19 | Client 13 | Model: (ResNet8) | Acc: 83.25%
Round 19 | Client 14 | Model: (ResNet18) | Acc: 85.02%
Round 19 | Client 15 | Model: (MobileNetV2) | Acc: 83.63%
Round 19 | Client 16 | Model: (MobileNetV3) | Acc: 79.66%
Round 19 | Client 17 | Model: (LeNet) | Acc: 84.15%
Round 19 | Client 18 | Model: (AlexNet) | Acc: 83.44%
Round 19 | Client 19 | Model: (ShuffleNet) | Acc: 83.29%
Round 19 | Client 20 | Model: (SqueezeNet) | Acc: 82.15%
Round 19 | Client 22 | Model: (MLP) | Acc: 41.37%
Round 19 | Client 23 | Model: (CNN) | Acc: 48.68%
Round 19 | Client 24 | Model: (ResNet8) | Acc: 55.03%
Round 19 | Client 25 | Model: (ResNet18) | Acc: 55.72%
Round 19 | Client 26 | Model: (MobileNetV2) | Acc: 38.30%
Round 19 | Client 27 | Model: (MobileNetV3) | Acc: 43.88%
Round 19 | Client 28 | Model: (LeNet) | Acc: 52.81%
Round 19 | Client 29 | Model: (AlexNet) | Acc: 54.70%
Round 19 | Client 30 | Model: (ShuffleNet) | Acc: 36.07%
Round 19 | Client 31 | Model: (SqueezeNet) | Acc: 36.97%
Selected client ids: [0, 1, 2, 3, 4, 5, 6, 7, 8, 9, 10, 11, 12, 13, 14, 15, 16, 17, 18, 19, 20, 21, 22, 23, 24, 25, 26, 27, 28, 29]
--- Round 20 ---
Client 0 (MNIST) | Target Loss: 0.0464 | G Loss: 3.1282 | D Loss: 0.2477
Client 1 (MNIST) | Target Loss: 0.0142 | G Loss: 4.7354 | D Loss: 0.0739
Client 2 (MNIST) | Target Loss: 0.0236 | G Loss: 4.0086 | D Loss: 0.1521
Client 3 (MNIST) | Target Loss: 0.0232 | G Loss: 4.7896 | D Loss: 0.0719
Client 4 (MNIST) | Target Loss: 0.0728 | G Loss: 5.5877 | D Loss: 0.0071
Client 5 (MNIST) | Target Loss: 0.2255 | G Loss: 4.9879 | D Loss: 0.0537
Client 6 (MNIST) | Target Loss: 0.0219 | G Loss: 3.4416 | D Loss: 0.2117
Client 7 (MNIST) | Target Loss: 0.0150 | G Loss: 3.0154 | D Loss: 0.2535
Client 8 (MNIST) | Target Loss: 0.3726 | G Loss: 3.9517 | D Loss: 0.1423
Client 9 (MNIST) | Target Loss: 0.0718 | G Loss: 3.2295 | D Loss: 0.2327
Client 11 (EMNIST) | Target Loss: 0.3760 | G Loss: 7.4784 | D Loss: 0.0196
Client 12 (EMNIST) | Target Loss: 0.3448 | G Loss: 7.1381 | D Loss: 0.0295
Client 13 (EMNIST) | Target Loss: 0.1752 | G Loss: 8.3753 | D Loss: 0.0106
Client 14 (EMNIST) | Target Loss: 0.1420 | G Loss: 7.4100 | D Loss: 0.0278
Client 15 (EMNIST) | Target Loss: 0.3722 | G Loss: 7.1656 | D Loss: 0.0341
Client 16 (EMNIST) | Target Loss: 0.5288 | G Loss: 7.1991 | D Loss: 0.0258
Client 17 (EMNIST) | Target Loss: 0.3069 | G Loss: 7.2009 | D Loss: 0.0246
Client 18 (EMNIST) | Target Loss: 0.1657 | G Loss: 7.6540 | D Loss: 0.0226
Client 19 (EMNIST) | Target Loss: 0.3801 | G Loss: 7.3344 | D Loss: 0.0271
Client 20 (EMNIST) | Target Loss: 0.4419 | G Loss: 7.0006 | D Loss: 0.0331
Client 22 (CIFAR10) | Target Loss: 0.2736 | G Loss: 1.9102 | D Loss: 0.3766
Client 23 (CIFAR10) | Target Loss: 0.7514 | G Loss: 1.9619 | D Loss: 0.3657
Client 24 (CIFAR10) | Target Loss: 0.1064 | G Loss: 2.0102 | D Loss: 0.3756
Client 25 (CIFAR10) | Target Loss: 0.1252 | G Loss: 1.9062 | D Loss: 0.3771
Client 26 (CIFAR10) | Target Loss: 0.7724 | G Loss: 1.9732 | D Loss: 0.3627
Client 27 (CIFAR10) | Target Loss: 1.2240 | G Loss: 1.9779 | D Loss: 0.3729
Client 28 (CIFAR10) | Target Loss: 0.9602 | G Loss: 2.0041 | D Loss: 0.3596
Client 29 (CIFAR10) | Target Loss: 0.1842 | G Loss: 1.9643 | D Loss: 0.3661
Client 30 (CIFAR10) | Target Loss: 1.0522 | G Loss: 1.9187 | D Loss: 0.4053
Client 31 (CIFAR10) | Target Loss: 1.2168 | G Loss: 1.9909 | D Loss: 0.3606
Round 20 | Client 0 | Model: (MLP) | Acc: 94.98%
Round 20 | Client 1 | Model: (CNN) | Acc: 93.58%
Round 20 | Client 2 | Model: (ResNet8) | Acc: 96.15%
Round 20 | Client 3 | Model: (ResNet18) | Acc: 98.19%
Round 20 | Client 4 | Model: (MobileNetV2) | Acc: 96.15%
Round 20 | Client 5 | Model: (MobileNetV3) | Acc: 89.97%
Round 20 | Client 6 | Model: (LeNet) | Acc: 98.14%
Round 20 | Client 7 | Model: (AlexNet) | Acc: 97.47%
Round 20 | Client 8 | Model: (ShuffleNet) | Acc: 85.97%
Round 20 | Client 9 | Model: (SqueezeNet) | Acc: 96.50%
Round 20 | Client 11 | Model: (MLP) | Acc: 80.65%
Round 20 | Client 12 | Model: (CNN) | Acc: 85.25%
Round 20 | Client 13 | Model: (ResNet8) | Acc: 84.57%
Round 20 | Client 14 | Model: (ResNet18) | Acc: 85.57%
Round 20 | Client 15 | Model: (MobileNetV2) | Acc: 84.14%
Round 20 | Client 16 | Model: (MobileNetV3) | Acc: 77.59%
Round 20 | Client 17 | Model: (LeNet) | Acc: 84.66%
Round 20 | Client 18 | Model: (AlexNet) | Acc: 83.41%
Round 20 | Client 19 | Model: (ShuffleNet) | Acc: 82.81%
Round 20 | Client 20 | Model: (SqueezeNet) | Acc: 83.02%
Round 20 | Client 22 | Model: (MLP) | Acc: 37.77%
Round 20 | Client 23 | Model: (CNN) | Acc: 62.09%
Round 20 | Client 24 | Model: (ResNet8) | Acc: 56.21%
Round 20 | Client 25 | Model: (ResNet18) | Acc: 58.60%
Round 20 | Client 26 | Model: (MobileNetV2) | Acc: 39.77%
Round 20 | Client 27 | Model: (MobileNetV3) | Acc: 43.35%
Round 20 | Client 28 | Model: (LeNet) | Acc: 54.35%
Round 20 | Client 29 | Model: (AlexNet) | Acc: 58.27%
Round 20 | Client 30 | Model: (ShuffleNet) | Acc: 38.16%
Round 20 | Client 31 | Model: (SqueezeNet) | Acc: 41.35%
[Server] Performing Name-Based Label Mapping...
[Server] Name-based mapping completed. Found 72 unique global classes.

=========================================================================================================
Global ID  | Class Name           | Mapped Datasets (Local ID)
---------------------------------------------------------------------------------------------------------
0          | 0                    | MNIST(0), EMNIST(0)
1          | 1                    | MNIST(1), EMNIST(1)
2          | 2                    | MNIST(2), EMNIST(2)
3          | 3                    | MNIST(3), EMNIST(3)
4          | 4                    | MNIST(4), EMNIST(4)
5          | 5                    | MNIST(5), EMNIST(5)
6          | 6                    | MNIST(6), EMNIST(6)
7          | 7                    | MNIST(7), EMNIST(7)
8          | 8                    | MNIST(8), EMNIST(8)
9          | 9                    | MNIST(9), EMNIST(9)
10         | A                    | EMNIST(10)
11         | B                    | EMNIST(11)
12         | C                    | EMNIST(12)
13         | D                    | EMNIST(13)
14         | E                    | EMNIST(14)
15         | F                    | EMNIST(15)
16         | G                    | EMNIST(16)
17         | H                    | EMNIST(17)
18         | I                    | EMNIST(18)
19         | J                    | EMNIST(19)
20         | K                    | EMNIST(20)
21         | L                    | EMNIST(21)
22         | M                    | EMNIST(22)
23         | N                    | EMNIST(23)
24         | O                    | EMNIST(24)
25         | P                    | EMNIST(25)
26         | Q                    | EMNIST(26)
27         | R                    | EMNIST(27)
28         | S                    | EMNIST(28)
29         | T                    | EMNIST(29)
30         | U                    | EMNIST(30)
31         | V                    | EMNIST(31)
32         | W                    | EMNIST(32)
33         | X                    | EMNIST(33)
34         | Y                    | EMNIST(34)
35         | Z                    | EMNIST(35)
36         | a                    | EMNIST(36)
37         | airplane             | CIFAR10(0)
38         | automobile           | CIFAR10(1)
39         | b                    | EMNIST(37)
40         | bird                 | CIFAR10(2)
41         | c                    | EMNIST(38)
42         | cat                  | CIFAR10(3)
43         | d                    | EMNIST(39)
44         | deer                 | CIFAR10(4)
45         | dog                  | CIFAR10(5)
46         | e                    | EMNIST(40)
47         | f                    | EMNIST(41)
48         | frog                 | CIFAR10(6)
49         | g                    | EMNIST(42)
50         | h                    | EMNIST(43)
51         | horse                | CIFAR10(7)
52         | i                    | EMNIST(44)
53         | j                    | EMNIST(45)
54         | k                    | EMNIST(46)
55         | l                    | EMNIST(47)
56         | m                    | EMNIST(48)
57         | n                    | EMNIST(49)
58         | o                    | EMNIST(50)
59         | p                    | EMNIST(51)
60         | q                    | EMNIST(52)
61         | r                    | EMNIST(53)
62         | s                    | EMNIST(54)
63         | ship                 | CIFAR10(8)
64         | t                    | EMNIST(55)
65         | truck                | CIFAR10(9)
66         | u                    | EMNIST(56)
67         | v                    | EMNIST(57)
68         | w                    | EMNIST(58)
69         | x                    | EMNIST(59)
70         | y                    | EMNIST(60)
71         | z                    | EMNIST(61)
=========================================================================================================

Initializing Global Inference Model with 72 classes...
Epoch 0 Loss: 0.9936
Epoch 1 Loss: 0.4804
Epoch 2 Loss: 0.3713
Epoch 3 Loss: 0.2949
Epoch 4 Loss: 0.2340
[Server] Global Inference Model Acc (MNIST) (Round 20): 95.02% (Tested on 9095 samples)
[Server] Global Inference Model Acc (EMNIST) (Round 20): 56.25% (Tested on 105779 samples)
[Server] Global Inference Model Acc (CIFAR10) (Round 20): 45.09% (Tested on 9100 samples)
[Server] Global Inference Model Acc (Mix) (Round 20): 58.28% (Tested on 123974 samples)
Selected client ids: [0, 1, 2, 3, 4, 5, 6, 7, 8, 9, 10, 11, 12, 13, 14, 15, 16, 17, 18, 19, 20, 21, 22, 23, 24, 25, 26, 27, 28, 29]
--- Round 21 ---
Client 0 (MNIST) | Target Loss: 0.0000 | G Loss: 4.1731 | D Loss: 0.1216
Client 1 (MNIST) | Target Loss: 0.0000 | G Loss: 3.2390 | D Loss: 0.2624
Client 2 (MNIST) | Target Loss: 0.0000 | G Loss: 3.3564 | D Loss: 0.2369
Client 3 (MNIST) | Target Loss: 0.0000 | G Loss: 3.1455 | D Loss: 0.2629
Client 4 (MNIST) | Target Loss: 0.0000 | G Loss: 3.5522 | D Loss: 0.2085
Client 5 (MNIST) | Target Loss: 0.0000 | G Loss: 2.9296 | D Loss: 0.2903
Client 6 (MNIST) | Target Loss: 0.0000 | G Loss: 4.2927 | D Loss: 0.1317
Client 7 (MNIST) | Target Loss: 0.0000 | G Loss: 3.9282 | D Loss: 0.1650
Client 8 (MNIST) | Target Loss: 0.0000 | G Loss: 4.6237 | D Loss: 0.0998
Client 9 (MNIST) | Target Loss: 0.0000 | G Loss: 4.3285 | D Loss: 0.1249
