Time: 2026-04-18 02:53:24
Log Dir: /home/unshun/multi-FL/logs/Local_noniid_het_gb40/new_client_2026-04-18_02-53-24/
================================================================================Loading checkpoints from logs/Local_noniid_het_gb40/Local/
Method selected: FAST
Loaded SqueezeNet for CIFAR10 from client_model_CIFAR10_c31_SqueezeNet.pth
Loaded MLP for CIFAR10 from client_model_CIFAR10_c22_MLP.pth
Loaded ResNet8 for CIFAR10 from client_model_CIFAR10_c24_ResNet8.pth
Loaded CNN for CIFAR10 from client_model_CIFAR10_c23_CNN.pth
Loaded ResNet18 for CIFAR10 from client_model_CIFAR10_c25_ResNet18.pth
Loaded MobileNetV2 for CIFAR10 from client_model_CIFAR10_c26_MobileNetV2.pth
Loaded LeNet for CIFAR10 from client_model_CIFAR10_c28_LeNet.pth
Loaded ShuffleNet for CIFAR10 from client_model_CIFAR10_c30_ShuffleNet.pth
Loaded MobileNetV3 for CIFAR10 from client_model_CIFAR10_c27_MobileNetV3.pth
Loaded AlexNet for CIFAR10 from client_model_CIFAR10_c29_AlexNet.pth
WARNING: No models loaded for dataset: FashionMNIST.
WARNING: No models loaded for dataset: CIFAR100.

========================================
>>> [METHOD: SYNTHETIC] Starting Synthetic Label Mapping...
========================================
>>> Target Methods to Run: ['FAST']
>>> [Syn] Loaded client data distributions directly from server checkpoint.

########################################
>>> [Syn] Running Method: FAST
########################################

>>> Syn-FAST Training Old Generators...
[Testing] Training Per-Dataset Generators Offline (Old Gen Method) using FAST...
--- FAST Generator Configuration ---
    epochs: 120
    warmup: 20
    g_steps: 2
    lr_g: 0.005
    lr_z: 0.015
    ce: 0.5
    bn: 10.0
    adv: 1.33
    student_lr: 0.2
------------------------------------
    -> [Epoch 0] Student Test Accuracy for CIFAR10: 10.00%
    -> [Epoch 1] Student Test Accuracy for CIFAR10: 10.00%
    -> [Epoch 2] Student Test Accuracy for CIFAR10: 10.00%
    -> [Epoch 3] Student Test Accuracy for CIFAR10: 10.00%
    -> [Epoch 4] Student Test Accuracy for CIFAR10: 10.00%
    -> [Epoch 5] Student Test Accuracy for CIFAR10: 9.98%
    -> [Epoch 6] Student Test Accuracy for CIFAR10: 10.00%
    -> [Epoch 7] Student Test Accuracy for CIFAR10: 10.00%
    -> [Epoch 8] Student Test Accuracy for CIFAR10: 10.00%
    -> [Epoch 9] Student Test Accuracy for CIFAR10: 10.00%
    -> [Epoch 10] Student Test Accuracy for CIFAR10: 9.06%
    -> [Epoch 11] Student Test Accuracy for CIFAR10: 9.06%
    -> [Epoch 12] Student Test Accuracy for CIFAR10: 10.00%
    -> [Epoch 13] Student Test Accuracy for CIFAR10: 10.00%
    -> [Epoch 14] Student Test Accuracy for CIFAR10: 10.00%
    -> [Epoch 15] Student Test Accuracy for CIFAR10: 10.00%
    -> [Epoch 16] Student Test Accuracy for CIFAR10: 10.00%
    -> [Epoch 17] Student Test Accuracy for CIFAR10: 10.00%
    -> [Epoch 18] Student Test Accuracy for CIFAR10: 10.00%
    -> [Epoch 19] Student Test Accuracy for CIFAR10: 10.00%
    -> [Epoch 20] Student Test Accuracy for CIFAR10: 10.01%
    -> [Epoch 21] Student Test Accuracy for CIFAR10: 9.96%
    -> [Epoch 22] Student Test Accuracy for CIFAR10: 10.34%
    -> [Epoch 23] Student Test Accuracy for CIFAR10: 10.00%
    -> [Epoch 24] Student Test Accuracy for CIFAR10: 10.00%
    -> [Epoch 25] Student Test Accuracy for CIFAR10: 10.00%
    -> [Epoch 26] Student Test Accuracy for CIFAR10: 10.00%
    -> [Epoch 27] Student Test Accuracy for CIFAR10: 10.00%
    -> [Epoch 28] Student Test Accuracy for CIFAR10: 10.00%
    -> [Epoch 29] Student Test Accuracy for CIFAR10: 10.00%
    -> [Epoch 30] Student Test Accuracy for CIFAR10: 10.00%
    -> [Epoch 31] Student Test Accuracy for CIFAR10: 10.00%
    -> [Epoch 32] Student Test Accuracy for CIFAR10: 10.00%
    -> [Epoch 33] Student Test Accuracy for CIFAR10: 10.00%
    -> [Epoch 34] Student Test Accuracy for CIFAR10: 10.00%
    -> [Epoch 35] Student Test Accuracy for CIFAR10: 10.00%
    -> [Epoch 36] Student Test Accuracy for CIFAR10: 10.00%
    -> [Epoch 37] Student Test Accuracy for CIFAR10: 9.54%
    -> [Epoch 38] Student Test Accuracy for CIFAR10: 9.73%
    -> [Epoch 39] Student Test Accuracy for CIFAR10: 10.17%
    -> [Epoch 40] Student Test Accuracy for CIFAR10: 9.66%
    -> [Epoch 41] Student Test Accuracy for CIFAR10: 9.04%
    -> [Epoch 42] Student Test Accuracy for CIFAR10: 8.72%
    -> [Epoch 43] Student Test Accuracy for CIFAR10: 9.27%
    -> [Epoch 44] Student Test Accuracy for CIFAR10: 9.58%
    -> [Epoch 45] Student Test Accuracy for CIFAR10: 10.60%
    -> [Epoch 46] Student Test Accuracy for CIFAR10: 10.32%
    -> [Epoch 47] Student Test Accuracy for CIFAR10: 9.39%
    -> [Epoch 48] Student Test Accuracy for CIFAR10: 10.00%
    -> [Epoch 49] Student Test Accuracy for CIFAR10: 10.00%
    -> [Epoch 50] Student Test Accuracy for CIFAR10: 10.00%
    -> [Epoch 51] Student Test Accuracy for CIFAR10: 10.00%
    -> [Epoch 52] Student Test Accuracy for CIFAR10: 10.00%
    -> [Epoch 53] Student Test Accuracy for CIFAR10: 10.00%
    -> [Epoch 54] Student Test Accuracy for CIFAR10: 10.00%
    -> [Epoch 55] Student Test Accuracy for CIFAR10: 10.00%
    -> [Epoch 56] Student Test Accuracy for CIFAR10: 10.00%
    -> [Epoch 57] Student Test Accuracy for CIFAR10: 10.38%
    -> [Epoch 58] Student Test Accuracy for CIFAR10: 11.05%
    -> [Epoch 59] Student Test Accuracy for CIFAR10: 10.67%
    -> [Epoch 60] Student Test Accuracy for CIFAR10: 10.36%
    -> [Epoch 61] Student Test Accuracy for CIFAR10: 10.13%
    -> [Epoch 62] Student Test Accuracy for CIFAR10: 10.36%
    -> [Epoch 63] Student Test Accuracy for CIFAR10: 9.51%
    -> [Epoch 64] Student Test Accuracy for CIFAR10: 9.64%
    -> [Epoch 65] Student Test Accuracy for CIFAR10: 9.85%
    -> [Epoch 66] Student Test Accuracy for CIFAR10: 9.46%
    -> [Epoch 67] Student Test Accuracy for CIFAR10: 7.66%
    -> [Epoch 68] Student Test Accuracy for CIFAR10: 7.15%
    -> [Epoch 69] Student Test Accuracy for CIFAR10: 7.73%
    -> [Epoch 70] Student Test Accuracy for CIFAR10: 8.56%
    -> [Epoch 71] Student Test Accuracy for CIFAR10: 9.44%
    -> [Epoch 72] Student Test Accuracy for CIFAR10: 10.00%
    -> [Epoch 73] Student Test Accuracy for CIFAR10: 10.00%
    -> [Epoch 74] Student Test Accuracy for CIFAR10: 10.00%
    -> [Epoch 75] Student Test Accuracy for CIFAR10: 10.00%
    -> [Epoch 76] Student Test Accuracy for CIFAR10: 10.00%
    -> [Epoch 77] Student Test Accuracy for CIFAR10: 10.00%
    -> [Epoch 78] Student Test Accuracy for CIFAR10: 10.00%
    -> [Epoch 79] Student Test Accuracy for CIFAR10: 10.00%
    -> [Epoch 80] Student Test Accuracy for CIFAR10: 10.00%
    -> [Epoch 81] Student Test Accuracy for CIFAR10: 10.00%
    -> [Epoch 82] Student Test Accuracy for CIFAR10: 10.00%
    -> [Epoch 83] Student Test Accuracy for CIFAR10: 10.00%
    -> [Epoch 84] Student Test Accuracy for CIFAR10: 10.00%
    -> [Epoch 85] Student Test Accuracy for CIFAR10: 10.01%
    -> [Epoch 86] Student Test Accuracy for CIFAR10: 9.90%
    -> [Epoch 87] Student Test Accuracy for CIFAR10: 9.67%
    -> [Epoch 88] Student Test Accuracy for CIFAR10: 9.71%
    -> [Epoch 89] Student Test Accuracy for CIFAR10: 8.13%
    -> [Epoch 90] Student Test Accuracy for CIFAR10: 7.95%
    -> [Epoch 91] Student Test Accuracy for CIFAR10: 8.31%
    -> [Epoch 92] Student Test Accuracy for CIFAR10: 8.70%
    -> [Epoch 93] Student Test Accuracy for CIFAR10: 8.44%
    -> [Epoch 94] Student Test Accuracy for CIFAR10: 8.85%
    -> [Epoch 95] Student Test Accuracy for CIFAR10: 7.67%
    -> [Epoch 96] Student Test Accuracy for CIFAR10: 7.38%
    -> [Epoch 97] Student Test Accuracy for CIFAR10: 7.59%
    -> [Epoch 98] Student Test Accuracy for CIFAR10: 7.99%
    -> [Epoch 99] Student Test Accuracy for CIFAR10: 8.17%
    -> [Epoch 100] Student Test Accuracy for CIFAR10: 8.32%
    -> [Epoch 101] Student Test Accuracy for CIFAR10: 8.56%
    -> [Epoch 102] Student Test Accuracy for CIFAR10: 8.18%
    -> [Epoch 103] Student Test Accuracy for CIFAR10: 8.27%
    -> [Epoch 104] Student Test Accuracy for CIFAR10: 7.83%
    -> [Epoch 105] Student Test Accuracy for CIFAR10: 8.23%
    -> [Epoch 106] Student Test Accuracy for CIFAR10: 9.24%
    -> [Epoch 107] Student Test Accuracy for CIFAR10: 9.21%
    -> [Epoch 108] Student Test Accuracy for CIFAR10: 8.93%
    -> [Epoch 109] Student Test Accuracy for CIFAR10: 8.66%
    -> [Epoch 110] Student Test Accuracy for CIFAR10: 9.44%
    -> [Epoch 111] Student Test Accuracy for CIFAR10: 9.97%
    -> [Epoch 112] Student Test Accuracy for CIFAR10: 10.41%
    -> [Epoch 113] Student Test Accuracy for CIFAR10: 9.98%
    -> [Epoch 114] Student Test Accuracy for CIFAR10: 10.00%
    -> [Epoch 115] Student Test Accuracy for CIFAR10: 10.00%
    -> [Epoch 116] Student Test Accuracy for CIFAR10: 10.02%
    -> [Epoch 117] Student Test Accuracy for CIFAR10: 10.43%
    -> [Epoch 118] Student Test Accuracy for CIFAR10: 11.30%
    -> [Epoch 119] Student Test Accuracy for CIFAR10: 11.65%
    Dataset [CIFAR10] Generator | Epochs: 120 | Final Loss: 444.0524
    -> Student Accuracy per Epoch saved to /home/unshun/multi-FL/logs/Local_noniid_het_gb40/new_client_2026-04-18_02-53-24/FAST_CIFAR10_student_acc.csv
-> [New] Gen images saved to /home/unshun/multi-FL/logs/Local_noniid_het_gb40/new_client_2026-04-18_02-53-24/FAST_CIFAR10__gen_img_old.png
