Time: 2026-06-17 13:34:19
Log Dir: logs/2026-06-17_13-34-19/GeFL_DDPM_baseline_total_public
================================================================================

==============================        Args        ==============================
  exp_timestamp: None
  exp_conf: ./configs/het-iid-exp.yaml
  device: cuda:0
  seed: 15698
  algorithm: GeFL_DDPM_baseline_total_public
  num_new_clients: 1
  num_train_mnist: 10
  num_train_emnist: 10
  num_train_fashionmnist: 0
  num_train_cifar10: 10
  num_train_cifar100: 0
  num_train_usps: 0
  label_mapping: class_name
================================================================================
==============================    Exp Configs     ==============================
exp_name: model-heterogeneity
heterogeneous: true
dirichlet_alpha: 100
global_rounds: 50
local_epochs: 1
local_loss_fn: CrossEntropyLoss
local_optim: Adam
local_lr: 0.001
batch_size: 64
sample_frac: 1.0
test_interval: 1
metric_type: accuracy
global_feature_dim: 256
optim: Adam
optim_lr: 0.001
global_gen_epochs: 10
gen_noise_dim: 128
gen_optim: Adam
gen_optim_lr: 0.001
global_feat_gen_epochs: 10
feat_gen_noise_dim: 128
feat_gen_optim: Adam
feat_gen_optim_lr: 0.001
feat_gen_div_beta: 1.0
public_data_ratio: 0.05
start_mapping_epoch: 20
gen_observer_weight: 0.0
index_matching: ddpm
aggregate_method: dataset_name
use_new_entropy_method: true
entropy_ratio: 0.7
cs_threshold: 0.9
global_model_epochs: 5
global_model_optim: Adam
global_model_optim_lr: 0.001
global_samples_per_class: 64

================================================================================

==================================================
Start 50 rounds training by GeFL_DDPM_baseline_total_public
Selected client ids: [0, 1, 2, 3, 4, 5, 6, 7, 8, 9, 10, 11, 12, 13, 14, 15, 16, 17, 18, 19, 20, 21, 22, 23, 24, 25, 26, 27, 28, 29]
Selected client ids: [0, 1, 2, 3, 4, 5, 6, 7, 8, 9, 10, 11, 12, 13, 14, 15, 16, 17, 18, 19, 20, 21, 22, 23, 24, 25, 26, 27, 28, 29]
Selected client ids: [0, 1, 2, 3, 4, 5, 6, 7, 8, 9, 10, 11, 12, 13, 14, 15, 16, 17, 18, 19, 20, 21, 22, 23, 24, 25, 26, 27, 28, 29]
Selected client ids: [0, 1, 2, 3, 4, 5, 6, 7, 8, 9, 10, 11, 12, 13, 14, 15, 16, 17, 18, 19, 20, 21, 22, 23, 24, 25, 26, 27, 28, 29]
Selected client ids: [0, 1, 2, 3, 4, 5, 6, 7, 8, 9, 10, 11, 12, 13, 14, 15, 16, 17, 18, 19, 20, 21, 22, 23, 24, 25, 26, 27, 28, 29]
Selected client ids: [0, 1, 2, 3, 4, 5, 6, 7, 8, 9, 10, 11, 12, 13, 14, 15, 16, 17, 18, 19, 20, 21, 22, 23, 24, 25, 26, 27, 28, 29]
Selected client ids: [0, 1, 2, 3, 4, 5, 6, 7, 8, 9, 10, 11, 12, 13, 14, 15, 16, 17, 18, 19, 20, 21, 22, 23, 24, 25, 26, 27, 28, 29]
Selected client ids: [0, 1, 2, 3, 4, 5, 6, 7, 8, 9, 10, 11, 12, 13, 14, 15, 16, 17, 18, 19, 20, 21, 22, 23, 24, 25, 26, 27, 28, 29]
Selected client ids: [0, 1, 2, 3, 4, 5, 6, 7, 8, 9, 10, 11, 12, 13, 14, 15, 16, 17, 18, 19, 20, 21, 22, 23, 24, 25, 26, 27, 28, 29]
Selected client ids: [0, 1, 2, 3, 4, 5, 6, 7, 8, 9, 10, 11, 12, 13, 14, 15, 16, 17, 18, 19, 20, 21, 22, 23, 24, 25, 26, 27, 28, 29]
Selected client ids: [0, 1, 2, 3, 4, 5, 6, 7, 8, 9, 10, 11, 12, 13, 14, 15, 16, 17, 18, 19, 20, 21, 22, 23, 24, 25, 26, 27, 28, 29]
Selected client ids: [0, 1, 2, 3, 4, 5, 6, 7, 8, 9, 10, 11, 12, 13, 14, 15, 16, 17, 18, 19, 20, 21, 22, 23, 24, 25, 26, 27, 28, 29]
Selected client ids: [0, 1, 2, 3, 4, 5, 6, 7, 8, 9, 10, 11, 12, 13, 14, 15, 16, 17, 18, 19, 20, 21, 22, 23, 24, 25, 26, 27, 28, 29]
Selected client ids: [0, 1, 2, 3, 4, 5, 6, 7, 8, 9, 10, 11, 12, 13, 14, 15, 16, 17, 18, 19, 20, 21, 22, 23, 24, 25, 26, 27, 28, 29]
Selected client ids: [0, 1, 2, 3, 4, 5, 6, 7, 8, 9, 10, 11, 12, 13, 14, 15, 16, 17, 18, 19, 20, 21, 22, 23, 24, 25, 26, 27, 28, 29]
Selected client ids: [0, 1, 2, 3, 4, 5, 6, 7, 8, 9, 10, 11, 12, 13, 14, 15, 16, 17, 18, 19, 20, 21, 22, 23, 24, 25, 26, 27, 28, 29]
Selected client ids: [0, 1, 2, 3, 4, 5, 6, 7, 8, 9, 10, 11, 12, 13, 14, 15, 16, 17, 18, 19, 20, 21, 22, 23, 24, 25, 26, 27, 28, 29]
Selected client ids: [0, 1, 2, 3, 4, 5, 6, 7, 8, 9, 10, 11, 12, 13, 14, 15, 16, 17, 18, 19, 20, 21, 22, 23, 24, 25, 26, 27, 28, 29]
Selected client ids: [0, 1, 2, 3, 4, 5, 6, 7, 8, 9, 10, 11, 12, 13, 14, 15, 16, 17, 18, 19, 20, 21, 22, 23, 24, 25, 26, 27, 28, 29]
Selected client ids: [0, 1, 2, 3, 4, 5, 6, 7, 8, 9, 10, 11, 12, 13, 14, 15, 16, 17, 18, 19, 20, 21, 22, 23, 24, 25, 26, 27, 28, 29]
[Server] Performing Name-Based Label Mapping...
[Server] Name-based mapping completed. Found 72 unique global classes.

=========================================================================================================
Global ID  | Class Name           | Mapped Datasets (Local ID)
---------------------------------------------------------------------------------------------------------
0          | 0                    | MNIST(0), EMNIST(0)
1          | 1                    | MNIST(1), EMNIST(1)
2          | 2                    | MNIST(2), EMNIST(2)
3          | 3                    | MNIST(3), EMNIST(3)
4          | 4                    | MNIST(4), EMNIST(4)
5          | 5                    | MNIST(5), EMNIST(5)
6          | 6                    | MNIST(6), EMNIST(6)
7          | 7                    | MNIST(7), EMNIST(7)
8          | 8                    | MNIST(8), EMNIST(8)
9          | 9                    | MNIST(9), EMNIST(9)
10         | A                    | EMNIST(10)
11         | B                    | EMNIST(11)
12         | C                    | EMNIST(12)
13         | D                    | EMNIST(13)
14         | E                    | EMNIST(14)
15         | F                    | EMNIST(15)
16         | G                    | EMNIST(16)
17         | H                    | EMNIST(17)
18         | I                    | EMNIST(18)
19         | J                    | EMNIST(19)
20         | K                    | EMNIST(20)
21         | L                    | EMNIST(21)
22         | M                    | EMNIST(22)
23         | N                    | EMNIST(23)
24         | O                    | EMNIST(24)
25         | P                    | EMNIST(25)
26         | Q                    | EMNIST(26)
27         | R                    | EMNIST(27)
28         | S                    | EMNIST(28)
29         | T                    | EMNIST(29)
30         | U                    | EMNIST(30)
31         | V                    | EMNIST(31)
32         | W                    | EMNIST(32)
33         | X                    | EMNIST(33)
34         | Y                    | EMNIST(34)
35         | Z                    | EMNIST(35)
36         | a                    | EMNIST(36)
37         | airplane             | CIFAR10(0)
38         | automobile           | CIFAR10(1)
39         | b                    | EMNIST(37)
40         | bird                 | CIFAR10(2)
41         | c                    | EMNIST(38)
42         | cat                  | CIFAR10(3)
43         | d                    | EMNIST(39)
44         | deer                 | CIFAR10(4)
45         | dog                  | CIFAR10(5)
46         | e                    | EMNIST(40)
47         | f                    | EMNIST(41)
48         | frog                 | CIFAR10(6)
49         | g                    | EMNIST(42)
50         | h                    | EMNIST(43)
51         | horse                | CIFAR10(7)
52         | i                    | EMNIST(44)
53         | j                    | EMNIST(45)
54         | k                    | EMNIST(46)
55         | l                    | EMNIST(47)
56         | m                    | EMNIST(48)
57         | n                    | EMNIST(49)
58         | o                    | EMNIST(50)
59         | p                    | EMNIST(51)
60         | q                    | EMNIST(52)
61         | r                    | EMNIST(53)
62         | s                    | EMNIST(54)
63         | ship                 | CIFAR10(8)
64         | t                    | EMNIST(55)
65         | truck                | CIFAR10(9)
66         | u                    | EMNIST(56)
67         | v                    | EMNIST(57)
68         | w                    | EMNIST(58)
69         | x                    | EMNIST(59)
70         | y                    | EMNIST(60)
71         | z                    | EMNIST(61)
=========================================================================================================

Initializing Global Inference Model with 72 classes...
Epoch 0 Loss: 2.8456
Epoch 1 Loss: 1.5864
Epoch 2 Loss: 1.1871
Epoch 3 Loss: 1.0070
Epoch 4 Loss: 0.9050
[Server] Global Inference Model Acc (MNIST) (Round 20): 90.85% (Tested on 9095 samples)
[Server] Global Inference Model Acc (EMNIST) (Round 20): 64.13% (Tested on 105779 samples)
[Server] Global Inference Model Acc (CIFAR10) (Round 20): 25.87% (Tested on 9100 samples)
[Server] Global Inference Model Acc (Mix) (Round 20): 63.28% (Tested on 123974 samples)
Selected client ids: [0, 1, 2, 3, 4, 5, 6, 7, 8, 9, 10, 11, 12, 13, 14, 15, 16, 17, 18, 19, 20, 21, 22, 23, 24, 25, 26, 27, 28, 29]
Epoch 0 Loss: 1.0241
Epoch 1 Loss: 0.8649
Epoch 2 Loss: 0.7725
Epoch 3 Loss: 0.7039
Epoch 4 Loss: 0.6801
[Server] Global Inference Model Acc (MNIST) (Round 21): 94.84% (Tested on 9095 samples)
[Server] Global Inference Model Acc (EMNIST) (Round 21): 70.26% (Tested on 105779 samples)
[Server] Global Inference Model Acc (CIFAR10) (Round 21): 31.71% (Tested on 9100 samples)
[Server] Global Inference Model Acc (Mix) (Round 21): 69.24% (Tested on 123974 samples)
Selected client ids: [0, 1, 2, 3, 4, 5, 6, 7, 8, 9, 10, 11, 12, 13, 14, 15, 16, 17, 18, 19, 20, 21, 22, 23, 24, 25, 26, 27, 28, 29]
Epoch 0 Loss: 0.9137
Epoch 1 Loss: 0.7306
Epoch 2 Loss: 0.6455
Epoch 3 Loss: 0.6044
Epoch 4 Loss: 0.5678
[Server] Global Inference Model Acc (MNIST) (Round 22): 94.43% (Tested on 9095 samples)
[Server] Global Inference Model Acc (EMNIST) (Round 22): 71.47% (Tested on 105779 samples)
[Server] Global Inference Model Acc (CIFAR10) (Round 22): 37.58% (Tested on 9100 samples)
[Server] Global Inference Model Acc (Mix) (Round 22): 70.67% (Tested on 123974 samples)
Selected client ids: [0, 1, 2, 3, 4, 5, 6, 7, 8, 9, 10, 11, 12, 13, 14, 15, 16, 17, 18, 19, 20, 21, 22, 23, 24, 25, 26, 27, 28, 29]
Epoch 0 Loss: 0.8214
Epoch 1 Loss: 0.6396
Epoch 2 Loss: 0.5829
Epoch 3 Loss: 0.5092
Epoch 4 Loss: 0.4534
[Server] Global Inference Model Acc (MNIST) (Round 23): 90.31% (Tested on 9095 samples)
[Server] Global Inference Model Acc (EMNIST) (Round 23): 66.09% (Tested on 105779 samples)
[Server] Global Inference Model Acc (CIFAR10) (Round 23): 40.09% (Tested on 9100 samples)
[Server] Global Inference Model Acc (Mix) (Round 23): 65.96% (Tested on 123974 samples)
Selected client ids: [0, 1, 2, 3, 4, 5, 6, 7, 8, 9, 10, 11, 12, 13, 14, 15, 16, 17, 18, 19, 20, 21, 22, 23, 24, 25, 26, 27, 28, 29]
Epoch 0 Loss: 0.8438
Epoch 1 Loss: 0.6242
Epoch 2 Loss: 0.5385
Epoch 3 Loss: 0.4854
Epoch 4 Loss: 0.4205
[Server] Global Inference Model Acc (MNIST) (Round 24): 78.15% (Tested on 9095 samples)
[Server] Global Inference Model Acc (EMNIST) (Round 24): 74.38% (Tested on 105779 samples)
[Server] Global Inference Model Acc (CIFAR10) (Round 24): 40.15% (Tested on 9100 samples)
[Server] Global Inference Model Acc (Mix) (Round 24): 72.15% (Tested on 123974 samples)
Selected client ids: [0, 1, 2, 3, 4, 5, 6, 7, 8, 9, 10, 11, 12, 13, 14, 15, 16, 17, 18, 19, 20, 21, 22, 23, 24, 25, 26, 27, 28, 29]
Epoch 0 Loss: 0.8248
Epoch 1 Loss: 0.5955
Epoch 2 Loss: 0.5026
Epoch 3 Loss: 0.4390
Epoch 4 Loss: 0.3819
[Server] Global Inference Model Acc (MNIST) (Round 25): 96.42% (Tested on 9095 samples)
[Server] Global Inference Model Acc (EMNIST) (Round 25): 73.07% (Tested on 105779 samples)
[Server] Global Inference Model Acc (CIFAR10) (Round 25): 46.19% (Tested on 9100 samples)
[Server] Global Inference Model Acc (Mix) (Round 25): 72.81% (Tested on 123974 samples)
Selected client ids: [0, 1, 2, 3, 4, 5, 6, 7, 8, 9, 10, 11, 12, 13, 14, 15, 16, 17, 18, 19, 20, 21, 22, 23, 24, 25, 26, 27, 28, 29]
Epoch 0 Loss: 0.7757
Epoch 1 Loss: 0.5436
Epoch 2 Loss: 0.4615
Epoch 3 Loss: 0.4077
Epoch 4 Loss: 0.3206
[Server] Global Inference Model Acc (MNIST) (Round 26): 96.68% (Tested on 9095 samples)
[Server] Global Inference Model Acc (EMNIST) (Round 26): 71.55% (Tested on 105779 samples)
[Server] Global Inference Model Acc (CIFAR10) (Round 26): 44.43% (Tested on 9100 samples)
[Server] Global Inference Model Acc (Mix) (Round 26): 71.40% (Tested on 123974 samples)
Selected client ids: [0, 1, 2, 3, 4, 5, 6, 7, 8, 9, 10, 11, 12, 13, 14, 15, 16, 17, 18, 19, 20, 21, 22, 23, 24, 25, 26, 27, 28, 29]
Epoch 0 Loss: 0.7574
Epoch 1 Loss: 0.5141
Epoch 2 Loss: 0.4164
Epoch 3 Loss: 0.3415
Epoch 4 Loss: 0.2878
[Server] Global Inference Model Acc (MNIST) (Round 27): 95.47% (Tested on 9095 samples)
[Server] Global Inference Model Acc (EMNIST) (Round 27): 70.52% (Tested on 105779 samples)
[Server] Global Inference Model Acc (CIFAR10) (Round 27): 43.53% (Tested on 9100 samples)
[Server] Global Inference Model Acc (Mix) (Round 27): 70.37% (Tested on 123974 samples)
Selected client ids: [0, 1, 2, 3, 4, 5, 6, 7, 8, 9, 10, 11, 12, 13, 14, 15, 16, 17, 18, 19, 20, 21, 22, 23, 24, 25, 26, 27, 28, 29]
Epoch 0 Loss: 0.8005
Epoch 1 Loss: 0.5244
Epoch 2 Loss: 0.4012
Epoch 3 Loss: 0.3142
Epoch 4 Loss: 0.2728
[Server] Global Inference Model Acc (MNIST) (Round 28): 96.07% (Tested on 9095 samples)
[Server] Global Inference Model Acc (EMNIST) (Round 28): 76.25% (Tested on 105779 samples)
[Server] Global Inference Model Acc (CIFAR10) (Round 28): 48.64% (Tested on 9100 samples)
[Server] Global Inference Model Acc (Mix) (Round 28): 75.68% (Tested on 123974 samples)
Selected client ids: [0, 1, 2, 3, 4, 5, 6, 7, 8, 9, 10, 11, 12, 13, 14, 15, 16, 17, 18, 19, 20, 21, 22, 23, 24, 25, 26, 27, 28, 29]
Epoch 0 Loss: 0.7892
Epoch 1 Loss: 0.4995
Epoch 2 Loss: 0.3997
Epoch 3 Loss: 0.3211
Epoch 4 Loss: 0.2632
[Server] Global Inference Model Acc (MNIST) (Round 29): 97.34% (Tested on 9095 samples)
[Server] Global Inference Model Acc (EMNIST) (Round 29): 74.57% (Tested on 105779 samples)
[Server] Global Inference Model Acc (CIFAR10) (Round 29): 48.76% (Tested on 9100 samples)
[Server] Global Inference Model Acc (Mix) (Round 29): 74.34% (Tested on 123974 samples)
Selected client ids: [0, 1, 2, 3, 4, 5, 6, 7, 8, 9, 10, 11, 12, 13, 14, 15, 16, 17, 18, 19, 20, 21, 22, 23, 24, 25, 26, 27, 28, 29]
Epoch 0 Loss: 0.7772
Epoch 1 Loss: 0.4883
Epoch 2 Loss: 0.3700
Epoch 3 Loss: 0.2973
Epoch 4 Loss: 0.2466
[Server] Global Inference Model Acc (MNIST) (Round 30): 60.74% (Tested on 9095 samples)
[Server] Global Inference Model Acc (EMNIST) (Round 30): 51.74% (Tested on 105779 samples)
[Server] Global Inference Model Acc (CIFAR10) (Round 30): 50.63% (Tested on 9100 samples)
[Server] Global Inference Model Acc (Mix) (Round 30): 52.32% (Tested on 123974 samples)
Selected client ids: [0, 1, 2, 3, 4, 5, 6, 7, 8, 9, 10, 11, 12, 13, 14, 15, 16, 17, 18, 19, 20, 21, 22, 23, 24, 25, 26, 27, 28, 29]
Epoch 0 Loss: 0.7710
Epoch 1 Loss: 0.4746
Epoch 2 Loss: 0.3635
Epoch 3 Loss: 0.2733
Epoch 4 Loss: 0.2361
[Server] Global Inference Model Acc (MNIST) (Round 31): 96.43% (Tested on 9095 samples)
[Server] Global Inference Model Acc (EMNIST) (Round 31): 74.20% (Tested on 105779 samples)
[Server] Global Inference Model Acc (CIFAR10) (Round 31): 51.53% (Tested on 9100 samples)
[Server] Global Inference Model Acc (Mix) (Round 31): 74.17% (Tested on 123974 samples)
Selected client ids: [0, 1, 2, 3, 4, 5, 6, 7, 8, 9, 10, 11, 12, 13, 14, 15, 16, 17, 18, 19, 20, 21, 22, 23, 24, 25, 26, 27, 28, 29]
Epoch 0 Loss: 0.7651
Epoch 1 Loss: 0.4713
Epoch 2 Loss: 0.3575
Epoch 3 Loss: 0.2623
Epoch 4 Loss: 0.2151
[Server] Global Inference Model Acc (MNIST) (Round 32): 95.69% (Tested on 9095 samples)
[Server] Global Inference Model Acc (EMNIST) (Round 32): 67.67% (Tested on 105779 samples)
[Server] Global Inference Model Acc (CIFAR10) (Round 32): 51.57% (Tested on 9100 samples)
[Server] Global Inference Model Acc (Mix) (Round 32): 68.55% (Tested on 123974 samples)
Selected client ids: [0, 1, 2, 3, 4, 5, 6, 7, 8, 9, 10, 11, 12, 13, 14, 15, 16, 17, 18, 19, 20, 21, 22, 23, 24, 25, 26, 27, 28, 29]
Epoch 0 Loss: 0.7566
Epoch 1 Loss: 0.4481
Epoch 2 Loss: 0.3398
Epoch 3 Loss: 0.2566
Epoch 4 Loss: 0.2090
[Server] Global Inference Model Acc (MNIST) (Round 33): 97.05% (Tested on 9095 samples)
[Server] Global Inference Model Acc (EMNIST) (Round 33): 75.58% (Tested on 105779 samples)
[Server] Global Inference Model Acc (CIFAR10) (Round 33): 53.04% (Tested on 9100 samples)
[Server] Global Inference Model Acc (Mix) (Round 33): 75.50% (Tested on 123974 samples)
Selected client ids: [0, 1, 2, 3, 4, 5, 6, 7, 8, 9, 10, 11, 12, 13, 14, 15, 16, 17, 18, 19, 20, 21, 22, 23, 24, 25, 26, 27, 28, 29]
Epoch 0 Loss: 0.7616
Epoch 1 Loss: 0.4467
Epoch 2 Loss: 0.3290
Epoch 3 Loss: 0.2577
Epoch 4 Loss: 0.2048
[Server] Global Inference Model Acc (MNIST) (Round 34): 97.71% (Tested on 9095 samples)
[Server] Global Inference Model Acc (EMNIST) (Round 34): 72.60% (Tested on 105779 samples)
[Server] Global Inference Model Acc (CIFAR10) (Round 34): 56.16% (Tested on 9100 samples)
[Server] Global Inference Model Acc (Mix) (Round 34): 73.24% (Tested on 123974 samples)
Selected client ids: [0, 1, 2, 3, 4, 5, 6, 7, 8, 9, 10, 11, 12, 13, 14, 15, 16, 17, 18, 19, 20, 21, 22, 23, 24, 25, 26, 27, 28, 29]
Epoch 0 Loss: 0.7793
Epoch 1 Loss: 0.4455
Epoch 2 Loss: 0.3452
Epoch 3 Loss: 0.2528
Epoch 4 Loss: 0.1955
[Server] Global Inference Model Acc (MNIST) (Round 35): 94.68% (Tested on 9095 samples)
[Server] Global Inference Model Acc (EMNIST) (Round 35): 72.19% (Tested on 105779 samples)
[Server] Global Inference Model Acc (CIFAR10) (Round 35): 56.32% (Tested on 9100 samples)
[Server] Global Inference Model Acc (Mix) (Round 35): 72.67% (Tested on 123974 samples)
Selected client ids: [0, 1, 2, 3, 4, 5, 6, 7, 8, 9, 10, 11, 12, 13, 14, 15, 16, 17, 18, 19, 20, 21, 22, 23, 24, 25, 26, 27, 28, 29]
Epoch 0 Loss: 0.7210
Epoch 1 Loss: 0.4112
Epoch 2 Loss: 0.3016
Epoch 3 Loss: 0.2413
Epoch 4 Loss: 0.1892
[Server] Global Inference Model Acc (MNIST) (Round 36): 97.08% (Tested on 9095 samples)
[Server] Global Inference Model Acc (EMNIST) (Round 36): 74.16% (Tested on 105779 samples)
[Server] Global Inference Model Acc (CIFAR10) (Round 36): 55.88% (Tested on 9100 samples)
[Server] Global Inference Model Acc (Mix) (Round 36): 74.50% (Tested on 123974 samples)
Selected client ids: [0, 1, 2, 3, 4, 5, 6, 7, 8, 9, 10, 11, 12, 13, 14, 15, 16, 17, 18, 19, 20, 21, 22, 23, 24, 25, 26, 27, 28, 29]
Epoch 0 Loss: 0.7133
Epoch 1 Loss: 0.3950
Epoch 2 Loss: 0.2833
Epoch 3 Loss: 0.2069
Epoch 4 Loss: 0.1526
[Server] Global Inference Model Acc (MNIST) (Round 37): 97.37% (Tested on 9095 samples)
[Server] Global Inference Model Acc (EMNIST) (Round 37): 74.61% (Tested on 105779 samples)
[Server] Global Inference Model Acc (CIFAR10) (Round 37): 56.80% (Tested on 9100 samples)
[Server] Global Inference Model Acc (Mix) (Round 37): 74.97% (Tested on 123974 samples)
Selected client ids: [0, 1, 2, 3, 4, 5, 6, 7, 8, 9, 10, 11, 12, 13, 14, 15, 16, 17, 18, 19, 20, 21, 22, 23, 24, 25, 26, 27, 28, 29]
Epoch 0 Loss: 0.7418
Epoch 1 Loss: 0.4102
Epoch 2 Loss: 0.2877
Epoch 3 Loss: 0.2073
Epoch 4 Loss: 0.1603
[Server] Global Inference Model Acc (MNIST) (Round 38): 97.45% (Tested on 9095 samples)
[Server] Global Inference Model Acc (EMNIST) (Round 38): 75.54% (Tested on 105779 samples)
[Server] Global Inference Model Acc (CIFAR10) (Round 38): 57.08% (Tested on 9100 samples)
[Server] Global Inference Model Acc (Mix) (Round 38): 75.79% (Tested on 123974 samples)
Selected client ids: [0, 1, 2, 3, 4, 5, 6, 7, 8, 9, 10, 11, 12, 13, 14, 15, 16, 17, 18, 19, 20, 21, 22, 23, 24, 25, 26, 27, 28, 29]
Epoch 0 Loss: 0.7423
Epoch 1 Loss: 0.4047
Epoch 2 Loss: 0.2809
Epoch 3 Loss: 0.2078
Epoch 4 Loss: 0.1576
[Server] Global Inference Model Acc (MNIST) (Round 39): 97.79% (Tested on 9095 samples)
[Server] Global Inference Model Acc (EMNIST) (Round 39): 75.17% (Tested on 105779 samples)
[Server] Global Inference Model Acc (CIFAR10) (Round 39): 59.24% (Tested on 9100 samples)
[Server] Global Inference Model Acc (Mix) (Round 39): 75.66% (Tested on 123974 samples)
Selected client ids: [0, 1, 2, 3, 4, 5, 6, 7, 8, 9, 10, 11, 12, 13, 14, 15, 16, 17, 18, 19, 20, 21, 22, 23, 24, 25, 26, 27, 28, 29]
Epoch 0 Loss: 0.7182
Epoch 1 Loss: 0.3872
Epoch 2 Loss: 0.2845
Epoch 3 Loss: 0.2031
Epoch 4 Loss: 0.1463
[Server] Global Inference Model Acc (MNIST) (Round 40): 96.73% (Tested on 9095 samples)
[Server] Global Inference Model Acc (EMNIST) (Round 40): 75.04% (Tested on 105779 samples)
[Server] Global Inference Model Acc (CIFAR10) (Round 40): 58.26% (Tested on 9100 samples)
[Server] Global Inference Model Acc (Mix) (Round 40): 75.40% (Tested on 123974 samples)
Saving checkpoints ...
[Server] Checkpoint saved to logs/2026-06-17_13-34-19/GeFL_DDPM_baseline_total_public/server_checkpoints.pth
[Server] Global DDPM for MNIST saved to logs/2026-06-17_13-34-19/GeFL_DDPM_baseline_total_public/global_gans/MNIST_DDPM.pth
[Server] Global DDPM for EMNIST saved to logs/2026-06-17_13-34-19/GeFL_DDPM_baseline_total_public/global_gans/EMNIST_DDPM.pth
[Server] Global DDPM for CIFAR10 saved to logs/2026-06-17_13-34-19/GeFL_DDPM_baseline_total_public/global_gans/CIFAR10_DDPM.pth
[Server] All 30 clients saved in logs/2026-06-17_13-34-19/GeFL_DDPM_baseline_total_public/clients_last_round_checkpoints/
Selected client ids: [0, 1, 2, 3, 4, 5, 6, 7, 8, 9, 10, 11, 12, 13, 14, 15, 16, 17, 18, 19, 20, 21, 22, 23, 24, 25, 26, 27, 28, 29]
Epoch 0 Loss: 0.7267
Epoch 1 Loss: 0.3900
Epoch 2 Loss: 0.2774
Epoch 3 Loss: 0.1894
Epoch 4 Loss: 0.1404
[Server] Global Inference Model Acc (MNIST) (Round 41): 98.19% (Tested on 9095 samples)
[Server] Global Inference Model Acc (EMNIST) (Round 41): 75.62% (Tested on 105779 samples)
[Server] Global Inference Model Acc (CIFAR10) (Round 41): 58.80% (Tested on 9100 samples)
[Server] Global Inference Model Acc (Mix) (Round 41): 76.04% (Tested on 123974 samples)
Selected client ids: [0, 1, 2, 3, 4, 5, 6, 7, 8, 9, 10, 11, 12, 13, 14, 15, 16, 17, 18, 19, 20, 21, 22, 23, 24, 25, 26, 27, 28, 29]
Epoch 0 Loss: 0.7361
Epoch 1 Loss: 0.3889
Epoch 2 Loss: 0.2672
Epoch 3 Loss: 0.1860
Epoch 4 Loss: 0.1411
[Server] Global Inference Model Acc (MNIST) (Round 42): 96.47% (Tested on 9095 samples)
[Server] Global Inference Model Acc (EMNIST) (Round 42): 73.28% (Tested on 105779 samples)
[Server] Global Inference Model Acc (CIFAR10) (Round 42): 60.26% (Tested on 9100 samples)
[Server] Global Inference Model Acc (Mix) (Round 42): 74.02% (Tested on 123974 samples)
Selected client ids: [0, 1, 2, 3, 4, 5, 6, 7, 8, 9, 10, 11, 12, 13, 14, 15, 16, 17, 18, 19, 20, 21, 22, 23, 24, 25, 26, 27, 28, 29]
Epoch 0 Loss: 0.7038
Epoch 1 Loss: 0.3623
Epoch 2 Loss: 0.2530
Epoch 3 Loss: 0.1740
Epoch 4 Loss: 0.1246
[Server] Global Inference Model Acc (MNIST) (Round 43): 97.81% (Tested on 9095 samples)
[Server] Global Inference Model Acc (EMNIST) (Round 43): 77.71% (Tested on 105779 samples)
[Server] Global Inference Model Acc (CIFAR10) (Round 43): 59.75% (Tested on 9100 samples)
[Server] Global Inference Model Acc (Mix) (Round 43): 77.86% (Tested on 123974 samples)
Selected client ids: [0, 1, 2, 3, 4, 5, 6, 7, 8, 9, 10, 11, 12, 13, 14, 15, 16, 17, 18, 19, 20, 21, 22, 23, 24, 25, 26, 27, 28, 29]
Epoch 0 Loss: 0.7384
Epoch 1 Loss: 0.3769
Epoch 2 Loss: 0.2468
Epoch 3 Loss: 0.1699
Epoch 4 Loss: 0.1121
[Server] Global Inference Model Acc (MNIST) (Round 44): 96.67% (Tested on 9095 samples)
[Server] Global Inference Model Acc (EMNIST) (Round 44): 74.25% (Tested on 105779 samples)
[Server] Global Inference Model Acc (CIFAR10) (Round 44): 61.09% (Tested on 9100 samples)
[Server] Global Inference Model Acc (Mix) (Round 44): 74.93% (Tested on 123974 samples)
Selected client ids: [0, 1, 2, 3, 4, 5, 6, 7, 8, 9, 10, 11, 12, 13, 14, 15, 16, 17, 18, 19, 20, 21, 22, 23, 24, 25, 26, 27, 28, 29]
Epoch 0 Loss: 0.7373
Epoch 1 Loss: 0.3630
Epoch 2 Loss: 0.2421
Epoch 3 Loss: 0.1559
Epoch 4 Loss: 0.1087
[Server] Global Inference Model Acc (MNIST) (Round 45): 98.11% (Tested on 9095 samples)
[Server] Global Inference Model Acc (EMNIST) (Round 45): 73.61% (Tested on 105779 samples)
[Server] Global Inference Model Acc (CIFAR10) (Round 45): 61.21% (Tested on 9100 samples)
[Server] Global Inference Model Acc (Mix) (Round 45): 74.50% (Tested on 123974 samples)
Selected client ids: [0, 1, 2, 3, 4, 5, 6, 7, 8, 9, 10, 11, 12, 13, 14, 15, 16, 17, 18, 19, 20, 21, 22, 23, 24, 25, 26, 27, 28, 29]
Epoch 0 Loss: 0.7465
Epoch 1 Loss: 0.3657
Epoch 2 Loss: 0.2546
Epoch 3 Loss: 0.1665
Epoch 4 Loss: 0.1120
[Server] Global Inference Model Acc (MNIST) (Round 46): 97.98% (Tested on 9095 samples)
[Server] Global Inference Model Acc (EMNIST) (Round 46): 73.93% (Tested on 105779 samples)
[Server] Global Inference Model Acc (CIFAR10) (Round 46): 60.75% (Tested on 9100 samples)
[Server] Global Inference Model Acc (Mix) (Round 46): 74.72% (Tested on 123974 samples)
Selected client ids: [0, 1, 2, 3, 4, 5, 6, 7, 8, 9, 10, 11, 12, 13, 14, 15, 16, 17, 18, 19, 20, 21, 22, 23, 24, 25, 26, 27, 28, 29]
Epoch 0 Loss: 0.7369
Epoch 1 Loss: 0.3644
Epoch 2 Loss: 0.2342
Epoch 3 Loss: 0.1475
Epoch 4 Loss: 0.0969
[Server] Global Inference Model Acc (MNIST) (Round 47): 97.98% (Tested on 9095 samples)
[Server] Global Inference Model Acc (EMNIST) (Round 47): 76.49% (Tested on 105779 samples)
[Server] Global Inference Model Acc (CIFAR10) (Round 47): 61.73% (Tested on 9100 samples)
[Server] Global Inference Model Acc (Mix) (Round 47): 76.99% (Tested on 123974 samples)
Selected client ids: [0, 1, 2, 3, 4, 5, 6, 7, 8, 9, 10, 11, 12, 13, 14, 15, 16, 17, 18, 19, 20, 21, 22, 23, 24, 25, 26, 27, 28, 29]
Epoch 0 Loss: 0.7315
Epoch 1 Loss: 0.3542
Epoch 2 Loss: 0.2179
Epoch 3 Loss: 0.1320
Epoch 4 Loss: 0.0895
[Server] Global Inference Model Acc (MNIST) (Round 48): 98.23% (Tested on 9095 samples)
[Server] Global Inference Model Acc (EMNIST) (Round 48): 76.43% (Tested on 105779 samples)
[Server] Global Inference Model Acc (CIFAR10) (Round 48): 63.04% (Tested on 9100 samples)
[Server] Global Inference Model Acc (Mix) (Round 48): 77.04% (Tested on 123974 samples)
Selected client ids: [0, 1, 2, 3, 4, 5, 6, 7, 8, 9, 10, 11, 12, 13, 14, 15, 16, 17, 18, 19, 20, 21, 22, 23, 24, 25, 26, 27, 28, 29]
Epoch 0 Loss: 0.7637
Epoch 1 Loss: 0.3570
Epoch 2 Loss: 0.2454
Epoch 3 Loss: 0.1571
Epoch 4 Loss: 0.0959
[Server] Global Inference Model Acc (MNIST) (Round 49): 97.97% (Tested on 9095 samples)
[Server] Global Inference Model Acc (EMNIST) (Round 49): 74.43% (Tested on 105779 samples)
[Server] Global Inference Model Acc (CIFAR10) (Round 49): 62.74% (Tested on 9100 samples)
[Server] Global Inference Model Acc (Mix) (Round 49): 75.30% (Tested on 123974 samples)
Selected client ids: [0, 1, 2, 3, 4, 5, 6, 7, 8, 9, 10, 11, 12, 13, 14, 15, 16, 17, 18, 19, 20, 21, 22, 23, 24, 25, 26, 27, 28, 29]
Epoch 0 Loss: 0.7147
Epoch 1 Loss: 0.3504
Epoch 2 Loss: 0.2165
Epoch 3 Loss: 0.1379
Epoch 4 Loss: 0.0773
[Server] Global Inference Model Acc (MNIST) (Round 50): 97.99% (Tested on 9095 samples)
[Server] Global Inference Model Acc (EMNIST) (Round 50): 76.66% (Tested on 105779 samples)
[Server] Global Inference Model Acc (CIFAR10) (Round 50): 63.23% (Tested on 9100 samples)
[Server] Global Inference Model Acc (Mix) (Round 50): 77.24% (Tested on 123974 samples)
Saving checkpoints ...
[Server] Checkpoint saved to logs/2026-06-17_13-34-19/GeFL_DDPM_baseline_total_public/server_checkpoints.pth
[Server] Global DDPM for MNIST saved to logs/2026-06-17_13-34-19/GeFL_DDPM_baseline_total_public/global_gans/MNIST_DDPM.pth
[Server] Global DDPM for EMNIST saved to logs/2026-06-17_13-34-19/GeFL_DDPM_baseline_total_public/global_gans/EMNIST_DDPM.pth
[Server] Global DDPM for CIFAR10 saved to logs/2026-06-17_13-34-19/GeFL_DDPM_baseline_total_public/global_gans/CIFAR10_DDPM.pth
[Server] All 30 clients saved in logs/2026-06-17_13-34-19/GeFL_DDPM_baseline_total_public/clients_last_round_checkpoints/
==============================    Finished. Total Time: 0:20:55    ==============================
