Time: 2026-04-17 16:49:35
Log Dir: /home/unshun/multi-FL/logs/Ours_iid_het_gb100/Ours/new_client_2026-04-17_16-49-35/our_finetune_global_single_dataset
================================================================================
============================== New Client: our_finetune_global ==============================
  Target Model: logs/Ours_iid_het_gb100/Ours/config_checkpoints.pth
  Dataset Mode: single
  Output Dir:   /home/unshun/multi-FL/logs/Ours_iid_het_gb100/Ours/new_client_2026-04-17_16-49-35/our_finetune_global_single_dataset
================================================================================
[Init] Server Global Model parameters from: logs/Ours_iid_het_gb100/Ours/server_global_model.pth

==================================================
Dataset: MNIST | Client ID: 10
==================================================

  [ResNet18] Training...
    Epoch 0 | Acc: 19.56%
    Epoch 1/30 | CE Loss: 0.7964 | Acc: 92.49%
    Epoch 2/30 | CE Loss: 0.1656 | Acc: 96.69%
    Epoch 3/30 | CE Loss: 0.0938 | Acc: 96.57%
    Epoch 4/30 | CE Loss: 0.0555 | Acc: 97.46%
    Epoch 5/30 | CE Loss: 0.0473 | Acc: 95.03%
    Epoch 6/30 | CE Loss: 0.0409 | Acc: 96.35%
    Epoch 7/30 | CE Loss: 0.0667 | Acc: 96.57%
    Epoch 8/30 | CE Loss: 0.0345 | Acc: 97.02%
    Epoch 9/30 | CE Loss: 0.0618 | Acc: 98.34%
    Epoch 10/30 | CE Loss: 0.0223 | Acc: 96.69%
    Epoch 11/30 | CE Loss: 0.0119 | Acc: 97.90%
    Epoch 12/30 | CE Loss: 0.0082 | Acc: 98.01%
    Epoch 13/30 | CE Loss: 0.0043 | Acc: 99.01%
    Epoch 14/30 | CE Loss: 0.0126 | Acc: 96.13%
    Epoch 15/30 | CE Loss: 0.1267 | Acc: 96.91%
    Epoch 16/30 | CE Loss: 0.0539 | Acc: 98.12%
    Epoch 17/30 | CE Loss: 0.0431 | Acc: 97.79%
    Epoch 18/30 | CE Loss: 0.0112 | Acc: 98.23%
    Epoch 19/30 | CE Loss: 0.0041 | Acc: 98.67%
    Epoch 20/30 | CE Loss: 0.0030 | Acc: 98.78%
    Epoch 21/30 | CE Loss: 0.0011 | Acc: 98.78%
    Epoch 22/30 | CE Loss: 0.0012 | Acc: 98.56%
    Epoch 23/30 | CE Loss: 0.0008 | Acc: 98.78%
    Epoch 24/30 | CE Loss: 0.0004 | Acc: 98.90%
    Epoch 25/30 | CE Loss: 0.0005 | Acc: 98.78%
    Epoch 26/30 | CE Loss: 0.0004 | Acc: 98.78%
    Epoch 27/30 | CE Loss: 0.0017 | Acc: 98.45%
    Epoch 28/30 | CE Loss: 0.0008 | Acc: 98.67%
    Epoch 29/30 | CE Loss: 0.0004 | Acc: 98.78%
    Epoch 30/30 | CE Loss: 0.0002 | Acc: 98.78%
Accuracy history saved to /home/unshun/multi-FL/logs/Ours_iid_het_gb100/Ours/new_client_2026-04-17_16-49-35/our_finetune_global_single_dataset/MNIST_newclient_history.csv

==================================================
Dataset: EMNIST | Client ID: 21
==================================================

  [ResNet18] Training...
    Epoch 0 | Acc: 8.05%
    Epoch 1/30 | CE Loss: 0.9587 | Acc: 80.67%
    Epoch 2/30 | CE Loss: 0.5187 | Acc: 83.74%
    Epoch 3/30 | CE Loss: 0.4523 | Acc: 83.50%
    Epoch 4/30 | CE Loss: 0.4186 | Acc: 84.10%
    Epoch 5/30 | CE Loss: 0.3943 | Acc: 84.10%
    Epoch 6/30 | CE Loss: 0.3722 | Acc: 84.83%
    Epoch 7/30 | CE Loss: 0.3529 | Acc: 84.44%
    Epoch 8/30 | CE Loss: 0.3391 | Acc: 84.98%
    Epoch 9/30 | CE Loss: 0.3217 | Acc: 85.11%
    Epoch 10/30 | CE Loss: 0.3069 | Acc: 83.48%
    Epoch 11/30 | CE Loss: 0.2889 | Acc: 84.49%
    Epoch 12/30 | CE Loss: 0.2782 | Acc: 84.51%
    Epoch 13/30 | CE Loss: 0.2618 | Acc: 84.52%
    Epoch 14/30 | CE Loss: 0.2481 | Acc: 84.83%
    Epoch 15/30 | CE Loss: 0.2312 | Acc: 84.40%
    Epoch 16/30 | CE Loss: 0.2160 | Acc: 83.94%
    Epoch 17/30 | CE Loss: 0.1994 | Acc: 83.61%
    Epoch 18/30 | CE Loss: 0.1820 | Acc: 83.43%
    Epoch 19/30 | CE Loss: 0.1696 | Acc: 83.71%
    Epoch 20/30 | CE Loss: 0.1518 | Acc: 83.89%
    Epoch 21/30 | CE Loss: 0.1381 | Acc: 83.18%
    Epoch 22/30 | CE Loss: 0.1258 | Acc: 83.43%
    Epoch 23/30 | CE Loss: 0.1151 | Acc: 83.37%
    Epoch 24/30 | CE Loss: 0.1007 | Acc: 83.48%
    Epoch 25/30 | CE Loss: 0.0951 | Acc: 83.18%
    Epoch 26/30 | CE Loss: 0.0826 | Acc: 83.26%
    Epoch 27/30 | CE Loss: 0.0740 | Acc: 83.36%
    Epoch 28/30 | CE Loss: 0.0692 | Acc: 82.86%
    Epoch 29/30 | CE Loss: 0.0623 | Acc: 82.70%
    Epoch 30/30 | CE Loss: 0.0574 | Acc: 82.09%
Accuracy history saved to /home/unshun/multi-FL/logs/Ours_iid_het_gb100/Ours/new_client_2026-04-17_16-49-35/our_finetune_global_single_dataset/EMNIST_newclient_history.csv

==================================================
Dataset: CIFAR10 | Client ID: 32
==================================================

  [ResNet18] Training...
    Epoch 0 | Acc: 0.44%
    Epoch 1/30 | CE Loss: 3.4019 | Acc: 32.22%
    Epoch 2/30 | CE Loss: 1.7712 | Acc: 35.89%
    Epoch 3/30 | CE Loss: 1.6253 | Acc: 36.44%
    Epoch 4/30 | CE Loss: 1.5144 | Acc: 39.89%
    Epoch 5/30 | CE Loss: 1.4103 | Acc: 42.00%
    Epoch 6/30 | CE Loss: 1.2757 | Acc: 42.89%
    Epoch 7/30 | CE Loss: 1.1747 | Acc: 40.56%
    Epoch 8/30 | CE Loss: 1.0130 | Acc: 47.11%
    Epoch 9/30 | CE Loss: 0.8655 | Acc: 45.22%
    Epoch 10/30 | CE Loss: 0.7007 | Acc: 45.00%
    Epoch 11/30 | CE Loss: 0.5188 | Acc: 42.89%
    Epoch 12/30 | CE Loss: 0.3958 | Acc: 45.78%
    Epoch 13/30 | CE Loss: 0.2679 | Acc: 49.00%
    Epoch 14/30 | CE Loss: 0.2042 | Acc: 48.67%
    Epoch 15/30 | CE Loss: 0.1500 | Acc: 47.11%
    Epoch 16/30 | CE Loss: 0.1582 | Acc: 47.67%
    Epoch 17/30 | CE Loss: 0.1181 | Acc: 46.33%
    Epoch 18/30 | CE Loss: 0.0772 | Acc: 50.22%
    Epoch 19/30 | CE Loss: 0.0500 | Acc: 51.11%
    Epoch 20/30 | CE Loss: 0.0489 | Acc: 50.00%
    Epoch 21/30 | CE Loss: 0.0670 | Acc: 44.44%
    Epoch 22/30 | CE Loss: 0.0873 | Acc: 47.56%
    Epoch 23/30 | CE Loss: 0.0553 | Acc: 48.67%
    Epoch 24/30 | CE Loss: 0.0233 | Acc: 49.89%
    Epoch 25/30 | CE Loss: 0.0222 | Acc: 50.67%
    Epoch 26/30 | CE Loss: 0.0291 | Acc: 47.44%
    Epoch 27/30 | CE Loss: 0.0496 | Acc: 46.00%
    Epoch 28/30 | CE Loss: 0.0874 | Acc: 48.33%
    Epoch 29/30 | CE Loss: 0.1243 | Acc: 45.33%
    Epoch 30/30 | CE Loss: 0.1114 | Acc: 47.89%
Accuracy history saved to /home/unshun/multi-FL/logs/Ours_iid_het_gb100/Ours/new_client_2026-04-17_16-49-35/our_finetune_global_single_dataset/CIFAR10_newclient_history.csv

============================== Finished. Total Time: 0:12:15 ==============================
