Time: 2026-06-19 08:06:51
Log Dir: logs/2026-06-19_08-06-51/GeFL_DDPM_baseline_total_gan
================================================================================

==============================        Args        ==============================
  exp_timestamp: None
  exp_conf: ./configs/het-iid-exp.yaml
  device: cuda:1
  seed: 15698
  algorithm: GeFL_DDPM_baseline_total_gan
  num_new_clients: 1
  num_train_mnist: 10
  num_train_emnist: 10
  num_train_fashionmnist: 0
  num_train_cifar10: 10
  num_train_cifar100: 0
  num_train_usps: 0
  label_mapping: class_name
================================================================================
==============================    Exp Configs     ==============================
exp_name: model-heterogeneity
heterogeneous: true
dirichlet_alpha: 100
global_rounds: 40
local_epochs: 1
local_loss_fn: CrossEntropyLoss
local_optim: Adam
local_lr: 0.001
batch_size: 64
sample_frac: 1.0
test_interval: 1
metric_type: accuracy
global_feature_dim: 256
optim: Adam
optim_lr: 0.001
global_gen_epochs: 10
gen_noise_dim: 128
gen_optim: Adam
gen_optim_lr: 0.001
global_feat_gen_epochs: 10
feat_gen_noise_dim: 128
feat_gen_optim: Adam
feat_gen_optim_lr: 0.001
feat_gen_div_beta: 1.0
public_data_ratio: 0.05
start_mapping_epoch: 20
gen_observer_weight: 0.0
index_matching: ddpm
aggregate_method: dataset_name
use_new_entropy_method: true
entropy_ratio: 0.7
cs_threshold: 0.9
global_model_epochs: 5
global_model_optim: Adam
global_model_optim_lr: 0.001
global_samples_per_class: 64

================================================================================

==================================================
Start 40 rounds training by GeFL_DDPM_baseline_total_gan
Selected client ids: [0, 1, 2, 3, 4, 5, 6, 7, 8, 9, 10, 11, 12, 13, 14, 15, 16, 17, 18, 19, 20, 21, 22, 23, 24, 25, 26, 27, 28, 29]
--- Round 1 ---
Client 0 (MNIST) | Target Loss: 0.9820 | G Loss: 2.3939 | D Loss: 0.3262
Client 1 (MNIST) | Target Loss: 1.4843 | G Loss: 2.8133 | D Loss: 0.2860
Client 2 (MNIST) | Target Loss: 0.8274 | G Loss: 2.9106 | D Loss: 0.2799
Client 3 (MNIST) | Target Loss: 0.4776 | G Loss: 2.8606 | D Loss: 0.2983
Client 4 (MNIST) | Target Loss: 1.6307 | G Loss: 2.7323 | D Loss: 0.3001
Client 5 (MNIST) | Target Loss: 1.7751 | G Loss: 2.7044 | D Loss: 0.3070
Client 6 (MNIST) | Target Loss: 1.2701 | G Loss: 2.4829 | D Loss: 0.3143
Client 7 (MNIST) | Target Loss: 1.3376 | G Loss: 2.4542 | D Loss: 0.3244
Client 8 (MNIST) | Target Loss: 1.7548 | G Loss: 2.5057 | D Loss: 0.3213
Client 9 (MNIST) | Target Loss: 1.7184 | G Loss: 2.6232 | D Loss: 0.3028
Client 11 (EMNIST) | Target Loss: 1.2249 | G Loss: 2.1093 | D Loss: 0.3110
Client 12 (EMNIST) | Target Loss: 1.3411 | G Loss: 2.1565 | D Loss: 0.3119
Client 13 (EMNIST) | Target Loss: 0.9339 | G Loss: 2.1010 | D Loss: 0.3135
Client 14 (EMNIST) | Target Loss: 0.7370 | G Loss: 2.1188 | D Loss: 0.3124
Client 15 (EMNIST) | Target Loss: 1.4854 | G Loss: 2.0804 | D Loss: 0.3201
Client 16 (EMNIST) | Target Loss: 2.0702 | G Loss: 2.0462 | D Loss: 0.3221
Client 17 (EMNIST) | Target Loss: 1.1870 | G Loss: 2.0663 | D Loss: 0.3221
Client 18 (EMNIST) | Target Loss: 1.3099 | G Loss: 2.0715 | D Loss: 0.3230
Client 19 (EMNIST) | Target Loss: 1.7236 | G Loss: 2.0248 | D Loss: 0.3324
Client 20 (EMNIST) | Target Loss: 1.6384 | G Loss: 2.1085 | D Loss: 0.3099
Client 22 (CIFAR10) | Target Loss: 2.0153 | G Loss: 2.4481 | D Loss: 0.3842
Client 23 (CIFAR10) | Target Loss: 1.9288 | G Loss: 2.4671 | D Loss: 0.3790
Client 24 (CIFAR10) | Target Loss: 1.8610 | G Loss: 2.4070 | D Loss: 0.3806
Client 25 (CIFAR10) | Target Loss: 1.9161 | G Loss: 2.8303 | D Loss: 0.3360
Client 26 (CIFAR10) | Target Loss: 2.1891 | G Loss: 2.6876 | D Loss: 0.3609
Client 27 (CIFAR10) | Target Loss: 1.9885 | G Loss: 2.7193 | D Loss: 0.3531
Client 28 (CIFAR10) | Target Loss: 2.1837 | G Loss: 2.6292 | D Loss: 0.3562
Client 29 (CIFAR10) | Target Loss: 2.1353 | G Loss: 2.6117 | D Loss: 0.3748
Client 30 (CIFAR10) | Target Loss: 2.2405 | G Loss: 3.3434 | D Loss: 0.2893
Client 31 (CIFAR10) | Target Loss: 2.1661 | G Loss: 2.3861 | D Loss: 0.3727
Selected client ids: [0, 1, 2, 3, 4, 5, 6, 7, 8, 9, 10, 11, 12, 13, 14, 15, 16, 17, 18, 19, 20, 21, 22, 23, 24, 25, 26, 27, 28, 29]
--- Round 2 ---
Client 0 (MNIST) | Target Loss: 0.4102 | G Loss: 2.1033 | D Loss: 0.4387
Client 1 (MNIST) | Target Loss: 0.4535 | G Loss: 2.2318 | D Loss: 0.4102
Client 2 (MNIST) | Target Loss: 0.1823 | G Loss: 2.1156 | D Loss: 0.4293
Client 3 (MNIST) | Target Loss: 0.1340 | G Loss: 2.1979 | D Loss: 0.4083
Client 4 (MNIST) | Target Loss: 0.6864 | G Loss: 1.9408 | D Loss: 0.4571
Client 5 (MNIST) | Target Loss: 1.2179 | G Loss: 2.1392 | D Loss: 0.4121
Client 6 (MNIST) | Target Loss: 0.3679 | G Loss: 2.1362 | D Loss: 0.4176
Client 7 (MNIST) | Target Loss: 0.3875 | G Loss: 2.0225 | D Loss: 0.4430
Client 8 (MNIST) | Target Loss: 1.0715 | G Loss: 2.0484 | D Loss: 0.4322
Client 9 (MNIST) | Target Loss: 0.7258 | G Loss: 2.0596 | D Loss: 0.4214
Client 11 (EMNIST) | Target Loss: 0.7457 | G Loss: 2.5156 | D Loss: 0.2830
Client 12 (EMNIST) | Target Loss: 0.6775 | G Loss: 2.4283 | D Loss: 0.3106
Client 13 (EMNIST) | Target Loss: 0.5062 | G Loss: 2.4760 | D Loss: 0.3022
Client 14 (EMNIST) | Target Loss: 0.4607 | G Loss: 2.3483 | D Loss: 0.3099
Client 15 (EMNIST) | Target Loss: 0.7535 | G Loss: 2.3552 | D Loss: 0.3098
Client 16 (EMNIST) | Target Loss: 1.2281 | G Loss: 2.5061 | D Loss: 0.2998
Client 17 (EMNIST) | Target Loss: 0.5949 | G Loss: 2.4312 | D Loss: 0.2954
Client 18 (EMNIST) | Target Loss: 0.4982 | G Loss: 2.2659 | D Loss: 0.3174
Client 19 (EMNIST) | Target Loss: 0.8275 | G Loss: 2.3730 | D Loss: 0.3045
Client 20 (EMNIST) | Target Loss: 0.8071 | G Loss: 2.5078 | D Loss: 0.2837
Client 22 (CIFAR10) | Target Loss: 1.7780 | G Loss: 2.8830 | D Loss: 0.3936
Client 23 (CIFAR10) | Target Loss: 1.6188 | G Loss: 3.0721 | D Loss: 0.3611
Client 24 (CIFAR10) | Target Loss: 1.5903 | G Loss: 2.8678 | D Loss: 0.3888
Client 25 (CIFAR10) | Target Loss: 1.6662 | G Loss: 3.0062 | D Loss: 0.3756
Client 26 (CIFAR10) | Target Loss: 1.9538 | G Loss: 3.0024 | D Loss: 0.3743
Client 27 (CIFAR10) | Target Loss: 1.7518 | G Loss: 3.1231 | D Loss: 0.3581
Client 28 (CIFAR10) | Target Loss: 1.9282 | G Loss: 2.8261 | D Loss: 0.4046
Client 29 (CIFAR10) | Target Loss: 1.8404 | G Loss: 2.9589 | D Loss: 0.3707
Client 30 (CIFAR10) | Target Loss: 2.1004 | G Loss: 3.0329 | D Loss: 0.3818
Client 31 (CIFAR10) | Target Loss: 1.9889 | G Loss: 2.9254 | D Loss: 0.3911
Selected client ids: [0, 1, 2, 3, 4, 5, 6, 7, 8, 9, 10, 11, 12, 13, 14, 15, 16, 17, 18, 19, 20, 21, 22, 23, 24, 25, 26, 27, 28, 29]
--- Round 3 ---
Client 0 (MNIST) | Target Loss: 0.3429 | G Loss: 1.4326 | D Loss: 0.5205
Client 1 (MNIST) | Target Loss: 0.2148 | G Loss: 1.4523 | D Loss: 0.5085
Client 2 (MNIST) | Target Loss: 0.1331 | G Loss: 1.4366 | D Loss: 0.5136
Client 3 (MNIST) | Target Loss: 0.1156 | G Loss: 1.4995 | D Loss: 0.5001
Client 4 (MNIST) | Target Loss: 0.4044 | G Loss: 1.4503 | D Loss: 0.5033
Client 5 (MNIST) | Target Loss: 0.9561 | G Loss: 1.4606 | D Loss: 0.5089
Client 6 (MNIST) | Target Loss: 0.2240 | G Loss: 1.4812 | D Loss: 0.5046
Client 7 (MNIST) | Target Loss: 0.1907 | G Loss: 1.4476 | D Loss: 0.5165
Client 8 (MNIST) | Target Loss: 1.1306 | G Loss: 1.4810 | D Loss: 0.5010
Client 9 (MNIST) | Target Loss: 0.5044 | G Loss: 1.4757 | D Loss: 0.5020
Client 11 (EMNIST) | Target Loss: 0.6440 | G Loss: 3.5360 | D Loss: 0.1948
Client 12 (EMNIST) | Target Loss: 0.5802 | G Loss: 3.3366 | D Loss: 0.2230
Client 13 (EMNIST) | Target Loss: 0.4460 | G Loss: 3.5108 | D Loss: 0.1993
Client 14 (EMNIST) | Target Loss: 0.4215 | G Loss: 3.2808 | D Loss: 0.2251
Client 15 (EMNIST) | Target Loss: 0.6355 | G Loss: 3.4422 | D Loss: 0.2094
Client 16 (EMNIST) | Target Loss: 0.9850 | G Loss: 3.5214 | D Loss: 0.1982
Client 17 (EMNIST) | Target Loss: 0.5135 | G Loss: 3.4421 | D Loss: 0.2123
Client 18 (EMNIST) | Target Loss: 0.4382 | G Loss: 3.4291 | D Loss: 0.2068
Client 19 (EMNIST) | Target Loss: 0.6771 | G Loss: 3.3561 | D Loss: 0.2117
Client 20 (EMNIST) | Target Loss: 0.6717 | G Loss: 3.2299 | D Loss: 0.2278
Client 22 (CIFAR10) | Target Loss: 1.6230 | G Loss: 2.8756 | D Loss: 0.4060
Client 23 (CIFAR10) | Target Loss: 1.4810 | G Loss: 2.9138 | D Loss: 0.3998
Client 24 (CIFAR10) | Target Loss: 1.4397 | G Loss: 2.8887 | D Loss: 0.4069
Client 25 (CIFAR10) | Target Loss: 1.5302 | G Loss: 2.9604 | D Loss: 0.3855
Client 26 (CIFAR10) | Target Loss: 1.8148 | G Loss: 2.8729 | D Loss: 0.3966
Client 27 (CIFAR10) | Target Loss: 1.6939 | G Loss: 2.8956 | D Loss: 0.4029
Client 28 (CIFAR10) | Target Loss: 1.7648 | G Loss: 2.9709 | D Loss: 0.3897
Client 29 (CIFAR10) | Target Loss: 1.6865 | G Loss: 2.8545 | D Loss: 0.4028
Client 30 (CIFAR10) | Target Loss: 1.9676 | G Loss: 2.9520 | D Loss: 0.3931
Client 31 (CIFAR10) | Target Loss: 1.9386 | G Loss: 2.8771 | D Loss: 0.4006
Selected client ids: [0, 1, 2, 3, 4, 5, 6, 7, 8, 9, 10, 11, 12, 13, 14, 15, 16, 17, 18, 19, 20, 21, 22, 23, 24, 25, 26, 27, 28, 29]
--- Round 4 ---
Client 0 (MNIST) | Target Loss: 0.2702 | G Loss: 1.4265 | D Loss: 0.5011
Client 1 (MNIST) | Target Loss: 0.1478 | G Loss: 1.4286 | D Loss: 0.5010
Client 2 (MNIST) | Target Loss: 0.0908 | G Loss: 1.4779 | D Loss: 0.4813
Client 3 (MNIST) | Target Loss: 0.1313 | G Loss: 1.4922 | D Loss: 0.4842
Client 4 (MNIST) | Target Loss: 0.2684 | G Loss: 1.4955 | D Loss: 0.4799
Client 5 (MNIST) | Target Loss: 0.7656 | G Loss: 1.4788 | D Loss: 0.4919
Client 6 (MNIST) | Target Loss: 0.1717 | G Loss: 1.4811 | D Loss: 0.4868
Client 7 (MNIST) | Target Loss: 0.1330 | G Loss: 1.4430 | D Loss: 0.4999
Client 8 (MNIST) | Target Loss: 0.9839 | G Loss: 1.4840 | D Loss: 0.4808
Client 9 (MNIST) | Target Loss: 0.3495 | G Loss: 1.4621 | D Loss: 0.4933
Client 11 (EMNIST) | Target Loss: 0.5872 | G Loss: 4.7755 | D Loss: 0.1113
Client 12 (EMNIST) | Target Loss: 0.5307 | G Loss: 4.5583 | D Loss: 0.1228
Client 13 (EMNIST) | Target Loss: 0.4176 | G Loss: 4.5476 | D Loss: 0.1285
Client 14 (EMNIST) | Target Loss: 0.3944 | G Loss: 4.5454 | D Loss: 0.1245
Client 15 (EMNIST) | Target Loss: 0.5854 | G Loss: 4.4933 | D Loss: 0.1248
Client 16 (EMNIST) | Target Loss: 0.8750 | G Loss: 4.6308 | D Loss: 0.1278
Client 17 (EMNIST) | Target Loss: 0.4734 | G Loss: 4.4543 | D Loss: 0.1364
Client 18 (EMNIST) | Target Loss: 0.4077 | G Loss: 4.5104 | D Loss: 0.1298
Client 19 (EMNIST) | Target Loss: 0.6053 | G Loss: 4.3434 | D Loss: 0.1459
Client 20 (EMNIST) | Target Loss: 0.6059 | G Loss: 4.2822 | D Loss: 0.1438
Client 22 (CIFAR10) | Target Loss: 1.4977 | G Loss: 2.8724 | D Loss: 0.3668
Client 23 (CIFAR10) | Target Loss: 1.3752 | G Loss: 2.8688 | D Loss: 0.3539
Client 24 (CIFAR10) | Target Loss: 1.3005 | G Loss: 2.8740 | D Loss: 0.3738
Client 25 (CIFAR10) | Target Loss: 1.4074 | G Loss: 2.8414 | D Loss: 0.3692
Client 26 (CIFAR10) | Target Loss: 1.6931 | G Loss: 2.9245 | D Loss: 0.3531
Client 27 (CIFAR10) | Target Loss: 1.6234 | G Loss: 2.9146 | D Loss: 0.3521
Client 28 (CIFAR10) | Target Loss: 1.6865 | G Loss: 2.9010 | D Loss: 0.3649
Client 29 (CIFAR10) | Target Loss: 1.5286 | G Loss: 2.9450 | D Loss: 0.3556
Client 30 (CIFAR10) | Target Loss: 1.8735 | G Loss: 2.9658 | D Loss: 0.3451
Client 31 (CIFAR10) | Target Loss: 1.8402 | G Loss: 2.8724 | D Loss: 0.3605
Selected client ids: [0, 1, 2, 3, 4, 5, 6, 7, 8, 9, 10, 11, 12, 13, 14, 15, 16, 17, 18, 19, 20, 21, 22, 23, 24, 25, 26, 27, 28, 29]
--- Round 5 ---
Client 0 (MNIST) | Target Loss: 0.2177 | G Loss: 1.5600 | D Loss: 0.4771
Client 1 (MNIST) | Target Loss: 0.1173 | G Loss: 1.5545 | D Loss: 0.4812
Client 2 (MNIST) | Target Loss: 0.0738 | G Loss: 1.5839 | D Loss: 0.4663
Client 3 (MNIST) | Target Loss: 0.0867 | G Loss: 1.5137 | D Loss: 0.4892
Client 4 (MNIST) | Target Loss: 0.2324 | G Loss: 1.5385 | D Loss: 0.4784
Client 5 (MNIST) | Target Loss: 0.6355 | G Loss: 1.4580 | D Loss: 0.5047
Client 6 (MNIST) | Target Loss: 0.1365 | G Loss: 1.5450 | D Loss: 0.4800
Client 7 (MNIST) | Target Loss: 0.0986 | G Loss: 1.5075 | D Loss: 0.4935
Client 8 (MNIST) | Target Loss: 0.8948 | G Loss: 1.5368 | D Loss: 0.4820
Client 9 (MNIST) | Target Loss: 0.3039 | G Loss: 1.5633 | D Loss: 0.4745
Client 11 (EMNIST) | Target Loss: 0.5500 | G Loss: 5.0771 | D Loss: 0.1012
Client 12 (EMNIST) | Target Loss: 0.5001 | G Loss: 4.9501 | D Loss: 0.1117
Client 13 (EMNIST) | Target Loss: 0.3948 | G Loss: 5.0995 | D Loss: 0.0996
Client 14 (EMNIST) | Target Loss: 0.3740 | G Loss: 4.8772 | D Loss: 0.1158
Client 15 (EMNIST) | Target Loss: 0.5503 | G Loss: 5.0617 | D Loss: 0.1114
Client 16 (EMNIST) | Target Loss: 0.8065 | G Loss: 4.9669 | D Loss: 0.1070
Client 17 (EMNIST) | Target Loss: 0.4471 | G Loss: 5.0479 | D Loss: 0.1245
Client 18 (EMNIST) | Target Loss: 0.3798 | G Loss: 5.3294 | D Loss: 0.0948
Client 19 (EMNIST) | Target Loss: 0.5702 | G Loss: 4.9183 | D Loss: 0.1130
Client 20 (EMNIST) | Target Loss: 0.5697 | G Loss: 4.9981 | D Loss: 0.1082
Client 22 (CIFAR10) | Target Loss: 1.3785 | G Loss: 2.6966 | D Loss: 0.4066
Client 23 (CIFAR10) | Target Loss: 1.3125 | G Loss: 2.6988 | D Loss: 0.3958
Client 24 (CIFAR10) | Target Loss: 1.2368 | G Loss: 2.6720 | D Loss: 0.3991
Client 25 (CIFAR10) | Target Loss: 1.3306 | G Loss: 2.6536 | D Loss: 0.4042
Client 26 (CIFAR10) | Target Loss: 1.6138 | G Loss: 2.6640 | D Loss: 0.3982
Client 27 (CIFAR10) | Target Loss: 1.5955 | G Loss: 2.5774 | D Loss: 0.4042
Client 28 (CIFAR10) | Target Loss: 1.6291 | G Loss: 2.6157 | D Loss: 0.4048
Client 29 (CIFAR10) | Target Loss: 1.4285 | G Loss: 2.6587 | D Loss: 0.4011
Client 30 (CIFAR10) | Target Loss: 1.7873 | G Loss: 2.5772 | D Loss: 0.4062
Client 31 (CIFAR10) | Target Loss: 1.8061 | G Loss: 2.7307 | D Loss: 0.4059
Selected client ids: [0, 1, 2, 3, 4, 5, 6, 7, 8, 9, 10, 11, 12, 13, 14, 15, 16, 17, 18, 19, 20, 21, 22, 23, 24, 25, 26, 27, 28, 29]
--- Round 6 ---
Client 0 (MNIST) | Target Loss: 0.1863 | G Loss: 1.9396 | D Loss: 0.4125
Client 1 (MNIST) | Target Loss: 0.0957 | G Loss: 1.9869 | D Loss: 0.4033
Client 2 (MNIST) | Target Loss: 0.0541 | G Loss: 1.9494 | D Loss: 0.3926
Client 3 (MNIST) | Target Loss: 0.0963 | G Loss: 1.9557 | D Loss: 0.4087
Client 4 (MNIST) | Target Loss: 0.1943 | G Loss: 1.9853 | D Loss: 0.3963
Client 5 (MNIST) | Target Loss: 0.5666 | G Loss: 1.9608 | D Loss: 0.3971
Client 6 (MNIST) | Target Loss: 0.1140 | G Loss: 1.9968 | D Loss: 0.3977
Client 7 (MNIST) | Target Loss: 0.0713 | G Loss: 1.9959 | D Loss: 0.3916
Client 8 (MNIST) | Target Loss: 0.7650 | G Loss: 1.7286 | D Loss: 0.4558
Client 9 (MNIST) | Target Loss: 0.2331 | G Loss: 1.9300 | D Loss: 0.4024
Client 11 (EMNIST) | Target Loss: 0.5201 | G Loss: 5.4952 | D Loss: 0.0837
Client 12 (EMNIST) | Target Loss: 0.4780 | G Loss: 5.3648 | D Loss: 0.0956
Client 13 (EMNIST) | Target Loss: 0.3788 | G Loss: 5.5245 | D Loss: 0.0804
Client 14 (EMNIST) | Target Loss: 0.3565 | G Loss: 5.2497 | D Loss: 0.0891
Client 15 (EMNIST) | Target Loss: 0.5280 | G Loss: 5.2634 | D Loss: 0.0867
Client 16 (EMNIST) | Target Loss: 0.7561 | G Loss: 5.0530 | D Loss: 0.1091
Client 17 (EMNIST) | Target Loss: 0.4269 | G Loss: 5.2205 | D Loss: 0.1094
Client 18 (EMNIST) | Target Loss: 0.3589 | G Loss: 5.4711 | D Loss: 0.0872
Client 19 (EMNIST) | Target Loss: 0.5358 | G Loss: 5.1723 | D Loss: 0.0902
Client 20 (EMNIST) | Target Loss: 0.5444 | G Loss: 5.2176 | D Loss: 0.1024
Client 22 (CIFAR10) | Target Loss: 1.2137 | G Loss: 2.2907 | D Loss: 0.4296
Client 23 (CIFAR10) | Target Loss: 1.2585 | G Loss: 2.3899 | D Loss: 0.4225
Client 24 (CIFAR10) | Target Loss: 1.1446 | G Loss: 2.3127 | D Loss: 0.4383
Client 25 (CIFAR10) | Target Loss: 1.2113 | G Loss: 2.3286 | D Loss: 0.4255
Client 26 (CIFAR10) | Target Loss: 1.5078 | G Loss: 2.2579 | D Loss: 0.4370
Client 27 (CIFAR10) | Target Loss: 1.5496 | G Loss: 2.2674 | D Loss: 0.4337
Client 28 (CIFAR10) | Target Loss: 1.5661 | G Loss: 2.2935 | D Loss: 0.4338
Client 29 (CIFAR10) | Target Loss: 1.3443 | G Loss: 2.3454 | D Loss: 0.4238
Client 30 (CIFAR10) | Target Loss: 1.7123 | G Loss: 2.2773 | D Loss: 0.4291
Client 31 (CIFAR10) | Target Loss: 1.7329 | G Loss: 2.3123 | D Loss: 0.4356
Selected client ids: [0, 1, 2, 3, 4, 5, 6, 7, 8, 9, 10, 11, 12, 13, 14, 15, 16, 17, 18, 19, 20, 21, 22, 23, 24, 25, 26, 27, 28, 29]
--- Round 7 ---
Client 0 (MNIST) | Target Loss: 0.1790 | G Loss: 2.5888 | D Loss: 0.2953
Client 1 (MNIST) | Target Loss: 0.0828 | G Loss: 2.4253 | D Loss: 0.3269
Client 2 (MNIST) | Target Loss: 0.0436 | G Loss: 2.5803 | D Loss: 0.2889
Client 3 (MNIST) | Target Loss: 0.1154 | G Loss: 2.4920 | D Loss: 0.2974
Client 4 (MNIST) | Target Loss: 0.1799 | G Loss: 2.5844 | D Loss: 0.2930
Client 5 (MNIST) | Target Loss: 0.5112 | G Loss: 2.4517 | D Loss: 0.3072
Client 6 (MNIST) | Target Loss: 0.0905 | G Loss: 2.5581 | D Loss: 0.3009
Client 7 (MNIST) | Target Loss: 0.0623 | G Loss: 2.5423 | D Loss: 0.3100
Client 8 (MNIST) | Target Loss: 0.7292 | G Loss: 2.4620 | D Loss: 0.3124
Client 9 (MNIST) | Target Loss: 0.1825 | G Loss: 2.4335 | D Loss: 0.3259
Client 11 (EMNIST) | Target Loss: 0.5007 | G Loss: 5.8791 | D Loss: 0.0727
Client 12 (EMNIST) | Target Loss: 0.4569 | G Loss: 6.0476 | D Loss: 0.0653
Client 13 (EMNIST) | Target Loss: 0.3619 | G Loss: 6.0334 | D Loss: 0.0606
Client 14 (EMNIST) | Target Loss: 0.3403 | G Loss: 6.0001 | D Loss: 0.0611
Client 15 (EMNIST) | Target Loss: 0.5058 | G Loss: 6.1977 | D Loss: 0.0509
Client 16 (EMNIST) | Target Loss: 0.7208 | G Loss: 5.6068 | D Loss: 0.0705
Client 17 (EMNIST) | Target Loss: 0.4101 | G Loss: 5.9284 | D Loss: 0.0590
Client 18 (EMNIST) | Target Loss: 0.3407 | G Loss: 5.8448 | D Loss: 0.0645
Client 19 (EMNIST) | Target Loss: 0.5148 | G Loss: 6.0933 | D Loss: 0.0519
Client 20 (EMNIST) | Target Loss: 0.5317 | G Loss: 6.1034 | D Loss: 0.0523
Client 22 (CIFAR10) | Target Loss: 1.1015 | G Loss: 2.1057 | D Loss: 0.4487
Client 23 (CIFAR10) | Target Loss: 1.2056 | G Loss: 2.1168 | D Loss: 0.4418
Client 24 (CIFAR10) | Target Loss: 1.0414 | G Loss: 2.1550 | D Loss: 0.4439
Client 25 (CIFAR10) | Target Loss: 1.1025 | G Loss: 2.1326 | D Loss: 0.4531
Client 26 (CIFAR10) | Target Loss: 1.4492 | G Loss: 2.1405 | D Loss: 0.4443
Client 27 (CIFAR10) | Target Loss: 1.5131 | G Loss: 2.0982 | D Loss: 0.4513
Client 28 (CIFAR10) | Target Loss: 1.5076 | G Loss: 2.1451 | D Loss: 0.4401
Client 29 (CIFAR10) | Target Loss: 1.2803 | G Loss: 2.1196 | D Loss: 0.4421
Client 30 (CIFAR10) | Target Loss: 1.6367 | G Loss: 2.1322 | D Loss: 0.4394
Client 31 (CIFAR10) | Target Loss: 1.7043 | G Loss: 2.1374 | D Loss: 0.4434
Selected client ids: [0, 1, 2, 3, 4, 5, 6, 7, 8, 9, 10, 11, 12, 13, 14, 15, 16, 17, 18, 19, 20, 21, 22, 23, 24, 25, 26, 27, 28, 29]
--- Round 8 ---
Client 0 (MNIST) | Target Loss: 0.1459 | G Loss: 2.6186 | D Loss: 0.3061
Client 1 (MNIST) | Target Loss: 0.0603 | G Loss: 2.9191 | D Loss: 0.2299
Client 2 (MNIST) | Target Loss: 0.0384 | G Loss: 2.8219 | D Loss: 0.2600
Client 3 (MNIST) | Target Loss: 0.0778 | G Loss: 2.8228 | D Loss: 0.2474
Client 4 (MNIST) | Target Loss: 0.1334 | G Loss: 2.6781 | D Loss: 0.2806
Client 5 (MNIST) | Target Loss: 0.4638 | G Loss: 2.8840 | D Loss: 0.2630
Client 6 (MNIST) | Target Loss: 0.0842 | G Loss: 2.5088 | D Loss: 0.3266
Client 7 (MNIST) | Target Loss: 0.0428 | G Loss: 2.9911 | D Loss: 0.2355
Client 8 (MNIST) | Target Loss: 0.6873 | G Loss: 2.5861 | D Loss: 0.3026
Client 9 (MNIST) | Target Loss: 0.1606 | G Loss: 2.9349 | D Loss: 0.2464
Client 11 (EMNIST) | Target Loss: 0.4809 | G Loss: 5.7676 | D Loss: 0.0650
Client 12 (EMNIST) | Target Loss: 0.4427 | G Loss: 5.7644 | D Loss: 0.0645
Client 13 (EMNIST) | Target Loss: 0.3479 | G Loss: 5.7383 | D Loss: 0.0744
Client 14 (EMNIST) | Target Loss: 0.3262 | G Loss: 5.5421 | D Loss: 0.0756
Client 15 (EMNIST) | Target Loss: 0.4852 | G Loss: 5.9044 | D Loss: 0.0697
Client 16 (EMNIST) | Target Loss: 0.6969 | G Loss: 5.3960 | D Loss: 0.0801
Client 17 (EMNIST) | Target Loss: 0.3960 | G Loss: 6.0752 | D Loss: 0.0521
Client 18 (EMNIST) | Target Loss: 0.3243 | G Loss: 5.9523 | D Loss: 0.0582
Client 19 (EMNIST) | Target Loss: 0.4911 | G Loss: 5.6414 | D Loss: 0.0688
Client 20 (EMNIST) | Target Loss: 0.5096 | G Loss: 6.3380 | D Loss: 0.0458
Client 22 (CIFAR10) | Target Loss: 0.9769 | G Loss: 2.1414 | D Loss: 0.4167
Client 23 (CIFAR10) | Target Loss: 1.1452 | G Loss: 2.1834 | D Loss: 0.4097
Client 24 (CIFAR10) | Target Loss: 0.9525 | G Loss: 2.1935 | D Loss: 0.4192
Client 25 (CIFAR10) | Target Loss: 1.0043 | G Loss: 2.1277 | D Loss: 0.4256
Client 26 (CIFAR10) | Target Loss: 1.4036 | G Loss: 2.2179 | D Loss: 0.4081
Client 27 (CIFAR10) | Target Loss: 1.4875 | G Loss: 2.1110 | D Loss: 0.4206
Client 28 (CIFAR10) | Target Loss: 1.4697 | G Loss: 2.1466 | D Loss: 0.4148
Client 29 (CIFAR10) | Target Loss: 1.1641 | G Loss: 2.2176 | D Loss: 0.4024
Client 30 (CIFAR10) | Target Loss: 1.5512 | G Loss: 2.1821 | D Loss: 0.4067
Client 31 (CIFAR10) | Target Loss: 1.6202 | G Loss: 2.1538 | D Loss: 0.4171
Selected client ids: [0, 1, 2, 3, 4, 5, 6, 7, 8, 9, 10, 11, 12, 13, 14, 15, 16, 17, 18, 19, 20, 21, 22, 23, 24, 25, 26, 27, 28, 29]
--- Round 9 ---
Client 0 (MNIST) | Target Loss: 0.1723 | G Loss: 3.7010 | D Loss: 0.1228
Client 1 (MNIST) | Target Loss: 0.0569 | G Loss: 3.0120 | D Loss: 0.2232
Client 2 (MNIST) | Target Loss: 0.0300 | G Loss: 3.2160 | D Loss: 0.1941
Client 3 (MNIST) | Target Loss: 0.0353 | G Loss: 3.3480 | D Loss: 0.2003
Client 4 (MNIST) | Target Loss: 0.1227 | G Loss: 3.8337 | D Loss: 0.1280
Client 5 (MNIST) | Target Loss: 0.4032 | G Loss: 2.9974 | D Loss: 0.2257
Client 6 (MNIST) | Target Loss: 0.0780 | G Loss: 3.2095 | D Loss: 0.2111
Client 7 (MNIST) | Target Loss: 0.0593 | G Loss: 3.1639 | D Loss: 0.2024
Client 8 (MNIST) | Target Loss: 1.6879 | G Loss: 3.7567 | D Loss: 0.1280
Client 9 (MNIST) | Target Loss: 0.2005 | G Loss: 3.3022 | D Loss: 0.1806
Client 11 (EMNIST) | Target Loss: 0.4611 | G Loss: 6.0310 | D Loss: 0.0583
Client 12 (EMNIST) | Target Loss: 0.4296 | G Loss: 6.5060 | D Loss: 0.0466
Client 13 (EMNIST) | Target Loss: 0.3343 | G Loss: 5.9054 | D Loss: 0.0653
Client 14 (EMNIST) | Target Loss: 0.3133 | G Loss: 6.6421 | D Loss: 0.0365
Client 15 (EMNIST) | Target Loss: 0.4750 | G Loss: 6.1277 | D Loss: 0.0544
Client 16 (EMNIST) | Target Loss: 0.6774 | G Loss: 5.7098 | D Loss: 0.0674
Client 17 (EMNIST) | Target Loss: 0.3864 | G Loss: 6.9779 | D Loss: 0.0305
Client 18 (EMNIST) | Target Loss: 0.3062 | G Loss: 6.1462 | D Loss: 0.0532
Client 19 (EMNIST) | Target Loss: 0.4763 | G Loss: 6.3909 | D Loss: 0.0514
Client 20 (EMNIST) | Target Loss: 0.4994 | G Loss: 6.5712 | D Loss: 0.0508
Client 22 (CIFAR10) | Target Loss: 0.8606 | G Loss: 2.2622 | D Loss: 0.3803
Client 23 (CIFAR10) | Target Loss: 1.1036 | G Loss: 2.2418 | D Loss: 0.4019
Client 24 (CIFAR10) | Target Loss: 0.8832 | G Loss: 2.3015 | D Loss: 0.3826
Client 25 (CIFAR10) | Target Loss: 0.8831 | G Loss: 2.2680 | D Loss: 0.3954
Client 26 (CIFAR10) | Target Loss: 1.3518 | G Loss: 2.2273 | D Loss: 0.3861
Client 27 (CIFAR10) | Target Loss: 1.4678 | G Loss: 2.2874 | D Loss: 0.3863
Client 28 (CIFAR10) | Target Loss: 1.4147 | G Loss: 2.2626 | D Loss: 0.3858
Client 29 (CIFAR10) | Target Loss: 1.0437 | G Loss: 2.2690 | D Loss: 0.3777
Client 30 (CIFAR10) | Target Loss: 1.5202 | G Loss: 2.2905 | D Loss: 0.3834
Client 31 (CIFAR10) | Target Loss: 1.5852 | G Loss: 2.2921 | D Loss: 0.3891
Selected client ids: [0, 1, 2, 3, 4, 5, 6, 7, 8, 9, 10, 11, 12, 13, 14, 15, 16, 17, 18, 19, 20, 21, 22, 23, 24, 25, 26, 27, 28, 29]
--- Round 10 ---
Client 0 (MNIST) | Target Loss: 0.1085 | G Loss: 2.7698 | D Loss: 0.2808
Client 1 (MNIST) | Target Loss: 0.0461 | G Loss: 3.2970 | D Loss: 0.2059
Client 2 (MNIST) | Target Loss: 0.0210 | G Loss: 3.4003 | D Loss: 0.1917
Client 3 (MNIST) | Target Loss: 0.0266 | G Loss: 3.1383 | D Loss: 0.2350
Client 4 (MNIST) | Target Loss: 0.1144 | G Loss: 3.1760 | D Loss: 0.2190
Client 5 (MNIST) | Target Loss: 0.3818 | G Loss: 3.7283 | D Loss: 0.1525
Client 6 (MNIST) | Target Loss: 0.0648 | G Loss: 3.3660 | D Loss: 0.1949
Client 7 (MNIST) | Target Loss: 0.0357 | G Loss: 3.1905 | D Loss: 0.2155
Client 8 (MNIST) | Target Loss: 1.3954 | G Loss: 2.1926 | D Loss: 0.3970
Client 9 (MNIST) | Target Loss: 0.1239 | G Loss: 3.0924 | D Loss: 0.2323
Client 11 (EMNIST) | Target Loss: 0.4444 | G Loss: 6.7794 | D Loss: 0.0345
Client 12 (EMNIST) | Target Loss: 0.4176 | G Loss: 6.3455 | D Loss: 0.0453
Client 13 (EMNIST) | Target Loss: 0.3215 | G Loss: 6.7175 | D Loss: 0.0329
Client 14 (EMNIST) | Target Loss: 0.3003 | G Loss: 5.9367 | D Loss: 0.0680
Client 15 (EMNIST) | Target Loss: 0.4573 | G Loss: 6.1529 | D Loss: 0.0485
Client 16 (EMNIST) | Target Loss: 0.6633 | G Loss: 5.9740 | D Loss: 0.0493
Client 17 (EMNIST) | Target Loss: 0.3742 | G Loss: 6.2585 | D Loss: 0.0604
Client 18 (EMNIST) | Target Loss: 0.2898 | G Loss: 6.4919 | D Loss: 0.0443
Client 19 (EMNIST) | Target Loss: 0.4615 | G Loss: 6.7337 | D Loss: 0.0373
Client 20 (EMNIST) | Target Loss: 0.4845 | G Loss: 6.2786 | D Loss: 0.0528
Client 22 (CIFAR10) | Target Loss: 0.7394 | G Loss: 2.3206 | D Loss: 0.3788
Client 23 (CIFAR10) | Target Loss: 1.0562 | G Loss: 2.2457 | D Loss: 0.3750
Client 24 (CIFAR10) | Target Loss: 0.7969 | G Loss: 2.2830 | D Loss: 0.3797
Client 25 (CIFAR10) | Target Loss: 0.7711 | G Loss: 2.2315 | D Loss: 0.3819
Client 26 (CIFAR10) | Target Loss: 1.2918 | G Loss: 2.2622 | D Loss: 0.3970
Client 27 (CIFAR10) | Target Loss: 1.4605 | G Loss: 2.2775 | D Loss: 0.3633
Client 28 (CIFAR10) | Target Loss: 1.3648 | G Loss: 2.3363 | D Loss: 0.3698
Client 29 (CIFAR10) | Target Loss: 0.9605 | G Loss: 2.2194 | D Loss: 0.3847
Client 30 (CIFAR10) | Target Loss: 1.4500 | G Loss: 2.2594 | D Loss: 0.3726
Client 31 (CIFAR10) | Target Loss: 1.5536 | G Loss: 2.2369 | D Loss: 0.3835
Selected client ids: [0, 1, 2, 3, 4, 5, 6, 7, 8, 9, 10, 11, 12, 13, 14, 15, 16, 17, 18, 19, 20, 21, 22, 23, 24, 25, 26, 27, 28, 29]
--- Round 11 ---
Client 0 (MNIST) | Target Loss: 0.0994 | G Loss: 2.8594 | D Loss: 0.2665
Client 1 (MNIST) | Target Loss: 0.0332 | G Loss: 3.1069 | D Loss: 0.2336
Client 2 (MNIST) | Target Loss: 0.0346 | G Loss: 2.6498 | D Loss: 0.2970
Client 3 (MNIST) | Target Loss: 0.0243 | G Loss: 3.2336 | D Loss: 0.2222
Client 4 (MNIST) | Target Loss: 0.1082 | G Loss: 3.2240 | D Loss: 0.2175
Client 5 (MNIST) | Target Loss: 0.3566 | G Loss: 2.6520 | D Loss: 0.2982
Client 6 (MNIST) | Target Loss: 0.0559 | G Loss: 2.8793 | D Loss: 0.2637
Client 7 (MNIST) | Target Loss: 0.0200 | G Loss: 2.8417 | D Loss: 0.2712
Client 8 (MNIST) | Target Loss: 1.2180 | G Loss: 3.7120 | D Loss: 0.1505
Client 9 (MNIST) | Target Loss: 0.1329 | G Loss: 3.1365 | D Loss: 0.2464
Client 11 (EMNIST) | Target Loss: 0.4390 | G Loss: 6.2796 | D Loss: 0.0494
Client 12 (EMNIST) | Target Loss: 0.4075 | G Loss: 6.3912 | D Loss: 0.0412
Client 13 (EMNIST) | Target Loss: 0.3077 | G Loss: 6.8761 | D Loss: 0.0420
Client 14 (EMNIST) | Target Loss: 0.2863 | G Loss: 6.1879 | D Loss: 0.0512
Client 15 (EMNIST) | Target Loss: 0.4482 | G Loss: 6.3389 | D Loss: 0.0504
Client 16 (EMNIST) | Target Loss: 0.6401 | G Loss: 6.1434 | D Loss: 0.0474
Client 17 (EMNIST) | Target Loss: 0.3644 | G Loss: 6.0124 | D Loss: 0.0562
Client 18 (EMNIST) | Target Loss: 0.2741 | G Loss: 5.9786 | D Loss: 0.0518
Client 19 (EMNIST) | Target Loss: 0.4527 | G Loss: 6.1742 | D Loss: 0.0473
Client 20 (EMNIST) | Target Loss: 0.4835 | G Loss: 6.6908 | D Loss: 0.0418
Client 22 (CIFAR10) | Target Loss: 0.6636 | G Loss: 2.2278 | D Loss: 0.3803
Client 23 (CIFAR10) | Target Loss: 1.0284 | G Loss: 2.1388 | D Loss: 0.3935
Client 24 (CIFAR10) | Target Loss: 0.7423 | G Loss: 2.1676 | D Loss: 0.3875
Client 25 (CIFAR10) | Target Loss: 0.6514 | G Loss: 2.1583 | D Loss: 0.3838
Client 26 (CIFAR10) | Target Loss: 1.2194 | G Loss: 2.2371 | D Loss: 0.3608
Client 27 (CIFAR10) | Target Loss: 1.4222 | G Loss: 2.2058 | D Loss: 0.3728
Client 28 (CIFAR10) | Target Loss: 1.3198 | G Loss: 2.2086 | D Loss: 0.3796
Client 29 (CIFAR10) | Target Loss: 0.8919 | G Loss: 2.1116 | D Loss: 0.3924
Client 30 (CIFAR10) | Target Loss: 1.3732 | G Loss: 2.2046 | D Loss: 0.3752
Client 31 (CIFAR10) | Target Loss: 1.5569 | G Loss: 2.1620 | D Loss: 0.3829
Selected client ids: [0, 1, 2, 3, 4, 5, 6, 7, 8, 9, 10, 11, 12, 13, 14, 15, 16, 17, 18, 19, 20, 21, 22, 23, 24, 25, 26, 27, 28, 29]
--- Round 12 ---
Client 0 (MNIST) | Target Loss: 0.1037 | G Loss: 3.1601 | D Loss: 0.2441
Client 1 (MNIST) | Target Loss: 0.0224 | G Loss: 3.3078 | D Loss: 0.2139
Client 2 (MNIST) | Target Loss: 0.0334 | G Loss: 3.5935 | D Loss: 0.1783
Client 3 (MNIST) | Target Loss: 0.0154 | G Loss: 3.1883 | D Loss: 0.2291
Client 4 (MNIST) | Target Loss: 0.0983 | G Loss: 3.0711 | D Loss: 0.2570
Client 5 (MNIST) | Target Loss: 0.3378 | G Loss: 3.4619 | D Loss: 0.1982
Client 6 (MNIST) | Target Loss: 0.0506 | G Loss: 3.2739 | D Loss: 0.2192
Client 7 (MNIST) | Target Loss: 0.0202 | G Loss: 3.4485 | D Loss: 0.2000
Client 8 (MNIST) | Target Loss: 1.1152 | G Loss: 2.9513 | D Loss: 0.2663
Client 9 (MNIST) | Target Loss: 0.1126 | G Loss: 3.5698 | D Loss: 0.1773
Client 11 (EMNIST) | Target Loss: 0.4291 | G Loss: 7.1117 | D Loss: 0.0310
Client 12 (EMNIST) | Target Loss: 0.3970 | G Loss: 6.9216 | D Loss: 0.0327
Client 13 (EMNIST) | Target Loss: 0.2943 | G Loss: 7.1260 | D Loss: 0.0306
Client 14 (EMNIST) | Target Loss: 0.2705 | G Loss: 7.2298 | D Loss: 0.0304
Client 15 (EMNIST) | Target Loss: 0.4343 | G Loss: 6.9476 | D Loss: 0.0236
Client 16 (EMNIST) | Target Loss: 0.6222 | G Loss: 6.2600 | D Loss: 0.0465
Client 17 (EMNIST) | Target Loss: 0.3569 | G Loss: 7.1606 | D Loss: 0.0304
Client 18 (EMNIST) | Target Loss: 0.2626 | G Loss: 6.8907 | D Loss: 0.0290
Client 19 (EMNIST) | Target Loss: 0.4409 | G Loss: 6.7075 | D Loss: 0.0345
Client 20 (EMNIST) | Target Loss: 0.4746 | G Loss: 7.2145 | D Loss: 0.0301
Client 22 (CIFAR10) | Target Loss: 0.6147 | G Loss: 2.1614 | D Loss: 0.3827
Client 23 (CIFAR10) | Target Loss: 0.9741 | G Loss: 2.1723 | D Loss: 0.3820
Client 24 (CIFAR10) | Target Loss: 0.6202 | G Loss: 2.1555 | D Loss: 0.3860
Client 25 (CIFAR10) | Target Loss: 0.4677 | G Loss: 2.0720 | D Loss: 0.3974
Client 26 (CIFAR10) | Target Loss: 1.1756 | G Loss: 2.0622 | D Loss: 0.3886
Client 27 (CIFAR10) | Target Loss: 1.3985 | G Loss: 2.1073 | D Loss: 0.3926
Client 28 (CIFAR10) | Target Loss: 1.2923 | G Loss: 2.1265 | D Loss: 0.3777
Client 29 (CIFAR10) | Target Loss: 0.7999 | G Loss: 2.1831 | D Loss: 0.3787
Client 30 (CIFAR10) | Target Loss: 1.3190 | G Loss: 2.0983 | D Loss: 0.3910
Client 31 (CIFAR10) | Target Loss: 1.5248 | G Loss: 2.1117 | D Loss: 0.3893
Selected client ids: [0, 1, 2, 3, 4, 5, 6, 7, 8, 9, 10, 11, 12, 13, 14, 15, 16, 17, 18, 19, 20, 21, 22, 23, 24, 25, 26, 27, 28, 29]
--- Round 13 ---
Client 0 (MNIST) | Target Loss: 0.1541 | G Loss: 3.1171 | D Loss: 0.2388
Client 1 (MNIST) | Target Loss: 0.0256 | G Loss: 2.4996 | D Loss: 0.3274
Client 2 (MNIST) | Target Loss: 0.0171 | G Loss: 2.5214 | D Loss: 0.3198
Client 3 (MNIST) | Target Loss: 0.0417 | G Loss: 2.6743 | D Loss: 0.2974
Client 4 (MNIST) | Target Loss: 0.0891 | G Loss: 3.8393 | D Loss: 0.1522
Client 5 (MNIST) | Target Loss: 0.3482 | G Loss: 2.3328 | D Loss: 0.3565
Client 6 (MNIST) | Target Loss: 0.0456 | G Loss: 2.3707 | D Loss: 0.3448
Client 7 (MNIST) | Target Loss: 0.0324 | G Loss: 2.8494 | D Loss: 0.2789
Client 8 (MNIST) | Target Loss: 1.0634 | G Loss: 3.1121 | D Loss: 0.2383
Client 9 (MNIST) | Target Loss: 0.0728 | G Loss: 3.1911 | D Loss: 0.2212
Client 11 (EMNIST) | Target Loss: 0.4174 | G Loss: 6.7388 | D Loss: 0.0357
Client 12 (EMNIST) | Target Loss: 0.3894 | G Loss: 6.6825 | D Loss: 0.0337
Client 13 (EMNIST) | Target Loss: 0.2826 | G Loss: 6.4070 | D Loss: 0.0387
Client 14 (EMNIST) | Target Loss: 0.2592 | G Loss: 6.3709 | D Loss: 0.0405
Client 15 (EMNIST) | Target Loss: 0.4244 | G Loss: 6.2821 | D Loss: 0.0436
Client 16 (EMNIST) | Target Loss: 0.6119 | G Loss: 5.9379 | D Loss: 0.0457
Client 17 (EMNIST) | Target Loss: 0.3496 | G Loss: 5.5539 | D Loss: 0.0792
Client 18 (EMNIST) | Target Loss: 0.2443 | G Loss: 6.8222 | D Loss: 0.0363
Client 19 (EMNIST) | Target Loss: 0.4287 | G Loss: 6.2565 | D Loss: 0.0514
Client 20 (EMNIST) | Target Loss: 0.4608 | G Loss: 7.3186 | D Loss: 0.0238
Client 22 (CIFAR10) | Target Loss: 0.5035 | G Loss: 2.0372 | D Loss: 0.3993
Client 23 (CIFAR10) | Target Loss: 0.9721 | G Loss: 2.0694 | D Loss: 0.4020
Client 24 (CIFAR10) | Target Loss: 0.5372 | G Loss: 2.0733 | D Loss: 0.4054
Client 25 (CIFAR10) | Target Loss: 0.3822 | G Loss: 2.0630 | D Loss: 0.3986
Client 26 (CIFAR10) | Target Loss: 1.1221 | G Loss: 2.0276 | D Loss: 0.3941
Client 27 (CIFAR10) | Target Loss: 1.3581 | G Loss: 2.0011 | D Loss: 0.3953
Client 28 (CIFAR10) | Target Loss: 1.2449 | G Loss: 2.0332 | D Loss: 0.3892
Client 29 (CIFAR10) | Target Loss: 0.7167 | G Loss: 2.0132 | D Loss: 0.4093
Client 30 (CIFAR10) | Target Loss: 1.3230 | G Loss: 2.0999 | D Loss: 0.3926
Client 31 (CIFAR10) | Target Loss: 1.4836 | G Loss: 2.0589 | D Loss: 0.4024
Selected client ids: [0, 1, 2, 3, 4, 5, 6, 7, 8, 9, 10, 11, 12, 13, 14, 15, 16, 17, 18, 19, 20, 21, 22, 23, 24, 25, 26, 27, 28, 29]
--- Round 14 ---
Client 0 (MNIST) | Target Loss: 0.0790 | G Loss: 4.0889 | D Loss: 0.1194
Client 1 (MNIST) | Target Loss: 0.0370 | G Loss: 3.7799 | D Loss: 0.1578
Client 2 (MNIST) | Target Loss: 0.0222 | G Loss: 3.9226 | D Loss: 0.1411
Client 3 (MNIST) | Target Loss: 0.0497 | G Loss: 3.3719 | D Loss: 0.2137
Client 4 (MNIST) | Target Loss: 0.0837 | G Loss: 3.4469 | D Loss: 0.1947
Client 5 (MNIST) | Target Loss: 0.3293 | G Loss: 3.6588 | D Loss: 0.1608
Client 6 (MNIST) | Target Loss: 0.0413 | G Loss: 4.1550 | D Loss: 0.1149
Client 7 (MNIST) | Target Loss: 0.0199 | G Loss: 3.7956 | D Loss: 0.1596
Client 8 (MNIST) | Target Loss: 0.9678 | G Loss: 3.3857 | D Loss: 0.2008
Client 9 (MNIST) | Target Loss: 0.0744 | G Loss: 3.6780 | D Loss: 0.1702
Client 11 (EMNIST) | Target Loss: 0.4162 | G Loss: 6.1526 | D Loss: 0.0434
Client 12 (EMNIST) | Target Loss: 0.3821 | G Loss: 6.8976 | D Loss: 0.0345
Client 13 (EMNIST) | Target Loss: 0.2680 | G Loss: 7.1246 | D Loss: 0.0266
Client 14 (EMNIST) | Target Loss: 0.2461 | G Loss: 6.3091 | D Loss: 0.0372
Client 15 (EMNIST) | Target Loss: 0.4114 | G Loss: 6.4736 | D Loss: 0.0368
Client 16 (EMNIST) | Target Loss: 0.6010 | G Loss: 6.3367 | D Loss: 0.0346
Client 17 (EMNIST) | Target Loss: 0.3408 | G Loss: 6.5578 | D Loss: 0.0368
Client 18 (EMNIST) | Target Loss: 0.2321 | G Loss: 7.2453 | D Loss: 0.0216
Client 19 (EMNIST) | Target Loss: 0.4213 | G Loss: 6.2242 | D Loss: 0.0440
Client 20 (EMNIST) | Target Loss: 0.4552 | G Loss: 7.2243 | D Loss: 0.0251
Client 22 (CIFAR10) | Target Loss: 0.4203 | G Loss: 2.0030 | D Loss: 0.3894
Client 23 (CIFAR10) | Target Loss: 0.9222 | G Loss: 2.0104 | D Loss: 0.3836
Client 24 (CIFAR10) | Target Loss: 0.4350 | G Loss: 2.0669 | D Loss: 0.3931
Client 25 (CIFAR10) | Target Loss: 0.2932 | G Loss: 1.9806 | D Loss: 0.3974
Client 26 (CIFAR10) | Target Loss: 1.0762 | G Loss: 2.0023 | D Loss: 0.3942
Client 27 (CIFAR10) | Target Loss: 1.3566 | G Loss: 1.9401 | D Loss: 0.4001
Client 28 (CIFAR10) | Target Loss: 1.2003 | G Loss: 2.0855 | D Loss: 0.3841
Client 29 (CIFAR10) | Target Loss: 0.6212 | G Loss: 1.9866 | D Loss: 0.3979
Client 30 (CIFAR10) | Target Loss: 1.2741 | G Loss: 2.0080 | D Loss: 0.3954
Client 31 (CIFAR10) | Target Loss: 1.4255 | G Loss: 1.9707 | D Loss: 0.4131
Selected client ids: [0, 1, 2, 3, 4, 5, 6, 7, 8, 9, 10, 11, 12, 13, 14, 15, 16, 17, 18, 19, 20, 21, 22, 23, 24, 25, 26, 27, 28, 29]
--- Round 15 ---
Client 0 (MNIST) | Target Loss: 0.1274 | G Loss: 3.2330 | D Loss: 0.2316
Client 1 (MNIST) | Target Loss: 0.0230 | G Loss: 3.0206 | D Loss: 0.2561
Client 2 (MNIST) | Target Loss: 0.0169 | G Loss: 2.9487 | D Loss: 0.2476
Client 3 (MNIST) | Target Loss: 0.0259 | G Loss: 4.2474 | D Loss: 0.1110
Client 4 (MNIST) | Target Loss: 0.0798 | G Loss: 3.1748 | D Loss: 0.2342
Client 5 (MNIST) | Target Loss: 0.2758 | G Loss: 3.1570 | D Loss: 0.2364
Client 6 (MNIST) | Target Loss: 0.0295 | G Loss: 2.7838 | D Loss: 0.2754
Client 7 (MNIST) | Target Loss: 0.0207 | G Loss: 3.6126 | D Loss: 0.1842
Client 8 (MNIST) | Target Loss: 0.9072 | G Loss: 3.0963 | D Loss: 0.2520
Client 9 (MNIST) | Target Loss: 0.0824 | G Loss: 3.6910 | D Loss: 0.1777
Client 11 (EMNIST) | Target Loss: 0.4053 | G Loss: 6.4153 | D Loss: 0.0437
Client 12 (EMNIST) | Target Loss: 0.3773 | G Loss: 6.9055 | D Loss: 0.0309
Client 13 (EMNIST) | Target Loss: 0.2526 | G Loss: 6.9788 | D Loss: 0.0274
Client 14 (EMNIST) | Target Loss: 0.2282 | G Loss: 7.2104 | D Loss: 0.0293
Client 15 (EMNIST) | Target Loss: 0.4071 | G Loss: 7.2773 | D Loss: 0.0275
Client 16 (EMNIST) | Target Loss: 0.5796 | G Loss: 6.5941 | D Loss: 0.0362
Client 17 (EMNIST) | Target Loss: 0.3304 | G Loss: 6.4222 | D Loss: 0.0402
Client 18 (EMNIST) | Target Loss: 0.2201 | G Loss: 6.7839 | D Loss: 0.0341
Client 19 (EMNIST) | Target Loss: 0.4147 | G Loss: 7.0198 | D Loss: 0.0283
Client 20 (EMNIST) | Target Loss: 0.4481 | G Loss: 6.4784 | D Loss: 0.0419
Client 22 (CIFAR10) | Target Loss: 0.4137 | G Loss: 1.9067 | D Loss: 0.3912
Client 23 (CIFAR10) | Target Loss: 0.8796 | G Loss: 2.0035 | D Loss: 0.3844
Client 24 (CIFAR10) | Target Loss: 0.3796 | G Loss: 1.9930 | D Loss: 0.4119
Client 25 (CIFAR10) | Target Loss: 0.2447 | G Loss: 1.9503 | D Loss: 0.3965
Client 26 (CIFAR10) | Target Loss: 1.0258 | G Loss: 1.9985 | D Loss: 0.3891
Client 27 (CIFAR10) | Target Loss: 1.3211 | G Loss: 2.0021 | D Loss: 0.3830
Client 28 (CIFAR10) | Target Loss: 1.1580 | G Loss: 2.0235 | D Loss: 0.3924
Client 29 (CIFAR10) | Target Loss: 0.5499 | G Loss: 1.9788 | D Loss: 0.3846
Client 30 (CIFAR10) | Target Loss: 1.2230 | G Loss: 1.9937 | D Loss: 0.3935
Client 31 (CIFAR10) | Target Loss: 1.3956 | G Loss: 1.9560 | D Loss: 0.3949
Selected client ids: [0, 1, 2, 3, 4, 5, 6, 7, 8, 9, 10, 11, 12, 13, 14, 15, 16, 17, 18, 19, 20, 21, 22, 23, 24, 25, 26, 27, 28, 29]
--- Round 16 ---
Client 0 (MNIST) | Target Loss: 0.0650 | G Loss: 4.5029 | D Loss: 0.0928
Client 1 (MNIST) | Target Loss: 0.0210 | G Loss: 4.3178 | D Loss: 0.1012
Client 2 (MNIST) | Target Loss: 0.0080 | G Loss: 4.5538 | D Loss: 0.0844
Client 3 (MNIST) | Target Loss: 0.0428 | G Loss: 4.1457 | D Loss: 0.1275
Client 4 (MNIST) | Target Loss: 0.0853 | G Loss: 4.3649 | D Loss: 0.1078
Client 5 (MNIST) | Target Loss: 0.3018 | G Loss: 4.5639 | D Loss: 0.0890
Client 6 (MNIST) | Target Loss: 0.0462 | G Loss: 4.4667 | D Loss: 0.0895
Client 7 (MNIST) | Target Loss: 0.0134 | G Loss: 4.2637 | D Loss: 0.1155
Client 8 (MNIST) | Target Loss: 1.4112 | G Loss: 4.1143 | D Loss: 0.1217
Client 9 (MNIST) | Target Loss: 0.0737 | G Loss: 4.2458 | D Loss: 0.1174
Client 11 (EMNIST) | Target Loss: 0.3962 | G Loss: 7.6015 | D Loss: 0.0211
Client 12 (EMNIST) | Target Loss: 0.3671 | G Loss: 6.6707 | D Loss: 0.0341
Client 13 (EMNIST) | Target Loss: 0.2389 | G Loss: 6.9565 | D Loss: 0.0327
Client 14 (EMNIST) | Target Loss: 0.2104 | G Loss: 7.4867 | D Loss: 0.0242
Client 15 (EMNIST) | Target Loss: 0.4023 | G Loss: 6.7677 | D Loss: 0.0302
Client 16 (EMNIST) | Target Loss: 0.5766 | G Loss: 6.8874 | D Loss: 0.0308
Client 17 (EMNIST) | Target Loss: 0.3272 | G Loss: 7.3309 | D Loss: 0.0243
Client 18 (EMNIST) | Target Loss: 0.2098 | G Loss: 7.5105 | D Loss: 0.0203
Client 19 (EMNIST) | Target Loss: 0.4090 | G Loss: 7.0090 | D Loss: 0.0241
Client 20 (EMNIST) | Target Loss: 0.4500 | G Loss: 7.6873 | D Loss: 0.0181
Client 22 (CIFAR10) | Target Loss: 0.2883 | G Loss: 1.9522 | D Loss: 0.3835
Client 23 (CIFAR10) | Target Loss: 0.8702 | G Loss: 1.9870 | D Loss: 0.3925
Client 24 (CIFAR10) | Target Loss: 0.2648 | G Loss: 1.9910 | D Loss: 0.3854
Client 25 (CIFAR10) | Target Loss: 0.1939 | G Loss: 2.0127 | D Loss: 0.3897
Client 26 (CIFAR10) | Target Loss: 0.9804 | G Loss: 1.9547 | D Loss: 0.3944
Client 27 (CIFAR10) | Target Loss: 1.2907 | G Loss: 1.9727 | D Loss: 0.3944
Client 28 (CIFAR10) | Target Loss: 1.1116 | G Loss: 1.9771 | D Loss: 0.3835
Client 29 (CIFAR10) | Target Loss: 0.4440 | G Loss: 1.9687 | D Loss: 0.3822
Client 30 (CIFAR10) | Target Loss: 1.1655 | G Loss: 2.0206 | D Loss: 0.3949
Client 31 (CIFAR10) | Target Loss: 1.3619 | G Loss: 1.9263 | D Loss: 0.4087
Selected client ids: [0, 1, 2, 3, 4, 5, 6, 7, 8, 9, 10, 11, 12, 13, 14, 15, 16, 17, 18, 19, 20, 21, 22, 23, 24, 25, 26, 27, 28, 29]
--- Round 17 ---
Client 0 (MNIST) | Target Loss: 0.0607 | G Loss: 2.8901 | D Loss: 0.2843
Client 1 (MNIST) | Target Loss: 0.0186 | G Loss: 3.5546 | D Loss: 0.2085
Client 2 (MNIST) | Target Loss: 0.0078 | G Loss: 3.0383 | D Loss: 0.2663
Client 3 (MNIST) | Target Loss: 0.0301 | G Loss: 3.5829 | D Loss: 0.2131
Client 4 (MNIST) | Target Loss: 0.0732 | G Loss: 3.7013 | D Loss: 0.1847
Client 5 (MNIST) | Target Loss: 0.2844 | G Loss: 2.8775 | D Loss: 0.2817
Client 6 (MNIST) | Target Loss: 0.0280 | G Loss: 3.6850 | D Loss: 0.1756
Client 7 (MNIST) | Target Loss: 0.0096 | G Loss: 3.1125 | D Loss: 0.2565
Client 8 (MNIST) | Target Loss: 1.2294 | G Loss: 3.5647 | D Loss: 0.2113
Client 9 (MNIST) | Target Loss: 0.0958 | G Loss: 3.1436 | D Loss: 0.2475
Client 11 (EMNIST) | Target Loss: 0.3913 | G Loss: 7.0571 | D Loss: 0.0290
Client 12 (EMNIST) | Target Loss: 0.3640 | G Loss: 6.8247 | D Loss: 0.0316
Client 13 (EMNIST) | Target Loss: 0.2229 | G Loss: 7.2815 | D Loss: 0.0307
Client 14 (EMNIST) | Target Loss: 0.1956 | G Loss: 7.4598 | D Loss: 0.0274
Client 15 (EMNIST) | Target Loss: 0.3949 | G Loss: 7.0343 | D Loss: 0.0295
Client 16 (EMNIST) | Target Loss: 0.5630 | G Loss: 6.5212 | D Loss: 0.0367
Client 17 (EMNIST) | Target Loss: 0.3205 | G Loss: 6.5299 | D Loss: 0.0427
Client 18 (EMNIST) | Target Loss: 0.1932 | G Loss: 6.9669 | D Loss: 0.0298
Client 19 (EMNIST) | Target Loss: 0.3976 | G Loss: 6.8804 | D Loss: 0.0346
Client 20 (EMNIST) | Target Loss: 0.4427 | G Loss: 7.2008 | D Loss: 0.0283
Client 22 (CIFAR10) | Target Loss: 0.2893 | G Loss: 1.9212 | D Loss: 0.3967
Client 23 (CIFAR10) | Target Loss: 0.8599 | G Loss: 1.9426 | D Loss: 0.3927
Client 24 (CIFAR10) | Target Loss: 0.2186 | G Loss: 1.9668 | D Loss: 0.3882
Client 25 (CIFAR10) | Target Loss: 0.1501 | G Loss: 1.9207 | D Loss: 0.4056
Client 26 (CIFAR10) | Target Loss: 0.9095 | G Loss: 1.9467 | D Loss: 0.4062
Client 27 (CIFAR10) | Target Loss: 1.2847 | G Loss: 1.9694 | D Loss: 0.3891
Client 28 (CIFAR10) | Target Loss: 1.0843 | G Loss: 1.9621 | D Loss: 0.3801
Client 29 (CIFAR10) | Target Loss: 0.3514 | G Loss: 1.9387 | D Loss: 0.3963
Client 30 (CIFAR10) | Target Loss: 1.1437 | G Loss: 1.9276 | D Loss: 0.4100
Client 31 (CIFAR10) | Target Loss: 1.3485 | G Loss: 1.9349 | D Loss: 0.3959
Selected client ids: [0, 1, 2, 3, 4, 5, 6, 7, 8, 9, 10, 11, 12, 13, 14, 15, 16, 17, 18, 19, 20, 21, 22, 23, 24, 25, 26, 27, 28, 29]
--- Round 18 ---
Client 0 (MNIST) | Target Loss: 0.0711 | G Loss: 3.1015 | D Loss: 0.2397
Client 1 (MNIST) | Target Loss: 0.0141 | G Loss: 4.5648 | D Loss: 0.1031
Client 2 (MNIST) | Target Loss: 0.0077 | G Loss: 3.2530 | D Loss: 0.2265
Client 3 (MNIST) | Target Loss: 0.0285 | G Loss: 3.8085 | D Loss: 0.1789
Client 4 (MNIST) | Target Loss: 0.0647 | G Loss: 3.4765 | D Loss: 0.2109
Client 5 (MNIST) | Target Loss: 0.2553 | G Loss: 3.7214 | D Loss: 0.1832
Client 6 (MNIST) | Target Loss: 0.0270 | G Loss: 3.1271 | D Loss: 0.2483
Client 7 (MNIST) | Target Loss: 0.0114 | G Loss: 3.6745 | D Loss: 0.1881
Client 8 (MNIST) | Target Loss: 1.1076 | G Loss: 4.0363 | D Loss: 0.1497
Client 9 (MNIST) | Target Loss: 0.0698 | G Loss: 3.8340 | D Loss: 0.1576
Client 11 (EMNIST) | Target Loss: 0.3889 | G Loss: 6.7759 | D Loss: 0.0333
Client 12 (EMNIST) | Target Loss: 0.3570 | G Loss: 7.1441 | D Loss: 0.0275
Client 13 (EMNIST) | Target Loss: 0.2079 | G Loss: 7.9792 | D Loss: 0.0183
Client 14 (EMNIST) | Target Loss: 0.1766 | G Loss: 7.8115 | D Loss: 0.0199
Client 15 (EMNIST) | Target Loss: 0.3863 | G Loss: 8.7595 | D Loss: 0.0088
Client 16 (EMNIST) | Target Loss: 0.5551 | G Loss: 6.9313 | D Loss: 0.0287
Client 17 (EMNIST) | Target Loss: 0.3146 | G Loss: 7.1534 | D Loss: 0.0255
Client 18 (EMNIST) | Target Loss: 0.1914 | G Loss: 7.1531 | D Loss: 0.0252
Client 19 (EMNIST) | Target Loss: 0.3928 | G Loss: 7.4886 | D Loss: 0.0196
Client 20 (EMNIST) | Target Loss: 0.4352 | G Loss: 7.3819 | D Loss: 0.0219
Client 22 (CIFAR10) | Target Loss: 0.2409 | G Loss: 1.9188 | D Loss: 0.3955
Client 23 (CIFAR10) | Target Loss: 0.8005 | G Loss: 1.9403 | D Loss: 0.3795
Client 24 (CIFAR10) | Target Loss: 0.1558 | G Loss: 1.9123 | D Loss: 0.3870
Client 25 (CIFAR10) | Target Loss: 0.1131 | G Loss: 1.9120 | D Loss: 0.3951
Client 26 (CIFAR10) | Target Loss: 0.8561 | G Loss: 1.9399 | D Loss: 0.3831
Client 27 (CIFAR10) | Target Loss: 1.2697 | G Loss: 1.9287 | D Loss: 0.3896
Client 28 (CIFAR10) | Target Loss: 1.0564 | G Loss: 1.9289 | D Loss: 0.3773
Client 29 (CIFAR10) | Target Loss: 0.2765 | G Loss: 1.9215 | D Loss: 0.3954
Client 30 (CIFAR10) | Target Loss: 1.1674 | G Loss: 1.8931 | D Loss: 0.3868
Client 31 (CIFAR10) | Target Loss: 1.2972 | G Loss: 1.8854 | D Loss: 0.4080
Selected client ids: [0, 1, 2, 3, 4, 5, 6, 7, 8, 9, 10, 11, 12, 13, 14, 15, 16, 17, 18, 19, 20, 21, 22, 23, 24, 25, 26, 27, 28, 29]
--- Round 19 ---
Client 0 (MNIST) | Target Loss: 0.0551 | G Loss: 4.7668 | D Loss: 0.0943
Client 1 (MNIST) | Target Loss: 0.0145 | G Loss: 4.5457 | D Loss: 0.1089
Client 2 (MNIST) | Target Loss: 0.0195 | G Loss: 4.6622 | D Loss: 0.1034
Client 3 (MNIST) | Target Loss: 0.0171 | G Loss: 4.9454 | D Loss: 0.0788
Client 4 (MNIST) | Target Loss: 0.0688 | G Loss: 4.9134 | D Loss: 0.0886
Client 5 (MNIST) | Target Loss: 0.2697 | G Loss: 4.2959 | D Loss: 0.1292
Client 6 (MNIST) | Target Loss: 0.0182 | G Loss: 4.0159 | D Loss: 0.1691
Client 7 (MNIST) | Target Loss: 0.0149 | G Loss: 4.4971 | D Loss: 0.1178
Client 8 (MNIST) | Target Loss: 1.0286 | G Loss: 2.9967 | D Loss: 0.2805
Client 9 (MNIST) | Target Loss: 0.0681 | G Loss: 4.6662 | D Loss: 0.1054
Client 11 (EMNIST) | Target Loss: 0.3736 | G Loss: 8.5722 | D Loss: 0.0089
Client 12 (EMNIST) | Target Loss: 0.3516 | G Loss: 6.9477 | D Loss: 0.0331
Client 13 (EMNIST) | Target Loss: 0.1927 | G Loss: 6.9841 | D Loss: 0.0318
Client 14 (EMNIST) | Target Loss: 0.1584 | G Loss: 8.1003 | D Loss: 0.0139
Client 15 (EMNIST) | Target Loss: 0.3802 | G Loss: 7.2475 | D Loss: 0.0259
Client 16 (EMNIST) | Target Loss: 0.5452 | G Loss: 7.0014 | D Loss: 0.0301
Client 17 (EMNIST) | Target Loss: 0.3102 | G Loss: 7.3950 | D Loss: 0.0268
Client 18 (EMNIST) | Target Loss: 0.1725 | G Loss: 7.2631 | D Loss: 0.0233
Client 19 (EMNIST) | Target Loss: 0.3855 | G Loss: 6.9077 | D Loss: 0.0346
Client 20 (EMNIST) | Target Loss: 0.4340 | G Loss: 7.0724 | D Loss: 0.0252
Client 22 (CIFAR10) | Target Loss: 0.3259 | G Loss: 1.8901 | D Loss: 0.3795
Client 23 (CIFAR10) | Target Loss: 0.7574 | G Loss: 1.9198 | D Loss: 0.3826
Client 24 (CIFAR10) | Target Loss: 0.1166 | G Loss: 1.9329 | D Loss: 0.3807
Client 25 (CIFAR10) | Target Loss: 0.1013 | G Loss: 1.9020 | D Loss: 0.3952
Client 26 (CIFAR10) | Target Loss: 0.8359 | G Loss: 1.9215 | D Loss: 0.3878
Client 27 (CIFAR10) | Target Loss: 1.2393 | G Loss: 1.9448 | D Loss: 0.3856
Client 28 (CIFAR10) | Target Loss: 1.0132 | G Loss: 1.9405 | D Loss: 0.3620
Client 29 (CIFAR10) | Target Loss: 0.2436 | G Loss: 1.9481 | D Loss: 0.3763
Client 30 (CIFAR10) | Target Loss: 1.0349 | G Loss: 1.9289 | D Loss: 0.3884
Client 31 (CIFAR10) | Target Loss: 1.2326 | G Loss: 1.9230 | D Loss: 0.3944
Selected client ids: [0, 1, 2, 3, 4, 5, 6, 7, 8, 9, 10, 11, 12, 13, 14, 15, 16, 17, 18, 19, 20, 21, 22, 23, 24, 25, 26, 27, 28, 29]
--- Round 20 ---
Client 0 (MNIST) | Target Loss: 0.0285 | G Loss: 5.8580 | D Loss: 0.0062
Client 1 (MNIST) | Target Loss: 0.0097 | G Loss: 5.8036 | D Loss: 0.0061
Client 2 (MNIST) | Target Loss: 0.0289 | G Loss: 5.8110 | D Loss: 0.0060
Client 3 (MNIST) | Target Loss: 0.0359 | G Loss: 5.2362 | D Loss: 0.0621
Client 4 (MNIST) | Target Loss: 0.0465 | G Loss: 5.8760 | D Loss: 0.0057
Client 5 (MNIST) | Target Loss: 0.2366 | G Loss: 5.8916 | D Loss: 0.0064
Client 6 (MNIST) | Target Loss: 0.0177 | G Loss: 5.0111 | D Loss: 0.0592
Client 7 (MNIST) | Target Loss: 0.0160 | G Loss: 5.3624 | D Loss: 0.0937
Client 8 (MNIST) | Target Loss: 0.9681 | G Loss: 5.0596 | D Loss: 0.0600
Client 9 (MNIST) | Target Loss: 0.0409 | G Loss: 5.1133 | D Loss: 0.1044
Client 11 (EMNIST) | Target Loss: 0.3737 | G Loss: 7.0970 | D Loss: 0.0338
Client 12 (EMNIST) | Target Loss: 0.3447 | G Loss: 7.1831 | D Loss: 0.0320
Client 13 (EMNIST) | Target Loss: 0.1787 | G Loss: 7.3531 | D Loss: 0.0222
Client 14 (EMNIST) | Target Loss: 0.1360 | G Loss: 7.1155 | D Loss: 0.0294
Client 15 (EMNIST) | Target Loss: 0.3701 | G Loss: 7.3689 | D Loss: 0.0249
Client 16 (EMNIST) | Target Loss: 0.5287 | G Loss: 7.7865 | D Loss: 0.0150
Client 17 (EMNIST) | Target Loss: 0.3050 | G Loss: 6.9820 | D Loss: 0.0323
Client 18 (EMNIST) | Target Loss: 0.1676 | G Loss: 7.4118 | D Loss: 0.0197
Client 19 (EMNIST) | Target Loss: 0.3815 | G Loss: 7.6346 | D Loss: 0.0200
Client 20 (EMNIST) | Target Loss: 0.4365 | G Loss: 7.1885 | D Loss: 0.0268
Client 22 (CIFAR10) | Target Loss: 0.2998 | G Loss: 1.9189 | D Loss: 0.3835
Client 23 (CIFAR10) | Target Loss: 0.7508 | G Loss: 1.9322 | D Loss: 0.3790
Client 24 (CIFAR10) | Target Loss: 0.1122 | G Loss: 1.9504 | D Loss: 0.3654
Client 25 (CIFAR10) | Target Loss: 0.1189 | G Loss: 1.8964 | D Loss: 0.4008
Client 26 (CIFAR10) | Target Loss: 0.7861 | G Loss: 1.9045 | D Loss: 0.3890
Client 27 (CIFAR10) | Target Loss: 1.2234 | G Loss: 1.9039 | D Loss: 0.3832
Client 28 (CIFAR10) | Target Loss: 0.9695 | G Loss: 1.8987 | D Loss: 0.3932
Client 29 (CIFAR10) | Target Loss: 0.1581 | G Loss: 1.8897 | D Loss: 0.4020
Client 30 (CIFAR10) | Target Loss: 0.9885 | G Loss: 1.9167 | D Loss: 0.3989
Client 31 (CIFAR10) | Target Loss: 1.1865 | G Loss: 1.9148 | D Loss: 0.3880
[Server] Performing Name-Based Label Mapping...
[Server] Name-based mapping completed. Found 72 unique global classes.

=========================================================================================================
Global ID  | Class Name           | Mapped Datasets (Local ID)
---------------------------------------------------------------------------------------------------------
0          | 0                    | MNIST(0), EMNIST(0)
1          | 1                    | MNIST(1), EMNIST(1)
2          | 2                    | MNIST(2), EMNIST(2)
3          | 3                    | MNIST(3), EMNIST(3)
4          | 4                    | MNIST(4), EMNIST(4)
5          | 5                    | MNIST(5), EMNIST(5)
6          | 6                    | MNIST(6), EMNIST(6)
7          | 7                    | MNIST(7), EMNIST(7)
8          | 8                    | MNIST(8), EMNIST(8)
9          | 9                    | MNIST(9), EMNIST(9)
10         | A                    | EMNIST(10)
11         | B                    | EMNIST(11)
12         | C                    | EMNIST(12)
13         | D                    | EMNIST(13)
14         | E                    | EMNIST(14)
15         | F                    | EMNIST(15)
16         | G                    | EMNIST(16)
17         | H                    | EMNIST(17)
18         | I                    | EMNIST(18)
19         | J                    | EMNIST(19)
20         | K                    | EMNIST(20)
21         | L                    | EMNIST(21)
22         | M                    | EMNIST(22)
23         | N                    | EMNIST(23)
24         | O                    | EMNIST(24)
25         | P                    | EMNIST(25)
26         | Q                    | EMNIST(26)
27         | R                    | EMNIST(27)
28         | S                    | EMNIST(28)
29         | T                    | EMNIST(29)
30         | U                    | EMNIST(30)
31         | V                    | EMNIST(31)
32         | W                    | EMNIST(32)
33         | X                    | EMNIST(33)
34         | Y                    | EMNIST(34)
35         | Z                    | EMNIST(35)
36         | a                    | EMNIST(36)
37         | airplane             | CIFAR10(0)
38         | automobile           | CIFAR10(1)
39         | b                    | EMNIST(37)
40         | bird                 | CIFAR10(2)
41         | c                    | EMNIST(38)
42         | cat                  | CIFAR10(3)
43         | d                    | EMNIST(39)
44         | deer                 | CIFAR10(4)
45         | dog                  | CIFAR10(5)
46         | e                    | EMNIST(40)
47         | f                    | EMNIST(41)
48         | frog                 | CIFAR10(6)
49         | g                    | EMNIST(42)
50         | h                    | EMNIST(43)
51         | horse                | CIFAR10(7)
52         | i                    | EMNIST(44)
53         | j                    | EMNIST(45)
54         | k                    | EMNIST(46)
55         | l                    | EMNIST(47)
56         | m                    | EMNIST(48)
57         | n                    | EMNIST(49)
58         | o                    | EMNIST(50)
59         | p                    | EMNIST(51)
60         | q                    | EMNIST(52)
61         | r                    | EMNIST(53)
62         | s                    | EMNIST(54)
63         | ship                 | CIFAR10(8)
64         | t                    | EMNIST(55)
65         | truck                | CIFAR10(9)
66         | u                    | EMNIST(56)
67         | v                    | EMNIST(57)
68         | w                    | EMNIST(58)
69         | x                    | EMNIST(59)
70         | y                    | EMNIST(60)
71         | z                    | EMNIST(61)
=========================================================================================================

Initializing Global Inference Model with 72 classes...
Epoch 0 Loss: 2.4203
Epoch 1 Loss: 0.9986
Epoch 2 Loss: 0.7657
Epoch 3 Loss: 0.6343
Epoch 4 Loss: 0.5916
[Server] Global Inference Model Acc (MNIST) (Round 20): 79.67% (Tested on 9095 samples)
[Server] Global Inference Model Acc (EMNIST) (Round 20): 58.37% (Tested on 105779 samples)
[Server] Global Inference Model Acc (CIFAR10) (Round 20): 28.86% (Tested on 9100 samples)
[Server] Global Inference Model Acc (Mix) (Round 20): 57.77% (Tested on 123974 samples)
Selected client ids: [0, 1, 2, 3, 4, 5, 6, 7, 8, 9, 10, 11, 12, 13, 14, 15, 16, 17, 18, 19, 20, 21, 22, 23, 24, 25, 26, 27, 28, 29]
--- Round 21 ---
Client 0 (MNIST) | Target Loss: 0.0000 | G Loss: 3.0206 | D Loss: 0.2825
Client 1 (MNIST) | Target Loss: 0.0000 | G Loss: 3.2538 | D Loss: 0.2449
Client 2 (MNIST) | Target Loss: 0.0000 | G Loss: 3.1680 | D Loss: 0.2504
Client 3 (MNIST) | Target Loss: 0.0000 | G Loss: 3.6826 | D Loss: 0.1852
Client 4 (MNIST) | Target Loss: 0.0000 | G Loss: 3.6740 | D Loss: 0.1929
Client 5 (MNIST) | Target Loss: 0.0000 | G Loss: 3.0214 | D Loss: 0.2670
Client 6 (MNIST) | Target Loss: 0.0000 | G Loss: 4.0749 | D Loss: 0.1406
Client 7 (MNIST) | Target Loss: 0.0000 | G Loss: 3.3163 | D Loss: 0.2507
Client 8 (MNIST) | Target Loss: 0.0000 | G Loss: 4.0400 | D Loss: 0.1474
Client 9 (MNIST) | Target Loss: 0.0000 | G Loss: 3.0357 | D Loss: 0.2645
Client 11 (EMNIST) | Target Loss: 0.0000 | G Loss: 7.8299 | D Loss: 0.0209
Client 12 (EMNIST) | Target Loss: 0.0000 | G Loss: 7.0928 | D Loss: 0.0245
Client 13 (EMNIST) | Target Loss: 0.0000 | G Loss: 7.3616 | D Loss: 0.0232
Client 14 (EMNIST) | Target Loss: 0.0000 | G Loss: 8.1449 | D Loss: 0.0189
Client 15 (EMNIST) | Target Loss: 0.0000 | G Loss: 7.9483 | D Loss: 0.0223
Client 16 (EMNIST) | Target Loss: 0.0000 | G Loss: 6.8066 | D Loss: 0.0336
Client 17 (EMNIST) | Target Loss: 0.0000 | G Loss: 8.3044 | D Loss: 0.0159
Client 18 (EMNIST) | Target Loss: 0.0000 | G Loss: 6.8785 | D Loss: 0.0343
Client 19 (EMNIST) | Target Loss: 0.0000 | G Loss: 8.0097 | D Loss: 0.0212
Client 20 (EMNIST) | Target Loss: 0.0000 | G Loss: 8.0707 | D Loss: 0.0200
Client 22 (CIFAR10) | Target Loss: 0.0000 | G Loss: 1.8275 | D Loss: 0.4173
Client 23 (CIFAR10) | Target Loss: 0.0000 | G Loss: 1.9403 | D Loss: 0.3784
Client 24 (CIFAR10) | Target Loss: 0.0000 | G Loss: 1.9394 | D Loss: 0.3817
Client 25 (CIFAR10) | Target Loss: 0.0000 | G Loss: 1.8762 | D Loss: 0.4104
Client 26 (CIFAR10) | Target Loss: 0.0000 | G Loss: 1.9636 | D Loss: 0.3693
Client 27 (CIFAR10) | Target Loss: 0.0000 | G Loss: 1.9447 | D Loss: 0.3779
Client 28 (CIFAR10) | Target Loss: 0.0000 | G Loss: 1.9089 | D Loss: 0.3777
Client 29 (CIFAR10) | Target Loss: 0.0000 | G Loss: 1.9302 | D Loss: 0.3837
Client 30 (CIFAR10) | Target Loss: 0.0000 | G Loss: 1.9282 | D Loss: 0.3830
Client 31 (CIFAR10) | Target Loss: 0.0000 | G Loss: 1.8863 | D Loss: 0.3947
Epoch 0 Loss: 0.6728
Epoch 1 Loss: 0.5335
Epoch 2 Loss: 0.4562
Epoch 3 Loss: 0.4331
Epoch 4 Loss: 0.3648
[Server] Global Inference Model Acc (MNIST) (Round 21): 92.26% (Tested on 9095 samples)
[Server] Global Inference Model Acc (EMNIST) (Round 21): 57.11% (Tested on 105779 samples)
[Server] Global Inference Model Acc (CIFAR10) (Round 21): 33.29% (Tested on 9100 samples)
[Server] Global Inference Model Acc (Mix) (Round 21): 57.94% (Tested on 123974 samples)
Selected client ids: [0, 1, 2, 3, 4, 5, 6, 7, 8, 9, 10, 11, 12, 13, 14, 15, 16, 17, 18, 19, 20, 21, 22, 23, 24, 25, 26, 27, 28, 29]
--- Round 22 ---
Client 0 (MNIST) | Target Loss: 0.0000 | G Loss: 4.6865 | D Loss: 0.0865
Client 1 (MNIST) | Target Loss: 0.0000 | G Loss: 4.3606 | D Loss: 0.1229
Client 2 (MNIST) | Target Loss: 0.0000 | G Loss: 4.8355 | D Loss: 0.0748
Client 3 (MNIST) | Target Loss: 0.0000 | G Loss: 4.3072 | D Loss: 0.1369
Client 4 (MNIST) | Target Loss: 0.0000 | G Loss: 4.6491 | D Loss: 0.0968
Client 5 (MNIST) | Target Loss: 0.0000 | G Loss: 4.6584 | D Loss: 0.0784
Client 6 (MNIST) | Target Loss: 0.0000 | G Loss: 4.6999 | D Loss: 0.0957
Client 7 (MNIST) | Target Loss: 0.0000 | G Loss: 4.6565 | D Loss: 0.0872
Client 8 (MNIST) | Target Loss: 0.0000 | G Loss: 4.1399 | D Loss: 0.1426
Client 9 (MNIST) | Target Loss: 0.0000 | G Loss: 4.7218 | D Loss: 0.0909
