Time: 2026-05-13 21:53:32
Log Dir: logs/2026-05-13_21-53-32/Ours
================================================================================

==============================        Args        ==============================
  exp_timestamp: None
  exp_conf: ./configs/het-iid-exp.yaml
  device: cuda:1
  seed: 15698
  algorithm: Ours
  num_new_clients: 1
  num_train_mnist: 10
  num_train_emnist: 10
  num_train_fashionmnist: 0
  num_train_cifar10: 10
  num_train_cifar100: 0
  num_train_usps: 0
================================================================================
==============================    Exp Configs     ==============================
exp_name: model-heterogeneity
heterogeneous: true
dirichlet_alpha: 100
global_rounds: 30
local_epochs: 1
local_loss_fn: CrossEntropyLoss
local_optim: Adam
local_lr: 0.001
batch_size: 64
sample_frac: 1.0
test_interval: 1
metric_type: accuracy
global_feature_dim: 256
optim: Adam
optim_lr: 0.001
global_gen_epochs: 10
gen_noise_dim: 128
gen_optim: Adam
gen_optim_lr: 0.001
global_feat_gen_epochs: 10
feat_gen_noise_dim: 128
feat_gen_optim: Adam
feat_gen_optim_lr: 0.001
feat_gen_div_beta: 1.0
public_data_ratio: 0.05
start_mapping_epoch: 1
gen_observer_weight: 1.0
index_matching: class_name
aggregate_method: dataset_name
use_new_entropy_method: true
entropy_ratio: 0.85
global_model_epochs: 5
global_model_optim: Adam
global_model_optim_lr: 0.0001
global_samples_per_class: 64
div_beta = 0.0

================================================================================

==================================================
Start 30 rounds training by Ours
Selected client ids: [0, 1, 2, 3, 4, 5, 6, 7, 8, 9, 10, 11, 12, 13, 14, 15, 16, 17, 18, 19, 20, 21, 22, 23, 24, 25, 26, 27, 28, 29]
--- Round 1 ---
Round 1 | Client 0 | Model: (MLP) | Acc: 83.86%
Round 1 | Client 1 | Model: (CNN) | Acc: 50.50%
Round 1 | Client 2 | Model: (ResNet8) | Acc: 82.11%
Round 1 | Client 3 | Model: (ResNet18) | Acc: 83.14%
Round 1 | Client 4 | Model: (MobileNetV2) | Acc: 54.39%
Round 1 | Client 5 | Model: (MobileNetV3) | Acc: 47.16%
Round 1 | Client 6 | Model: (LeNet) | Acc: 80.85%
Round 1 | Client 7 | Model: (AlexNet) | Acc: 86.32%
Round 1 | Client 8 | Model: (ShuffleNet) | Acc: 62.58%
Round 1 | Client 9 | Model: (SqueezeNet) | Acc: 51.58%
Round 1 | Client 11 | Model: (MLP) | Acc: 74.61%
Round 1 | Client 12 | Model: (CNN) | Acc: 74.77%
Round 1 | Client 13 | Model: (ResNet8) | Acc: 78.00%
Round 1 | Client 14 | Model: (ResNet18) | Acc: 81.02%
Round 1 | Client 15 | Model: (MobileNetV2) | Acc: 74.55%
Round 1 | Client 16 | Model: (MobileNetV3) | Acc: 32.23%
Round 1 | Client 17 | Model: (LeNet) | Acc: 77.28%
Round 1 | Client 18 | Model: (AlexNet) | Acc: 80.53%
Round 1 | Client 19 | Model: (ShuffleNet) | Acc: 70.96%
Round 1 | Client 20 | Model: (SqueezeNet) | Acc: 70.01%
Round 1 | Client 22 | Model: (MLP) | Acc: 30.22%
Round 1 | Client 23 | Model: (CNN) | Acc: 33.08%
Round 1 | Client 24 | Model: (ResNet8) | Acc: 32.23%
Round 1 | Client 25 | Model: (ResNet18) | Acc: 29.19%
Round 1 | Client 26 | Model: (MobileNetV2) | Acc: 15.95%
Round 1 | Client 27 | Model: (MobileNetV3) | Acc: 33.58%
Round 1 | Client 28 | Model: (LeNet) | Acc: 27.83%
Round 1 | Client 29 | Model: (AlexNet) | Acc: 26.59%
Round 1 | Client 30 | Model: (ShuffleNet) | Acc: 20.94%
Round 1 | Client 31 | Model: (SqueezeNet) | Acc: 14.72%
[Server] Aggregating by Dataset Name ...
[Server] Performing Name-Based Label Mapping...
[Server] Name-based mapping completed. Found 72 unique global classes.

=========================================================================================================
Global ID  | Class Name           | Mapped Datasets (Local ID)
---------------------------------------------------------------------------------------------------------
0          | 0                    | MNIST(0), EMNIST(0)
1          | 1                    | MNIST(1), EMNIST(1)
2          | 2                    | MNIST(2), EMNIST(2)
3          | 3                    | MNIST(3), EMNIST(3)
4          | 4                    | MNIST(4), EMNIST(4)
5          | 5                    | MNIST(5), EMNIST(5)
6          | 6                    | MNIST(6), EMNIST(6)
7          | 7                    | MNIST(7), EMNIST(7)
8          | 8                    | MNIST(8), EMNIST(8)
9          | 9                    | MNIST(9), EMNIST(9)
10         | A                    | EMNIST(10)
11         | B                    | EMNIST(11)
12         | C                    | EMNIST(12)
13         | D                    | EMNIST(13)
14         | E                    | EMNIST(14)
15         | F                    | EMNIST(15)
16         | G                    | EMNIST(16)
17         | H                    | EMNIST(17)
18         | I                    | EMNIST(18)
19         | J                    | EMNIST(19)
20         | K                    | EMNIST(20)
21         | L                    | EMNIST(21)
22         | M                    | EMNIST(22)
23         | N                    | EMNIST(23)
24         | O                    | EMNIST(24)
25         | P                    | EMNIST(25)
26         | Q                    | EMNIST(26)
27         | R                    | EMNIST(27)
28         | S                    | EMNIST(28)
29         | T                    | EMNIST(29)
30         | U                    | EMNIST(30)
31         | V                    | EMNIST(31)
32         | W                    | EMNIST(32)
33         | X                    | EMNIST(33)
34         | Y                    | EMNIST(34)
35         | Z                    | EMNIST(35)
36         | a                    | EMNIST(36)
37         | airplane             | CIFAR10(0)
38         | automobile           | CIFAR10(1)
39         | b                    | EMNIST(37)
40         | bird                 | CIFAR10(2)
41         | c                    | EMNIST(38)
42         | cat                  | CIFAR10(3)
43         | d                    | EMNIST(39)
44         | deer                 | CIFAR10(4)
45         | dog                  | CIFAR10(5)
46         | e                    | EMNIST(40)
47         | f                    | EMNIST(41)
48         | frog                 | CIFAR10(6)
49         | g                    | EMNIST(42)
50         | h                    | EMNIST(43)
51         | horse                | CIFAR10(7)
52         | i                    | EMNIST(44)
53         | j                    | EMNIST(45)
54         | k                    | EMNIST(46)
55         | l                    | EMNIST(47)
56         | m                    | EMNIST(48)
57         | n                    | EMNIST(49)
58         | o                    | EMNIST(50)
59         | p                    | EMNIST(51)
60         | q                    | EMNIST(52)
61         | r                    | EMNIST(53)
62         | s                    | EMNIST(54)
63         | ship                 | CIFAR10(8)
64         | t                    | EMNIST(55)
65         | truck                | CIFAR10(9)
66         | u                    | EMNIST(56)
67         | v                    | EMNIST(57)
68         | w                    | EMNIST(58)
69         | x                    | EMNIST(59)
70         | y                    | EMNIST(60)
71         | z                    | EMNIST(61)
=========================================================================================================

[Server] Training Image-Based Global Generator...
  Epoch 1/10 | Loss: 24.1318
  Epoch 2/10 | Loss: 21.0092
  Epoch 3/10 | Loss: 16.8062
  Epoch 4/10 | Loss: 16.2278
  Epoch 5/10 | Loss: 13.6776
  Epoch 6/10 | Loss: 13.6654
  Epoch 7/10 | Loss: 12.4345
  Epoch 8/10 | Loss: 12.3748
  Epoch 9/10 | Loss: 12.5631
  Epoch 10/10 | Loss: 12.1280
[Server] Image-Based Global Generator training finished.
[Server] Training Final Global Inference Model ...
Detected 72 global classes: [0, 1, 2, 3, 4, 5, 6, 7, 8, 9, 10, 11, 12, 13, 14, 15, 16, 17, 18, 19, 20, 21, 22, 23, 24, 25, 26, 27, 28, 29, 30, 31, 32, 33, 34, 35, 36, 37, 38, 39, 40, 41, 42, 43, 44, 45, 46, 47, 48, 49, 50, 51, 52, 53, 54, 55, 56, 57, 58, 59, 60, 61, 62, 63, 64, 65, 66, 67, 68, 69, 70, 71]
Initializing Global Inference Model with 72 classes...
Epoch 0 Loss: 8.5415
Epoch 1 Loss: 8.5314
Epoch 2 Loss: 8.5712
Epoch 3 Loss: 8.3953
Epoch 4 Loss: 8.5794
[Server] Global Inference Model Acc (MNIST) (Round 1): 0.00% (Tested on 9095 samples)
[Server] Global Inference Model Acc (EMNIST) (Round 1): 0.00% (Tested on 105779 samples)
[Server] Global Inference Model Acc (CIFAR10) (Round 1): 10.00% (Tested on 9100 samples)
[Server] Global Inference Model Acc (Mix) (Round 1): 0.73% (Tested on 123974 samples)
Selected client ids: [0, 1, 2, 3, 4, 5, 6, 7, 8, 9, 10, 11, 12, 13, 14, 15, 16, 17, 18, 19, 20, 21, 22, 23, 24, 25, 26, 27, 28, 29]
--- Round 2 ---
Round 2 | Client 0 | Model: (MLP) | Acc: 88.00%
Round 2 | Client 1 | Model: (CNN) | Acc: 83.39%
Round 2 | Client 2 | Model: (ResNet8) | Acc: 81.31%
Round 2 | Client 3 | Model: (ResNet18) | Acc: 95.93%
Round 2 | Client 4 | Model: (MobileNetV2) | Acc: 82.44%
Round 2 | Client 5 | Model: (MobileNetV3) | Acc: 54.85%
Round 2 | Client 6 | Model: (LeNet) | Acc: 91.47%
Round 2 | Client 7 | Model: (AlexNet) | Acc: 93.79%
Round 2 | Client 8 | Model: (ShuffleNet) | Acc: 73.27%
Round 2 | Client 9 | Model: (SqueezeNet) | Acc: 77.49%
Round 2 | Client 11 | Model: (MLP) | Acc: 76.41%
Round 2 | Client 12 | Model: (CNN) | Acc: 77.58%
Round 2 | Client 13 | Model: (ResNet8) | Acc: 82.54%
Round 2 | Client 14 | Model: (ResNet18) | Acc: 83.66%
Round 2 | Client 15 | Model: (MobileNetV2) | Acc: 77.36%
Round 2 | Client 16 | Model: (MobileNetV3) | Acc: 64.12%
Round 2 | Client 17 | Model: (LeNet) | Acc: 81.35%
Round 2 | Client 18 | Model: (AlexNet) | Acc: 83.89%
Round 2 | Client 19 | Model: (ShuffleNet) | Acc: 76.19%
Round 2 | Client 20 | Model: (SqueezeNet) | Acc: 73.72%
Round 2 | Client 22 | Model: (MLP) | Acc: 37.29%
Round 2 | Client 23 | Model: (CNN) | Acc: 38.79%
Round 2 | Client 24 | Model: (ResNet8) | Acc: 37.79%
Round 2 | Client 25 | Model: (ResNet18) | Acc: 31.30%
Round 2 | Client 26 | Model: (MobileNetV2) | Acc: 28.12%
Round 2 | Client 27 | Model: (MobileNetV3) | Acc: 36.05%
Round 2 | Client 28 | Model: (LeNet) | Acc: 35.97%
Round 2 | Client 29 | Model: (AlexNet) | Acc: 34.92%
Round 2 | Client 30 | Model: (ShuffleNet) | Acc: 23.36%
Round 2 | Client 31 | Model: (SqueezeNet) | Acc: 19.89%
[Server] Aggregating by Dataset Name ...
[Server] Training Image-Based Global Generator...
  Epoch 1/10 | Loss: 15.4423
  Epoch 2/10 | Loss: 15.4431
  Epoch 3/10 | Loss: 14.9194
  Epoch 4/10 | Loss: 14.6587
  Epoch 5/10 | Loss: 14.6984
  Epoch 6/10 | Loss: 14.0463
  Epoch 7/10 | Loss: 13.4551
  Epoch 8/10 | Loss: 13.5798
  Epoch 9/10 | Loss: 13.3815
  Epoch 10/10 | Loss: 13.9771
[Server] Image-Based Global Generator training finished.
[Server] Training Final Global Inference Model ...
Detected 72 global classes: [0, 1, 2, 3, 4, 5, 6, 7, 8, 9, 10, 11, 12, 13, 14, 15, 16, 17, 18, 19, 20, 21, 22, 23, 24, 25, 26, 27, 28, 29, 30, 31, 32, 33, 34, 35, 36, 37, 38, 39, 40, 41, 42, 43, 44, 45, 46, 47, 48, 49, 50, 51, 52, 53, 54, 55, 56, 57, 58, 59, 60, 61, 62, 63, 64, 65, 66, 67, 68, 69, 70, 71]
Epoch 0 Loss: 8.5212
Epoch 1 Loss: 8.5060
Epoch 2 Loss: 8.5011
Epoch 3 Loss: 8.5379
Epoch 4 Loss: 8.4888
[Server] Global Inference Model Acc (MNIST) (Round 2): 0.02% (Tested on 9095 samples)
[Server] Global Inference Model Acc (EMNIST) (Round 2): 0.07% (Tested on 105779 samples)
[Server] Global Inference Model Acc (CIFAR10) (Round 2): 8.69% (Tested on 9100 samples)
[Server] Global Inference Model Acc (Mix) (Round 2): 0.70% (Tested on 123974 samples)
Selected client ids: [0, 1, 2, 3, 4, 5, 6, 7, 8, 9, 10, 11, 12, 13, 14, 15, 16, 17, 18, 19, 20, 21, 22, 23, 24, 25, 26, 27, 28, 29]
--- Round 3 ---
Round 3 | Client 0 | Model: (MLP) | Acc: 90.51%
Round 3 | Client 1 | Model: (CNN) | Acc: 71.32%
Round 3 | Client 2 | Model: (ResNet8) | Acc: 91.17%
Round 3 | Client 3 | Model: (ResNet18) | Acc: 97.51%
Round 3 | Client 4 | Model: (MobileNetV2) | Acc: 83.83%
Round 3 | Client 5 | Model: (MobileNetV3) | Acc: 69.57%
Round 3 | Client 6 | Model: (LeNet) | Acc: 95.19%
Round 3 | Client 7 | Model: (AlexNet) | Acc: 96.00%
Round 3 | Client 8 | Model: (ShuffleNet) | Acc: 64.59%
Round 3 | Client 9 | Model: (SqueezeNet) | Acc: 83.61%
Round 3 | Client 11 | Model: (MLP) | Acc: 79.45%
Round 3 | Client 12 | Model: (CNN) | Acc: 77.80%
Round 3 | Client 13 | Model: (ResNet8) | Acc: 82.92%
Round 3 | Client 14 | Model: (ResNet18) | Acc: 85.18%
Round 3 | Client 15 | Model: (MobileNetV2) | Acc: 79.78%
Round 3 | Client 16 | Model: (MobileNetV3) | Acc: 67.27%
Round 3 | Client 17 | Model: (LeNet) | Acc: 82.67%
Round 3 | Client 18 | Model: (AlexNet) | Acc: 83.20%
Round 3 | Client 19 | Model: (ShuffleNet) | Acc: 77.58%
Round 3 | Client 20 | Model: (SqueezeNet) | Acc: 76.92%
Round 3 | Client 22 | Model: (MLP) | Acc: 35.85%
Round 3 | Client 23 | Model: (CNN) | Acc: 37.58%
Round 3 | Client 24 | Model: (ResNet8) | Acc: 32.87%
Round 3 | Client 25 | Model: (ResNet18) | Acc: 38.40%
Round 3 | Client 26 | Model: (MobileNetV2) | Acc: 31.79%
Round 3 | Client 27 | Model: (MobileNetV3) | Acc: 37.12%
Round 3 | Client 28 | Model: (LeNet) | Acc: 36.74%
Round 3 | Client 29 | Model: (AlexNet) | Acc: 36.76%
Round 3 | Client 30 | Model: (ShuffleNet) | Acc: 26.75%
Round 3 | Client 31 | Model: (SqueezeNet) | Acc: 20.90%
[Server] Aggregating by Dataset Name ...
[Server] Training Image-Based Global Generator...
  Epoch 1/10 | Loss: 15.3077
  Epoch 2/10 | Loss: 14.2986
  Epoch 3/10 | Loss: 15.1189
  Epoch 4/10 | Loss: 14.2801
  Epoch 5/10 | Loss: 14.9314
  Epoch 6/10 | Loss: 13.5905
  Epoch 7/10 | Loss: 14.0742
  Epoch 8/10 | Loss: 14.1773
  Epoch 9/10 | Loss: 14.8501
  Epoch 10/10 | Loss: 14.8600
[Server] Image-Based Global Generator training finished.
[Server] Training Final Global Inference Model ...
Detected 72 global classes: [0, 1, 2, 3, 4, 5, 6, 7, 8, 9, 10, 11, 12, 13, 14, 15, 16, 17, 18, 19, 20, 21, 22, 23, 24, 25, 26, 27, 28, 29, 30, 31, 32, 33, 34, 35, 36, 37, 38, 39, 40, 41, 42, 43, 44, 45, 46, 47, 48, 49, 50, 51, 52, 53, 54, 55, 56, 57, 58, 59, 60, 61, 62, 63, 64, 65, 66, 67, 68, 69, 70, 71]
Epoch 0 Loss: 8.5314
Epoch 1 Loss: 8.5515
Epoch 2 Loss: 8.4461
Epoch 3 Loss: 8.3149
Epoch 4 Loss: 8.4490
[Server] Global Inference Model Acc (MNIST) (Round 3): 11.84% (Tested on 9095 samples)
[Server] Global Inference Model Acc (EMNIST) (Round 3): 6.82% (Tested on 105779 samples)
[Server] Global Inference Model Acc (CIFAR10) (Round 3): 0.04% (Tested on 9100 samples)
[Server] Global Inference Model Acc (Mix) (Round 3): 6.69% (Tested on 123974 samples)
Selected client ids: [0, 1, 2, 3, 4, 5, 6, 7, 8, 9, 10, 11, 12, 13, 14, 15, 16, 17, 18, 19, 20, 21, 22, 23, 24, 25, 26, 27, 28, 29]
--- Round 4 ---
Round 4 | Client 0 | Model: (MLP) | Acc: 91.38%
Round 4 | Client 1 | Model: (CNN) | Acc: 91.25%
Round 4 | Client 2 | Model: (ResNet8) | Acc: 89.81%
Round 4 | Client 3 | Model: (ResNet18) | Acc: 94.46%
Round 4 | Client 4 | Model: (MobileNetV2) | Acc: 89.61%
Round 4 | Client 5 | Model: (MobileNetV3) | Acc: 60.65%
Round 4 | Client 6 | Model: (LeNet) | Acc: 95.08%
Round 4 | Client 7 | Model: (AlexNet) | Acc: 96.84%
Round 4 | Client 8 | Model: (ShuffleNet) | Acc: 68.49%
Round 4 | Client 9 | Model: (SqueezeNet) | Acc: 90.49%
Round 4 | Client 11 | Model: (MLP) | Acc: 79.49%
Round 4 | Client 12 | Model: (CNN) | Acc: 81.63%
Round 4 | Client 13 | Model: (ResNet8) | Acc: 82.80%
Round 4 | Client 14 | Model: (ResNet18) | Acc: 85.65%
Round 4 | Client 15 | Model: (MobileNetV2) | Acc: 80.84%
Round 4 | Client 16 | Model: (MobileNetV3) | Acc: 69.23%
Round 4 | Client 17 | Model: (LeNet) | Acc: 83.34%
Round 4 | Client 18 | Model: (AlexNet) | Acc: 84.15%
Round 4 | Client 19 | Model: (ShuffleNet) | Acc: 79.64%
Round 4 | Client 20 | Model: (SqueezeNet) | Acc: 78.73%
Round 4 | Client 22 | Model: (MLP) | Acc: 39.45%
Round 4 | Client 23 | Model: (CNN) | Acc: 43.74%
Round 4 | Client 24 | Model: (ResNet8) | Acc: 39.72%
Round 4 | Client 25 | Model: (ResNet18) | Acc: 47.28%
Round 4 | Client 26 | Model: (MobileNetV2) | Acc: 32.32%
Round 4 | Client 27 | Model: (MobileNetV3) | Acc: 40.45%
Round 4 | Client 28 | Model: (LeNet) | Acc: 38.61%
Round 4 | Client 29 | Model: (AlexNet) | Acc: 37.30%
Round 4 | Client 30 | Model: (ShuffleNet) | Acc: 31.80%
Round 4 | Client 31 | Model: (SqueezeNet) | Acc: 21.12%
[Server] Aggregating by Dataset Name ...
[Server] Training Image-Based Global Generator...
  Epoch 1/10 | Loss: 14.2434
  Epoch 2/10 | Loss: 14.8504
  Epoch 3/10 | Loss: 15.5289
  Epoch 4/10 | Loss: 14.1101
  Epoch 5/10 | Loss: 13.7508
  Epoch 6/10 | Loss: 14.3199
  Epoch 7/10 | Loss: 14.4176
  Epoch 8/10 | Loss: 14.6502
  Epoch 9/10 | Loss: 14.3122
  Epoch 10/10 | Loss: 14.2043
[Server] Image-Based Global Generator training finished.
[Server] Training Final Global Inference Model ...
Detected 72 global classes: [0, 1, 2, 3, 4, 5, 6, 7, 8, 9, 10, 11, 12, 13, 14, 15, 16, 17, 18, 19, 20, 21, 22, 23, 24, 25, 26, 27, 28, 29, 30, 31, 32, 33, 34, 35, 36, 37, 38, 39, 40, 41, 42, 43, 44, 45, 46, 47, 48, 49, 50, 51, 52, 53, 54, 55, 56, 57, 58, 59, 60, 61, 62, 63, 64, 65, 66, 67, 68, 69, 70, 71]
Epoch 0 Loss: 8.4483
Epoch 1 Loss: 8.2566
Epoch 2 Loss: 8.3738
Epoch 3 Loss: 8.1018
Epoch 4 Loss: 8.0890
[Server] Global Inference Model Acc (MNIST) (Round 4): 10.28% (Tested on 9095 samples)
[Server] Global Inference Model Acc (EMNIST) (Round 4): 5.28% (Tested on 105779 samples)
[Server] Global Inference Model Acc (CIFAR10) (Round 4): 0.00% (Tested on 9100 samples)
[Server] Global Inference Model Acc (Mix) (Round 4): 5.26% (Tested on 123974 samples)
Selected client ids: [0, 1, 2, 3, 4, 5, 6, 7, 8, 9, 10, 11, 12, 13, 14, 15, 16, 17, 18, 19, 20, 21, 22, 23, 24, 25, 26, 27, 28, 29]
--- Round 5 ---
Round 5 | Client 0 | Model: (MLP) | Acc: 90.19%
Round 5 | Client 1 | Model: (CNN) | Acc: 90.59%
Round 5 | Client 2 | Model: (ResNet8) | Acc: 91.39%
Round 5 | Client 3 | Model: (ResNet18) | Acc: 95.02%
Round 5 | Client 4 | Model: (MobileNetV2) | Acc: 89.51%
Round 5 | Client 5 | Model: (MobileNetV3) | Acc: 79.49%
Round 5 | Client 6 | Model: (LeNet) | Acc: 96.94%
Round 5 | Client 7 | Model: (AlexNet) | Acc: 95.89%
Round 5 | Client 8 | Model: (ShuffleNet) | Acc: 68.49%
Round 5 | Client 9 | Model: (SqueezeNet) | Acc: 89.95%
Round 5 | Client 11 | Model: (MLP) | Acc: 79.29%
Round 5 | Client 12 | Model: (CNN) | Acc: 78.88%
Round 5 | Client 13 | Model: (ResNet8) | Acc: 83.99%
Round 5 | Client 14 | Model: (ResNet18) | Acc: 85.68%
Round 5 | Client 15 | Model: (MobileNetV2) | Acc: 81.21%
Round 5 | Client 16 | Model: (MobileNetV3) | Acc: 70.01%
Round 5 | Client 17 | Model: (LeNet) | Acc: 82.68%
Round 5 | Client 18 | Model: (AlexNet) | Acc: 84.79%
Round 5 | Client 19 | Model: (ShuffleNet) | Acc: 80.59%
Round 5 | Client 20 | Model: (SqueezeNet) | Acc: 80.79%
Round 5 | Client 22 | Model: (MLP) | Acc: 40.53%
Round 5 | Client 23 | Model: (CNN) | Acc: 49.23%
Round 5 | Client 24 | Model: (ResNet8) | Acc: 42.29%
Round 5 | Client 25 | Model: (ResNet18) | Acc: 45.50%
Round 5 | Client 26 | Model: (MobileNetV2) | Acc: 35.15%
Round 5 | Client 27 | Model: (MobileNetV3) | Acc: 41.52%
Round 5 | Client 28 | Model: (LeNet) | Acc: 40.59%
Round 5 | Client 29 | Model: (AlexNet) | Acc: 42.92%
Round 5 | Client 30 | Model: (ShuffleNet) | Acc: 33.77%
Round 5 | Client 31 | Model: (SqueezeNet) | Acc: 24.83%
[Server] Aggregating by Dataset Name ...
[Server] Training Image-Based Global Generator...
  Epoch 1/10 | Loss: 13.9327
  Epoch 2/10 | Loss: 12.7271
  Epoch 3/10 | Loss: 13.2474
  Epoch 4/10 | Loss: 12.6170
  Epoch 5/10 | Loss: 12.7986
  Epoch 6/10 | Loss: 12.8573
  Epoch 7/10 | Loss: 12.5662
  Epoch 8/10 | Loss: 12.4735
  Epoch 9/10 | Loss: 11.8514
  Epoch 10/10 | Loss: 12.0378
[Server] Image-Based Global Generator training finished.
[Server] Training Final Global Inference Model ...
Detected 72 global classes: [0, 1, 2, 3, 4, 5, 6, 7, 8, 9, 10, 11, 12, 13, 14, 15, 16, 17, 18, 19, 20, 21, 22, 23, 24, 25, 26, 27, 28, 29, 30, 31, 32, 33, 34, 35, 36, 37, 38, 39, 40, 41, 42, 43, 44, 45, 46, 47, 48, 49, 50, 51, 52, 53, 54, 55, 56, 57, 58, 59, 60, 61, 62, 63, 64, 65, 66, 67, 68, 69, 70, 71]
Epoch 0 Loss: 8.1351
Epoch 1 Loss: 8.2677
Epoch 2 Loss: 8.1783
Epoch 3 Loss: 7.9339
Epoch 4 Loss: 8.1025
[Server] Global Inference Model Acc (MNIST) (Round 5): 10.28% (Tested on 9095 samples)
[Server] Global Inference Model Acc (EMNIST) (Round 5): 5.28% (Tested on 105779 samples)
[Server] Global Inference Model Acc (CIFAR10) (Round 5): 0.00% (Tested on 9100 samples)
[Server] Global Inference Model Acc (Mix) (Round 5): 5.26% (Tested on 123974 samples)
Selected client ids: [0, 1, 2, 3, 4, 5, 6, 7, 8, 9, 10, 11, 12, 13, 14, 15, 16, 17, 18, 19, 20, 21, 22, 23, 24, 25, 26, 27, 28, 29]
--- Round 6 ---
Round 6 | Client 0 | Model: (MLP) | Acc: 90.95%
Round 6 | Client 1 | Model: (CNN) | Acc: 82.06%
Round 6 | Client 2 | Model: (ResNet8) | Acc: 96.49%
Round 6 | Client 3 | Model: (ResNet18) | Acc: 97.29%
Round 6 | Client 4 | Model: (MobileNetV2) | Acc: 91.65%
Round 6 | Client 5 | Model: (MobileNetV3) | Acc: 80.16%
Round 6 | Client 6 | Model: (LeNet) | Acc: 97.26%
Round 6 | Client 7 | Model: (AlexNet) | Acc: 96.74%
Round 6 | Client 8 | Model: (ShuffleNet) | Acc: 68.93%
Round 6 | Client 9 | Model: (SqueezeNet) | Acc: 91.15%
Round 6 | Client 11 | Model: (MLP) | Acc: 80.55%
Round 6 | Client 12 | Model: (CNN) | Acc: 81.96%
Round 6 | Client 13 | Model: (ResNet8) | Acc: 84.43%
Round 6 | Client 14 | Model: (ResNet18) | Acc: 85.38%
Round 6 | Client 15 | Model: (MobileNetV2) | Acc: 82.41%
Round 6 | Client 16 | Model: (MobileNetV3) | Acc: 66.28%
Round 6 | Client 17 | Model: (LeNet) | Acc: 83.74%
Round 6 | Client 18 | Model: (AlexNet) | Acc: 84.50%
Round 6 | Client 19 | Model: (ShuffleNet) | Acc: 81.42%
Round 6 | Client 20 | Model: (SqueezeNet) | Acc: 80.54%
Round 6 | Client 22 | Model: (MLP) | Acc: 38.49%
Round 6 | Client 23 | Model: (CNN) | Acc: 50.55%
Round 6 | Client 24 | Model: (ResNet8) | Acc: 52.03%
Round 6 | Client 25 | Model: (ResNet18) | Acc: 49.61%
Round 6 | Client 26 | Model: (MobileNetV2) | Acc: 34.73%
Round 6 | Client 27 | Model: (MobileNetV3) | Acc: 43.03%
Round 6 | Client 28 | Model: (LeNet) | Acc: 40.26%
Round 6 | Client 29 | Model: (AlexNet) | Acc: 42.59%
Round 6 | Client 30 | Model: (ShuffleNet) | Acc: 32.79%
Round 6 | Client 31 | Model: (SqueezeNet) | Acc: 26.74%
[Server] Aggregating by Dataset Name ...
[Server] Training Image-Based Global Generator...
  Epoch 1/10 | Loss: 15.2412
  Epoch 2/10 | Loss: 14.2071
  Epoch 3/10 | Loss: 14.4327
  Epoch 4/10 | Loss: 15.1204
  Epoch 5/10 | Loss: 14.4494
  Epoch 6/10 | Loss: 13.8374
  Epoch 7/10 | Loss: 13.8644
  Epoch 8/10 | Loss: 14.7644
  Epoch 9/10 | Loss: 14.2866
  Epoch 10/10 | Loss: 13.9117
[Server] Image-Based Global Generator training finished.
[Server] Training Final Global Inference Model ...
Detected 72 global classes: [0, 1, 2, 3, 4, 5, 6, 7, 8, 9, 10, 11, 12, 13, 14, 15, 16, 17, 18, 19, 20, 21, 22, 23, 24, 25, 26, 27, 28, 29, 30, 31, 32, 33, 34, 35, 36, 37, 38, 39, 40, 41, 42, 43, 44, 45, 46, 47, 48, 49, 50, 51, 52, 53, 54, 55, 56, 57, 58, 59, 60, 61, 62, 63, 64, 65, 66, 67, 68, 69, 70, 71]
Epoch 0 Loss: 7.8667
Epoch 1 Loss: 8.5388
Epoch 2 Loss: 8.1824
Epoch 3 Loss: 8.1897
Epoch 4 Loss: 8.0336
[Server] Global Inference Model Acc (MNIST) (Round 6): 11.35% (Tested on 9095 samples)
[Server] Global Inference Model Acc (EMNIST) (Round 6): 5.44% (Tested on 105779 samples)
[Server] Global Inference Model Acc (CIFAR10) (Round 6): 0.00% (Tested on 9100 samples)
[Server] Global Inference Model Acc (Mix) (Round 6): 5.47% (Tested on 123974 samples)
Selected client ids: [0, 1, 2, 3, 4, 5, 6, 7, 8, 9, 10, 11, 12, 13, 14, 15, 16, 17, 18, 19, 20, 21, 22, 23, 24, 25, 26, 27, 28, 29]
--- Round 7 ---
Round 7 | Client 0 | Model: (MLP) | Acc: 92.58%
Round 7 | Client 1 | Model: (CNN) | Acc: 95.02%
Round 7 | Client 2 | Model: (ResNet8) | Acc: 95.13%
Round 7 | Client 3 | Model: (ResNet18) | Acc: 98.08%
Round 7 | Client 4 | Model: (MobileNetV2) | Acc: 93.58%
Round 7 | Client 5 | Model: (MobileNetV3) | Acc: 71.46%
Round 7 | Client 6 | Model: (LeNet) | Acc: 96.28%
Round 7 | Client 7 | Model: (AlexNet) | Acc: 96.84%
Round 7 | Client 8 | Model: (ShuffleNet) | Acc: 69.27%
Round 7 | Client 9 | Model: (SqueezeNet) | Acc: 91.58%
Round 7 | Client 11 | Model: (MLP) | Acc: 79.20%
Round 7 | Client 12 | Model: (CNN) | Acc: 83.95%
Round 7 | Client 13 | Model: (ResNet8) | Acc: 85.45%
Round 7 | Client 14 | Model: (ResNet18) | Acc: 86.31%
Round 7 | Client 15 | Model: (MobileNetV2) | Acc: 82.80%
Round 7 | Client 16 | Model: (MobileNetV3) | Acc: 72.25%
Round 7 | Client 17 | Model: (LeNet) | Acc: 83.67%
Round 7 | Client 18 | Model: (AlexNet) | Acc: 84.90%
Round 7 | Client 19 | Model: (ShuffleNet) | Acc: 81.54%
Round 7 | Client 20 | Model: (SqueezeNet) | Acc: 78.06%
Round 7 | Client 22 | Model: (MLP) | Acc: 40.53%
Round 7 | Client 23 | Model: (CNN) | Acc: 49.56%
Round 7 | Client 24 | Model: (ResNet8) | Acc: 51.71%
Round 7 | Client 25 | Model: (ResNet18) | Acc: 54.83%
Round 7 | Client 26 | Model: (MobileNetV2) | Acc: 36.94%
Round 7 | Client 27 | Model: (MobileNetV3) | Acc: 41.63%
Round 7 | Client 28 | Model: (LeNet) | Acc: 43.67%
Round 7 | Client 29 | Model: (AlexNet) | Acc: 48.22%
Round 7 | Client 30 | Model: (ShuffleNet) | Acc: 33.00%
Round 7 | Client 31 | Model: (SqueezeNet) | Acc: 28.43%
[Server] Aggregating by Dataset Name ...
[Server] Training Image-Based Global Generator...
  Epoch 1/10 | Loss: 13.7303
  Epoch 2/10 | Loss: 14.2072
  Epoch 3/10 | Loss: 13.2446
  Epoch 4/10 | Loss: 13.4897
  Epoch 5/10 | Loss: 13.0562
  Epoch 6/10 | Loss: 12.5945
  Epoch 7/10 | Loss: 12.4880
  Epoch 8/10 | Loss: 12.7091
  Epoch 9/10 | Loss: 12.1166
  Epoch 10/10 | Loss: 11.6117
[Server] Image-Based Global Generator training finished.
[Server] Training Final Global Inference Model ...
Detected 72 global classes: [0, 1, 2, 3, 4, 5, 6, 7, 8, 9, 10, 11, 12, 13, 14, 15, 16, 17, 18, 19, 20, 21, 22, 23, 24, 25, 26, 27, 28, 29, 30, 31, 32, 33, 34, 35, 36, 37, 38, 39, 40, 41, 42, 43, 44, 45, 46, 47, 48, 49, 50, 51, 52, 53, 54, 55, 56, 57, 58, 59, 60, 61, 62, 63, 64, 65, 66, 67, 68, 69, 70, 71]
Epoch 0 Loss: 8.2104
Epoch 1 Loss: 8.1671
Epoch 2 Loss: 7.9880
Epoch 3 Loss: 8.1838
Epoch 4 Loss: 7.7988
[Server] Global Inference Model Acc (MNIST) (Round 7): 11.35% (Tested on 9095 samples)
[Server] Global Inference Model Acc (EMNIST) (Round 7): 5.44% (Tested on 105779 samples)
[Server] Global Inference Model Acc (CIFAR10) (Round 7): 0.16% (Tested on 9100 samples)
[Server] Global Inference Model Acc (Mix) (Round 7): 5.49% (Tested on 123974 samples)
Selected client ids: [0, 1, 2, 3, 4, 5, 6, 7, 8, 9, 10, 11, 12, 13, 14, 15, 16, 17, 18, 19, 20, 21, 22, 23, 24, 25, 26, 27, 28, 29]
--- Round 8 ---
Round 8 | Client 0 | Model: (MLP) | Acc: 93.13%
Round 8 | Client 1 | Model: (CNN) | Acc: 94.46%
Round 8 | Client 2 | Model: (ResNet8) | Acc: 96.26%
Round 8 | Client 3 | Model: (ResNet18) | Acc: 98.53%
Round 8 | Client 4 | Model: (MobileNetV2) | Acc: 93.15%
Round 8 | Client 5 | Model: (MobileNetV3) | Acc: 85.40%
Round 8 | Client 6 | Model: (LeNet) | Acc: 97.16%
Round 8 | Client 7 | Model: (AlexNet) | Acc: 98.00%
Round 8 | Client 8 | Model: (ShuffleNet) | Acc: 69.49%
Round 8 | Client 9 | Model: (SqueezeNet) | Acc: 95.63%
Round 8 | Client 11 | Model: (MLP) | Acc: 79.71%
Round 8 | Client 12 | Model: (CNN) | Acc: 81.90%
Round 8 | Client 13 | Model: (ResNet8) | Acc: 84.92%
Round 8 | Client 14 | Model: (ResNet18) | Acc: 85.87%
Round 8 | Client 15 | Model: (MobileNetV2) | Acc: 82.67%
Round 8 | Client 16 | Model: (MobileNetV3) | Acc: 75.44%
Round 8 | Client 17 | Model: (LeNet) | Acc: 84.20%
Round 8 | Client 18 | Model: (AlexNet) | Acc: 84.67%
Round 8 | Client 19 | Model: (ShuffleNet) | Acc: 81.97%
Round 8 | Client 20 | Model: (SqueezeNet) | Acc: 81.85%
Round 8 | Client 22 | Model: (MLP) | Acc: 41.25%
Round 8 | Client 23 | Model: (CNN) | Acc: 38.68%
Round 8 | Client 24 | Model: (ResNet8) | Acc: 56.64%
Round 8 | Client 25 | Model: (ResNet18) | Acc: 47.39%
Round 8 | Client 26 | Model: (MobileNetV2) | Acc: 36.20%
Round 8 | Client 27 | Model: (MobileNetV3) | Acc: 41.85%
Round 8 | Client 28 | Model: (LeNet) | Acc: 43.12%
Round 8 | Client 29 | Model: (AlexNet) | Acc: 48.32%
Round 8 | Client 30 | Model: (ShuffleNet) | Acc: 35.31%
Round 8 | Client 31 | Model: (SqueezeNet) | Acc: 28.88%
[Server] Aggregating by Dataset Name ...
[Server] Training Image-Based Global Generator...
  Epoch 1/10 | Loss: 12.3645
  Epoch 2/10 | Loss: 12.8231
  Epoch 3/10 | Loss: 12.9435
  Epoch 4/10 | Loss: 11.5772
  Epoch 5/10 | Loss: 12.0429
  Epoch 6/10 | Loss: 11.2505
  Epoch 7/10 | Loss: 11.1210
  Epoch 8/10 | Loss: 10.5281
  Epoch 9/10 | Loss: 10.0934
  Epoch 10/10 | Loss: 9.7866
[Server] Image-Based Global Generator training finished.
[Server] Training Final Global Inference Model ...
Detected 72 global classes: [0, 1, 2, 3, 4, 5, 6, 7, 8, 9, 10, 11, 12, 13, 14, 15, 16, 17, 18, 19, 20, 21, 22, 23, 24, 25, 26, 27, 28, 29, 30, 31, 32, 33, 34, 35, 36, 37, 38, 39, 40, 41, 42, 43, 44, 45, 46, 47, 48, 49, 50, 51, 52, 53, 54, 55, 56, 57, 58, 59, 60, 61, 62, 63, 64, 65, 66, 67, 68, 69, 70, 71]
Epoch 0 Loss: 8.0178
Epoch 1 Loss: 8.0091
Epoch 2 Loss: 7.7727
Epoch 3 Loss: 7.7912
Epoch 4 Loss: 7.6621
[Server] Global Inference Model Acc (MNIST) (Round 8): 9.18% (Tested on 9095 samples)
[Server] Global Inference Model Acc (EMNIST) (Round 8): 3.13% (Tested on 105779 samples)
[Server] Global Inference Model Acc (CIFAR10) (Round 8): 9.95% (Tested on 9100 samples)
[Server] Global Inference Model Acc (Mix) (Round 8): 4.08% (Tested on 123974 samples)
Selected client ids: [0, 1, 2, 3, 4, 5, 6, 7, 8, 9, 10, 11, 12, 13, 14, 15, 16, 17, 18, 19, 20, 21, 22, 23, 24, 25, 26, 27, 28, 29]
--- Round 9 ---
Round 9 | Client 0 | Model: (MLP) | Acc: 93.24%
Round 9 | Client 1 | Model: (CNN) | Acc: 87.04%
Round 9 | Client 2 | Model: (ResNet8) | Acc: 98.41%
Round 9 | Client 3 | Model: (ResNet18) | Acc: 98.76%
Round 9 | Client 4 | Model: (MobileNetV2) | Acc: 93.90%
Round 9 | Client 5 | Model: (MobileNetV3) | Acc: 84.17%
Round 9 | Client 6 | Model: (LeNet) | Acc: 98.14%
Round 9 | Client 7 | Model: (AlexNet) | Acc: 98.00%
Round 9 | Client 8 | Model: (ShuffleNet) | Acc: 68.93%
Round 9 | Client 9 | Model: (SqueezeNet) | Acc: 95.85%
Round 9 | Client 11 | Model: (MLP) | Acc: 80.23%
Round 9 | Client 12 | Model: (CNN) | Acc: 83.13%
Round 9 | Client 13 | Model: (ResNet8) | Acc: 84.80%
Round 9 | Client 14 | Model: (ResNet18) | Acc: 85.56%
Round 9 | Client 15 | Model: (MobileNetV2) | Acc: 82.55%
Round 9 | Client 16 | Model: (MobileNetV3) | Acc: 62.20%
Round 9 | Client 17 | Model: (LeNet) | Acc: 83.98%
Round 9 | Client 18 | Model: (AlexNet) | Acc: 84.54%
Round 9 | Client 19 | Model: (ShuffleNet) | Acc: 81.52%
Round 9 | Client 20 | Model: (SqueezeNet) | Acc: 81.80%
Round 9 | Client 22 | Model: (MLP) | Acc: 40.89%
Round 9 | Client 23 | Model: (CNN) | Acc: 51.65%
Round 9 | Client 24 | Model: (ResNet8) | Acc: 54.07%
Round 9 | Client 25 | Model: (ResNet18) | Acc: 53.50%
Round 9 | Client 26 | Model: (MobileNetV2) | Acc: 37.36%
Round 9 | Client 27 | Model: (MobileNetV3) | Acc: 45.39%
Round 9 | Client 28 | Model: (LeNet) | Acc: 46.53%
Round 9 | Client 29 | Model: (AlexNet) | Acc: 50.05%
Round 9 | Client 30 | Model: (ShuffleNet) | Acc: 34.43%
Round 9 | Client 31 | Model: (SqueezeNet) | Acc: 32.70%
[Server] Aggregating by Dataset Name ...
[Server] Training Image-Based Global Generator...
  Epoch 1/10 | Loss: 9.9972
  Epoch 2/10 | Loss: 9.2823
  Epoch 3/10 | Loss: 8.8058
  Epoch 4/10 | Loss: 8.7353
  Epoch 5/10 | Loss: 8.4339
  Epoch 6/10 | Loss: 8.0937
  Epoch 7/10 | Loss: 7.9053
  Epoch 8/10 | Loss: 8.3219
  Epoch 9/10 | Loss: 7.6440
  Epoch 10/10 | Loss: 7.7924
[Server] Image-Based Global Generator training finished.
[Server] Training Final Global Inference Model ...
Detected 72 global classes: [0, 1, 2, 3, 4, 5, 6, 7, 8, 9, 10, 11, 12, 13, 14, 15, 16, 17, 18, 19, 20, 21, 22, 23, 24, 25, 26, 27, 28, 29, 30, 31, 32, 33, 34, 35, 36, 37, 38, 39, 40, 41, 42, 43, 44, 45, 46, 47, 48, 49, 50, 51, 52, 53, 54, 55, 56, 57, 58, 59, 60, 61, 62, 63, 64, 65, 66, 67, 68, 69, 70, 71]
Epoch 0 Loss: 7.9001
Epoch 1 Loss: 8.0963
Epoch 2 Loss: 7.6047
Epoch 3 Loss: 7.5538
Epoch 4 Loss: 7.6901
[Server] Global Inference Model Acc (MNIST) (Round 9): 0.00% (Tested on 9095 samples)
[Server] Global Inference Model Acc (EMNIST) (Round 9): 0.00% (Tested on 105779 samples)
[Server] Global Inference Model Acc (CIFAR10) (Round 9): 9.36% (Tested on 9100 samples)
[Server] Global Inference Model Acc (Mix) (Round 9): 0.69% (Tested on 123974 samples)
Selected client ids: [0, 1, 2, 3, 4, 5, 6, 7, 8, 9, 10, 11, 12, 13, 14, 15, 16, 17, 18, 19, 20, 21, 22, 23, 24, 25, 26, 27, 28, 29]
--- Round 10 ---
Round 10 | Client 0 | Model: (MLP) | Acc: 94.87%
Round 10 | Client 1 | Model: (CNN) | Acc: 90.81%
Round 10 | Client 2 | Model: (ResNet8) | Acc: 76.22%
Round 10 | Client 3 | Model: (ResNet18) | Acc: 97.85%
Round 10 | Client 4 | Model: (MobileNetV2) | Acc: 93.36%
Round 10 | Client 5 | Model: (MobileNetV3) | Acc: 79.38%
Round 10 | Client 6 | Model: (LeNet) | Acc: 98.03%
Round 10 | Client 7 | Model: (AlexNet) | Acc: 98.00%
Round 10 | Client 8 | Model: (ShuffleNet) | Acc: 70.60%
Round 10 | Client 9 | Model: (SqueezeNet) | Acc: 97.05%
Round 10 | Client 11 | Model: (MLP) | Acc: 79.54%
Round 10 | Client 12 | Model: (CNN) | Acc: 82.96%
Round 10 | Client 13 | Model: (ResNet8) | Acc: 85.76%
Round 10 | Client 14 | Model: (ResNet18) | Acc: 86.13%
Round 10 | Client 15 | Model: (MobileNetV2) | Acc: 83.19%
Round 10 | Client 16 | Model: (MobileNetV3) | Acc: 67.52%
Round 10 | Client 17 | Model: (LeNet) | Acc: 84.82%
Round 10 | Client 18 | Model: (AlexNet) | Acc: 84.43%
Round 10 | Client 19 | Model: (ShuffleNet) | Acc: 82.75%
Round 10 | Client 20 | Model: (SqueezeNet) | Acc: 81.84%
Round 10 | Client 22 | Model: (MLP) | Acc: 40.89%
Round 10 | Client 23 | Model: (CNN) | Acc: 55.49%
Round 10 | Client 24 | Model: (ResNet8) | Acc: 48.39%
Round 10 | Client 25 | Model: (ResNet18) | Acc: 56.16%
Round 10 | Client 26 | Model: (MobileNetV2) | Acc: 40.50%
Round 10 | Client 27 | Model: (MobileNetV3) | Acc: 43.13%
Round 10 | Client 28 | Model: (LeNet) | Acc: 47.96%
Round 10 | Client 29 | Model: (AlexNet) | Acc: 50.27%
Round 10 | Client 30 | Model: (ShuffleNet) | Acc: 37.61%
Round 10 | Client 31 | Model: (SqueezeNet) | Acc: 32.25%
[Server] Aggregating by Dataset Name ...
[Server] Training Image-Based Global Generator...
  Epoch 1/10 | Loss: 8.5354
  Epoch 2/10 | Loss: 8.4632
  Epoch 3/10 | Loss: 7.8277
  Epoch 4/10 | Loss: 8.2565
  Epoch 5/10 | Loss: 7.9346
  Epoch 6/10 | Loss: 7.9699
  Epoch 7/10 | Loss: 7.4411
  Epoch 8/10 | Loss: 7.3264
  Epoch 9/10 | Loss: 7.6402
  Epoch 10/10 | Loss: 7.8890
[Server] Image-Based Global Generator training finished.
[Server] Training Final Global Inference Model ...
Detected 72 global classes: [0, 1, 2, 3, 4, 5, 6, 7, 8, 9, 10, 11, 12, 13, 14, 15, 16, 17, 18, 19, 20, 21, 22, 23, 24, 25, 26, 27, 28, 29, 30, 31, 32, 33, 34, 35, 36, 37, 38, 39, 40, 41, 42, 43, 44, 45, 46, 47, 48, 49, 50, 51, 52, 53, 54, 55, 56, 57, 58, 59, 60, 61, 62, 63, 64, 65, 66, 67, 68, 69, 70, 71]
Epoch 0 Loss: 7.8730
Epoch 1 Loss: 7.4542
Epoch 2 Loss: 7.5817
Epoch 3 Loss: 7.1739
Epoch 4 Loss: 6.9547
[Server] Global Inference Model Acc (MNIST) (Round 10): 9.82% (Tested on 9095 samples)
[Server] Global Inference Model Acc (EMNIST) (Round 10): 4.83% (Tested on 105779 samples)
[Server] Global Inference Model Acc (CIFAR10) (Round 10): 5.59% (Tested on 9100 samples)
[Server] Global Inference Model Acc (Mix) (Round 10): 5.25% (Tested on 123974 samples)
Selected client ids: [0, 1, 2, 3, 4, 5, 6, 7, 8, 9, 10, 11, 12, 13, 14, 15, 16, 17, 18, 19, 20, 21, 22, 23, 24, 25, 26, 27, 28, 29]
--- Round 11 ---
Round 11 | Client 0 | Model: (MLP) | Acc: 94.00%
Round 11 | Client 1 | Model: (CNN) | Acc: 89.37%
Round 11 | Client 2 | Model: (ResNet8) | Acc: 97.40%
Round 11 | Client 3 | Model: (ResNet18) | Acc: 97.06%
Round 11 | Client 4 | Model: (MobileNetV2) | Acc: 93.04%
Round 11 | Client 5 | Model: (MobileNetV3) | Acc: 80.71%
Round 11 | Client 6 | Model: (LeNet) | Acc: 97.81%
Round 11 | Client 7 | Model: (AlexNet) | Acc: 98.11%
Round 11 | Client 8 | Model: (ShuffleNet) | Acc: 71.27%
Round 11 | Client 9 | Model: (SqueezeNet) | Acc: 96.61%
Round 11 | Client 11 | Model: (MLP) | Acc: 80.28%
Round 11 | Client 12 | Model: (CNN) | Acc: 83.69%
Round 11 | Client 13 | Model: (ResNet8) | Acc: 85.18%
Round 11 | Client 14 | Model: (ResNet18) | Acc: 85.41%
Round 11 | Client 15 | Model: (MobileNetV2) | Acc: 83.13%
Round 11 | Client 16 | Model: (MobileNetV3) | Acc: 66.02%
Round 11 | Client 17 | Model: (LeNet) | Acc: 84.29%
Round 11 | Client 18 | Model: (AlexNet) | Acc: 84.25%
Round 11 | Client 19 | Model: (ShuffleNet) | Acc: 83.05%
Round 11 | Client 20 | Model: (SqueezeNet) | Acc: 81.07%
Round 11 | Client 22 | Model: (MLP) | Acc: 40.17%
Round 11 | Client 23 | Model: (CNN) | Acc: 55.93%
Round 11 | Client 24 | Model: (ResNet8) | Acc: 54.82%
Round 11 | Client 25 | Model: (ResNet18) | Acc: 56.49%
Round 11 | Client 26 | Model: (MobileNetV2) | Acc: 38.82%
Round 11 | Client 27 | Model: (MobileNetV3) | Acc: 46.03%
Round 11 | Client 28 | Model: (LeNet) | Acc: 46.53%
Round 11 | Client 29 | Model: (AlexNet) | Acc: 52.00%
Round 11 | Client 30 | Model: (ShuffleNet) | Acc: 36.51%
Round 11 | Client 31 | Model: (SqueezeNet) | Acc: 30.45%
[Server] Aggregating by Dataset Name ...
[Server] Training Image-Based Global Generator...
  Epoch 1/10 | Loss: 8.0991
  Epoch 2/10 | Loss: 8.1663
  Epoch 3/10 | Loss: 7.7385
  Epoch 4/10 | Loss: 7.6382
  Epoch 5/10 | Loss: 7.4792
  Epoch 6/10 | Loss: 7.2571
  Epoch 7/10 | Loss: 7.5783
  Epoch 8/10 | Loss: 7.0638
  Epoch 9/10 | Loss: 7.2439
  Epoch 10/10 | Loss: 7.1316
[Server] Image-Based Global Generator training finished.
[Server] Training Final Global Inference Model ...
Detected 72 global classes: [0, 1, 2, 3, 4, 5, 6, 7, 8, 9, 10, 11, 12, 13, 14, 15, 16, 17, 18, 19, 20, 21, 22, 23, 24, 25, 26, 27, 28, 29, 30, 31, 32, 33, 34, 35, 36, 37, 38, 39, 40, 41, 42, 43, 44, 45, 46, 47, 48, 49, 50, 51, 52, 53, 54, 55, 56, 57, 58, 59, 60, 61, 62, 63, 64, 65, 66, 67, 68, 69, 70, 71]
Epoch 0 Loss: 7.0518
Epoch 1 Loss: 7.0661
Epoch 2 Loss: 7.2515
Epoch 3 Loss: 6.7420
Epoch 4 Loss: 6.7449
[Server] Global Inference Model Acc (MNIST) (Round 11): 9.90% (Tested on 9095 samples)
[Server] Global Inference Model Acc (EMNIST) (Round 11): 5.64% (Tested on 105779 samples)
[Server] Global Inference Model Acc (CIFAR10) (Round 11): 7.63% (Tested on 9100 samples)
[Server] Global Inference Model Acc (Mix) (Round 11): 6.10% (Tested on 123974 samples)
Selected client ids: [0, 1, 2, 3, 4, 5, 6, 7, 8, 9, 10, 11, 12, 13, 14, 15, 16, 17, 18, 19, 20, 21, 22, 23, 24, 25, 26, 27, 28, 29]
--- Round 12 ---
Round 12 | Client 0 | Model: (MLP) | Acc: 94.33%
Round 12 | Client 1 | Model: (CNN) | Acc: 94.57%
Round 12 | Client 2 | Model: (ResNet8) | Acc: 91.05%
Round 12 | Client 3 | Model: (ResNet18) | Acc: 98.42%
Round 12 | Client 4 | Model: (MobileNetV2) | Acc: 93.79%
Round 12 | Client 5 | Model: (MobileNetV3) | Acc: 85.06%
Round 12 | Client 6 | Model: (LeNet) | Acc: 97.37%
Round 12 | Client 7 | Model: (AlexNet) | Acc: 98.42%
Round 12 | Client 8 | Model: (ShuffleNet) | Acc: 69.15%
Round 12 | Client 9 | Model: (SqueezeNet) | Acc: 94.64%
Round 12 | Client 11 | Model: (MLP) | Acc: 80.27%
Round 12 | Client 12 | Model: (CNN) | Acc: 83.54%
Round 12 | Client 13 | Model: (ResNet8) | Acc: 84.68%
Round 12 | Client 14 | Model: (ResNet18) | Acc: 86.20%
Round 12 | Client 15 | Model: (MobileNetV2) | Acc: 82.96%
Round 12 | Client 16 | Model: (MobileNetV3) | Acc: 71.56%
Round 12 | Client 17 | Model: (LeNet) | Acc: 84.10%
Round 12 | Client 18 | Model: (AlexNet) | Acc: 84.04%
Round 12 | Client 19 | Model: (ShuffleNet) | Acc: 82.63%
Round 12 | Client 20 | Model: (SqueezeNet) | Acc: 82.10%
Round 12 | Client 22 | Model: (MLP) | Acc: 41.01%
Round 12 | Client 23 | Model: (CNN) | Acc: 52.20%
Round 12 | Client 24 | Model: (ResNet8) | Acc: 49.68%
Round 12 | Client 25 | Model: (ResNet18) | Acc: 57.16%
Round 12 | Client 26 | Model: (MobileNetV2) | Acc: 38.20%
Round 12 | Client 27 | Model: (MobileNetV3) | Acc: 43.99%
Round 12 | Client 28 | Model: (LeNet) | Acc: 48.29%
Round 12 | Client 29 | Model: (AlexNet) | Acc: 51.24%
Round 12 | Client 30 | Model: (ShuffleNet) | Acc: 36.95%
Round 12 | Client 31 | Model: (SqueezeNet) | Acc: 31.80%
[Server] Aggregating by Dataset Name ...
[Server] Training Image-Based Global Generator...
  Epoch 1/10 | Loss: 8.3388
  Epoch 2/10 | Loss: 7.9467
  Epoch 3/10 | Loss: 7.6102
  Epoch 4/10 | Loss: 8.2341
  Epoch 5/10 | Loss: 7.7955
  Epoch 6/10 | Loss: 7.6226
  Epoch 7/10 | Loss: 7.0796
  Epoch 8/10 | Loss: 7.4515
  Epoch 9/10 | Loss: 6.7864
  Epoch 10/10 | Loss: 6.8546
[Server] Image-Based Global Generator training finished.
[Server] Training Final Global Inference Model ...
Detected 72 global classes: [0, 1, 2, 3, 4, 5, 6, 7, 8, 9, 10, 11, 12, 13, 14, 15, 16, 17, 18, 19, 20, 21, 22, 23, 24, 25, 26, 27, 28, 29, 30, 31, 32, 33, 34, 35, 36, 37, 38, 39, 40, 41, 42, 43, 44, 45, 46, 47, 48, 49, 50, 51, 52, 53, 54, 55, 56, 57, 58, 59, 60, 61, 62, 63, 64, 65, 66, 67, 68, 69, 70, 71]
Epoch 0 Loss: 7.2680
Epoch 1 Loss: 6.8358
Epoch 2 Loss: 6.7395
Epoch 3 Loss: 6.4661
Epoch 4 Loss: 6.6277
[Server] Global Inference Model Acc (MNIST) (Round 12): 10.69% (Tested on 9095 samples)
[Server] Global Inference Model Acc (EMNIST) (Round 12): 5.70% (Tested on 105779 samples)
[Server] Global Inference Model Acc (CIFAR10) (Round 12): 4.75% (Tested on 9100 samples)
[Server] Global Inference Model Acc (Mix) (Round 12): 5.99% (Tested on 123974 samples)
Selected client ids: [0, 1, 2, 3, 4, 5, 6, 7, 8, 9, 10, 11, 12, 13, 14, 15, 16, 17, 18, 19, 20, 21, 22, 23, 24, 25, 26, 27, 28, 29]
--- Round 13 ---
Round 13 | Client 0 | Model: (MLP) | Acc: 95.31%
Round 13 | Client 1 | Model: (CNN) | Acc: 81.51%
Round 13 | Client 2 | Model: (ResNet8) | Acc: 95.81%
Round 13 | Client 3 | Model: (ResNet18) | Acc: 97.51%
Round 13 | Client 4 | Model: (MobileNetV2) | Acc: 94.65%
Round 13 | Client 5 | Model: (MobileNetV3) | Acc: 88.85%
Round 13 | Client 6 | Model: (LeNet) | Acc: 98.47%
Round 13 | Client 7 | Model: (AlexNet) | Acc: 98.63%
Round 13 | Client 8 | Model: (ShuffleNet) | Acc: 71.83%
Round 13 | Client 9 | Model: (SqueezeNet) | Acc: 94.75%
Round 13 | Client 11 | Model: (MLP) | Acc: 80.32%
Round 13 | Client 12 | Model: (CNN) | Acc: 83.71%
Round 13 | Client 13 | Model: (ResNet8) | Acc: 85.08%
Round 13 | Client 14 | Model: (ResNet18) | Acc: 86.36%
Round 13 | Client 15 | Model: (MobileNetV2) | Acc: 83.57%
Round 13 | Client 16 | Model: (MobileNetV3) | Acc: 76.41%
Round 13 | Client 17 | Model: (LeNet) | Acc: 84.90%
Round 13 | Client 18 | Model: (AlexNet) | Acc: 83.99%
Round 13 | Client 19 | Model: (ShuffleNet) | Acc: 82.35%
Round 13 | Client 20 | Model: (SqueezeNet) | Acc: 82.78%
Round 13 | Client 22 | Model: (MLP) | Acc: 40.41%
Round 13 | Client 23 | Model: (CNN) | Acc: 51.54%
Round 13 | Client 24 | Model: (ResNet8) | Acc: 58.14%
Round 13 | Client 25 | Model: (ResNet18) | Acc: 53.83%
Round 13 | Client 26 | Model: (MobileNetV2) | Acc: 42.71%
Round 13 | Client 27 | Model: (MobileNetV3) | Acc: 45.71%
Round 13 | Client 28 | Model: (LeNet) | Acc: 49.39%
Round 13 | Client 29 | Model: (AlexNet) | Acc: 55.14%
Round 13 | Client 30 | Model: (ShuffleNet) | Acc: 37.06%
Round 13 | Client 31 | Model: (SqueezeNet) | Acc: 33.15%
[Server] Aggregating by Dataset Name ...
[Server] Training Image-Based Global Generator...
  Epoch 1/10 | Loss: 7.0554
  Epoch 2/10 | Loss: 7.6117
  Epoch 3/10 | Loss: 7.1956
  Epoch 4/10 | Loss: 7.1135
  Epoch 5/10 | Loss: 7.5090
  Epoch 6/10 | Loss: 6.9502
  Epoch 7/10 | Loss: 6.8503
  Epoch 8/10 | Loss: 6.8617
  Epoch 9/10 | Loss: 7.1569
  Epoch 10/10 | Loss: 6.7859
[Server] Image-Based Global Generator training finished.
[Server] Training Final Global Inference Model ...
Detected 72 global classes: [0, 1, 2, 3, 4, 5, 6, 7, 8, 9, 10, 11, 12, 13, 14, 15, 16, 17, 18, 19, 20, 21, 22, 23, 24, 25, 26, 27, 28, 29, 30, 31, 32, 33, 34, 35, 36, 37, 38, 39, 40, 41, 42, 43, 44, 45, 46, 47, 48, 49, 50, 51, 52, 53, 54, 55, 56, 57, 58, 59, 60, 61, 62, 63, 64, 65, 66, 67, 68, 69, 70, 71]
Epoch 0 Loss: 6.3135
Epoch 1 Loss: 6.2047
Epoch 2 Loss: 6.5376
Epoch 3 Loss: 6.5559
Epoch 4 Loss: 6.0964
[Server] Global Inference Model Acc (MNIST) (Round 13): 1.47% (Tested on 9095 samples)
[Server] Global Inference Model Acc (EMNIST) (Round 13): 0.08% (Tested on 105779 samples)
[Server] Global Inference Model Acc (CIFAR10) (Round 13): 9.49% (Tested on 9100 samples)
[Server] Global Inference Model Acc (Mix) (Round 13): 0.87% (Tested on 123974 samples)
Selected client ids: [0, 1, 2, 3, 4, 5, 6, 7, 8, 9, 10, 11, 12, 13, 14, 15, 16, 17, 18, 19, 20, 21, 22, 23, 24, 25, 26, 27, 28, 29]
--- Round 14 ---
Round 14 | Client 0 | Model: (MLP) | Acc: 93.68%
Round 14 | Client 1 | Model: (CNN) | Acc: 87.82%
Round 14 | Client 2 | Model: (ResNet8) | Acc: 98.30%
Round 14 | Client 3 | Model: (ResNet18) | Acc: 97.40%
Round 14 | Client 4 | Model: (MobileNetV2) | Acc: 93.47%
Round 14 | Client 5 | Model: (MobileNetV3) | Acc: 87.85%
Round 14 | Client 6 | Model: (LeNet) | Acc: 98.25%
Round 14 | Client 7 | Model: (AlexNet) | Acc: 97.89%
Round 14 | Client 8 | Model: (ShuffleNet) | Acc: 71.60%
Round 14 | Client 9 | Model: (SqueezeNet) | Acc: 96.50%
Round 14 | Client 11 | Model: (MLP) | Acc: 81.12%
Round 14 | Client 12 | Model: (CNN) | Acc: 84.82%
Round 14 | Client 13 | Model: (ResNet8) | Acc: 84.66%
Round 14 | Client 14 | Model: (ResNet18) | Acc: 85.93%
Round 14 | Client 15 | Model: (MobileNetV2) | Acc: 83.41%
Round 14 | Client 16 | Model: (MobileNetV3) | Acc: 74.87%
Round 14 | Client 17 | Model: (LeNet) | Acc: 84.03%
Round 14 | Client 18 | Model: (AlexNet) | Acc: 83.97%
Round 14 | Client 19 | Model: (ShuffleNet) | Acc: 83.11%
Round 14 | Client 20 | Model: (SqueezeNet) | Acc: 81.96%
Round 14 | Client 22 | Model: (MLP) | Acc: 41.85%
Round 14 | Client 23 | Model: (CNN) | Acc: 55.93%
Round 14 | Client 24 | Model: (ResNet8) | Acc: 51.61%
Round 14 | Client 25 | Model: (ResNet18) | Acc: 57.94%
Round 14 | Client 26 | Model: (MobileNetV2) | Acc: 39.66%
Round 14 | Client 27 | Model: (MobileNetV3) | Acc: 46.14%
Round 14 | Client 28 | Model: (LeNet) | Acc: 48.95%
Round 14 | Client 29 | Model: (AlexNet) | Acc: 55.89%
Round 14 | Client 30 | Model: (ShuffleNet) | Acc: 38.16%
Round 14 | Client 31 | Model: (SqueezeNet) | Acc: 34.72%
[Server] Aggregating by Dataset Name ...
[Server] Training Image-Based Global Generator...
  Epoch 1/10 | Loss: 7.7211
  Epoch 2/10 | Loss: 7.6555
  Epoch 3/10 | Loss: 7.4401
  Epoch 4/10 | Loss: 7.1242
  Epoch 5/10 | Loss: 7.3968
  Epoch 6/10 | Loss: 7.5000
  Epoch 7/10 | Loss: 7.2286
  Epoch 8/10 | Loss: 6.9154
  Epoch 9/10 | Loss: 7.2525
  Epoch 10/10 | Loss: 6.9424
[Server] Image-Based Global Generator training finished.
[Server] Training Final Global Inference Model ...
Detected 72 global classes: [0, 1, 2, 3, 4, 5, 6, 7, 8, 9, 10, 11, 12, 13, 14, 15, 16, 17, 18, 19, 20, 21, 22, 23, 24, 25, 26, 27, 28, 29, 30, 31, 32, 33, 34, 35, 36, 37, 38, 39, 40, 41, 42, 43, 44, 45, 46, 47, 48, 49, 50, 51, 52, 53, 54, 55, 56, 57, 58, 59, 60, 61, 62, 63, 64, 65, 66, 67, 68, 69, 70, 71]
Epoch 0 Loss: 6.2434
Epoch 1 Loss: 6.0132
Epoch 2 Loss: 6.1490
Epoch 3 Loss: 5.5398
Epoch 4 Loss: 5.3901
[Server] Global Inference Model Acc (MNIST) (Round 14): 10.40% (Tested on 9095 samples)
[Server] Global Inference Model Acc (EMNIST) (Round 14): 1.66% (Tested on 105779 samples)
[Server] Global Inference Model Acc (CIFAR10) (Round 14): 6.80% (Tested on 9100 samples)
[Server] Global Inference Model Acc (Mix) (Round 14): 2.68% (Tested on 123974 samples)
Selected client ids: [0, 1, 2, 3, 4, 5, 6, 7, 8, 9, 10, 11, 12, 13, 14, 15, 16, 17, 18, 19, 20, 21, 22, 23, 24, 25, 26, 27, 28, 29]
--- Round 15 ---
Round 15 | Client 0 | Model: (MLP) | Acc: 94.33%
Round 15 | Client 1 | Model: (CNN) | Acc: 79.07%
Round 15 | Client 2 | Model: (ResNet8) | Acc: 95.47%
Round 15 | Client 3 | Model: (ResNet18) | Acc: 98.08%
Round 15 | Client 4 | Model: (MobileNetV2) | Acc: 94.97%
Round 15 | Client 5 | Model: (MobileNetV3) | Acc: 84.73%
Round 15 | Client 6 | Model: (LeNet) | Acc: 98.69%
Round 15 | Client 7 | Model: (AlexNet) | Acc: 97.05%
Round 15 | Client 8 | Model: (ShuffleNet) | Acc: 64.70%
Round 15 | Client 9 | Model: (SqueezeNet) | Acc: 96.39%
Round 15 | Client 11 | Model: (MLP) | Acc: 80.20%
Round 15 | Client 12 | Model: (CNN) | Acc: 83.94%
Round 15 | Client 13 | Model: (ResNet8) | Acc: 84.86%
Round 15 | Client 14 | Model: (ResNet18) | Acc: 84.82%
Round 15 | Client 15 | Model: (MobileNetV2) | Acc: 83.82%
Round 15 | Client 16 | Model: (MobileNetV3) | Acc: 69.09%
Round 15 | Client 17 | Model: (LeNet) | Acc: 84.23%
Round 15 | Client 18 | Model: (AlexNet) | Acc: 83.75%
Round 15 | Client 19 | Model: (ShuffleNet) | Acc: 83.15%
Round 15 | Client 20 | Model: (SqueezeNet) | Acc: 82.95%
Round 15 | Client 22 | Model: (MLP) | Acc: 41.97%
Round 15 | Client 23 | Model: (CNN) | Acc: 39.89%
Round 15 | Client 24 | Model: (ResNet8) | Acc: 59.42%
Round 15 | Client 25 | Model: (ResNet18) | Acc: 56.71%
Round 15 | Client 26 | Model: (MobileNetV2) | Acc: 41.97%
Round 15 | Client 27 | Model: (MobileNetV3) | Acc: 45.39%
Round 15 | Client 28 | Model: (LeNet) | Acc: 50.94%
Round 15 | Client 29 | Model: (AlexNet) | Acc: 56.32%
Round 15 | Client 30 | Model: (ShuffleNet) | Acc: 37.39%
Round 15 | Client 31 | Model: (SqueezeNet) | Acc: 37.87%
[Server] Aggregating by Dataset Name ...
[Server] Training Image-Based Global Generator...
  Epoch 1/10 | Loss: 7.1776
  Epoch 2/10 | Loss: 7.7578
  Epoch 3/10 | Loss: 7.5641
  Epoch 4/10 | Loss: 7.3729
  Epoch 5/10 | Loss: 7.7320
  Epoch 6/10 | Loss: 7.2939
  Epoch 7/10 | Loss: 6.8398
  Epoch 8/10 | Loss: 7.2713
  Epoch 9/10 | Loss: 6.9777
  Epoch 10/10 | Loss: 7.1525
[Server] Image-Based Global Generator training finished.
[Server] Training Final Global Inference Model ...
Detected 72 global classes: [0, 1, 2, 3, 4, 5, 6, 7, 8, 9, 10, 11, 12, 13, 14, 15, 16, 17, 18, 19, 20, 21, 22, 23, 24, 25, 26, 27, 28, 29, 30, 31, 32, 33, 34, 35, 36, 37, 38, 39, 40, 41, 42, 43, 44, 45, 46, 47, 48, 49, 50, 51, 52, 53, 54, 55, 56, 57, 58, 59, 60, 61, 62, 63, 64, 65, 66, 67, 68, 69, 70, 71]
Epoch 0 Loss: 5.7529
Epoch 1 Loss: 5.9401
Epoch 2 Loss: 5.7921
Epoch 3 Loss: 5.7742
Epoch 4 Loss: 5.0093
[Server] Global Inference Model Acc (MNIST) (Round 15): 3.05% (Tested on 9095 samples)
[Server] Global Inference Model Acc (EMNIST) (Round 15): 0.21% (Tested on 105779 samples)
[Server] Global Inference Model Acc (CIFAR10) (Round 15): 9.35% (Tested on 9100 samples)
[Server] Global Inference Model Acc (Mix) (Round 15): 1.09% (Tested on 123974 samples)
Selected client ids: [0, 1, 2, 3, 4, 5, 6, 7, 8, 9, 10, 11, 12, 13, 14, 15, 16, 17, 18, 19, 20, 21, 22, 23, 24, 25, 26, 27, 28, 29]
--- Round 16 ---
Round 16 | Client 0 | Model: (MLP) | Acc: 94.44%
Round 16 | Client 1 | Model: (CNN) | Acc: 91.36%
Round 16 | Client 2 | Model: (ResNet8) | Acc: 97.62%
Round 16 | Client 3 | Model: (ResNet18) | Acc: 98.30%
Round 16 | Client 4 | Model: (MobileNetV2) | Acc: 96.15%
Round 16 | Client 5 | Model: (MobileNetV3) | Acc: 89.30%
Round 16 | Client 6 | Model: (LeNet) | Acc: 97.70%
Round 16 | Client 7 | Model: (AlexNet) | Acc: 98.32%
Round 16 | Client 8 | Model: (ShuffleNet) | Acc: 65.48%
Round 16 | Client 9 | Model: (SqueezeNet) | Acc: 97.27%
Round 16 | Client 11 | Model: (MLP) | Acc: 80.09%
Round 16 | Client 12 | Model: (CNN) | Acc: 84.89%
Round 16 | Client 13 | Model: (ResNet8) | Acc: 85.24%
Round 16 | Client 14 | Model: (ResNet18) | Acc: 84.74%
Round 16 | Client 15 | Model: (MobileNetV2) | Acc: 84.17%
Round 16 | Client 16 | Model: (MobileNetV3) | Acc: 77.28%
Round 16 | Client 17 | Model: (LeNet) | Acc: 83.64%
Round 16 | Client 18 | Model: (AlexNet) | Acc: 83.52%
Round 16 | Client 19 | Model: (ShuffleNet) | Acc: 83.55%
Round 16 | Client 20 | Model: (SqueezeNet) | Acc: 83.08%
Round 16 | Client 22 | Model: (MLP) | Acc: 40.53%
Round 16 | Client 23 | Model: (CNN) | Acc: 50.33%
Round 16 | Client 24 | Model: (ResNet8) | Acc: 54.82%
Round 16 | Client 25 | Model: (ResNet18) | Acc: 58.38%
Round 16 | Client 26 | Model: (MobileNetV2) | Acc: 39.66%
Round 16 | Client 27 | Model: (MobileNetV3) | Acc: 46.14%
Round 16 | Client 28 | Model: (LeNet) | Acc: 50.50%
Round 16 | Client 29 | Model: (AlexNet) | Acc: 54.38%
Round 16 | Client 30 | Model: (ShuffleNet) | Acc: 37.28%
Round 16 | Client 31 | Model: (SqueezeNet) | Acc: 32.58%
[Server] Aggregating by Dataset Name ...
[Server] Training Image-Based Global Generator...
  Epoch 1/10 | Loss: 7.9423
  Epoch 2/10 | Loss: 7.3793
  Epoch 3/10 | Loss: 7.1288
  Epoch 4/10 | Loss: 7.1702
  Epoch 5/10 | Loss: 7.1714
  Epoch 6/10 | Loss: 7.2820
  Epoch 7/10 | Loss: 7.3424
  Epoch 8/10 | Loss: 7.3059
  Epoch 9/10 | Loss: 7.7549
  Epoch 10/10 | Loss: 6.8676
[Server] Image-Based Global Generator training finished.
[Server] Training Final Global Inference Model ...
Detected 72 global classes: [0, 1, 2, 3, 4, 5, 6, 7, 8, 9, 10, 11, 12, 13, 14, 15, 16, 17, 18, 19, 20, 21, 22, 23, 24, 25, 26, 27, 28, 29, 30, 31, 32, 33, 34, 35, 36, 37, 38, 39, 40, 41, 42, 43, 44, 45, 46, 47, 48, 49, 50, 51, 52, 53, 54, 55, 56, 57, 58, 59, 60, 61, 62, 63, 64, 65, 66, 67, 68, 69, 70, 71]
Epoch 0 Loss: 5.1759
Epoch 1 Loss: 5.2133
Epoch 2 Loss: 4.7350
Epoch 3 Loss: 5.0438
Epoch 4 Loss: 5.3762
[Server] Global Inference Model Acc (MNIST) (Round 16): 17.97% (Tested on 9095 samples)
[Server] Global Inference Model Acc (EMNIST) (Round 16): 5.89% (Tested on 105779 samples)
[Server] Global Inference Model Acc (CIFAR10) (Round 16): 9.62% (Tested on 9100 samples)
[Server] Global Inference Model Acc (Mix) (Round 16): 7.05% (Tested on 123974 samples)
Selected client ids: [0, 1, 2, 3, 4, 5, 6, 7, 8, 9, 10, 11, 12, 13, 14, 15, 16, 17, 18, 19, 20, 21, 22, 23, 24, 25, 26, 27, 28, 29]
--- Round 17 ---
Round 17 | Client 0 | Model: (MLP) | Acc: 94.55%
Round 17 | Client 1 | Model: (CNN) | Acc: 79.96%
Round 17 | Client 2 | Model: (ResNet8) | Acc: 97.51%
Round 17 | Client 3 | Model: (ResNet18) | Acc: 99.10%
Round 17 | Client 4 | Model: (MobileNetV2) | Acc: 94.97%
Round 17 | Client 5 | Model: (MobileNetV3) | Acc: 91.08%
Round 17 | Client 6 | Model: (LeNet) | Acc: 98.14%
Round 17 | Client 7 | Model: (AlexNet) | Acc: 98.53%
Round 17 | Client 8 | Model: (ShuffleNet) | Acc: 69.49%
Round 17 | Client 9 | Model: (SqueezeNet) | Acc: 96.94%
Round 17 | Client 11 | Model: (MLP) | Acc: 80.48%
Round 17 | Client 12 | Model: (CNN) | Acc: 84.82%
Round 17 | Client 13 | Model: (ResNet8) | Acc: 84.75%
Round 17 | Client 14 | Model: (ResNet18) | Acc: 85.65%
Round 17 | Client 15 | Model: (MobileNetV2) | Acc: 82.82%
Round 17 | Client 16 | Model: (MobileNetV3) | Acc: 71.03%
Round 17 | Client 17 | Model: (LeNet) | Acc: 84.09%
Round 17 | Client 18 | Model: (AlexNet) | Acc: 83.72%
Round 17 | Client 19 | Model: (ShuffleNet) | Acc: 83.16%
Round 17 | Client 20 | Model: (SqueezeNet) | Acc: 82.53%
Round 17 | Client 22 | Model: (MLP) | Acc: 42.93%
Round 17 | Client 23 | Model: (CNN) | Acc: 60.00%
Round 17 | Client 24 | Model: (ResNet8) | Acc: 56.32%
Round 17 | Client 25 | Model: (ResNet18) | Acc: 58.49%
Round 17 | Client 26 | Model: (MobileNetV2) | Acc: 42.18%
Round 17 | Client 27 | Model: (MobileNetV3) | Acc: 45.06%
Round 17 | Client 28 | Model: (LeNet) | Acc: 51.38%
Round 17 | Client 29 | Model: (AlexNet) | Acc: 55.14%
Round 17 | Client 30 | Model: (ShuffleNet) | Acc: 40.02%
Round 17 | Client 31 | Model: (SqueezeNet) | Acc: 30.79%
[Server] Aggregating by Dataset Name ...
[Server] Training Image-Based Global Generator...
  Epoch 1/10 | Loss: 7.8978
  Epoch 2/10 | Loss: 7.2323
  Epoch 3/10 | Loss: 7.6986
  Epoch 4/10 | Loss: 7.1602
  Epoch 5/10 | Loss: 7.3942
  Epoch 6/10 | Loss: 6.7810
  Epoch 7/10 | Loss: 7.2661
  Epoch 8/10 | Loss: 6.7496
  Epoch 9/10 | Loss: 6.9097
  Epoch 10/10 | Loss: 6.6240
[Server] Image-Based Global Generator training finished.
[Server] Training Final Global Inference Model ...
Detected 72 global classes: [0, 1, 2, 3, 4, 5, 6, 7, 8, 9, 10, 11, 12, 13, 14, 15, 16, 17, 18, 19, 20, 21, 22, 23, 24, 25, 26, 27, 28, 29, 30, 31, 32, 33, 34, 35, 36, 37, 38, 39, 40, 41, 42, 43, 44, 45, 46, 47, 48, 49, 50, 51, 52, 53, 54, 55, 56, 57, 58, 59, 60, 61, 62, 63, 64, 65, 66, 67, 68, 69, 70, 71]
Epoch 0 Loss: 5.3920
Epoch 1 Loss: 4.3184
Epoch 2 Loss: 5.0260
Epoch 3 Loss: 4.2848
Epoch 4 Loss: 4.6644
[Server] Global Inference Model Acc (MNIST) (Round 17): 10.09% (Tested on 9095 samples)
[Server] Global Inference Model Acc (EMNIST) (Round 17): 4.55% (Tested on 105779 samples)
[Server] Global Inference Model Acc (CIFAR10) (Round 17): 0.26% (Tested on 9100 samples)
[Server] Global Inference Model Acc (Mix) (Round 17): 4.64% (Tested on 123974 samples)
Selected client ids: [0, 1, 2, 3, 4, 5, 6, 7, 8, 9, 10, 11, 12, 13, 14, 15, 16, 17, 18, 19, 20, 21, 22, 23, 24, 25, 26, 27, 28, 29]
--- Round 18 ---
Round 18 | Client 0 | Model: (MLP) | Acc: 94.33%
Round 18 | Client 1 | Model: (CNN) | Acc: 94.24%
Round 18 | Client 2 | Model: (ResNet8) | Acc: 82.45%
Round 18 | Client 3 | Model: (ResNet18) | Acc: 98.87%
Round 18 | Client 4 | Model: (MobileNetV2) | Acc: 95.18%
Round 18 | Client 5 | Model: (MobileNetV3) | Acc: 88.41%
Round 18 | Client 6 | Model: (LeNet) | Acc: 98.25%
Round 18 | Client 7 | Model: (AlexNet) | Acc: 98.74%
Round 18 | Client 8 | Model: (ShuffleNet) | Acc: 69.60%
Round 18 | Client 9 | Model: (SqueezeNet) | Acc: 97.05%
Round 18 | Client 11 | Model: (MLP) | Acc: 80.55%
Round 18 | Client 12 | Model: (CNN) | Acc: 85.32%
Round 18 | Client 13 | Model: (ResNet8) | Acc: 84.14%
Round 18 | Client 14 | Model: (ResNet18) | Acc: 85.06%
Round 18 | Client 15 | Model: (MobileNetV2) | Acc: 84.34%
Round 18 | Client 16 | Model: (MobileNetV3) | Acc: 77.61%
Round 18 | Client 17 | Model: (LeNet) | Acc: 84.28%
Round 18 | Client 18 | Model: (AlexNet) | Acc: 83.72%
Round 18 | Client 19 | Model: (ShuffleNet) | Acc: 82.72%
Round 18 | Client 20 | Model: (SqueezeNet) | Acc: 82.41%
Round 18 | Client 22 | Model: (MLP) | Acc: 40.65%
Round 18 | Client 23 | Model: (CNN) | Acc: 58.79%
Round 18 | Client 24 | Model: (ResNet8) | Acc: 50.96%
Round 18 | Client 25 | Model: (ResNet18) | Acc: 50.72%
Round 18 | Client 26 | Model: (MobileNetV2) | Acc: 42.50%
Round 18 | Client 27 | Model: (MobileNetV3) | Acc: 45.06%
Round 18 | Client 28 | Model: (LeNet) | Acc: 52.15%
Round 18 | Client 29 | Model: (AlexNet) | Acc: 55.03%
Round 18 | Client 30 | Model: (ShuffleNet) | Acc: 39.14%
Round 18 | Client 31 | Model: (SqueezeNet) | Acc: 33.71%
[Server] Aggregating by Dataset Name ...
[Server] Training Image-Based Global Generator...
  Epoch 1/10 | Loss: 8.7911
  Epoch 2/10 | Loss: 8.7440
  Epoch 3/10 | Loss: 7.8229
  Epoch 4/10 | Loss: 8.0161
  Epoch 5/10 | Loss: 7.8371
  Epoch 6/10 | Loss: 8.0983
  Epoch 7/10 | Loss: 8.0334
  Epoch 8/10 | Loss: 7.6949
  Epoch 9/10 | Loss: 7.1934
  Epoch 10/10 | Loss: 7.9573
[Server] Image-Based Global Generator training finished.
[Server] Training Final Global Inference Model ...
Detected 72 global classes: [0, 1, 2, 3, 4, 5, 6, 7, 8, 9, 10, 11, 12, 13, 14, 15, 16, 17, 18, 19, 20, 21, 22, 23, 24, 25, 26, 27, 28, 29, 30, 31, 32, 33, 34, 35, 36, 37, 38, 39, 40, 41, 42, 43, 44, 45, 46, 47, 48, 49, 50, 51, 52, 53, 54, 55, 56, 57, 58, 59, 60, 61, 62, 63, 64, 65, 66, 67, 68, 69, 70, 71]
Epoch 0 Loss: 4.2825
Epoch 1 Loss: 4.1449
Epoch 2 Loss: 4.6591
Epoch 3 Loss: 3.4926
Epoch 4 Loss: 3.6474
[Server] Global Inference Model Acc (MNIST) (Round 18): 8.02% (Tested on 9095 samples)
[Server] Global Inference Model Acc (EMNIST) (Round 18): 1.68% (Tested on 105779 samples)
[Server] Global Inference Model Acc (CIFAR10) (Round 18): 2.53% (Tested on 9100 samples)
[Server] Global Inference Model Acc (Mix) (Round 18): 2.20% (Tested on 123974 samples)
Selected client ids: [0, 1, 2, 3, 4, 5, 6, 7, 8, 9, 10, 11, 12, 13, 14, 15, 16, 17, 18, 19, 20, 21, 22, 23, 24, 25, 26, 27, 28, 29]
--- Round 19 ---
Round 19 | Client 0 | Model: (MLP) | Acc: 92.69%
Round 19 | Client 1 | Model: (CNN) | Acc: 95.57%
Round 19 | Client 2 | Model: (ResNet8) | Acc: 91.85%
Round 19 | Client 3 | Model: (ResNet18) | Acc: 98.64%
Round 19 | Client 4 | Model: (MobileNetV2) | Acc: 94.43%
Round 19 | Client 5 | Model: (MobileNetV3) | Acc: 91.53%
Round 19 | Client 6 | Model: (LeNet) | Acc: 97.59%
Round 19 | Client 7 | Model: (AlexNet) | Acc: 98.11%
Round 19 | Client 8 | Model: (ShuffleNet) | Acc: 68.04%
Round 19 | Client 9 | Model: (SqueezeNet) | Acc: 96.39%
Round 19 | Client 11 | Model: (MLP) | Acc: 80.53%
Round 19 | Client 12 | Model: (CNN) | Acc: 84.52%
Round 19 | Client 13 | Model: (ResNet8) | Acc: 83.86%
Round 19 | Client 14 | Model: (ResNet18) | Acc: 84.79%
Round 19 | Client 15 | Model: (MobileNetV2) | Acc: 84.37%
Round 19 | Client 16 | Model: (MobileNetV3) | Acc: 76.04%
Round 19 | Client 17 | Model: (LeNet) | Acc: 84.64%
Round 19 | Client 18 | Model: (AlexNet) | Acc: 83.19%
Round 19 | Client 19 | Model: (ShuffleNet) | Acc: 83.19%
Round 19 | Client 20 | Model: (SqueezeNet) | Acc: 81.95%
Round 19 | Client 22 | Model: (MLP) | Acc: 41.73%
Round 19 | Client 23 | Model: (CNN) | Acc: 61.10%
Round 19 | Client 24 | Model: (ResNet8) | Acc: 49.25%
Round 19 | Client 25 | Model: (ResNet18) | Acc: 60.04%
Round 19 | Client 26 | Model: (MobileNetV2) | Acc: 42.39%
Round 19 | Client 27 | Model: (MobileNetV3) | Acc: 45.49%
Round 19 | Client 28 | Model: (LeNet) | Acc: 53.36%
Round 19 | Client 29 | Model: (AlexNet) | Acc: 55.03%
Round 19 | Client 30 | Model: (ShuffleNet) | Acc: 38.82%
Round 19 | Client 31 | Model: (SqueezeNet) | Acc: 36.07%
[Server] Aggregating by Dataset Name ...
[Server] Training Image-Based Global Generator...
  Epoch 1/10 | Loss: 7.2481
  Epoch 2/10 | Loss: 7.0641
  Epoch 3/10 | Loss: 7.9543
  Epoch 4/10 | Loss: 7.6816
  Epoch 5/10 | Loss: 7.3086
  Epoch 6/10 | Loss: 7.7060
  Epoch 7/10 | Loss: 6.8404
  Epoch 8/10 | Loss: 6.8017
  Epoch 9/10 | Loss: 6.7810
  Epoch 10/10 | Loss: 6.9720
[Server] Image-Based Global Generator training finished.
[Server] Training Final Global Inference Model ...
Detected 72 global classes: [0, 1, 2, 3, 4, 5, 6, 7, 8, 9, 10, 11, 12, 13, 14, 15, 16, 17, 18, 19, 20, 21, 22, 23, 24, 25, 26, 27, 28, 29, 30, 31, 32, 33, 34, 35, 36, 37, 38, 39, 40, 41, 42, 43, 44, 45, 46, 47, 48, 49, 50, 51, 52, 53, 54, 55, 56, 57, 58, 59, 60, 61, 62, 63, 64, 65, 66, 67, 68, 69, 70, 71]
Epoch 0 Loss: 3.6046
Epoch 1 Loss: 3.6472
Epoch 2 Loss: 3.4336
Epoch 3 Loss: 3.4989
Epoch 4 Loss: 2.9594
[Server] Global Inference Model Acc (MNIST) (Round 19): 12.23% (Tested on 9095 samples)
[Server] Global Inference Model Acc (EMNIST) (Round 19): 3.56% (Tested on 105779 samples)
[Server] Global Inference Model Acc (CIFAR10) (Round 19): 7.63% (Tested on 9100 samples)
[Server] Global Inference Model Acc (Mix) (Round 19): 4.49% (Tested on 123974 samples)
Selected client ids: [0, 1, 2, 3, 4, 5, 6, 7, 8, 9, 10, 11, 12, 13, 14, 15, 16, 17, 18, 19, 20, 21, 22, 23, 24, 25, 26, 27, 28, 29]
--- Round 20 ---
Round 20 | Client 0 | Model: (MLP) | Acc: 95.42%
Round 20 | Client 1 | Model: (CNN) | Acc: 84.83%
Round 20 | Client 2 | Model: (ResNet8) | Acc: 95.36%
Round 20 | Client 3 | Model: (ResNet18) | Acc: 99.32%
Round 20 | Client 4 | Model: (MobileNetV2) | Acc: 94.97%
Round 20 | Client 5 | Model: (MobileNetV3) | Acc: 89.74%
Round 20 | Client 6 | Model: (LeNet) | Acc: 98.58%
Round 20 | Client 7 | Model: (AlexNet) | Acc: 98.63%
Round 20 | Client 8 | Model: (ShuffleNet) | Acc: 68.71%
Round 20 | Client 9 | Model: (SqueezeNet) | Acc: 96.39%
Round 20 | Client 11 | Model: (MLP) | Acc: 79.89%
Round 20 | Client 12 | Model: (CNN) | Acc: 85.44%
Round 20 | Client 13 | Model: (ResNet8) | Acc: 83.98%
Round 20 | Client 14 | Model: (ResNet18) | Acc: 84.42%
Round 20 | Client 15 | Model: (MobileNetV2) | Acc: 83.72%
Round 20 | Client 16 | Model: (MobileNetV3) | Acc: 78.92%
Round 20 | Client 17 | Model: (LeNet) | Acc: 84.45%
Round 20 | Client 18 | Model: (AlexNet) | Acc: 83.36%
Round 20 | Client 19 | Model: (ShuffleNet) | Acc: 83.74%
Round 20 | Client 20 | Model: (SqueezeNet) | Acc: 82.61%
Round 20 | Client 22 | Model: (MLP) | Acc: 39.33%
Round 20 | Client 23 | Model: (CNN) | Acc: 58.02%
Round 20 | Client 24 | Model: (ResNet8) | Acc: 56.96%
Round 20 | Client 25 | Model: (ResNet18) | Acc: 57.16%
Round 20 | Client 26 | Model: (MobileNetV2) | Acc: 39.87%
Round 20 | Client 27 | Model: (MobileNetV3) | Acc: 45.28%
Round 20 | Client 28 | Model: (LeNet) | Acc: 52.59%
Round 20 | Client 29 | Model: (AlexNet) | Acc: 56.54%
Round 20 | Client 30 | Model: (ShuffleNet) | Acc: 40.46%
Round 20 | Client 31 | Model: (SqueezeNet) | Acc: 37.98%
[Server] Aggregating by Dataset Name ...
[Server] Training Image-Based Global Generator...
  Epoch 1/10 | Loss: 7.3519
  Epoch 2/10 | Loss: 6.9144
  Epoch 3/10 | Loss: 7.0891
  Epoch 4/10 | Loss: 6.8883
  Epoch 5/10 | Loss: 6.5096
  Epoch 6/10 | Loss: 6.6343
  Epoch 7/10 | Loss: 6.7275
  Epoch 8/10 | Loss: 6.3057
  Epoch 9/10 | Loss: 6.3726
  Epoch 10/10 | Loss: 6.0684
[Server] Image-Based Global Generator training finished.
[Server] Training Final Global Inference Model ...
Detected 72 global classes: [0, 1, 2, 3, 4, 5, 6, 7, 8, 9, 10, 11, 12, 13, 14, 15, 16, 17, 18, 19, 20, 21, 22, 23, 24, 25, 26, 27, 28, 29, 30, 31, 32, 33, 34, 35, 36, 37, 38, 39, 40, 41, 42, 43, 44, 45, 46, 47, 48, 49, 50, 51, 52, 53, 54, 55, 56, 57, 58, 59, 60, 61, 62, 63, 64, 65, 66, 67, 68, 69, 70, 71]
Epoch 0 Loss: 3.2878
Epoch 1 Loss: 2.9109
Epoch 2 Loss: 3.0330
Epoch 3 Loss: 2.7597
Epoch 4 Loss: 2.9576
[Server] Global Inference Model Acc (MNIST) (Round 20): 9.71% (Tested on 9095 samples)
[Server] Global Inference Model Acc (EMNIST) (Round 20): 3.27% (Tested on 105779 samples)
[Server] Global Inference Model Acc (CIFAR10) (Round 20): 2.99% (Tested on 9100 samples)
[Server] Global Inference Model Acc (Mix) (Round 20): 3.72% (Tested on 123974 samples)
Selected client ids: [0, 1, 2, 3, 4, 5, 6, 7, 8, 9, 10, 11, 12, 13, 14, 15, 16, 17, 18, 19, 20, 21, 22, 23, 24, 25, 26, 27, 28, 29]
--- Round 21 ---
Round 21 | Client 0 | Model: (MLP) | Acc: 96.40%
Round 21 | Client 1 | Model: (CNN) | Acc: 96.23%
Round 21 | Client 2 | Model: (ResNet8) | Acc: 97.28%
Round 21 | Client 3 | Model: (ResNet18) | Acc: 97.74%
Round 21 | Client 4 | Model: (MobileNetV2) | Acc: 95.61%
Round 21 | Client 5 | Model: (MobileNetV3) | Acc: 91.64%
Round 21 | Client 6 | Model: (LeNet) | Acc: 98.14%
Round 21 | Client 7 | Model: (AlexNet) | Acc: 97.79%
Round 21 | Client 8 | Model: (ShuffleNet) | Acc: 69.15%
Round 21 | Client 9 | Model: (SqueezeNet) | Acc: 96.61%
Round 21 | Client 11 | Model: (MLP) | Acc: 80.10%
Round 21 | Client 12 | Model: (CNN) | Acc: 83.68%
Round 21 | Client 13 | Model: (ResNet8) | Acc: 84.74%
Round 21 | Client 14 | Model: (ResNet18) | Acc: 84.35%
Round 21 | Client 15 | Model: (MobileNetV2) | Acc: 84.10%
Round 21 | Client 16 | Model: (MobileNetV3) | Acc: 78.37%
Round 21 | Client 17 | Model: (LeNet) | Acc: 84.26%
Round 21 | Client 18 | Model: (AlexNet) | Acc: 83.03%
Round 21 | Client 19 | Model: (ShuffleNet) | Acc: 83.60%
Round 21 | Client 20 | Model: (SqueezeNet) | Acc: 83.28%
Round 21 | Client 22 | Model: (MLP) | Acc: 41.13%
Round 21 | Client 23 | Model: (CNN) | Acc: 46.04%
Round 21 | Client 24 | Model: (ResNet8) | Acc: 59.64%
Round 21 | Client 25 | Model: (ResNet18) | Acc: 59.71%
Round 21 | Client 26 | Model: (MobileNetV2) | Acc: 40.92%
Round 21 | Client 27 | Model: (MobileNetV3) | Acc: 46.57%
Round 21 | Client 28 | Model: (LeNet) | Acc: 53.80%
Round 21 | Client 29 | Model: (AlexNet) | Acc: 53.84%
Round 21 | Client 30 | Model: (ShuffleNet) | Acc: 38.38%
Round 21 | Client 31 | Model: (SqueezeNet) | Acc: 35.39%
[Server] Aggregating by Dataset Name ...
[Server] Training Image-Based Global Generator...
  Epoch 1/10 | Loss: 6.9912
  Epoch 2/10 | Loss: 6.4796
  Epoch 3/10 | Loss: 6.6113
  Epoch 4/10 | Loss: 6.5683
  Epoch 5/10 | Loss: 6.3489
  Epoch 6/10 | Loss: 6.3004
  Epoch 7/10 | Loss: 6.1641
  Epoch 8/10 | Loss: 5.8370
  Epoch 9/10 | Loss: 5.8955
  Epoch 10/10 | Loss: 5.9038
[Server] Image-Based Global Generator training finished.
[Server] Training Final Global Inference Model ...
Detected 72 global classes: [0, 1, 2, 3, 4, 5, 6, 7, 8, 9, 10, 11, 12, 13, 14, 15, 16, 17, 18, 19, 20, 21, 22, 23, 24, 25, 26, 27, 28, 29, 30, 31, 32, 33, 34, 35, 36, 37, 38, 39, 40, 41, 42, 43, 44, 45, 46, 47, 48, 49, 50, 51, 52, 53, 54, 55, 56, 57, 58, 59, 60, 61, 62, 63, 64, 65, 66, 67, 68, 69, 70, 71]
Epoch 0 Loss: 2.7142
Epoch 1 Loss: 2.7607
Epoch 2 Loss: 2.8463
Epoch 3 Loss: 2.0949
Epoch 4 Loss: 2.2522
[Server] Global Inference Model Acc (MNIST) (Round 21): 23.68% (Tested on 9095 samples)
[Server] Global Inference Model Acc (EMNIST) (Round 21): 15.38% (Tested on 105779 samples)
[Server] Global Inference Model Acc (CIFAR10) (Round 21): 0.07% (Tested on 9100 samples)
[Server] Global Inference Model Acc (Mix) (Round 21): 14.86% (Tested on 123974 samples)
Selected client ids: [0, 1, 2, 3, 4, 5, 6, 7, 8, 9, 10, 11, 12, 13, 14, 15, 16, 17, 18, 19, 20, 21, 22, 23, 24, 25, 26, 27, 28, 29]
--- Round 22 ---
Round 22 | Client 0 | Model: (MLP) | Acc: 95.97%
Round 22 | Client 1 | Model: (CNN) | Acc: 97.67%
Round 22 | Client 2 | Model: (ResNet8) | Acc: 97.28%
Round 22 | Client 3 | Model: (ResNet18) | Acc: 98.19%
Round 22 | Client 4 | Model: (MobileNetV2) | Acc: 95.72%
Round 22 | Client 5 | Model: (MobileNetV3) | Acc: 89.19%
Round 22 | Client 6 | Model: (LeNet) | Acc: 98.14%
Round 22 | Client 7 | Model: (AlexNet) | Acc: 98.32%
Round 22 | Client 8 | Model: (ShuffleNet) | Acc: 69.82%
Round 22 | Client 9 | Model: (SqueezeNet) | Acc: 97.92%
Round 22 | Client 11 | Model: (MLP) | Acc: 80.03%
Round 22 | Client 12 | Model: (CNN) | Acc: 84.15%
Round 22 | Client 13 | Model: (ResNet8) | Acc: 84.32%
Round 22 | Client 14 | Model: (ResNet18) | Acc: 84.57%
Round 22 | Client 15 | Model: (MobileNetV2) | Acc: 84.26%
Round 22 | Client 16 | Model: (MobileNetV3) | Acc: 58.89%
Round 22 | Client 17 | Model: (LeNet) | Acc: 84.50%
Round 22 | Client 18 | Model: (AlexNet) | Acc: 81.71%
Round 22 | Client 19 | Model: (ShuffleNet) | Acc: 83.82%
Round 22 | Client 20 | Model: (SqueezeNet) | Acc: 82.78%
Round 22 | Client 22 | Model: (MLP) | Acc: 42.93%
Round 22 | Client 23 | Model: (CNN) | Acc: 50.88%
Round 22 | Client 24 | Model: (ResNet8) | Acc: 52.78%
Round 22 | Client 25 | Model: (ResNet18) | Acc: 57.71%
Round 22 | Client 26 | Model: (MobileNetV2) | Acc: 40.50%
Round 22 | Client 27 | Model: (MobileNetV3) | Acc: 47.10%
Round 22 | Client 28 | Model: (LeNet) | Acc: 52.70%
Round 22 | Client 29 | Model: (AlexNet) | Acc: 55.89%
Round 22 | Client 30 | Model: (ShuffleNet) | Acc: 39.91%
Round 22 | Client 31 | Model: (SqueezeNet) | Acc: 36.85%
[Server] Aggregating by Dataset Name ...
[Server] Training Image-Based Global Generator...
  Epoch 1/10 | Loss: 6.6719
  Epoch 2/10 | Loss: 6.9677
  Epoch 3/10 | Loss: 6.6052
  Epoch 4/10 | Loss: 6.6159
  Epoch 5/10 | Loss: 6.3648
  Epoch 6/10 | Loss: 6.0817
  Epoch 7/10 | Loss: 6.2408
  Epoch 8/10 | Loss: 5.8516
  Epoch 9/10 | Loss: 6.2413
  Epoch 10/10 | Loss: 5.8366
[Server] Image-Based Global Generator training finished.
[Server] Training Final Global Inference Model ...
Detected 72 global classes: [0, 1, 2, 3, 4, 5, 6, 7, 8, 9, 10, 11, 12, 13, 14, 15, 16, 17, 18, 19, 20, 21, 22, 23, 24, 25, 26, 27, 28, 29, 30, 31, 32, 33, 34, 35, 36, 37, 38, 39, 40, 41, 42, 43, 44, 45, 46, 47, 48, 49, 50, 51, 52, 53, 54, 55, 56, 57, 58, 59, 60, 61, 62, 63, 64, 65, 66, 67, 68, 69, 70, 71]
Epoch 0 Loss: 2.7172
Epoch 1 Loss: 2.0533
Epoch 2 Loss: 1.8349
Epoch 3 Loss: 1.7321
Epoch 4 Loss: 2.4501
[Server] Global Inference Model Acc (MNIST) (Round 22): 22.77% (Tested on 9095 samples)
[Server] Global Inference Model Acc (EMNIST) (Round 22): 13.68% (Tested on 105779 samples)
[Server] Global Inference Model Acc (CIFAR10) (Round 22): 0.15% (Tested on 9100 samples)
[Server] Global Inference Model Acc (Mix) (Round 22): 13.35% (Tested on 123974 samples)
Selected client ids: [0, 1, 2, 3, 4, 5, 6, 7, 8, 9, 10, 11, 12, 13, 14, 15, 16, 17, 18, 19, 20, 21, 22, 23, 24, 25, 26, 27, 28, 29]
--- Round 23 ---
Round 23 | Client 0 | Model: (MLP) | Acc: 94.87%
Round 23 | Client 1 | Model: (CNN) | Acc: 72.09%
Round 23 | Client 2 | Model: (ResNet8) | Acc: 97.96%
Round 23 | Client 3 | Model: (ResNet18) | Acc: 98.98%
Round 23 | Client 4 | Model: (MobileNetV2) | Acc: 94.33%
Round 23 | Client 5 | Model: (MobileNetV3) | Acc: 90.41%
Round 23 | Client 6 | Model: (LeNet) | Acc: 98.58%
Round 23 | Client 7 | Model: (AlexNet) | Acc: 98.00%
Round 23 | Client 8 | Model: (ShuffleNet) | Acc: 68.49%
Round 23 | Client 9 | Model: (SqueezeNet) | Acc: 98.25%
Round 23 | Client 11 | Model: (MLP) | Acc: 80.15%
Round 23 | Client 12 | Model: (CNN) | Acc: 84.75%
Round 23 | Client 13 | Model: (ResNet8) | Acc: 84.22%
Round 23 | Client 14 | Model: (ResNet18) | Acc: 84.59%
Round 23 | Client 15 | Model: (MobileNetV2) | Acc: 84.09%
Round 23 | Client 16 | Model: (MobileNetV3) | Acc: 66.65%
Round 23 | Client 17 | Model: (LeNet) | Acc: 83.96%
Round 23 | Client 18 | Model: (AlexNet) | Acc: 82.99%
Round 23 | Client 19 | Model: (ShuffleNet) | Acc: 83.39%
Round 23 | Client 20 | Model: (SqueezeNet) | Acc: 83.29%
Round 23 | Client 22 | Model: (MLP) | Acc: 40.89%
Round 23 | Client 23 | Model: (CNN) | Acc: 55.71%
Round 23 | Client 24 | Model: (ResNet8) | Acc: 56.32%
Round 23 | Client 25 | Model: (ResNet18) | Acc: 60.82%
Round 23 | Client 26 | Model: (MobileNetV2) | Acc: 40.40%
Round 23 | Client 27 | Model: (MobileNetV3) | Acc: 47.42%
Round 23 | Client 28 | Model: (LeNet) | Acc: 53.47%
Round 23 | Client 29 | Model: (AlexNet) | Acc: 54.38%
Round 23 | Client 30 | Model: (ShuffleNet) | Acc: 38.38%
Round 23 | Client 31 | Model: (SqueezeNet) | Acc: 35.28%
[Server] Aggregating by Dataset Name ...
[Server] Training Image-Based Global Generator...
  Epoch 1/10 | Loss: 6.2168
  Epoch 2/10 | Loss: 6.2611
  Epoch 3/10 | Loss: 5.9671
  Epoch 4/10 | Loss: 5.8128
  Epoch 5/10 | Loss: 5.4971
  Epoch 6/10 | Loss: 5.6882
  Epoch 7/10 | Loss: 5.4380
  Epoch 8/10 | Loss: 5.3209
  Epoch 9/10 | Loss: 5.4325
  Epoch 10/10 | Loss: 5.4983
[Server] Image-Based Global Generator training finished.
[Server] Training Final Global Inference Model ...
Detected 72 global classes: [0, 1, 2, 3, 4, 5, 6, 7, 8, 9, 10, 11, 12, 13, 14, 15, 16, 17, 18, 19, 20, 21, 22, 23, 24, 25, 26, 27, 28, 29, 30, 31, 32, 33, 34, 35, 36, 37, 38, 39, 40, 41, 42, 43, 44, 45, 46, 47, 48, 49, 50, 51, 52, 53, 54, 55, 56, 57, 58, 59, 60, 61, 62, 63, 64, 65, 66, 67, 68, 69, 70, 71]
Epoch 0 Loss: 2.5328
Epoch 1 Loss: 1.8001
Epoch 2 Loss: 1.9343
Epoch 3 Loss: 1.6916
Epoch 4 Loss: 1.9832
[Server] Global Inference Model Acc (MNIST) (Round 23): 18.46% (Tested on 9095 samples)
[Server] Global Inference Model Acc (EMNIST) (Round 23): 9.40% (Tested on 105779 samples)
[Server] Global Inference Model Acc (CIFAR10) (Round 23): 7.12% (Tested on 9100 samples)
[Server] Global Inference Model Acc (Mix) (Round 23): 9.90% (Tested on 123974 samples)
Selected client ids: [0, 1, 2, 3, 4, 5, 6, 7, 8, 9, 10, 11, 12, 13, 14, 15, 16, 17, 18, 19, 20, 21, 22, 23, 24, 25, 26, 27, 28, 29]
--- Round 24 ---
Round 24 | Client 0 | Model: (MLP) | Acc: 91.38%
Round 24 | Client 1 | Model: (CNN) | Acc: 58.36%
Round 24 | Client 2 | Model: (ResNet8) | Acc: 97.62%
Round 24 | Client 3 | Model: (ResNet18) | Acc: 98.42%
Round 24 | Client 4 | Model: (MobileNetV2) | Acc: 94.86%
Round 24 | Client 5 | Model: (MobileNetV3) | Acc: 91.75%
Round 24 | Client 6 | Model: (LeNet) | Acc: 98.03%
Round 24 | Client 7 | Model: (AlexNet) | Acc: 98.53%
Round 24 | Client 8 | Model: (ShuffleNet) | Acc: 67.37%
Round 24 | Client 9 | Model: (SqueezeNet) | Acc: 97.05%
Round 24 | Client 11 | Model: (MLP) | Acc: 80.23%
Round 24 | Client 12 | Model: (CNN) | Acc: 85.12%
Round 24 | Client 13 | Model: (ResNet8) | Acc: 83.00%
Round 24 | Client 14 | Model: (ResNet18) | Acc: 84.37%
Round 24 | Client 15 | Model: (MobileNetV2) | Acc: 83.87%
Round 24 | Client 16 | Model: (MobileNetV3) | Acc: 61.59%
Round 24 | Client 17 | Model: (LeNet) | Acc: 84.08%
Round 24 | Client 18 | Model: (AlexNet) | Acc: 82.91%
Round 24 | Client 19 | Model: (ShuffleNet) | Acc: 83.39%
Round 24 | Client 20 | Model: (SqueezeNet) | Acc: 83.52%
Round 24 | Client 22 | Model: (MLP) | Acc: 42.21%
Round 24 | Client 23 | Model: (CNN) | Acc: 52.31%
Round 24 | Client 24 | Model: (ResNet8) | Acc: 56.53%
Round 24 | Client 25 | Model: (ResNet18) | Acc: 58.93%
Round 24 | Client 26 | Model: (MobileNetV2) | Acc: 39.66%
Round 24 | Client 27 | Model: (MobileNetV3) | Acc: 45.82%
Round 24 | Client 28 | Model: (LeNet) | Acc: 53.91%
Round 24 | Client 29 | Model: (AlexNet) | Acc: 54.70%
Round 24 | Client 30 | Model: (ShuffleNet) | Acc: 39.91%
Round 24 | Client 31 | Model: (SqueezeNet) | Acc: 34.38%
[Server] Aggregating by Dataset Name ...
[Server] Training Image-Based Global Generator...
  Epoch 1/10 | Loss: 7.3087
  Epoch 2/10 | Loss: 6.6330
  Epoch 3/10 | Loss: 6.5831
  Epoch 4/10 | Loss: 6.2574
  Epoch 5/10 | Loss: 6.2176
  Epoch 6/10 | Loss: 5.9044
  Epoch 7/10 | Loss: 6.1881
  Epoch 8/10 | Loss: 5.7813
  Epoch 9/10 | Loss: 6.0636
  Epoch 10/10 | Loss: 5.7942
[Server] Image-Based Global Generator training finished.
[Server] Training Final Global Inference Model ...
Detected 72 global classes: [0, 1, 2, 3, 4, 5, 6, 7, 8, 9, 10, 11, 12, 13, 14, 15, 16, 17, 18, 19, 20, 21, 22, 23, 24, 25, 26, 27, 28, 29, 30, 31, 32, 33, 34, 35, 36, 37, 38, 39, 40, 41, 42, 43, 44, 45, 46, 47, 48, 49, 50, 51, 52, 53, 54, 55, 56, 57, 58, 59, 60, 61, 62, 63, 64, 65, 66, 67, 68, 69, 70, 71]
Epoch 0 Loss: 1.9507
Epoch 1 Loss: 1.8156
Epoch 2 Loss: 1.8289
Epoch 3 Loss: 1.4654
Epoch 4 Loss: 1.3463
[Server] Global Inference Model Acc (MNIST) (Round 24): 27.00% (Tested on 9095 samples)
[Server] Global Inference Model Acc (EMNIST) (Round 24): 14.12% (Tested on 105779 samples)
[Server] Global Inference Model Acc (CIFAR10) (Round 24): 0.02% (Tested on 9100 samples)
[Server] Global Inference Model Acc (Mix) (Round 24): 14.03% (Tested on 123974 samples)
Selected client ids: [0, 1, 2, 3, 4, 5, 6, 7, 8, 9, 10, 11, 12, 13, 14, 15, 16, 17, 18, 19, 20, 21, 22, 23, 24, 25, 26, 27, 28, 29]
--- Round 25 ---
Round 25 | Client 0 | Model: (MLP) | Acc: 94.44%
Round 25 | Client 1 | Model: (CNN) | Acc: 96.68%
Round 25 | Client 2 | Model: (ResNet8) | Acc: 98.53%
Round 25 | Client 3 | Model: (ResNet18) | Acc: 96.83%
Round 25 | Client 4 | Model: (MobileNetV2) | Acc: 95.07%
Round 25 | Client 5 | Model: (MobileNetV3) | Acc: 89.74%
Round 25 | Client 6 | Model: (LeNet) | Acc: 98.58%
Round 25 | Client 7 | Model: (AlexNet) | Acc: 96.42%
Round 25 | Client 8 | Model: (ShuffleNet) | Acc: 69.93%
Round 25 | Client 9 | Model: (SqueezeNet) | Acc: 97.60%
Round 25 | Client 11 | Model: (MLP) | Acc: 80.32%
Round 25 | Client 12 | Model: (CNN) | Acc: 84.70%
Round 25 | Client 13 | Model: (ResNet8) | Acc: 83.98%
Round 25 | Client 14 | Model: (ResNet18) | Acc: 83.83%
Round 25 | Client 15 | Model: (MobileNetV2) | Acc: 84.57%
Round 25 | Client 16 | Model: (MobileNetV3) | Acc: 78.18%
Round 25 | Client 17 | Model: (LeNet) | Acc: 84.32%
Round 25 | Client 18 | Model: (AlexNet) | Acc: 82.52%
Round 25 | Client 19 | Model: (ShuffleNet) | Acc: 83.43%
Round 25 | Client 20 | Model: (SqueezeNet) | Acc: 82.85%
Round 25 | Client 22 | Model: (MLP) | Acc: 41.13%
Round 25 | Client 23 | Model: (CNN) | Acc: 61.32%
Round 25 | Client 24 | Model: (ResNet8) | Acc: 57.07%
Round 25 | Client 25 | Model: (ResNet18) | Acc: 59.93%
Round 25 | Client 26 | Model: (MobileNetV2) | Acc: 40.50%
Round 25 | Client 27 | Model: (MobileNetV3) | Acc: 45.92%
Round 25 | Client 28 | Model: (LeNet) | Acc: 52.04%
Round 25 | Client 29 | Model: (AlexNet) | Acc: 55.89%
Round 25 | Client 30 | Model: (ShuffleNet) | Acc: 39.25%
Round 25 | Client 31 | Model: (SqueezeNet) | Acc: 41.01%
[Server] Aggregating by Dataset Name ...
[Server] Training Image-Based Global Generator...
  Epoch 1/10 | Loss: 6.0812
  Epoch 2/10 | Loss: 6.1155
  Epoch 3/10 | Loss: 5.8906
  Epoch 4/10 | Loss: 5.8440
  Epoch 5/10 | Loss: 5.8229
  Epoch 6/10 | Loss: 5.5911
  Epoch 7/10 | Loss: 5.6305
  Epoch 8/10 | Loss: 5.1870
  Epoch 9/10 | Loss: 5.4437
  Epoch 10/10 | Loss: 4.6706
[Server] Image-Based Global Generator training finished.
[Server] Training Final Global Inference Model ...
Detected 72 global classes: [0, 1, 2, 3, 4, 5, 6, 7, 8, 9, 10, 11, 12, 13, 14, 15, 16, 17, 18, 19, 20, 21, 22, 23, 24, 25, 26, 27, 28, 29, 30, 31, 32, 33, 34, 35, 36, 37, 38, 39, 40, 41, 42, 43, 44, 45, 46, 47, 48, 49, 50, 51, 52, 53, 54, 55, 56, 57, 58, 59, 60, 61, 62, 63, 64, 65, 66, 67, 68, 69, 70, 71]
Epoch 0 Loss: 1.8865
Epoch 1 Loss: 1.3498
Epoch 2 Loss: 1.2572
Epoch 3 Loss: 1.1368
Epoch 4 Loss: 1.2396
[Server] Global Inference Model Acc (MNIST) (Round 25): 25.09% (Tested on 9095 samples)
[Server] Global Inference Model Acc (EMNIST) (Round 25): 13.90% (Tested on 105779 samples)
[Server] Global Inference Model Acc (CIFAR10) (Round 25): 0.24% (Tested on 9100 samples)
[Server] Global Inference Model Acc (Mix) (Round 25): 13.72% (Tested on 123974 samples)
Selected client ids: [0, 1, 2, 3, 4, 5, 6, 7, 8, 9, 10, 11, 12, 13, 14, 15, 16, 17, 18, 19, 20, 21, 22, 23, 24, 25, 26, 27, 28, 29]
--- Round 26 ---
Round 26 | Client 0 | Model: (MLP) | Acc: 95.42%
Round 26 | Client 1 | Model: (CNN) | Acc: 84.27%
Round 26 | Client 2 | Model: (ResNet8) | Acc: 98.64%
Round 26 | Client 3 | Model: (ResNet18) | Acc: 97.96%
Round 26 | Client 4 | Model: (MobileNetV2) | Acc: 94.43%
Round 26 | Client 5 | Model: (MobileNetV3) | Acc: 90.41%
Round 26 | Client 6 | Model: (LeNet) | Acc: 98.14%
Round 26 | Client 7 | Model: (AlexNet) | Acc: 98.63%
Round 26 | Client 8 | Model: (ShuffleNet) | Acc: 69.60%
Round 26 | Client 9 | Model: (SqueezeNet) | Acc: 96.94%
Round 26 | Client 11 | Model: (MLP) | Acc: 80.61%
Round 26 | Client 12 | Model: (CNN) | Acc: 84.89%
Round 26 | Client 13 | Model: (ResNet8) | Acc: 83.76%
Round 26 | Client 14 | Model: (ResNet18) | Acc: 83.83%
Round 26 | Client 15 | Model: (MobileNetV2) | Acc: 83.74%
Round 26 | Client 16 | Model: (MobileNetV3) | Acc: 77.88%
Round 26 | Client 17 | Model: (LeNet) | Acc: 84.47%
Round 26 | Client 18 | Model: (AlexNet) | Acc: 82.55%
Round 26 | Client 19 | Model: (ShuffleNet) | Acc: 83.57%
Round 26 | Client 20 | Model: (SqueezeNet) | Acc: 83.58%
Round 26 | Client 22 | Model: (MLP) | Acc: 38.25%
Round 26 | Client 23 | Model: (CNN) | Acc: 40.22%
Round 26 | Client 24 | Model: (ResNet8) | Acc: 55.67%
Round 26 | Client 25 | Model: (ResNet18) | Acc: 59.16%
Round 26 | Client 26 | Model: (MobileNetV2) | Acc: 40.19%
Round 26 | Client 27 | Model: (MobileNetV3) | Acc: 45.39%
Round 26 | Client 28 | Model: (LeNet) | Acc: 53.25%
Round 26 | Client 29 | Model: (AlexNet) | Acc: 53.51%
Round 26 | Client 30 | Model: (ShuffleNet) | Acc: 37.28%
Round 26 | Client 31 | Model: (SqueezeNet) | Acc: 38.43%
[Server] Aggregating by Dataset Name ...
[Server] Training Image-Based Global Generator...
  Epoch 1/10 | Loss: 6.2361
  Epoch 2/10 | Loss: 6.1310
  Epoch 3/10 | Loss: 6.1258
  Epoch 4/10 | Loss: 6.1787
  Epoch 5/10 | Loss: 5.6502
  Epoch 6/10 | Loss: 5.4373
  Epoch 7/10 | Loss: 5.8188
  Epoch 8/10 | Loss: 5.3678
  Epoch 9/10 | Loss: 5.5421
  Epoch 10/10 | Loss: 5.4830
[Server] Image-Based Global Generator training finished.
[Server] Training Final Global Inference Model ...
Detected 72 global classes: [0, 1, 2, 3, 4, 5, 6, 7, 8, 9, 10, 11, 12, 13, 14, 15, 16, 17, 18, 19, 20, 21, 22, 23, 24, 25, 26, 27, 28, 29, 30, 31, 32, 33, 34, 35, 36, 37, 38, 39, 40, 41, 42, 43, 44, 45, 46, 47, 48, 49, 50, 51, 52, 53, 54, 55, 56, 57, 58, 59, 60, 61, 62, 63, 64, 65, 66, 67, 68, 69, 70, 71]
Epoch 0 Loss: 1.6101
Epoch 1 Loss: 1.2144
Epoch 2 Loss: 0.9855
Epoch 3 Loss: 1.0877
Epoch 4 Loss: 0.9678
[Server] Global Inference Model Acc (MNIST) (Round 26): 12.15% (Tested on 9095 samples)
[Server] Global Inference Model Acc (EMNIST) (Round 26): 7.59% (Tested on 105779 samples)
[Server] Global Inference Model Acc (CIFAR10) (Round 26): 4.86% (Tested on 9100 samples)
[Server] Global Inference Model Acc (Mix) (Round 26): 7.72% (Tested on 123974 samples)
Selected client ids: [0, 1, 2, 3, 4, 5, 6, 7, 8, 9, 10, 11, 12, 13, 14, 15, 16, 17, 18, 19, 20, 21, 22, 23, 24, 25, 26, 27, 28, 29]
--- Round 27 ---
Round 27 | Client 0 | Model: (MLP) | Acc: 94.55%
Round 27 | Client 1 | Model: (CNN) | Acc: 92.47%
Round 27 | Client 2 | Model: (ResNet8) | Acc: 98.75%
Round 27 | Client 3 | Model: (ResNet18) | Acc: 99.10%
Round 27 | Client 4 | Model: (MobileNetV2) | Acc: 96.04%
Round 27 | Client 5 | Model: (MobileNetV3) | Acc: 90.97%
Round 27 | Client 6 | Model: (LeNet) | Acc: 98.36%
Round 27 | Client 7 | Model: (AlexNet) | Acc: 98.53%
Round 27 | Client 8 | Model: (ShuffleNet) | Acc: 71.38%
Round 27 | Client 9 | Model: (SqueezeNet) | Acc: 97.92%
Round 27 | Client 11 | Model: (MLP) | Acc: 80.42%
Round 27 | Client 12 | Model: (CNN) | Acc: 85.43%
Round 27 | Client 13 | Model: (ResNet8) | Acc: 82.69%
Round 27 | Client 14 | Model: (ResNet18) | Acc: 83.83%
Round 27 | Client 15 | Model: (MobileNetV2) | Acc: 84.36%
Round 27 | Client 16 | Model: (MobileNetV3) | Acc: 78.87%
Round 27 | Client 17 | Model: (LeNet) | Acc: 83.86%
Round 27 | Client 18 | Model: (AlexNet) | Acc: 82.29%
Round 27 | Client 19 | Model: (ShuffleNet) | Acc: 84.03%
Round 27 | Client 20 | Model: (SqueezeNet) | Acc: 83.21%
Round 27 | Client 22 | Model: (MLP) | Acc: 40.65%
Round 27 | Client 23 | Model: (CNN) | Acc: 56.26%
Round 27 | Client 24 | Model: (ResNet8) | Acc: 53.64%
Round 27 | Client 25 | Model: (ResNet18) | Acc: 58.60%
Round 27 | Client 26 | Model: (MobileNetV2) | Acc: 38.72%
Round 27 | Client 27 | Model: (MobileNetV3) | Acc: 47.32%
Round 27 | Client 28 | Model: (LeNet) | Acc: 53.03%
Round 27 | Client 29 | Model: (AlexNet) | Acc: 54.16%
Round 27 | Client 30 | Model: (ShuffleNet) | Acc: 38.38%
Round 27 | Client 31 | Model: (SqueezeNet) | Acc: 37.08%
[Server] Aggregating by Dataset Name ...
[Server] Training Image-Based Global Generator...
  Epoch 1/10 | Loss: 5.1074
  Epoch 2/10 | Loss: 5.3568
  Epoch 3/10 | Loss: 5.2655
  Epoch 4/10 | Loss: 5.3709
  Epoch 5/10 | Loss: 5.2120
  Epoch 6/10 | Loss: 5.1539
  Epoch 7/10 | Loss: 4.6856
  Epoch 8/10 | Loss: 4.9344
  Epoch 9/10 | Loss: 4.8553
  Epoch 10/10 | Loss: 4.9525
[Server] Image-Based Global Generator training finished.
[Server] Training Final Global Inference Model ...
Detected 72 global classes: [0, 1, 2, 3, 4, 5, 6, 7, 8, 9, 10, 11, 12, 13, 14, 15, 16, 17, 18, 19, 20, 21, 22, 23, 24, 25, 26, 27, 28, 29, 30, 31, 32, 33, 34, 35, 36, 37, 38, 39, 40, 41, 42, 43, 44, 45, 46, 47, 48, 49, 50, 51, 52, 53, 54, 55, 56, 57, 58, 59, 60, 61, 62, 63, 64, 65, 66, 67, 68, 69, 70, 71]
Epoch 0 Loss: 1.1562
Epoch 1 Loss: 0.8934
Epoch 2 Loss: 0.7844
Epoch 3 Loss: 0.7528
Epoch 4 Loss: 0.8066
[Server] Global Inference Model Acc (MNIST) (Round 27): 18.02% (Tested on 9095 samples)
[Server] Global Inference Model Acc (EMNIST) (Round 27): 11.16% (Tested on 105779 samples)
[Server] Global Inference Model Acc (CIFAR10) (Round 27): 1.15% (Tested on 9100 samples)
[Server] Global Inference Model Acc (Mix) (Round 27): 10.93% (Tested on 123974 samples)
Selected client ids: [0, 1, 2, 3, 4, 5, 6, 7, 8, 9, 10, 11, 12, 13, 14, 15, 16, 17, 18, 19, 20, 21, 22, 23, 24, 25, 26, 27, 28, 29]
--- Round 28 ---
Round 28 | Client 0 | Model: (MLP) | Acc: 94.66%
Round 28 | Client 1 | Model: (CNN) | Acc: 96.79%
Round 28 | Client 2 | Model: (ResNet8) | Acc: 98.75%
Round 28 | Client 3 | Model: (ResNet18) | Acc: 98.53%
Round 28 | Client 4 | Model: (MobileNetV2) | Acc: 95.18%
Round 28 | Client 5 | Model: (MobileNetV3) | Acc: 90.08%
Round 28 | Client 6 | Model: (LeNet) | Acc: 97.59%
Round 28 | Client 7 | Model: (AlexNet) | Acc: 98.42%
Round 28 | Client 8 | Model: (ShuffleNet) | Acc: 70.38%
Round 28 | Client 9 | Model: (SqueezeNet) | Acc: 96.83%
Round 28 | Client 11 | Model: (MLP) | Acc: 80.22%
Round 28 | Client 12 | Model: (CNN) | Acc: 84.84%
Round 28 | Client 13 | Model: (ResNet8) | Acc: 82.92%
Round 28 | Client 14 | Model: (ResNet18) | Acc: 83.79%
Round 28 | Client 15 | Model: (MobileNetV2) | Acc: 84.60%
Round 28 | Client 16 | Model: (MobileNetV3) | Acc: 76.74%
Round 28 | Client 17 | Model: (LeNet) | Acc: 83.79%
Round 28 | Client 18 | Model: (AlexNet) | Acc: 82.19%
Round 28 | Client 19 | Model: (ShuffleNet) | Acc: 83.32%
Round 28 | Client 20 | Model: (SqueezeNet) | Acc: 83.36%
Round 28 | Client 22 | Model: (MLP) | Acc: 40.17%
Round 28 | Client 23 | Model: (CNN) | Acc: 61.76%
Round 28 | Client 24 | Model: (ResNet8) | Acc: 57.82%
Round 28 | Client 25 | Model: (ResNet18) | Acc: 62.71%
Round 28 | Client 26 | Model: (MobileNetV2) | Acc: 41.55%
Round 28 | Client 27 | Model: (MobileNetV3) | Acc: 47.10%
Round 28 | Client 28 | Model: (LeNet) | Acc: 53.58%
Round 28 | Client 29 | Model: (AlexNet) | Acc: 54.70%
Round 28 | Client 30 | Model: (ShuffleNet) | Acc: 40.02%
Round 28 | Client 31 | Model: (SqueezeNet) | Acc: 37.75%
[Server] Aggregating by Dataset Name ...
[Server] Training Image-Based Global Generator...
  Epoch 1/10 | Loss: 5.5734
  Epoch 2/10 | Loss: 5.3309
  Epoch 3/10 | Loss: 5.1484
  Epoch 4/10 | Loss: 4.9922
  Epoch 5/10 | Loss: 5.1338
  Epoch 6/10 | Loss: 4.9772
  Epoch 7/10 | Loss: 4.8531
  Epoch 8/10 | Loss: 4.9388
  Epoch 9/10 | Loss: 4.5420
  Epoch 10/10 | Loss: 4.4963
[Server] Image-Based Global Generator training finished.
[Server] Training Final Global Inference Model ...
Detected 72 global classes: [0, 1, 2, 3, 4, 5, 6, 7, 8, 9, 10, 11, 12, 13, 14, 15, 16, 17, 18, 19, 20, 21, 22, 23, 24, 25, 26, 27, 28, 29, 30, 31, 32, 33, 34, 35, 36, 37, 38, 39, 40, 41, 42, 43, 44, 45, 46, 47, 48, 49, 50, 51, 52, 53, 54, 55, 56, 57, 58, 59, 60, 61, 62, 63, 64, 65, 66, 67, 68, 69, 70, 71]
Epoch 0 Loss: 0.9954
Epoch 1 Loss: 0.7483
Epoch 2 Loss: 1.0698
Epoch 3 Loss: 0.5300
Epoch 4 Loss: 0.8167
[Server] Global Inference Model Acc (MNIST) (Round 28): 23.03% (Tested on 9095 samples)
[Server] Global Inference Model Acc (EMNIST) (Round 28): 11.82% (Tested on 105779 samples)
[Server] Global Inference Model Acc (CIFAR10) (Round 28): 0.45% (Tested on 9100 samples)
[Server] Global Inference Model Acc (Mix) (Round 28): 11.81% (Tested on 123974 samples)
Selected client ids: [0, 1, 2, 3, 4, 5, 6, 7, 8, 9, 10, 11, 12, 13, 14, 15, 16, 17, 18, 19, 20, 21, 22, 23, 24, 25, 26, 27, 28, 29]
--- Round 29 ---
Round 29 | Client 0 | Model: (MLP) | Acc: 94.66%
Round 29 | Client 1 | Model: (CNN) | Acc: 94.80%
Round 29 | Client 2 | Model: (ResNet8) | Acc: 98.87%
Round 29 | Client 3 | Model: (ResNet18) | Acc: 99.21%
Round 29 | Client 4 | Model: (MobileNetV2) | Acc: 96.36%
Round 29 | Client 5 | Model: (MobileNetV3) | Acc: 90.41%
Round 29 | Client 6 | Model: (LeNet) | Acc: 98.36%
Round 29 | Client 7 | Model: (AlexNet) | Acc: 98.32%
Round 29 | Client 8 | Model: (ShuffleNet) | Acc: 71.16%
Round 29 | Client 9 | Model: (SqueezeNet) | Acc: 97.16%
Round 29 | Client 11 | Model: (MLP) | Acc: 79.95%
Round 29 | Client 12 | Model: (CNN) | Acc: 85.40%
Round 29 | Client 13 | Model: (ResNet8) | Acc: 83.47%
Round 29 | Client 14 | Model: (ResNet18) | Acc: 83.87%
Round 29 | Client 15 | Model: (MobileNetV2) | Acc: 84.76%
Round 29 | Client 16 | Model: (MobileNetV3) | Acc: 77.69%
Round 29 | Client 17 | Model: (LeNet) | Acc: 83.99%
Round 29 | Client 18 | Model: (AlexNet) | Acc: 82.46%
Round 29 | Client 19 | Model: (ShuffleNet) | Acc: 83.76%
Round 29 | Client 20 | Model: (SqueezeNet) | Acc: 83.50%
Round 29 | Client 22 | Model: (MLP) | Acc: 40.77%
Round 29 | Client 23 | Model: (CNN) | Acc: 59.67%
Round 29 | Client 24 | Model: (ResNet8) | Acc: 60.49%
Round 29 | Client 25 | Model: (ResNet18) | Acc: 62.04%
Round 29 | Client 26 | Model: (MobileNetV2) | Acc: 40.08%
Round 29 | Client 27 | Model: (MobileNetV3) | Acc: 47.32%
Round 29 | Client 28 | Model: (LeNet) | Acc: 54.35%
Round 29 | Client 29 | Model: (AlexNet) | Acc: 57.08%
Round 29 | Client 30 | Model: (ShuffleNet) | Acc: 36.29%
Round 29 | Client 31 | Model: (SqueezeNet) | Acc: 40.00%
[Server] Aggregating by Dataset Name ...
[Server] Training Image-Based Global Generator...
  Epoch 1/10 | Loss: 4.9120
  Epoch 2/10 | Loss: 5.0277
  Epoch 3/10 | Loss: 4.7034
  Epoch 4/10 | Loss: 4.6262
  Epoch 5/10 | Loss: 4.6370
  Epoch 6/10 | Loss: 4.5603
  Epoch 7/10 | Loss: 4.3414
  Epoch 8/10 | Loss: 4.4674
  Epoch 9/10 | Loss: 4.2042
  Epoch 10/10 | Loss: 4.3624
[Server] Image-Based Global Generator training finished.
[Server] Training Final Global Inference Model ...
Detected 72 global classes: [0, 1, 2, 3, 4, 5, 6, 7, 8, 9, 10, 11, 12, 13, 14, 15, 16, 17, 18, 19, 20, 21, 22, 23, 24, 25, 26, 27, 28, 29, 30, 31, 32, 33, 34, 35, 36, 37, 38, 39, 40, 41, 42, 43, 44, 45, 46, 47, 48, 49, 50, 51, 52, 53, 54, 55, 56, 57, 58, 59, 60, 61, 62, 63, 64, 65, 66, 67, 68, 69, 70, 71]
Epoch 0 Loss: 0.6664
Epoch 1 Loss: 0.5326
Epoch 2 Loss: 0.7178
Epoch 3 Loss: 0.5290
Epoch 4 Loss: 0.5656
[Server] Global Inference Model Acc (MNIST) (Round 29): 17.16% (Tested on 9095 samples)
[Server] Global Inference Model Acc (EMNIST) (Round 29): 10.50% (Tested on 105779 samples)
[Server] Global Inference Model Acc (CIFAR10) (Round 29): 0.93% (Tested on 9100 samples)
[Server] Global Inference Model Acc (Mix) (Round 29): 10.29% (Tested on 123974 samples)
Selected client ids: [0, 1, 2, 3, 4, 5, 6, 7, 8, 9, 10, 11, 12, 13, 14, 15, 16, 17, 18, 19, 20, 21, 22, 23, 24, 25, 26, 27, 28, 29]
--- Round 30 ---
Round 30 | Client 0 | Model: (MLP) | Acc: 95.64%
Round 30 | Client 1 | Model: (CNN) | Acc: 94.02%
Round 30 | Client 2 | Model: (ResNet8) | Acc: 98.53%
Round 30 | Client 3 | Model: (ResNet18) | Acc: 98.87%
Round 30 | Client 4 | Model: (MobileNetV2) | Acc: 94.43%
Round 30 | Client 5 | Model: (MobileNetV3) | Acc: 92.64%
Round 30 | Client 6 | Model: (LeNet) | Acc: 97.48%
Round 30 | Client 7 | Model: (AlexNet) | Acc: 98.53%
Round 30 | Client 8 | Model: (ShuffleNet) | Acc: 71.38%
Round 30 | Client 9 | Model: (SqueezeNet) | Acc: 97.49%
Round 30 | Client 11 | Model: (MLP) | Acc: 80.47%
Round 30 | Client 12 | Model: (CNN) | Acc: 84.89%
Round 30 | Client 13 | Model: (ResNet8) | Acc: 83.04%
Round 30 | Client 14 | Model: (ResNet18) | Acc: 84.01%
Round 30 | Client 15 | Model: (MobileNetV2) | Acc: 84.40%
Round 30 | Client 16 | Model: (MobileNetV3) | Acc: 79.34%
Round 30 | Client 17 | Model: (LeNet) | Acc: 83.74%
Round 30 | Client 18 | Model: (AlexNet) | Acc: 82.60%
Round 30 | Client 19 | Model: (ShuffleNet) | Acc: 83.60%
Round 30 | Client 20 | Model: (SqueezeNet) | Acc: 83.07%
Round 30 | Client 22 | Model: (MLP) | Acc: 41.01%
Round 30 | Client 23 | Model: (CNN) | Acc: 63.85%
Round 30 | Client 24 | Model: (ResNet8) | Acc: 59.96%
Round 30 | Client 25 | Model: (ResNet18) | Acc: 62.04%
Round 30 | Client 26 | Model: (MobileNetV2) | Acc: 40.92%
Round 30 | Client 27 | Model: (MobileNetV3) | Acc: 45.39%
Round 30 | Client 28 | Model: (LeNet) | Acc: 52.81%
Round 30 | Client 29 | Model: (AlexNet) | Acc: 52.22%
Round 30 | Client 30 | Model: (ShuffleNet) | Acc: 37.94%
Round 30 | Client 31 | Model: (SqueezeNet) | Acc: 40.45%
[Server] Aggregating by Dataset Name ...
[Server] Training Image-Based Global Generator...
  Epoch 1/10 | Loss: 4.8043
  Epoch 2/10 | Loss: 4.6942
  Epoch 3/10 | Loss: 4.6612
  Epoch 4/10 | Loss: 4.7108
  Epoch 5/10 | Loss: 4.5209
  Epoch 6/10 | Loss: 4.5690
  Epoch 7/10 | Loss: 4.5473
  Epoch 8/10 | Loss: 4.5763
  Epoch 9/10 | Loss: 4.5045
  Epoch 10/10 | Loss: 4.3593
[Server] Image-Based Global Generator training finished.
[Server] Training Final Global Inference Model ...
Detected 72 global classes: [0, 1, 2, 3, 4, 5, 6, 7, 8, 9, 10, 11, 12, 13, 14, 15, 16, 17, 18, 19, 20, 21, 22, 23, 24, 25, 26, 27, 28, 29, 30, 31, 32, 33, 34, 35, 36, 37, 38, 39, 40, 41, 42, 43, 44, 45, 46, 47, 48, 49, 50, 51, 52, 53, 54, 55, 56, 57, 58, 59, 60, 61, 62, 63, 64, 65, 66, 67, 68, 69, 70, 71]
Epoch 0 Loss: 0.7232
Epoch 1 Loss: 0.5833
Epoch 2 Loss: 0.4441
Epoch 3 Loss: 0.6166
Epoch 4 Loss: 0.4732
[Server] Global Inference Model Acc (MNIST) (Round 30): 24.07% (Tested on 9095 samples)
[Server] Global Inference Model Acc (EMNIST) (Round 30): 13.78% (Tested on 105779 samples)
[Server] Global Inference Model Acc (CIFAR10) (Round 30): 0.51% (Tested on 9100 samples)
[Server] Global Inference Model Acc (Mix) (Round 30): 13.56% (Tested on 123974 samples)
Saving UDON Server Checkpoints ...
[Server] All clients saved in logs/2026-05-13_21-53-32/Ours/clients_last_round_checkpoints/
==============================    Finished. Total Time: 1:18:40    ==============================
