Time: 2026-06-21 14:39:52
Log Dir: logs/2026-06-21_14-39-52/GeFL_DDIM_baseline_total
================================================================================

==============================        Args        ==============================
  exp_timestamp: None
  exp_conf: ./configs/het-iid-exp.yaml
  device: cuda:1
  seed: 15698
  algorithm: GeFL_DDIM_baseline_total
  num_new_clients: 1
  num_train_mnist: 10
  num_train_emnist: 10
  num_train_fashionmnist: 0
  num_train_cifar10: 0
  num_train_cifar100: 0
  num_train_usps: 0
  label_mapping: class_name
================================================================================
==============================    Exp Configs     ==============================
exp_name: model-heterogeneity
heterogeneous: true
dirichlet_alpha: 100
global_rounds: 30
local_epochs: 1
local_loss_fn: CrossEntropyLoss
local_optim: Adam
local_lr: 0.001
batch_size: 64
sample_frac: 1.0
test_interval: 1
metric_type: accuracy
global_feature_dim: 256
optim: Adam
optim_lr: 0.001
global_gen_epochs: 10
gen_noise_dim: 128
gen_optim: Adam
gen_optim_lr: 0.001
global_feat_gen_epochs: 10
feat_gen_noise_dim: 128
feat_gen_optim: Adam
feat_gen_optim_lr: 0.001
feat_gen_div_beta: 1.0
public_data_ratio: 0.05
start_mapping_epoch: 20
gen_observer_weight: 0.0
index_matching: ddpm
aggregate_method: dataset_name
use_new_entropy_method: true
entropy_ratio: 0.7
cs_threshold: 0.9
global_model_epochs: 5
global_model_optim: Adam
global_model_optim_lr: 0.001
global_samples_per_class: 64

================================================================================

==================================================
Start 30 rounds training by GeFL_DDIM_baseline_total
Selected client ids: [0, 1, 2, 3, 4, 5, 6, 7, 8, 9, 10, 11, 12, 13, 14, 15, 16, 17, 18, 19]
--- Round 1 ---
Client 0 (MNIST) | Target Loss: 0.9788 | DDIM Loss: 0.0651
Client 1 (MNIST) | Target Loss: 1.5277 | DDIM Loss: 0.0673
Client 2 (MNIST) | Target Loss: 0.7892 | DDIM Loss: 0.0679
Client 3 (MNIST) | Target Loss: 0.4603 | DDIM Loss: 0.0700
Client 4 (MNIST) | Target Loss: 1.6556 | DDIM Loss: 0.0700
Client 5 (MNIST) | Target Loss: 1.6937 | DDIM Loss: 0.0714
Client 6 (MNIST) | Target Loss: 1.4368 | DDIM Loss: 0.0678
Client 7 (MNIST) | Target Loss: 1.3673 | DDIM Loss: 0.0682
Client 8 (MNIST) | Target Loss: 1.7078 | DDIM Loss: 0.0672
Client 9 (MNIST) | Target Loss: 1.9347 | DDIM Loss: 0.0683
Client 11 (EMNIST) | Target Loss: 1.2109 | DDIM Loss: 0.0194
Client 12 (EMNIST) | Target Loss: 1.3460 | DDIM Loss: 0.0193
Client 13 (EMNIST) | Target Loss: 0.9291 | DDIM Loss: 0.0195
Client 14 (EMNIST) | Target Loss: 0.7608 | DDIM Loss: 0.0192
Client 15 (EMNIST) | Target Loss: 1.4010 | DDIM Loss: 0.0196
Client 16 (EMNIST) | Target Loss: 2.0937 | DDIM Loss: 0.0202
Client 17 (EMNIST) | Target Loss: 1.2046 | DDIM Loss: 0.0193
Client 18 (EMNIST) | Target Loss: 1.2847 | DDIM Loss: 0.0194
Client 19 (EMNIST) | Target Loss: 1.6791 | DDIM Loss: 0.0191
Client 20 (EMNIST) | Target Loss: 1.5928 | DDIM Loss: 0.0196
Selected client ids: [0, 1, 2, 3, 4, 5, 6, 7, 8, 9, 10, 11, 12, 13, 14, 15, 16, 17, 18, 19]
--- Round 2 ---
Client 0 (MNIST) | Target Loss: 0.4241 | DDIM Loss: 0.0421
Client 1 (MNIST) | Target Loss: 0.5285 | DDIM Loss: 0.0453
Client 2 (MNIST) | Target Loss: 0.1677 | DDIM Loss: 0.0469
Client 3 (MNIST) | Target Loss: 0.1572 | DDIM Loss: 0.0484
Client 4 (MNIST) | Target Loss: 0.6613 | DDIM Loss: 0.0433
Client 5 (MNIST) | Target Loss: 1.1892 | DDIM Loss: 0.0449
Client 6 (MNIST) | Target Loss: 0.4050 | DDIM Loss: 0.0427
Client 7 (MNIST) | Target Loss: 0.3265 | DDIM Loss: 0.0436
Client 8 (MNIST) | Target Loss: 0.9994 | DDIM Loss: 0.0450
Client 9 (MNIST) | Target Loss: 1.0743 | DDIM Loss: 0.0487
Client 11 (EMNIST) | Target Loss: 0.7408 | DDIM Loss: 0.0171
Client 12 (EMNIST) | Target Loss: 0.6790 | DDIM Loss: 0.0171
Client 13 (EMNIST) | Target Loss: 0.5039 | DDIM Loss: 0.0161
Client 14 (EMNIST) | Target Loss: 0.4697 | DDIM Loss: 0.0170
Client 15 (EMNIST) | Target Loss: 0.7188 | DDIM Loss: 0.0165
Client 16 (EMNIST) | Target Loss: 1.3063 | DDIM Loss: 0.0166
Client 17 (EMNIST) | Target Loss: 0.6058 | DDIM Loss: 0.0169
Client 18 (EMNIST) | Target Loss: 0.4964 | DDIM Loss: 0.0174
Client 19 (EMNIST) | Target Loss: 0.8277 | DDIM Loss: 0.0171
Client 20 (EMNIST) | Target Loss: 0.8074 | DDIM Loss: 0.0169
Selected client ids: [0, 1, 2, 3, 4, 5, 6, 7, 8, 9, 10, 11, 12, 13, 14, 15, 16, 17, 18, 19]
--- Round 3 ---
Client 0 (MNIST) | Target Loss: 0.3369 | DDIM Loss: 0.0203
Client 1 (MNIST) | Target Loss: 0.2519 | DDIM Loss: 0.0205
Client 2 (MNIST) | Target Loss: 0.1249 | DDIM Loss: 0.0209
Client 3 (MNIST) | Target Loss: 0.0965 | DDIM Loss: 0.0209
Client 4 (MNIST) | Target Loss: 0.3757 | DDIM Loss: 0.0204
Client 5 (MNIST) | Target Loss: 0.9093 | DDIM Loss: 0.0222
Client 6 (MNIST) | Target Loss: 0.2360 | DDIM Loss: 0.0206
Client 7 (MNIST) | Target Loss: 0.1860 | DDIM Loss: 0.0201
Client 8 (MNIST) | Target Loss: 0.8922 | DDIM Loss: 0.0211
Client 9 (MNIST) | Target Loss: 0.6940 | DDIM Loss: 0.0208
Client 11 (EMNIST) | Target Loss: 0.6461 | DDIM Loss: 0.0124
Client 12 (EMNIST) | Target Loss: 0.5795 | DDIM Loss: 0.0123
Client 13 (EMNIST) | Target Loss: 0.4447 | DDIM Loss: 0.0126
Client 14 (EMNIST) | Target Loss: 0.4243 | DDIM Loss: 0.0123
Client 15 (EMNIST) | Target Loss: 0.6245 | DDIM Loss: 0.0124
Client 16 (EMNIST) | Target Loss: 1.0542 | DDIM Loss: 0.0124
Client 17 (EMNIST) | Target Loss: 0.5243 | DDIM Loss: 0.0123
Client 18 (EMNIST) | Target Loss: 0.4381 | DDIM Loss: 0.0123
Client 19 (EMNIST) | Target Loss: 0.6804 | DDIM Loss: 0.0121
Client 20 (EMNIST) | Target Loss: 0.6730 | DDIM Loss: 0.0123
Selected client ids: [0, 1, 2, 3, 4, 5, 6, 7, 8, 9, 10, 11, 12, 13, 14, 15, 16, 17, 18, 19]
--- Round 4 ---
Client 0 (MNIST) | Target Loss: 0.3123 | DDIM Loss: 0.0165
Client 1 (MNIST) | Target Loss: 0.1578 | DDIM Loss: 0.0167
Client 2 (MNIST) | Target Loss: 0.0771 | DDIM Loss: 0.0169
Client 3 (MNIST) | Target Loss: 0.1146 | DDIM Loss: 0.0187
Client 4 (MNIST) | Target Loss: 0.2718 | DDIM Loss: 0.0165
Client 5 (MNIST) | Target Loss: 0.7333 | DDIM Loss: 0.0165
Client 6 (MNIST) | Target Loss: 0.1743 | DDIM Loss: 0.0163
Client 7 (MNIST) | Target Loss: 0.1323 | DDIM Loss: 0.0163
Client 8 (MNIST) | Target Loss: 1.0362 | DDIM Loss: 0.0178
Client 9 (MNIST) | Target Loss: 0.5277 | DDIM Loss: 0.0170
Client 11 (EMNIST) | Target Loss: 0.5928 | DDIM Loss: 0.0098
Client 12 (EMNIST) | Target Loss: 0.5295 | DDIM Loss: 0.0098
Client 13 (EMNIST) | Target Loss: 0.4171 | DDIM Loss: 0.0098
Client 14 (EMNIST) | Target Loss: 0.3959 | DDIM Loss: 0.0099
Client 15 (EMNIST) | Target Loss: 0.5778 | DDIM Loss: 0.0098
Client 16 (EMNIST) | Target Loss: 0.9226 | DDIM Loss: 0.0098
Client 17 (EMNIST) | Target Loss: 0.4833 | DDIM Loss: 0.0098
Client 18 (EMNIST) | Target Loss: 0.4020 | DDIM Loss: 0.0098
Client 19 (EMNIST) | Target Loss: 0.6151 | DDIM Loss: 0.0098
Client 20 (EMNIST) | Target Loss: 0.6191 | DDIM Loss: 0.0099
Selected client ids: [0, 1, 2, 3, 4, 5, 6, 7, 8, 9, 10, 11, 12, 13, 14, 15, 16, 17, 18, 19]
--- Round 5 ---
Client 0 (MNIST) | Target Loss: 0.2213 | DDIM Loss: 0.0149
Client 1 (MNIST) | Target Loss: 0.1275 | DDIM Loss: 0.0150
Client 2 (MNIST) | Target Loss: 0.0604 | DDIM Loss: 0.0154
Client 3 (MNIST) | Target Loss: 0.1690 | DDIM Loss: 0.0151
Client 4 (MNIST) | Target Loss: 0.2171 | DDIM Loss: 0.0147
Client 5 (MNIST) | Target Loss: 0.6231 | DDIM Loss: 0.0145
Client 6 (MNIST) | Target Loss: 0.1409 | DDIM Loss: 0.0150
Client 7 (MNIST) | Target Loss: 0.0903 | DDIM Loss: 0.0151
Client 8 (MNIST) | Target Loss: 1.1921 | DDIM Loss: 0.0152
Client 9 (MNIST) | Target Loss: 0.4599 | DDIM Loss: 0.0149
Client 11 (EMNIST) | Target Loss: 0.5515 | DDIM Loss: 0.0088
Client 12 (EMNIST) | Target Loss: 0.4959 | DDIM Loss: 0.0088
Client 13 (EMNIST) | Target Loss: 0.3937 | DDIM Loss: 0.0089
Client 14 (EMNIST) | Target Loss: 0.3761 | DDIM Loss: 0.0087
Client 15 (EMNIST) | Target Loss: 0.5437 | DDIM Loss: 0.0088
Client 16 (EMNIST) | Target Loss: 0.8410 | DDIM Loss: 0.0088
Client 17 (EMNIST) | Target Loss: 0.4553 | DDIM Loss: 0.0089
Client 18 (EMNIST) | Target Loss: 0.3776 | DDIM Loss: 0.0088
Client 19 (EMNIST) | Target Loss: 0.5708 | DDIM Loss: 0.0088
Client 20 (EMNIST) | Target Loss: 0.5813 | DDIM Loss: 0.0088
Selected client ids: [0, 1, 2, 3, 4, 5, 6, 7, 8, 9, 10, 11, 12, 13, 14, 15, 16, 17, 18, 19]
--- Round 6 ---
Client 0 (MNIST) | Target Loss: 0.1939 | DDIM Loss: 0.0137
Client 1 (MNIST) | Target Loss: 0.0986 | DDIM Loss: 0.0133
Client 2 (MNIST) | Target Loss: 0.0622 | DDIM Loss: 0.0135
Client 3 (MNIST) | Target Loss: 0.0913 | DDIM Loss: 0.0136
Client 4 (MNIST) | Target Loss: 0.1732 | DDIM Loss: 0.0139
Client 5 (MNIST) | Target Loss: 0.5559 | DDIM Loss: 0.0133
Client 6 (MNIST) | Target Loss: 0.1094 | DDIM Loss: 0.0130
Client 7 (MNIST) | Target Loss: 0.0771 | DDIM Loss: 0.0137
Client 8 (MNIST) | Target Loss: 0.9301 | DDIM Loss: 0.0143
Client 9 (MNIST) | Target Loss: 0.3378 | DDIM Loss: 0.0133
Client 11 (EMNIST) | Target Loss: 0.5238 | DDIM Loss: 0.0084
Client 12 (EMNIST) | Target Loss: 0.4740 | DDIM Loss: 0.0083
Client 13 (EMNIST) | Target Loss: 0.3793 | DDIM Loss: 0.0083
Client 14 (EMNIST) | Target Loss: 0.3567 | DDIM Loss: 0.0083
Client 15 (EMNIST) | Target Loss: 0.5247 | DDIM Loss: 0.0083
Client 16 (EMNIST) | Target Loss: 0.7859 | DDIM Loss: 0.0083
Client 17 (EMNIST) | Target Loss: 0.4341 | DDIM Loss: 0.0083
Client 18 (EMNIST) | Target Loss: 0.3561 | DDIM Loss: 0.0084
Client 19 (EMNIST) | Target Loss: 0.5478 | DDIM Loss: 0.0083
Client 20 (EMNIST) | Target Loss: 0.5453 | DDIM Loss: 0.0084
Selected client ids: [0, 1, 2, 3, 4, 5, 6, 7, 8, 9, 10, 11, 12, 13, 14, 15, 16, 17, 18, 19]
--- Round 7 ---
Client 0 (MNIST) | Target Loss: 0.1796 | DDIM Loss: 0.0123
Client 1 (MNIST) | Target Loss: 0.0782 | DDIM Loss: 0.0126
Client 2 (MNIST) | Target Loss: 0.0473 | DDIM Loss: 0.0127
Client 3 (MNIST) | Target Loss: 0.0604 | DDIM Loss: 0.0131
Client 4 (MNIST) | Target Loss: 0.1529 | DDIM Loss: 0.0125
Client 5 (MNIST) | Target Loss: 0.5189 | DDIM Loss: 0.0127
Client 6 (MNIST) | Target Loss: 0.1009 | DDIM Loss: 0.0129
Client 7 (MNIST) | Target Loss: 0.0680 | DDIM Loss: 0.0128
Client 8 (MNIST) | Target Loss: 0.7334 | DDIM Loss: 0.0174
Client 9 (MNIST) | Target Loss: 0.2586 | DDIM Loss: 0.0127
Client 11 (EMNIST) | Target Loss: 0.5025 | DDIM Loss: 0.0081
Client 12 (EMNIST) | Target Loss: 0.4546 | DDIM Loss: 0.0081
Client 13 (EMNIST) | Target Loss: 0.3597 | DDIM Loss: 0.0081
Client 14 (EMNIST) | Target Loss: 0.3405 | DDIM Loss: 0.0080
Client 15 (EMNIST) | Target Loss: 0.5035 | DDIM Loss: 0.0080
Client 16 (EMNIST) | Target Loss: 0.7472 | DDIM Loss: 0.0080
Client 17 (EMNIST) | Target Loss: 0.4210 | DDIM Loss: 0.0081
Client 18 (EMNIST) | Target Loss: 0.3384 | DDIM Loss: 0.0081
Client 19 (EMNIST) | Target Loss: 0.5216 | DDIM Loss: 0.0080
Client 20 (EMNIST) | Target Loss: 0.5329 | DDIM Loss: 0.0081
Selected client ids: [0, 1, 2, 3, 4, 5, 6, 7, 8, 9, 10, 11, 12, 13, 14, 15, 16, 17, 18, 19]
--- Round 8 ---
Client 0 (MNIST) | Target Loss: 0.1631 | DDIM Loss: 0.0120
Client 1 (MNIST) | Target Loss: 0.0626 | DDIM Loss: 0.0115
Client 2 (MNIST) | Target Loss: 0.0256 | DDIM Loss: 0.0117
Client 3 (MNIST) | Target Loss: 0.0724 | DDIM Loss: 0.0121
Client 4 (MNIST) | Target Loss: 0.1529 | DDIM Loss: 0.0116
Client 5 (MNIST) | Target Loss: 0.4809 | DDIM Loss: 0.0118
Client 6 (MNIST) | Target Loss: 0.0857 | DDIM Loss: 0.0116
Client 7 (MNIST) | Target Loss: 0.0457 | DDIM Loss: 0.0117
Client 8 (MNIST) | Target Loss: 0.6045 | DDIM Loss: 0.0124
Client 9 (MNIST) | Target Loss: 0.2639 | DDIM Loss: 0.0115
Client 11 (EMNIST) | Target Loss: 0.4796 | DDIM Loss: 0.0078
Client 12 (EMNIST) | Target Loss: 0.4388 | DDIM Loss: 0.0078
Client 13 (EMNIST) | Target Loss: 0.3462 | DDIM Loss: 0.0078
Client 14 (EMNIST) | Target Loss: 0.3272 | DDIM Loss: 0.0079
Client 15 (EMNIST) | Target Loss: 0.4866 | DDIM Loss: 0.0078
Client 16 (EMNIST) | Target Loss: 0.7198 | DDIM Loss: 0.0078
Client 17 (EMNIST) | Target Loss: 0.4053 | DDIM Loss: 0.0079
Client 18 (EMNIST) | Target Loss: 0.3182 | DDIM Loss: 0.0078
Client 19 (EMNIST) | Target Loss: 0.5037 | DDIM Loss: 0.0079
Client 20 (EMNIST) | Target Loss: 0.5152 | DDIM Loss: 0.0079
Selected client ids: [0, 1, 2, 3, 4, 5, 6, 7, 8, 9, 10, 11, 12, 13, 14, 15, 16, 17, 18, 19]
--- Round 9 ---
Client 0 (MNIST) | Target Loss: 0.1575 | DDIM Loss: 0.0112
Client 1 (MNIST) | Target Loss: 0.0609 | DDIM Loss: 0.0110
Client 2 (MNIST) | Target Loss: 0.0348 | DDIM Loss: 0.0109
Client 3 (MNIST) | Target Loss: 0.0319 | DDIM Loss: 0.0112
Client 4 (MNIST) | Target Loss: 0.1206 | DDIM Loss: 0.0111
Client 5 (MNIST) | Target Loss: 0.4369 | DDIM Loss: 0.0112
Client 6 (MNIST) | Target Loss: 0.0747 | DDIM Loss: 0.0111
Client 7 (MNIST) | Target Loss: 0.0447 | DDIM Loss: 0.0111
Client 8 (MNIST) | Target Loss: 1.1802 | DDIM Loss: 0.0142
Client 9 (MNIST) | Target Loss: 0.2251 | DDIM Loss: 0.0113
Client 11 (EMNIST) | Target Loss: 0.4615 | DDIM Loss: 0.0077
Client 12 (EMNIST) | Target Loss: 0.4257 | DDIM Loss: 0.0077
Client 13 (EMNIST) | Target Loss: 0.3332 | DDIM Loss: 0.0076
Client 14 (EMNIST) | Target Loss: 0.3140 | DDIM Loss: 0.0077
Client 15 (EMNIST) | Target Loss: 0.4645 | DDIM Loss: 0.0077
Client 16 (EMNIST) | Target Loss: 0.6917 | DDIM Loss: 0.0076
Client 17 (EMNIST) | Target Loss: 0.3900 | DDIM Loss: 0.0076
Client 18 (EMNIST) | Target Loss: 0.3033 | DDIM Loss: 0.0077
Client 19 (EMNIST) | Target Loss: 0.4885 | DDIM Loss: 0.0077
Client 20 (EMNIST) | Target Loss: 0.4973 | DDIM Loss: 0.0077
Selected client ids: [0, 1, 2, 3, 4, 5, 6, 7, 8, 9, 10, 11, 12, 13, 14, 15, 16, 17, 18, 19]
--- Round 10 ---
Client 0 (MNIST) | Target Loss: 0.1276 | DDIM Loss: 0.0107
Client 1 (MNIST) | Target Loss: 0.0416 | DDIM Loss: 0.0107
Client 2 (MNIST) | Target Loss: 0.0233 | DDIM Loss: 0.0104
Client 3 (MNIST) | Target Loss: 0.0477 | DDIM Loss: 0.0106
Client 4 (MNIST) | Target Loss: 0.1052 | DDIM Loss: 0.0104
Client 5 (MNIST) | Target Loss: 0.4143 | DDIM Loss: 0.0125
Client 6 (MNIST) | Target Loss: 0.0619 | DDIM Loss: 0.0104
Client 7 (MNIST) | Target Loss: 0.0292 | DDIM Loss: 0.0105
Client 8 (MNIST) | Target Loss: 0.8619 | DDIM Loss: 0.0113
Client 9 (MNIST) | Target Loss: 0.1600 | DDIM Loss: 0.0107
Client 11 (EMNIST) | Target Loss: 0.4558 | DDIM Loss: 0.0076
Client 12 (EMNIST) | Target Loss: 0.4154 | DDIM Loss: 0.0075
Client 13 (EMNIST) | Target Loss: 0.3182 | DDIM Loss: 0.0076
Client 14 (EMNIST) | Target Loss: 0.2978 | DDIM Loss: 0.0075
Client 15 (EMNIST) | Target Loss: 0.4573 | DDIM Loss: 0.0075
Client 16 (EMNIST) | Target Loss: 0.6731 | DDIM Loss: 0.0075
Client 17 (EMNIST) | Target Loss: 0.3813 | DDIM Loss: 0.0076
Client 18 (EMNIST) | Target Loss: 0.2841 | DDIM Loss: 0.0075
Client 19 (EMNIST) | Target Loss: 0.4742 | DDIM Loss: 0.0075
Client 20 (EMNIST) | Target Loss: 0.4945 | DDIM Loss: 0.0076
Selected client ids: [0, 1, 2, 3, 4, 5, 6, 7, 8, 9, 10, 11, 12, 13, 14, 15, 16, 17, 18, 19]
--- Round 11 ---
Client 0 (MNIST) | Target Loss: 0.1238 | DDIM Loss: 0.0105
Client 1 (MNIST) | Target Loss: 0.0349 | DDIM Loss: 0.0101
Client 2 (MNIST) | Target Loss: 0.0170 | DDIM Loss: 0.0105
Client 3 (MNIST) | Target Loss: 0.0877 | DDIM Loss: 0.0106
Client 4 (MNIST) | Target Loss: 0.1235 | DDIM Loss: 0.0104
Client 5 (MNIST) | Target Loss: 0.4323 | DDIM Loss: 0.0120
Client 6 (MNIST) | Target Loss: 0.0484 | DDIM Loss: 0.0105
Client 7 (MNIST) | Target Loss: 0.0230 | DDIM Loss: 0.0107
Client 8 (MNIST) | Target Loss: 0.7451 | DDIM Loss: 0.0158
Client 9 (MNIST) | Target Loss: 0.1328 | DDIM Loss: 0.0104
Client 11 (EMNIST) | Target Loss: 0.4406 | DDIM Loss: 0.0075
Client 12 (EMNIST) | Target Loss: 0.4042 | DDIM Loss: 0.0074
Client 13 (EMNIST) | Target Loss: 0.3049 | DDIM Loss: 0.0075
Client 14 (EMNIST) | Target Loss: 0.2852 | DDIM Loss: 0.0074
Client 15 (EMNIST) | Target Loss: 0.4442 | DDIM Loss: 0.0074
Client 16 (EMNIST) | Target Loss: 0.6503 | DDIM Loss: 0.0075
Client 17 (EMNIST) | Target Loss: 0.3725 | DDIM Loss: 0.0075
Client 18 (EMNIST) | Target Loss: 0.2712 | DDIM Loss: 0.0075
Client 19 (EMNIST) | Target Loss: 0.4591 | DDIM Loss: 0.0075
Client 20 (EMNIST) | Target Loss: 0.4773 | DDIM Loss: 0.0075
Selected client ids: [0, 1, 2, 3, 4, 5, 6, 7, 8, 9, 10, 11, 12, 13, 14, 15, 16, 17, 18, 19]
--- Round 12 ---
Client 0 (MNIST) | Target Loss: 0.0957 | DDIM Loss: 0.0101
Client 1 (MNIST) | Target Loss: 0.0374 | DDIM Loss: 0.0100
Client 2 (MNIST) | Target Loss: 0.0046 | DDIM Loss: 0.0102
Client 3 (MNIST) | Target Loss: 0.0208 | DDIM Loss: 0.0105
Client 4 (MNIST) | Target Loss: 0.1106 | DDIM Loss: 0.0103
Client 5 (MNIST) | Target Loss: 0.3523 | DDIM Loss: 0.0101
Client 6 (MNIST) | Target Loss: 0.0446 | DDIM Loss: 0.0101
Client 7 (MNIST) | Target Loss: 0.0162 | DDIM Loss: 0.0098
Client 8 (MNIST) | Target Loss: 0.6975 | DDIM Loss: 0.0107
Client 9 (MNIST) | Target Loss: 0.1168 | DDIM Loss: 0.0104
Client 11 (EMNIST) | Target Loss: 0.4292 | DDIM Loss: 0.0074
Client 12 (EMNIST) | Target Loss: 0.3948 | DDIM Loss: 0.0073
Client 13 (EMNIST) | Target Loss: 0.2907 | DDIM Loss: 0.0074
Client 14 (EMNIST) | Target Loss: 0.2715 | DDIM Loss: 0.0073
Client 15 (EMNIST) | Target Loss: 0.4337 | DDIM Loss: 0.0073
Client 16 (EMNIST) | Target Loss: 0.6370 | DDIM Loss: 0.0073
Client 17 (EMNIST) | Target Loss: 0.3640 | DDIM Loss: 0.0074
Client 18 (EMNIST) | Target Loss: 0.2526 | DDIM Loss: 0.0074
Client 19 (EMNIST) | Target Loss: 0.4505 | DDIM Loss: 0.0074
Client 20 (EMNIST) | Target Loss: 0.4716 | DDIM Loss: 0.0074
Selected client ids: [0, 1, 2, 3, 4, 5, 6, 7, 8, 9, 10, 11, 12, 13, 14, 15, 16, 17, 18, 19]
--- Round 13 ---
Client 0 (MNIST) | Target Loss: 0.1325 | DDIM Loss: 0.0100
Client 1 (MNIST) | Target Loss: 0.0310 | DDIM Loss: 0.0095
Client 2 (MNIST) | Target Loss: 0.0068 | DDIM Loss: 0.0100
Client 3 (MNIST) | Target Loss: 0.0104 | DDIM Loss: 0.0102
Client 4 (MNIST) | Target Loss: 0.0909 | DDIM Loss: 0.0100
Client 5 (MNIST) | Target Loss: 0.3158 | DDIM Loss: 0.0098
Client 6 (MNIST) | Target Loss: 0.0366 | DDIM Loss: 0.0099
Client 7 (MNIST) | Target Loss: 0.0293 | DDIM Loss: 0.0096
Client 8 (MNIST) | Target Loss: 0.6099 | DDIM Loss: 0.0095
Client 9 (MNIST) | Target Loss: 0.1127 | DDIM Loss: 0.0098
Client 11 (EMNIST) | Target Loss: 0.4249 | DDIM Loss: 0.0073
Client 12 (EMNIST) | Target Loss: 0.3866 | DDIM Loss: 0.0073
Client 13 (EMNIST) | Target Loss: 0.2774 | DDIM Loss: 0.0073
Client 14 (EMNIST) | Target Loss: 0.2584 | DDIM Loss: 0.0073
Client 15 (EMNIST) | Target Loss: 0.4232 | DDIM Loss: 0.0073
Client 16 (EMNIST) | Target Loss: 0.6220 | DDIM Loss: 0.0073
Client 17 (EMNIST) | Target Loss: 0.3538 | DDIM Loss: 0.0073
Client 18 (EMNIST) | Target Loss: 0.2447 | DDIM Loss: 0.0073
Client 19 (EMNIST) | Target Loss: 0.4404 | DDIM Loss: 0.0073
Client 20 (EMNIST) | Target Loss: 0.4625 | DDIM Loss: 0.0073
Selected client ids: [0, 1, 2, 3, 4, 5, 6, 7, 8, 9, 10, 11, 12, 13, 14, 15, 16, 17, 18, 19]
--- Round 14 ---
Client 0 (MNIST) | Target Loss: 0.1084 | DDIM Loss: 0.0099
Client 1 (MNIST) | Target Loss: 0.0299 | DDIM Loss: 0.0096
Client 2 (MNIST) | Target Loss: 0.0337 | DDIM Loss: 0.0099
Client 3 (MNIST) | Target Loss: 0.0172 | DDIM Loss: 0.0098
Client 4 (MNIST) | Target Loss: 0.0872 | DDIM Loss: 0.0098
Client 5 (MNIST) | Target Loss: 0.2973 | DDIM Loss: 0.0100
Client 6 (MNIST) | Target Loss: 0.0379 | DDIM Loss: 0.0097
Client 7 (MNIST) | Target Loss: 0.0176 | DDIM Loss: 0.0095
Client 8 (MNIST) | Target Loss: 0.5259 | DDIM Loss: 0.0110
Client 9 (MNIST) | Target Loss: 0.1084 | DDIM Loss: 0.0096
Client 11 (EMNIST) | Target Loss: 0.4097 | DDIM Loss: 0.0073
Client 12 (EMNIST) | Target Loss: 0.3811 | DDIM Loss: 0.0072
Client 13 (EMNIST) | Target Loss: 0.2639 | DDIM Loss: 0.0073
Client 14 (EMNIST) | Target Loss: 0.2416 | DDIM Loss: 0.0072
Client 15 (EMNIST) | Target Loss: 0.4160 | DDIM Loss: 0.0072
Client 16 (EMNIST) | Target Loss: 0.6119 | DDIM Loss: 0.0072
Client 17 (EMNIST) | Target Loss: 0.3471 | DDIM Loss: 0.0073
Client 18 (EMNIST) | Target Loss: 0.2242 | DDIM Loss: 0.0072
Client 19 (EMNIST) | Target Loss: 0.4254 | DDIM Loss: 0.0072
Client 20 (EMNIST) | Target Loss: 0.4588 | DDIM Loss: 0.0073
Selected client ids: [0, 1, 2, 3, 4, 5, 6, 7, 8, 9, 10, 11, 12, 13, 14, 15, 16, 17, 18, 19]
--- Round 15 ---
Client 0 (MNIST) | Target Loss: 0.0868 | DDIM Loss: 0.0096
Client 1 (MNIST) | Target Loss: 0.0222 | DDIM Loss: 0.0091
Client 2 (MNIST) | Target Loss: 0.0178 | DDIM Loss: 0.0094
Client 3 (MNIST) | Target Loss: 0.0188 | DDIM Loss: 0.0100
Client 4 (MNIST) | Target Loss: 0.0900 | DDIM Loss: 0.0095
Client 5 (MNIST) | Target Loss: 0.2951 | DDIM Loss: 0.0092
Client 6 (MNIST) | Target Loss: 0.0345 | DDIM Loss: 0.0096
Client 7 (MNIST) | Target Loss: 0.0129 | DDIM Loss: 0.0097
Client 8 (MNIST) | Target Loss: 0.4962 | DDIM Loss: 0.0094
Client 9 (MNIST) | Target Loss: 0.1153 | DDIM Loss: 0.0097
Client 11 (EMNIST) | Target Loss: 0.4047 | DDIM Loss: 0.0072
Client 12 (EMNIST) | Target Loss: 0.3753 | DDIM Loss: 0.0072
Client 13 (EMNIST) | Target Loss: 0.2483 | DDIM Loss: 0.0072
Client 14 (EMNIST) | Target Loss: 0.2262 | DDIM Loss: 0.0071
Client 15 (EMNIST) | Target Loss: 0.4060 | DDIM Loss: 0.0072
Client 16 (EMNIST) | Target Loss: 0.5919 | DDIM Loss: 0.0073
Client 17 (EMNIST) | Target Loss: 0.3407 | DDIM Loss: 0.0072
Client 18 (EMNIST) | Target Loss: 0.2094 | DDIM Loss: 0.0072
Client 19 (EMNIST) | Target Loss: 0.4217 | DDIM Loss: 0.0072
Client 20 (EMNIST) | Target Loss: 0.4480 | DDIM Loss: 0.0072
Selected client ids: [0, 1, 2, 3, 4, 5, 6, 7, 8, 9, 10, 11, 12, 13, 14, 15, 16, 17, 18, 19]
--- Round 16 ---
Client 0 (MNIST) | Target Loss: 0.0482 | DDIM Loss: 0.0090
Client 1 (MNIST) | Target Loss: 0.0261 | DDIM Loss: 0.0093
Client 2 (MNIST) | Target Loss: 0.0160 | DDIM Loss: 0.0095
Client 3 (MNIST) | Target Loss: 0.0060 | DDIM Loss: 0.0093
Client 4 (MNIST) | Target Loss: 0.0928 | DDIM Loss: 0.0096
Client 5 (MNIST) | Target Loss: 0.3321 | DDIM Loss: 0.0095
Client 6 (MNIST) | Target Loss: 0.0226 | DDIM Loss: 0.0091
Client 7 (MNIST) | Target Loss: 0.0298 | DDIM Loss: 0.0091
Client 8 (MNIST) | Target Loss: 0.4478 | DDIM Loss: 0.0091
Client 9 (MNIST) | Target Loss: 0.1184 | DDIM Loss: 0.0095
Client 11 (EMNIST) | Target Loss: 0.4001 | DDIM Loss: 0.0071
Client 12 (EMNIST) | Target Loss: 0.3679 | DDIM Loss: 0.0071
Client 13 (EMNIST) | Target Loss: 0.2346 | DDIM Loss: 0.0072
Client 14 (EMNIST) | Target Loss: 0.2079 | DDIM Loss: 0.0071
Client 15 (EMNIST) | Target Loss: 0.3996 | DDIM Loss: 0.0071
Client 16 (EMNIST) | Target Loss: 0.5833 | DDIM Loss: 0.0071
Client 17 (EMNIST) | Target Loss: 0.3347 | DDIM Loss: 0.0071
Client 18 (EMNIST) | Target Loss: 0.1992 | DDIM Loss: 0.0071
Client 19 (EMNIST) | Target Loss: 0.4118 | DDIM Loss: 0.0072
Client 20 (EMNIST) | Target Loss: 0.4539 | DDIM Loss: 0.0072
Selected client ids: [0, 1, 2, 3, 4, 5, 6, 7, 8, 9, 10, 11, 12, 13, 14, 15, 16, 17, 18, 19]
--- Round 17 ---
Client 0 (MNIST) | Target Loss: 0.0899 | DDIM Loss: 0.0095
Client 1 (MNIST) | Target Loss: 0.0274 | DDIM Loss: 0.0089
Client 2 (MNIST) | Target Loss: 0.0156 | DDIM Loss: 0.0094
Client 3 (MNIST) | Target Loss: 0.0070 | DDIM Loss: 0.0094
Client 4 (MNIST) | Target Loss: 0.0867 | DDIM Loss: 0.0093
Client 5 (MNIST) | Target Loss: 0.2907 | DDIM Loss: 0.0090
Client 6 (MNIST) | Target Loss: 0.0246 | DDIM Loss: 0.0093
Client 7 (MNIST) | Target Loss: 0.0128 | DDIM Loss: 0.0093
Client 8 (MNIST) | Target Loss: 0.3949 | DDIM Loss: 0.0091
Client 9 (MNIST) | Target Loss: 0.0920 | DDIM Loss: 0.0093
Client 11 (EMNIST) | Target Loss: 0.4031 | DDIM Loss: 0.0071
Client 12 (EMNIST) | Target Loss: 0.3606 | DDIM Loss: 0.0071
Client 13 (EMNIST) | Target Loss: 0.2194 | DDIM Loss: 0.0071
Client 14 (EMNIST) | Target Loss: 0.1902 | DDIM Loss: 0.0071
Client 15 (EMNIST) | Target Loss: 0.3998 | DDIM Loss: 0.0070
Client 16 (EMNIST) | Target Loss: 0.5699 | DDIM Loss: 0.0071
Client 17 (EMNIST) | Target Loss: 0.3281 | DDIM Loss: 0.0071
Client 18 (EMNIST) | Target Loss: 0.1909 | DDIM Loss: 0.0071
Client 19 (EMNIST) | Target Loss: 0.4037 | DDIM Loss: 0.0071
Client 20 (EMNIST) | Target Loss: 0.4381 | DDIM Loss: 0.0071
Selected client ids: [0, 1, 2, 3, 4, 5, 6, 7, 8, 9, 10, 11, 12, 13, 14, 15, 16, 17, 18, 19]
--- Round 18 ---
Client 0 (MNIST) | Target Loss: 0.0563 | DDIM Loss: 0.0090
Client 1 (MNIST) | Target Loss: 0.0162 | DDIM Loss: 0.0091
Client 2 (MNIST) | Target Loss: 0.0063 | DDIM Loss: 0.0089
Client 3 (MNIST) | Target Loss: 0.0605 | DDIM Loss: 0.0092
Client 4 (MNIST) | Target Loss: 0.0619 | DDIM Loss: 0.0090
Client 5 (MNIST) | Target Loss: 0.2931 | DDIM Loss: 0.0090
Client 6 (MNIST) | Target Loss: 0.0235 | DDIM Loss: 0.0091
Client 7 (MNIST) | Target Loss: 0.0075 | DDIM Loss: 0.0089
Client 8 (MNIST) | Target Loss: 0.5750 | DDIM Loss: 0.0092
Client 9 (MNIST) | Target Loss: 0.0719 | DDIM Loss: 0.0093
Client 11 (EMNIST) | Target Loss: 0.3874 | DDIM Loss: 0.0071
Client 12 (EMNIST) | Target Loss: 0.3528 | DDIM Loss: 0.0070
Client 13 (EMNIST) | Target Loss: 0.2042 | DDIM Loss: 0.0071
Client 14 (EMNIST) | Target Loss: 0.1712 | DDIM Loss: 0.0070
Client 15 (EMNIST) | Target Loss: 0.3916 | DDIM Loss: 0.0071
Client 16 (EMNIST) | Target Loss: 0.5677 | DDIM Loss: 0.0070
Client 17 (EMNIST) | Target Loss: 0.3211 | DDIM Loss: 0.0070
Client 18 (EMNIST) | Target Loss: 0.1759 | DDIM Loss: 0.0070
Client 19 (EMNIST) | Target Loss: 0.3987 | DDIM Loss: 0.0071
Client 20 (EMNIST) | Target Loss: 0.4360 | DDIM Loss: 0.0071
Selected client ids: [0, 1, 2, 3, 4, 5, 6, 7, 8, 9, 10, 11, 12, 13, 14, 15, 16, 17, 18, 19]
--- Round 19 ---
Client 0 (MNIST) | Target Loss: 0.0632 | DDIM Loss: 0.0089
Client 1 (MNIST) | Target Loss: 0.0131 | DDIM Loss: 0.0087
Client 2 (MNIST) | Target Loss: 0.0012 | DDIM Loss: 0.0089
Client 3 (MNIST) | Target Loss: 0.0191 | DDIM Loss: 0.0089
Client 4 (MNIST) | Target Loss: 0.0642 | DDIM Loss: 0.0090
Client 5 (MNIST) | Target Loss: 0.2464 | DDIM Loss: 0.0089
Client 6 (MNIST) | Target Loss: 0.0313 | DDIM Loss: 0.0090
Client 7 (MNIST) | Target Loss: 0.0189 | DDIM Loss: 0.0091
Client 8 (MNIST) | Target Loss: 0.4828 | DDIM Loss: 0.0089
Client 9 (MNIST) | Target Loss: 0.0570 | DDIM Loss: 0.0090
Client 11 (EMNIST) | Target Loss: 0.3828 | DDIM Loss: 0.0071
Client 12 (EMNIST) | Target Loss: 0.3471 | DDIM Loss: 0.0070
Client 13 (EMNIST) | Target Loss: 0.1916 | DDIM Loss: 0.0070
Client 14 (EMNIST) | Target Loss: 0.1549 | DDIM Loss: 0.0070
Client 15 (EMNIST) | Target Loss: 0.3800 | DDIM Loss: 0.0070
Client 16 (EMNIST) | Target Loss: 0.5548 | DDIM Loss: 0.0069
Client 17 (EMNIST) | Target Loss: 0.3164 | DDIM Loss: 0.0070
Client 18 (EMNIST) | Target Loss: 0.1706 | DDIM Loss: 0.0070
Client 19 (EMNIST) | Target Loss: 0.3912 | DDIM Loss: 0.0070
Client 20 (EMNIST) | Target Loss: 0.4410 | DDIM Loss: 0.0070
Selected client ids: [0, 1, 2, 3, 4, 5, 6, 7, 8, 9, 10, 11, 12, 13, 14, 15, 16, 17, 18, 19]
--- Round 20 ---
Client 0 (MNIST) | Target Loss: 0.0687 | DDIM Loss: 0.0093
Client 1 (MNIST) | Target Loss: 0.0138 | DDIM Loss: 0.0088
Client 2 (MNIST) | Target Loss: 0.0006 | DDIM Loss: 0.0089
Client 3 (MNIST) | Target Loss: 0.0133 | DDIM Loss: 0.0088
Client 4 (MNIST) | Target Loss: 0.0602 | DDIM Loss: 0.0089
Client 5 (MNIST) | Target Loss: 0.2378 | DDIM Loss: 0.0088
Client 6 (MNIST) | Target Loss: 0.0224 | DDIM Loss: 0.0089
Client 7 (MNIST) | Target Loss: 0.0254 | DDIM Loss: 0.0090
Client 8 (MNIST) | Target Loss: 0.4576 | DDIM Loss: 0.0100
Client 9 (MNIST) | Target Loss: 0.0702 | DDIM Loss: 0.0089
Client 11 (EMNIST) | Target Loss: 0.3790 | DDIM Loss: 0.0070
Client 12 (EMNIST) | Target Loss: 0.3451 | DDIM Loss: 0.0070
Client 13 (EMNIST) | Target Loss: 0.1719 | DDIM Loss: 0.0070
Client 14 (EMNIST) | Target Loss: 0.1336 | DDIM Loss: 0.0070
Client 15 (EMNIST) | Target Loss: 0.3781 | DDIM Loss: 0.0069
Client 16 (EMNIST) | Target Loss: 0.5445 | DDIM Loss: 0.0069
Client 17 (EMNIST) | Target Loss: 0.3102 | DDIM Loss: 0.0070
Client 18 (EMNIST) | Target Loss: 0.1550 | DDIM Loss: 0.0070
Client 19 (EMNIST) | Target Loss: 0.3841 | DDIM Loss: 0.0070
Client 20 (EMNIST) | Target Loss: 0.4327 | DDIM Loss: 0.0070
[Server] Performing Name-Based Label Mapping...
[Server] Name-based mapping completed. Found 62 unique global classes.

=========================================================================================================
Global ID  | Class Name           | Mapped Datasets (Local ID)
---------------------------------------------------------------------------------------------------------
0          | 0                    | MNIST(0), EMNIST(0)
1          | 1                    | MNIST(1), EMNIST(1)
2          | 2                    | MNIST(2), EMNIST(2)
3          | 3                    | MNIST(3), EMNIST(3)
4          | 4                    | MNIST(4), EMNIST(4)
5          | 5                    | MNIST(5), EMNIST(5)
6          | 6                    | MNIST(6), EMNIST(6)
7          | 7                    | MNIST(7), EMNIST(7)
8          | 8                    | MNIST(8), EMNIST(8)
9          | 9                    | MNIST(9), EMNIST(9)
10         | A                    | EMNIST(10)
11         | B                    | EMNIST(11)
12         | C                    | EMNIST(12)
13         | D                    | EMNIST(13)
14         | E                    | EMNIST(14)
15         | F                    | EMNIST(15)
16         | G                    | EMNIST(16)
17         | H                    | EMNIST(17)
18         | I                    | EMNIST(18)
19         | J                    | EMNIST(19)
20         | K                    | EMNIST(20)
21         | L                    | EMNIST(21)
22         | M                    | EMNIST(22)
23         | N                    | EMNIST(23)
24         | O                    | EMNIST(24)
25         | P                    | EMNIST(25)
26         | Q                    | EMNIST(26)
27         | R                    | EMNIST(27)
28         | S                    | EMNIST(28)
29         | T                    | EMNIST(29)
30         | U                    | EMNIST(30)
31         | V                    | EMNIST(31)
32         | W                    | EMNIST(32)
33         | X                    | EMNIST(33)
34         | Y                    | EMNIST(34)
35         | Z                    | EMNIST(35)
36         | a                    | EMNIST(36)
37         | b                    | EMNIST(37)
38         | c                    | EMNIST(38)
39         | d                    | EMNIST(39)
40         | e                    | EMNIST(40)
41         | f                    | EMNIST(41)
42         | g                    | EMNIST(42)
43         | h                    | EMNIST(43)
44         | i                    | EMNIST(44)
45         | j                    | EMNIST(45)
46         | k                    | EMNIST(46)
47         | l                    | EMNIST(47)
48         | m                    | EMNIST(48)
49         | n                    | EMNIST(49)
50         | o                    | EMNIST(50)
51         | p                    | EMNIST(51)
52         | q                    | EMNIST(52)
53         | r                    | EMNIST(53)
54         | s                    | EMNIST(54)
55         | t                    | EMNIST(55)
56         | u                    | EMNIST(56)
57         | v                    | EMNIST(57)
58         | w                    | EMNIST(58)
59         | x                    | EMNIST(59)
60         | y                    | EMNIST(60)
61         | z                    | EMNIST(61)
=========================================================================================================

Initializing Global Inference Model with 62 classes...
Epoch 0 Loss: 3.8236
Epoch 1 Loss: 3.1031
Epoch 2 Loss: 2.5291
Epoch 3 Loss: 2.0763
Epoch 4 Loss: 1.6561
[Server] Global Inference Model Acc (MNIST) (Round 20): 51.85% (Tested on 9095 samples)
[Server] Global Inference Model Acc (EMNIST) (Round 20): 24.88% (Tested on 105779 samples)
[Server] Global Inference Model Acc (Mix) (Round 20): 27.01% (Tested on 114874 samples)
Selected client ids: [0, 1, 2, 3, 4, 5, 6, 7, 8, 9, 10, 11, 12, 13, 14, 15, 16, 17, 18, 19]
--- Round 21 ---
Client 0 (MNIST) | Target Loss: 0.0000 | DDIM Loss: 0.0087
Client 1 (MNIST) | Target Loss: 0.0000 | DDIM Loss: 0.0088
Client 2 (MNIST) | Target Loss: 0.0000 | DDIM Loss: 0.0087
Client 3 (MNIST) | Target Loss: 0.0000 | DDIM Loss: 0.0086
Client 4 (MNIST) | Target Loss: 0.0000 | DDIM Loss: 0.0088
Client 5 (MNIST) | Target Loss: 0.0000 | DDIM Loss: 0.0086
Client 6 (MNIST) | Target Loss: 0.0000 | DDIM Loss: 0.0088
Client 7 (MNIST) | Target Loss: 0.0000 | DDIM Loss: 0.0087
Client 8 (MNIST) | Target Loss: 0.0000 | DDIM Loss: 0.0137
Client 9 (MNIST) | Target Loss: 0.0000 | DDIM Loss: 0.0086
Client 11 (EMNIST) | Target Loss: 0.0000 | DDIM Loss: 0.0070
Client 12 (EMNIST) | Target Loss: 0.0000 | DDIM Loss: 0.0069
Client 13 (EMNIST) | Target Loss: 0.0000 | DDIM Loss: 0.0070
Client 14 (EMNIST) | Target Loss: 0.0000 | DDIM Loss: 0.0069
Client 15 (EMNIST) | Target Loss: 0.0000 | DDIM Loss: 0.0069
Client 16 (EMNIST) | Target Loss: 0.0000 | DDIM Loss: 0.0069
Client 17 (EMNIST) | Target Loss: 0.0000 | DDIM Loss: 0.0070
Client 18 (EMNIST) | Target Loss: 0.0000 | DDIM Loss: 0.0069
Client 19 (EMNIST) | Target Loss: 0.0000 | DDIM Loss: 0.0069
Client 20 (EMNIST) | Target Loss: 0.0000 | DDIM Loss: 0.0070
Epoch 0 Loss: 1.7915
Epoch 1 Loss: 1.2860
Epoch 2 Loss: 0.9854
Epoch 3 Loss: 0.7376
Epoch 4 Loss: 0.5453
[Server] Global Inference Model Acc (MNIST) (Round 21): 17.13% (Tested on 9095 samples)
[Server] Global Inference Model Acc (EMNIST) (Round 21): 17.50% (Tested on 105779 samples)
[Server] Global Inference Model Acc (Mix) (Round 21): 17.47% (Tested on 114874 samples)
Selected client ids: [0, 1, 2, 3, 4, 5, 6, 7, 8, 9, 10, 11, 12, 13, 14, 15, 16, 17, 18, 19]
--- Round 22 ---
Client 0 (MNIST) | Target Loss: 0.0000 | DDIM Loss: 0.0089
Client 1 (MNIST) | Target Loss: 0.0000 | DDIM Loss: 0.0087
Client 2 (MNIST) | Target Loss: 0.0000 | DDIM Loss: 0.0088
Client 3 (MNIST) | Target Loss: 0.0000 | DDIM Loss: 0.0086
Client 4 (MNIST) | Target Loss: 0.0000 | DDIM Loss: 0.0087
Client 5 (MNIST) | Target Loss: 0.0000 | DDIM Loss: 0.0085
Client 6 (MNIST) | Target Loss: 0.0000 | DDIM Loss: 0.0088
Client 7 (MNIST) | Target Loss: 0.0000 | DDIM Loss: 0.0087
Client 8 (MNIST) | Target Loss: 0.0000 | DDIM Loss: 0.0086
Client 9 (MNIST) | Target Loss: 0.0000 | DDIM Loss: 0.0088
Client 11 (EMNIST) | Target Loss: 0.0000 | DDIM Loss: 0.0070
Client 12 (EMNIST) | Target Loss: 0.0000 | DDIM Loss: 0.0069
Client 13 (EMNIST) | Target Loss: 0.0000 | DDIM Loss: 0.0069
Client 14 (EMNIST) | Target Loss: 0.0000 | DDIM Loss: 0.0069
Client 15 (EMNIST) | Target Loss: 0.0000 | DDIM Loss: 0.0069
Client 16 (EMNIST) | Target Loss: 0.0000 | DDIM Loss: 0.0069
Client 17 (EMNIST) | Target Loss: 0.0000 | DDIM Loss: 0.0069
Client 18 (EMNIST) | Target Loss: 0.0000 | DDIM Loss: 0.0069
Client 19 (EMNIST) | Target Loss: 0.0000 | DDIM Loss: 0.0069
Client 20 (EMNIST) | Target Loss: 0.0000 | DDIM Loss: 0.0070
Epoch 0 Loss: 1.5984
Epoch 1 Loss: 0.9770
Epoch 2 Loss: 0.6769
Epoch 3 Loss: 0.4856
Epoch 4 Loss: 0.3651
[Server] Global Inference Model Acc (MNIST) (Round 22): 43.93% (Tested on 9095 samples)
[Server] Global Inference Model Acc (EMNIST) (Round 22): 33.03% (Tested on 105779 samples)
[Server] Global Inference Model Acc (Mix) (Round 22): 33.89% (Tested on 114874 samples)
Selected client ids: [0, 1, 2, 3, 4, 5, 6, 7, 8, 9, 10, 11, 12, 13, 14, 15, 16, 17, 18, 19]
--- Round 23 ---
Client 0 (MNIST) | Target Loss: 0.0000 | DDIM Loss: 0.0085
Client 1 (MNIST) | Target Loss: 0.0000 | DDIM Loss: 0.0086
Client 2 (MNIST) | Target Loss: 0.0000 | DDIM Loss: 0.0086
Client 3 (MNIST) | Target Loss: 0.0000 | DDIM Loss: 0.0085
Client 4 (MNIST) | Target Loss: 0.0000 | DDIM Loss: 0.0084
Client 5 (MNIST) | Target Loss: 0.0000 | DDIM Loss: 0.0087
Client 6 (MNIST) | Target Loss: 0.0000 | DDIM Loss: 0.0085
Client 7 (MNIST) | Target Loss: 0.0000 | DDIM Loss: 0.0083
Client 8 (MNIST) | Target Loss: 0.0000 | DDIM Loss: 0.0083
Client 9 (MNIST) | Target Loss: 0.0000 | DDIM Loss: 0.0087
Client 11 (EMNIST) | Target Loss: 0.0000 | DDIM Loss: 0.0069
Client 12 (EMNIST) | Target Loss: 0.0000 | DDIM Loss: 0.0068
Client 13 (EMNIST) | Target Loss: 0.0000 | DDIM Loss: 0.0069
Client 14 (EMNIST) | Target Loss: 0.0000 | DDIM Loss: 0.0069
Client 15 (EMNIST) | Target Loss: 0.0000 | DDIM Loss: 0.0068
Client 16 (EMNIST) | Target Loss: 0.0000 | DDIM Loss: 0.0068
Client 17 (EMNIST) | Target Loss: 0.0000 | DDIM Loss: 0.0069
Client 18 (EMNIST) | Target Loss: 0.0000 | DDIM Loss: 0.0069
Client 19 (EMNIST) | Target Loss: 0.0000 | DDIM Loss: 0.0069
Client 20 (EMNIST) | Target Loss: 0.0000 | DDIM Loss: 0.0069
Epoch 0 Loss: 1.4447
Epoch 1 Loss: 0.7470
Epoch 2 Loss: 0.4835
Epoch 3 Loss: 0.2943
Epoch 4 Loss: 0.1782
[Server] Global Inference Model Acc (MNIST) (Round 23): 17.15% (Tested on 9095 samples)
[Server] Global Inference Model Acc (EMNIST) (Round 23): 21.94% (Tested on 105779 samples)
[Server] Global Inference Model Acc (Mix) (Round 23): 21.56% (Tested on 114874 samples)
Selected client ids: [0, 1, 2, 3, 4, 5, 6, 7, 8, 9, 10, 11, 12, 13, 14, 15, 16, 17, 18, 19]
--- Round 24 ---
Client 0 (MNIST) | Target Loss: 0.0000 | DDIM Loss: 0.0084
Client 1 (MNIST) | Target Loss: 0.0000 | DDIM Loss: 0.0086
Client 2 (MNIST) | Target Loss: 0.0000 | DDIM Loss: 0.0086
Client 3 (MNIST) | Target Loss: 0.0000 | DDIM Loss: 0.0087
Client 4 (MNIST) | Target Loss: 0.0000 | DDIM Loss: 0.0085
Client 5 (MNIST) | Target Loss: 0.0000 | DDIM Loss: 0.0083
Client 6 (MNIST) | Target Loss: 0.0000 | DDIM Loss: 0.0083
Client 7 (MNIST) | Target Loss: 0.0000 | DDIM Loss: 0.0087
Client 8 (MNIST) | Target Loss: 0.0000 | DDIM Loss: 0.0087
Client 9 (MNIST) | Target Loss: 0.0000 | DDIM Loss: 0.0086
Client 11 (EMNIST) | Target Loss: 0.0000 | DDIM Loss: 0.0069
Client 12 (EMNIST) | Target Loss: 0.0000 | DDIM Loss: 0.0068
Client 13 (EMNIST) | Target Loss: 0.0000 | DDIM Loss: 0.0068
Client 14 (EMNIST) | Target Loss: 0.0000 | DDIM Loss: 0.0068
Client 15 (EMNIST) | Target Loss: 0.0000 | DDIM Loss: 0.0068
Client 16 (EMNIST) | Target Loss: 0.0000 | DDIM Loss: 0.0068
Client 17 (EMNIST) | Target Loss: 0.0000 | DDIM Loss: 0.0068
Client 18 (EMNIST) | Target Loss: 0.0000 | DDIM Loss: 0.0068
Client 19 (EMNIST) | Target Loss: 0.0000 | DDIM Loss: 0.0069
Client 20 (EMNIST) | Target Loss: 0.0000 | DDIM Loss: 0.0069
Epoch 0 Loss: 1.6114
Epoch 1 Loss: 0.7711
Epoch 2 Loss: 0.4921
Epoch 3 Loss: 0.2965
Epoch 4 Loss: 0.1690
[Server] Global Inference Model Acc (MNIST) (Round 24): 38.39% (Tested on 9095 samples)
[Server] Global Inference Model Acc (EMNIST) (Round 24): 29.53% (Tested on 105779 samples)
[Server] Global Inference Model Acc (Mix) (Round 24): 30.23% (Tested on 114874 samples)
Selected client ids: [0, 1, 2, 3, 4, 5, 6, 7, 8, 9, 10, 11, 12, 13, 14, 15, 16, 17, 18, 19]
--- Round 25 ---
Client 0 (MNIST) | Target Loss: 0.0000 | DDIM Loss: 0.0084
Client 1 (MNIST) | Target Loss: 0.0000 | DDIM Loss: 0.0081
Client 2 (MNIST) | Target Loss: 0.0000 | DDIM Loss: 0.0086
Client 3 (MNIST) | Target Loss: 0.0000 | DDIM Loss: 0.0085
Client 4 (MNIST) | Target Loss: 0.0000 | DDIM Loss: 0.0084
Client 5 (MNIST) | Target Loss: 0.0000 | DDIM Loss: 0.0083
Client 6 (MNIST) | Target Loss: 0.0000 | DDIM Loss: 0.0083
Client 7 (MNIST) | Target Loss: 0.0000 | DDIM Loss: 0.0084
Client 8 (MNIST) | Target Loss: 0.0000 | DDIM Loss: 0.0088
Client 9 (MNIST) | Target Loss: 0.0000 | DDIM Loss: 0.0085
Client 11 (EMNIST) | Target Loss: 0.0000 | DDIM Loss: 0.0068
Client 12 (EMNIST) | Target Loss: 0.0000 | DDIM Loss: 0.0068
Client 13 (EMNIST) | Target Loss: 0.0000 | DDIM Loss: 0.0069
Client 14 (EMNIST) | Target Loss: 0.0000 | DDIM Loss: 0.0068
Client 15 (EMNIST) | Target Loss: 0.0000 | DDIM Loss: 0.0068
Client 16 (EMNIST) | Target Loss: 0.0000 | DDIM Loss: 0.0068
Client 17 (EMNIST) | Target Loss: 0.0000 | DDIM Loss: 0.0068
Client 18 (EMNIST) | Target Loss: 0.0000 | DDIM Loss: 0.0068
Client 19 (EMNIST) | Target Loss: 0.0000 | DDIM Loss: 0.0068
Client 20 (EMNIST) | Target Loss: 0.0000 | DDIM Loss: 0.0068
Epoch 0 Loss: 1.4672
Epoch 1 Loss: 0.7175
Epoch 2 Loss: 0.4323
Epoch 3 Loss: 0.2634
Epoch 4 Loss: 0.1509
[Server] Global Inference Model Acc (MNIST) (Round 25): 21.51% (Tested on 9095 samples)
[Server] Global Inference Model Acc (EMNIST) (Round 25): 27.74% (Tested on 105779 samples)
[Server] Global Inference Model Acc (Mix) (Round 25): 27.24% (Tested on 114874 samples)
Selected client ids: [0, 1, 2, 3, 4, 5, 6, 7, 8, 9, 10, 11, 12, 13, 14, 15, 16, 17, 18, 19]
--- Round 26 ---
Client 0 (MNIST) | Target Loss: 0.0000 | DDIM Loss: 0.0084
Client 1 (MNIST) | Target Loss: 0.0000 | DDIM Loss: 0.0083
Client 2 (MNIST) | Target Loss: 0.0000 | DDIM Loss: 0.0084
Client 3 (MNIST) | Target Loss: 0.0000 | DDIM Loss: 0.0083
Client 4 (MNIST) | Target Loss: 0.0000 | DDIM Loss: 0.0085
Client 5 (MNIST) | Target Loss: 0.0000 | DDIM Loss: 0.0083
Client 6 (MNIST) | Target Loss: 0.0000 | DDIM Loss: 0.0083
Client 7 (MNIST) | Target Loss: 0.0000 | DDIM Loss: 0.0082
Client 8 (MNIST) | Target Loss: 0.0000 | DDIM Loss: 0.0086
Client 9 (MNIST) | Target Loss: 0.0000 | DDIM Loss: 0.0085
Client 11 (EMNIST) | Target Loss: 0.0000 | DDIM Loss: 0.0068
Client 12 (EMNIST) | Target Loss: 0.0000 | DDIM Loss: 0.0068
Client 13 (EMNIST) | Target Loss: 0.0000 | DDIM Loss: 0.0068
Client 14 (EMNIST) | Target Loss: 0.0000 | DDIM Loss: 0.0068
Client 15 (EMNIST) | Target Loss: 0.0000 | DDIM Loss: 0.0068
Client 16 (EMNIST) | Target Loss: 0.0000 | DDIM Loss: 0.0067
Client 17 (EMNIST) | Target Loss: 0.0000 | DDIM Loss: 0.0068
Client 18 (EMNIST) | Target Loss: 0.0000 | DDIM Loss: 0.0068
Client 19 (EMNIST) | Target Loss: 0.0000 | DDIM Loss: 0.0068
Client 20 (EMNIST) | Target Loss: 0.0000 | DDIM Loss: 0.0068
Epoch 0 Loss: 1.4003
Epoch 1 Loss: 0.6243
Epoch 2 Loss: 0.3706
Epoch 3 Loss: 0.2068
Epoch 4 Loss: 0.1156
[Server] Global Inference Model Acc (MNIST) (Round 26): 34.22% (Tested on 9095 samples)
[Server] Global Inference Model Acc (EMNIST) (Round 26): 31.85% (Tested on 105779 samples)
[Server] Global Inference Model Acc (Mix) (Round 26): 32.04% (Tested on 114874 samples)
Selected client ids: [0, 1, 2, 3, 4, 5, 6, 7, 8, 9, 10, 11, 12, 13, 14, 15, 16, 17, 18, 19]
--- Round 27 ---
Client 0 (MNIST) | Target Loss: 0.0000 | DDIM Loss: 0.0083
Client 1 (MNIST) | Target Loss: 0.0000 | DDIM Loss: 0.0084
Client 2 (MNIST) | Target Loss: 0.0000 | DDIM Loss: 0.0082
Client 3 (MNIST) | Target Loss: 0.0000 | DDIM Loss: 0.0088
Client 4 (MNIST) | Target Loss: 0.0000 | DDIM Loss: 0.0082
Client 5 (MNIST) | Target Loss: 0.0000 | DDIM Loss: 0.0083
Client 6 (MNIST) | Target Loss: 0.0000 | DDIM Loss: 0.0083
Client 7 (MNIST) | Target Loss: 0.0000 | DDIM Loss: 0.0082
Client 8 (MNIST) | Target Loss: 0.0000 | DDIM Loss: 0.0107
Client 9 (MNIST) | Target Loss: 0.0000 | DDIM Loss: 0.0086
Client 11 (EMNIST) | Target Loss: 0.0000 | DDIM Loss: 0.0068
Client 12 (EMNIST) | Target Loss: 0.0000 | DDIM Loss: 0.0067
Client 13 (EMNIST) | Target Loss: 0.0000 | DDIM Loss: 0.0068
Client 14 (EMNIST) | Target Loss: 0.0000 | DDIM Loss: 0.0068
Client 15 (EMNIST) | Target Loss: 0.0000 | DDIM Loss: 0.0068
Client 16 (EMNIST) | Target Loss: 0.0000 | DDIM Loss: 0.0067
Client 17 (EMNIST) | Target Loss: 0.0000 | DDIM Loss: 0.0068
Client 18 (EMNIST) | Target Loss: 0.0000 | DDIM Loss: 0.0068
Client 19 (EMNIST) | Target Loss: 0.0000 | DDIM Loss: 0.0068
Client 20 (EMNIST) | Target Loss: 0.0000 | DDIM Loss: 0.0068
Epoch 0 Loss: 1.4546
Epoch 1 Loss: 0.6313
Epoch 2 Loss: 0.3487
Epoch 3 Loss: 0.1832
Epoch 4 Loss: 0.0957
[Server] Global Inference Model Acc (MNIST) (Round 27): 33.10% (Tested on 9095 samples)
[Server] Global Inference Model Acc (EMNIST) (Round 27): 34.23% (Tested on 105779 samples)
[Server] Global Inference Model Acc (Mix) (Round 27): 34.14% (Tested on 114874 samples)
Selected client ids: [0, 1, 2, 3, 4, 5, 6, 7, 8, 9, 10, 11, 12, 13, 14, 15, 16, 17, 18, 19]
--- Round 28 ---
Client 0 (MNIST) | Target Loss: 0.0000 | DDIM Loss: 0.0083
Client 1 (MNIST) | Target Loss: 0.0000 | DDIM Loss: 0.0082
Client 2 (MNIST) | Target Loss: 0.0000 | DDIM Loss: 0.0084
Client 3 (MNIST) | Target Loss: 0.0000 | DDIM Loss: 0.0085
Client 4 (MNIST) | Target Loss: 0.0000 | DDIM Loss: 0.0082
Client 5 (MNIST) | Target Loss: 0.0000 | DDIM Loss: 0.0090
Client 6 (MNIST) | Target Loss: 0.0000 | DDIM Loss: 0.0082
Client 7 (MNIST) | Target Loss: 0.0000 | DDIM Loss: 0.0079
Client 8 (MNIST) | Target Loss: 0.0000 | DDIM Loss: 0.0079
Client 9 (MNIST) | Target Loss: 0.0000 | DDIM Loss: 0.0083
Client 11 (EMNIST) | Target Loss: 0.0000 | DDIM Loss: 0.0068
Client 12 (EMNIST) | Target Loss: 0.0000 | DDIM Loss: 0.0067
Client 13 (EMNIST) | Target Loss: 0.0000 | DDIM Loss: 0.0067
Client 14 (EMNIST) | Target Loss: 0.0000 | DDIM Loss: 0.0067
Client 15 (EMNIST) | Target Loss: 0.0000 | DDIM Loss: 0.0067
Client 16 (EMNIST) | Target Loss: 0.0000 | DDIM Loss: 0.0067
Client 17 (EMNIST) | Target Loss: 0.0000 | DDIM Loss: 0.0067
Client 18 (EMNIST) | Target Loss: 0.0000 | DDIM Loss: 0.0067
Client 19 (EMNIST) | Target Loss: 0.0000 | DDIM Loss: 0.0067
Client 20 (EMNIST) | Target Loss: 0.0000 | DDIM Loss: 0.0067
Epoch 0 Loss: 1.3613
Epoch 1 Loss: 0.5529
Epoch 2 Loss: 0.2943
Epoch 3 Loss: 0.1457
Epoch 4 Loss: 0.0727
[Server] Global Inference Model Acc (MNIST) (Round 28): 26.49% (Tested on 9095 samples)
[Server] Global Inference Model Acc (EMNIST) (Round 28): 27.84% (Tested on 105779 samples)
[Server] Global Inference Model Acc (Mix) (Round 28): 27.74% (Tested on 114874 samples)
Selected client ids: [0, 1, 2, 3, 4, 5, 6, 7, 8, 9, 10, 11, 12, 13, 14, 15, 16, 17, 18, 19]
--- Round 29 ---
Client 0 (MNIST) | Target Loss: 0.0000 | DDIM Loss: 0.0083
Client 1 (MNIST) | Target Loss: 0.0000 | DDIM Loss: 0.0083
Client 2 (MNIST) | Target Loss: 0.0000 | DDIM Loss: 0.0081
Client 3 (MNIST) | Target Loss: 0.0000 | DDIM Loss: 0.0082
Client 4 (MNIST) | Target Loss: 0.0000 | DDIM Loss: 0.0083
Client 5 (MNIST) | Target Loss: 0.0000 | DDIM Loss: 0.0081
Client 6 (MNIST) | Target Loss: 0.0000 | DDIM Loss: 0.0083
Client 7 (MNIST) | Target Loss: 0.0000 | DDIM Loss: 0.0082
Client 8 (MNIST) | Target Loss: 0.0000 | DDIM Loss: 0.0082
Client 9 (MNIST) | Target Loss: 0.0000 | DDIM Loss: 0.0081
Client 11 (EMNIST) | Target Loss: 0.0000 | DDIM Loss: 0.0067
Client 12 (EMNIST) | Target Loss: 0.0000 | DDIM Loss: 0.0067
Client 13 (EMNIST) | Target Loss: 0.0000 | DDIM Loss: 0.0067
Client 14 (EMNIST) | Target Loss: 0.0000 | DDIM Loss: 0.0067
Client 15 (EMNIST) | Target Loss: 0.0000 | DDIM Loss: 0.0067
Client 16 (EMNIST) | Target Loss: 0.0000 | DDIM Loss: 0.0066
Client 17 (EMNIST) | Target Loss: 0.0000 | DDIM Loss: 0.0067
Client 18 (EMNIST) | Target Loss: 0.0000 | DDIM Loss: 0.0067
Client 19 (EMNIST) | Target Loss: 0.0000 | DDIM Loss: 0.0067
Client 20 (EMNIST) | Target Loss: 0.0000 | DDIM Loss: 0.0068
Epoch 0 Loss: 1.3345
Epoch 1 Loss: 0.5512
Epoch 2 Loss: 0.2861
Epoch 3 Loss: 0.1509
Epoch 4 Loss: 0.0691
[Server] Global Inference Model Acc (MNIST) (Round 29): 35.14% (Tested on 9095 samples)
[Server] Global Inference Model Acc (EMNIST) (Round 29): 34.21% (Tested on 105779 samples)
[Server] Global Inference Model Acc (Mix) (Round 29): 34.29% (Tested on 114874 samples)
Selected client ids: [0, 1, 2, 3, 4, 5, 6, 7, 8, 9, 10, 11, 12, 13, 14, 15, 16, 17, 18, 19]
--- Round 30 ---
Client 0 (MNIST) | Target Loss: 0.0000 | DDIM Loss: 0.0082
Client 1 (MNIST) | Target Loss: 0.0000 | DDIM Loss: 0.0081
Client 2 (MNIST) | Target Loss: 0.0000 | DDIM Loss: 0.0081
Client 3 (MNIST) | Target Loss: 0.0000 | DDIM Loss: 0.0082
Client 4 (MNIST) | Target Loss: 0.0000 | DDIM Loss: 0.0082
Client 5 (MNIST) | Target Loss: 0.0000 | DDIM Loss: 0.0093
Client 6 (MNIST) | Target Loss: 0.0000 | DDIM Loss: 0.0082
Client 7 (MNIST) | Target Loss: 0.0000 | DDIM Loss: 0.0082
Client 8 (MNIST) | Target Loss: 0.0000 | DDIM Loss: 0.0114
Client 9 (MNIST) | Target Loss: 0.0000 | DDIM Loss: 0.0082
Client 11 (EMNIST) | Target Loss: 0.0000 | DDIM Loss: 0.0067
Client 12 (EMNIST) | Target Loss: 0.0000 | DDIM Loss: 0.0067
Client 13 (EMNIST) | Target Loss: 0.0000 | DDIM Loss: 0.0067
Client 14 (EMNIST) | Target Loss: 0.0000 | DDIM Loss: 0.0067
Client 15 (EMNIST) | Target Loss: 0.0000 | DDIM Loss: 0.0067
Client 16 (EMNIST) | Target Loss: 0.0000 | DDIM Loss: 0.0066
Client 17 (EMNIST) | Target Loss: 0.0000 | DDIM Loss: 0.0067
Client 18 (EMNIST) | Target Loss: 0.0000 | DDIM Loss: 0.0067
Client 19 (EMNIST) | Target Loss: 0.0000 | DDIM Loss: 0.0067
