Time: 2026-04-18 08:26:57
Log Dir: /home/unshun/multi-FL/logs/Local_noniid_hom_gb40/new_client_2026-04-18_08-26-57/
================================================================================Loading checkpoints from logs/Local_noniid_hom_gb40/Local/
Method selected: DI
Loaded CNN for CIFAR10 from client_model_CIFAR10_c22_CNN.pth
Loaded CNN for CIFAR10 from client_model_CIFAR10_c23_CNN.pth
Loaded CNN for CIFAR10 from client_model_CIFAR10_c29_CNN.pth
Loaded CNN for CIFAR10 from client_model_CIFAR10_c24_CNN.pth
Loaded CNN for CIFAR10 from client_model_CIFAR10_c28_CNN.pth
Loaded CNN for CIFAR10 from client_model_CIFAR10_c26_CNN.pth
Loaded CNN for CIFAR10 from client_model_CIFAR10_c25_CNN.pth
Loaded CNN for CIFAR10 from client_model_CIFAR10_c27_CNN.pth
Loaded CNN for CIFAR10 from client_model_CIFAR10_c31_CNN.pth
Loaded CNN for CIFAR10 from client_model_CIFAR10_c30_CNN.pth
WARNING: No models loaded for dataset: FashionMNIST.
WARNING: No models loaded for dataset: CIFAR100.

========================================
>>> [METHOD: SYNTHETIC] Starting Synthetic Label Mapping...
========================================
>>> Target Methods to Run: ['DI']
>>> [Syn] Loaded client data distributions directly from server checkpoint.

########################################
>>> [Syn] Running Method: DI
########################################

>>> Syn-DI Training Old Generators...
[Testing] Training Per-Dataset Generators Offline (Old Gen Method)...
--- DeepInversion Generator Configuration ---
    epochs: 120
    g_steps: 1000
    lr: 0.1
    ce: 1.0
    bn: 10.0
    tv: 0.005
    l2: 0.0
    adv: 1.0
    student_lr: 0.2
------------------------------------
    -> [Epoch 0] Student Test Accuracy for CIFAR10: 10.57%
    -> [Epoch 1] Student Test Accuracy for CIFAR10: 10.00%
    -> [Epoch 2] Student Test Accuracy for CIFAR10: 10.00%
    -> [Epoch 3] Student Test Accuracy for CIFAR10: 10.00%
    -> [Epoch 4] Student Test Accuracy for CIFAR10: 10.00%
    -> [Epoch 5] Student Test Accuracy for CIFAR10: 11.87%
    -> [Epoch 6] Student Test Accuracy for CIFAR10: 12.90%
    -> [Epoch 7] Student Test Accuracy for CIFAR10: 10.14%
    -> [Epoch 8] Student Test Accuracy for CIFAR10: 10.00%
    -> [Epoch 9] Student Test Accuracy for CIFAR10: 10.00%
    -> [Epoch 10] Student Test Accuracy for CIFAR10: 15.23%
    -> [Epoch 11] Student Test Accuracy for CIFAR10: 13.57%
    -> [Epoch 12] Student Test Accuracy for CIFAR10: 15.59%
    -> [Epoch 13] Student Test Accuracy for CIFAR10: 17.30%
    -> [Epoch 14] Student Test Accuracy for CIFAR10: 17.08%
    -> [Epoch 15] Student Test Accuracy for CIFAR10: 15.56%
    -> [Epoch 16] Student Test Accuracy for CIFAR10: 14.60%
    -> [Epoch 17] Student Test Accuracy for CIFAR10: 14.07%
    -> [Epoch 18] Student Test Accuracy for CIFAR10: 14.09%
    -> [Epoch 19] Student Test Accuracy for CIFAR10: 14.94%
    -> [Epoch 20] Student Test Accuracy for CIFAR10: 15.78%
    -> [Epoch 21] Student Test Accuracy for CIFAR10: 16.44%
    -> [Epoch 22] Student Test Accuracy for CIFAR10: 15.83%
    -> [Epoch 23] Student Test Accuracy for CIFAR10: 14.36%
    -> [Epoch 24] Student Test Accuracy for CIFAR10: 13.32%
    -> [Epoch 25] Student Test Accuracy for CIFAR10: 15.12%
    -> [Epoch 26] Student Test Accuracy for CIFAR10: 17.95%
    -> [Epoch 27] Student Test Accuracy for CIFAR10: 19.12%
    -> [Epoch 28] Student Test Accuracy for CIFAR10: 18.48%
    -> [Epoch 29] Student Test Accuracy for CIFAR10: 19.00%
    -> [Epoch 30] Student Test Accuracy for CIFAR10: 18.88%
    -> [Epoch 31] Student Test Accuracy for CIFAR10: 18.68%
    -> [Epoch 32] Student Test Accuracy for CIFAR10: 18.72%
    -> [Epoch 33] Student Test Accuracy for CIFAR10: 19.15%
    -> [Epoch 34] Student Test Accuracy for CIFAR10: 18.15%
    -> [Epoch 35] Student Test Accuracy for CIFAR10: 15.81%
    -> [Epoch 36] Student Test Accuracy for CIFAR10: 15.67%
    -> [Epoch 37] Student Test Accuracy for CIFAR10: 14.71%
    -> [Epoch 38] Student Test Accuracy for CIFAR10: 14.06%
    -> [Epoch 39] Student Test Accuracy for CIFAR10: 14.27%
    -> [Epoch 40] Student Test Accuracy for CIFAR10: 18.09%
    -> [Epoch 41] Student Test Accuracy for CIFAR10: 20.22%
    -> [Epoch 42] Student Test Accuracy for CIFAR10: 20.43%
    -> [Epoch 43] Student Test Accuracy for CIFAR10: 20.25%
    -> [Epoch 44] Student Test Accuracy for CIFAR10: 19.09%
    -> [Epoch 45] Student Test Accuracy for CIFAR10: 17.73%
    -> [Epoch 46] Student Test Accuracy for CIFAR10: 16.99%
    -> [Epoch 47] Student Test Accuracy for CIFAR10: 16.97%
    -> [Epoch 48] Student Test Accuracy for CIFAR10: 17.04%
    -> [Epoch 49] Student Test Accuracy for CIFAR10: 16.54%
    -> [Epoch 50] Student Test Accuracy for CIFAR10: 16.10%
    -> [Epoch 51] Student Test Accuracy for CIFAR10: 15.34%
    -> [Epoch 52] Student Test Accuracy for CIFAR10: 14.71%
    -> [Epoch 53] Student Test Accuracy for CIFAR10: 15.06%
    -> [Epoch 54] Student Test Accuracy for CIFAR10: 16.12%
    -> [Epoch 55] Student Test Accuracy for CIFAR10: 18.82%
    -> [Epoch 56] Student Test Accuracy for CIFAR10: 20.38%
    -> [Epoch 57] Student Test Accuracy for CIFAR10: 21.39%
    -> [Epoch 58] Student Test Accuracy for CIFAR10: 20.88%
    -> [Epoch 59] Student Test Accuracy for CIFAR10: 19.68%
    -> [Epoch 60] Student Test Accuracy for CIFAR10: 18.54%
    -> [Epoch 61] Student Test Accuracy for CIFAR10: 18.43%
    -> [Epoch 62] Student Test Accuracy for CIFAR10: 19.32%
    -> [Epoch 63] Student Test Accuracy for CIFAR10: 20.13%
    -> [Epoch 64] Student Test Accuracy for CIFAR10: 20.36%
    -> [Epoch 65] Student Test Accuracy for CIFAR10: 20.08%
    -> [Epoch 66] Student Test Accuracy for CIFAR10: 19.78%
    -> [Epoch 67] Student Test Accuracy for CIFAR10: 19.63%
    -> [Epoch 68] Student Test Accuracy for CIFAR10: 19.56%
    -> [Epoch 69] Student Test Accuracy for CIFAR10: 18.86%
    -> [Epoch 70] Student Test Accuracy for CIFAR10: 18.00%
    -> [Epoch 71] Student Test Accuracy for CIFAR10: 17.14%
    -> [Epoch 72] Student Test Accuracy for CIFAR10: 15.75%
    -> [Epoch 73] Student Test Accuracy for CIFAR10: 15.45%
    -> [Epoch 74] Student Test Accuracy for CIFAR10: 15.58%
    -> [Epoch 75] Student Test Accuracy for CIFAR10: 17.08%
    -> [Epoch 76] Student Test Accuracy for CIFAR10: 18.04%
    -> [Epoch 77] Student Test Accuracy for CIFAR10: 18.75%
    -> [Epoch 78] Student Test Accuracy for CIFAR10: 19.61%
    -> [Epoch 79] Student Test Accuracy for CIFAR10: 20.27%
    -> [Epoch 80] Student Test Accuracy for CIFAR10: 20.23%
    -> [Epoch 81] Student Test Accuracy for CIFAR10: 19.85%
    -> [Epoch 82] Student Test Accuracy for CIFAR10: 19.50%
    -> [Epoch 83] Student Test Accuracy for CIFAR10: 19.29%
    -> [Epoch 84] Student Test Accuracy for CIFAR10: 18.02%
    -> [Epoch 85] Student Test Accuracy for CIFAR10: 17.31%
    -> [Epoch 86] Student Test Accuracy for CIFAR10: 20.17%
    -> [Epoch 87] Student Test Accuracy for CIFAR10: 22.33%
    -> [Epoch 88] Student Test Accuracy for CIFAR10: 18.60%
    -> [Epoch 89] Student Test Accuracy for CIFAR10: 18.07%
    -> [Epoch 90] Student Test Accuracy for CIFAR10: 17.61%
    -> [Epoch 91] Student Test Accuracy for CIFAR10: 17.09%
    -> [Epoch 92] Student Test Accuracy for CIFAR10: 17.66%
    -> [Epoch 93] Student Test Accuracy for CIFAR10: 19.44%
    -> [Epoch 94] Student Test Accuracy for CIFAR10: 20.55%
    -> [Epoch 95] Student Test Accuracy for CIFAR10: 20.41%
    -> [Epoch 96] Student Test Accuracy for CIFAR10: 20.92%
    -> [Epoch 97] Student Test Accuracy for CIFAR10: 19.80%
    -> [Epoch 98] Student Test Accuracy for CIFAR10: 18.35%
    -> [Epoch 99] Student Test Accuracy for CIFAR10: 17.66%
    -> [Epoch 100] Student Test Accuracy for CIFAR10: 18.44%
    -> [Epoch 101] Student Test Accuracy for CIFAR10: 20.54%
    -> [Epoch 102] Student Test Accuracy for CIFAR10: 21.60%
    -> [Epoch 103] Student Test Accuracy for CIFAR10: 22.76%
    -> [Epoch 104] Student Test Accuracy for CIFAR10: 24.00%
    -> [Epoch 105] Student Test Accuracy for CIFAR10: 24.88%
    -> [Epoch 106] Student Test Accuracy for CIFAR10: 24.94%
    -> [Epoch 107] Student Test Accuracy for CIFAR10: 24.96%
    -> [Epoch 108] Student Test Accuracy for CIFAR10: 23.27%
    -> [Epoch 109] Student Test Accuracy for CIFAR10: 21.43%
    -> [Epoch 110] Student Test Accuracy for CIFAR10: 21.19%
    -> [Epoch 111] Student Test Accuracy for CIFAR10: 21.12%
    -> [Epoch 112] Student Test Accuracy for CIFAR10: 21.57%
    -> [Epoch 113] Student Test Accuracy for CIFAR10: 21.77%
    -> [Epoch 114] Student Test Accuracy for CIFAR10: 21.77%
    -> [Epoch 115] Student Test Accuracy for CIFAR10: 21.08%
    -> [Epoch 116] Student Test Accuracy for CIFAR10: 21.08%
    -> [Epoch 117] Student Test Accuracy for CIFAR10: 19.16%
    -> [Epoch 118] Student Test Accuracy for CIFAR10: 18.83%
    -> [Epoch 119] Student Test Accuracy for CIFAR10: 18.82%
    Dataset [CIFAR10] Generator | Epochs: 120 | Final Loss: 17.9902
    -> Student Accuracy per Epoch saved to /home/unshun/multi-FL/logs/Local_noniid_hom_gb40/new_client_2026-04-18_08-26-57/DI_CIFAR10_student_acc.csv
-> [New] Gen images saved to /home/unshun/multi-FL/logs/Local_noniid_hom_gb40/new_client_2026-04-18_08-26-57/DeepInversion_CIFAR10__gen_img_old.png
