Time: 2026-05-12 07:04:29
Log Dir: logs/2026-05-12_07-04-29/FedTED
================================================================================

==============================        Args        ==============================
  exp_timestamp: None
  exp_conf: ./configs/het-iid-exp.yaml
  device: cuda:1
  seed: 15698
  algorithm: FedTED
  num_new_clients: 1
  num_train_mnist: 10
  num_train_emnist: 10
  num_train_fashionmnist: 0
  num_train_cifar10: 10
  num_train_cifar100: 0
  num_train_usps: 0
================================================================================
==============================    Exp Configs     ==============================
exp_name: model-heterogeneity
heterogeneous: true
dirichlet_alpha: 100
global_rounds: 30
local_epochs: 1
local_loss_fn: CrossEntropyLoss
local_optim: Adam
local_lr: 0.001
batch_size: 64
sample_frac: 1.0
test_interval: 1
metric_type: accuracy
global_feature_dim: 256
optim: Adam
optim_lr: 0.001
global_gen_epochs: 10
gen_noise_dim: 128
gen_optim: Adam
gen_optim_lr: 0.001
global_feat_gen_epochs: 10
feat_gen_noise_dim: 128
feat_gen_optim: Adam
feat_gen_optim_lr: 0.001
feat_gen_div_beta: 1.0
public_data_ratio: 0.05
start_mapping_epoch: 1
gen_observer_weight: 1.0
index_matching: class_name
aggregate_method: dataset_name
use_new_entropy_method: true
entropy_ratio: 0.85
global_model_epochs: 5
global_model_optim: Adam
global_model_optim_lr: 0.0001
global_samples_per_class: 64

================================================================================

==================================================
Start 30 rounds training by FedTED
Selected client ids: [0, 1, 2, 3, 4, 5, 6, 7, 8, 9, 10, 11, 12, 13, 14, 15, 16, 17, 18, 19, 20, 21, 22, 23, 24, 25, 26, 27, 28, 29]
--- Round 1 ---
Round 1 | Client 0 | Model: (MLP) | Acc: 84.73%
Round 1 | Client 1 | Model: (CNN) | Acc: 67.88%
Round 1 | Client 2 | Model: (ResNet8) | Acc: 91.62%
Round 1 | Client 3 | Model: (ResNet18) | Acc: 88.69%
Round 1 | Client 4 | Model: (MobileNetV2) | Acc: 74.63%
Round 1 | Client 5 | Model: (MobileNetV3) | Acc: 47.38%
Round 1 | Client 6 | Model: (LeNet) | Acc: 77.68%
Round 1 | Client 7 | Model: (AlexNet) | Acc: 90.74%
Round 1 | Client 8 | Model: (ShuffleNet) | Acc: 60.13%
Round 1 | Client 9 | Model: (SqueezeNet) | Acc: 61.20%
Round 1 | Client 11 | Model: (MLP) | Acc: 30.00%
Round 1 | Client 12 | Model: (CNN) | Acc: 19.27%
Round 1 | Client 13 | Model: (ResNet8) | Acc: 34.62%
Round 1 | Client 14 | Model: (ResNet18) | Acc: 43.06%
Round 1 | Client 15 | Model: (MobileNetV2) | Acc: 39.89%
Round 1 | Client 16 | Model: (MobileNetV3) | Acc: 9.62%
Round 1 | Client 17 | Model: (LeNet) | Acc: 27.43%
Round 1 | Client 18 | Model: (AlexNet) | Acc: 46.27%
Round 1 | Client 19 | Model: (ShuffleNet) | Acc: 32.94%
Round 1 | Client 20 | Model: (SqueezeNet) | Acc: 29.23%
Round 1 | Client 22 | Model: (MLP) | Acc: 35.85%
Round 1 | Client 23 | Model: (CNN) | Acc: 34.95%
Round 1 | Client 24 | Model: (ResNet8) | Acc: 36.94%
Round 1 | Client 25 | Model: (ResNet18) | Acc: 28.30%
Round 1 | Client 26 | Model: (MobileNetV2) | Acc: 16.37%
Round 1 | Client 27 | Model: (MobileNetV3) | Acc: 30.58%
Round 1 | Client 28 | Model: (LeNet) | Acc: 26.84%
Round 1 | Client 29 | Model: (AlexNet) | Acc: 25.51%
Round 1 | Client 30 | Model: (ShuffleNet) | Acc: 21.38%
Round 1 | Client 31 | Model: (SqueezeNet) | Acc: 16.85%
[Server] Aggregating by Dataset Name ...
[Server] Performing Name-Based Label Mapping...
[Server] Name-based mapping completed. Found 72 unique global classes.

=========================================================================================================
Global ID  | Class Name           | Mapped Datasets (Local ID)
---------------------------------------------------------------------------------------------------------
0          | 0                    | MNIST(0), EMNIST(0)
1          | 1                    | MNIST(1), EMNIST(1)
2          | 2                    | MNIST(2), EMNIST(2)
3          | 3                    | MNIST(3), EMNIST(3)
4          | 4                    | MNIST(4), EMNIST(4)
5          | 5                    | MNIST(5), EMNIST(5)
6          | 6                    | MNIST(6), EMNIST(6)
7          | 7                    | MNIST(7), EMNIST(7)
8          | 8                    | MNIST(8), EMNIST(8)
9          | 9                    | MNIST(9), EMNIST(9)
10         | A                    | EMNIST(10)
11         | B                    | EMNIST(11)
12         | C                    | EMNIST(12)
13         | D                    | EMNIST(13)
14         | E                    | EMNIST(14)
15         | F                    | EMNIST(15)
16         | G                    | EMNIST(16)
17         | H                    | EMNIST(17)
18         | I                    | EMNIST(18)
19         | J                    | EMNIST(19)
20         | K                    | EMNIST(20)
21         | L                    | EMNIST(21)
22         | M                    | EMNIST(22)
23         | N                    | EMNIST(23)
24         | O                    | EMNIST(24)
25         | P                    | EMNIST(25)
26         | Q                    | EMNIST(26)
27         | R                    | EMNIST(27)
28         | S                    | EMNIST(28)
29         | T                    | EMNIST(29)
30         | U                    | EMNIST(30)
31         | V                    | EMNIST(31)
32         | W                    | EMNIST(32)
33         | X                    | EMNIST(33)
34         | Y                    | EMNIST(34)
35         | Z                    | EMNIST(35)
36         | a                    | EMNIST(36)
37         | airplane             | CIFAR10(0)
38         | automobile           | CIFAR10(1)
39         | b                    | EMNIST(37)
40         | bird                 | CIFAR10(2)
41         | c                    | EMNIST(38)
42         | cat                  | CIFAR10(3)
43         | d                    | EMNIST(39)
44         | deer                 | CIFAR10(4)
45         | dog                  | CIFAR10(5)
46         | e                    | EMNIST(40)
47         | f                    | EMNIST(41)
48         | frog                 | CIFAR10(6)
49         | g                    | EMNIST(42)
50         | h                    | EMNIST(43)
51         | horse                | CIFAR10(7)
52         | i                    | EMNIST(44)
53         | j                    | EMNIST(45)
54         | k                    | EMNIST(46)
55         | l                    | EMNIST(47)
56         | m                    | EMNIST(48)
57         | n                    | EMNIST(49)
58         | o                    | EMNIST(50)
59         | p                    | EMNIST(51)
60         | q                    | EMNIST(52)
61         | r                    | EMNIST(53)
62         | s                    | EMNIST(54)
63         | ship                 | CIFAR10(8)
64         | t                    | EMNIST(55)
65         | truck                | CIFAR10(9)
66         | u                    | EMNIST(56)
67         | v                    | EMNIST(57)
68         | w                    | EMNIST(58)
69         | x                    | EMNIST(59)
70         | y                    | EMNIST(60)
71         | z                    | EMNIST(61)
=========================================================================================================

[Server] Training Feature-Based Global Generator...
Initializing Global Inference Model with 72 classes...
[Server] Global Inference Model Acc (MNIST) (Round 1): 95.89% (Tested on 9095 samples)
[Server] Global Inference Model Acc (EMNIST) (Round 1): 75.95% (Tested on 105779 samples)
[Server] Global Inference Model Acc (CIFAR10) (Round 1): 27.27% (Tested on 9100 samples)
[Server] Global Inference Model Acc (Mix) (Round 1): 73.84% (Tested on 123974 samples)
Selected client ids: [0, 1, 2, 3, 4, 5, 6, 7, 8, 9, 10, 11, 12, 13, 14, 15, 16, 17, 18, 19, 20, 21, 22, 23, 24, 25, 26, 27, 28, 29]
--- Round 2 ---
Round 2 | Client 0 | Model: (MLP) | Acc: 87.57%
Round 2 | Client 1 | Model: (CNN) | Acc: 83.72%
Round 2 | Client 2 | Model: (ResNet8) | Acc: 92.53%
Round 2 | Client 3 | Model: (ResNet18) | Acc: 85.75%
Round 2 | Client 4 | Model: (MobileNetV2) | Acc: 10.49%
Round 2 | Client 5 | Model: (MobileNetV3) | Acc: 53.85%
Round 2 | Client 6 | Model: (LeNet) | Acc: 85.78%
Round 2 | Client 7 | Model: (AlexNet) | Acc: 84.84%
Round 2 | Client 8 | Model: (ShuffleNet) | Acc: 33.18%
Round 2 | Client 9 | Model: (SqueezeNet) | Acc: 47.98%
Round 2 | Client 11 | Model: (MLP) | Acc: 38.71%
Round 2 | Client 12 | Model: (CNN) | Acc: 31.80%
Round 2 | Client 13 | Model: (ResNet8) | Acc: 46.44%
Round 2 | Client 14 | Model: (ResNet18) | Acc: 53.18%
Round 2 | Client 15 | Model: (MobileNetV2) | Acc: 39.59%
Round 2 | Client 16 | Model: (MobileNetV3) | Acc: 13.07%
Round 2 | Client 17 | Model: (LeNet) | Acc: 36.88%
Round 2 | Client 18 | Model: (AlexNet) | Acc: 49.01%
Round 2 | Client 19 | Model: (ShuffleNet) | Acc: 37.79%
Round 2 | Client 20 | Model: (SqueezeNet) | Acc: 30.59%
Round 2 | Client 22 | Model: (MLP) | Acc: 29.86%
Round 2 | Client 23 | Model: (CNN) | Acc: 36.48%
Round 2 | Client 24 | Model: (ResNet8) | Acc: 15.42%
Round 2 | Client 25 | Model: (ResNet18) | Acc: 10.88%
Round 2 | Client 26 | Model: (MobileNetV2) | Acc: 12.91%
Round 2 | Client 27 | Model: (MobileNetV3) | Acc: 30.36%
Round 2 | Client 28 | Model: (LeNet) | Acc: 26.84%
Round 2 | Client 29 | Model: (AlexNet) | Acc: 26.05%
Round 2 | Client 30 | Model: (ShuffleNet) | Acc: 11.84%
Round 2 | Client 31 | Model: (SqueezeNet) | Acc: 18.20%
[Server] Aggregating by Dataset Name ...
[Server] Training Feature-Based Global Generator...
[Server] Global Inference Model Acc (MNIST) (Round 2): 96.92% (Tested on 9095 samples)
[Server] Global Inference Model Acc (EMNIST) (Round 2): 76.72% (Tested on 105779 samples)
[Server] Global Inference Model Acc (CIFAR10) (Round 2): 43.52% (Tested on 9100 samples)
[Server] Global Inference Model Acc (Mix) (Round 2): 75.77% (Tested on 123974 samples)
Selected client ids: [0, 1, 2, 3, 4, 5, 6, 7, 8, 9, 10, 11, 12, 13, 14, 15, 16, 17, 18, 19, 20, 21, 22, 23, 24, 25, 26, 27, 28, 29]
--- Round 3 ---
Round 3 | Client 0 | Model: (MLP) | Acc: 76.88%
Round 3 | Client 1 | Model: (CNN) | Acc: 90.37%
Round 3 | Client 2 | Model: (ResNet8) | Acc: 91.28%
Round 3 | Client 3 | Model: (ResNet18) | Acc: 87.10%
Round 3 | Client 4 | Model: (MobileNetV2) | Acc: 10.49%
Round 3 | Client 5 | Model: (MobileNetV3) | Acc: 54.40%
Round 3 | Client 6 | Model: (LeNet) | Acc: 90.92%
Round 3 | Client 7 | Model: (AlexNet) | Acc: 91.89%
Round 3 | Client 8 | Model: (ShuffleNet) | Acc: 24.39%
Round 3 | Client 9 | Model: (SqueezeNet) | Acc: 54.64%
Round 3 | Client 11 | Model: (MLP) | Acc: 29.85%
Round 3 | Client 12 | Model: (CNN) | Acc: 35.63%
Round 3 | Client 13 | Model: (ResNet8) | Acc: 45.01%
Round 3 | Client 14 | Model: (ResNet18) | Acc: 6.49%
Round 3 | Client 15 | Model: (MobileNetV2) | Acc: 36.20%
Round 3 | Client 16 | Model: (MobileNetV3) | Acc: 14.30%
Round 3 | Client 17 | Model: (LeNet) | Acc: 36.94%
Round 3 | Client 18 | Model: (AlexNet) | Acc: 42.61%
Round 3 | Client 19 | Model: (ShuffleNet) | Acc: 5.14%
Round 3 | Client 20 | Model: (SqueezeNet) | Acc: 21.28%
Round 3 | Client 22 | Model: (MLP) | Acc: 30.22%
Round 3 | Client 23 | Model: (CNN) | Acc: 37.58%
Round 3 | Client 24 | Model: (ResNet8) | Acc: 21.52%
Round 3 | Client 25 | Model: (ResNet18) | Acc: 10.88%
Round 3 | Client 26 | Model: (MobileNetV2) | Acc: 16.05%
Round 3 | Client 27 | Model: (MobileNetV3) | Acc: 33.26%
Round 3 | Client 28 | Model: (LeNet) | Acc: 26.84%
Round 3 | Client 29 | Model: (AlexNet) | Acc: 30.27%
Round 3 | Client 30 | Model: (ShuffleNet) | Acc: 10.53%
Round 3 | Client 31 | Model: (SqueezeNet) | Acc: 15.39%
[Server] Aggregating by Dataset Name ...
[Server] Training Feature-Based Global Generator...
[Server] Global Inference Model Acc (MNIST) (Round 3): 98.09% (Tested on 9095 samples)
[Server] Global Inference Model Acc (EMNIST) (Round 3): 75.40% (Tested on 105779 samples)
[Server] Global Inference Model Acc (CIFAR10) (Round 3): 42.93% (Tested on 9100 samples)
[Server] Global Inference Model Acc (Mix) (Round 3): 74.68% (Tested on 123974 samples)
Selected client ids: [0, 1, 2, 3, 4, 5, 6, 7, 8, 9, 10, 11, 12, 13, 14, 15, 16, 17, 18, 19, 20, 21, 22, 23, 24, 25, 26, 27, 28, 29]
--- Round 4 ---
Round 4 | Client 0 | Model: (MLP) | Acc: 86.70%
Round 4 | Client 1 | Model: (CNN) | Acc: 92.80%
Round 4 | Client 2 | Model: (ResNet8) | Acc: 93.43%
Round 4 | Client 3 | Model: (ResNet18) | Acc: 63.35%
Round 4 | Client 4 | Model: (MobileNetV2) | Acc: 11.67%
Round 4 | Client 5 | Model: (MobileNetV3) | Acc: 59.64%
Round 4 | Client 6 | Model: (LeNet) | Acc: 90.70%
Round 4 | Client 7 | Model: (AlexNet) | Acc: 87.47%
Round 4 | Client 8 | Model: (ShuffleNet) | Acc: 47.77%
Round 4 | Client 9 | Model: (SqueezeNet) | Acc: 19.02%
Round 4 | Client 11 | Model: (MLP) | Acc: 5.47%
Round 4 | Client 12 | Model: (CNN) | Acc: 35.24%
Round 4 | Client 13 | Model: (ResNet8) | Acc: 10.12%
Round 4 | Client 14 | Model: (ResNet18) | Acc: 6.49%
Round 4 | Client 15 | Model: (MobileNetV2) | Acc: 26.73%
Round 4 | Client 16 | Model: (MobileNetV3) | Acc: 19.88%
Round 4 | Client 17 | Model: (LeNet) | Acc: 38.05%
Round 4 | Client 18 | Model: (AlexNet) | Acc: 5.44%
Round 4 | Client 19 | Model: (ShuffleNet) | Acc: 5.21%
Round 4 | Client 20 | Model: (SqueezeNet) | Acc: 25.37%
Round 4 | Client 22 | Model: (MLP) | Acc: 35.61%
Round 4 | Client 23 | Model: (CNN) | Acc: 40.22%
Round 4 | Client 24 | Model: (ResNet8) | Acc: 27.09%
Round 4 | Client 25 | Model: (ResNet18) | Acc: 10.88%
Round 4 | Client 26 | Model: (MobileNetV2) | Acc: 15.11%
Round 4 | Client 27 | Model: (MobileNetV3) | Acc: 34.76%
Round 4 | Client 28 | Model: (LeNet) | Acc: 25.52%
Round 4 | Client 29 | Model: (AlexNet) | Acc: 34.92%
Round 4 | Client 30 | Model: (ShuffleNet) | Acc: 11.18%
Round 4 | Client 31 | Model: (SqueezeNet) | Acc: 16.74%
[Server] Aggregating by Dataset Name ...
[Server] Training Feature-Based Global Generator...
[Server] Global Inference Model Acc (MNIST) (Round 4): 98.50% (Tested on 9095 samples)
[Server] Global Inference Model Acc (EMNIST) (Round 4): 80.36% (Tested on 105779 samples)
[Server] Global Inference Model Acc (CIFAR10) (Round 4): 45.86% (Tested on 9100 samples)
[Server] Global Inference Model Acc (Mix) (Round 4): 79.16% (Tested on 123974 samples)
Selected client ids: [0, 1, 2, 3, 4, 5, 6, 7, 8, 9, 10, 11, 12, 13, 14, 15, 16, 17, 18, 19, 20, 21, 22, 23, 24, 25, 26, 27, 28, 29]
--- Round 5 ---
Round 5 | Client 0 | Model: (MLP) | Acc: 83.86%
Round 5 | Client 1 | Model: (CNN) | Acc: 94.24%
Round 5 | Client 2 | Model: (ResNet8) | Acc: 93.32%
Round 5 | Client 3 | Model: (ResNet18) | Acc: 89.48%
Round 5 | Client 4 | Model: (MobileNetV2) | Acc: 11.67%
Round 5 | Client 5 | Model: (MobileNetV3) | Acc: 64.77%
Round 5 | Client 6 | Model: (LeNet) | Acc: 86.76%
Round 5 | Client 7 | Model: (AlexNet) | Acc: 79.05%
Round 5 | Client 8 | Model: (ShuffleNet) | Acc: 38.42%
Round 5 | Client 9 | Model: (SqueezeNet) | Acc: 43.17%
Round 5 | Client 11 | Model: (MLP) | Acc: 5.47%
Round 5 | Client 12 | Model: (CNN) | Acc: 36.36%
Round 5 | Client 13 | Model: (ResNet8) | Acc: 44.66%
Round 5 | Client 14 | Model: (ResNet18) | Acc: 6.49%
Round 5 | Client 15 | Model: (MobileNetV2) | Acc: 37.79%
Round 5 | Client 16 | Model: (MobileNetV3) | Acc: 22.45%
Round 5 | Client 17 | Model: (LeNet) | Acc: 42.17%
Round 5 | Client 18 | Model: (AlexNet) | Acc: 5.03%
Round 5 | Client 19 | Model: (ShuffleNet) | Acc: 5.21%
Round 5 | Client 20 | Model: (SqueezeNet) | Acc: 17.64%
Round 5 | Client 22 | Model: (MLP) | Acc: 37.65%
Round 5 | Client 23 | Model: (CNN) | Acc: 44.95%
Round 5 | Client 24 | Model: (ResNet8) | Acc: 25.59%
Round 5 | Client 25 | Model: (ResNet18) | Acc: 10.88%
Round 5 | Client 26 | Model: (MobileNetV2) | Acc: 17.73%
Round 5 | Client 27 | Model: (MobileNetV3) | Acc: 35.94%
Round 5 | Client 28 | Model: (LeNet) | Acc: 28.16%
Round 5 | Client 29 | Model: (AlexNet) | Acc: 35.78%
Round 5 | Client 30 | Model: (ShuffleNet) | Acc: 11.18%
Round 5 | Client 31 | Model: (SqueezeNet) | Acc: 16.52%
[Server] Aggregating by Dataset Name ...
[Server] Training Feature-Based Global Generator...
[Server] Global Inference Model Acc (MNIST) (Round 5): 98.69% (Tested on 9095 samples)
[Server] Global Inference Model Acc (EMNIST) (Round 5): 76.08% (Tested on 105779 samples)
[Server] Global Inference Model Acc (CIFAR10) (Round 5): 48.04% (Tested on 9100 samples)
[Server] Global Inference Model Acc (Mix) (Round 5): 75.68% (Tested on 123974 samples)
Selected client ids: [0, 1, 2, 3, 4, 5, 6, 7, 8, 9, 10, 11, 12, 13, 14, 15, 16, 17, 18, 19, 20, 21, 22, 23, 24, 25, 26, 27, 28, 29]
--- Round 6 ---
Round 6 | Client 0 | Model: (MLP) | Acc: 82.77%
Round 6 | Client 1 | Model: (CNN) | Acc: 95.46%
Round 6 | Client 2 | Model: (ResNet8) | Acc: 92.07%
Round 6 | Client 3 | Model: (ResNet18) | Acc: 91.52%
Round 6 | Client 4 | Model: (MobileNetV2) | Acc: 11.67%
Round 6 | Client 5 | Model: (MobileNetV3) | Acc: 72.24%
Round 6 | Client 6 | Model: (LeNet) | Acc: 91.90%
Round 6 | Client 7 | Model: (AlexNet) | Acc: 11.26%
Round 6 | Client 8 | Model: (ShuffleNet) | Acc: 42.98%
Round 6 | Client 9 | Model: (SqueezeNet) | Acc: 21.31%
Round 6 | Client 11 | Model: (MLP) | Acc: 5.47%
Round 6 | Client 12 | Model: (CNN) | Acc: 38.05%
Round 6 | Client 13 | Model: (ResNet8) | Acc: 6.06%
Round 6 | Client 14 | Model: (ResNet18) | Acc: 6.49%
Round 6 | Client 15 | Model: (MobileNetV2) | Acc: 5.82%
Round 6 | Client 16 | Model: (MobileNetV3) | Acc: 24.16%
Round 6 | Client 17 | Model: (LeNet) | Acc: 39.14%
Round 6 | Client 18 | Model: (AlexNet) | Acc: 5.03%
Round 6 | Client 19 | Model: (ShuffleNet) | Acc: 5.21%
Round 6 | Client 20 | Model: (SqueezeNet) | Acc: 5.84%
Round 6 | Client 22 | Model: (MLP) | Acc: 34.89%
Round 6 | Client 23 | Model: (CNN) | Acc: 46.92%
Round 6 | Client 24 | Model: (ResNet8) | Acc: 27.62%
Round 6 | Client 25 | Model: (ResNet18) | Acc: 10.88%
Round 6 | Client 26 | Model: (MobileNetV2) | Acc: 20.88%
Round 6 | Client 27 | Model: (MobileNetV3) | Acc: 38.84%
Round 6 | Client 28 | Model: (LeNet) | Acc: 23.98%
Round 6 | Client 29 | Model: (AlexNet) | Acc: 34.70%
Round 6 | Client 30 | Model: (ShuffleNet) | Acc: 11.18%
Round 6 | Client 31 | Model: (SqueezeNet) | Acc: 16.52%
[Server] Aggregating by Dataset Name ...
[Server] Training Feature-Based Global Generator...
[Server] Global Inference Model Acc (MNIST) (Round 6): 98.14% (Tested on 9095 samples)
[Server] Global Inference Model Acc (EMNIST) (Round 6): 82.06% (Tested on 105779 samples)
[Server] Global Inference Model Acc (CIFAR10) (Round 6): 52.46% (Tested on 9100 samples)
[Server] Global Inference Model Acc (Mix) (Round 6): 81.07% (Tested on 123974 samples)
Selected client ids: [0, 1, 2, 3, 4, 5, 6, 7, 8, 9, 10, 11, 12, 13, 14, 15, 16, 17, 18, 19, 20, 21, 22, 23, 24, 25, 26, 27, 28, 29]
--- Round 7 ---
Round 7 | Client 0 | Model: (MLP) | Acc: 83.42%
Round 7 | Client 1 | Model: (CNN) | Acc: 95.68%
Round 7 | Client 2 | Model: (ResNet8) | Acc: 93.88%
Round 7 | Client 3 | Model: (ResNet18) | Acc: 88.69%
Round 7 | Client 4 | Model: (MobileNetV2) | Acc: 11.67%
Round 7 | Client 5 | Model: (MobileNetV3) | Acc: 74.80%
Round 7 | Client 6 | Model: (LeNet) | Acc: 93.54%
Round 7 | Client 7 | Model: (AlexNet) | Acc: 11.26%
Round 7 | Client 8 | Model: (ShuffleNet) | Acc: 48.22%
Round 7 | Client 9 | Model: (SqueezeNet) | Acc: 29.84%
Round 7 | Client 11 | Model: (MLP) | Acc: 5.47%
Round 7 | Client 12 | Model: (CNN) | Acc: 39.54%
Round 7 | Client 13 | Model: (ResNet8) | Acc: 48.19%
Round 7 | Client 14 | Model: (ResNet18) | Acc: 6.49%
Round 7 | Client 15 | Model: (MobileNetV2) | Acc: 5.82%
Round 7 | Client 16 | Model: (MobileNetV3) | Acc: 27.75%
Round 7 | Client 17 | Model: (LeNet) | Acc: 29.74%
Round 7 | Client 18 | Model: (AlexNet) | Acc: 4.64%
Round 7 | Client 19 | Model: (ShuffleNet) | Acc: 37.62%
Round 7 | Client 20 | Model: (SqueezeNet) | Acc: 5.84%
Round 7 | Client 22 | Model: (MLP) | Acc: 37.89%
Round 7 | Client 23 | Model: (CNN) | Acc: 49.89%
Round 7 | Client 24 | Model: (ResNet8) | Acc: 30.73%
Round 7 | Client 25 | Model: (ResNet18) | Acc: 10.88%
Round 7 | Client 26 | Model: (MobileNetV2) | Acc: 19.52%
Round 7 | Client 27 | Model: (MobileNetV3) | Acc: 38.84%
Round 7 | Client 28 | Model: (LeNet) | Acc: 32.56%
Round 7 | Client 29 | Model: (AlexNet) | Acc: 35.14%
Round 7 | Client 30 | Model: (ShuffleNet) | Acc: 11.51%
Round 7 | Client 31 | Model: (SqueezeNet) | Acc: 17.98%
[Server] Aggregating by Dataset Name ...
[Server] Training Feature-Based Global Generator...
[Server] Global Inference Model Acc (MNIST) (Round 7): 98.28% (Tested on 9095 samples)
[Server] Global Inference Model Acc (EMNIST) (Round 7): 80.24% (Tested on 105779 samples)
[Server] Global Inference Model Acc (CIFAR10) (Round 7): 56.88% (Tested on 9100 samples)
[Server] Global Inference Model Acc (Mix) (Round 7): 79.85% (Tested on 123974 samples)
Selected client ids: [0, 1, 2, 3, 4, 5, 6, 7, 8, 9, 10, 11, 12, 13, 14, 15, 16, 17, 18, 19, 20, 21, 22, 23, 24, 25, 26, 27, 28, 29]
--- Round 8 ---
Round 8 | Client 0 | Model: (MLP) | Acc: 58.12%
Round 8 | Client 1 | Model: (CNN) | Acc: 95.24%
Round 8 | Client 2 | Model: (ResNet8) | Acc: 94.56%
Round 8 | Client 3 | Model: (ResNet18) | Acc: 79.30%
Round 8 | Client 4 | Model: (MobileNetV2) | Acc: 11.67%
Round 8 | Client 5 | Model: (MobileNetV3) | Acc: 77.03%
Round 8 | Client 6 | Model: (LeNet) | Acc: 94.42%
Round 8 | Client 7 | Model: (AlexNet) | Acc: 12.63%
Round 8 | Client 8 | Model: (ShuffleNet) | Acc: 54.01%
Round 8 | Client 9 | Model: (SqueezeNet) | Acc: 38.14%
Round 8 | Client 11 | Model: (MLP) | Acc: 5.47%
Round 8 | Client 12 | Model: (CNN) | Acc: 43.93%
Round 8 | Client 13 | Model: (ResNet8) | Acc: 48.25%
Round 8 | Client 14 | Model: (ResNet18) | Acc: 6.49%
Round 8 | Client 15 | Model: (MobileNetV2) | Acc: 5.82%
Round 8 | Client 16 | Model: (MobileNetV3) | Acc: 28.14%
Round 8 | Client 17 | Model: (LeNet) | Acc: 45.20%
Round 8 | Client 18 | Model: (AlexNet) | Acc: 3.27%
Round 8 | Client 19 | Model: (ShuffleNet) | Acc: 5.21%
Round 8 | Client 20 | Model: (SqueezeNet) | Acc: 5.84%
Round 8 | Client 22 | Model: (MLP) | Acc: 40.41%
Round 8 | Client 23 | Model: (CNN) | Acc: 51.87%
Round 8 | Client 24 | Model: (ResNet8) | Acc: 32.66%
Round 8 | Client 25 | Model: (ResNet18) | Acc: 10.88%
Round 8 | Client 26 | Model: (MobileNetV2) | Acc: 21.51%
Round 8 | Client 27 | Model: (MobileNetV3) | Acc: 40.13%
Round 8 | Client 28 | Model: (LeNet) | Acc: 36.08%
Round 8 | Client 29 | Model: (AlexNet) | Acc: 36.86%
Round 8 | Client 30 | Model: (ShuffleNet) | Acc: 11.18%
Round 8 | Client 31 | Model: (SqueezeNet) | Acc: 19.55%
[Server] Aggregating by Dataset Name ...
[Server] Training Feature-Based Global Generator...
[Server] Global Inference Model Acc (MNIST) (Round 8): 98.93% (Tested on 9095 samples)
[Server] Global Inference Model Acc (EMNIST) (Round 8): 78.13% (Tested on 105779 samples)
[Server] Global Inference Model Acc (CIFAR10) (Round 8): 59.12% (Tested on 9100 samples)
[Server] Global Inference Model Acc (Mix) (Round 8): 78.26% (Tested on 123974 samples)
Selected client ids: [0, 1, 2, 3, 4, 5, 6, 7, 8, 9, 10, 11, 12, 13, 14, 15, 16, 17, 18, 19, 20, 21, 22, 23, 24, 25, 26, 27, 28, 29]
--- Round 9 ---
Round 9 | Client 0 | Model: (MLP) | Acc: 76.44%
Round 9 | Client 1 | Model: (CNN) | Acc: 96.35%
Round 9 | Client 2 | Model: (ResNet8) | Acc: 94.45%
Round 9 | Client 3 | Model: (ResNet18) | Acc: 91.52%
Round 9 | Client 4 | Model: (MobileNetV2) | Acc: 11.67%
Round 9 | Client 5 | Model: (MobileNetV3) | Acc: 79.26%
Round 9 | Client 6 | Model: (LeNet) | Acc: 94.31%
Round 9 | Client 7 | Model: (AlexNet) | Acc: 12.63%
Round 9 | Client 8 | Model: (ShuffleNet) | Acc: 45.43%
Round 9 | Client 9 | Model: (SqueezeNet) | Acc: 11.04%
Round 9 | Client 11 | Model: (MLP) | Acc: 5.47%
Round 9 | Client 12 | Model: (CNN) | Acc: 43.96%
Round 9 | Client 13 | Model: (ResNet8) | Acc: 50.80%
Round 9 | Client 14 | Model: (ResNet18) | Acc: 6.49%
Round 9 | Client 15 | Model: (MobileNetV2) | Acc: 5.82%
Round 9 | Client 16 | Model: (MobileNetV3) | Acc: 30.73%
Round 9 | Client 17 | Model: (LeNet) | Acc: 5.36%
Round 9 | Client 18 | Model: (AlexNet) | Acc: 3.27%
Round 9 | Client 19 | Model: (ShuffleNet) | Acc: 5.21%
Round 9 | Client 20 | Model: (SqueezeNet) | Acc: 5.84%
Round 9 | Client 22 | Model: (MLP) | Acc: 37.77%
Round 9 | Client 23 | Model: (CNN) | Acc: 54.62%
Round 9 | Client 24 | Model: (ResNet8) | Acc: 34.69%
Round 9 | Client 25 | Model: (ResNet18) | Acc: 10.88%
Round 9 | Client 26 | Model: (MobileNetV2) | Acc: 21.83%
Round 9 | Client 27 | Model: (MobileNetV3) | Acc: 40.45%
Round 9 | Client 28 | Model: (LeNet) | Acc: 38.17%
Round 9 | Client 29 | Model: (AlexNet) | Acc: 40.86%
Round 9 | Client 30 | Model: (ShuffleNet) | Acc: 11.18%
Round 9 | Client 31 | Model: (SqueezeNet) | Acc: 20.34%
[Server] Aggregating by Dataset Name ...
[Server] Training Feature-Based Global Generator...
[Server] Global Inference Model Acc (MNIST) (Round 9): 98.85% (Tested on 9095 samples)
[Server] Global Inference Model Acc (EMNIST) (Round 9): 80.30% (Tested on 105779 samples)
[Server] Global Inference Model Acc (CIFAR10) (Round 9): 60.59% (Tested on 9100 samples)
[Server] Global Inference Model Acc (Mix) (Round 9): 80.22% (Tested on 123974 samples)
Selected client ids: [0, 1, 2, 3, 4, 5, 6, 7, 8, 9, 10, 11, 12, 13, 14, 15, 16, 17, 18, 19, 20, 21, 22, 23, 24, 25, 26, 27, 28, 29]
--- Round 10 ---
Round 10 | Client 0 | Model: (MLP) | Acc: 10.58%
Round 10 | Client 1 | Model: (CNN) | Acc: 95.90%
Round 10 | Client 2 | Model: (ResNet8) | Acc: 94.79%
Round 10 | Client 3 | Model: (ResNet18) | Acc: 86.54%
Round 10 | Client 4 | Model: (MobileNetV2) | Acc: 11.67%
Round 10 | Client 5 | Model: (MobileNetV3) | Acc: 80.94%
Round 10 | Client 6 | Model: (LeNet) | Acc: 94.20%
Round 10 | Client 7 | Model: (AlexNet) | Acc: 12.63%
Round 10 | Client 8 | Model: (ShuffleNet) | Acc: 55.68%
Round 10 | Client 9 | Model: (SqueezeNet) | Acc: 11.15%
Round 10 | Client 11 | Model: (MLP) | Acc: 5.47%
Round 10 | Client 12 | Model: (CNN) | Acc: 42.74%
Round 10 | Client 13 | Model: (ResNet8) | Acc: 51.68%
Round 10 | Client 14 | Model: (ResNet18) | Acc: 6.49%
Round 10 | Client 15 | Model: (MobileNetV2) | Acc: 10.17%
Round 10 | Client 16 | Model: (MobileNetV3) | Acc: 33.02%
Round 10 | Client 17 | Model: (LeNet) | Acc: 44.55%
Round 10 | Client 18 | Model: (AlexNet) | Acc: 3.27%
Round 10 | Client 19 | Model: (ShuffleNet) | Acc: 5.21%
Round 10 | Client 20 | Model: (SqueezeNet) | Acc: 5.84%
Round 10 | Client 22 | Model: (MLP) | Acc: 41.13%
Round 10 | Client 23 | Model: (CNN) | Acc: 55.05%
Round 10 | Client 24 | Model: (ResNet8) | Acc: 34.48%
Round 10 | Client 25 | Model: (ResNet18) | Acc: 10.88%
Round 10 | Client 26 | Model: (MobileNetV2) | Acc: 20.15%
Round 10 | Client 27 | Model: (MobileNetV3) | Acc: 42.38%
Round 10 | Client 28 | Model: (LeNet) | Acc: 37.84%
Round 10 | Client 29 | Model: (AlexNet) | Acc: 41.84%
Round 10 | Client 30 | Model: (ShuffleNet) | Acc: 17.87%
Round 10 | Client 31 | Model: (SqueezeNet) | Acc: 16.63%
[Server] Aggregating by Dataset Name ...
[Server] Training Feature-Based Global Generator...
[Server] Global Inference Model Acc (MNIST) (Round 10): 98.57% (Tested on 9095 samples)
[Server] Global Inference Model Acc (EMNIST) (Round 10): 80.23% (Tested on 105779 samples)
[Server] Global Inference Model Acc (CIFAR10) (Round 10): 64.03% (Tested on 9100 samples)
[Server] Global Inference Model Acc (Mix) (Round 10): 80.38% (Tested on 123974 samples)
Selected client ids: [0, 1, 2, 3, 4, 5, 6, 7, 8, 9, 10, 11, 12, 13, 14, 15, 16, 17, 18, 19, 20, 21, 22, 23, 24, 25, 26, 27, 28, 29]
--- Round 11 ---
Round 11 | Client 0 | Model: (MLP) | Acc: 10.58%
Round 11 | Client 1 | Model: (CNN) | Acc: 96.46%
Round 11 | Client 2 | Model: (ResNet8) | Acc: 94.90%
Round 11 | Client 3 | Model: (ResNet18) | Acc: 91.86%
Round 11 | Client 4 | Model: (MobileNetV2) | Acc: 11.67%
Round 11 | Client 5 | Model: (MobileNetV3) | Acc: 83.39%
Round 11 | Client 6 | Model: (LeNet) | Acc: 95.62%
Round 11 | Client 7 | Model: (AlexNet) | Acc: 12.63%
Round 11 | Client 8 | Model: (ShuffleNet) | Acc: 60.91%
Round 11 | Client 9 | Model: (SqueezeNet) | Acc: 20.22%
Round 11 | Client 11 | Model: (MLP) | Acc: 5.47%
Round 11 | Client 12 | Model: (CNN) | Acc: 45.28%
Round 11 | Client 13 | Model: (ResNet8) | Acc: 52.10%
Round 11 | Client 14 | Model: (ResNet18) | Acc: 6.49%
Round 11 | Client 15 | Model: (MobileNetV2) | Acc: 5.46%
Round 11 | Client 16 | Model: (MobileNetV3) | Acc: 31.99%
Round 11 | Client 17 | Model: (LeNet) | Acc: 48.73%
Round 11 | Client 18 | Model: (AlexNet) | Acc: 1.75%
Round 11 | Client 19 | Model: (ShuffleNet) | Acc: 5.21%
Round 11 | Client 20 | Model: (SqueezeNet) | Acc: 5.84%
Round 11 | Client 22 | Model: (MLP) | Acc: 39.81%
Round 11 | Client 23 | Model: (CNN) | Acc: 56.70%
Round 11 | Client 24 | Model: (ResNet8) | Acc: 34.90%
Round 11 | Client 25 | Model: (ResNet18) | Acc: 10.88%
Round 11 | Client 26 | Model: (MobileNetV2) | Acc: 20.46%
Round 11 | Client 27 | Model: (MobileNetV3) | Acc: 42.06%
Round 11 | Client 28 | Model: (LeNet) | Acc: 41.25%
Round 11 | Client 29 | Model: (AlexNet) | Acc: 43.78%
Round 11 | Client 30 | Model: (ShuffleNet) | Acc: 11.07%
Round 11 | Client 31 | Model: (SqueezeNet) | Acc: 20.45%
[Server] Aggregating by Dataset Name ...
[Server] Training Feature-Based Global Generator...
[Server] Global Inference Model Acc (MNIST) (Round 11): 98.45% (Tested on 9095 samples)
[Server] Global Inference Model Acc (EMNIST) (Round 11): 77.67% (Tested on 105779 samples)
[Server] Global Inference Model Acc (CIFAR10) (Round 11): 63.36% (Tested on 9100 samples)
[Server] Global Inference Model Acc (Mix) (Round 11): 78.14% (Tested on 123974 samples)
Selected client ids: [0, 1, 2, 3, 4, 5, 6, 7, 8, 9, 10, 11, 12, 13, 14, 15, 16, 17, 18, 19, 20, 21, 22, 23, 24, 25, 26, 27, 28, 29]
--- Round 12 ---
Round 12 | Client 0 | Model: (MLP) | Acc: 10.58%
Round 12 | Client 1 | Model: (CNN) | Acc: 97.01%
Round 12 | Client 2 | Model: (ResNet8) | Acc: 94.79%
Round 12 | Client 3 | Model: (ResNet18) | Acc: 92.08%
Round 12 | Client 4 | Model: (MobileNetV2) | Acc: 11.67%
Round 12 | Client 5 | Model: (MobileNetV3) | Acc: 84.39%
Round 12 | Client 6 | Model: (LeNet) | Acc: 95.30%
Round 12 | Client 7 | Model: (AlexNet) | Acc: 12.63%
Round 12 | Client 8 | Model: (ShuffleNet) | Acc: 56.90%
Round 12 | Client 9 | Model: (SqueezeNet) | Acc: 21.75%
Round 12 | Client 11 | Model: (MLP) | Acc: 5.86%
Round 12 | Client 12 | Model: (CNN) | Acc: 47.16%
Round 12 | Client 13 | Model: (ResNet8) | Acc: 51.55%
Round 12 | Client 14 | Model: (ResNet18) | Acc: 6.49%
Round 12 | Client 15 | Model: (MobileNetV2) | Acc: 5.82%
Round 12 | Client 16 | Model: (MobileNetV3) | Acc: 32.46%
Round 12 | Client 17 | Model: (LeNet) | Acc: 5.36%
Round 12 | Client 18 | Model: (AlexNet) | Acc: 2.72%
Round 12 | Client 19 | Model: (ShuffleNet) | Acc: 5.21%
Round 12 | Client 20 | Model: (SqueezeNet) | Acc: 5.84%
Round 12 | Client 22 | Model: (MLP) | Acc: 41.73%
Round 12 | Client 23 | Model: (CNN) | Acc: 57.80%
Round 12 | Client 24 | Model: (ResNet8) | Acc: 34.80%
Round 12 | Client 25 | Model: (ResNet18) | Acc: 10.88%
Round 12 | Client 26 | Model: (MobileNetV2) | Acc: 22.98%
Round 12 | Client 27 | Model: (MobileNetV3) | Acc: 43.78%
Round 12 | Client 28 | Model: (LeNet) | Acc: 42.24%
Round 12 | Client 29 | Model: (AlexNet) | Acc: 46.16%
Round 12 | Client 30 | Model: (ShuffleNet) | Acc: 18.20%
Round 12 | Client 31 | Model: (SqueezeNet) | Acc: 19.21%
[Server] Aggregating by Dataset Name ...
[Server] Training Feature-Based Global Generator...
[Server] Global Inference Model Acc (MNIST) (Round 12): 98.80% (Tested on 9095 samples)
[Server] Global Inference Model Acc (EMNIST) (Round 12): 79.47% (Tested on 105779 samples)
[Server] Global Inference Model Acc (CIFAR10) (Round 12): 64.56% (Tested on 9100 samples)
[Server] Global Inference Model Acc (Mix) (Round 12): 79.79% (Tested on 123974 samples)
Selected client ids: [0, 1, 2, 3, 4, 5, 6, 7, 8, 9, 10, 11, 12, 13, 14, 15, 16, 17, 18, 19, 20, 21, 22, 23, 24, 25, 26, 27, 28, 29]
--- Round 13 ---
Round 13 | Client 0 | Model: (MLP) | Acc: 11.34%
Round 13 | Client 1 | Model: (CNN) | Acc: 96.90%
Round 13 | Client 2 | Model: (ResNet8) | Acc: 95.47%
Round 13 | Client 3 | Model: (ResNet18) | Acc: 92.65%
Round 13 | Client 4 | Model: (MobileNetV2) | Acc: 11.67%
Round 13 | Client 5 | Model: (MobileNetV3) | Acc: 85.17%
Round 13 | Client 6 | Model: (LeNet) | Acc: 95.30%
Round 13 | Client 7 | Model: (AlexNet) | Acc: 12.63%
Round 13 | Client 8 | Model: (ShuffleNet) | Acc: 63.36%
Round 13 | Client 9 | Model: (SqueezeNet) | Acc: 21.97%
Round 13 | Client 11 | Model: (MLP) | Acc: 5.86%
Round 13 | Client 12 | Model: (CNN) | Acc: 49.01%
Round 13 | Client 13 | Model: (ResNet8) | Acc: 52.89%
Round 13 | Client 14 | Model: (ResNet18) | Acc: 6.49%
Round 13 | Client 15 | Model: (MobileNetV2) | Acc: 5.82%
Round 13 | Client 16 | Model: (MobileNetV3) | Acc: 34.53%
Round 13 | Client 17 | Model: (LeNet) | Acc: 5.36%
Round 13 | Client 18 | Model: (AlexNet) | Acc: 1.81%
Round 13 | Client 19 | Model: (ShuffleNet) | Acc: 5.21%
Round 13 | Client 20 | Model: (SqueezeNet) | Acc: 5.84%
Round 13 | Client 22 | Model: (MLP) | Acc: 40.17%
Round 13 | Client 23 | Model: (CNN) | Acc: 58.79%
Round 13 | Client 24 | Model: (ResNet8) | Acc: 37.47%
Round 13 | Client 25 | Model: (ResNet18) | Acc: 10.88%
Round 13 | Client 26 | Model: (MobileNetV2) | Acc: 20.25%
Round 13 | Client 27 | Model: (MobileNetV3) | Acc: 43.78%
Round 13 | Client 28 | Model: (LeNet) | Acc: 42.46%
Round 13 | Client 29 | Model: (AlexNet) | Acc: 46.92%
Round 13 | Client 30 | Model: (ShuffleNet) | Acc: 11.07%
Round 13 | Client 31 | Model: (SqueezeNet) | Acc: 21.12%
[Server] Aggregating by Dataset Name ...
[Server] Training Feature-Based Global Generator...
[Server] Global Inference Model Acc (MNIST) (Round 13): 98.96% (Tested on 9095 samples)
[Server] Global Inference Model Acc (EMNIST) (Round 13): 80.51% (Tested on 105779 samples)
[Server] Global Inference Model Acc (CIFAR10) (Round 13): 66.55% (Tested on 9100 samples)
[Server] Global Inference Model Acc (Mix) (Round 13): 80.84% (Tested on 123974 samples)
Selected client ids: [0, 1, 2, 3, 4, 5, 6, 7, 8, 9, 10, 11, 12, 13, 14, 15, 16, 17, 18, 19, 20, 21, 22, 23, 24, 25, 26, 27, 28, 29]
--- Round 14 ---
Round 14 | Client 0 | Model: (MLP) | Acc: 11.34%
Round 14 | Client 1 | Model: (CNN) | Acc: 97.12%
Round 14 | Client 2 | Model: (ResNet8) | Acc: 95.81%
Round 14 | Client 3 | Model: (ResNet18) | Acc: 93.55%
Round 14 | Client 4 | Model: (MobileNetV2) | Acc: 11.67%
Round 14 | Client 5 | Model: (MobileNetV3) | Acc: 85.28%
Round 14 | Client 6 | Model: (LeNet) | Acc: 95.84%
Round 14 | Client 7 | Model: (AlexNet) | Acc: 12.63%
Round 14 | Client 8 | Model: (ShuffleNet) | Acc: 64.14%
Round 14 | Client 9 | Model: (SqueezeNet) | Acc: 26.45%
Round 14 | Client 11 | Model: (MLP) | Acc: 5.86%
Round 14 | Client 12 | Model: (CNN) | Acc: 48.18%
Round 14 | Client 13 | Model: (ResNet8) | Acc: 54.72%
Round 14 | Client 14 | Model: (ResNet18) | Acc: 6.49%
Round 14 | Client 15 | Model: (MobileNetV2) | Acc: 5.82%
Round 14 | Client 16 | Model: (MobileNetV3) | Acc: 35.96%
Round 14 | Client 17 | Model: (LeNet) | Acc: 51.07%
Round 14 | Client 18 | Model: (AlexNet) | Acc: 2.17%
Round 14 | Client 19 | Model: (ShuffleNet) | Acc: 5.21%
Round 14 | Client 20 | Model: (SqueezeNet) | Acc: 5.84%
Round 14 | Client 22 | Model: (MLP) | Acc: 40.41%
Round 14 | Client 23 | Model: (CNN) | Acc: 58.35%
Round 14 | Client 24 | Model: (ResNet8) | Acc: 39.51%
Round 14 | Client 25 | Model: (ResNet18) | Acc: 11.21%
Round 14 | Client 26 | Model: (MobileNetV2) | Acc: 19.20%
Round 14 | Client 27 | Model: (MobileNetV3) | Acc: 44.74%
Round 14 | Client 28 | Model: (LeNet) | Acc: 43.34%
Round 14 | Client 29 | Model: (AlexNet) | Acc: 48.32%
Round 14 | Client 30 | Model: (ShuffleNet) | Acc: 16.45%
Round 14 | Client 31 | Model: (SqueezeNet) | Acc: 20.90%
[Server] Aggregating by Dataset Name ...
[Server] Training Feature-Based Global Generator...
[Server] Global Inference Model Acc (MNIST) (Round 14): 98.86% (Tested on 9095 samples)
[Server] Global Inference Model Acc (EMNIST) (Round 14): 77.99% (Tested on 105779 samples)
[Server] Global Inference Model Acc (CIFAR10) (Round 14): 67.14% (Tested on 9100 samples)
[Server] Global Inference Model Acc (Mix) (Round 14): 78.72% (Tested on 123974 samples)
Selected client ids: [0, 1, 2, 3, 4, 5, 6, 7, 8, 9, 10, 11, 12, 13, 14, 15, 16, 17, 18, 19, 20, 21, 22, 23, 24, 25, 26, 27, 28, 29]
--- Round 15 ---
Round 15 | Client 0 | Model: (MLP) | Acc: 11.34%
Round 15 | Client 1 | Model: (CNN) | Acc: 97.45%
Round 15 | Client 2 | Model: (ResNet8) | Acc: 95.70%
Round 15 | Client 3 | Model: (ResNet18) | Acc: 93.44%
Round 15 | Client 4 | Model: (MobileNetV2) | Acc: 11.67%
Round 15 | Client 5 | Model: (MobileNetV3) | Acc: 86.18%
Round 15 | Client 6 | Model: (LeNet) | Acc: 96.39%
Round 15 | Client 7 | Model: (AlexNet) | Acc: 12.63%
Round 15 | Client 8 | Model: (ShuffleNet) | Acc: 63.47%
Round 15 | Client 9 | Model: (SqueezeNet) | Acc: 24.92%
Round 15 | Client 11 | Model: (MLP) | Acc: 5.86%
Round 15 | Client 12 | Model: (CNN) | Acc: 48.43%
Round 15 | Client 13 | Model: (ResNet8) | Acc: 55.20%
Round 15 | Client 14 | Model: (ResNet18) | Acc: 6.49%
Round 15 | Client 15 | Model: (MobileNetV2) | Acc: 5.82%
Round 15 | Client 16 | Model: (MobileNetV3) | Acc: 35.06%
Round 15 | Client 17 | Model: (LeNet) | Acc: 52.47%
Round 15 | Client 18 | Model: (AlexNet) | Acc: 2.72%
Round 15 | Client 19 | Model: (ShuffleNet) | Acc: 5.21%
Round 15 | Client 20 | Model: (SqueezeNet) | Acc: 5.84%
Round 15 | Client 22 | Model: (MLP) | Acc: 42.09%
Round 15 | Client 23 | Model: (CNN) | Acc: 56.81%
Round 15 | Client 24 | Model: (ResNet8) | Acc: 43.79%
Round 15 | Client 25 | Model: (ResNet18) | Acc: 11.21%
Round 15 | Client 26 | Model: (MobileNetV2) | Acc: 20.36%
Round 15 | Client 27 | Model: (MobileNetV3) | Acc: 44.31%
Round 15 | Client 28 | Model: (LeNet) | Acc: 43.34%
Round 15 | Client 29 | Model: (AlexNet) | Acc: 50.38%
Round 15 | Client 30 | Model: (ShuffleNet) | Acc: 18.09%
Round 15 | Client 31 | Model: (SqueezeNet) | Acc: 17.87%
[Server] Aggregating by Dataset Name ...
[Server] Training Feature-Based Global Generator...
[Server] Global Inference Model Acc (MNIST) (Round 15): 98.81% (Tested on 9095 samples)
[Server] Global Inference Model Acc (EMNIST) (Round 15): 78.46% (Tested on 105779 samples)
[Server] Global Inference Model Acc (CIFAR10) (Round 15): 64.59% (Tested on 9100 samples)
[Server] Global Inference Model Acc (Mix) (Round 15): 78.94% (Tested on 123974 samples)
Selected client ids: [0, 1, 2, 3, 4, 5, 6, 7, 8, 9, 10, 11, 12, 13, 14, 15, 16, 17, 18, 19, 20, 21, 22, 23, 24, 25, 26, 27, 28, 29]
--- Round 16 ---
Round 16 | Client 0 | Model: (MLP) | Acc: 11.34%
Round 16 | Client 1 | Model: (CNN) | Acc: 97.34%
Round 16 | Client 2 | Model: (ResNet8) | Acc: 96.49%
Round 16 | Client 3 | Model: (ResNet18) | Acc: 95.02%
Round 16 | Client 4 | Model: (MobileNetV2) | Acc: 11.67%
Round 16 | Client 5 | Model: (MobileNetV3) | Acc: 88.85%
Round 16 | Client 6 | Model: (LeNet) | Acc: 96.17%
Round 16 | Client 7 | Model: (AlexNet) | Acc: 12.63%
Round 16 | Client 8 | Model: (ShuffleNet) | Acc: 66.82%
Round 16 | Client 9 | Model: (SqueezeNet) | Acc: 23.83%
Round 16 | Client 11 | Model: (MLP) | Acc: 5.86%
Round 16 | Client 12 | Model: (CNN) | Acc: 49.20%
Round 16 | Client 13 | Model: (ResNet8) | Acc: 55.94%
Round 16 | Client 14 | Model: (ResNet18) | Acc: 6.49%
Round 16 | Client 15 | Model: (MobileNetV2) | Acc: 5.82%
Round 16 | Client 16 | Model: (MobileNetV3) | Acc: 34.95%
Round 16 | Client 17 | Model: (LeNet) | Acc: 51.92%
Round 16 | Client 18 | Model: (AlexNet) | Acc: 2.17%
Round 16 | Client 19 | Model: (ShuffleNet) | Acc: 5.21%
Round 16 | Client 20 | Model: (SqueezeNet) | Acc: 5.84%
Round 16 | Client 22 | Model: (MLP) | Acc: 42.69%
Round 16 | Client 23 | Model: (CNN) | Acc: 60.00%
Round 16 | Client 24 | Model: (ResNet8) | Acc: 44.22%
Round 16 | Client 25 | Model: (ResNet18) | Acc: 11.21%
Round 16 | Client 26 | Model: (MobileNetV2) | Acc: 20.36%
Round 16 | Client 27 | Model: (MobileNetV3) | Acc: 44.42%
Round 16 | Client 28 | Model: (LeNet) | Acc: 44.00%
Round 16 | Client 29 | Model: (AlexNet) | Acc: 51.89%
Round 16 | Client 30 | Model: (ShuffleNet) | Acc: 11.07%
Round 16 | Client 31 | Model: (SqueezeNet) | Acc: 16.97%
[Server] Aggregating by Dataset Name ...
[Server] Training Feature-Based Global Generator...
[Server] Global Inference Model Acc (MNIST) (Round 16): 98.92% (Tested on 9095 samples)
[Server] Global Inference Model Acc (EMNIST) (Round 16): 80.94% (Tested on 105779 samples)
[Server] Global Inference Model Acc (CIFAR10) (Round 16): 69.84% (Tested on 9100 samples)
[Server] Global Inference Model Acc (Mix) (Round 16): 81.44% (Tested on 123974 samples)
Selected client ids: [0, 1, 2, 3, 4, 5, 6, 7, 8, 9, 10, 11, 12, 13, 14, 15, 16, 17, 18, 19, 20, 21, 22, 23, 24, 25, 26, 27, 28, 29]
--- Round 17 ---
Round 17 | Client 0 | Model: (MLP) | Acc: 11.34%
Round 17 | Client 1 | Model: (CNN) | Acc: 97.23%
Round 17 | Client 2 | Model: (ResNet8) | Acc: 96.04%
Round 17 | Client 3 | Model: (ResNet18) | Acc: 94.00%
Round 17 | Client 4 | Model: (MobileNetV2) | Acc: 11.67%
Round 17 | Client 5 | Model: (MobileNetV3) | Acc: 88.41%
Round 17 | Client 6 | Model: (LeNet) | Acc: 96.06%
Round 17 | Client 7 | Model: (AlexNet) | Acc: 12.63%
Round 17 | Client 8 | Model: (ShuffleNet) | Acc: 62.81%
Round 17 | Client 9 | Model: (SqueezeNet) | Acc: 21.42%
Round 17 | Client 11 | Model: (MLP) | Acc: 5.86%
Round 17 | Client 12 | Model: (CNN) | Acc: 50.00%
Round 17 | Client 13 | Model: (ResNet8) | Acc: 55.94%
Round 17 | Client 14 | Model: (ResNet18) | Acc: 6.49%
Round 17 | Client 15 | Model: (MobileNetV2) | Acc: 5.82%
Round 17 | Client 16 | Model: (MobileNetV3) | Acc: 36.52%
Round 17 | Client 17 | Model: (LeNet) | Acc: 42.62%
Round 17 | Client 18 | Model: (AlexNet) | Acc: 2.17%
Round 17 | Client 19 | Model: (ShuffleNet) | Acc: 5.24%
Round 17 | Client 20 | Model: (SqueezeNet) | Acc: 5.84%
Round 17 | Client 22 | Model: (MLP) | Acc: 40.41%
Round 17 | Client 23 | Model: (CNN) | Acc: 60.00%
Round 17 | Client 24 | Model: (ResNet8) | Acc: 47.00%
Round 17 | Client 25 | Model: (ResNet18) | Acc: 11.21%
Round 17 | Client 26 | Model: (MobileNetV2) | Acc: 22.67%
Round 17 | Client 27 | Model: (MobileNetV3) | Acc: 43.13%
Round 17 | Client 28 | Model: (LeNet) | Acc: 46.97%
Round 17 | Client 29 | Model: (AlexNet) | Acc: 53.95%
Round 17 | Client 30 | Model: (ShuffleNet) | Acc: 17.87%
Round 17 | Client 31 | Model: (SqueezeNet) | Acc: 18.09%
[Server] Aggregating by Dataset Name ...
[Server] Training Feature-Based Global Generator...
[Server] Global Inference Model Acc (MNIST) (Round 17): 98.77% (Tested on 9095 samples)
[Server] Global Inference Model Acc (EMNIST) (Round 17): 81.36% (Tested on 105779 samples)
[Server] Global Inference Model Acc (CIFAR10) (Round 17): 68.29% (Tested on 9100 samples)
[Server] Global Inference Model Acc (Mix) (Round 17): 81.68% (Tested on 123974 samples)
Selected client ids: [0, 1, 2, 3, 4, 5, 6, 7, 8, 9, 10, 11, 12, 13, 14, 15, 16, 17, 18, 19, 20, 21, 22, 23, 24, 25, 26, 27, 28, 29]
--- Round 18 ---
Round 18 | Client 0 | Model: (MLP) | Acc: 11.34%
Round 18 | Client 1 | Model: (CNN) | Acc: 97.45%
Round 18 | Client 2 | Model: (ResNet8) | Acc: 96.26%
Round 18 | Client 3 | Model: (ResNet18) | Acc: 95.48%
Round 18 | Client 4 | Model: (MobileNetV2) | Acc: 11.67%
Round 18 | Client 5 | Model: (MobileNetV3) | Acc: 88.41%
Round 18 | Client 6 | Model: (LeNet) | Acc: 96.06%
Round 18 | Client 7 | Model: (AlexNet) | Acc: 12.63%
Round 18 | Client 8 | Model: (ShuffleNet) | Acc: 53.12%
Round 18 | Client 9 | Model: (SqueezeNet) | Acc: 23.72%
Round 18 | Client 11 | Model: (MLP) | Acc: 5.86%
Round 18 | Client 12 | Model: (CNN) | Acc: 50.83%
Round 18 | Client 13 | Model: (ResNet8) | Acc: 55.94%
Round 18 | Client 14 | Model: (ResNet18) | Acc: 6.49%
Round 18 | Client 15 | Model: (MobileNetV2) | Acc: 5.82%
Round 18 | Client 16 | Model: (MobileNetV3) | Acc: 33.55%
Round 18 | Client 17 | Model: (LeNet) | Acc: 54.68%
Round 18 | Client 18 | Model: (AlexNet) | Acc: 2.17%
Round 18 | Client 19 | Model: (ShuffleNet) | Acc: 5.24%
Round 18 | Client 20 | Model: (SqueezeNet) | Acc: 5.84%
Round 18 | Client 22 | Model: (MLP) | Acc: 39.93%
Round 18 | Client 23 | Model: (CNN) | Acc: 58.46%
Round 18 | Client 24 | Model: (ResNet8) | Acc: 45.93%
Round 18 | Client 25 | Model: (ResNet18) | Acc: 11.21%
Round 18 | Client 26 | Model: (MobileNetV2) | Acc: 23.92%
Round 18 | Client 27 | Model: (MobileNetV3) | Acc: 45.06%
Round 18 | Client 28 | Model: (LeNet) | Acc: 46.86%
Round 18 | Client 29 | Model: (AlexNet) | Acc: 54.59%
Round 18 | Client 30 | Model: (ShuffleNet) | Acc: 16.67%
Round 18 | Client 31 | Model: (SqueezeNet) | Acc: 10.90%
[Server] Aggregating by Dataset Name ...
[Server] Training Feature-Based Global Generator...
[Server] Global Inference Model Acc (MNIST) (Round 18): 98.60% (Tested on 9095 samples)
[Server] Global Inference Model Acc (EMNIST) (Round 18): 79.27% (Tested on 105779 samples)
[Server] Global Inference Model Acc (CIFAR10) (Round 18): 70.85% (Tested on 9100 samples)
[Server] Global Inference Model Acc (Mix) (Round 18): 80.07% (Tested on 123974 samples)
Selected client ids: [0, 1, 2, 3, 4, 5, 6, 7, 8, 9, 10, 11, 12, 13, 14, 15, 16, 17, 18, 19, 20, 21, 22, 23, 24, 25, 26, 27, 28, 29]
--- Round 19 ---
Round 19 | Client 0 | Model: (MLP) | Acc: 11.34%
Round 19 | Client 1 | Model: (CNN) | Acc: 97.23%
Round 19 | Client 2 | Model: (ResNet8) | Acc: 96.38%
Round 19 | Client 3 | Model: (ResNet18) | Acc: 95.93%
Round 19 | Client 4 | Model: (MobileNetV2) | Acc: 11.67%
Round 19 | Client 5 | Model: (MobileNetV3) | Acc: 89.30%
Round 19 | Client 6 | Model: (LeNet) | Acc: 96.17%
Round 19 | Client 7 | Model: (AlexNet) | Acc: 12.63%
Round 19 | Client 8 | Model: (ShuffleNet) | Acc: 62.14%
Round 19 | Client 9 | Model: (SqueezeNet) | Acc: 24.26%
Round 19 | Client 11 | Model: (MLP) | Acc: 5.86%
Round 19 | Client 12 | Model: (CNN) | Acc: 50.81%
Round 19 | Client 13 | Model: (ResNet8) | Acc: 56.07%
Round 19 | Client 14 | Model: (ResNet18) | Acc: 6.49%
Round 19 | Client 15 | Model: (MobileNetV2) | Acc: 5.82%
Round 19 | Client 16 | Model: (MobileNetV3) | Acc: 36.72%
Round 19 | Client 17 | Model: (LeNet) | Acc: 54.57%
Round 19 | Client 18 | Model: (AlexNet) | Acc: 2.86%
Round 19 | Client 19 | Model: (ShuffleNet) | Acc: 5.24%
Round 19 | Client 20 | Model: (SqueezeNet) | Acc: 5.84%
Round 19 | Client 22 | Model: (MLP) | Acc: 41.01%
Round 19 | Client 23 | Model: (CNN) | Acc: 63.85%
Round 19 | Client 24 | Model: (ResNet8) | Acc: 46.47%
Round 19 | Client 25 | Model: (ResNet18) | Acc: 11.21%
Round 19 | Client 26 | Model: (MobileNetV2) | Acc: 26.34%
Round 19 | Client 27 | Model: (MobileNetV3) | Acc: 44.64%
Round 19 | Client 28 | Model: (LeNet) | Acc: 46.09%
Round 19 | Client 29 | Model: (AlexNet) | Acc: 58.27%
Round 19 | Client 30 | Model: (ShuffleNet) | Acc: 18.53%
Round 19 | Client 31 | Model: (SqueezeNet) | Acc: 10.90%
[Server] Aggregating by Dataset Name ...
[Server] Training Feature-Based Global Generator...
[Server] Global Inference Model Acc (MNIST) (Round 19): 98.93% (Tested on 9095 samples)
[Server] Global Inference Model Acc (EMNIST) (Round 19): 82.82% (Tested on 105779 samples)
[Server] Global Inference Model Acc (CIFAR10) (Round 19): 72.18% (Tested on 9100 samples)
[Server] Global Inference Model Acc (Mix) (Round 19): 83.22% (Tested on 123974 samples)
Selected client ids: [0, 1, 2, 3, 4, 5, 6, 7, 8, 9, 10, 11, 12, 13, 14, 15, 16, 17, 18, 19, 20, 21, 22, 23, 24, 25, 26, 27, 28, 29]
--- Round 20 ---
Round 20 | Client 0 | Model: (MLP) | Acc: 11.34%
Round 20 | Client 1 | Model: (CNN) | Acc: 98.01%
Round 20 | Client 2 | Model: (ResNet8) | Acc: 96.83%
Round 20 | Client 3 | Model: (ResNet18) | Acc: 96.38%
Round 20 | Client 4 | Model: (MobileNetV2) | Acc: 11.67%
Round 20 | Client 5 | Model: (MobileNetV3) | Acc: 89.97%
Round 20 | Client 6 | Model: (LeNet) | Acc: 96.39%
Round 20 | Client 7 | Model: (AlexNet) | Acc: 12.63%
Round 20 | Client 8 | Model: (ShuffleNet) | Acc: 62.92%
Round 20 | Client 9 | Model: (SqueezeNet) | Acc: 19.45%
Round 20 | Client 11 | Model: (MLP) | Acc: 5.86%
Round 20 | Client 12 | Model: (CNN) | Acc: 51.26%
Round 20 | Client 13 | Model: (ResNet8) | Acc: 55.62%
Round 20 | Client 14 | Model: (ResNet18) | Acc: 6.49%
Round 20 | Client 15 | Model: (MobileNetV2) | Acc: 5.82%
Round 20 | Client 16 | Model: (MobileNetV3) | Acc: 36.73%
Round 20 | Client 17 | Model: (LeNet) | Acc: 5.36%
Round 20 | Client 18 | Model: (AlexNet) | Acc: 2.86%
Round 20 | Client 19 | Model: (ShuffleNet) | Acc: 5.21%
Round 20 | Client 20 | Model: (SqueezeNet) | Acc: 5.84%
Round 20 | Client 22 | Model: (MLP) | Acc: 40.29%
Round 20 | Client 23 | Model: (CNN) | Acc: 61.65%
Round 20 | Client 24 | Model: (ResNet8) | Acc: 49.57%
Round 20 | Client 25 | Model: (ResNet18) | Acc: 11.21%
Round 20 | Client 26 | Model: (MobileNetV2) | Acc: 23.92%
Round 20 | Client 27 | Model: (MobileNetV3) | Acc: 45.60%
Round 20 | Client 28 | Model: (LeNet) | Acc: 48.62%
Round 20 | Client 29 | Model: (AlexNet) | Acc: 56.43%
Round 20 | Client 30 | Model: (ShuffleNet) | Acc: 19.30%
Round 20 | Client 31 | Model: (SqueezeNet) | Acc: 10.90%
[Server] Aggregating by Dataset Name ...
[Server] Training Feature-Based Global Generator...
[Server] Global Inference Model Acc (MNIST) (Round 20): 98.81% (Tested on 9095 samples)
[Server] Global Inference Model Acc (EMNIST) (Round 20): 78.36% (Tested on 105779 samples)
[Server] Global Inference Model Acc (CIFAR10) (Round 20): 72.89% (Tested on 9100 samples)
[Server] Global Inference Model Acc (Mix) (Round 20): 79.46% (Tested on 123974 samples)
Selected client ids: [0, 1, 2, 3, 4, 5, 6, 7, 8, 9, 10, 11, 12, 13, 14, 15, 16, 17, 18, 19, 20, 21, 22, 23, 24, 25, 26, 27, 28, 29]
--- Round 21 ---
Round 21 | Client 0 | Model: (MLP) | Acc: 11.34%
Round 21 | Client 1 | Model: (CNN) | Acc: 97.56%
Round 21 | Client 2 | Model: (ResNet8) | Acc: 96.49%
Round 21 | Client 3 | Model: (ResNet18) | Acc: 96.72%
Round 21 | Client 4 | Model: (MobileNetV2) | Acc: 11.67%
Round 21 | Client 5 | Model: (MobileNetV3) | Acc: 90.30%
Round 21 | Client 6 | Model: (LeNet) | Acc: 97.05%
Round 21 | Client 7 | Model: (AlexNet) | Acc: 12.63%
Round 21 | Client 8 | Model: (ShuffleNet) | Acc: 66.82%
Round 21 | Client 9 | Model: (SqueezeNet) | Acc: 40.22%
Round 21 | Client 11 | Model: (MLP) | Acc: 5.86%
Round 21 | Client 12 | Model: (CNN) | Acc: 50.55%
Round 21 | Client 13 | Model: (ResNet8) | Acc: 56.89%
Round 21 | Client 14 | Model: (ResNet18) | Acc: 6.49%
Round 21 | Client 15 | Model: (MobileNetV2) | Acc: 5.82%
Round 21 | Client 16 | Model: (MobileNetV3) | Acc: 37.18%
Round 21 | Client 17 | Model: (LeNet) | Acc: 5.36%
Round 21 | Client 18 | Model: (AlexNet) | Acc: 2.86%
Round 21 | Client 19 | Model: (ShuffleNet) | Acc: 5.21%
Round 21 | Client 20 | Model: (SqueezeNet) | Acc: 5.84%
Round 21 | Client 22 | Model: (MLP) | Acc: 41.37%
Round 21 | Client 23 | Model: (CNN) | Acc: 62.20%
Round 21 | Client 24 | Model: (ResNet8) | Acc: 52.46%
Round 21 | Client 25 | Model: (ResNet18) | Acc: 11.21%
Round 21 | Client 26 | Model: (MobileNetV2) | Acc: 27.81%
Round 21 | Client 27 | Model: (MobileNetV3) | Acc: 45.82%
Round 21 | Client 28 | Model: (LeNet) | Acc: 48.51%
Round 21 | Client 29 | Model: (AlexNet) | Acc: 57.19%
Round 21 | Client 30 | Model: (ShuffleNet) | Acc: 17.00%
Round 21 | Client 31 | Model: (SqueezeNet) | Acc: 10.90%
[Server] Aggregating by Dataset Name ...
[Server] Training Feature-Based Global Generator...
[Server] Global Inference Model Acc (MNIST) (Round 21): 98.48% (Tested on 9095 samples)
[Server] Global Inference Model Acc (EMNIST) (Round 21): 77.46% (Tested on 105779 samples)
[Server] Global Inference Model Acc (CIFAR10) (Round 21): 73.33% (Tested on 9100 samples)
[Server] Global Inference Model Acc (Mix) (Round 21): 78.70% (Tested on 123974 samples)
Selected client ids: [0, 1, 2, 3, 4, 5, 6, 7, 8, 9, 10, 11, 12, 13, 14, 15, 16, 17, 18, 19, 20, 21, 22, 23, 24, 25, 26, 27, 28, 29]
--- Round 22 ---
Round 22 | Client 0 | Model: (MLP) | Acc: 11.34%
Round 22 | Client 1 | Model: (CNN) | Acc: 97.56%
Round 22 | Client 2 | Model: (ResNet8) | Acc: 96.72%
Round 22 | Client 3 | Model: (ResNet18) | Acc: 96.83%
Round 22 | Client 4 | Model: (MobileNetV2) | Acc: 11.67%
Round 22 | Client 5 | Model: (MobileNetV3) | Acc: 91.42%
Round 22 | Client 6 | Model: (LeNet) | Acc: 96.50%
Round 22 | Client 7 | Model: (AlexNet) | Acc: 12.63%
Round 22 | Client 8 | Model: (ShuffleNet) | Acc: 67.26%
Round 22 | Client 9 | Model: (SqueezeNet) | Acc: 35.52%
Round 22 | Client 11 | Model: (MLP) | Acc: 5.86%
Round 22 | Client 12 | Model: (CNN) | Acc: 51.84%
Round 22 | Client 13 | Model: (ResNet8) | Acc: 58.35%
Round 22 | Client 14 | Model: (ResNet18) | Acc: 6.49%
Round 22 | Client 15 | Model: (MobileNetV2) | Acc: 5.82%
Round 22 | Client 16 | Model: (MobileNetV3) | Acc: 38.17%
Round 22 | Client 17 | Model: (LeNet) | Acc: 5.36%
Round 22 | Client 18 | Model: (AlexNet) | Acc: 2.72%
Round 22 | Client 19 | Model: (ShuffleNet) | Acc: 5.21%
Round 22 | Client 20 | Model: (SqueezeNet) | Acc: 5.84%
Round 22 | Client 22 | Model: (MLP) | Acc: 40.53%
Round 22 | Client 23 | Model: (CNN) | Acc: 63.19%
Round 22 | Client 24 | Model: (ResNet8) | Acc: 51.71%
Round 22 | Client 25 | Model: (ResNet18) | Acc: 11.21%
Round 22 | Client 26 | Model: (MobileNetV2) | Acc: 27.49%
Round 22 | Client 27 | Model: (MobileNetV3) | Acc: 46.24%
Round 22 | Client 28 | Model: (LeNet) | Acc: 48.51%
Round 22 | Client 29 | Model: (AlexNet) | Acc: 55.68%
Round 22 | Client 30 | Model: (ShuffleNet) | Acc: 17.32%
Round 22 | Client 31 | Model: (SqueezeNet) | Acc: 10.90%
[Server] Aggregating by Dataset Name ...
[Server] Training Feature-Based Global Generator...
[Server] Global Inference Model Acc (MNIST) (Round 22): 99.21% (Tested on 9095 samples)
[Server] Global Inference Model Acc (EMNIST) (Round 22): 82.50% (Tested on 105779 samples)
[Server] Global Inference Model Acc (CIFAR10) (Round 22): 73.29% (Tested on 9100 samples)
[Server] Global Inference Model Acc (Mix) (Round 22): 83.05% (Tested on 123974 samples)
Selected client ids: [0, 1, 2, 3, 4, 5, 6, 7, 8, 9, 10, 11, 12, 13, 14, 15, 16, 17, 18, 19, 20, 21, 22, 23, 24, 25, 26, 27, 28, 29]
--- Round 23 ---
Round 23 | Client 0 | Model: (MLP) | Acc: 11.34%
Round 23 | Client 1 | Model: (CNN) | Acc: 97.34%
Round 23 | Client 2 | Model: (ResNet8) | Acc: 97.06%
Round 23 | Client 3 | Model: (ResNet18) | Acc: 97.17%
Round 23 | Client 4 | Model: (MobileNetV2) | Acc: 11.67%
Round 23 | Client 5 | Model: (MobileNetV3) | Acc: 91.75%
Round 23 | Client 6 | Model: (LeNet) | Acc: 96.94%
Round 23 | Client 7 | Model: (AlexNet) | Acc: 12.63%
Round 23 | Client 8 | Model: (ShuffleNet) | Acc: 70.38%
Round 23 | Client 9 | Model: (SqueezeNet) | Acc: 39.89%
Round 23 | Client 11 | Model: (MLP) | Acc: 5.86%
Round 23 | Client 12 | Model: (CNN) | Acc: 51.38%
Round 23 | Client 13 | Model: (ResNet8) | Acc: 57.14%
Round 23 | Client 14 | Model: (ResNet18) | Acc: 6.49%
Round 23 | Client 15 | Model: (MobileNetV2) | Acc: 5.82%
Round 23 | Client 16 | Model: (MobileNetV3) | Acc: 37.05%
Round 23 | Client 17 | Model: (LeNet) | Acc: 5.36%
Round 23 | Client 18 | Model: (AlexNet) | Acc: 2.86%
Round 23 | Client 19 | Model: (ShuffleNet) | Acc: 5.21%
Round 23 | Client 20 | Model: (SqueezeNet) | Acc: 5.84%
Round 23 | Client 22 | Model: (MLP) | Acc: 41.25%
Round 23 | Client 23 | Model: (CNN) | Acc: 61.54%
Round 23 | Client 24 | Model: (ResNet8) | Acc: 55.25%
Round 23 | Client 25 | Model: (ResNet18) | Acc: 11.21%
Round 23 | Client 26 | Model: (MobileNetV2) | Acc: 16.58%
Round 23 | Client 27 | Model: (MobileNetV3) | Acc: 46.24%
Round 23 | Client 28 | Model: (LeNet) | Acc: 49.39%
Round 23 | Client 29 | Model: (AlexNet) | Acc: 58.16%
Round 23 | Client 30 | Model: (ShuffleNet) | Acc: 12.94%
Round 23 | Client 31 | Model: (SqueezeNet) | Acc: 10.90%
[Server] Aggregating by Dataset Name ...
[Server] Training Feature-Based Global Generator...
[Server] Global Inference Model Acc (MNIST) (Round 23): 99.33% (Tested on 9095 samples)
[Server] Global Inference Model Acc (EMNIST) (Round 23): 81.27% (Tested on 105779 samples)
[Server] Global Inference Model Acc (CIFAR10) (Round 23): 71.56% (Tested on 9100 samples)
[Server] Global Inference Model Acc (Mix) (Round 23): 81.88% (Tested on 123974 samples)
Selected client ids: [0, 1, 2, 3, 4, 5, 6, 7, 8, 9, 10, 11, 12, 13, 14, 15, 16, 17, 18, 19, 20, 21, 22, 23, 24, 25, 26, 27, 28, 29]
--- Round 24 ---
Round 24 | Client 0 | Model: (MLP) | Acc: 11.34%
Round 24 | Client 1 | Model: (CNN) | Acc: 97.45%
Round 24 | Client 2 | Model: (ResNet8) | Acc: 97.51%
Round 24 | Client 3 | Model: (ResNet18) | Acc: 97.17%
Round 24 | Client 4 | Model: (MobileNetV2) | Acc: 11.67%
Round 24 | Client 5 | Model: (MobileNetV3) | Acc: 91.08%
Round 24 | Client 6 | Model: (LeNet) | Acc: 96.94%
Round 24 | Client 7 | Model: (AlexNet) | Acc: 12.63%
Round 24 | Client 8 | Model: (ShuffleNet) | Acc: 70.94%
Round 24 | Client 9 | Model: (SqueezeNet) | Acc: 41.64%
Round 24 | Client 11 | Model: (MLP) | Acc: 5.86%
Round 24 | Client 12 | Model: (CNN) | Acc: 50.75%
Round 24 | Client 13 | Model: (ResNet8) | Acc: 57.86%
Round 24 | Client 14 | Model: (ResNet18) | Acc: 6.49%
Round 24 | Client 15 | Model: (MobileNetV2) | Acc: 5.82%
Round 24 | Client 16 | Model: (MobileNetV3) | Acc: 37.31%
Round 24 | Client 17 | Model: (LeNet) | Acc: 5.36%
Round 24 | Client 18 | Model: (AlexNet) | Acc: 2.86%
Round 24 | Client 19 | Model: (ShuffleNet) | Acc: 5.21%
Round 24 | Client 20 | Model: (SqueezeNet) | Acc: 5.84%
Round 24 | Client 22 | Model: (MLP) | Acc: 41.13%
Round 24 | Client 23 | Model: (CNN) | Acc: 61.54%
Round 24 | Client 24 | Model: (ResNet8) | Acc: 56.42%
Round 24 | Client 25 | Model: (ResNet18) | Acc: 11.21%
Round 24 | Client 26 | Model: (MobileNetV2) | Acc: 22.14%
Round 24 | Client 27 | Model: (MobileNetV3) | Acc: 45.17%
Round 24 | Client 28 | Model: (LeNet) | Acc: 48.51%
Round 24 | Client 29 | Model: (AlexNet) | Acc: 57.73%
Round 24 | Client 30 | Model: (ShuffleNet) | Acc: 15.57%
Round 24 | Client 31 | Model: (SqueezeNet) | Acc: 10.90%
[Server] Aggregating by Dataset Name ...
[Server] Training Feature-Based Global Generator...
[Server] Global Inference Model Acc (MNIST) (Round 24): 99.29% (Tested on 9095 samples)
[Server] Global Inference Model Acc (EMNIST) (Round 24): 81.55% (Tested on 105779 samples)
[Server] Global Inference Model Acc (CIFAR10) (Round 24): 73.88% (Tested on 9100 samples)
[Server] Global Inference Model Acc (Mix) (Round 24): 82.29% (Tested on 123974 samples)
Selected client ids: [0, 1, 2, 3, 4, 5, 6, 7, 8, 9, 10, 11, 12, 13, 14, 15, 16, 17, 18, 19, 20, 21, 22, 23, 24, 25, 26, 27, 28, 29]
--- Round 25 ---
Round 25 | Client 0 | Model: (MLP) | Acc: 11.34%
Round 25 | Client 1 | Model: (CNN) | Acc: 97.56%
Round 25 | Client 2 | Model: (ResNet8) | Acc: 97.85%
Round 25 | Client 3 | Model: (ResNet18) | Acc: 97.74%
Round 25 | Client 4 | Model: (MobileNetV2) | Acc: 11.67%
Round 25 | Client 5 | Model: (MobileNetV3) | Acc: 91.64%
Round 25 | Client 6 | Model: (LeNet) | Acc: 97.26%
Round 25 | Client 7 | Model: (AlexNet) | Acc: 12.63%
Round 25 | Client 8 | Model: (ShuffleNet) | Acc: 70.27%
Round 25 | Client 9 | Model: (SqueezeNet) | Acc: 30.27%
Round 25 | Client 11 | Model: (MLP) | Acc: 5.86%
Round 25 | Client 12 | Model: (CNN) | Acc: 51.92%
Round 25 | Client 13 | Model: (ResNet8) | Acc: 56.85%
Round 25 | Client 14 | Model: (ResNet18) | Acc: 6.49%
Round 25 | Client 15 | Model: (MobileNetV2) | Acc: 5.82%
Round 25 | Client 16 | Model: (MobileNetV3) | Acc: 38.64%
Round 25 | Client 17 | Model: (LeNet) | Acc: 5.36%
Round 25 | Client 18 | Model: (AlexNet) | Acc: 3.27%
Round 25 | Client 19 | Model: (ShuffleNet) | Acc: 5.21%
Round 25 | Client 20 | Model: (SqueezeNet) | Acc: 5.84%
Round 25 | Client 22 | Model: (MLP) | Acc: 41.13%
Round 25 | Client 23 | Model: (CNN) | Acc: 62.75%
Round 25 | Client 24 | Model: (ResNet8) | Acc: 56.53%
Round 25 | Client 25 | Model: (ResNet18) | Acc: 11.21%
Round 25 | Client 26 | Model: (MobileNetV2) | Acc: 24.13%
Round 25 | Client 27 | Model: (MobileNetV3) | Acc: 46.24%
Round 25 | Client 28 | Model: (LeNet) | Acc: 50.39%
Round 25 | Client 29 | Model: (AlexNet) | Acc: 56.43%
Round 25 | Client 30 | Model: (ShuffleNet) | Acc: 20.50%
Round 25 | Client 31 | Model: (SqueezeNet) | Acc: 10.90%
[Server] Aggregating by Dataset Name ...
[Server] Training Feature-Based Global Generator...
[Server] Global Inference Model Acc (MNIST) (Round 25): 99.31% (Tested on 9095 samples)
[Server] Global Inference Model Acc (EMNIST) (Round 25): 80.65% (Tested on 105779 samples)
[Server] Global Inference Model Acc (CIFAR10) (Round 25): 73.57% (Tested on 9100 samples)
[Server] Global Inference Model Acc (Mix) (Round 25): 81.50% (Tested on 123974 samples)
Selected client ids: [0, 1, 2, 3, 4, 5, 6, 7, 8, 9, 10, 11, 12, 13, 14, 15, 16, 17, 18, 19, 20, 21, 22, 23, 24, 25, 26, 27, 28, 29]
--- Round 26 ---
Round 26 | Client 0 | Model: (MLP) | Acc: 11.34%
Round 26 | Client 1 | Model: (CNN) | Acc: 97.67%
Round 26 | Client 2 | Model: (ResNet8) | Acc: 97.73%
Round 26 | Client 3 | Model: (ResNet18) | Acc: 97.62%
Round 26 | Client 4 | Model: (MobileNetV2) | Acc: 11.67%
Round 26 | Client 5 | Model: (MobileNetV3) | Acc: 91.86%
Round 26 | Client 6 | Model: (LeNet) | Acc: 96.94%
Round 26 | Client 7 | Model: (AlexNet) | Acc: 12.63%
Round 26 | Client 8 | Model: (ShuffleNet) | Acc: 71.60%
Round 26 | Client 9 | Model: (SqueezeNet) | Acc: 41.75%
Round 26 | Client 11 | Model: (MLP) | Acc: 5.86%
Round 26 | Client 12 | Model: (CNN) | Acc: 52.14%
Round 26 | Client 13 | Model: (ResNet8) | Acc: 58.79%
Round 26 | Client 14 | Model: (ResNet18) | Acc: 6.49%
Round 26 | Client 15 | Model: (MobileNetV2) | Acc: 5.82%
Round 26 | Client 16 | Model: (MobileNetV3) | Acc: 38.16%
Round 26 | Client 17 | Model: (LeNet) | Acc: 5.36%
Round 26 | Client 18 | Model: (AlexNet) | Acc: 3.27%
Round 26 | Client 19 | Model: (ShuffleNet) | Acc: 5.21%
Round 26 | Client 20 | Model: (SqueezeNet) | Acc: 5.84%
Round 26 | Client 22 | Model: (MLP) | Acc: 43.29%
Round 26 | Client 23 | Model: (CNN) | Acc: 61.10%
Round 26 | Client 24 | Model: (ResNet8) | Acc: 56.64%
Round 26 | Client 25 | Model: (ResNet18) | Acc: 11.21%
Round 26 | Client 26 | Model: (MobileNetV2) | Acc: 27.70%
Round 26 | Client 27 | Model: (MobileNetV3) | Acc: 47.53%
Round 26 | Client 28 | Model: (LeNet) | Acc: 50.72%
Round 26 | Client 29 | Model: (AlexNet) | Acc: 56.32%
Round 26 | Client 30 | Model: (ShuffleNet) | Acc: 18.64%
Round 26 | Client 31 | Model: (SqueezeNet) | Acc: 10.90%
[Server] Aggregating by Dataset Name ...
[Server] Training Feature-Based Global Generator...
[Server] Global Inference Model Acc (MNIST) (Round 26): 99.02% (Tested on 9095 samples)
[Server] Global Inference Model Acc (EMNIST) (Round 26): 80.00% (Tested on 105779 samples)
[Server] Global Inference Model Acc (CIFAR10) (Round 26): 75.16% (Tested on 9100 samples)
[Server] Global Inference Model Acc (Mix) (Round 26): 81.04% (Tested on 123974 samples)
Selected client ids: [0, 1, 2, 3, 4, 5, 6, 7, 8, 9, 10, 11, 12, 13, 14, 15, 16, 17, 18, 19, 20, 21, 22, 23, 24, 25, 26, 27, 28, 29]
--- Round 27 ---
Round 27 | Client 0 | Model: (MLP) | Acc: 11.34%
Round 27 | Client 1 | Model: (CNN) | Acc: 97.67%
Round 27 | Client 2 | Model: (ResNet8) | Acc: 97.85%
Round 27 | Client 3 | Model: (ResNet18) | Acc: 98.30%
Round 27 | Client 4 | Model: (MobileNetV2) | Acc: 11.67%
Round 27 | Client 5 | Model: (MobileNetV3) | Acc: 91.64%
Round 27 | Client 6 | Model: (LeNet) | Acc: 96.72%
Round 27 | Client 7 | Model: (AlexNet) | Acc: 12.63%
Round 27 | Client 8 | Model: (ShuffleNet) | Acc: 72.49%
Round 27 | Client 9 | Model: (SqueezeNet) | Acc: 43.50%
Round 27 | Client 11 | Model: (MLP) | Acc: 5.86%
Round 27 | Client 12 | Model: (CNN) | Acc: 53.20%
Round 27 | Client 13 | Model: (ResNet8) | Acc: 57.70%
Round 27 | Client 14 | Model: (ResNet18) | Acc: 6.49%
Round 27 | Client 15 | Model: (MobileNetV2) | Acc: 5.82%
Round 27 | Client 16 | Model: (MobileNetV3) | Acc: 37.86%
Round 27 | Client 17 | Model: (LeNet) | Acc: 5.36%
Round 27 | Client 18 | Model: (AlexNet) | Acc: 3.27%
Round 27 | Client 19 | Model: (ShuffleNet) | Acc: 5.21%
Round 27 | Client 20 | Model: (SqueezeNet) | Acc: 5.84%
Round 27 | Client 22 | Model: (MLP) | Acc: 39.33%
Round 27 | Client 23 | Model: (CNN) | Acc: 60.88%
Round 27 | Client 24 | Model: (ResNet8) | Acc: 58.14%
Round 27 | Client 25 | Model: (ResNet18) | Acc: 11.21%
Round 27 | Client 26 | Model: (MobileNetV2) | Acc: 28.23%
Round 27 | Client 27 | Model: (MobileNetV3) | Acc: 48.18%
Round 27 | Client 28 | Model: (LeNet) | Acc: 48.95%
Round 27 | Client 29 | Model: (AlexNet) | Acc: 58.92%
Round 27 | Client 30 | Model: (ShuffleNet) | Acc: 19.08%
Round 27 | Client 31 | Model: (SqueezeNet) | Acc: 10.90%
[Server] Aggregating by Dataset Name ...
[Server] Training Feature-Based Global Generator...
[Server] Global Inference Model Acc (MNIST) (Round 27): 99.22% (Tested on 9095 samples)
[Server] Global Inference Model Acc (EMNIST) (Round 27): 81.18% (Tested on 105779 samples)
[Server] Global Inference Model Acc (CIFAR10) (Round 27): 74.23% (Tested on 9100 samples)
[Server] Global Inference Model Acc (Mix) (Round 27): 82.00% (Tested on 123974 samples)
Selected client ids: [0, 1, 2, 3, 4, 5, 6, 7, 8, 9, 10, 11, 12, 13, 14, 15, 16, 17, 18, 19, 20, 21, 22, 23, 24, 25, 26, 27, 28, 29]
--- Round 28 ---
Round 28 | Client 0 | Model: (MLP) | Acc: 11.34%
Round 28 | Client 1 | Model: (CNN) | Acc: 98.01%
Round 28 | Client 2 | Model: (ResNet8) | Acc: 97.85%
Round 28 | Client 3 | Model: (ResNet18) | Acc: 97.40%
Round 28 | Client 4 | Model: (MobileNetV2) | Acc: 11.67%
Round 28 | Client 5 | Model: (MobileNetV3) | Acc: 91.86%
Round 28 | Client 6 | Model: (LeNet) | Acc: 97.48%
Round 28 | Client 7 | Model: (AlexNet) | Acc: 12.63%
Round 28 | Client 8 | Model: (ShuffleNet) | Acc: 71.05%
Round 28 | Client 9 | Model: (SqueezeNet) | Acc: 34.10%
Round 28 | Client 11 | Model: (MLP) | Acc: 5.86%
Round 28 | Client 12 | Model: (CNN) | Acc: 52.56%
Round 28 | Client 13 | Model: (ResNet8) | Acc: 58.02%
Round 28 | Client 14 | Model: (ResNet18) | Acc: 6.49%
Round 28 | Client 15 | Model: (MobileNetV2) | Acc: 5.82%
Round 28 | Client 16 | Model: (MobileNetV3) | Acc: 38.87%
Round 28 | Client 17 | Model: (LeNet) | Acc: 5.36%
Round 28 | Client 18 | Model: (AlexNet) | Acc: 2.86%
Round 28 | Client 19 | Model: (ShuffleNet) | Acc: 5.21%
Round 28 | Client 20 | Model: (SqueezeNet) | Acc: 5.84%
Round 28 | Client 22 | Model: (MLP) | Acc: 42.81%
Round 28 | Client 23 | Model: (CNN) | Acc: 60.99%
Round 28 | Client 24 | Model: (ResNet8) | Acc: 56.85%
Round 28 | Client 25 | Model: (ResNet18) | Acc: 11.21%
Round 28 | Client 26 | Model: (MobileNetV2) | Acc: 30.12%
Round 28 | Client 27 | Model: (MobileNetV3) | Acc: 47.96%
Round 28 | Client 28 | Model: (LeNet) | Acc: 49.28%
Round 28 | Client 29 | Model: (AlexNet) | Acc: 56.43%
Round 28 | Client 30 | Model: (ShuffleNet) | Acc: 20.29%
Round 28 | Client 31 | Model: (SqueezeNet) | Acc: 10.90%
[Server] Aggregating by Dataset Name ...
[Server] Training Feature-Based Global Generator...
[Server] Global Inference Model Acc (MNIST) (Round 28): 99.13% (Tested on 9095 samples)
[Server] Global Inference Model Acc (EMNIST) (Round 28): 82.30% (Tested on 105779 samples)
[Server] Global Inference Model Acc (CIFAR10) (Round 28): 74.58% (Tested on 9100 samples)
[Server] Global Inference Model Acc (Mix) (Round 28): 82.97% (Tested on 123974 samples)
Selected client ids: [0, 1, 2, 3, 4, 5, 6, 7, 8, 9, 10, 11, 12, 13, 14, 15, 16, 17, 18, 19, 20, 21, 22, 23, 24, 25, 26, 27, 28, 29]
--- Round 29 ---
Round 29 | Client 0 | Model: (MLP) | Acc: 11.34%
Round 29 | Client 1 | Model: (CNN) | Acc: 98.23%
Round 29 | Client 2 | Model: (ResNet8) | Acc: 98.19%
Round 29 | Client 3 | Model: (ResNet18) | Acc: 98.19%
Round 29 | Client 4 | Model: (MobileNetV2) | Acc: 11.67%
Round 29 | Client 5 | Model: (MobileNetV3) | Acc: 92.08%
Round 29 | Client 6 | Model: (LeNet) | Acc: 97.48%
Round 29 | Client 7 | Model: (AlexNet) | Acc: 12.63%
Round 29 | Client 8 | Model: (ShuffleNet) | Acc: 71.38%
Round 29 | Client 9 | Model: (SqueezeNet) | Acc: 44.26%
Round 29 | Client 11 | Model: (MLP) | Acc: 5.86%
Round 29 | Client 12 | Model: (CNN) | Acc: 51.60%
Round 29 | Client 13 | Model: (ResNet8) | Acc: 58.17%
Round 29 | Client 14 | Model: (ResNet18) | Acc: 6.49%
Round 29 | Client 15 | Model: (MobileNetV2) | Acc: 5.82%
Round 29 | Client 16 | Model: (MobileNetV3) | Acc: 39.01%
Round 29 | Client 17 | Model: (LeNet) | Acc: 5.36%
Round 29 | Client 18 | Model: (AlexNet) | Acc: 2.86%
Round 29 | Client 19 | Model: (ShuffleNet) | Acc: 5.21%
Round 29 | Client 20 | Model: (SqueezeNet) | Acc: 5.84%
Round 29 | Client 22 | Model: (MLP) | Acc: 42.81%
Round 29 | Client 23 | Model: (CNN) | Acc: 61.32%
Round 29 | Client 24 | Model: (ResNet8) | Acc: 60.06%
Round 29 | Client 25 | Model: (ResNet18) | Acc: 11.21%
Round 29 | Client 26 | Model: (MobileNetV2) | Acc: 30.01%
Round 29 | Client 27 | Model: (MobileNetV3) | Acc: 47.96%
Round 29 | Client 28 | Model: (LeNet) | Acc: 52.26%
Round 29 | Client 29 | Model: (AlexNet) | Acc: 55.68%
Round 29 | Client 30 | Model: (ShuffleNet) | Acc: 20.94%
Round 29 | Client 31 | Model: (SqueezeNet) | Acc: 10.90%
[Server] Aggregating by Dataset Name ...
[Server] Training Feature-Based Global Generator...
[Server] Global Inference Model Acc (MNIST) (Round 29): 99.07% (Tested on 9095 samples)
[Server] Global Inference Model Acc (EMNIST) (Round 29): 81.57% (Tested on 105779 samples)
[Server] Global Inference Model Acc (CIFAR10) (Round 29): 76.90% (Tested on 9100 samples)
[Server] Global Inference Model Acc (Mix) (Round 29): 82.51% (Tested on 123974 samples)
Selected client ids: [0, 1, 2, 3, 4, 5, 6, 7, 8, 9, 10, 11, 12, 13, 14, 15, 16, 17, 18, 19, 20, 21, 22, 23, 24, 25, 26, 27, 28, 29]
--- Round 30 ---
Round 30 | Client 0 | Model: (MLP) | Acc: 11.34%
Round 30 | Client 1 | Model: (CNN) | Acc: 97.79%
Round 30 | Client 2 | Model: (ResNet8) | Acc: 97.96%
Round 30 | Client 3 | Model: (ResNet18) | Acc: 98.64%
Round 30 | Client 4 | Model: (MobileNetV2) | Acc: 11.67%
Round 30 | Client 5 | Model: (MobileNetV3) | Acc: 92.31%
Round 30 | Client 6 | Model: (LeNet) | Acc: 97.16%
Round 30 | Client 7 | Model: (AlexNet) | Acc: 12.63%
Round 30 | Client 8 | Model: (ShuffleNet) | Acc: 70.94%
Round 30 | Client 9 | Model: (SqueezeNet) | Acc: 39.78%
Round 30 | Client 11 | Model: (MLP) | Acc: 5.86%
Round 30 | Client 12 | Model: (CNN) | Acc: 53.60%
Round 30 | Client 13 | Model: (ResNet8) | Acc: 58.39%
Round 30 | Client 14 | Model: (ResNet18) | Acc: 6.49%
Round 30 | Client 15 | Model: (MobileNetV2) | Acc: 5.82%
Round 30 | Client 16 | Model: (MobileNetV3) | Acc: 38.42%
Round 30 | Client 17 | Model: (LeNet) | Acc: 5.75%
Round 30 | Client 18 | Model: (AlexNet) | Acc: 2.86%
Round 30 | Client 19 | Model: (ShuffleNet) | Acc: 5.21%
Round 30 | Client 20 | Model: (SqueezeNet) | Acc: 5.84%
Round 30 | Client 22 | Model: (MLP) | Acc: 38.73%
Round 30 | Client 23 | Model: (CNN) | Acc: 60.66%
Round 30 | Client 24 | Model: (ResNet8) | Acc: 57.92%
Round 30 | Client 25 | Model: (ResNet18) | Acc: 11.21%
Round 30 | Client 26 | Model: (MobileNetV2) | Acc: 28.44%
Round 30 | Client 27 | Model: (MobileNetV3) | Acc: 47.75%
Round 30 | Client 28 | Model: (LeNet) | Acc: 50.06%
Round 30 | Client 29 | Model: (AlexNet) | Acc: 57.30%
Round 30 | Client 30 | Model: (ShuffleNet) | Acc: 21.60%
Round 30 | Client 31 | Model: (SqueezeNet) | Acc: 10.90%
[Server] Aggregating by Dataset Name ...
[Server] Training Feature-Based Global Generator...
[Server] Global Inference Model Acc (MNIST) (Round 30): 98.43% (Tested on 9095 samples)
[Server] Global Inference Model Acc (EMNIST) (Round 30): 78.79% (Tested on 105779 samples)
[Server] Global Inference Model Acc (CIFAR10) (Round 30): 73.88% (Tested on 9100 samples)
[Server] Global Inference Model Acc (Mix) (Round 30): 79.87% (Tested on 123974 samples)
Saving UDON Server Checkpoints ...
[Server] All clients saved in logs/2026-05-12_07-04-29/FedTED/clients_last_round_checkpoints/
==============================    Finished. Total Time: 3:15:22    ==============================
