Time: 2026-06-22 17:26:47
Log Dir: logs/2026-06-22_17-26-47/GeFL_DDPM_baseline_total
================================================================================

==============================        Args        ==============================
  exp_timestamp: None
  exp_conf: ./configs/het-iid-exp.yaml
  device: cuda:1
  seed: 15698
  algorithm: GeFL_DDPM_baseline_total
  num_new_clients: 1
  num_train_mnist: 10
  num_train_emnist: 10
  num_train_fashionmnist: 0
  num_train_cifar10: 10
  num_train_cifar100: 0
  num_train_usps: 0
  label_mapping: feature-bi
================================================================================
==============================    Exp Configs     ==============================
exp_name: model-heterogeneity
heterogeneous: true
dirichlet_alpha: 100
global_rounds: 30
local_epochs: 1
local_loss_fn: CrossEntropyLoss
local_optim: Adam
local_lr: 0.001
batch_size: 64
sample_frac: 1.0
test_interval: 1
metric_type: accuracy
global_feature_dim: 256
optim: Adam
optim_lr: 0.001
global_gen_epochs: 10
gen_noise_dim: 128
gen_optim: Adam
gen_optim_lr: 0.001
n_feat: 64
global_feat_gen_epochs: 10
feat_gen_noise_dim: 128
feat_gen_optim: Adam
feat_gen_optim_lr: 0.001
feat_gen_div_beta: 1.0
public_data_ratio: 0.05
start_mapping_epoch: 20
gen_observer_weight: 0.0
index_matching: ddpm
aggregate_method: dataset_name
use_new_entropy_method: true
entropy_ratio: 0.7
cs_threshold: 0.9
global_model_epochs: 5
global_model_optim: Adam
global_model_optim_lr: 0.001
global_samples_per_class: 64

================================================================================

==================================================
Start 30 rounds training by GeFL_DDPM_baseline_total
Selected client ids: [0, 1, 2, 3, 4, 5, 6, 7, 8, 9, 10, 11, 12, 13, 14, 15, 16, 17, 18, 19, 20, 21, 22, 23, 24, 25, 26, 27, 28, 29]
--- Round 1 ---
Client 0 (MNIST) | Target Loss: 0.9845 | DDPM Loss: 0.0747
Client 1 (MNIST) | Target Loss: 1.4898 | DDPM Loss: 0.0753
Client 2 (MNIST) | Target Loss: 0.8359 | DDPM Loss: 0.0753
Client 3 (MNIST) | Target Loss: 0.5085 | DDPM Loss: 0.0744
Client 4 (MNIST) | Target Loss: 1.3689 | DDPM Loss: 0.0741
Client 5 (MNIST) | Target Loss: 1.7260 | DDPM Loss: 0.0781
Client 6 (MNIST) | Target Loss: 1.3596 | DDPM Loss: 0.0771
Client 7 (MNIST) | Target Loss: 1.4059 | DDPM Loss: 0.0713
Client 8 (MNIST) | Target Loss: 1.6577 | DDPM Loss: 0.0772
Client 9 (MNIST) | Target Loss: 1.5256 | DDPM Loss: 0.0736
Client 11 (EMNIST) | Target Loss: 1.2151 | DDPM Loss: 0.0219
Client 12 (EMNIST) | Target Loss: 1.3592 | DDPM Loss: 0.0222
Client 13 (EMNIST) | Target Loss: 0.9035 | DDPM Loss: 0.0222
Client 14 (EMNIST) | Target Loss: 0.7422 | DDPM Loss: 0.0221
Client 15 (EMNIST) | Target Loss: 1.4387 | DDPM Loss: 0.0215
Client 16 (EMNIST) | Target Loss: 2.0318 | DDPM Loss: 0.0221
Client 17 (EMNIST) | Target Loss: 1.2674 | DDPM Loss: 0.0218
Client 18 (EMNIST) | Target Loss: 1.2752 | DDPM Loss: 0.0229
Client 19 (EMNIST) | Target Loss: 1.6194 | DDPM Loss: 0.0224
Client 20 (EMNIST) | Target Loss: 1.6909 | DDPM Loss: 0.0219
Client 22 (CIFAR10) | Target Loss: 1.9943 | DDPM Loss: 0.1167
Client 23 (CIFAR10) | Target Loss: 1.9000 | DDPM Loss: 0.1130
Client 24 (CIFAR10) | Target Loss: 1.8257 | DDPM Loss: 0.1125
Client 25 (CIFAR10) | Target Loss: 1.8912 | DDPM Loss: 0.1125
Client 26 (CIFAR10) | Target Loss: 2.1857 | DDPM Loss: 0.1113
Client 27 (CIFAR10) | Target Loss: 1.9542 | DDPM Loss: 0.1156
Client 28 (CIFAR10) | Target Loss: 2.0841 | DDPM Loss: 0.1142
Client 29 (CIFAR10) | Target Loss: 2.1279 | DDPM Loss: 0.1152
Client 30 (CIFAR10) | Target Loss: 2.2577 | DDPM Loss: 0.1170
Client 31 (CIFAR10) | Target Loss: 2.2645 | DDPM Loss: 0.1141
Selected client ids: [0, 1, 2, 3, 4, 5, 6, 7, 8, 9, 10, 11, 12, 13, 14, 15, 16, 17, 18, 19, 20, 21, 22, 23, 24, 25, 26, 27, 28, 29]
--- Round 2 ---
Client 0 (MNIST) | Target Loss: 0.4395 | DDPM Loss: 0.0528
Client 1 (MNIST) | Target Loss: 0.4675 | DDPM Loss: 0.0534
Client 2 (MNIST) | Target Loss: 0.1871 | DDPM Loss: 0.0543
Client 3 (MNIST) | Target Loss: 0.1599 | DDPM Loss: 0.0542
Client 4 (MNIST) | Target Loss: 0.5251 | DDPM Loss: 0.0522
Client 5 (MNIST) | Target Loss: 1.1769 | DDPM Loss: 0.0546
Client 6 (MNIST) | Target Loss: 0.3572 | DDPM Loss: 0.0535
Client 7 (MNIST) | Target Loss: 0.2738 | DDPM Loss: 0.0519
Client 8 (MNIST) | Target Loss: 0.9218 | DDPM Loss: 0.0558
Client 9 (MNIST) | Target Loss: 0.6725 | DDPM Loss: 0.0531
Client 11 (EMNIST) | Target Loss: 0.7455 | DDPM Loss: 0.0178
Client 12 (EMNIST) | Target Loss: 0.6847 | DDPM Loss: 0.0181
Client 13 (EMNIST) | Target Loss: 0.4986 | DDPM Loss: 0.0183
Client 14 (EMNIST) | Target Loss: 0.4645 | DDPM Loss: 0.0181
Client 15 (EMNIST) | Target Loss: 0.7482 | DDPM Loss: 0.0180
Client 16 (EMNIST) | Target Loss: 1.2046 | DDPM Loss: 0.0181
Client 17 (EMNIST) | Target Loss: 0.6244 | DDPM Loss: 0.0179
Client 18 (EMNIST) | Target Loss: 0.5069 | DDPM Loss: 0.0185
Client 19 (EMNIST) | Target Loss: 0.8131 | DDPM Loss: 0.0180
Client 20 (EMNIST) | Target Loss: 0.8389 | DDPM Loss: 0.0182
Client 22 (CIFAR10) | Target Loss: 1.7865 | DDPM Loss: 0.0987
Client 23 (CIFAR10) | Target Loss: 1.5972 | DDPM Loss: 0.0969
Client 24 (CIFAR10) | Target Loss: 1.5773 | DDPM Loss: 0.0957
Client 25 (CIFAR10) | Target Loss: 1.7044 | DDPM Loss: 0.0951
Client 26 (CIFAR10) | Target Loss: 1.9669 | DDPM Loss: 0.0931
Client 27 (CIFAR10) | Target Loss: 1.7476 | DDPM Loss: 0.0948
Client 28 (CIFAR10) | Target Loss: 1.8200 | DDPM Loss: 0.0971
Client 29 (CIFAR10) | Target Loss: 1.8725 | DDPM Loss: 0.0949
Client 30 (CIFAR10) | Target Loss: 2.0863 | DDPM Loss: 0.0969
Client 31 (CIFAR10) | Target Loss: 2.1092 | DDPM Loss: 0.0955
Selected client ids: [0, 1, 2, 3, 4, 5, 6, 7, 8, 9, 10, 11, 12, 13, 14, 15, 16, 17, 18, 19, 20, 21, 22, 23, 24, 25, 26, 27, 28, 29]
--- Round 3 ---
Client 0 (MNIST) | Target Loss: 0.3378 | DDPM Loss: 0.0250
Client 1 (MNIST) | Target Loss: 0.2357 | DDPM Loss: 0.0245
Client 2 (MNIST) | Target Loss: 0.1136 | DDPM Loss: 0.0253
Client 3 (MNIST) | Target Loss: 0.1781 | DDPM Loss: 0.0251
Client 4 (MNIST) | Target Loss: 0.3226 | DDPM Loss: 0.0248
Client 5 (MNIST) | Target Loss: 0.9387 | DDPM Loss: 0.0253
Client 6 (MNIST) | Target Loss: 0.2352 | DDPM Loss: 0.0247
Client 7 (MNIST) | Target Loss: 0.1521 | DDPM Loss: 0.0247
Client 8 (MNIST) | Target Loss: 0.9581 | DDPM Loss: 0.0253
Client 9 (MNIST) | Target Loss: 0.4141 | DDPM Loss: 0.0249
Client 11 (EMNIST) | Target Loss: 0.6394 | DDPM Loss: 0.0127
Client 12 (EMNIST) | Target Loss: 0.5833 | DDPM Loss: 0.0126
Client 13 (EMNIST) | Target Loss: 0.4443 | DDPM Loss: 0.0127
Client 14 (EMNIST) | Target Loss: 0.4237 | DDPM Loss: 0.0126
Client 15 (EMNIST) | Target Loss: 0.6469 | DDPM Loss: 0.0126
Client 16 (EMNIST) | Target Loss: 0.9876 | DDPM Loss: 0.0126
Client 17 (EMNIST) | Target Loss: 0.5430 | DDPM Loss: 0.0127
Client 18 (EMNIST) | Target Loss: 0.4418 | DDPM Loss: 0.0127
Client 19 (EMNIST) | Target Loss: 0.6647 | DDPM Loss: 0.0126
Client 20 (EMNIST) | Target Loss: 0.6825 | DDPM Loss: 0.0127
Client 22 (CIFAR10) | Target Loss: 1.6086 | DDPM Loss: 0.0617
Client 23 (CIFAR10) | Target Loss: 1.4667 | DDPM Loss: 0.0630
Client 24 (CIFAR10) | Target Loss: 1.4540 | DDPM Loss: 0.0622
Client 25 (CIFAR10) | Target Loss: 1.5640 | DDPM Loss: 0.0609
Client 26 (CIFAR10) | Target Loss: 1.8374 | DDPM Loss: 0.0613
Client 27 (CIFAR10) | Target Loss: 1.6754 | DDPM Loss: 0.0621
Client 28 (CIFAR10) | Target Loss: 1.7273 | DDPM Loss: 0.0615
Client 29 (CIFAR10) | Target Loss: 1.6976 | DDPM Loss: 0.0632
Client 30 (CIFAR10) | Target Loss: 1.9721 | DDPM Loss: 0.0632
Client 31 (CIFAR10) | Target Loss: 1.9904 | DDPM Loss: 0.0615
Selected client ids: [0, 1, 2, 3, 4, 5, 6, 7, 8, 9, 10, 11, 12, 13, 14, 15, 16, 17, 18, 19, 20, 21, 22, 23, 24, 25, 26, 27, 28, 29]
--- Round 4 ---
Client 0 (MNIST) | Target Loss: 0.2885 | DDPM Loss: 0.0206
Client 1 (MNIST) | Target Loss: 0.1641 | DDPM Loss: 0.0203
Client 2 (MNIST) | Target Loss: 0.0889 | DDPM Loss: 0.0209
Client 3 (MNIST) | Target Loss: 0.0762 | DDPM Loss: 0.0207
Client 4 (MNIST) | Target Loss: 0.2504 | DDPM Loss: 0.0207
Client 5 (MNIST) | Target Loss: 0.7872 | DDPM Loss: 0.0204
Client 6 (MNIST) | Target Loss: 0.1786 | DDPM Loss: 0.0205
Client 7 (MNIST) | Target Loss: 0.1131 | DDPM Loss: 0.0204
Client 8 (MNIST) | Target Loss: 0.8284 | DDPM Loss: 0.0208
Client 9 (MNIST) | Target Loss: 0.3241 | DDPM Loss: 0.0203
Client 11 (EMNIST) | Target Loss: 0.5890 | DDPM Loss: 0.0113
Client 12 (EMNIST) | Target Loss: 0.5343 | DDPM Loss: 0.0112
Client 13 (EMNIST) | Target Loss: 0.4149 | DDPM Loss: 0.0113
Client 14 (EMNIST) | Target Loss: 0.3955 | DDPM Loss: 0.0112
Client 15 (EMNIST) | Target Loss: 0.5962 | DDPM Loss: 0.0112
Client 16 (EMNIST) | Target Loss: 0.8776 | DDPM Loss: 0.0113
Client 17 (EMNIST) | Target Loss: 0.5003 | DDPM Loss: 0.0113
Client 18 (EMNIST) | Target Loss: 0.4069 | DDPM Loss: 0.0113
Client 19 (EMNIST) | Target Loss: 0.6002 | DDPM Loss: 0.0113
Client 20 (EMNIST) | Target Loss: 0.6279 | DDPM Loss: 0.0114
Client 22 (CIFAR10) | Target Loss: 1.4944 | DDPM Loss: 0.0561
Client 23 (CIFAR10) | Target Loss: 1.3602 | DDPM Loss: 0.0574
Client 24 (CIFAR10) | Target Loss: 1.3188 | DDPM Loss: 0.0572
Client 25 (CIFAR10) | Target Loss: 1.4556 | DDPM Loss: 0.0569
Client 26 (CIFAR10) | Target Loss: 1.7209 | DDPM Loss: 0.0567
Client 27 (CIFAR10) | Target Loss: 1.6478 | DDPM Loss: 0.0558
Client 28 (CIFAR10) | Target Loss: 1.6310 | DDPM Loss: 0.0559
Client 29 (CIFAR10) | Target Loss: 1.5974 | DDPM Loss: 0.0562
Client 30 (CIFAR10) | Target Loss: 1.8717 | DDPM Loss: 0.0571
Client 31 (CIFAR10) | Target Loss: 1.9221 | DDPM Loss: 0.0572
Selected client ids: [0, 1, 2, 3, 4, 5, 6, 7, 8, 9, 10, 11, 12, 13, 14, 15, 16, 17, 18, 19, 20, 21, 22, 23, 24, 25, 26, 27, 28, 29]
--- Round 5 ---
Client 0 (MNIST) | Target Loss: 0.2677 | DDPM Loss: 0.0176
Client 1 (MNIST) | Target Loss: 0.1203 | DDPM Loss: 0.0175
Client 2 (MNIST) | Target Loss: 0.0859 | DDPM Loss: 0.0179
Client 3 (MNIST) | Target Loss: 0.0978 | DDPM Loss: 0.0174
Client 4 (MNIST) | Target Loss: 0.2129 | DDPM Loss: 0.0178
Client 5 (MNIST) | Target Loss: 0.6681 | DDPM Loss: 0.0171
Client 6 (MNIST) | Target Loss: 0.1572 | DDPM Loss: 0.0172
Client 7 (MNIST) | Target Loss: 0.0764 | DDPM Loss: 0.0172
Client 8 (MNIST) | Target Loss: 0.7242 | DDPM Loss: 0.0182
Client 9 (MNIST) | Target Loss: 0.2272 | DDPM Loss: 0.0175
Client 11 (EMNIST) | Target Loss: 0.5505 | DDPM Loss: 0.0108
Client 12 (EMNIST) | Target Loss: 0.5023 | DDPM Loss: 0.0107
Client 13 (EMNIST) | Target Loss: 0.3927 | DDPM Loss: 0.0107
Client 14 (EMNIST) | Target Loss: 0.3740 | DDPM Loss: 0.0107
Client 15 (EMNIST) | Target Loss: 0.5637 | DDPM Loss: 0.0107
Client 16 (EMNIST) | Target Loss: 0.8154 | DDPM Loss: 0.0106
Client 17 (EMNIST) | Target Loss: 0.4748 | DDPM Loss: 0.0108
Client 18 (EMNIST) | Target Loss: 0.3811 | DDPM Loss: 0.0107
Client 19 (EMNIST) | Target Loss: 0.5615 | DDPM Loss: 0.0107
Client 20 (EMNIST) | Target Loss: 0.5885 | DDPM Loss: 0.0108
Client 22 (CIFAR10) | Target Loss: 1.3927 | DDPM Loss: 0.0552
Client 23 (CIFAR10) | Target Loss: 1.2949 | DDPM Loss: 0.0549
Client 24 (CIFAR10) | Target Loss: 1.2363 | DDPM Loss: 0.0534
Client 25 (CIFAR10) | Target Loss: 1.3473 | DDPM Loss: 0.0539
Client 26 (CIFAR10) | Target Loss: 1.6097 | DDPM Loss: 0.0533
Client 27 (CIFAR10) | Target Loss: 1.5900 | DDPM Loss: 0.0547
Client 28 (CIFAR10) | Target Loss: 1.5974 | DDPM Loss: 0.0540
Client 29 (CIFAR10) | Target Loss: 1.4806 | DDPM Loss: 0.0553
Client 30 (CIFAR10) | Target Loss: 1.8043 | DDPM Loss: 0.0540
Client 31 (CIFAR10) | Target Loss: 1.8492 | DDPM Loss: 0.0548
Selected client ids: [0, 1, 2, 3, 4, 5, 6, 7, 8, 9, 10, 11, 12, 13, 14, 15, 16, 17, 18, 19, 20, 21, 22, 23, 24, 25, 26, 27, 28, 29]
--- Round 6 ---
Client 0 (MNIST) | Target Loss: 0.1912 | DDPM Loss: 0.0151
Client 1 (MNIST) | Target Loss: 0.1021 | DDPM Loss: 0.0153
Client 2 (MNIST) | Target Loss: 0.0562 | DDPM Loss: 0.0156
Client 3 (MNIST) | Target Loss: 0.0998 | DDPM Loss: 0.0152
Client 4 (MNIST) | Target Loss: 0.1663 | DDPM Loss: 0.0154
Client 5 (MNIST) | Target Loss: 0.6047 | DDPM Loss: 0.0160
Client 6 (MNIST) | Target Loss: 0.1279 | DDPM Loss: 0.0153
Client 7 (MNIST) | Target Loss: 0.0615 | DDPM Loss: 0.0151
Client 8 (MNIST) | Target Loss: 0.6270 | DDPM Loss: 0.0155
Client 9 (MNIST) | Target Loss: 0.1958 | DDPM Loss: 0.0156
Client 11 (EMNIST) | Target Loss: 0.5236 | DDPM Loss: 0.0104
Client 12 (EMNIST) | Target Loss: 0.4743 | DDPM Loss: 0.0103
Client 13 (EMNIST) | Target Loss: 0.3756 | DDPM Loss: 0.0104
Client 14 (EMNIST) | Target Loss: 0.3609 | DDPM Loss: 0.0103
Client 15 (EMNIST) | Target Loss: 0.5288 | DDPM Loss: 0.0103
Client 16 (EMNIST) | Target Loss: 0.7641 | DDPM Loss: 0.0103
Client 17 (EMNIST) | Target Loss: 0.4531 | DDPM Loss: 0.0103
Client 18 (EMNIST) | Target Loss: 0.3623 | DDPM Loss: 0.0103
Client 19 (EMNIST) | Target Loss: 0.5313 | DDPM Loss: 0.0103
Client 20 (EMNIST) | Target Loss: 0.5583 | DDPM Loss: 0.0104
Client 22 (CIFAR10) | Target Loss: 1.2236 | DDPM Loss: 0.0528
Client 23 (CIFAR10) | Target Loss: 1.2269 | DDPM Loss: 0.0535
Client 24 (CIFAR10) | Target Loss: 1.1320 | DDPM Loss: 0.0517
Client 25 (CIFAR10) | Target Loss: 1.2670 | DDPM Loss: 0.0512
Client 26 (CIFAR10) | Target Loss: 1.5257 | DDPM Loss: 0.0531
Client 27 (CIFAR10) | Target Loss: 1.5386 | DDPM Loss: 0.0519
Client 28 (CIFAR10) | Target Loss: 1.5195 | DDPM Loss: 0.0521
Client 29 (CIFAR10) | Target Loss: 1.4018 | DDPM Loss: 0.0524
Client 30 (CIFAR10) | Target Loss: 1.7109 | DDPM Loss: 0.0527
Client 31 (CIFAR10) | Target Loss: 1.8343 | DDPM Loss: 0.0524
Selected client ids: [0, 1, 2, 3, 4, 5, 6, 7, 8, 9, 10, 11, 12, 13, 14, 15, 16, 17, 18, 19, 20, 21, 22, 23, 24, 25, 26, 27, 28, 29]
--- Round 7 ---
Client 0 (MNIST) | Target Loss: 0.1776 | DDPM Loss: 0.0141
Client 1 (MNIST) | Target Loss: 0.0790 | DDPM Loss: 0.0140
Client 2 (MNIST) | Target Loss: 0.0353 | DDPM Loss: 0.0139
Client 3 (MNIST) | Target Loss: 0.0483 | DDPM Loss: 0.0144
Client 4 (MNIST) | Target Loss: 0.1447 | DDPM Loss: 0.0140
Client 5 (MNIST) | Target Loss: 0.5743 | DDPM Loss: 0.0139
Client 6 (MNIST) | Target Loss: 0.1100 | DDPM Loss: 0.0138
Client 7 (MNIST) | Target Loss: 0.0520 | DDPM Loss: 0.0140
Client 8 (MNIST) | Target Loss: 0.8613 | DDPM Loss: 0.0140
Client 9 (MNIST) | Target Loss: 0.1766 | DDPM Loss: 0.0140
Client 11 (EMNIST) | Target Loss: 0.4986 | DDPM Loss: 0.0101
Client 12 (EMNIST) | Target Loss: 0.4588 | DDPM Loss: 0.0100
Client 13 (EMNIST) | Target Loss: 0.3614 | DDPM Loss: 0.0101
Client 14 (EMNIST) | Target Loss: 0.3436 | DDPM Loss: 0.0100
Client 15 (EMNIST) | Target Loss: 0.5122 | DDPM Loss: 0.0101
Client 16 (EMNIST) | Target Loss: 0.7273 | DDPM Loss: 0.0100
Client 17 (EMNIST) | Target Loss: 0.4339 | DDPM Loss: 0.0101
Client 18 (EMNIST) | Target Loss: 0.3419 | DDPM Loss: 0.0101
Client 19 (EMNIST) | Target Loss: 0.5106 | DDPM Loss: 0.0101
Client 20 (EMNIST) | Target Loss: 0.5441 | DDPM Loss: 0.0101
Client 22 (CIFAR10) | Target Loss: 1.1197 | DDPM Loss: 0.0510
Client 23 (CIFAR10) | Target Loss: 1.1720 | DDPM Loss: 0.0517
Client 24 (CIFAR10) | Target Loss: 1.0655 | DDPM Loss: 0.0520
Client 25 (CIFAR10) | Target Loss: 1.1661 | DDPM Loss: 0.0499
Client 26 (CIFAR10) | Target Loss: 1.4590 | DDPM Loss: 0.0511
Client 27 (CIFAR10) | Target Loss: 1.5181 | DDPM Loss: 0.0508
Client 28 (CIFAR10) | Target Loss: 1.4767 | DDPM Loss: 0.0513
Client 29 (CIFAR10) | Target Loss: 1.2994 | DDPM Loss: 0.0509
Client 30 (CIFAR10) | Target Loss: 1.6435 | DDPM Loss: 0.0510
Client 31 (CIFAR10) | Target Loss: 1.7700 | DDPM Loss: 0.0511
Selected client ids: [0, 1, 2, 3, 4, 5, 6, 7, 8, 9, 10, 11, 12, 13, 14, 15, 16, 17, 18, 19, 20, 21, 22, 23, 24, 25, 26, 27, 28, 29]
--- Round 8 ---
Client 0 (MNIST) | Target Loss: 0.1611 | DDPM Loss: 0.0135
Client 1 (MNIST) | Target Loss: 0.0611 | DDPM Loss: 0.0133
Client 2 (MNIST) | Target Loss: 0.0462 | DDPM Loss: 0.0133
Client 3 (MNIST) | Target Loss: 0.0367 | DDPM Loss: 0.0134
Client 4 (MNIST) | Target Loss: 0.1481 | DDPM Loss: 0.0132
Client 5 (MNIST) | Target Loss: 0.5017 | DDPM Loss: 0.0132
Client 6 (MNIST) | Target Loss: 0.0990 | DDPM Loss: 0.0134
Client 7 (MNIST) | Target Loss: 0.0382 | DDPM Loss: 0.0131
Client 8 (MNIST) | Target Loss: 0.7030 | DDPM Loss: 0.0133
Client 9 (MNIST) | Target Loss: 0.1543 | DDPM Loss: 0.0133
Client 11 (EMNIST) | Target Loss: 0.4793 | DDPM Loss: 0.0099
Client 12 (EMNIST) | Target Loss: 0.4441 | DDPM Loss: 0.0098
Client 13 (EMNIST) | Target Loss: 0.3474 | DDPM Loss: 0.0099
Client 14 (EMNIST) | Target Loss: 0.3287 | DDPM Loss: 0.0098
Client 15 (EMNIST) | Target Loss: 0.4886 | DDPM Loss: 0.0098
Client 16 (EMNIST) | Target Loss: 0.7021 | DDPM Loss: 0.0098
Client 17 (EMNIST) | Target Loss: 0.4224 | DDPM Loss: 0.0099
Client 18 (EMNIST) | Target Loss: 0.3230 | DDPM Loss: 0.0099
Client 19 (EMNIST) | Target Loss: 0.4869 | DDPM Loss: 0.0099
Client 20 (EMNIST) | Target Loss: 0.5275 | DDPM Loss: 0.0099
Client 22 (CIFAR10) | Target Loss: 0.9854 | DDPM Loss: 0.0499
Client 23 (CIFAR10) | Target Loss: 1.1217 | DDPM Loss: 0.0516
Client 24 (CIFAR10) | Target Loss: 0.9757 | DDPM Loss: 0.0501
Client 25 (CIFAR10) | Target Loss: 1.0401 | DDPM Loss: 0.0511
Client 26 (CIFAR10) | Target Loss: 1.4005 | DDPM Loss: 0.0499
Client 27 (CIFAR10) | Target Loss: 1.4683 | DDPM Loss: 0.0499
Client 28 (CIFAR10) | Target Loss: 1.4482 | DDPM Loss: 0.0512
Client 29 (CIFAR10) | Target Loss: 1.2014 | DDPM Loss: 0.0502
Client 30 (CIFAR10) | Target Loss: 1.6028 | DDPM Loss: 0.0507
Client 31 (CIFAR10) | Target Loss: 1.7306 | DDPM Loss: 0.0504
Selected client ids: [0, 1, 2, 3, 4, 5, 6, 7, 8, 9, 10, 11, 12, 13, 14, 15, 16, 17, 18, 19, 20, 21, 22, 23, 24, 25, 26, 27, 28, 29]
--- Round 9 ---
Client 0 (MNIST) | Target Loss: 0.1533 | DDPM Loss: 0.0127
Client 1 (MNIST) | Target Loss: 0.0544 | DDPM Loss: 0.0127
Client 2 (MNIST) | Target Loss: 0.0355 | DDPM Loss: 0.0128
Client 3 (MNIST) | Target Loss: 0.0262 | DDPM Loss: 0.0128
Client 4 (MNIST) | Target Loss: 0.1394 | DDPM Loss: 0.0127
Client 5 (MNIST) | Target Loss: 0.4419 | DDPM Loss: 0.0129
Client 6 (MNIST) | Target Loss: 0.0851 | DDPM Loss: 0.0124
Client 7 (MNIST) | Target Loss: 0.0381 | DDPM Loss: 0.0125
Client 8 (MNIST) | Target Loss: 0.6578 | DDPM Loss: 0.0127
Client 9 (MNIST) | Target Loss: 0.1271 | DDPM Loss: 0.0128
Client 11 (EMNIST) | Target Loss: 0.4663 | DDPM Loss: 0.0097
Client 12 (EMNIST) | Target Loss: 0.4310 | DDPM Loss: 0.0096
Client 13 (EMNIST) | Target Loss: 0.3322 | DDPM Loss: 0.0097
Client 14 (EMNIST) | Target Loss: 0.3103 | DDPM Loss: 0.0096
Client 15 (EMNIST) | Target Loss: 0.4721 | DDPM Loss: 0.0096
Client 16 (EMNIST) | Target Loss: 0.6696 | DDPM Loss: 0.0096
Client 17 (EMNIST) | Target Loss: 0.4079 | DDPM Loss: 0.0097
Client 18 (EMNIST) | Target Loss: 0.3092 | DDPM Loss: 0.0096
Client 19 (EMNIST) | Target Loss: 0.4723 | DDPM Loss: 0.0097
Client 20 (EMNIST) | Target Loss: 0.5090 | DDPM Loss: 0.0097
Client 22 (CIFAR10) | Target Loss: 0.8827 | DDPM Loss: 0.0490
Client 23 (CIFAR10) | Target Loss: 1.0994 | DDPM Loss: 0.0503
Client 24 (CIFAR10) | Target Loss: 0.9152 | DDPM Loss: 0.0487
Client 25 (CIFAR10) | Target Loss: 0.9758 | DDPM Loss: 0.0492
Client 26 (CIFAR10) | Target Loss: 1.3287 | DDPM Loss: 0.0496
Client 27 (CIFAR10) | Target Loss: 1.4432 | DDPM Loss: 0.0490
Client 28 (CIFAR10) | Target Loss: 1.3988 | DDPM Loss: 0.0501
Client 29 (CIFAR10) | Target Loss: 1.1000 | DDPM Loss: 0.0502
Client 30 (CIFAR10) | Target Loss: 1.5288 | DDPM Loss: 0.0500
Client 31 (CIFAR10) | Target Loss: 1.6763 | DDPM Loss: 0.0499
Selected client ids: [0, 1, 2, 3, 4, 5, 6, 7, 8, 9, 10, 11, 12, 13, 14, 15, 16, 17, 18, 19, 20, 21, 22, 23, 24, 25, 26, 27, 28, 29]
--- Round 10 ---
Client 0 (MNIST) | Target Loss: 0.1596 | DDPM Loss: 0.0123
Client 1 (MNIST) | Target Loss: 0.0397 | DDPM Loss: 0.0121
Client 2 (MNIST) | Target Loss: 0.0239 | DDPM Loss: 0.0122
Client 3 (MNIST) | Target Loss: 0.0173 | DDPM Loss: 0.0122
Client 4 (MNIST) | Target Loss: 0.1224 | DDPM Loss: 0.0123
Client 5 (MNIST) | Target Loss: 0.4135 | DDPM Loss: 0.0120
Client 6 (MNIST) | Target Loss: 0.0787 | DDPM Loss: 0.0122
Client 7 (MNIST) | Target Loss: 0.0370 | DDPM Loss: 0.0121
Client 8 (MNIST) | Target Loss: 1.1438 | DDPM Loss: 0.0124
Client 9 (MNIST) | Target Loss: 0.0974 | DDPM Loss: 0.0121
Client 11 (EMNIST) | Target Loss: 0.4552 | DDPM Loss: 0.0095
Client 12 (EMNIST) | Target Loss: 0.4206 | DDPM Loss: 0.0095
Client 13 (EMNIST) | Target Loss: 0.3213 | DDPM Loss: 0.0095
Client 14 (EMNIST) | Target Loss: 0.2988 | DDPM Loss: 0.0095
Client 15 (EMNIST) | Target Loss: 0.4599 | DDPM Loss: 0.0095
Client 16 (EMNIST) | Target Loss: 0.6500 | DDPM Loss: 0.0094
Client 17 (EMNIST) | Target Loss: 0.3981 | DDPM Loss: 0.0095
Client 18 (EMNIST) | Target Loss: 0.2910 | DDPM Loss: 0.0095
Client 19 (EMNIST) | Target Loss: 0.4597 | DDPM Loss: 0.0095
Client 20 (EMNIST) | Target Loss: 0.4979 | DDPM Loss: 0.0095
Client 22 (CIFAR10) | Target Loss: 0.7895 | DDPM Loss: 0.0483
Client 23 (CIFAR10) | Target Loss: 1.0440 | DDPM Loss: 0.0501
Client 24 (CIFAR10) | Target Loss: 0.8327 | DDPM Loss: 0.0497
Client 25 (CIFAR10) | Target Loss: 0.8760 | DDPM Loss: 0.0494
Client 26 (CIFAR10) | Target Loss: 1.2735 | DDPM Loss: 0.0488
Client 27 (CIFAR10) | Target Loss: 1.4282 | DDPM Loss: 0.0492
Client 28 (CIFAR10) | Target Loss: 1.3679 | DDPM Loss: 0.0491
Client 29 (CIFAR10) | Target Loss: 0.9992 | DDPM Loss: 0.0497
Client 30 (CIFAR10) | Target Loss: 1.5048 | DDPM Loss: 0.0489
Client 31 (CIFAR10) | Target Loss: 1.6215 | DDPM Loss: 0.0496
Selected client ids: [0, 1, 2, 3, 4, 5, 6, 7, 8, 9, 10, 11, 12, 13, 14, 15, 16, 17, 18, 19, 20, 21, 22, 23, 24, 25, 26, 27, 28, 29]
--- Round 11 ---
Client 0 (MNIST) | Target Loss: 0.1288 | DDPM Loss: 0.0123
Client 1 (MNIST) | Target Loss: 0.0450 | DDPM Loss: 0.0118
Client 2 (MNIST) | Target Loss: 0.0177 | DDPM Loss: 0.0119
Client 3 (MNIST) | Target Loss: 0.0254 | DDPM Loss: 0.0119
Client 4 (MNIST) | Target Loss: 0.1052 | DDPM Loss: 0.0121
Client 5 (MNIST) | Target Loss: 0.3885 | DDPM Loss: 0.0120
Client 6 (MNIST) | Target Loss: 0.0604 | DDPM Loss: 0.0120
Client 7 (MNIST) | Target Loss: 0.0266 | DDPM Loss: 0.0122
Client 8 (MNIST) | Target Loss: 1.1375 | DDPM Loss: 0.0121
Client 9 (MNIST) | Target Loss: 0.0874 | DDPM Loss: 0.0120
Client 11 (EMNIST) | Target Loss: 0.4374 | DDPM Loss: 0.0094
Client 12 (EMNIST) | Target Loss: 0.4104 | DDPM Loss: 0.0093
Client 13 (EMNIST) | Target Loss: 0.3068 | DDPM Loss: 0.0094
Client 14 (EMNIST) | Target Loss: 0.2835 | DDPM Loss: 0.0093
Client 15 (EMNIST) | Target Loss: 0.4538 | DDPM Loss: 0.0093
Client 16 (EMNIST) | Target Loss: 0.6374 | DDPM Loss: 0.0093
Client 17 (EMNIST) | Target Loss: 0.3887 | DDPM Loss: 0.0094
Client 18 (EMNIST) | Target Loss: 0.2786 | DDPM Loss: 0.0093
Client 19 (EMNIST) | Target Loss: 0.4474 | DDPM Loss: 0.0093
Client 20 (EMNIST) | Target Loss: 0.4788 | DDPM Loss: 0.0094
Client 22 (CIFAR10) | Target Loss: 0.7189 | DDPM Loss: 0.0489
Client 23 (CIFAR10) | Target Loss: 1.0137 | DDPM Loss: 0.0497
Client 24 (CIFAR10) | Target Loss: 0.7640 | DDPM Loss: 0.0486
Client 25 (CIFAR10) | Target Loss: 0.7463 | DDPM Loss: 0.0483
Client 26 (CIFAR10) | Target Loss: 1.2410 | DDPM Loss: 0.0481
Client 27 (CIFAR10) | Target Loss: 1.4020 | DDPM Loss: 0.0484
Client 28 (CIFAR10) | Target Loss: 1.3149 | DDPM Loss: 0.0492
Client 29 (CIFAR10) | Target Loss: 0.9503 | DDPM Loss: 0.0483
Client 30 (CIFAR10) | Target Loss: 1.4421 | DDPM Loss: 0.0485
Client 31 (CIFAR10) | Target Loss: 1.5645 | DDPM Loss: 0.0508
Selected client ids: [0, 1, 2, 3, 4, 5, 6, 7, 8, 9, 10, 11, 12, 13, 14, 15, 16, 17, 18, 19, 20, 21, 22, 23, 24, 25, 26, 27, 28, 29]
--- Round 12 ---
Client 0 (MNIST) | Target Loss: 0.1068 | DDPM Loss: 0.0117
Client 1 (MNIST) | Target Loss: 0.0394 | DDPM Loss: 0.0114
Client 2 (MNIST) | Target Loss: 0.0137 | DDPM Loss: 0.0116
Client 3 (MNIST) | Target Loss: 0.1165 | DDPM Loss: 0.0117
Client 4 (MNIST) | Target Loss: 0.1209 | DDPM Loss: 0.0117
Client 5 (MNIST) | Target Loss: 0.3383 | DDPM Loss: 0.0116
Client 6 (MNIST) | Target Loss: 0.0626 | DDPM Loss: 0.0117
Client 7 (MNIST) | Target Loss: 0.0270 | DDPM Loss: 0.0117
Client 8 (MNIST) | Target Loss: 0.8766 | DDPM Loss: 0.0119
Client 9 (MNIST) | Target Loss: 0.0808 | DDPM Loss: 0.0118
Client 11 (EMNIST) | Target Loss: 0.4333 | DDPM Loss: 0.0093
Client 12 (EMNIST) | Target Loss: 0.4008 | DDPM Loss: 0.0092
Client 13 (EMNIST) | Target Loss: 0.2933 | DDPM Loss: 0.0093
Client 14 (EMNIST) | Target Loss: 0.2748 | DDPM Loss: 0.0092
Client 15 (EMNIST) | Target Loss: 0.4360 | DDPM Loss: 0.0092
Client 16 (EMNIST) | Target Loss: 0.6214 | DDPM Loss: 0.0091
Client 17 (EMNIST) | Target Loss: 0.3789 | DDPM Loss: 0.0092
Client 18 (EMNIST) | Target Loss: 0.2611 | DDPM Loss: 0.0092
Client 19 (EMNIST) | Target Loss: 0.4363 | DDPM Loss: 0.0093
Client 20 (EMNIST) | Target Loss: 0.4778 | DDPM Loss: 0.0093
Client 22 (CIFAR10) | Target Loss: 0.6097 | DDPM Loss: 0.0475
Client 23 (CIFAR10) | Target Loss: 0.9754 | DDPM Loss: 0.0490
Client 24 (CIFAR10) | Target Loss: 0.6532 | DDPM Loss: 0.0477
Client 25 (CIFAR10) | Target Loss: 0.6380 | DDPM Loss: 0.0482
Client 26 (CIFAR10) | Target Loss: 1.1733 | DDPM Loss: 0.0484
Client 27 (CIFAR10) | Target Loss: 1.3767 | DDPM Loss: 0.0481
Client 28 (CIFAR10) | Target Loss: 1.2881 | DDPM Loss: 0.0475
Client 29 (CIFAR10) | Target Loss: 0.8061 | DDPM Loss: 0.0481
Client 30 (CIFAR10) | Target Loss: 1.3919 | DDPM Loss: 0.0496
Client 31 (CIFAR10) | Target Loss: 1.5677 | DDPM Loss: 0.0490
Selected client ids: [0, 1, 2, 3, 4, 5, 6, 7, 8, 9, 10, 11, 12, 13, 14, 15, 16, 17, 18, 19, 20, 21, 22, 23, 24, 25, 26, 27, 28, 29]
--- Round 13 ---
Client 0 (MNIST) | Target Loss: 0.0821 | DDPM Loss: 0.0116
Client 1 (MNIST) | Target Loss: 0.0330 | DDPM Loss: 0.0114
Client 2 (MNIST) | Target Loss: 0.0124 | DDPM Loss: 0.0113
Client 3 (MNIST) | Target Loss: 0.0297 | DDPM Loss: 0.0123
Client 4 (MNIST) | Target Loss: 0.0845 | DDPM Loss: 0.0114
Client 5 (MNIST) | Target Loss: 0.3349 | DDPM Loss: 0.0114
Client 6 (MNIST) | Target Loss: 0.0499 | DDPM Loss: 0.0114
Client 7 (MNIST) | Target Loss: 0.0228 | DDPM Loss: 0.0113
Client 8 (MNIST) | Target Loss: 0.7417 | DDPM Loss: 0.0115
Client 9 (MNIST) | Target Loss: 0.0953 | DDPM Loss: 0.0116
Client 11 (EMNIST) | Target Loss: 0.4149 | DDPM Loss: 0.0092
Client 12 (EMNIST) | Target Loss: 0.3903 | DDPM Loss: 0.0091
Client 13 (EMNIST) | Target Loss: 0.2805 | DDPM Loss: 0.0092
Client 14 (EMNIST) | Target Loss: 0.2549 | DDPM Loss: 0.0091
Client 15 (EMNIST) | Target Loss: 0.4248 | DDPM Loss: 0.0091
Client 16 (EMNIST) | Target Loss: 0.6078 | DDPM Loss: 0.0091
Client 17 (EMNIST) | Target Loss: 0.3693 | DDPM Loss: 0.0091
Client 18 (EMNIST) | Target Loss: 0.2506 | DDPM Loss: 0.0091
Client 19 (EMNIST) | Target Loss: 0.4305 | DDPM Loss: 0.0091
Client 20 (EMNIST) | Target Loss: 0.4681 | DDPM Loss: 0.0092
Client 22 (CIFAR10) | Target Loss: 0.5382 | DDPM Loss: 0.0477
Client 23 (CIFAR10) | Target Loss: 0.9212 | DDPM Loss: 0.0490
Client 24 (CIFAR10) | Target Loss: 0.5943 | DDPM Loss: 0.0480
Client 25 (CIFAR10) | Target Loss: 0.4992 | DDPM Loss: 0.0469
Client 26 (CIFAR10) | Target Loss: 1.1363 | DDPM Loss: 0.0473
Client 27 (CIFAR10) | Target Loss: 1.3581 | DDPM Loss: 0.0476
Client 28 (CIFAR10) | Target Loss: 1.2349 | DDPM Loss: 0.0471
Client 29 (CIFAR10) | Target Loss: 0.7205 | DDPM Loss: 0.0474
Client 30 (CIFAR10) | Target Loss: 1.3255 | DDPM Loss: 0.0490
Client 31 (CIFAR10) | Target Loss: 1.4713 | DDPM Loss: 0.0482
Selected client ids: [0, 1, 2, 3, 4, 5, 6, 7, 8, 9, 10, 11, 12, 13, 14, 15, 16, 17, 18, 19, 20, 21, 22, 23, 24, 25, 26, 27, 28, 29]
--- Round 14 ---
Client 0 (MNIST) | Target Loss: 0.1238 | DDPM Loss: 0.0114
Client 1 (MNIST) | Target Loss: 0.0285 | DDPM Loss: 0.0112
Client 2 (MNIST) | Target Loss: 0.0399 | DDPM Loss: 0.0114
Client 3 (MNIST) | Target Loss: 0.0309 | DDPM Loss: 0.0115
Client 4 (MNIST) | Target Loss: 0.0768 | DDPM Loss: 0.0115
Client 5 (MNIST) | Target Loss: 0.3119 | DDPM Loss: 0.0113
Client 6 (MNIST) | Target Loss: 0.0557 | DDPM Loss: 0.0112
Client 7 (MNIST) | Target Loss: 0.0118 | DDPM Loss: 0.0114
Client 8 (MNIST) | Target Loss: 0.6750 | DDPM Loss: 0.0116
Client 9 (MNIST) | Target Loss: 0.0954 | DDPM Loss: 0.0112
Client 11 (EMNIST) | Target Loss: 0.4073 | DDPM Loss: 0.0090
Client 12 (EMNIST) | Target Loss: 0.3837 | DDPM Loss: 0.0090
Client 13 (EMNIST) | Target Loss: 0.2668 | DDPM Loss: 0.0091
Client 14 (EMNIST) | Target Loss: 0.2441 | DDPM Loss: 0.0090
Client 15 (EMNIST) | Target Loss: 0.4228 | DDPM Loss: 0.0090
Client 16 (EMNIST) | Target Loss: 0.5976 | DDPM Loss: 0.0090
Client 17 (EMNIST) | Target Loss: 0.3611 | DDPM Loss: 0.0091
Client 18 (EMNIST) | Target Loss: 0.2367 | DDPM Loss: 0.0090
Client 19 (EMNIST) | Target Loss: 0.4188 | DDPM Loss: 0.0091
Client 20 (EMNIST) | Target Loss: 0.4613 | DDPM Loss: 0.0091
Client 22 (CIFAR10) | Target Loss: 0.4731 | DDPM Loss: 0.0467
Client 23 (CIFAR10) | Target Loss: 0.9104 | DDPM Loss: 0.0480
Client 24 (CIFAR10) | Target Loss: 0.5161 | DDPM Loss: 0.0482
Client 25 (CIFAR10) | Target Loss: 0.3967 | DDPM Loss: 0.0481
Client 26 (CIFAR10) | Target Loss: 1.0648 | DDPM Loss: 0.0473
Client 27 (CIFAR10) | Target Loss: 1.3198 | DDPM Loss: 0.0471
Client 28 (CIFAR10) | Target Loss: 1.1912 | DDPM Loss: 0.0481
Client 29 (CIFAR10) | Target Loss: 0.6007 | DDPM Loss: 0.0472
Client 30 (CIFAR10) | Target Loss: 1.2798 | DDPM Loss: 0.0475
Client 31 (CIFAR10) | Target Loss: 1.5198 | DDPM Loss: 0.0477
Selected client ids: [0, 1, 2, 3, 4, 5, 6, 7, 8, 9, 10, 11, 12, 13, 14, 15, 16, 17, 18, 19, 20, 21, 22, 23, 24, 25, 26, 27, 28, 29]
--- Round 15 ---
Client 0 (MNIST) | Target Loss: 0.0983 | DDPM Loss: 0.0112
Client 1 (MNIST) | Target Loss: 0.0309 | DDPM Loss: 0.0112
Client 2 (MNIST) | Target Loss: 0.0395 | DDPM Loss: 0.0113
Client 3 (MNIST) | Target Loss: 0.0159 | DDPM Loss: 0.0112
Client 4 (MNIST) | Target Loss: 0.0749 | DDPM Loss: 0.0112
Client 5 (MNIST) | Target Loss: 0.2878 | DDPM Loss: 0.0114
Client 6 (MNIST) | Target Loss: 0.0418 | DDPM Loss: 0.0112
Client 7 (MNIST) | Target Loss: 0.0117 | DDPM Loss: 0.0111
Client 8 (MNIST) | Target Loss: 0.6343 | DDPM Loss: 0.0112
Client 9 (MNIST) | Target Loss: 0.0961 | DDPM Loss: 0.0114
Client 11 (EMNIST) | Target Loss: 0.4042 | DDPM Loss: 0.0090
Client 12 (EMNIST) | Target Loss: 0.3779 | DDPM Loss: 0.0089
Client 13 (EMNIST) | Target Loss: 0.2542 | DDPM Loss: 0.0090
Client 14 (EMNIST) | Target Loss: 0.2279 | DDPM Loss: 0.0090
Client 15 (EMNIST) | Target Loss: 0.4159 | DDPM Loss: 0.0090
Client 16 (EMNIST) | Target Loss: 0.5840 | DDPM Loss: 0.0089
Client 17 (EMNIST) | Target Loss: 0.3531 | DDPM Loss: 0.0090
Client 18 (EMNIST) | Target Loss: 0.2237 | DDPM Loss: 0.0090
Client 19 (EMNIST) | Target Loss: 0.4087 | DDPM Loss: 0.0090
Client 20 (EMNIST) | Target Loss: 0.4545 | DDPM Loss: 0.0090
Client 22 (CIFAR10) | Target Loss: 0.4561 | DDPM Loss: 0.0473
Client 23 (CIFAR10) | Target Loss: 0.8788 | DDPM Loss: 0.0479
Client 24 (CIFAR10) | Target Loss: 0.4172 | DDPM Loss: 0.0477
Client 25 (CIFAR10) | Target Loss: 0.2728 | DDPM Loss: 0.0474
Client 26 (CIFAR10) | Target Loss: 0.9963 | DDPM Loss: 0.0469
Client 27 (CIFAR10) | Target Loss: 1.3069 | DDPM Loss: 0.0468
Client 28 (CIFAR10) | Target Loss: 1.1450 | DDPM Loss: 0.0470
Client 29 (CIFAR10) | Target Loss: 0.5044 | DDPM Loss: 0.0477
Client 30 (CIFAR10) | Target Loss: 1.2113 | DDPM Loss: 0.0484
Client 31 (CIFAR10) | Target Loss: 1.4812 | DDPM Loss: 0.0476
Selected client ids: [0, 1, 2, 3, 4, 5, 6, 7, 8, 9, 10, 11, 12, 13, 14, 15, 16, 17, 18, 19, 20, 21, 22, 23, 24, 25, 26, 27, 28, 29]
--- Round 16 ---
Client 0 (MNIST) | Target Loss: 0.0668 | DDPM Loss: 0.0112
Client 1 (MNIST) | Target Loss: 0.0192 | DDPM Loss: 0.0112
Client 2 (MNIST) | Target Loss: 0.0141 | DDPM Loss: 0.0110
Client 3 (MNIST) | Target Loss: 0.0131 | DDPM Loss: 0.0111
Client 4 (MNIST) | Target Loss: 0.0976 | DDPM Loss: 0.0109
Client 5 (MNIST) | Target Loss: 0.2698 | DDPM Loss: 0.0109
Client 6 (MNIST) | Target Loss: 0.0345 | DDPM Loss: 0.0107
Client 7 (MNIST) | Target Loss: 0.0092 | DDPM Loss: 0.0110
Client 8 (MNIST) | Target Loss: 0.5788 | DDPM Loss: 0.0111
Client 9 (MNIST) | Target Loss: 0.0864 | DDPM Loss: 0.0110
Client 11 (EMNIST) | Target Loss: 0.4052 | DDPM Loss: 0.0089
Client 12 (EMNIST) | Target Loss: 0.3702 | DDPM Loss: 0.0089
Client 13 (EMNIST) | Target Loss: 0.2395 | DDPM Loss: 0.0089
Client 14 (EMNIST) | Target Loss: 0.2116 | DDPM Loss: 0.0089
Client 15 (EMNIST) | Target Loss: 0.4113 | DDPM Loss: 0.0089
Client 16 (EMNIST) | Target Loss: 0.5713 | DDPM Loss: 0.0088
Client 17 (EMNIST) | Target Loss: 0.3477 | DDPM Loss: 0.0089
Client 18 (EMNIST) | Target Loss: 0.2122 | DDPM Loss: 0.0089
Client 19 (EMNIST) | Target Loss: 0.4007 | DDPM Loss: 0.0089
Client 20 (EMNIST) | Target Loss: 0.4522 | DDPM Loss: 0.0090
Client 22 (CIFAR10) | Target Loss: 0.3599 | DDPM Loss: 0.0477
Client 23 (CIFAR10) | Target Loss: 0.8513 | DDPM Loss: 0.0480
Client 24 (CIFAR10) | Target Loss: 0.3196 | DDPM Loss: 0.0472
Client 25 (CIFAR10) | Target Loss: 0.2681 | DDPM Loss: 0.0476
Client 26 (CIFAR10) | Target Loss: 0.9594 | DDPM Loss: 0.0477
Client 27 (CIFAR10) | Target Loss: 1.2847 | DDPM Loss: 0.0473
Client 28 (CIFAR10) | Target Loss: 1.1106 | DDPM Loss: 0.0473
Client 29 (CIFAR10) | Target Loss: 0.4022 | DDPM Loss: 0.0468
Client 30 (CIFAR10) | Target Loss: 1.1440 | DDPM Loss: 0.0485
Client 31 (CIFAR10) | Target Loss: 1.4045 | DDPM Loss: 0.0466
Selected client ids: [0, 1, 2, 3, 4, 5, 6, 7, 8, 9, 10, 11, 12, 13, 14, 15, 16, 17, 18, 19, 20, 21, 22, 23, 24, 25, 26, 27, 28, 29]
--- Round 17 ---
Client 0 (MNIST) | Target Loss: 0.1001 | DDPM Loss: 0.0110
Client 1 (MNIST) | Target Loss: 0.0269 | DDPM Loss: 0.0109
Client 2 (MNIST) | Target Loss: 0.0064 | DDPM Loss: 0.0109
Client 3 (MNIST) | Target Loss: 0.0207 | DDPM Loss: 0.0109
Client 4 (MNIST) | Target Loss: 0.0671 | DDPM Loss: 0.0111
Client 5 (MNIST) | Target Loss: 0.2781 | DDPM Loss: 0.0108
Client 6 (MNIST) | Target Loss: 0.0430 | DDPM Loss: 0.0108
Client 7 (MNIST) | Target Loss: 0.0156 | DDPM Loss: 0.0108
Client 8 (MNIST) | Target Loss: 0.5417 | DDPM Loss: 0.0114
Client 9 (MNIST) | Target Loss: 0.0540 | DDPM Loss: 0.0108
Client 11 (EMNIST) | Target Loss: 0.3882 | DDPM Loss: 0.0089
Client 12 (EMNIST) | Target Loss: 0.3693 | DDPM Loss: 0.0088
Client 13 (EMNIST) | Target Loss: 0.2241 | DDPM Loss: 0.0089
Client 14 (EMNIST) | Target Loss: 0.1928 | DDPM Loss: 0.0088
Client 15 (EMNIST) | Target Loss: 0.4064 | DDPM Loss: 0.0088
Client 16 (EMNIST) | Target Loss: 0.5680 | DDPM Loss: 0.0088
Client 17 (EMNIST) | Target Loss: 0.3421 | DDPM Loss: 0.0088
Client 18 (EMNIST) | Target Loss: 0.2013 | DDPM Loss: 0.0088
Client 19 (EMNIST) | Target Loss: 0.3944 | DDPM Loss: 0.0089
Client 20 (EMNIST) | Target Loss: 0.4501 | DDPM Loss: 0.0089
Client 22 (CIFAR10) | Target Loss: 0.2888 | DDPM Loss: 0.0465
Client 23 (CIFAR10) | Target Loss: 0.8182 | DDPM Loss: 0.0475
Client 24 (CIFAR10) | Target Loss: 0.2383 | DDPM Loss: 0.0474
Client 25 (CIFAR10) | Target Loss: 0.2218 | DDPM Loss: 0.0468
Client 26 (CIFAR10) | Target Loss: 0.9252 | DDPM Loss: 0.0471
Client 27 (CIFAR10) | Target Loss: 1.2778 | DDPM Loss: 0.0462
Client 28 (CIFAR10) | Target Loss: 1.0846 | DDPM Loss: 0.0469
Client 29 (CIFAR10) | Target Loss: 0.3759 | DDPM Loss: 0.0466
Client 30 (CIFAR10) | Target Loss: 1.1468 | DDPM Loss: 0.0473
Client 31 (CIFAR10) | Target Loss: 1.3816 | DDPM Loss: 0.0471
Selected client ids: [0, 1, 2, 3, 4, 5, 6, 7, 8, 9, 10, 11, 12, 13, 14, 15, 16, 17, 18, 19, 20, 21, 22, 23, 24, 25, 26, 27, 28, 29]
--- Round 18 ---
Client 0 (MNIST) | Target Loss: 0.0503 | DDPM Loss: 0.0106
Client 1 (MNIST) | Target Loss: 0.0212 | DDPM Loss: 0.0105
Client 2 (MNIST) | Target Loss: 0.0018 | DDPM Loss: 0.0107
Client 3 (MNIST) | Target Loss: 0.0217 | DDPM Loss: 0.0106
Client 4 (MNIST) | Target Loss: 0.0533 | DDPM Loss: 0.0108
Client 5 (MNIST) | Target Loss: 0.2779 | DDPM Loss: 0.0107
Client 6 (MNIST) | Target Loss: 0.0253 | DDPM Loss: 0.0109
Client 7 (MNIST) | Target Loss: 0.0355 | DDPM Loss: 0.0111
Client 8 (MNIST) | Target Loss: 0.5019 | DDPM Loss: 0.0111
Client 9 (MNIST) | Target Loss: 0.0581 | DDPM Loss: 0.0108
Client 11 (EMNIST) | Target Loss: 0.3861 | DDPM Loss: 0.0088
Client 12 (EMNIST) | Target Loss: 0.3567 | DDPM Loss: 0.0088
Client 13 (EMNIST) | Target Loss: 0.2117 | DDPM Loss: 0.0088
Client 14 (EMNIST) | Target Loss: 0.1750 | DDPM Loss: 0.0088
Client 15 (EMNIST) | Target Loss: 0.3905 | DDPM Loss: 0.0088
Client 16 (EMNIST) | Target Loss: 0.5480 | DDPM Loss: 0.0087
Client 17 (EMNIST) | Target Loss: 0.3344 | DDPM Loss: 0.0088
Client 18 (EMNIST) | Target Loss: 0.1909 | DDPM Loss: 0.0088
Client 19 (EMNIST) | Target Loss: 0.3892 | DDPM Loss: 0.0088
Client 20 (EMNIST) | Target Loss: 0.4390 | DDPM Loss: 0.0089
Client 22 (CIFAR10) | Target Loss: 0.2612 | DDPM Loss: 0.0467
Client 23 (CIFAR10) | Target Loss: 0.7511 | DDPM Loss: 0.0472
Client 24 (CIFAR10) | Target Loss: 0.2190 | DDPM Loss: 0.0470
Client 25 (CIFAR10) | Target Loss: 0.1195 | DDPM Loss: 0.0470
Client 26 (CIFAR10) | Target Loss: 0.8592 | DDPM Loss: 0.0462
Client 27 (CIFAR10) | Target Loss: 1.2454 | DDPM Loss: 0.0456
Client 28 (CIFAR10) | Target Loss: 1.0231 | DDPM Loss: 0.0460
Client 29 (CIFAR10) | Target Loss: 0.2317 | DDPM Loss: 0.0476
Client 30 (CIFAR10) | Target Loss: 1.1018 | DDPM Loss: 0.0476
Client 31 (CIFAR10) | Target Loss: 1.3185 | DDPM Loss: 0.0465
Selected client ids: [0, 1, 2, 3, 4, 5, 6, 7, 8, 9, 10, 11, 12, 13, 14, 15, 16, 17, 18, 19, 20, 21, 22, 23, 24, 25, 26, 27, 28, 29]
--- Round 19 ---
Client 0 (MNIST) | Target Loss: 0.0521 | DDPM Loss: 0.0107
Client 1 (MNIST) | Target Loss: 0.0150 | DDPM Loss: 0.0106
Client 2 (MNIST) | Target Loss: 0.0009 | DDPM Loss: 0.0110
Client 3 (MNIST) | Target Loss: 0.0261 | DDPM Loss: 0.0108
Client 4 (MNIST) | Target Loss: 0.0731 | DDPM Loss: 0.0109
Client 5 (MNIST) | Target Loss: 0.2717 | DDPM Loss: 0.0109
Client 6 (MNIST) | Target Loss: 0.0315 | DDPM Loss: 0.0106
Client 7 (MNIST) | Target Loss: 0.0069 | DDPM Loss: 0.0107
Client 8 (MNIST) | Target Loss: 0.4375 | DDPM Loss: 0.0108
Client 9 (MNIST) | Target Loss: 0.0595 | DDPM Loss: 0.0109
Client 11 (EMNIST) | Target Loss: 0.3879 | DDPM Loss: 0.0088
Client 12 (EMNIST) | Target Loss: 0.3541 | DDPM Loss: 0.0087
Client 13 (EMNIST) | Target Loss: 0.1954 | DDPM Loss: 0.0088
Client 14 (EMNIST) | Target Loss: 0.1558 | DDPM Loss: 0.0087
Client 15 (EMNIST) | Target Loss: 0.3909 | DDPM Loss: 0.0087
Client 16 (EMNIST) | Target Loss: 0.5473 | DDPM Loss: 0.0087
Client 17 (EMNIST) | Target Loss: 0.3276 | DDPM Loss: 0.0088
Client 18 (EMNIST) | Target Loss: 0.1777 | DDPM Loss: 0.0088
Client 19 (EMNIST) | Target Loss: 0.3807 | DDPM Loss: 0.0088
Client 20 (EMNIST) | Target Loss: 0.4385 | DDPM Loss: 0.0088
Client 22 (CIFAR10) | Target Loss: 0.2918 | DDPM Loss: 0.0458
Client 23 (CIFAR10) | Target Loss: 0.7418 | DDPM Loss: 0.0476
Client 24 (CIFAR10) | Target Loss: 0.1530 | DDPM Loss: 0.0471
Client 25 (CIFAR10) | Target Loss: 0.1314 | DDPM Loss: 0.0468
Client 26 (CIFAR10) | Target Loss: 0.8214 | DDPM Loss: 0.0471
Client 27 (CIFAR10) | Target Loss: 1.2342 | DDPM Loss: 0.0465
Client 28 (CIFAR10) | Target Loss: 0.9895 | DDPM Loss: 0.0462
Client 29 (CIFAR10) | Target Loss: 0.1705 | DDPM Loss: 0.0466
Client 30 (CIFAR10) | Target Loss: 1.0821 | DDPM Loss: 0.0473
Client 31 (CIFAR10) | Target Loss: 1.2648 | DDPM Loss: 0.0461
Selected client ids: [0, 1, 2, 3, 4, 5, 6, 7, 8, 9, 10, 11, 12, 13, 14, 15, 16, 17, 18, 19, 20, 21, 22, 23, 24, 25, 26, 27, 28, 29]
--- Round 20 ---
Client 0 (MNIST) | Target Loss: 0.0303 | DDPM Loss: 0.0107
Client 1 (MNIST) | Target Loss: 0.0078 | DDPM Loss: 0.0105
Client 2 (MNIST) | Target Loss: 0.0005 | DDPM Loss: 0.0108
Client 3 (MNIST) | Target Loss: 0.1822 | DDPM Loss: 0.0108
Client 4 (MNIST) | Target Loss: 0.0639 | DDPM Loss: 0.0104
Client 5 (MNIST) | Target Loss: 0.2282 | DDPM Loss: 0.0105
Client 6 (MNIST) | Target Loss: 0.0211 | DDPM Loss: 0.0104
Client 7 (MNIST) | Target Loss: 0.0131 | DDPM Loss: 0.0105
Client 8 (MNIST) | Target Loss: 0.4489 | DDPM Loss: 0.0106
Client 9 (MNIST) | Target Loss: 0.0715 | DDPM Loss: 0.0107
Client 11 (EMNIST) | Target Loss: 0.3733 | DDPM Loss: 0.0087
Client 12 (EMNIST) | Target Loss: 0.3505 | DDPM Loss: 0.0087
Client 13 (EMNIST) | Target Loss: 0.1790 | DDPM Loss: 0.0087
Client 14 (EMNIST) | Target Loss: 0.1397 | DDPM Loss: 0.0087
Client 15 (EMNIST) | Target Loss: 0.3766 | DDPM Loss: 0.0087
Client 16 (EMNIST) | Target Loss: 0.5375 | DDPM Loss: 0.0086
Client 17 (EMNIST) | Target Loss: 0.3225 | DDPM Loss: 0.0087
Client 18 (EMNIST) | Target Loss: 0.1724 | DDPM Loss: 0.0087
Client 19 (EMNIST) | Target Loss: 0.3788 | DDPM Loss: 0.0088
Client 20 (EMNIST) | Target Loss: 0.4336 | DDPM Loss: 0.0088
Client 22 (CIFAR10) | Target Loss: 0.2237 | DDPM Loss: 0.0461
Client 23 (CIFAR10) | Target Loss: 0.7153 | DDPM Loss: 0.0473
Client 24 (CIFAR10) | Target Loss: 0.1509 | DDPM Loss: 0.0469
Client 25 (CIFAR10) | Target Loss: 0.1287 | DDPM Loss: 0.0469
Client 26 (CIFAR10) | Target Loss: 0.8049 | DDPM Loss: 0.0463
Client 27 (CIFAR10) | Target Loss: 1.2322 | DDPM Loss: 0.0459
Client 28 (CIFAR10) | Target Loss: 0.9363 | DDPM Loss: 0.0457
Client 29 (CIFAR10) | Target Loss: 0.1801 | DDPM Loss: 0.0463
Client 30 (CIFAR10) | Target Loss: 1.0214 | DDPM Loss: 0.0468
Client 31 (CIFAR10) | Target Loss: 1.2438 | DDPM Loss: 0.0469
Feature Bi-direction Mapping | dynamic_entropy_ratio: 0.7

==================================================
Label Mapping Summary:
Global ID = 0  | from: MNIST: '0'
Global ID = 1  | from: MNIST: '1'
Global ID = 2  | from: MNIST: '2'
Global ID = 3  | from: MNIST: '3'
Global ID = 4  | from: MNIST: '4'
Global ID = 5  | from: MNIST: '5'
Global ID = 6  | from: MNIST: '6'
Global ID = 7  | from: MNIST: '7'
Global ID = 8  | from: MNIST: '8'
Global ID = 9  | from: MNIST: '9'
Global ID = 10 | from: EMNIST: '0'
Global ID = 11 | from: EMNIST: '1'
Global ID = 12 | from: EMNIST: '2'
Global ID = 13 | from: EMNIST: '3'
Global ID = 14 | from: EMNIST: '4'
Global ID = 15 | from: EMNIST: '5'
Global ID = 16 | from: EMNIST: '6'
Global ID = 17 | from: EMNIST: '7'
Global ID = 18 | from: EMNIST: '8'
Global ID = 19 | from: EMNIST: '9'
Global ID = 20 | from: EMNIST: 'A'
Global ID = 21 | from: EMNIST: 'B'
Global ID = 22 | from: EMNIST: 'C'
Global ID = 23 | from: EMNIST: 'D'
Global ID = 24 | from: EMNIST: 'E'
Global ID = 25 | from: EMNIST: 'F'
Global ID = 26 | from: EMNIST: 'G'
Global ID = 27 | from: EMNIST: 'H'
Global ID = 28 | from: EMNIST: 'I'
Global ID = 29 | from: EMNIST: 'J'
Global ID = 30 | from: EMNIST: 'K'
Global ID = 31 | from: EMNIST: 'L'
Global ID = 32 | from: EMNIST: 'M'
Global ID = 33 | from: EMNIST: 'N'
Global ID = 34 | from: EMNIST: 'O'
Global ID = 35 | from: EMNIST: 'P'
Global ID = 36 | from: EMNIST: 'Q'
Global ID = 37 | from: EMNIST: 'R'
Global ID = 38 | from: EMNIST: 'S'
Global ID = 39 | from: EMNIST: 'T'
Global ID = 40 | from: EMNIST: 'U'
Global ID = 41 | from: EMNIST: 'V'
Global ID = 42 | from: EMNIST: 'W'
Global ID = 43 | from: EMNIST: 'X'
Global ID = 44 | from: EMNIST: 'Y'
Global ID = 45 | from: EMNIST: 'Z'
Global ID = 46 | from: EMNIST: 'a'
Global ID = 47 | from: EMNIST: 'b'
Global ID = 48 | from: EMNIST: 'c'
Global ID = 49 | from: EMNIST: 'd'
Global ID = 50 | from: EMNIST: 'e'
Global ID = 51 | from: EMNIST: 'f'
Global ID = 52 | from: EMNIST: 'g'
Global ID = 53 | from: EMNIST: 'h'
Global ID = 54 | from: EMNIST: 'i'
Global ID = 55 | from: EMNIST: 'j'
Global ID = 56 | from: EMNIST: 'k'
Global ID = 57 | from: EMNIST: 'l'
Global ID = 58 | from: EMNIST: 'm'
Global ID = 59 | from: EMNIST: 'n'
Global ID = 60 | from: EMNIST: 'o'
Global ID = 61 | from: EMNIST: 'p'
Global ID = 62 | from: EMNIST: 'q'
Global ID = 63 | from: EMNIST: 'r'
Global ID = 64 | from: EMNIST: 's'
Global ID = 65 | from: EMNIST: 't'
Global ID = 66 | from: EMNIST: 'u'
Global ID = 67 | from: EMNIST: 'v'
Global ID = 68 | from: EMNIST: 'w'
Global ID = 69 | from: EMNIST: 'x'
Global ID = 70 | from: EMNIST: 'y'
Global ID = 71 | from: EMNIST: 'z'
Global ID = 72 | from: CIFAR10: 'airplane'
Global ID = 73 | from: CIFAR10: 'automobile'
Global ID = 74 | from: CIFAR10: 'bird'
Global ID = 75 | from: CIFAR10: 'cat'
Global ID = 76 | from: CIFAR10: 'deer'
Global ID = 77 | from: CIFAR10: 'dog'
Global ID = 78 | from: CIFAR10: 'frog'
Global ID = 79 | from: CIFAR10: 'horse'
Global ID = 80 | from: CIFAR10: 'ship'
Global ID = 81 | from: CIFAR10: 'truck'
==================================================

Initializing Global Inference Model with 82 classes...
Epoch 0 Loss: 2.4934
Epoch 1 Loss: 1.0427
Epoch 2 Loss: 0.7989
Epoch 3 Loss: 0.6617
Epoch 4 Loss: 0.5825
[Server] Global Inference Model Acc (MNIST) (Round 20): 82.83% (Tested on 9095 samples)
[Server] Global Inference Model Acc (EMNIST) (Round 20): 50.38% (Tested on 105779 samples)
[Server] Global Inference Model Acc (CIFAR10) (Round 20): 29.56% (Tested on 9100 samples)
[Server] Global Inference Model Acc (Mix) (Round 20): 51.23% (Tested on 123974 samples)
Selected client ids: [0, 1, 2, 3, 4, 5, 6, 7, 8, 9, 10, 11, 12, 13, 14, 15, 16, 17, 18, 19, 20, 21, 22, 23, 24, 25, 26, 27, 28, 29]
--- Round 21 ---
Client 0 (MNIST) | Target Loss: 0.0000 | DDPM Loss: 0.0107
Client 1 (MNIST) | Target Loss: 0.0000 | DDPM Loss: 0.0105
Client 2 (MNIST) | Target Loss: 0.0000 | DDPM Loss: 0.0108
Client 3 (MNIST) | Target Loss: 0.0000 | DDPM Loss: 0.0106
Client 4 (MNIST) | Target Loss: 0.0000 | DDPM Loss: 0.0105
Client 5 (MNIST) | Target Loss: 0.0000 | DDPM Loss: 0.0105
Client 6 (MNIST) | Target Loss: 0.0000 | DDPM Loss: 0.0104
Client 7 (MNIST) | Target Loss: 0.0000 | DDPM Loss: 0.0104
Client 8 (MNIST) | Target Loss: 0.0000 | DDPM Loss: 0.0107
Client 9 (MNIST) | Target Loss: 0.0000 | DDPM Loss: 0.0106
Client 11 (EMNIST) | Target Loss: 0.0000 | DDPM Loss: 0.0087
Client 12 (EMNIST) | Target Loss: 0.0000 | DDPM Loss: 0.0086
Client 13 (EMNIST) | Target Loss: 0.0000 | DDPM Loss: 0.0087
Client 14 (EMNIST) | Target Loss: 0.0000 | DDPM Loss: 0.0087
Client 15 (EMNIST) | Target Loss: 0.0000 | DDPM Loss: 0.0086
Client 16 (EMNIST) | Target Loss: 0.0000 | DDPM Loss: 0.0086
Client 17 (EMNIST) | Target Loss: 0.0000 | DDPM Loss: 0.0087
Client 18 (EMNIST) | Target Loss: 0.0000 | DDPM Loss: 0.0086
Client 19 (EMNIST) | Target Loss: 0.0000 | DDPM Loss: 0.0087
Client 20 (EMNIST) | Target Loss: 0.0000 | DDPM Loss: 0.0087
Client 22 (CIFAR10) | Target Loss: 0.0000 | DDPM Loss: 0.0462
Client 23 (CIFAR10) | Target Loss: 0.0000 | DDPM Loss: 0.0472
Client 24 (CIFAR10) | Target Loss: 0.0000 | DDPM Loss: 0.0466
Client 25 (CIFAR10) | Target Loss: 0.0000 | DDPM Loss: 0.0464
Client 26 (CIFAR10) | Target Loss: 0.0000 | DDPM Loss: 0.0461
Client 27 (CIFAR10) | Target Loss: 0.0000 | DDPM Loss: 0.0451
Client 28 (CIFAR10) | Target Loss: 0.0000 | DDPM Loss: 0.0460
Client 29 (CIFAR10) | Target Loss: 0.0000 | DDPM Loss: 0.0464
Client 30 (CIFAR10) | Target Loss: 0.0000 | DDPM Loss: 0.0469
Client 31 (CIFAR10) | Target Loss: 0.0000 | DDPM Loss: 0.0465
Epoch 0 Loss: 0.6368
Epoch 1 Loss: 0.5473
Epoch 2 Loss: 0.4843
Epoch 3 Loss: 0.4563
Epoch 4 Loss: 0.4212
[Server] Global Inference Model Acc (MNIST) (Round 21): 84.18% (Tested on 9095 samples)
[Server] Global Inference Model Acc (EMNIST) (Round 21): 65.28% (Tested on 105779 samples)
[Server] Global Inference Model Acc (CIFAR10) (Round 21): 33.98% (Tested on 9100 samples)
[Server] Global Inference Model Acc (Mix) (Round 21): 64.37% (Tested on 123974 samples)
Selected client ids: [0, 1, 2, 3, 4, 5, 6, 7, 8, 9, 10, 11, 12, 13, 14, 15, 16, 17, 18, 19, 20, 21, 22, 23, 24, 25, 26, 27, 28, 29]
--- Round 22 ---
Client 0 (MNIST) | Target Loss: 0.0000 | DDPM Loss: 0.0104
Client 1 (MNIST) | Target Loss: 0.0000 | DDPM Loss: 0.0104
Client 2 (MNIST) | Target Loss: 0.0000 | DDPM Loss: 0.0106
Client 3 (MNIST) | Target Loss: 0.0000 | DDPM Loss: 0.0106
Client 4 (MNIST) | Target Loss: 0.0000 | DDPM Loss: 0.0105
Client 5 (MNIST) | Target Loss: 0.0000 | DDPM Loss: 0.0105
Client 6 (MNIST) | Target Loss: 0.0000 | DDPM Loss: 0.0106
Client 7 (MNIST) | Target Loss: 0.0000 | DDPM Loss: 0.0103
Client 8 (MNIST) | Target Loss: 0.0000 | DDPM Loss: 0.0104
Client 9 (MNIST) | Target Loss: 0.0000 | DDPM Loss: 0.0106
Client 11 (EMNIST) | Target Loss: 0.0000 | DDPM Loss: 0.0087
Client 12 (EMNIST) | Target Loss: 0.0000 | DDPM Loss: 0.0086
Client 13 (EMNIST) | Target Loss: 0.0000 | DDPM Loss: 0.0087
Client 14 (EMNIST) | Target Loss: 0.0000 | DDPM Loss: 0.0086
Client 15 (EMNIST) | Target Loss: 0.0000 | DDPM Loss: 0.0086
Client 16 (EMNIST) | Target Loss: 0.0000 | DDPM Loss: 0.0085
Client 17 (EMNIST) | Target Loss: 0.0000 | DDPM Loss: 0.0086
Client 18 (EMNIST) | Target Loss: 0.0000 | DDPM Loss: 0.0086
Client 19 (EMNIST) | Target Loss: 0.0000 | DDPM Loss: 0.0086
Client 20 (EMNIST) | Target Loss: 0.0000 | DDPM Loss: 0.0087
Client 22 (CIFAR10) | Target Loss: 0.0000 | DDPM Loss: 0.0462
Client 23 (CIFAR10) | Target Loss: 0.0000 | DDPM Loss: 0.0470
Client 24 (CIFAR10) | Target Loss: 0.0000 | DDPM Loss: 0.0460
Client 25 (CIFAR10) | Target Loss: 0.0000 | DDPM Loss: 0.0462
Client 26 (CIFAR10) | Target Loss: 0.0000 | DDPM Loss: 0.0454
Client 27 (CIFAR10) | Target Loss: 0.0000 | DDPM Loss: 0.0457
Client 28 (CIFAR10) | Target Loss: 0.0000 | DDPM Loss: 0.0452
Client 29 (CIFAR10) | Target Loss: 0.0000 | DDPM Loss: 0.0460
Client 30 (CIFAR10) | Target Loss: 0.0000 | DDPM Loss: 0.0464
Client 31 (CIFAR10) | Target Loss: 0.0000 | DDPM Loss: 0.0458
Epoch 0 Loss: 0.5433
Epoch 1 Loss: 0.4613
Epoch 2 Loss: 0.4041
Epoch 3 Loss: 0.3754
Epoch 4 Loss: 0.3490
[Server] Global Inference Model Acc (MNIST) (Round 22): 87.96% (Tested on 9095 samples)
[Server] Global Inference Model Acc (EMNIST) (Round 22): 72.92% (Tested on 105779 samples)
[Server] Global Inference Model Acc (CIFAR10) (Round 22): 39.80% (Tested on 9100 samples)
[Server] Global Inference Model Acc (Mix) (Round 22): 71.60% (Tested on 123974 samples)
Selected client ids: [0, 1, 2, 3, 4, 5, 6, 7, 8, 9, 10, 11, 12, 13, 14, 15, 16, 17, 18, 19, 20, 21, 22, 23, 24, 25, 26, 27, 28, 29]
--- Round 23 ---
Client 0 (MNIST) | Target Loss: 0.0000 | DDPM Loss: 0.0107
Client 1 (MNIST) | Target Loss: 0.0000 | DDPM Loss: 0.0101
Client 2 (MNIST) | Target Loss: 0.0000 | DDPM Loss: 0.0104
Client 3 (MNIST) | Target Loss: 0.0000 | DDPM Loss: 0.0104
Client 4 (MNIST) | Target Loss: 0.0000 | DDPM Loss: 0.0105
Client 5 (MNIST) | Target Loss: 0.0000 | DDPM Loss: 0.0103
Client 6 (MNIST) | Target Loss: 0.0000 | DDPM Loss: 0.0102
Client 7 (MNIST) | Target Loss: 0.0000 | DDPM Loss: 0.0103
Client 8 (MNIST) | Target Loss: 0.0000 | DDPM Loss: 0.0105
Client 9 (MNIST) | Target Loss: 0.0000 | DDPM Loss: 0.0106
Client 11 (EMNIST) | Target Loss: 0.0000 | DDPM Loss: 0.0086
Client 12 (EMNIST) | Target Loss: 0.0000 | DDPM Loss: 0.0086
Client 13 (EMNIST) | Target Loss: 0.0000 | DDPM Loss: 0.0086
Client 14 (EMNIST) | Target Loss: 0.0000 | DDPM Loss: 0.0086
Client 15 (EMNIST) | Target Loss: 0.0000 | DDPM Loss: 0.0086
Client 16 (EMNIST) | Target Loss: 0.0000 | DDPM Loss: 0.0085
Client 17 (EMNIST) | Target Loss: 0.0000 | DDPM Loss: 0.0086
Client 18 (EMNIST) | Target Loss: 0.0000 | DDPM Loss: 0.0086
Client 19 (EMNIST) | Target Loss: 0.0000 | DDPM Loss: 0.0086
Client 20 (EMNIST) | Target Loss: 0.0000 | DDPM Loss: 0.0087
Client 22 (CIFAR10) | Target Loss: 0.0000 | DDPM Loss: 0.0468
Client 23 (CIFAR10) | Target Loss: 0.0000 | DDPM Loss: 0.0466
Client 24 (CIFAR10) | Target Loss: 0.0000 | DDPM Loss: 0.0464
Client 25 (CIFAR10) | Target Loss: 0.0000 | DDPM Loss: 0.0459
Client 26 (CIFAR10) | Target Loss: 0.0000 | DDPM Loss: 0.0457
Client 27 (CIFAR10) | Target Loss: 0.0000 | DDPM Loss: 0.0458
Client 28 (CIFAR10) | Target Loss: 0.0000 | DDPM Loss: 0.0450
Client 29 (CIFAR10) | Target Loss: 0.0000 | DDPM Loss: 0.0468
Client 30 (CIFAR10) | Target Loss: 0.0000 | DDPM Loss: 0.0477
Client 31 (CIFAR10) | Target Loss: 0.0000 | DDPM Loss: 0.0459
Epoch 0 Loss: 0.5070
Epoch 1 Loss: 0.4178
Epoch 2 Loss: 0.3593
Epoch 3 Loss: 0.3401
Epoch 4 Loss: 0.3298
[Server] Global Inference Model Acc (MNIST) (Round 23): 90.93% (Tested on 9095 samples)
[Server] Global Inference Model Acc (EMNIST) (Round 23): 69.74% (Tested on 105779 samples)
[Server] Global Inference Model Acc (CIFAR10) (Round 23): 39.99% (Tested on 9100 samples)
[Server] Global Inference Model Acc (Mix) (Round 23): 69.11% (Tested on 123974 samples)
Selected client ids: [0, 1, 2, 3, 4, 5, 6, 7, 8, 9, 10, 11, 12, 13, 14, 15, 16, 17, 18, 19, 20, 21, 22, 23, 24, 25, 26, 27, 28, 29]
--- Round 24 ---
Client 0 (MNIST) | Target Loss: 0.0000 | DDPM Loss: 0.0104
Client 1 (MNIST) | Target Loss: 0.0000 | DDPM Loss: 0.0103
Client 2 (MNIST) | Target Loss: 0.0000 | DDPM Loss: 0.0105
Client 3 (MNIST) | Target Loss: 0.0000 | DDPM Loss: 0.0103
Client 4 (MNIST) | Target Loss: 0.0000 | DDPM Loss: 0.0104
Client 5 (MNIST) | Target Loss: 0.0000 | DDPM Loss: 0.0103
Client 6 (MNIST) | Target Loss: 0.0000 | DDPM Loss: 0.0102
Client 7 (MNIST) | Target Loss: 0.0000 | DDPM Loss: 0.0102
Client 8 (MNIST) | Target Loss: 0.0000 | DDPM Loss: 0.0105
Client 9 (MNIST) | Target Loss: 0.0000 | DDPM Loss: 0.0105
Client 11 (EMNIST) | Target Loss: 0.0000 | DDPM Loss: 0.0086
Client 12 (EMNIST) | Target Loss: 0.0000 | DDPM Loss: 0.0086
Client 13 (EMNIST) | Target Loss: 0.0000 | DDPM Loss: 0.0086
Client 14 (EMNIST) | Target Loss: 0.0000 | DDPM Loss: 0.0086
Client 15 (EMNIST) | Target Loss: 0.0000 | DDPM Loss: 0.0085
Client 16 (EMNIST) | Target Loss: 0.0000 | DDPM Loss: 0.0085
Client 17 (EMNIST) | Target Loss: 0.0000 | DDPM Loss: 0.0086
Client 18 (EMNIST) | Target Loss: 0.0000 | DDPM Loss: 0.0086
Client 19 (EMNIST) | Target Loss: 0.0000 | DDPM Loss: 0.0086
Client 20 (EMNIST) | Target Loss: 0.0000 | DDPM Loss: 0.0086
Client 22 (CIFAR10) | Target Loss: 0.0000 | DDPM Loss: 0.0455
Client 23 (CIFAR10) | Target Loss: 0.0000 | DDPM Loss: 0.0478
Client 24 (CIFAR10) | Target Loss: 0.0000 | DDPM Loss: 0.0456
Client 25 (CIFAR10) | Target Loss: 0.0000 | DDPM Loss: 0.0453
Client 26 (CIFAR10) | Target Loss: 0.0000 | DDPM Loss: 0.0455
Client 27 (CIFAR10) | Target Loss: 0.0000 | DDPM Loss: 0.0455
Client 28 (CIFAR10) | Target Loss: 0.0000 | DDPM Loss: 0.0454
Client 29 (CIFAR10) | Target Loss: 0.0000 | DDPM Loss: 0.0453
Client 30 (CIFAR10) | Target Loss: 0.0000 | DDPM Loss: 0.0460
Client 31 (CIFAR10) | Target Loss: 0.0000 | DDPM Loss: 0.0458
Epoch 0 Loss: 0.4501
Epoch 1 Loss: 0.3536
Epoch 2 Loss: 0.3196
Epoch 3 Loss: 0.2986
Epoch 4 Loss: 0.2651
[Server] Global Inference Model Acc (MNIST) (Round 24): 93.83% (Tested on 9095 samples)
[Server] Global Inference Model Acc (EMNIST) (Round 24): 72.31% (Tested on 105779 samples)
[Server] Global Inference Model Acc (CIFAR10) (Round 24): 38.31% (Tested on 9100 samples)
[Server] Global Inference Model Acc (Mix) (Round 24): 71.39% (Tested on 123974 samples)
Selected client ids: [0, 1, 2, 3, 4, 5, 6, 7, 8, 9, 10, 11, 12, 13, 14, 15, 16, 17, 18, 19, 20, 21, 22, 23, 24, 25, 26, 27, 28, 29]
--- Round 25 ---
Client 0 (MNIST) | Target Loss: 0.0000 | DDPM Loss: 0.0103
Client 1 (MNIST) | Target Loss: 0.0000 | DDPM Loss: 0.0101
Client 2 (MNIST) | Target Loss: 0.0000 | DDPM Loss: 0.0104
Client 3 (MNIST) | Target Loss: 0.0000 | DDPM Loss: 0.0102
Client 4 (MNIST) | Target Loss: 0.0000 | DDPM Loss: 0.0103
Client 5 (MNIST) | Target Loss: 0.0000 | DDPM Loss: 0.0101
Client 6 (MNIST) | Target Loss: 0.0000 | DDPM Loss: 0.0103
Client 7 (MNIST) | Target Loss: 0.0000 | DDPM Loss: 0.0101
Client 8 (MNIST) | Target Loss: 0.0000 | DDPM Loss: 0.0105
Client 9 (MNIST) | Target Loss: 0.0000 | DDPM Loss: 0.0103
