Time: 2026-05-13 10:39:24
Log Dir: /home/unshun/multi-FL/logs/2026-05-11_18-56-10/Ours_GeFL/new_client_2026-05-13_10-39-24/our_finetune_global_single_dataset
================================================================================
============================== New Client: our_finetune_global ==============================
  Target Model: logs/2026-05-11_18-56-10/Ours_GeFL/server_checkpoints.pth
  Dataset Mode: single
  Output Dir:   /home/unshun/multi-FL/logs/2026-05-11_18-56-10/Ours_GeFL/new_client_2026-05-13_10-39-24/our_finetune_global_single_dataset
================================================================================
[Init] Server Global Model parameters from: logs/2026-05-11_18-56-10/Ours_GeFL/server_global_model.pth

==================================================
Dataset: MNIST | Client ID: 10
==================================================

  [ResNet18] Training...
    Epoch 0 | Acc: 95.58%
    Epoch 1/30 | CE Loss: 0.2816 | Acc: 96.13%
    Epoch 2/30 | CE Loss: 0.0853 | Acc: 95.91%
    Epoch 3/30 | CE Loss: 0.0912 | Acc: 97.02%
    Epoch 4/30 | CE Loss: 0.0859 | Acc: 96.02%
    Epoch 5/30 | CE Loss: 0.0667 | Acc: 98.01%
    Epoch 6/30 | CE Loss: 0.0295 | Acc: 97.68%
    Epoch 7/30 | CE Loss: 0.0435 | Acc: 97.79%
    Epoch 8/30 | CE Loss: 0.0371 | Acc: 97.46%
    Epoch 9/30 | CE Loss: 0.0314 | Acc: 97.57%
    Epoch 10/30 | CE Loss: 0.0104 | Acc: 96.13%
    Epoch 11/30 | CE Loss: 0.0211 | Acc: 98.67%
    Epoch 12/30 | CE Loss: 0.0164 | Acc: 98.01%
    Epoch 13/30 | CE Loss: 0.0163 | Acc: 98.12%
    Epoch 14/30 | CE Loss: 0.0217 | Acc: 98.45%
    Epoch 15/30 | CE Loss: 0.0125 | Acc: 98.12%
    Epoch 16/30 | CE Loss: 0.0232 | Acc: 95.80%
    Epoch 17/30 | CE Loss: 0.0612 | Acc: 97.24%
    Epoch 18/30 | CE Loss: 0.0188 | Acc: 98.34%
    Epoch 19/30 | CE Loss: 0.0130 | Acc: 98.12%
    Epoch 20/30 | CE Loss: 0.0032 | Acc: 98.67%
    Epoch 21/30 | CE Loss: 0.0086 | Acc: 98.56%
    Epoch 22/30 | CE Loss: 0.0005 | Acc: 98.45%
    Epoch 23/30 | CE Loss: 0.0003 | Acc: 98.56%
    Epoch 24/30 | CE Loss: 0.0089 | Acc: 97.90%
    Epoch 25/30 | CE Loss: 0.0046 | Acc: 98.12%
    Epoch 26/30 | CE Loss: 0.0177 | Acc: 97.90%
    Epoch 27/30 | CE Loss: 0.0334 | Acc: 96.57%
    Epoch 28/30 | CE Loss: 0.0801 | Acc: 95.36%
    Epoch 29/30 | CE Loss: 0.0153 | Acc: 98.01%
    Epoch 30/30 | CE Loss: 0.0134 | Acc: 98.01%
Accuracy history saved to /home/unshun/multi-FL/logs/2026-05-11_18-56-10/Ours_GeFL/new_client_2026-05-13_10-39-24/our_finetune_global_single_dataset/MNIST_newclient_history.csv

==================================================
Dataset: FashionMNIST | Client ID: 21
==================================================

  [ResNet18] Training...
    Epoch 0 | Acc: 80.67%
    Epoch 1/30 | CE Loss: 0.6219 | Acc: 80.89%
    Epoch 2/30 | CE Loss: 0.3816 | Acc: 85.44%
    Epoch 3/30 | CE Loss: 0.3042 | Acc: 86.44%
    Epoch 4/30 | CE Loss: 0.2556 | Acc: 80.78%
    Epoch 5/30 | CE Loss: 0.2214 | Acc: 83.44%
    Epoch 6/30 | CE Loss: 0.2153 | Acc: 85.11%
    Epoch 7/30 | CE Loss: 0.1671 | Acc: 86.44%
    Epoch 8/30 | CE Loss: 0.1410 | Acc: 82.56%
    Epoch 9/30 | CE Loss: 0.0955 | Acc: 86.00%
    Epoch 10/30 | CE Loss: 0.1133 | Acc: 83.44%
    Epoch 11/30 | CE Loss: 0.1202 | Acc: 86.11%
    Epoch 12/30 | CE Loss: 0.0658 | Acc: 87.44%
    Epoch 13/30 | CE Loss: 0.0314 | Acc: 86.67%
    Epoch 14/30 | CE Loss: 0.0512 | Acc: 85.89%
    Epoch 15/30 | CE Loss: 0.0484 | Acc: 86.00%
    Epoch 16/30 | CE Loss: 0.0788 | Acc: 87.67%
    Epoch 17/30 | CE Loss: 0.1136 | Acc: 83.33%
    Epoch 18/30 | CE Loss: 0.0533 | Acc: 86.11%
    Epoch 19/30 | CE Loss: 0.0525 | Acc: 86.44%
    Epoch 20/30 | CE Loss: 0.0729 | Acc: 86.67%
    Epoch 21/30 | CE Loss: 0.0248 | Acc: 85.67%
    Epoch 22/30 | CE Loss: 0.0241 | Acc: 85.56%
    Epoch 23/30 | CE Loss: 0.0572 | Acc: 86.67%
    Epoch 24/30 | CE Loss: 0.0916 | Acc: 85.67%
    Epoch 25/30 | CE Loss: 0.0237 | Acc: 85.78%
    Epoch 26/30 | CE Loss: 0.0200 | Acc: 85.89%
    Epoch 27/30 | CE Loss: 0.0256 | Acc: 87.11%
    Epoch 28/30 | CE Loss: 0.0100 | Acc: 87.56%
    Epoch 29/30 | CE Loss: 0.0080 | Acc: 88.67%
    Epoch 30/30 | CE Loss: 0.0049 | Acc: 88.22%
Accuracy history saved to /home/unshun/multi-FL/logs/2026-05-11_18-56-10/Ours_GeFL/new_client_2026-05-13_10-39-24/our_finetune_global_single_dataset/FashionMNIST_newclient_history.csv

==================================================
Dataset: EMNIST | Client ID: 32
==================================================

  [ResNet18] Training...
    Epoch 0 | Acc: 52.21%
    Epoch 1/30 | CE Loss: 0.6208 | Acc: 82.72%
    Epoch 2/30 | CE Loss: 0.4640 | Acc: 83.40%
    Epoch 3/30 | CE Loss: 0.4253 | Acc: 83.29%
    Epoch 4/30 | CE Loss: 0.3980 | Acc: 85.88%
    Epoch 5/30 | CE Loss: 0.3810 | Acc: 84.08%
    Epoch 6/30 | CE Loss: 0.3593 | Acc: 85.02%
    Epoch 7/30 | CE Loss: 0.3421 | Acc: 84.34%
    Epoch 8/30 | CE Loss: 0.3290 | Acc: 85.40%
    Epoch 9/30 | CE Loss: 0.3090 | Acc: 85.46%
    Epoch 10/30 | CE Loss: 0.2965 | Acc: 85.61%
    Epoch 11/30 | CE Loss: 0.2770 | Acc: 85.61%
    Epoch 12/30 | CE Loss: 0.2649 | Acc: 85.17%
    Epoch 13/30 | CE Loss: 0.2417 | Acc: 85.40%
    Epoch 14/30 | CE Loss: 0.2254 | Acc: 85.36%
    Epoch 15/30 | CE Loss: 0.2096 | Acc: 83.30%
    Epoch 16/30 | CE Loss: 0.1897 | Acc: 84.17%
    Epoch 17/30 | CE Loss: 0.1653 | Acc: 83.43%
    Epoch 18/30 | CE Loss: 0.1451 | Acc: 83.98%
    Epoch 19/30 | CE Loss: 0.1270 | Acc: 83.68%
    Epoch 20/30 | CE Loss: 0.1111 | Acc: 83.50%
    Epoch 21/30 | CE Loss: 0.0929 | Acc: 84.05%
    Epoch 22/30 | CE Loss: 0.0849 | Acc: 83.30%
    Epoch 23/30 | CE Loss: 0.0755 | Acc: 83.23%
    Epoch 24/30 | CE Loss: 0.0622 | Acc: 83.32%
    Epoch 25/30 | CE Loss: 0.0600 | Acc: 84.31%
    Epoch 26/30 | CE Loss: 0.0478 | Acc: 83.46%
    Epoch 27/30 | CE Loss: 0.0436 | Acc: 83.55%
    Epoch 28/30 | CE Loss: 0.0404 | Acc: 82.89%
    Epoch 29/30 | CE Loss: 0.0365 | Acc: 82.85%
    Epoch 30/30 | CE Loss: 0.0364 | Acc: 82.81%
Accuracy history saved to /home/unshun/multi-FL/logs/2026-05-11_18-56-10/Ours_GeFL/new_client_2026-05-13_10-39-24/our_finetune_global_single_dataset/EMNIST_newclient_history.csv

============================== Finished. Total Time: 0:14:09 ==============================
